Julia=1.13.1 ODEPE=1.1.0-DEV
GaussianProcesses=0.12.6
AbstractGPs=0.5.24
Optim=2.3.2
Nemo=0.56.2
StructuralIdentifiability=0.5.34
case,method,n,noise,pred_rmse,jet1_rmse,fit_seconds,status
LinearAlgebra.PosDefException(17)
LinearAlgebra.PosDefException(31)
LinearAlgebra.PosDefException(12)
LinearAlgebra.PosDefException(21)
LinearAlgebra.PosDefException(6)
LinearAlgebra.PosDefException(9)
LinearAlgebra.PosDefException(7)
LinearAlgebra.PosDefException(8)
LinearAlgebra.PosDefException(9)
LinearAlgebra.PosDefException(14)
LinearAlgebra.PosDefException(9)
LinearAlgebra.PosDefException(12)
smooth_clean,gp,41,0,2.05806e-09,2.68485e-08,1.348,ok
smooth_clean,agp_se,41,0,1.90468e-08,2.06038e-07,0.990,ok
smooth_clean,agp_uq,41,0,9.13715e-09,1.13958e-07,0.409,ok
smooth_noisy,gp,41,0.03,0.0127323,0.0459125,0.002,ok
smooth_noisy,agp_se,41,0.03,0.0127323,0.0459125,0.006,ok
smooth_noisy,agp_uq,41,0.03,0.0127323,0.0459125,0.020,ok
mixed_scale,gp,61,0.01,0.0038012,0.0327453,0.002,ok
mixed_scale,agp_se,61,0.01,0.0038012,0.0327453,0.015,ok
mixed_scale,agp_uq,61,0.01,0.0038012,0.0327453,0.028,ok
transient,gp,41,0.01,0.00762634,0.023985,0.003,ok
transient,agp_se,41,0.01,0.00762634,0.023985,0.006,ok
transient,agp_uq,41,0.01,0.00762634,0.023985,0.019,ok
