IMPORT_PROBE phase=before_import julia=1.12.6 pid=3
Precompiling packages...
Info Given ODEParameterEstimation was explicitly requested, output will be shown live [0K
[0KERROR: LoadError: ArgumentError: Package ModelingToolkit [961ee093-0014-501f-94e3-6117800e7a78] is required but does not seem to be installed:
[0K - Run `Pkg.instantiate()` to install all recorded dependencies.
[0K
[0KStacktrace:
[0K  [1] __require_prelocked(pkg::Base.PkgId, env::String)
[0K    @ Base ./loading.jl:2617
[0K  [2] _require_prelocked(uuidkey::Base.PkgId, env::String)
[0K    @ Base ./loading.jl:2495
[0K  [3] macro expansion
[0K    @ ./loading.jl:2423 [inlined]
[0K  [4] macro expansion
[0K    @ ./lock.jl:376 [inlined]
[0K  [5] __require(into::Module, mod::Symbol)
[0K    @ Base ./loading.jl:2388
[0K  [6] require(into::Module, mod::Symbol)
[0K    @ Base ./loading.jl:2364
[0K  [7] top-level scope
[0K    @ /tmp/odepe-seir-baseline-20260723/ODEParameterEstimation/src/ODEParameterEstimation.jl:3
[0K  [8] include(mod::Module, _path::String)
[0K    @ Base ./Base.jl:306
[0K  [9] include_package_for_output(pkg::Base.PkgId, input::String, depot_path::Vector{String}, dl_load_path::Vector{String}, load_path::Vector{String}, concrete_deps::Vector{Pair{Base.PkgId, UInt128}}, source::Nothing)
[0K    @ Base ./loading.jl:3028
[0K [10] top-level scope
[0K    @ stdin:5
[0K [11] eval(m::Module, e::Any)
[0K    @ Core ./boot.jl:489
[0K [12] include_string(mapexpr::typeof(identity), mod::Module, code::String, filename::String)
[0K    @ Base ./loading.jl:2874
[0K [13] include_string
[0K    @ ./loading.jl:2884 [inlined]
[0K [14] exec_options(opts::Base.JLOptions)
[0K    @ Base ./client.jl:315
[0K [15] _start()
[0K    @ Base ./client.jl:550
[0Kin expression starting at /tmp/odepe-seir-baseline-20260723/ODEParameterEstimation/src/ODEParameterEstimation.jl:1
[0Kin expression starting at stdin:5
              ✗ ODEParameterEstimation (serial)
  0 dependencies successfully precompiled in 1 seconds

ERROR: LoadError: The following 1 direct dependency failed to precompile:

ODEParameterEstimation 

Failed to precompile ODEParameterEstimation [482fc905-5656-4c69-b8fe-7a66cd0f77b3] to "/tmp/odepe-precompile-before-depot-20260723/compiled/v1.12/ODEParameterEstimation/jl_wWgEpx".
ERROR: LoadError: ArgumentError: Package ModelingToolkit [961ee093-0014-501f-94e3-6117800e7a78] is required but does not seem to be installed:
 - Run `Pkg.instantiate()` to install all recorded dependencies.

Stacktrace:
  [1] __require_prelocked(pkg::Base.PkgId, env::String)
    @ Base ./loading.jl:2617
  [2] _require_prelocked(uuidkey::Base.PkgId, env::String)
    @ Base ./loading.jl:2495
  [3] macro expansion
    @ ./loading.jl:2423 [inlined]
  [4] macro expansion
    @ ./lock.jl:376 [inlined]
  [5] __require(into::Module, mod::Symbol)
    @ Base ./loading.jl:2388
  [6] require(into::Module, mod::Symbol)
    @ Base ./loading.jl:2364
  [7] top-level scope
    @ /tmp/odepe-seir-baseline-20260723/ODEParameterEstimation/src/ODEParameterEstimation.jl:3
  [8] include(mod::Module, _path::String)
    @ Base ./Base.jl:306
  [9] include_package_for_output(pkg::Base.PkgId, input::String, depot_path::Vector{String}, dl_load_path::Vector{String}, load_path::Vector{String}, concrete_deps::Vector{Pair{Base.PkgId, UInt128}}, source::Nothing)
    @ Base ./loading.jl:3028
 [10] top-level scope
    @ stdin:5
 [11] eval(m::Module, e::Any)
    @ Core ./boot.jl:489
 [12] include_string(mapexpr::typeof(identity), mod::Module, code::String, filename::String)
    @ Base ./loading.jl:2874
 [13] include_string
    @ ./loading.jl:2884 [inlined]
 [14] exec_options(opts::Base.JLOptions)
    @ Base ./client.jl:315
 [15] _start()
    @ Base ./client.jl:550
in expression starting at /tmp/odepe-seir-baseline-20260723/ODEParameterEstimation/src/ODEParameterEstimation.jl:1
in expression starting at stdin:
in expression starting at /home/orebas/.julia/dev/ODEParameterEstimation/repro/hc_threading_mwe_2026_07_22/investigation/precompile_ab/import_probe.jl:11
