COMPILECACHE_PROBE phase=before_compilecache source=/tmp/odepe-hardening-20260723/src/ODEParameterEstimation.jl
┌ Warning: attempting to remove probably stale pidfile
│   path = "/tmp/odepe-compilecache-after-overlay-20260723/compiled/v1.12/Zlib_jll/xjq3Q_WsZOY.ji.pidfile"
└ @ FileWatching.Pidfile ~/.julia/juliaup/julia-1.12.6+0.x64.linux.gnu/share/julia/stdlib/v1.12/FileWatching/src/pidfile.jl:250

[39] signal 15: Terminated
in expression starting at /home/orebas/.julia/juliaup/julia-1.12.6+0.x64.linux.gnu/share/julia/stdlib/v1.12/Downloads/src/Curl/Curl.jl:30

[12] signal 15: Terminated
in expression starting at /tmp/odepe-hardening-20260723/src/ODEParameterEstimation.jl:3
epoll_pwait at /lib/x86_64-linux-gnu/libc.so.6 (unknown line)
uv__io_poll at /workspace/srcdir/libuv/src/unix/linux.c:1404
uv_run at /workspace/srcdir/libuv/src/unix/core.c:430
ijl_task_get_next at /cache/build/builder-amdci5-4/julialang/julia-release-1-dot-12/src/scheduler.c:457
poptask at ./task.jl:1216
wait at ./task.jl:1228
#wait#398 at ./condition.jl:141
wait at ./condition.jl:136 [inlined]
_trywait at ./asyncevent.jl:185
#634 at ./asyncevent.jl:359
jfptr_YY.634_15147.1 at /home/orebas/.julia/juliaup/julia-1.12.6+0.x64.linux.gnu/lib/julia/sys.so (unknown line)
jl_apply at /cache/build/builder-amdci5-4/julialang/julia-release-1-dot-12/src/julia.h:2391 [inlined]
start_task at /cache/build/builder-amdci5-4/julialang/julia-release-1-dot-12/src/task.c:1252
unknown function (ip: (nil)) at (unknown file)
Allocations: 1 (Pool: 1; Big: 0); GC: 0
┌ Warning: attempting to remove probably stale pidfile
│   path = "/tmp/odepe-compilecache-after-overlay-20260723/compiled/v1.12/ModelingToolkit/Qmdqu_WsZOY.ji.pidfile"
└ @ FileWatching.Pidfile ~/.julia/juliaup/julia-1.12.6+0.x64.linux.gnu/share/julia/stdlib/v1.12/FileWatching/src/pidfile.jl:250
