WARNING: Imported binding StyledStrings.@styled_str was undeclared at import time during import to Markdown.
WARNING: Imported binding StyledStrings.styled was undeclared at import time during import to Markdown.
WARNING: Imported binding DomainSets.Domain was undeclared at import time during import to Symbolics.
WARNING: Imported binding OpenSpecFun_jll.libopenspecfun was undeclared at import time during import to SpecialFunctions.
WARNING: @nospecialize annotation only supported on the first 32 arguments.
WARNING: @nospecialize annotation only supported on the first 32 arguments.
WARNING: Imported binding FLINT_jll.libflint was undeclared at import time during import to Nemo.
WARNING: Imported binding PrettyTables.@crayon_str was undeclared at import time during import to TimerOutputs.
WARNING: Imported binding PrettyTables.Crayon was undeclared at import time during import to TimerOutputs.
WARNING: Imported binding SmallCollections.setindex was undeclared at import time during import to Groebner.
WARNING: Imported binding HostCPUFeatures.prevpow2 was undeclared at import time during import to VectorizationBase.
WARNING: Imported binding HostCPUFeatures.intlog2 was undeclared at import time during import to VectorizationBase.
WARNING: Imported binding HostCPUFeatures.nextpow2 was undeclared at import time during import to VectorizationBase.
WARNING: Imported binding SymEngine_jll.libsymengine was undeclared at import time during import to ModelKit.
WARNING: Imported binding OptimizationBase.AutoEnzyme was undeclared at import time during import to Optimization.
WARNING: Imported binding OptimizationBase.AutoFiniteDiff was undeclared at import time during import to Optimization.
WARNING: Imported binding OptimizationBase.AutoForwardDiff was undeclared at import time during import to Optimization.
WARNING: Imported binding OptimizationBase.AutoMooncake was undeclared at import time during import to Optimization.
WARNING: Imported binding OptimizationBase.AutoReverseDiff was undeclared at import time during import to Optimization.
WARNING: Imported binding OptimizationBase.AutoSparse was undeclared at import time during import to Optimization.
WARNING: Imported binding OptimizationBase.AutoSymbolics was undeclared at import time during import to Optimization.
WARNING: Imported binding OptimizationBase.AutoTracker was undeclared at import time during import to Optimization.
WARNING: Imported binding OptimizationBase.AutoZygote was undeclared at import time during import to Optimization.
WARNING: Imported binding OptimizationBase.EnsembleDistributed was undeclared at import time during import to Optimization.
WARNING: Imported binding OptimizationBase.EnsembleProblem was undeclared at import time during import to Optimization.
WARNING: Imported binding OptimizationBase.EnsembleSerial was undeclared at import time during import to Optimization.
WARNING: Imported binding OptimizationBase.EnsembleThreads was undeclared at import time during import to Optimization.
WARNING: Imported binding OptimizationBase.MultiObjectiveOptimizationFunction was undeclared at import time during import to Optimization.
WARNING: Imported binding OptimizationBase.NoAD was undeclared at import time during import to Optimization.
WARNING: Imported binding OptimizationBase.OptimizationFunction was undeclared at import time during import to Optimization.
WARNING: Imported binding OptimizationBase.OptimizationProblem was undeclared at import time during import to Optimization.
WARNING: Imported binding OptimizationBase.OptimizationSolution was undeclared at import time during import to Optimization.
WARNING: Imported binding OptimizationBase.OptimizationStats was undeclared at import time during import to Optimization.
WARNING: Imported binding OptimizationBase.ReturnCode was undeclared at import time during import to Optimization.
WARNING: Imported binding OptimizationBase.allowsbounds was undeclared at import time during import to Optimization.
WARNING: Imported binding OptimizationBase.allowscallback was undeclared at import time during import to Optimization.
WARNING: Imported binding OptimizationBase.allowsconstraints was undeclared at import time during import to Optimization.
WARNING: Imported binding OptimizationBase.init was undeclared at import time during import to Optimization.
WARNING: Imported binding OptimizationBase.remake was undeclared at import time during import to Optimization.
WARNING: Imported binding OptimizationBase.requiresbounds was undeclared at import time during import to Optimization.
WARNING: Imported binding OptimizationBase.requiresconshess was undeclared at import time during import to Optimization.
WARNING: Imported binding OptimizationBase.requiresconsjac was undeclared at import time during import to Optimization.
WARNING: Imported binding OptimizationBase.requiresconstraints was undeclared at import time during import to Optimization.
WARNING: Imported binding OptimizationBase.requiresgradient was undeclared at import time during import to Optimization.
WARNING: Imported binding OptimizationBase.requireshessian was undeclared at import time during import to Optimization.
WARNING: Imported binding OptimizationBase.solve was undeclared at import time during import to Optimization.
WARNING: Imported binding OptimizationBase.solve! was undeclared at import time during import to Optimization.
WARNING: Imported binding OptimizationBase.successful_retcode was undeclared at import time during import to Optimization.
WARNING: Imported binding NLopt_jll.libnlopt was undeclared at import time during import to NLopt.
WARNING: Imported binding BFloat16s.BFloat16 was undeclared at import time during import to NNlib.

======================================================================================
Information request received. A stacktrace will print followed by a 5.0 second profile.
--trace-compile is enabled during profile collection.
======================================================================================

cmd: /home/orebas/.julia/juliaup/julia-1.13.0+0.x64.linux.gnu/bin/julia 3 running 1 of 1

signal (10): User defined signal 1
unknown function (ip: 0x79158b4b2727) at /usr/lib/x86_64-linux-gnu/libc.so.6
unknown function (ip: 0x79158b4b3cec) at /usr/lib/x86_64-linux-gnu/libc.so.6
_Znwm at /usr/lib/x86_64-linux-gnu/libstdc++.so.6 (unknown line)
_ZN4llvm4UsernwEmNS0_28IntrusiveOperandsAllocMarkerE at /home/orebas/.julia/juliaup/julia-1.13.0+0.x64.linux.gnu/bin/../lib/julia/libLLVM.so.20.1jl (unknown line)
_ZNK4llvm8LoadInst9cloneImplEv at /home/orebas/.julia/juliaup/julia-1.13.0+0.x64.linux.gnu/bin/../lib/julia/libLLVM.so.20.1jl (unknown line)
_ZNK4llvm11Instruction5cloneEv at /home/orebas/.julia/juliaup/julia-1.13.0+0.x64.linux.gnu/bin/../lib/julia/libLLVM.so.20.1jl (unknown line)
_ZN4llvm15CloneBasicBlockEPKNS_10BasicBlockERNS_8ValueMapIPKNS_5ValueENS_14WeakTrackingVHENS_14ValueMapConfigIS6_NS_3sys10SmartMutexILb0EEEEEEERKNS_5TwineEPNS_8FunctionEPNS_14ClonedCodeInfoE at /home/orebas/.julia/juliaup/julia-1.13.0+0.x64.linux.gnu/bin/../lib/julia/libLLVM.so.20.1jl (unknown line)
_ZN4llvm21CloneFunctionBodyIntoERNS_8FunctionERKS0_RNS_8ValueMapIPKNS_5ValueENS_14WeakTrackingVHENS_14ValueMapConfigIS7_NS_3sys10SmartMutexILb0EEEEEEENS_10RemapFlagsERNS_15SmallVectorImplIPNS_10ReturnInstEEEPKcPNS_14ClonedCodeInfoEPNS_20ValueMapTypeRemapperEPNS_17ValueMaterializerEPKNS_11SmallPtrSetIPKNS_8MetadataELj16EEE at /home/orebas/.julia/juliaup/julia-1.13.0+0.x64.linux.gnu/bin/../lib/julia/libLLVM.so.20.1jl (unknown line)
_ZN4llvm17CloneFunctionIntoEPNS_8FunctionEPKS0_RNS_8ValueMapIPKNS_5ValueENS_14WeakTrackingVHENS_14ValueMapConfigIS7_NS_3sys10SmartMutexILb0EEEEEEENS_23CloneFunctionChangeTypeERNS_15SmallVectorImplIPNS_10ReturnInstEEEPKcPNS_14ClonedCodeInfoEPNS_20ValueMapTypeRemapperEPNS_17ValueMaterializerE at /home/orebas/.julia/juliaup/julia-1.13.0+0.x64.linux.gnu/bin/../lib/julia/libLLVM.so.20.1jl (unknown line)
warning: address range table at offset 0x3900 has a premature terminator entry at offset 0x4260
warning: address range table at offset 0x3900 has a premature terminator entry at offset 0x42c0
removeAddrspaces at /cache/build/builder-amdci4-4/julialang/julia-ci/src/llvm-remove-addrspaces.cpp:357
run at /cache/build/builder-amdci4-4/julialang/julia-ci/src/llvm-remove-addrspaces.cpp:430
run at /cache/build/builder-amdci4-4/julialang/julia-ci/src/llvm-remove-addrspaces.cpp:456
run at /cache/build/builder-amdci4-4/julialang/julia-ci/usr/include/llvm/IR/PassManagerInternal.h:91
_ZN4llvm11PassManagerINS_6ModuleENS_15AnalysisManagerIS1_JEEEJEE3runERS1_RS3_ at /home/orebas/.julia/juliaup/julia-1.13.0+0.x64.linux.gnu/bin/../lib/julia/libLLVM.so.20.1jl (unknown line)
run at /cache/build/builder-amdci4-4/julialang/julia-ci/src/pipeline.cpp:792
operator() at /cache/build/builder-amdci4-4/julialang/julia-ci/src/jitlayers.cpp:1512
withModuleDo<(anonymous namespace)::sizedOptimizerT<N>::operator()(llvm::orc::ThreadSafeModule) [with long unsigned int N = 4]::<lambda(llvm::Module&)> > at /cache/build/builder-amdci4-4/julialang/julia-ci/usr/include/llvm/ExecutionEngine/Orc/ThreadSafeModule.h:136 [inlined]
operator() at /cache/build/builder-amdci4-4/julialang/julia-ci/src/jitlayers.cpp:1473 [inlined]
operator() at /cache/build/builder-amdci4-4/julialang/julia-ci/src/jitlayers.cpp:1648 [inlined]
addModule at /cache/build/builder-amdci4-4/julialang/julia-ci/src/jitlayers.cpp:2117
jl_compile_codeinst_now at /cache/build/builder-amdci4-4/julialang/julia-ci/src/jitlayers.cpp:681
jl_compile_codeinst_impl at /cache/build/builder-amdci4-4/julialang/julia-ci/src/jitlayers.cpp:875
jl_compile_method_internal at /cache/build/builder-amdci4-4/julialang/julia-ci/src/gf.c:3709
_jl_invoke at /cache/build/builder-amdci4-4/julialang/julia-ci/src/gf.c:4171 [inlined]
ijl_apply_generic at /cache/build/builder-amdci4-4/julialang/julia-ci/src/gf.c:4380
@parameters at /home/orebas/.julia/packages/ModelingToolkitBase/OIqzi/src/parameters.jl:111
jl_invoke_julia_macro at /cache/build/builder-amdci4-4/julialang/julia-ci/src/ast.c:1041
jl_expand_macros at /cache/build/builder-amdci4-4/julialang/julia-ci/src/ast.c:1103
jl_expand_macros at /cache/build/builder-amdci4-4/julialang/julia-ci/src/ast.c:1152
jl_expand_macros at /cache/build/builder-amdci4-4/julialang/julia-ci/src/ast.c:1152
jl_fl_lower at /cache/build/builder-amdci4-4/julialang/julia-ci/src/ast.c:1181
fl_lower at ./flfrontend.jl:24
jfptr_fl_lower_67919.1 at /home/orebas/.julia/juliaup/julia-1.13.0+0.x64.linux.gnu/lib/julia/sys.so (unknown line)
jl_apply at /cache/build/builder-amdci4-4/julialang/julia-ci/src/julia.h:2318 [inlined]
ijl_lower at /cache/build/builder-amdci4-4/julialang/julia-ci/src/ast.c:1245
jl_eval_toplevel_stmts at /cache/build/builder-amdci4-4/julialang/julia-ci/src/toplevel.c:581
jl_toplevel_eval_flex at /cache/build/builder-amdci4-4/julialang/julia-ci/src/toplevel.c:683
ijl_toplevel_eval at /cache/build/builder-amdci4-4/julialang/julia-ci/src/toplevel.c:754
ijl_toplevel_eval_in at /cache/build/builder-amdci4-4/julialang/julia-ci/src/toplevel.c:799
eval at ./boot.jl:489
include_string at ./loading.jl:3016
_include at ./loading.jl:3076
include at ./Base.jl:309
exec_options at ./client.jl:344
_start at ./client.jl:577
jfptr__start_59126.1 at /home/orebas/.julia/juliaup/julia-1.13.0+0.x64.linux.gnu/lib/julia/sys.so (unknown line)
jl_apply at /cache/build/builder-amdci4-4/julialang/julia-ci/src/julia.h:2318 [inlined]
true_main at /cache/build/builder-amdci4-4/julialang/julia-ci/src/jlapi.c:985
jl_repl_entrypoint at /cache/build/builder-amdci4-4/julialang/julia-ci/src/jlapi.c:1152
main at /cache/build/builder-amdci4-4/julialang/julia-ci/cli/loader_exe.c:58
unknown function (ip: 0x79158b42a600) at /usr/lib/x86_64-linux-gnu/libc.so.6
__libc_start_main at /usr/lib/x86_64-linux-gnu/libc.so.6 (unknown line)
unknown function (ip: 0x4010b8) at /workspace/srcdir/glibc-2.17/csu/../sysdeps/x86_64/start.S
unknown function (ip: (nil)) at (unknown file)

#=  226.1 ms =# precompile(Tuple{typeof(Symbolics.parse_vars), Symbol, Type, NTuple{7, Expr}})
#=   57.7 ms =# precompile(Tuple{typeof(Base.collect), Base.Generator{Array{Any, 1}, SymbolicUtils.var"#78#79"{Type{Real}}}}) # recompile
#=   81.7 ms =# precompile(Tuple{typeof(ModelingToolkitBase.toparam_validate), Symbolics.Num}) # recompile
#=   33.1 ms =# precompile(Tuple{typeof(Base.getindex), Type{Symbolics.Num}, Symbolics.Num, Symbolics.Num, Symbolics.Num, Symbolics.Num, Symbolics.Num, Vararg{Symbolics.Num}})
#=   27.7 ms =# precompile(Tuple{typeof(Base.Broadcast.broadcasted), typeof(Base.string), Array{Symbolics.Num, 1}})
#=  180.4 ms =# precompile(Tuple{typeof(Base.Broadcast.materialize), Base.Broadcast.Broadcasted{Base.Broadcast.DefaultArrayStyle{1}, Nothing, typeof(Base.string), Tuple{Array{Symbolics.Num, 1}}}})

==============================================================
Profile collected. A report will print at the next yield point.
Disabling --trace-compile
==============================================================

WARNING: Detected access to binding `Profile.peek_report` in a world prior to its definition world.
  Julia 1.12 has introduced more strict world age semantics for global bindings.
  !!! This code may malfunction under Revise.
  !!! This code will error in future versions of Julia.
Hint: Add an appropriate `invokelatest` around the access to this binding.
To make this warning an error, and hence obtain a stack trace, use `julia --depwarn=error`.
STAGE rational_rank_and_selection
STAGE materialize_polynomials
STAGE candidate_selection
STAGE complete
SELECTED [1, 2, 3, 4, 5, 6, 10, 11, 12, 14, 15, 21]
  Activating project at `/tmp/odepe-petab-pilot-env`
┌ Info: [NOISE-FRONTIER] Selected candidate
│   n_points = 9
│   max_observed_order = 3
│   mixed_volume = nothing
│   support_score = 250.088
│   solve_vars = 12
└   data_vars = 12
