
======================================================================================
Information request received. A stacktrace will print followed by a 10.0 second profile.
--trace-compile is enabled during profile collection.
======================================================================================

cmd: /home/orebas/.julia/juliaup/julia-1.13.0+0.x64.linux.gnu/bin/julia 2868264 running 1 of 1

signal (10): User defined signal 1
jl_object_id__cold at /cache/build/builder-amdci4-4/julialang/julia-ci/src/builtins.c:470
immut_id_ at /cache/build/builder-amdci4-4/julialang/julia-ci/src/builtins.c:442
ijl_object_id_ at /cache/build/builder-amdci4-4/julialang/julia-ci/src/builtins.c:510 [inlined]
jl_table_peek_bp at /cache/build/builder-amdci4-4/julialang/julia-ci/src/iddict.c:118 [inlined]
ijl_eqtable_get at /cache/build/builder-amdci4-4/julialang/julia-ci/src/iddict.c:157
get at ./iddict.jl:92 [inlined]
in at ./iddict.jl:182 [inlined]
haskey at ./abstractdict.jl:19 [inlined]
#findall#13 at ./../usr/share/julia/Compiler/src/methodtable.jl:116
findall at ./../usr/share/julia/Compiler/src/methodtable.jl:110 [inlined]
find_simple_method_matches at ./../usr/share/julia/Compiler/src/abstractinterpretation.jl:397
jfptr_find_simple_method_matches_4376.1 at /home/orebas/.julia/juliaup/julia-1.13.0+0.x64.linux.gnu/lib/julia/sys.so (unknown line)
tojlinvoke88512.1 at /home/orebas/.julia/juliaup/julia-1.13.0+0.x64.linux.gnu/lib/julia/sys.so (unknown line)
j_find_simple_method_matches_82179.1 at /home/orebas/.julia/juliaup/julia-1.13.0+0.x64.linux.gnu/lib/julia/sys.so (unknown line)
#find_method_matches#137 at ./../usr/share/julia/Compiler/src/abstractinterpretation.jl:359 [inlined]
find_method_matches at ./../usr/share/julia/Compiler/src/abstractinterpretation.jl:353 [inlined]
abstract_call_gf_by_type at ./../usr/share/julia/Compiler/src/abstractinterpretation.jl:120
abstract_call_known at ./../usr/share/julia/Compiler/src/abstractinterpretation.jl:2869
abstract_call at ./../usr/share/julia/Compiler/src/abstractinterpretation.jl:2975
abstract_call at ./../usr/share/julia/Compiler/src/abstractinterpretation.jl:2968 [inlined]
abstract_call at ./../usr/share/julia/Compiler/src/abstractinterpretation.jl:3128
abstract_eval_call at ./../usr/share/julia/Compiler/src/abstractinterpretation.jl:3146 [inlined]
abstract_eval_statement_expr at ./../usr/share/julia/Compiler/src/abstractinterpretation.jl:3502
abstract_eval_basic_statement at ./../usr/share/julia/Compiler/src/abstractinterpretation.jl:3896 [inlined]
abstract_eval_basic_statement at ./../usr/share/julia/Compiler/src/abstractinterpretation.jl:3853 [inlined]
typeinf_local at ./../usr/share/julia/Compiler/src/abstractinterpretation.jl:4402
jfptr_typeinf_local_86421.1 at /home/orebas/.julia/juliaup/julia-1.13.0+0.x64.linux.gnu/lib/julia/sys.so (unknown line)
typeinf at ./../usr/share/julia/Compiler/src/abstractinterpretation.jl:4563
typeinf_ext at ./../usr/share/julia/Compiler/src/typeinfer.jl:1404
typeinf_ext_toplevel at ./../usr/share/julia/Compiler/src/typeinfer.jl:1601 [inlined]
typeinf_ext_toplevel at ./../usr/share/julia/Compiler/src/typeinfer.jl:1610
jfptr_typeinf_ext_toplevel_87105.1 at /home/orebas/.julia/juliaup/julia-1.13.0+0.x64.linux.gnu/lib/julia/sys.so (unknown line)
jl_apply at /cache/build/builder-amdci4-4/julialang/julia-ci/src/julia.h:2318 [inlined]
jl_type_infer at /cache/build/builder-amdci4-4/julialang/julia-ci/src/gf.c:478
jl_compile_method_internal at /cache/build/builder-amdci4-4/julialang/julia-ci/src/gf.c:3697
_jl_invoke at /cache/build/builder-amdci4-4/julialang/julia-ci/src/gf.c:4171 [inlined]
ijl_apply_generic at /cache/build/builder-amdci4-4/julialang/julia-ci/src/gf.c:4380
top-level scope at /tmp/odepe-si-sneyd-local-20260914/source/probe_si_cost.jl:23
jl_toplevel_eval_flex at /cache/build/builder-amdci4-4/julialang/julia-ci/src/toplevel.c:731
jl_eval_toplevel_stmts at /cache/build/builder-amdci4-4/julialang/julia-ci/src/toplevel.c:585
jl_toplevel_eval_flex at /cache/build/builder-amdci4-4/julialang/julia-ci/src/toplevel.c:683
ijl_toplevel_eval at /cache/build/builder-amdci4-4/julialang/julia-ci/src/toplevel.c:754
ijl_toplevel_eval_in at /cache/build/builder-amdci4-4/julialang/julia-ci/src/toplevel.c:799
eval at ./boot.jl:489
include_string at ./loading.jl:3016
_include at ./loading.jl:3076
include at ./Base.jl:309
exec_options at ./client.jl:344
_start at ./client.jl:577
jfptr__start_59126.1 at /home/orebas/.julia/juliaup/julia-1.13.0+0.x64.linux.gnu/lib/julia/sys.so (unknown line)
jl_apply at /cache/build/builder-amdci4-4/julialang/julia-ci/src/julia.h:2318 [inlined]
true_main at /cache/build/builder-amdci4-4/julialang/julia-ci/src/jlapi.c:985
jl_repl_entrypoint at /cache/build/builder-amdci4-4/julialang/julia-ci/src/jlapi.c:1152
main at /cache/build/builder-amdci4-4/julialang/julia-ci/cli/loader_exe.c:58
unknown function (ip: 0x72be1c82a600) at /usr/lib/x86_64-linux-gnu/libc.so.6
__libc_start_main at /usr/lib/x86_64-linux-gnu/libc.so.6 (unknown line)
unknown function (ip: 0x4010b8) at /workspace/srcdir/glibc-2.17/csu/../sysdeps/x86_64/start.S
unknown function (ip: (nil)) at (unknown file)

[33m#=   52.4 ms =# precompile(Tuple{typeof(Base.Compiler.instanceof_tfunc), Any, Bool, Core.PartialStruct}) # recompile[0m
#=    8.0 ms =# precompile(Tuple{Type{NamedTuple{(:grad_adjoint,), T} where T<:Tuple}, Tuple{Bool}})
[33m#=   13.7 ms =# precompile(Tuple{Base.Compiler.var"#78#79"{Base.Compiler.var"#abstract_call##2#abstract_call##3", Base.Compiler.Future{Any}, Base.RefValue{Base.Compiler.CallMeta}}, Base.Compiler.NativeInterpreter, Base.Compiler.IRInterpretationState}) # recompile[0m
[33m#=    7.5 ms =# precompile(Tuple{Base.Compiler.var"#78#79"{Base.Compiler.var"#abstract_eval_call##0#abstract_eval_call##1", Base.Compiler.Future{Base.Compiler.RTEffects}, Base.RefValue{Base.Compiler.CallMeta}}, Base.Compiler.NativeInterpreter, Base.Compiler.IRInterpretationState}) # recompile[0m
#=    6.4 ms =# precompile(Tuple{Base.Iterators.var"#IteratorSize##0#IteratorSize##1"{Tuple{Array{String, 1}, Array{Symbolics.Num, 1}}}, Int64})
#=    7.7 ms =# precompile(Tuple{typeof(Base.indexed_iterate), Pair{Symbolics.Num, Float64}, Int64})
#=    5.4 ms =# precompile(Tuple{typeof(Base.indexed_iterate), Pair{Symbolics.Num, Float64}, Int64, Int64})
#=   22.3 ms =# precompile(Tuple{typeof(Base.map), ModelingToolkitBase.var"#256#257"{Type{NamedTuple{(:unknowns,), Tuple{Array{Any, 1}}}}}, NTuple{50, Symbol}})
#=   23.8 ms =# precompile(Tuple{typeof(Base.map), ModelingToolkitBase.var"#256#257"{Type{NamedTuple{(:unknowns,), Tuple{Array{Float64, 1}}}}}, NTuple{50, Symbol}})
#=   25.6 ms =# precompile(Tuple{typeof(Base.map), ModelingToolkitBase.var"#256#257"{Type{NamedTuple{(:ps,), Tuple{Array{Any, 1}}}}}, NTuple{50, Symbol}})
#=   24.0 ms =# precompile(Tuple{typeof(Base.map), ModelingToolkitBase.var"#256#257"{Type{NamedTuple{(:ps,), Tuple{Array{Float64, 1}}}}}, NTuple{50, Symbol}})
#=    8.9 ms =# precompile(Tuple{typeof(Base.getproperty), Base.MappingRF{typeof(Base.first), Base.BottomRF{typeof(Base.min)}}, Symbol})
#=    5.0 ms =# precompile(Tuple{typeof(Base.getproperty), Base.MappingRF{typeof(Base.first), Base.BottomRF{typeof(Base.max)}}, Symbol})
#=    6.5 ms =# precompile(Tuple{typeof(Base.getproperty), Base.MappingRF{typeof(Base.last), Base.BottomRF{typeof(Base.min)}}, Symbol})
#=    7.3 ms =# precompile(Tuple{Base.Iterators.var"#IteratorSize##0#IteratorSize##1"{Tuple{Array{Symbolics.Num, 1}, Array{String, 1}}}, Int64})
#=    7.1 ms =# precompile(Tuple{typeof(Base.getproperty), Base.MappingRF{Main.var"#single_condition##18#single_condition##19", Base.BottomRF{typeof(Base.max)}}, Symbol})
#=    7.5 ms =# precompile(Tuple{typeof(Base.getproperty), Base.FilteringRF{Main.var"#single_condition##61#single_condition##62", Base.MappingRF{Main.var"#single_condition##59#single_condition##60", Base.BottomRF{typeof(Base.max)}}}, Symbol})
#=    5.9 ms =# precompile(Tuple{typeof(Base.getproperty), Base.MappingRF{Main.var"#single_condition##59#single_condition##60", Base.BottomRF{typeof(Base.max)}}, Symbol})

==============================================================
Profile collected. A report will print at the next yield point.
Disabling --trace-compile
==============================================================


======================================================================================
Information request received. A stacktrace will print followed by a 10.0 second profile.
--trace-compile is enabled during profile collection.
======================================================================================

cmd: /home/orebas/.julia/juliaup/julia-1.13.0+0.x64.linux.gnu/bin/julia 2868264 running 1 of 1

signal (10): User defined signal 1
_ZNSt8_Rb_treeIjjSt9_IdentityIjESt4lessIjESaIjEE16_M_insert_uniqueIjEESt4pairISt17_Rb_tree_iteratorIjEbEOT_ at /home/orebas/.julia/juliaup/julia-1.13.0+0.x64.linux.gnu/bin/../lib/julia/libLLVM.so.20.1jl (unknown line)
_ZN15LiveDebugValues16InstrRefBasedLDV19transferRegisterDefERN4llvm12MachineInstrE at /home/orebas/.julia/juliaup/julia-1.13.0+0.x64.linux.gnu/bin/../lib/julia/libLLVM.so.20.1jl (unknown line)
_ZN15LiveDebugValues16InstrRefBasedLDV12ExtendRangesERN4llvm15MachineFunctionEPNS1_20MachineDominatorTreeEPNS1_16TargetPassConfigEjj at /home/orebas/.julia/juliaup/julia-1.13.0+0.x64.linux.gnu/bin/../lib/julia/libLLVM.so.20.1jl (unknown line)
_ZN4llvm19MachineFunctionPass13runOnFunctionERNS_8FunctionE.part.0 at /home/orebas/.julia/juliaup/julia-1.13.0+0.x64.linux.gnu/bin/../lib/julia/libLLVM.so.20.1jl (unknown line)
_ZN4llvm13FPPassManager13runOnFunctionERNS_8FunctionE at /home/orebas/.julia/juliaup/julia-1.13.0+0.x64.linux.gnu/bin/../lib/julia/libLLVM.so.20.1jl (unknown line)
_ZN4llvm13FPPassManager11runOnModuleERNS_6ModuleE at /home/orebas/.julia/juliaup/julia-1.13.0+0.x64.linux.gnu/bin/../lib/julia/libLLVM.so.20.1jl (unknown line)
_ZN4llvm6legacy15PassManagerImpl3runERNS_6ModuleE at /home/orebas/.julia/juliaup/julia-1.13.0+0.x64.linux.gnu/bin/../lib/julia/libLLVM.so.20.1jl (unknown line)
warning: address range table at offset 0x3900 has a premature terminator entry at offset 0x4260
warning: address range table at offset 0x3900 has a premature terminator entry at offset 0x42c0
operator() at /cache/build/builder-amdci4-4/julialang/julia-ci/src/jitlayers.cpp:1627
addModule at /cache/build/builder-amdci4-4/julialang/julia-ci/src/jitlayers.cpp:2130
jl_compile_codeinst_now at /cache/build/builder-amdci4-4/julialang/julia-ci/src/jitlayers.cpp:681
jl_compile_codeinst_impl at /cache/build/builder-amdci4-4/julialang/julia-ci/src/jitlayers.cpp:875
jl_compile_method_internal at /cache/build/builder-amdci4-4/julialang/julia-ci/src/gf.c:3709
_jl_invoke at /cache/build/builder-amdci4-4/julialang/julia-ci/src/gf.c:4171 [inlined]
ijl_apply_generic at /cache/build/builder-amdci4-4/julialang/julia-ci/src/gf.c:4380
#build_explicit_observed_function#688 at /home/orebas/.julia/packages/ModelingToolkitBase/OIqzi/src/systems/codegen.jl:1664
build_explicit_observed_function at /home/orebas/.julia/packages/ModelingToolkitBase/OIqzi/src/systems/codegen.jl:1608
unknown function (ip: 0x72bd80f9f104) at (unknown file)
#observed#239 at /home/orebas/.julia/packages/ModelingToolkitBase/OIqzi/src/systems/abstractsystem.jl:414
observed at /home/orebas/.julia/packages/ModelingToolkitBase/OIqzi/src/systems/abstractsystem.jl:386 [inlined]
_get_sys_observables at /home/orebas/.julia/packages/PEtab/o08Zn/src/petab_files/petab_model.jl:376
unknown function (ip: 0x72bd80f9c762) at (unknown file)
macro expansion at /home/orebas/.julia/packages/PEtab/o08Zn/src/petab_files/petab_model.jl:107 [inlined]
macro expansion at ./timing.jl:463 [inlined]
_PEtabModel at /home/orebas/.julia/packages/PEtab/o08Zn/src/petab_files/petab_model.jl:83
#PEtabModel#116 at /home/orebas/.julia/packages/PEtab/o08Zn/src/petab_files/petab_model.jl:51
PEtabModel at /home/orebas/.julia/packages/PEtab/o08Zn/src/petab_files/petab_model.jl:15 [inlined]
#_load_petab_model#1 at /home/orebas/.julia/dev/ODEParameterEstimation/ext/petab/adapter.jl:31
_load_petab_model at /home/orebas/.julia/dev/ODEParameterEstimation/ext/petab/adapter.jl:24 [inlined]
#load_petab_problem#30 at /home/orebas/.julia/dev/ODEParameterEstimation/ext/petab/adapter.jl:284
load_petab_problem at /home/orebas/.julia/dev/ODEParameterEstimation/ext/petab/adapter.jl:281 [inlined]
single_condition at /tmp/odepe-si-sneyd-local-20260914/source/common.jl:40
unknown function (ip: 0x72bd86de4246) at (unknown file)
top-level scope at /tmp/odepe-si-sneyd-local-20260914/source/probe_si_cost.jl:23
jl_toplevel_eval_flex at /cache/build/builder-amdci4-4/julialang/julia-ci/src/toplevel.c:731
jl_eval_toplevel_stmts at /cache/build/builder-amdci4-4/julialang/julia-ci/src/toplevel.c:585
jl_toplevel_eval_flex at /cache/build/builder-amdci4-4/julialang/julia-ci/src/toplevel.c:683
ijl_toplevel_eval at /cache/build/builder-amdci4-4/julialang/julia-ci/src/toplevel.c:754
ijl_toplevel_eval_in at /cache/build/builder-amdci4-4/julialang/julia-ci/src/toplevel.c:799
eval at ./boot.jl:489
include_string at ./loading.jl:3016
_include at ./loading.jl:3076
include at ./Base.jl:309
exec_options at ./client.jl:344
_start at ./client.jl:577
jfptr__start_59126.1 at /home/orebas/.julia/juliaup/julia-1.13.0+0.x64.linux.gnu/lib/julia/sys.so (unknown line)
jl_apply at /cache/build/builder-amdci4-4/julialang/julia-ci/src/julia.h:2318 [inlined]
true_main at /cache/build/builder-amdci4-4/julialang/julia-ci/src/jlapi.c:985
jl_repl_entrypoint at /cache/build/builder-amdci4-4/julialang/julia-ci/src/jlapi.c:1152
main at /cache/build/builder-amdci4-4/julialang/julia-ci/cli/loader_exe.c:58
unknown function (ip: 0x72be1c82a600) at /usr/lib/x86_64-linux-gnu/libc.so.6
__libc_start_main at /usr/lib/x86_64-linux-gnu/libc.so.6 (unknown line)
unknown function (ip: 0x4010b8) at /workspace/srcdir/glibc-2.17/csu/../sysdeps/x86_64/start.S
unknown function (ip: (nil)) at (unknown file)

[33m#=  280.2 ms =# precompile(Tuple{SymbolicUtils.MulWorkerBuffer{SymbolicUtils.SymReal}, SymbolicUtils.SmallVec{SymbolicUtils.BasicSymbolicImpl.var"typeof(BasicSymbolicImpl)"{SymbolicUtils.SymReal}, Array{SymbolicUtils.BasicSymbolicImpl.var"typeof(BasicSymbolicImpl)"{SymbolicUtils.SymReal}, 1}}}) # recompile[0m
#=   14.2 ms =# precompile(Tuple{SymbolicUtils.IRSubstituter{false, SymbolicUtils.SymReal, Base.Dict{SymbolicUtils.BasicSymbolicImpl.var"typeof(BasicSymbolicImpl)"{SymbolicUtils.SymReal}, SymbolicUtils.BasicSymbolicImpl.var"typeof(BasicSymbolicImpl)"{SymbolicUtils.SymReal}}, typeof(SymbolicUtils.default_substitute_filter)}, SymbolicUtils.BasicSymbolicImpl.var"typeof(BasicSymbolicImpl)"{SymbolicUtils.SymReal}})
#=  185.8 ms =# precompile(Tuple{typeof(Core.kwcall), NamedTuple{(:is_atomic,), Tuple{Base.Returns{Bool}}}, typeof(SymbolicUtils.search_variables!), SymbolicUtils.IRStructureSearchBuffer{SymbolicUtils.SymReal, Base.Set{SymbolicUtils.BasicSymbolicImpl.var"typeof(BasicSymbolicImpl)"{SymbolicUtils.SymReal}}}, SymbolicUtils.BasicSymbolicImpl.var"typeof(BasicSymbolicImpl)"{SymbolicUtils.SymReal}})
#=  222.5 ms =# precompile(Tuple{typeof(Core.kwcall), NamedTuple{(:is_atomic, :recurse), Tuple{typeof(ModelingToolkitBase.find_arrvars_is_atomic), Base.ComposedFunction{typeof(Base.:(!)), typeof(SymbolicUtils.default_is_atomic)}}}, typeof(SymbolicUtils.search_variables!), SymbolicUtils.IRStructureSearchBuffer{SymbolicUtils.SymReal, Base.Set{SymbolicUtils.BasicSymbolicImpl.var"typeof(BasicSymbolicImpl)"{SymbolicUtils.SymReal}}}, SymbolicUtils.BasicSymbolicImpl.var"typeof(BasicSymbolicImpl)"{SymbolicUtils.SymReal}})
[33m#=   16.6 ms =# precompile(Tuple{typeof(Core.kwcall), NamedTuple{(:ignore_vars, :filter_vars, :argument_name, :ignore_arg_idxs), Tuple{Base.KeySet{SymbolicUtils.BasicSymbolicImpl.var"typeof(BasicSymbolicImpl)"{SymbolicUtils.SymReal}, Base.Dict{SymbolicUtils.BasicSymbolicImpl.var"typeof(BasicSymbolicImpl)"{SymbolicUtils.SymReal}, Array{Tuple{Int64, Int64}, 1}}}, Base.Set{SymbolicUtils.BasicSymbolicImpl.var"typeof(BasicSymbolicImpl)"{SymbolicUtils.SymReal}}, typeof(ModelingToolkitBase.generated_argument_name), Base.UnitRange{Int64}}}, typeof(ModelingToolkitBase.array_variable_assignments), Any, Vararg{Any}}) # recompile[0m
[33m#=   30.3 ms =# precompile(Tuple{ModelingToolkitBase.var"##array_variable_assignments#385", Base.KeySet{SymbolicUtils.BasicSymbolicImpl.var"typeof(BasicSymbolicImpl)"{SymbolicUtils.SymReal}, Base.Dict{SymbolicUtils.BasicSymbolicImpl.var"typeof(BasicSymbolicImpl)"{SymbolicUtils.SymReal}, Array{Tuple{Int64, Int64}, 1}}}, Base.Set{SymbolicUtils.BasicSymbolicImpl.var"typeof(BasicSymbolicImpl)"{SymbolicUtils.SymReal}}, Function, Int64, Base.UnitRange{Int64}, typeof(ModelingToolkitBase.array_variable_assignments), Any, Vararg{Any}}) # recompile[0m
[33m#=   98.5 ms =# precompile(Tuple{typeof(ModelingToolkitBase._compute_array_variable_buffer_idxs), Array{Any, 1}, Base.KeySet{SymbolicUtils.BasicSymbolicImpl.var"typeof(BasicSymbolicImpl)"{SymbolicUtils.SymReal}, Base.Dict{SymbolicUtils.BasicSymbolicImpl.var"typeof(BasicSymbolicImpl)"{SymbolicUtils.SymReal}, Array{Tuple{Int64, Int64}, 1}}}, Base.UnitRange{Int64}}) # recompile[0m
[33m#=    5.4 ms =# precompile(Tuple{typeof(Core.kwcall), NamedTuple{(:argument_name, :buffer_offset, :filter_vars), Tuple{typeof(ModelingToolkitBase.generated_argument_name), Int64, Base.Set{SymbolicUtils.BasicSymbolicImpl.var"typeof(BasicSymbolicImpl)"{SymbolicUtils.SymReal}}}}, typeof(ModelingToolkitBase.array_variable_buffer_idxs_to_assignments), Base.Dict{SymbolicUtils.BasicSymbolicImpl.var"typeof(BasicSymbolicImpl)"{SymbolicUtils.SymReal}, Array{Tuple{Int64, Int64}, 1}}}) # recompile[0m
#=   14.1 ms =# precompile(Tuple{typeof(Base._cshp), Int64, Tuple{Bool}, Tuple{}, Tuple{Int64}})
[33m#=  150.0 ms =# precompile(Tuple{typeof(Symbolics.codegen_function), SymbolicUtils.IRStructure{SymbolicUtils.SymReal}, SymbolicUtils.BasicSymbolicImpl.var"typeof(BasicSymbolicImpl)"{SymbolicUtils.SymReal}, Array{Any, 1}, Symbolics.CodegenFunctionOptions}) # recompile[0m
#=   11.5 ms =# precompile(Tuple{typeof(Base.pairs), NamedTuple{(:type, :shape), Tuple{typeof(DataType), SymbolicUtils.Unknown}}})
#=    8.8 ms =# precompile(Tuple{typeof(Base.merge), NamedTuple{(), Tuple{}}, Base.Pairs{Symbol, Any, Nothing, NamedTuple{(:type, :shape), Tuple{typeof(DataType), SymbolicUtils.Unknown}}}})
[33m#= 2352.6 ms =# precompile(Tuple{typeof(SymbolicUtils.Code.fast_toexpr), SymbolicUtils.Code.Func, SymbolicUtils.IRStructure{SymbolicUtils.SymReal}, Base.Dict{Any, Any}}) # recompile[0m
#=    6.2 ms =# precompile(Tuple{typeof(Base.getindex), Base.OneTo{Int64}, Int64})
[33m#=  973.8 ms =# precompile(Tuple{typeof(SymbolicUtils.Code.toexpr), SymbolicUtils.BasicSymbolicImpl.var"typeof(BasicSymbolicImpl)"{SymbolicUtils.SymReal}, SymbolicUtils.Code.CodegenState{SymbolicUtils.SymReal}}) # recompile[0m
#=   13.8 ms =# precompile(Tuple{typeof(Base.hashindex), Symbol, Int64})
#=    9.2 ms =# precompile(Tuple{typeof(Base.hashindex), Tuple{Symbol, Tuple{Symbol, UInt64, UInt64}}, Int64})
[33m#= 1418.4 ms =# precompile(Tuple{SymbolicUtils.Code.CodegenState{SymbolicUtils.SymReal}, SymbolicUtils.BasicSymbolicImpl.var"typeof(BasicSymbolicImpl)"{SymbolicUtils.SymReal}}) # recompile[0m
[33m#=  219.1 ms =# precompile(Tuple{typeof(SymbolicUtils.Code.codegen_function!), Union{typeof(Base.:(*)), typeof(Base.:(+))}, SymbolicUtils.Code.CodegenState{SymbolicUtils.SymReal}, SymbolicUtils.BasicSymbolicImpl.var"typeof(BasicSymbolicImpl)"{SymbolicUtils.SymReal}, Int32}) # recompile[0m
#=    8.2 ms =# precompile(Tuple{typeof(Base.unlock), Base.Threads.SpinLock})
[33m#=   17.7 ms =# precompile(Tuple{typeof(RuntimeGeneratedFunctions._hash_expr!), SHA.SHA1_CTX, Type}) # recompile[0m
#=    3.6 ms =# precompile(Tuple{typeof(Base.show), Base.GenericIOBuffer{Memory{UInt8}}, Type})
[33m#= 3252.6 ms =# precompile(Tuple{Type{PEtab.ParameterIndices}, Base.Dict{Symbol, Union{DataFrames.DataFrame, Base.Dict{K, V} where V where K}}, Base.Dict{Symbol, String}, ModelingToolkitBase.System, Array{Pair{Symbolics.Num, Float64}, 1}, Array{Pair{Symbolics.Num, Float64}, 1}, PEtab.MLModels}) # recompile[0m
#=    7.7 ms =# precompile(Tuple{typeof(Base.pairs), Array{String, 1}})
#=    8.9 ms =# precompile(Tuple{typeof(Base.iterate), Base.Pairs{Int64, String, Base.LinearIndices{1, Tuple{Base.OneTo{Int64}}}, Array{String, 1}}})
#=    8.5 ms =# precompile(Tuple{typeof(Base.iterate), Base.Pairs{Int64, String, Base.LinearIndices{1, Tuple{Base.OneTo{Int64}}}, Array{String, 1}}, Int64})
#=   41.7 ms =# precompile(Tuple{typeof(Base.getindex), Array{String, 1}, Array{Int64, 1}})
#=    6.4 ms =# precompile(Tuple{typeof(Base.getindex), Array{Float64, 1}, Int64})
[33m#=   40.3 ms =# precompile(Tuple{typeof(PEtab._parse_table_column!), Array{Symbol, 1}, Array{String, 1}, Type}) # recompile[0m
[33m#=   40.9 ms =# precompile(Tuple{typeof(PEtab._parse_table_column!), Array{Symbol, 1}, PooledArrays.PooledArray{String, UInt32, 1, Array{UInt32, 1}}, Type}) # recompile[0m
#=   24.0 ms =# precompile(Tuple{typeof(PEtab._parse_bound_column!), Array{Float64, 1}, Array{Float64, 1}, Array{Bool, 1}})
#=    6.3 ms =# precompile(Tuple{typeof(Base.pairs), Array{Float64, 1}})
#=    8.4 ms =# precompile(Tuple{typeof(Base.iterate), Base.Pairs{Int64, Float64, Base.LinearIndices{1, Tuple{Base.OneTo{Int64}}}, Array{Float64, 1}}})
#=   22.9 ms =# precompile(Tuple{typeof(PEtab._parse_table_column!), Array{Symbol, 1}, SentinelArrays.MissingVector, Type})
#=   43.2 ms =# precompile(Tuple{typeof(PEtab._parse_table_column!), Array{String, 1}, PooledArrays.PooledArray{String, UInt32, 1, Array{UInt32, 1}}, Function})
#=    5.4 ms =# precompile(Tuple{typeof(Base.:(var"==")), Function, Function})
#=   11.6 ms =# precompile(Tuple{typeof(Base.in), Symbol, Array{Symbol, 1}})
#=   36.5 ms =# precompile(Tuple{typeof(Base.collect_to_with_first!), Array{Int64, 1}, Int64, Base.Generator{Array{SymbolicUtils.BasicSymbolicImpl.var"typeof(BasicSymbolicImpl)"{SymbolicUtils.SymReal}, 1}, PEtab.var"#_get_mtk_ps_to_sys##0#_get_mtk_ps_to_sys##1"{ModelingToolkitBase.System}}, Int64})
#=    7.4 ms =# precompile(Tuple{typeof(Base.indexed_iterate), Pair{Int64, Symbol}, Int64})
#=   11.2 ms =# precompile(Tuple{typeof(Base.indexed_iterate), Pair{Int64, Symbol}, Int64, Int64})
#=   18.9 ms =# precompile(Tuple{typeof(Base.hashindex), NTuple{5, UInt32}, Int64})
#=   56.9 ms =# precompile(Tuple{typeof(Base.Broadcast.copyto_nonleaf!), Array{ModelingToolkitBase.ParameterIndex{SciMLStructures.Tunable, Int64}, 1}, Base.Broadcast.Broadcasted{Base.Broadcast.DefaultArrayStyle{1}, Tuple{Base.OneTo{Int64}}, typeof(SymbolicIndexingInterface.parameter_index), Tuple{Tuple{ModelingToolkitBase.System}, Base.Broadcast.Extruded{Array{SymbolicUtils.BasicSymbolicImpl.var"typeof(BasicSymbolicImpl)"{SymbolicUtils.SymReal}, 1}, Tuple{Bool}, Tuple{Int64}}}}, Base.OneTo{Int64}, Int64, Int64})
#=   30.3 ms =# precompile(Tuple{typeof(Base.Broadcast.copyto_nonleaf!), Array{SymbolicIndexingInterface.GetParameterIndex{ModelingToolkitBase.ParameterIndex{SciMLStructures.Tunable, Int64}}, 1}, Base.Broadcast.Broadcasted{Base.Broadcast.DefaultArrayStyle{1}, Tuple{Base.OneTo{Int64}}, typeof(SymbolicIndexingInterface.getp), Tuple{Tuple{ModelingToolkitBase.System}, Base.Broadcast.Extruded{Array{SymbolicUtils.BasicSymbolicImpl.var"typeof(BasicSymbolicImpl)"{SymbolicUtils.SymReal}, 1}, Tuple{Bool}, Tuple{Int64}}}}, Base.OneTo{Int64}, Int64, Int64})

==============================================================
Profile collected. A report will print at the next yield point.
Disabling --trace-compile
==============================================================

FINISHED complete
  Activating project at `/tmp/odepe-petab-pilot-env`
[ Info: Converting ODESystem to SI.jl format
┌ Warning: Floating point value -2.0 will be converted to -2//1.
└ @ ModelingToolkitSIExt ~/.julia/packages/StructuralIdentifiability/S5eMo/ext/ModelingToolkitSIExt.jl:97
┌ Warning: Floating point value 2.0 will be converted to 2.
└ @ ModelingToolkitSIExt ~/.julia/packages/StructuralIdentifiability/S5eMo/ext/ModelingToolkitSIExt.jl:97
┌ Warning: Floating point value 0.1 will be converted to 1//10.
└ @ ModelingToolkitSIExt ~/.julia/packages/StructuralIdentifiability/S5eMo/ext/ModelingToolkitSIExt.jl:97
┌ Warning: Floating point value 2.0 will be converted to 2.
└ @ ModelingToolkitSIExt ~/.julia/packages/StructuralIdentifiability/S5eMo/ext/ModelingToolkitSIExt.jl:97
┌ Warning: Floating point value -0.1 will be converted to -1//10.
└ @ ModelingToolkitSIExt ~/.julia/packages/StructuralIdentifiability/S5eMo/ext/ModelingToolkitSIExt.jl:97
┌ Warning: Floating point value 0.1 will be converted to 1//10.
└ @ ModelingToolkitSIExt ~/.julia/packages/StructuralIdentifiability/S5eMo/ext/ModelingToolkitSIExt.jl:97
┌ Warning: Floating point value -10.0 will be converted to -10//1.
└ @ ModelingToolkitSIExt ~/.julia/packages/StructuralIdentifiability/S5eMo/ext/ModelingToolkitSIExt.jl:97
┌ Warning: Floating point value 0.1 will be converted to 1//10.
└ @ ModelingToolkitSIExt ~/.julia/packages/StructuralIdentifiability/S5eMo/ext/ModelingToolkitSIExt.jl:97
┌ Warning: Floating point value 0.1 will be converted to 1//10.
└ @ ModelingToolkitSIExt ~/.julia/packages/StructuralIdentifiability/S5eMo/ext/ModelingToolkitSIExt.jl:97
┌ Warning: Floating point value 2.0 will be converted to 2.
└ @ ModelingToolkitSIExt ~/.julia/packages/StructuralIdentifiability/S5eMo/ext/ModelingToolkitSIExt.jl:97
┌ Warning: Floating point value 0.1 will be converted to 1//10.
└ @ ModelingToolkitSIExt ~/.julia/packages/StructuralIdentifiability/S5eMo/ext/ModelingToolkitSIExt.jl:97
┌ Warning: Floating point value 0.1 will be converted to 1//10.
└ @ ModelingToolkitSIExt ~/.julia/packages/StructuralIdentifiability/S5eMo/ext/ModelingToolkitSIExt.jl:97
┌ Warning: Floating point value -2.0 will be converted to -2//1.
└ @ ModelingToolkitSIExt ~/.julia/packages/StructuralIdentifiability/S5eMo/ext/ModelingToolkitSIExt.jl:97
┌ Warning: Floating point value 0.1 will be converted to 1//10.
└ @ ModelingToolkitSIExt ~/.julia/packages/StructuralIdentifiability/S5eMo/ext/ModelingToolkitSIExt.jl:97
┌ Warning: Floating point value -2.0 will be converted to -2//1.
└ @ ModelingToolkitSIExt ~/.julia/packages/StructuralIdentifiability/S5eMo/ext/ModelingToolkitSIExt.jl:97
┌ Warning: Floating point value 0.1 will be converted to 1//10.
└ @ ModelingToolkitSIExt ~/.julia/packages/StructuralIdentifiability/S5eMo/ext/ModelingToolkitSIExt.jl:97
┌ Warning: Floating point value 0.1 will be converted to 1//10.
└ @ ModelingToolkitSIExt ~/.julia/packages/StructuralIdentifiability/S5eMo/ext/ModelingToolkitSIExt.jl:97
┌ Warning: Floating point value 2.0 will be converted to 2.
└ @ ModelingToolkitSIExt ~/.julia/packages/StructuralIdentifiability/S5eMo/ext/ModelingToolkitSIExt.jl:97
┌ Warning: Floating point value -0.2 will be converted to -1//5.
└ @ ModelingToolkitSIExt ~/.julia/packages/StructuralIdentifiability/S5eMo/ext/ModelingToolkitSIExt.jl:97
┌ Warning: Floating point value 0.1 will be converted to 1//10.
└ @ ModelingToolkitSIExt ~/.julia/packages/StructuralIdentifiability/S5eMo/ext/ModelingToolkitSIExt.jl:97
┌ Warning: Floating point value 0.5 will be converted to 1//2.
└ @ ModelingToolkitSIExt ~/.julia/packages/StructuralIdentifiability/S5eMo/ext/ModelingToolkitSIExt.jl:97
┌ Warning: Floating point value 0.1 will be converted to 1//10.
└ @ ModelingToolkitSIExt ~/.julia/packages/StructuralIdentifiability/S5eMo/ext/ModelingToolkitSIExt.jl:97
┌ Warning: Floating point value 10.0 will be converted to 10.
└ @ ModelingToolkitSIExt ~/.julia/packages/StructuralIdentifiability/S5eMo/ext/ModelingToolkitSIExt.jl:97
┌ Warning: Floating point value 0.1 will be converted to 1//10.
└ @ ModelingToolkitSIExt ~/.julia/packages/StructuralIdentifiability/S5eMo/ext/ModelingToolkitSIExt.jl:97
┌ Warning: Floating point value 0.1 will be converted to 1//10.
└ @ ModelingToolkitSIExt ~/.julia/packages/StructuralIdentifiability/S5eMo/ext/ModelingToolkitSIExt.jl:97
┌ Warning: Floating point value 2.0 will be converted to 2.
└ @ ModelingToolkitSIExt ~/.julia/packages/StructuralIdentifiability/S5eMo/ext/ModelingToolkitSIExt.jl:97
┌ Warning: Floating point value -0.5 will be converted to -1//2.
└ @ ModelingToolkitSIExt ~/.julia/packages/StructuralIdentifiability/S5eMo/ext/ModelingToolkitSIExt.jl:97
┌ Warning: Floating point value 0.05 will be converted to 1//20.
└ @ ModelingToolkitSIExt ~/.julia/packages/StructuralIdentifiability/S5eMo/ext/ModelingToolkitSIExt.jl:97
┌ Warning: Floating point value 0.1 will be converted to 1//10.
└ @ ModelingToolkitSIExt ~/.julia/packages/StructuralIdentifiability/S5eMo/ext/ModelingToolkitSIExt.jl:97
┌ Warning: Floating point value 0.5 will be converted to 1//2.
└ @ ModelingToolkitSIExt ~/.julia/packages/StructuralIdentifiability/S5eMo/ext/ModelingToolkitSIExt.jl:97
┌ Warning: Floating point value 0.1 will be converted to 1//10.
└ @ ModelingToolkitSIExt ~/.julia/packages/StructuralIdentifiability/S5eMo/ext/ModelingToolkitSIExt.jl:97
┌ Warning: Floating point value 0.1 will be converted to 1//10.
└ @ ModelingToolkitSIExt ~/.julia/packages/StructuralIdentifiability/S5eMo/ext/ModelingToolkitSIExt.jl:97
┌ Warning: Floating point value -0.05 will be converted to -1//20.
└ @ ModelingToolkitSIExt ~/.julia/packages/StructuralIdentifiability/S5eMo/ext/ModelingToolkitSIExt.jl:97
┌ Warning: Floating point value 0.1 will be converted to 1//10.
└ @ ModelingToolkitSIExt ~/.julia/packages/StructuralIdentifiability/S5eMo/ext/ModelingToolkitSIExt.jl:97
┌ Warning: Floating point value 0.5 will be converted to 1//2.
└ @ ModelingToolkitSIExt ~/.julia/packages/StructuralIdentifiability/S5eMo/ext/ModelingToolkitSIExt.jl:97
┌ Warning: Floating point value -0.5 will be converted to -1//2.
└ @ ModelingToolkitSIExt ~/.julia/packages/StructuralIdentifiability/S5eMo/ext/ModelingToolkitSIExt.jl:97
┌ Warning: Floating point value 0.1 will be converted to 1//10.
└ @ ModelingToolkitSIExt ~/.julia/packages/StructuralIdentifiability/S5eMo/ext/ModelingToolkitSIExt.jl:97
┌ Warning: Floating point value 0.2 will be converted to 1//5.
└ @ ModelingToolkitSIExt ~/.julia/packages/StructuralIdentifiability/S5eMo/ext/ModelingToolkitSIExt.jl:97
┌ Warning: Floating point value 0.1 will be converted to 1//10.
└ @ ModelingToolkitSIExt ~/.julia/packages/StructuralIdentifiability/S5eMo/ext/ModelingToolkitSIExt.jl:97
┌ Warning: Floating point value 0.5 will be converted to 1//2.
└ @ ModelingToolkitSIExt ~/.julia/packages/StructuralIdentifiability/S5eMo/ext/ModelingToolkitSIExt.jl:97
┌ Warning: Floating point value 0.2 will be converted to 1//5.
└ @ ModelingToolkitSIExt ~/.julia/packages/StructuralIdentifiability/S5eMo/ext/ModelingToolkitSIExt.jl:97
┌ Warning: Floating point value 0.45 will be converted to 9//20.
└ @ ModelingToolkitSIExt ~/.julia/packages/StructuralIdentifiability/S5eMo/ext/ModelingToolkitSIExt.jl:97
┌ Warning: Floating point value 0.015625 will be converted to 1//64.
└ @ ModelingToolkitSIExt ~/.julia/packages/StructuralIdentifiability/S5eMo/ext/ModelingToolkitSIExt.jl:97
