
======================================================================================
Information request received. A stacktrace will print followed by a 10.0 second profile.
--trace-compile is enabled during profile collection.
======================================================================================

cmd: /home/orebas/.julia/juliaup/julia-1.13.0+0.x64.linux.gnu/bin/julia 2897519 running 1 of 1

signal (10): User defined signal 1
unknown function (ip: 0x780683b98480) at /usr/lib/x86_64-linux-gnu/libc.so.6
GenericMemory at ./boot.jl:588 [inlined]
array_new_memory at ./array.jl:1101 [inlined]
_growend_internal! at ./array.jl:1181
_growend! at ./array.jl:1205 [inlined]
resize! at ./array.jl:1540
resize! at ./../usr/share/julia/Compiler/src/ssair/ir.jl:293
resize! at ./../usr/share/julia/Compiler/src/ssair/ir.jl:1753 [inlined]
batch_inline! at ./../usr/share/julia/Compiler/src/ssair/inlining.jl:646
ssa_inlining_pass! at ./../usr/share/julia/Compiler/src/ssair/inlining.jl:79 [inlined]
run_passes_ipo_safe at ./../usr/share/julia/Compiler/src/optimize.jl:1049
run_passes_ipo_safe at ./../usr/share/julia/Compiler/src/optimize.jl:1062 [inlined]
optimize at ./../usr/share/julia/Compiler/src/optimize.jl:1035
jfptr_optimize_87185.1 at /home/orebas/.julia/juliaup/julia-1.13.0+0.x64.linux.gnu/lib/julia/sys.so (unknown line)
finish_nocycle at ./../usr/share/julia/Compiler/src/typeinfer.jl:231
jfptr_finish_nocycle_88086.1 at /home/orebas/.julia/juliaup/julia-1.13.0+0.x64.linux.gnu/lib/julia/sys.so (unknown line)
typeinf at ./../usr/share/julia/Compiler/src/abstractinterpretation.jl:4570
typeinf_ext at ./../usr/share/julia/Compiler/src/typeinfer.jl:1404
typeinf_ext_toplevel at ./../usr/share/julia/Compiler/src/typeinfer.jl:1601 [inlined]
typeinf_ext_toplevel at ./../usr/share/julia/Compiler/src/typeinfer.jl:1610
jfptr_typeinf_ext_toplevel_87105.1 at /home/orebas/.julia/juliaup/julia-1.13.0+0.x64.linux.gnu/lib/julia/sys.so (unknown line)
jl_apply at /cache/build/builder-amdci4-4/julialang/julia-ci/src/julia.h:2318 [inlined]
jl_type_infer at /cache/build/builder-amdci4-4/julialang/julia-ci/src/gf.c:478
jl_compile_method_internal at /cache/build/builder-amdci4-4/julialang/julia-ci/src/gf.c:3697
_jl_invoke at /cache/build/builder-amdci4-4/julialang/julia-ci/src/gf.c:4171 [inlined]
ijl_apply_generic at /cache/build/builder-amdci4-4/julialang/julia-ci/src/gf.c:4380
top-level scope at /tmp/odepe-si-fujita-fixed-20260914/source/probe_si_cost.jl:23
jl_toplevel_eval_flex at /cache/build/builder-amdci4-4/julialang/julia-ci/src/toplevel.c:731
jl_eval_toplevel_stmts at /cache/build/builder-amdci4-4/julialang/julia-ci/src/toplevel.c:585
jl_toplevel_eval_flex at /cache/build/builder-amdci4-4/julialang/julia-ci/src/toplevel.c:683
ijl_toplevel_eval at /cache/build/builder-amdci4-4/julialang/julia-ci/src/toplevel.c:754
ijl_toplevel_eval_in at /cache/build/builder-amdci4-4/julialang/julia-ci/src/toplevel.c:799
eval at ./boot.jl:489
include_string at ./loading.jl:3016
_include at ./loading.jl:3076
include at ./Base.jl:309
exec_options at ./client.jl:344
_start at ./client.jl:577
jfptr__start_59126.1 at /home/orebas/.julia/juliaup/julia-1.13.0+0.x64.linux.gnu/lib/julia/sys.so (unknown line)
jl_apply at /cache/build/builder-amdci4-4/julialang/julia-ci/src/julia.h:2318 [inlined]
true_main at /cache/build/builder-amdci4-4/julialang/julia-ci/src/jlapi.c:985
jl_repl_entrypoint at /cache/build/builder-amdci4-4/julialang/julia-ci/src/jlapi.c:1152
main at /cache/build/builder-amdci4-4/julialang/julia-ci/cli/loader_exe.c:58
unknown function (ip: 0x780683a2a600) at /usr/lib/x86_64-linux-gnu/libc.so.6
__libc_start_main at /usr/lib/x86_64-linux-gnu/libc.so.6 (unknown line)
unknown function (ip: 0x4010b8) at /workspace/srcdir/glibc-2.17/csu/../sysdeps/x86_64/start.S
unknown function (ip: (nil)) at (unknown file)

[33m#=   43.2 ms =# precompile(Tuple{typeof(Base.Compiler.instanceof_tfunc), Any, Bool, Core.PartialStruct}) # recompile[0m
#=   10.3 ms =# precompile(Tuple{Type{NamedTuple{(:grad_adjoint,), T} where T<:Tuple}, Tuple{Bool}})
[33m#=   17.5 ms =# precompile(Tuple{Base.Compiler.var"#78#79"{Base.Compiler.var"#abstract_call##2#abstract_call##3", Base.Compiler.Future{Any}, Base.RefValue{Base.Compiler.CallMeta}}, Base.Compiler.NativeInterpreter, Base.Compiler.IRInterpretationState}) # recompile[0m
[33m#=   18.5 ms =# precompile(Tuple{Base.Compiler.var"#78#79"{Base.Compiler.var"#abstract_eval_call##0#abstract_eval_call##1", Base.Compiler.Future{Base.Compiler.RTEffects}, Base.RefValue{Base.Compiler.CallMeta}}, Base.Compiler.NativeInterpreter, Base.Compiler.IRInterpretationState}) # recompile[0m
#=   10.5 ms =# precompile(Tuple{Base.Iterators.var"#IteratorSize##0#IteratorSize##1"{Tuple{Array{String, 1}, Array{Symbolics.Num, 1}}}, Int64})
#=   14.6 ms =# precompile(Tuple{typeof(Base.indexed_iterate), Pair{Symbolics.Num, Float64}, Int64})
#=    9.1 ms =# precompile(Tuple{typeof(Base.indexed_iterate), Pair{Symbolics.Num, Float64}, Int64, Int64})
#=   38.1 ms =# precompile(Tuple{typeof(Base.map), ModelingToolkitBase.var"#256#257"{Type{NamedTuple{(:unknowns,), Tuple{Array{Any, 1}}}}}, NTuple{50, Symbol}})
#=   39.8 ms =# precompile(Tuple{typeof(Base.map), ModelingToolkitBase.var"#256#257"{Type{NamedTuple{(:unknowns,), Tuple{Array{Float64, 1}}}}}, NTuple{50, Symbol}})
#=   39.4 ms =# precompile(Tuple{typeof(Base.map), ModelingToolkitBase.var"#256#257"{Type{NamedTuple{(:ps,), Tuple{Array{Any, 1}}}}}, NTuple{50, Symbol}})
#=   33.4 ms =# precompile(Tuple{typeof(Base.map), ModelingToolkitBase.var"#256#257"{Type{NamedTuple{(:ps,), Tuple{Array{Float64, 1}}}}}, NTuple{50, Symbol}})
#=   17.7 ms =# precompile(Tuple{typeof(Base.getproperty), Base.MappingRF{typeof(Base.first), Base.BottomRF{typeof(Base.min)}}, Symbol})
#=   14.6 ms =# precompile(Tuple{typeof(Base.getproperty), Base.MappingRF{typeof(Base.first), Base.BottomRF{typeof(Base.max)}}, Symbol})
#=   10.1 ms =# precompile(Tuple{typeof(Base.getproperty), Base.MappingRF{typeof(Base.last), Base.BottomRF{typeof(Base.min)}}, Symbol})
#=   12.1 ms =# precompile(Tuple{Base.Iterators.var"#IteratorSize##0#IteratorSize##1"{Tuple{Array{Symbolics.Num, 1}, Array{String, 1}}}, Int64})
#=   19.3 ms =# precompile(Tuple{typeof(Base.getproperty), Base.MappingRF{Main.var"#single_condition##18#single_condition##19", Base.BottomRF{typeof(Base.max)}}, Symbol})
#=   20.2 ms =# precompile(Tuple{typeof(Base.getproperty), Base.FilteringRF{Main.var"#single_condition##61#single_condition##62", Base.MappingRF{Main.var"#single_condition##59#single_condition##60", Base.BottomRF{typeof(Base.max)}}}, Symbol})
#=   17.5 ms =# precompile(Tuple{typeof(Base.getproperty), Base.MappingRF{Main.var"#single_condition##59#single_condition##60", Base.BottomRF{typeof(Base.max)}}, Symbol})

==============================================================
Profile collected. A report will print at the next yield point.
Disabling --trace-compile
==============================================================


======================================================================================
Information request received. A stacktrace will print followed by a 10.0 second profile.
--trace-compile is enabled during profile collection.
======================================================================================

cmd: /home/orebas/.julia/juliaup/julia-1.13.0+0.x64.linux.gnu/bin/julia 2897519 running 1 of 1

signal (10): User defined signal 1
unknown function (ip: 0x780683ab2bc8) at /usr/lib/x86_64-linux-gnu/libc.so.6
unknown function (ip: 0x780683ab3cec) at /usr/lib/x86_64-linux-gnu/libc.so.6
_Znwm at /usr/lib/x86_64-linux-gnu/libstdc++.so.6 (unknown line)
_ZNSt6vectorIjSaIjEE17_M_default_appendEm at /home/orebas/.julia/juliaup/julia-1.13.0+0.x64.linux.gnu/bin/../lib/julia/libLLVM.so.20.1jl (unknown line)
_ZN4llvm7GVNPass10ValueTable20assignExpNewValueNumERNS0_10ExpressionE at /home/orebas/.julia/juliaup/julia-1.13.0+0.x64.linux.gnu/bin/../lib/julia/libLLVM.so.20.1jl (unknown line)
_ZN4llvm7GVNPass10ValueTable11lookupOrAddEPNS_5ValueE at /home/orebas/.julia/juliaup/julia-1.13.0+0.x64.linux.gnu/bin/../lib/julia/libLLVM.so.20.1jl (unknown line)
_ZN4llvm7GVNPass18processInstructionEPNS_11InstructionE at /home/orebas/.julia/juliaup/julia-1.13.0+0.x64.linux.gnu/bin/../lib/julia/libLLVM.so.20.1jl (unknown line)
_ZN4llvm7GVNPass12processBlockEPNS_10BasicBlockE at /home/orebas/.julia/juliaup/julia-1.13.0+0.x64.linux.gnu/bin/../lib/julia/libLLVM.so.20.1jl (unknown line)
_ZN4llvm7GVNPass7runImplERNS_8FunctionERNS_15AssumptionCacheERNS_13DominatorTreeERKNS_17TargetLibraryInfoERNS_9AAResultsEPNS_23MemoryDependenceResultsERNS_8LoopInfoEPNS_25OptimizationRemarkEmitterEPNS_9MemorySSAE at /home/orebas/.julia/juliaup/julia-1.13.0+0.x64.linux.gnu/bin/../lib/julia/libLLVM.so.20.1jl (unknown line)
_ZN4llvm7GVNPass3runERNS_8FunctionERNS_15AnalysisManagerIS1_JEEE at /home/orebas/.julia/juliaup/julia-1.13.0+0.x64.linux.gnu/bin/../lib/julia/libLLVM.so.20.1jl (unknown line)
warning: address range table at offset 0x3900 has a premature terminator entry at offset 0x4260
warning: address range table at offset 0x3900 has a premature terminator entry at offset 0x42c0
run at /cache/build/builder-amdci4-4/julialang/julia-ci/usr/include/llvm/IR/PassManagerInternal.h:91
_ZN4llvm11PassManagerINS_8FunctionENS_15AnalysisManagerIS1_JEEEJEE3runERS1_RS3_ at /home/orebas/.julia/juliaup/julia-1.13.0+0.x64.linux.gnu/bin/../lib/julia/libLLVM.so.20.1jl (unknown line)
run at /cache/build/builder-amdci4-4/julialang/julia-ci/usr/include/llvm/IR/PassManagerInternal.h:91
_ZN4llvm27ModuleToFunctionPassAdaptor3runERNS_6ModuleERNS_15AnalysisManagerIS1_JEEE at /home/orebas/.julia/juliaup/julia-1.13.0+0.x64.linux.gnu/bin/../lib/julia/libLLVM.so.20.1jl (unknown line)
run at /cache/build/builder-amdci4-4/julialang/julia-ci/usr/include/llvm/IR/PassManagerInternal.h:91
_ZN4llvm11PassManagerINS_6ModuleENS_15AnalysisManagerIS1_JEEEJEE3runERS1_RS3_ at /home/orebas/.julia/juliaup/julia-1.13.0+0.x64.linux.gnu/bin/../lib/julia/libLLVM.so.20.1jl (unknown line)
run at /cache/build/builder-amdci4-4/julialang/julia-ci/src/pipeline.cpp:792
operator() at /cache/build/builder-amdci4-4/julialang/julia-ci/src/jitlayers.cpp:1512
withModuleDo<(anonymous namespace)::sizedOptimizerT<N>::operator()(llvm::orc::ThreadSafeModule) [with long unsigned int N = 4]::<lambda(llvm::Module&)> > at /cache/build/builder-amdci4-4/julialang/julia-ci/usr/include/llvm/ExecutionEngine/Orc/ThreadSafeModule.h:136 [inlined]
operator() at /cache/build/builder-amdci4-4/julialang/julia-ci/src/jitlayers.cpp:1473 [inlined]
operator() at /cache/build/builder-amdci4-4/julialang/julia-ci/src/jitlayers.cpp:1648 [inlined]
addModule at /cache/build/builder-amdci4-4/julialang/julia-ci/src/jitlayers.cpp:2117
jl_compile_codeinst_now at /cache/build/builder-amdci4-4/julialang/julia-ci/src/jitlayers.cpp:681
jl_compile_codeinst_impl at /cache/build/builder-amdci4-4/julialang/julia-ci/src/jitlayers.cpp:875
jl_compile_method_internal at /cache/build/builder-amdci4-4/julialang/julia-ci/src/gf.c:3709
_jl_invoke at /cache/build/builder-amdci4-4/julialang/julia-ci/src/gf.c:4171 [inlined]
ijl_invoke at /cache/build/builder-amdci4-4/julialang/julia-ci/src/gf.c:4186
__mtkcompile at /home/orebas/.julia/packages/ModelingToolkit/zh12i/src/systems/systems.jl:1 [inlined]
#_mtkcompile#1245 at /home/orebas/.julia/packages/ModelingToolkitBase/OIqzi/src/systems/systems.jl:214
unknown function (ip: 0x7805e85a2156) at (unknown file)
_mtkcompile at /home/orebas/.julia/packages/ModelingToolkitBase/OIqzi/src/systems/systems.jl:187 [inlined]
#mtkcompile#1244 at /home/orebas/.julia/packages/ModelingToolkitBase/OIqzi/src/systems/systems.jl:154
mtkcompile at /home/orebas/.julia/packages/ModelingToolkitBase/OIqzi/src/systems/systems.jl:135 [inlined]
macro expansion at /home/orebas/.julia/packages/PEtab/o08Zn/src/petab_files/petab_model.jl:287 [inlined]
macro expansion at ./timing.jl:463 [inlined]
_get_odesys at /home/orebas/.julia/packages/PEtab/o08Zn/src/petab_files/petab_model.jl:278
macro expansion at /home/orebas/.julia/packages/PEtab/o08Zn/src/petab_files/petab_model.jl:98 [inlined]
macro expansion at ./timing.jl:463 [inlined]
_PEtabModel at /home/orebas/.julia/packages/PEtab/o08Zn/src/petab_files/petab_model.jl:83
#PEtabModel#116 at /home/orebas/.julia/packages/PEtab/o08Zn/src/petab_files/petab_model.jl:51
PEtabModel at /home/orebas/.julia/packages/PEtab/o08Zn/src/petab_files/petab_model.jl:15 [inlined]
#_load_petab_model#1 at /home/orebas/.julia/dev/ODEParameterEstimation/ext/petab/adapter.jl:31
_load_petab_model at /home/orebas/.julia/dev/ODEParameterEstimation/ext/petab/adapter.jl:24 [inlined]
#load_petab_problem#30 at /home/orebas/.julia/dev/ODEParameterEstimation/ext/petab/adapter.jl:284
load_petab_problem at /home/orebas/.julia/dev/ODEParameterEstimation/ext/petab/adapter.jl:281 [inlined]
single_condition at /tmp/odepe-si-fujita-fixed-20260914/source/common.jl:40
unknown function (ip: 0x7805e9f5e186) at (unknown file)
top-level scope at /tmp/odepe-si-fujita-fixed-20260914/source/probe_si_cost.jl:23
jl_toplevel_eval_flex at /cache/build/builder-amdci4-4/julialang/julia-ci/src/toplevel.c:731
jl_eval_toplevel_stmts at /cache/build/builder-amdci4-4/julialang/julia-ci/src/toplevel.c:585
jl_toplevel_eval_flex at /cache/build/builder-amdci4-4/julialang/julia-ci/src/toplevel.c:683
ijl_toplevel_eval at /cache/build/builder-amdci4-4/julialang/julia-ci/src/toplevel.c:754
ijl_toplevel_eval_in at /cache/build/builder-amdci4-4/julialang/julia-ci/src/toplevel.c:799
eval at ./boot.jl:489
include_string at ./loading.jl:3016
_include at ./loading.jl:3076
include at ./Base.jl:309
exec_options at ./client.jl:344
_start at ./client.jl:577
jfptr__start_59126.1 at /home/orebas/.julia/juliaup/julia-1.13.0+0.x64.linux.gnu/lib/julia/sys.so (unknown line)
jl_apply at /cache/build/builder-amdci4-4/julialang/julia-ci/src/julia.h:2318 [inlined]
true_main at /cache/build/builder-amdci4-4/julialang/julia-ci/src/jlapi.c:985
jl_repl_entrypoint at /cache/build/builder-amdci4-4/julialang/julia-ci/src/jlapi.c:1152
main at /cache/build/builder-amdci4-4/julialang/julia-ci/cli/loader_exe.c:58
unknown function (ip: 0x780683a2a600) at /usr/lib/x86_64-linux-gnu/libc.so.6
__libc_start_main at /usr/lib/x86_64-linux-gnu/libc.so.6 (unknown line)
unknown function (ip: 0x4010b8) at /workspace/srcdir/glibc-2.17/csu/../sysdeps/x86_64/start.S
unknown function (ip: (nil)) at (unknown file)

[33m#= 20113.7 ms =# precompile(Tuple{ModelingToolkit.var"##__mtkcompile#153", OrderedCollections.OrderedSet{SymbolicUtils.BasicSymbolicImpl.var"typeof(BasicSymbolicImpl)"{SymbolicUtils.SymReal}}, OrderedCollections.OrderedSet{SymbolicUtils.BasicSymbolicImpl.var"typeof(BasicSymbolicImpl)"{SymbolicUtils.SymReal}}, OrderedCollections.OrderedSet{SymbolicUtils.BasicSymbolicImpl.var"typeof(BasicSymbolicImpl)"{SymbolicUtils.SymReal}}, Bool, Base.Pairs{Symbol, Tuple{}, Nothing, NamedTuple{(:additional_passes,), Tuple{Tuple{}}}}, typeof(ModelingToolkitBase.__mtkcompile), ModelingToolkitBase.System}) # recompile[0m
[33m#=   23.6 ms =# precompile(Tuple{typeof(Base.collect_similar), Array{ModelingToolkitBase.System, 1}, Base.Generator{Array{ModelingToolkitBase.System, 1}, typeof(ModelingToolkitBase.remove_analysis_points)}}) # recompile[0m
[33m#= 1425.6 ms =# precompile(Tuple{ModelingToolkitBase.var"##expand_instream#417", Float64, Array{Symbolics.Equation, 1}, typeof(ModelingToolkitBase.expand_instream), Array{Array{ModelingToolkitBase.ConnectionVertex, 1}, 1}, ModelingToolkitBase.System}) # recompile[0m
[33m#=  104.1 ms =# precompile(Tuple{typeof(Core.kwcall), NamedTuple{(:checks,), Tuple{Bool}}, Type{ModelingToolkitBase.System}, UInt64, Array{Symbolics.Equation, 1}, Nothing, Array{Union{JumpProcesses.ConstantRateJump{F1, F2} where F2 where F1, JumpProcesses.MassActionJump{T, S, U, V} where V where U where S where T, JumpProcesses.VariableRateJump{R, F, R2, R3, R4, I, T, T2} where T2 where T where I where R4 where R3 where R2 where F where R}, 1}, Array{Union{Symbolics.Equation, Symbolics.Inequality}, 1}, Array{SymbolicUtils.BasicSymbolicImpl.var"typeof(BasicSymbolicImpl)"{SymbolicUtils.SymReal}, 1}, typeof(ModelingToolkitBase.default_consolidate), Array{SymbolicUtils.BasicSymbolicImpl.var"typeof(BasicSymbolicImpl)"{SymbolicUtils.SymReal}, 1}, Array{SymbolicUtils.BasicSymbolicImpl.var"typeof(BasicSymbolicImpl)"{SymbolicUtils.SymReal}, 1}, Array{SymbolicUtils.BasicSymbolicImpl.var"typeof(BasicSymbolicImpl)"{SymbolicUtils.SymReal}, 1}, Array{SymbolicUtils.BasicSymbolicImpl.var"typeof(BasicSymbolicImpl)"{SymbolicUtils.SymReal}, 1}, SymbolicUtils.BasicSymbolicImpl.var"typeof(BasicSymbolicImpl)"{SymbolicUtils.SymReal}, Array{Symbolics.Equation, 1}, Base.Dict{Symbol, SymbolicUtils.BasicSymbolicImpl.var"typeof(BasicSymbolicImpl)"{SymbolicUtils.SymReal}}, Symbol, String, ModelingToolkitBase.AtomicArrayDict{SymbolicUtils.BasicSymbolicImpl.var"typeof(BasicSymbolicImpl)"{SymbolicUtils.SymReal}, Base.Dict{SymbolicUtils.BasicSymbolicImpl.var"typeof(BasicSymbolicImpl)"{SymbolicUtils.SymReal}, SymbolicUtils.BasicSymbolicImpl.var"typeof(BasicSymbolicImpl)"{SymbolicUtils.SymReal}}}, ModelingToolkitBase.AtomicArrayDict{SymbolicUtils.BasicSymbolicImpl.var"typeof(BasicSymbolicImpl)"{SymbolicUtils.SymReal}, Base.Dict{SymbolicUtils.BasicSymbolicImpl.var"typeof(BasicSymbolicImpl)"{SymbolicUtils.SymReal}, SymbolicUtils.BasicSymbolicImpl.var"typeof(BasicSymbolicImpl)"{SymbolicUtils.SymReal}}}, ModelingToolkitBase.AtomicArrayDict{SymbolicUtils.BasicSymbolicImpl.var"typeof(BasicSymbolicImpl)"{SymbolicUtils.SymReal}, Base.Dict{SymbolicUtils.BasicSymbolicImpl.var"typeof(BasicSymbolicImpl)"{SymbolicUtils.SymReal}, SymbolicUtils.BasicSymbolicImpl.var"typeof(BasicSymbolicImpl)"{SymbolicUtils.SymReal}}}, Array{ModelingToolkitBase.System, 1}, Array{Symbolics.Equation, 1}, Array{ModelingToolkitBase.SymbolicContinuousCallback, 1}, Array{ModelingToolkitBase.SymbolicDiscreteCallback, 1}, Nothing, Base.Dict{SymbolicUtils.BasicSymbolicImpl.var"typeof(BasicSymbolicImpl)"{SymbolicUtils.SymReal}, String}, Base.ImmutableDict{typeof(DataType), Any}, Nothing, Bool, Array{Any, 1}, Nothing, OrderedCollections.OrderedSet{SymbolicUtils.BasicSymbolicImpl.var"typeof(BasicSymbolicImpl)"{SymbolicUtils.SymReal}}, OrderedCollections.OrderedSet{SymbolicUtils.BasicSymbolicImpl.var"typeof(BasicSymbolicImpl)"{SymbolicUtils.SymReal}}, Nothing, Bool, Bool, Nothing, Nothing, Nothing, Nothing, Nothing, Nothing, Bool, Bool, ModelingToolkitBase.AtomicArrayDict{Int64, Base.Dict{SymbolicUtils.BasicSymbolicImpl.var"typeof(BasicSymbolicImpl)"{SymbolicUtils.SymReal}, Int64}}, ModelingToolkitBase.AtomicArraySet{Base.Dict{SymbolicUtils.BasicSymbolicImpl.var"typeof(BasicSymbolicImpl)"{SymbolicUtils.SymReal}, Nothing}}, ModelingToolkitBase.AtomicArraySet{Base.Dict{SymbolicUtils.BasicSymbolicImpl.var"typeof(BasicSymbolicImpl)"{SymbolicUtils.SymReal}, Nothing}}, TaskLocalValues.TaskLocalValue{SymbolicUtils.IRStructure{SymbolicUtils.SymReal}, typeof(ModelingToolkitBase.__new_irstructure)}, Bool, Nothing, Base.Dict{SymbolicUtils.BasicSymbolicImpl.var"typeof(BasicSymbolicImpl)"{SymbolicUtils.SymReal}, SymbolicUtils.BasicSymbolicImpl.var"typeof(BasicSymbolicImpl)"{SymbolicUtils.SymReal}}}) # recompile[0m
[33m#=   97.6 ms =# precompile(Tuple{typeof(Core.kwcall), NamedTuple{(:checks,), Tuple{Bool}}, Type{ModelingToolkitBase.System}, UInt64, Array{Symbolics.Equation, 1}, Nothing, Array{Union{JumpProcesses.ConstantRateJump{F1, F2} where F2 where F1, JumpProcesses.MassActionJump{T, S, U, V} where V where U where S where T, JumpProcesses.VariableRateJump{R, F, R2, R3, R4, I, T, T2} where T2 where T where I where R4 where R3 where R2 where F where R}, 1}, Array{Union{Symbolics.Equation, Symbolics.Inequality}, 1}, Array{SymbolicUtils.BasicSymbolicImpl.var"typeof(BasicSymbolicImpl)"{SymbolicUtils.SymReal}, 1}, typeof(ModelingToolkitBase.default_consolidate), Array{SymbolicUtils.BasicSymbolicImpl.var"typeof(BasicSymbolicImpl)"{SymbolicUtils.SymReal}, 1}, Array{SymbolicUtils.BasicSymbolicImpl.var"typeof(BasicSymbolicImpl)"{SymbolicUtils.SymReal}, 1}, Array{SymbolicUtils.BasicSymbolicImpl.var"typeof(BasicSymbolicImpl)"{SymbolicUtils.SymReal}, 1}, Array{SymbolicUtils.BasicSymbolicImpl.var"typeof(BasicSymbolicImpl)"{SymbolicUtils.SymReal}, 1}, SymbolicUtils.BasicSymbolicImpl.var"typeof(BasicSymbolicImpl)"{SymbolicUtils.SymReal}, Array{Symbolics.Equation, 1}, Base.Dict{Symbol, SymbolicUtils.BasicSymbolicImpl.var"typeof(BasicSymbolicImpl)"{SymbolicUtils.SymReal}}, Symbol, String, ReadOnlyDicts.ReadOnlyDict{SymbolicUtils.BasicSymbolicImpl.var"typeof(BasicSymbolicImpl)"{SymbolicUtils.SymReal}, SymbolicUtils.BasicSymbolicImpl.var"typeof(BasicSymbolicImpl)"{SymbolicUtils.SymReal}, ModelingToolkitBase.AtomicArrayDict{SymbolicUtils.BasicSymbolicImpl.var"typeof(BasicSymbolicImpl)"{SymbolicUtils.SymReal}, Base.Dict{SymbolicUtils.BasicSymbolicImpl.var"typeof(BasicSymbolicImpl)"{SymbolicUtils.SymReal}, SymbolicUtils.BasicSymbolicImpl.var"typeof(BasicSymbolicImpl)"{SymbolicUtils.SymReal}}}}, ModelingToolkitBase.AtomicArrayDict{SymbolicUtils.BasicSymbolicImpl.var"typeof(BasicSymbolicImpl)"{SymbolicUtils.SymReal}, Base.Dict{SymbolicUtils.BasicSymbolicImpl.var"typeof(BasicSymbolicImpl)"{SymbolicUtils.SymReal}, SymbolicUtils.BasicSymbolicImpl.var"typeof(BasicSymbolicImpl)"{SymbolicUtils.SymReal}}}, ModelingToolkitBase.AtomicArrayDict{SymbolicUtils.BasicSymbolicImpl.var"typeof(BasicSymbolicImpl)"{SymbolicUtils.SymReal}, Base.Dict{SymbolicUtils.BasicSymbolicImpl.var"typeof(BasicSymbolicImpl)"{SymbolicUtils.SymReal}, SymbolicUtils.BasicSymbolicImpl.var"typeof(BasicSymbolicImpl)"{SymbolicUtils.SymReal}}}, Array{ModelingToolkitBase.System, 1}, Array{Symbolics.Equation, 1}, Array{ModelingToolkitBase.SymbolicContinuousCallback, 1}, Array{ModelingToolkitBase.SymbolicDiscreteCallback, 1}, Nothing, Base.Dict{SymbolicUtils.BasicSymbolicImpl.var"typeof(BasicSymbolicImpl)"{SymbolicUtils.SymReal}, String}, Base.ImmutableDict{typeof(DataType), Any}, Nothing, Bool, Array{Any, 1}, Nothing, OrderedCollections.OrderedSet{SymbolicUtils.BasicSymbolicImpl.var"typeof(BasicSymbolicImpl)"{SymbolicUtils.SymReal}}, OrderedCollections.OrderedSet{SymbolicUtils.BasicSymbolicImpl.var"typeof(BasicSymbolicImpl)"{SymbolicUtils.SymReal}}, Nothing, Bool, Bool, Nothing, Nothing, Nothing, Nothing, ModelingToolkitBase.System, Nothing, Bool, Bool, ModelingToolkitBase.AtomicArrayDict{Int64, Base.Dict{SymbolicUtils.BasicSymbolicImpl.var"typeof(BasicSymbolicImpl)"{SymbolicUtils.SymReal}, Int64}}, ModelingToolkitBase.AtomicArraySet{Base.Dict{SymbolicUtils.BasicSymbolicImpl.var"typeof(BasicSymbolicImpl)"{SymbolicUtils.SymReal}, Nothing}}, ModelingToolkitBase.AtomicArraySet{Base.Dict{SymbolicUtils.BasicSymbolicImpl.var"typeof(BasicSymbolicImpl)"{SymbolicUtils.SymReal}, Nothing}}, TaskLocalValues.TaskLocalValue{SymbolicUtils.IRStructure{SymbolicUtils.SymReal}, typeof(ModelingToolkitBase.__new_irstructure)}, Bool, Nothing, Base.Dict{SymbolicUtils.BasicSymbolicImpl.var"typeof(BasicSymbolicImpl)"{SymbolicUtils.SymReal}, SymbolicUtils.BasicSymbolicImpl.var"typeof(BasicSymbolicImpl)"{SymbolicUtils.SymReal}}}) # recompile[0m
#=    6.0 ms =# precompile(Tuple{typeof(Base.getindex), Array{SymbolicUtils.BasicSymbolicImpl.var"typeof(BasicSymbolicImpl)"{SymbolicUtils.SymReal}, 1}, Int64})
[33m#=   33.2 ms =# precompile(Tuple{ModelingToolkitTearing.var"#ckey#sort_fullvars##0"{Base.Dict{SymbolicUtils.BasicSymbolicImpl.var"typeof(BasicSymbolicImpl)"{SymbolicUtils.SymReal}, Any}}, SymbolicUtils.BasicSymbolicImpl.var"typeof(BasicSymbolicImpl)"{SymbolicUtils.SymReal}}) # recompile[0m
#=   39.8 ms =# precompile(Tuple{typeof(Base.getindex), Array{SymbolicUtils.BasicSymbolicImpl.var"typeof(BasicSymbolicImpl)"{SymbolicUtils.SymReal}, 1}, Array{Int64, 1}})
#=    7.0 ms =# precompile(Tuple{typeof(Base.Iterators.zip), Array{SymbolicUtils.BasicSymbolicImpl.var"typeof(BasicSymbolicImpl)"{SymbolicUtils.SymReal}, 1}, Array{SymbolicUtils.BasicSymbolicImpl.var"typeof(BasicSymbolicImpl)"{SymbolicUtils.SymReal}, 1}})
[33m#=   35.1 ms =# precompile(Tuple{Type{Base.Dict{SymbolicUtils.BasicSymbolicImpl.var"typeof(BasicSymbolicImpl)"{SymbolicUtils.SymReal}, SymbolicUtils.BasicSymbolicImpl.var"typeof(BasicSymbolicImpl)"{SymbolicUtils.SymReal}}}, Base.Iterators.Zip{Tuple{Array{SymbolicUtils.BasicSymbolicImpl.var"typeof(BasicSymbolicImpl)"{SymbolicUtils.SymReal}, 1}, Array{SymbolicUtils.BasicSymbolicImpl.var"typeof(BasicSymbolicImpl)"{SymbolicUtils.SymReal}, 1}}}}) # recompile[0m
[33m#=  271.3 ms =# precompile(Tuple{typeof(Core.kwcall), NamedTuple{(:by,), Tuple{ModelingToolkitTearing.var"#ckey#sort_fullvars##0"{Base.Dict{SymbolicUtils.BasicSymbolicImpl.var"typeof(BasicSymbolicImpl)"{SymbolicUtils.SymReal}, Any}}}}, typeof(Base.sort), Array{SymbolicUtils.BasicSymbolicImpl.var"typeof(BasicSymbolicImpl)"{SymbolicUtils.SymReal}, 1}}) # recompile[0m
#=   10.7 ms =# precompile(Tuple{typeof(Base.iterate), Array{SymbolicUtils.BasicSymbolicImpl.var"typeof(BasicSymbolicImpl)"{SymbolicUtils.SymReal}, 1}})
#=    7.4 ms =# precompile(Tuple{typeof(Base.in), SymbolicUtils.BasicSymbolicImpl.var"typeof(BasicSymbolicImpl)"{SymbolicUtils.SymReal}, OrderedCollections.OrderedSet{SymbolicUtils.BasicSymbolicImpl.var"typeof(BasicSymbolicImpl)"{SymbolicUtils.SymReal}}})
#=   10.9 ms =# precompile(Tuple{typeof(Base.iterate), Array{SymbolicUtils.BasicSymbolicImpl.var"typeof(BasicSymbolicImpl)"{SymbolicUtils.SymReal}, 1}, Int64})
[33m#=    6.2 ms =# precompile(Tuple{typeof(Base.push!), OrderedCollections.OrderedSet{SymbolicUtils.BasicSymbolicImpl.var"typeof(BasicSymbolicImpl)"{SymbolicUtils.SymReal}}, SymbolicUtils.BasicSymbolicImpl.var"typeof(BasicSymbolicImpl)"{SymbolicUtils.SymReal}}) # recompile[0m
[33m#=   66.9 ms =# precompile(Tuple{typeof(Base.indexin), Array{SymbolicUtils.BasicSymbolicImpl.var"typeof(BasicSymbolicImpl)"{SymbolicUtils.SymReal}, 1}, Array{SymbolicUtils.BasicSymbolicImpl.var"typeof(BasicSymbolicImpl)"{SymbolicUtils.SymReal}, 1}}) # recompile[0m
#=    5.5 ms =# precompile(Tuple{typeof(Base.eachindex), Array{SymbolicUtils.BasicSymbolicImpl.var"typeof(BasicSymbolicImpl)"{SymbolicUtils.SymReal}, 1}})
[33m#=  371.9 ms =# precompile(Tuple{typeof(Base.Sort._sort!), Array{SymbolicUtils.BasicSymbolicImpl.var"typeof(BasicSymbolicImpl)"{SymbolicUtils.SymReal}, 1}, Base.Sort.DefaultStable, Base.Order.Lt{typeof(SymbolicUtils.:(<ₑ))}, NamedTuple{(:scratch,), Tuple{Nothing}}}) # recompile[0m
#=    7.3 ms =# precompile(Tuple{Type{SymbolicUtils.SmallVec{Symbol, Array{Symbol, 1}}}, Tuple{Symbol}})
#=   11.2 ms =# precompile(Tuple{typeof(Base.vect), Tuple{Int64, Float64, Float64}})
#=    3.7 ms =# precompile(Tuple{typeof(Base.length), Array{SymbolicUtils.BasicSymbolicImpl.var"typeof(BasicSymbolicImpl)"{SymbolicUtils.SymReal}, 1}})
#=    9.5 ms =# precompile(Tuple{typeof(Base.delete!), Base.Set{SymbolicUtils.BasicSymbolicImpl.var"typeof(BasicSymbolicImpl)"{SymbolicUtils.SymReal}}, SymbolicUtils.BasicSymbolicImpl.var"typeof(BasicSymbolicImpl)"{SymbolicUtils.SymReal}})
[33m#=   97.6 ms =# precompile(Tuple{typeof(Core.kwcall), NamedTuple{(:checks,), Tuple{Bool}}, Type{ModelingToolkitBase.System}, UInt64, Array{Symbolics.Equation, 1}, Nothing, Array{Union{JumpProcesses.ConstantRateJump{F1, F2} where F2 where F1, JumpProcesses.MassActionJump{T, S, U, V} where V where U where S where T, JumpProcesses.VariableRateJump{R, F, R2, R3, R4, I, T, T2} where T2 where T where I where R4 where R3 where R2 where F where R}, 1}, Array{Union{Symbolics.Equation, Symbolics.Inequality}, 1}, Array{SymbolicUtils.BasicSymbolicImpl.var"typeof(BasicSymbolicImpl)"{SymbolicUtils.SymReal}, 1}, typeof(ModelingToolkitBase.default_consolidate), Array{SymbolicUtils.BasicSymbolicImpl.var"typeof(BasicSymbolicImpl)"{SymbolicUtils.SymReal}, 1}, Array{SymbolicUtils.BasicSymbolicImpl.var"typeof(BasicSymbolicImpl)"{SymbolicUtils.SymReal}, 1}, Array{SymbolicUtils.BasicSymbolicImpl.var"typeof(BasicSymbolicImpl)"{SymbolicUtils.SymReal}, 1}, Array{SymbolicUtils.BasicSymbolicImpl.var"typeof(BasicSymbolicImpl)"{SymbolicUtils.SymReal}, 1}, SymbolicUtils.BasicSymbolicImpl.var"typeof(BasicSymbolicImpl)"{SymbolicUtils.SymReal}, Array{Symbolics.Equation, 1}, Base.Dict{Symbol, SymbolicUtils.BasicSymbolicImpl.var"typeof(BasicSymbolicImpl)"{SymbolicUtils.SymReal}}, Symbol, String, ModelingToolkitBase.AtomicArrayDict{SymbolicUtils.BasicSymbolicImpl.var"typeof(BasicSymbolicImpl)"{SymbolicUtils.SymReal}, Base.Dict{SymbolicUtils.BasicSymbolicImpl.var"typeof(BasicSymbolicImpl)"{SymbolicUtils.SymReal}, SymbolicUtils.BasicSymbolicImpl.var"typeof(BasicSymbolicImpl)"{SymbolicUtils.SymReal}}}, ModelingToolkitBase.AtomicArrayDict{SymbolicUtils.BasicSymbolicImpl.var"typeof(BasicSymbolicImpl)"{SymbolicUtils.SymReal}, Base.Dict{SymbolicUtils.BasicSymbolicImpl.var"typeof(BasicSymbolicImpl)"{SymbolicUtils.SymReal}, SymbolicUtils.BasicSymbolicImpl.var"typeof(BasicSymbolicImpl)"{SymbolicUtils.SymReal}}}, ModelingToolkitBase.AtomicArrayDict{SymbolicUtils.BasicSymbolicImpl.var"typeof(BasicSymbolicImpl)"{SymbolicUtils.SymReal}, Base.Dict{SymbolicUtils.BasicSymbolicImpl.var"typeof(BasicSymbolicImpl)"{SymbolicUtils.SymReal}, SymbolicUtils.BasicSymbolicImpl.var"typeof(BasicSymbolicImpl)"{SymbolicUtils.SymReal}}}, Array{ModelingToolkitBase.System, 1}, Array{Symbolics.Equation, 1}, Array{ModelingToolkitBase.SymbolicContinuousCallback, 1}, Array{ModelingToolkitBase.SymbolicDiscreteCallback, 1}, Nothing, Base.Dict{SymbolicUtils.BasicSymbolicImpl.var"typeof(BasicSymbolicImpl)"{SymbolicUtils.SymReal}, String}, Base.ImmutableDict{typeof(DataType), Any}, Nothing, Bool, Array{Any, 1}, Nothing, OrderedCollections.OrderedSet{SymbolicUtils.BasicSymbolicImpl.var"typeof(BasicSymbolicImpl)"{SymbolicUtils.SymReal}}, OrderedCollections.OrderedSet{SymbolicUtils.BasicSymbolicImpl.var"typeof(BasicSymbolicImpl)"{SymbolicUtils.SymReal}}, Nothing, Bool, Bool, Nothing, Nothing, Nothing, Nothing, ModelingToolkitBase.System, Nothing, Bool, Bool, ModelingToolkitBase.AtomicArrayDict{Int64, Base.Dict{SymbolicUtils.BasicSymbolicImpl.var"typeof(BasicSymbolicImpl)"{SymbolicUtils.SymReal}, Int64}}, ModelingToolkitBase.AtomicArraySet{Base.Dict{SymbolicUtils.BasicSymbolicImpl.var"typeof(BasicSymbolicImpl)"{SymbolicUtils.SymReal}, Nothing}}, ModelingToolkitBase.AtomicArraySet{Base.Dict{SymbolicUtils.BasicSymbolicImpl.var"typeof(BasicSymbolicImpl)"{SymbolicUtils.SymReal}, Nothing}}, TaskLocalValues.TaskLocalValue{SymbolicUtils.IRStructure{SymbolicUtils.SymReal}, typeof(ModelingToolkitBase.__new_irstructure)}, Bool, Nothing, Base.Dict{SymbolicUtils.BasicSymbolicImpl.var"typeof(BasicSymbolicImpl)"{SymbolicUtils.SymReal}, SymbolicUtils.BasicSymbolicImpl.var"typeof(BasicSymbolicImpl)"{SymbolicUtils.SymReal}}}) # recompile[0m
[33m#=  137.2 ms =# precompile(Tuple{typeof(Base.setindex!), Base.Dict{SymbolicUtils.BasicSymbolicImpl.var"typeof(BasicSymbolicImpl)"{SymbolicUtils.SymReal}, SciMLBase.AbstractClock}, SciMLBase.ContinuousClock, SymbolicUtils.BasicSymbolicImpl.var"typeof(BasicSymbolicImpl)"{SymbolicUtils.SymReal}}) # recompile[0m
[33m#=   32.8 ms =# precompile(Tuple{typeof(Base.getindex), TaskLocalValues.TaskLocalValue{SymbolicUtils.IRStructure{SymbolicUtils.SymReal}, typeof(ModelingToolkitBase.__new_irstructure)}}) # recompile[0m
[33m#=   41.8 ms =# precompile(Tuple{typeof(Base._any), Base.Fix{1, typeof(Symbolics._linear_expansion_occursin), Symbolics.LinearExpander}, ReadOnlyArrays.ReadOnlyArray{SymbolicUtils.BasicSymbolicImpl.var"typeof(BasicSymbolicImpl)"{SymbolicUtils.SymReal}, 1, SymbolicUtils.SmallVec{SymbolicUtils.BasicSymbolicImpl.var"typeof(BasicSymbolicImpl)"{SymbolicUtils.SymReal}, Array{SymbolicUtils.BasicSymbolicImpl.var"typeof(BasicSymbolicImpl)"{SymbolicUtils.SymReal}, 1}}}, Base.Colon}) # recompile[0m
[33m#=    6.6 ms =# precompile(Tuple{typeof(Base.:(*)), SymbolicUtils.BasicSymbolicImpl.var"typeof(BasicSymbolicImpl)"{SymbolicUtils.SymReal}, Int64}) # recompile[0m
[33m#=   46.3 ms =# precompile(Tuple{typeof(Core.kwcall), NamedTuple{(:mm,), Tuple{StateSelection.CLIL.SparseMatrixCLIL{Int64, Int64}}}, typeof(StateSelection.dummy_derivative_graph!), ModelingToolkitTearing.SystemStructure, BipartiteGraphs.Matching{BipartiteGraphs.Unassigned, Array{Union{BipartiteGraphs.Unassigned, Int64}, 1}}, Function, Function, Base.Val{false}}) # recompile[0m
#=   17.4 ms =# precompile(Tuple{typeof(Base.:(var"==")), Core.CodeInstance, Core.MethodInstance})

==============================================================
Profile collected. A report will print at the next yield point.
Disabling --trace-compile
==============================================================


======================================================================================
Information request received. A stacktrace will print followed by a 10.0 second profile.
--trace-compile is enabled during profile collection.
======================================================================================

cmd: /home/orebas/.julia/juliaup/julia-1.13.0+0.x64.linux.gnu/bin/julia 2897519 running 1 of 1

signal (10): User defined signal 1
_ZNK4llvm11Instruction26getNextNonDebugInstructionEb at /home/orebas/.julia/juliaup/julia-1.13.0+0.x64.linux.gnu/bin/../lib/julia/libLLVM.so.20.1jl (unknown line)
_ZL15markAliveBlocksRN4llvm8FunctionERNS_15SmallPtrSetImplIPNS_10BasicBlockEEEPNS_14DomTreeUpdaterE.constprop.0 at /home/orebas/.julia/juliaup/julia-1.13.0+0.x64.linux.gnu/bin/../lib/julia/libLLVM.so.20.1jl (unknown line)
_ZN4llvm23removeUnreachableBlocksERNS_8FunctionEPNS_14DomTreeUpdaterEPNS_16MemorySSAUpdaterE at /home/orebas/.julia/juliaup/julia-1.13.0+0.x64.linux.gnu/bin/../lib/julia/libLLVM.so.20.1jl (unknown line)
_ZL23simplifyFunctionCFGImplRN4llvm8FunctionERKNS_19TargetTransformInfoEPNS_13DominatorTreeERKNS_18SimplifyCFGOptionsE at /home/orebas/.julia/juliaup/julia-1.13.0+0.x64.linux.gnu/bin/../lib/julia/libLLVM.so.20.1jl (unknown line)
_ZN4llvm15SimplifyCFGPass3runERNS_8FunctionERNS_15AnalysisManagerIS1_JEEE at /home/orebas/.julia/juliaup/julia-1.13.0+0.x64.linux.gnu/bin/../lib/julia/libLLVM.so.20.1jl (unknown line)
run at /cache/build/builder-amdci4-4/julialang/julia-ci/usr/include/llvm/IR/PassManagerInternal.h:91
_ZN4llvm11PassManagerINS_8FunctionENS_15AnalysisManagerIS1_JEEEJEE3runERS1_RS3_ at /home/orebas/.julia/juliaup/julia-1.13.0+0.x64.linux.gnu/bin/../lib/julia/libLLVM.so.20.1jl (unknown line)
run at /cache/build/builder-amdci4-4/julialang/julia-ci/usr/include/llvm/IR/PassManagerInternal.h:91
_ZN4llvm27ModuleToFunctionPassAdaptor3runERNS_6ModuleERNS_15AnalysisManagerIS1_JEEE at /home/orebas/.julia/juliaup/julia-1.13.0+0.x64.linux.gnu/bin/../lib/julia/libLLVM.so.20.1jl (unknown line)
run at /cache/build/builder-amdci4-4/julialang/julia-ci/usr/include/llvm/IR/PassManagerInternal.h:91
_ZN4llvm11PassManagerINS_6ModuleENS_15AnalysisManagerIS1_JEEEJEE3runERS1_RS3_ at /home/orebas/.julia/juliaup/julia-1.13.0+0.x64.linux.gnu/bin/../lib/julia/libLLVM.so.20.1jl (unknown line)
run at /cache/build/builder-amdci4-4/julialang/julia-ci/src/pipeline.cpp:792
operator() at /cache/build/builder-amdci4-4/julialang/julia-ci/src/jitlayers.cpp:1512
withModuleDo<(anonymous namespace)::sizedOptimizerT<N>::operator()(llvm::orc::ThreadSafeModule) [with long unsigned int N = 4]::<lambda(llvm::Module&)> > at /cache/build/builder-amdci4-4/julialang/julia-ci/usr/include/llvm/ExecutionEngine/Orc/ThreadSafeModule.h:136 [inlined]
operator() at /cache/build/builder-amdci4-4/julialang/julia-ci/src/jitlayers.cpp:1473 [inlined]
operator() at /cache/build/builder-amdci4-4/julialang/julia-ci/src/jitlayers.cpp:1648 [inlined]
addModule at /cache/build/builder-amdci4-4/julialang/julia-ci/src/jitlayers.cpp:2117
jl_compile_codeinst_now at /cache/build/builder-amdci4-4/julialang/julia-ci/src/jitlayers.cpp:681
jl_compile_codeinst_impl at /cache/build/builder-amdci4-4/julialang/julia-ci/src/jitlayers.cpp:875
jl_compile_method_internal at /cache/build/builder-amdci4-4/julialang/julia-ci/src/gf.c:3709
_jl_invoke at /cache/build/builder-amdci4-4/julialang/julia-ci/src/gf.c:4171 [inlined]
ijl_apply_generic at /cache/build/builder-amdci4-4/julialang/julia-ci/src/gf.c:4380
power_series_solution at /home/orebas/.julia/packages/StructuralIdentifiability/S5eMo/src/ODE.jl:176
differentiate_solution at /home/orebas/.julia/packages/StructuralIdentifiability/S5eMo/src/local_identifiability.jl:35
differentiate_output at /home/orebas/.julia/packages/StructuralIdentifiability/S5eMo/src/local_identifiability.jl:93
#_assess_local_identifiability#96 at /home/orebas/.julia/packages/StructuralIdentifiability/S5eMo/src/local_identifiability.jl:266
_assess_local_identifiability at /home/orebas/.julia/packages/StructuralIdentifiability/S5eMo/src/local_identifiability.jl:181 [inlined]
#94 at /home/orebas/.julia/packages/StructuralIdentifiability/S5eMo/src/local_identifiability.jl:171 [inlined]
with_logstate at ./logging/logging.jl:542
with_logger at ./logging/logging.jl:653 [inlined]
#assess_local_identifiability#92 at /home/orebas/.julia/packages/StructuralIdentifiability/S5eMo/src/local_identifiability.jl:170 [inlined]
assess_local_identifiability at /home/orebas/.julia/packages/StructuralIdentifiability/S5eMo/src/local_identifiability.jl:160
unknown function (ip: 0x7805e2ba7dcf) at (unknown file)
macro expansion at ./timing.jl:699 [inlined]
top-level scope at /tmp/odepe-si-fujita-fixed-20260914/source/probe_si_cost.jl:54
jl_toplevel_eval_flex at /cache/build/builder-amdci4-4/julialang/julia-ci/src/toplevel.c:731
jl_eval_toplevel_stmts at /cache/build/builder-amdci4-4/julialang/julia-ci/src/toplevel.c:585
jl_toplevel_eval_flex at /cache/build/builder-amdci4-4/julialang/julia-ci/src/toplevel.c:683
ijl_toplevel_eval at /cache/build/builder-amdci4-4/julialang/julia-ci/src/toplevel.c:754
ijl_toplevel_eval_in at /cache/build/builder-amdci4-4/julialang/julia-ci/src/toplevel.c:799
eval at ./boot.jl:489
include_string at ./loading.jl:3016
_include at ./loading.jl:3076
include at ./Base.jl:309
exec_options at ./client.jl:344
_start at ./client.jl:577
jfptr__start_59126.1 at /home/orebas/.julia/juliaup/julia-1.13.0+0.x64.linux.gnu/lib/julia/sys.so (unknown line)
jl_apply at /cache/build/builder-amdci4-4/julialang/julia-ci/src/julia.h:2318 [inlined]
true_main at /cache/build/builder-amdci4-4/julialang/julia-ci/src/jlapi.c:985
jl_repl_entrypoint at /cache/build/builder-amdci4-4/julialang/julia-ci/src/jlapi.c:1152
main at /cache/build/builder-amdci4-4/julialang/julia-ci/cli/loader_exe.c:58
unknown function (ip: 0x780683a2a600) at /usr/lib/x86_64-linux-gnu/libc.so.6
__libc_start_main at /usr/lib/x86_64-linux-gnu/libc.so.6 (unknown line)
unknown function (ip: 0x4010b8) at /workspace/srcdir/glibc-2.17/csu/../sysdeps/x86_64/start.S
unknown function (ip: (nil)) at (unknown file)

#=   29.4 ms =# precompile(Tuple{typeof(StructuralIdentifiability.switch_ring), Nemo.fpMPolyRingElem, Nemo.fpMPolyRing})
#=   14.7 ms =# precompile(Tuple{typeof(Base._iterate_dict), Base.Dict{Nemo.fpMPolyRingElem, Union{AbstractAlgebra.Generic.FracFieldElem{Nemo.fpMPolyRingElem}, Nemo.fpMPolyRingElem}}, Int64})
#=  213.2 ms =# precompile(Tuple{StructuralIdentifiability.var"#power_series_solution##4#power_series_solution##5"{Base.Dict{Nemo.fpMPolyRingElem, Nemo.fpMPolyRingElem}}, Nemo.fpMPolyRingElem})
#=   14.3 ms =# precompile(Tuple{typeof(RationalFunctionFields.str_to_var), String, Nemo.fpMPolyRing})
#=    7.3 ms =# precompile(Tuple{Type{Base.Generator{I, F} where F where I}, StructuralIdentifiability.var"#power_series_solution##6#power_series_solution##7"{Nemo.fpMPolyRing}, Base.Dict{Nemo.fpMPolyRingElem, Array{Nemo.fpFieldElem, 1}}})
#=   72.1 ms =# precompile(Tuple{Type{Base.Dict{K, V} where V where K}, Base.Generator{Base.Dict{Nemo.fpMPolyRingElem, Array{Nemo.fpFieldElem, 1}}, StructuralIdentifiability.var"#power_series_solution##6#power_series_solution##7"{Nemo.fpMPolyRing}}})
#=    7.9 ms =# precompile(Tuple{Type{Base.Generator{I, F} where F where I}, StructuralIdentifiability.var"#power_series_solution##8#power_series_solution##9"{Nemo.fpMPolyRing}, Base.Dict{Nemo.fpMPolyRingElem, Nemo.fpFieldElem}})
#=   65.2 ms =# precompile(Tuple{Type{Base.Dict{K, V} where V where K}, Base.Generator{Base.Dict{Nemo.fpMPolyRingElem, Nemo.fpFieldElem}, StructuralIdentifiability.var"#power_series_solution##8#power_series_solution##9"{Nemo.fpMPolyRing}}})
#=   21.9 ms =# precompile(Tuple{typeof(Base.print), Base.GenericIOBuffer{Memory{UInt8}}, Nemo.fpMPolyRingElem})
#=   82.7 ms =# precompile(Tuple{typeof(Core.kwcall), NamedTuple{(:context,), Tuple{Nothing}}, typeof(AbstractAlgebra.PrettyPrinting.expressify), Nemo.fpMPolyRingElem})
#=   14.7 ms =# precompile(Tuple{typeof(AbstractAlgebra.set_precision!), Nemo.fpAbsPowerSeriesRingElem, Int64})
#=   22.0 ms =# precompile(Tuple{typeof(Base.hashindex), Nemo.fpMPolyRingElem, Int64})
#=    5.2 ms =# precompile(Tuple{typeof(Base.isequal), Nemo.fpMPolyRingElem, Nemo.fpMPolyRingElem})
#=   26.6 ms =# precompile(Tuple{typeof(Base.copy), Nemo.fpAbsPowerSeriesRingElem})
#=   13.5 ms =# precompile(Tuple{typeof(Base._array_for_inner), Type{Nemo.fpAbsPowerSeriesRingElem}, Base.HasShape{1}, Tuple{Base.OneTo{Int64}}})
#=   46.5 ms =# precompile(Tuple{typeof(Base.collect_to_with_first!), Array{Nemo.fpAbsPowerSeriesRingElem, 1}, Nemo.fpAbsPowerSeriesRingElem, Base.Generator{Array{Nemo.fpMPolyRingElem, 1}, StructuralIdentifiability.var"#ps_ode_solution##10#ps_ode_solution##11"{Base.Dict{Any, Any}}}, Int64})
#=   17.0 ms =# precompile(Tuple{typeof(Base.map), Function, Array{Nemo.fpAbsPowerSeriesRingElem, 1}})
#=   12.6 ms =# precompile(Tuple{Type{Base.Generator{I, F} where F where I}, StructuralIdentifiability.var"#ps_ode_solution##12#ps_ode_solution##13", Array{Nemo.fpAbsPowerSeriesRingElem, 1}})
#=   52.0 ms =# precompile(Tuple{typeof(Base.collect_similar), Array{Nemo.fpAbsPowerSeriesRingElem, 1}, Base.Generator{Array{Nemo.fpAbsPowerSeriesRingElem, 1}, StructuralIdentifiability.var"#ps_ode_solution##12#ps_ode_solution##13"}})
#=  322.7 ms =# precompile(Tuple{typeof(Base.map), StructuralIdentifiability.var"#ps_ode_solution##14#ps_ode_solution##15"{Array{Nemo.fpAbsPowerSeriesRingElem, 1}}, AbstractAlgebra.Generic.MatSpaceElem{Nemo.fpMPolyRingElem}})
#=   78.1 ms =# precompile(Tuple{typeof(Base.map), StructuralIdentifiability.var"#ps_ode_solution##16#ps_ode_solution##17"{Array{Nemo.fpAbsPowerSeriesRingElem, 1}}, AbstractAlgebra.Generic.MatSpaceElem{Nemo.fpMPolyRingElem}})
#=   72.2 ms =# precompile(Tuple{typeof(Base.map), StructuralIdentifiability.var"#ps_ode_solution##18#ps_ode_solution##19"{Array{Nemo.fpAbsPowerSeriesRingElem, 1}}, AbstractAlgebra.Generic.MatSpaceElem{Nemo.fpMPolyRingElem}})
#=  391.4 ms =# precompile(Tuple{typeof(StructuralIdentifiability.ps_matrix_inv), AbstractAlgebra.Generic.MatSpaceElem{Nemo.fpAbsPowerSeriesRingElem}, Int64})
#=   61.8 ms =# precompile(Tuple{typeof(Base.:(-)), AbstractAlgebra.Generic.MatSpaceElem{Nemo.fpAbsPowerSeriesRingElem}})
#= 1038.4 ms =# precompile(Tuple{typeof(StructuralIdentifiability.ps_matrix_linear_de), AbstractAlgebra.Generic.MatSpaceElem{Nemo.fpAbsPowerSeriesRingElem}, AbstractAlgebra.Generic.MatSpaceElem{Nemo.fpAbsPowerSeriesRingElem}, Nemo.fpMatrix})
#=   23.0 ms =# precompile(Tuple{typeof(Base.getindex), AbstractAlgebra.Generic.MatSpaceElem{Nemo.fpAbsPowerSeriesRingElem}, Int64})
#=    4.2 ms =# precompile(Tuple{Type{Base.Generator{I, F} where F where I}, StructuralIdentifiability.var"#power_series_solution##10#power_series_solution##11"{Nemo.fpMPolyRing}, Array{Nemo.fpMPolyRingElem, 1}})
#=  249.1 ms =# precompile(Tuple{Type{Base.Dict{K, V} where V where K}, Base.Generator{Array{Nemo.fpMPolyRingElem, 1}, StructuralIdentifiability.var"#power_series_solution##10#power_series_solution##11"{Nemo.fpMPolyRing}}})
#=    6.5 ms =# precompile(Tuple{typeof(Base.getindex), Base.Dict{Any, Any}, Nemo.fpMPolyRingElem})
#=    5.9 ms =# precompile(Tuple{Type{Pair{A, B} where B where A}, Nemo.fpMPolyRingElem, Nemo.fpAbsPowerSeriesRingElem})
#=    7.6 ms =# precompile(Tuple{typeof(Base.empty), Base.Dict{Any, Any}, Type{Nemo.fpMPolyRingElem}, Type{Nemo.fpAbsPowerSeriesRingElem}})
#=  152.7 ms =# precompile(Tuple{typeof(Base.setindex!), Base.Dict{Nemo.fpMPolyRingElem, Nemo.fpAbsPowerSeriesRingElem}, Nemo.fpAbsPowerSeriesRingElem, Nemo.fpMPolyRingElem})
#=   44.3 ms =# precompile(Tuple{typeof(Base.grow_to!), Base.Dict{Nemo.fpMPolyRingElem, Nemo.fpAbsPowerSeriesRingElem}, Base.Generator{Array{Nemo.fpMPolyRingElem, 1}, StructuralIdentifiability.var"#power_series_solution##10#power_series_solution##11"{Nemo.fpMPolyRing}}, Int64})
#=    7.6 ms =# precompile(Tuple{typeof(Base.values), Base.Dict{Nemo.fpMPolyRingElem, Nemo.fpAbsPowerSeriesRingElem}})
#=   23.3 ms =# precompile(Tuple{typeof(Base.first), Base.ValueIterator{Base.Dict{Nemo.fpMPolyRingElem, Nemo.fpAbsPowerSeriesRingElem}}})
#=    5.3 ms =# precompile(Tuple{typeof(Base.parent), Nemo.fpAbsPowerSeriesRingElem})
#=   17.6 ms =# precompile(Tuple{Nemo.fpAbsPowerSeriesRing, Nemo.fpFieldElem})
#=  102.8 ms =# precompile(Tuple{typeof(RationalFunctionFields.eval_at_dict), Nemo.fpMPolyRingElem, Base.Dict{Nemo.fpMPolyRingElem, Nemo.fpAbsPowerSeriesRingElem}})
#=   10.0 ms =# precompile(Tuple{typeof(AbstractAlgebra.matrix_space), Nemo.fpAbsPowerSeriesRing, Int64, Int64})
#=    7.0 ms =# precompile(Tuple{Type{Base.Generator{I, F} where F where I}, StructuralIdentifiability.var"#differentiate_solution##0#differentiate_solution##1"{StructuralIdentifiability.ODE{Nemo.fpMPolyRingElem}, Array{Nemo.fpMPolyRingElem, 1}, Base.Dict{Nemo.fpMPolyRingElem, Nemo.fpAbsPowerSeriesRingElem}}, Base.Iterators.ProductIterator{Tuple{Base.UnitRange{Int64}, Base.UnitRange{Int64}}}})
#=   98.5 ms =# precompile(Tuple{typeof(Base.collect), Base.Generator{Base.Iterators.ProductIterator{Tuple{Base.UnitRange{Int64}, Base.UnitRange{Int64}}}, StructuralIdentifiability.var"#differentiate_solution##0#differentiate_solution##1"{StructuralIdentifiability.ODE{Nemo.fpMPolyRingElem}, Array{Nemo.fpMPolyRingElem, 1}, Base.Dict{Nemo.fpMPolyRingElem, Nemo.fpAbsPowerSeriesRingElem}}}})
#=   49.5 ms =# precompile(Tuple{typeof(Base.getindex), Base.Dict{Nemo.fpMPolyRingElem, Union{AbstractAlgebra.Generic.FracFieldElem{Nemo.fpMPolyRingElem}, Nemo.fpMPolyRingElem}}, Nemo.fpMPolyRingElem})
#=   75.2 ms =# precompile(Tuple{AbstractAlgebra.MatSpace{Nemo.fpAbsPowerSeriesRingElem}, Array{Nemo.fpAbsPowerSeriesRingElem, 2}})
#=   20.2 ms =# precompile(Tuple{typeof(Base.zero), AbstractAlgebra.MatSpace{Nemo.fpAbsPowerSeriesRingElem}})
#=    9.5 ms =# precompile(Tuple{typeof(RationalFunctionFields.eval_at_dict), AbstractAlgebra.Generic.FracFieldElem{Nemo.fpMPolyRingElem}, Base.Dict{Nemo.fpMPolyRingElem, Nemo.fpAbsPowerSeriesRingElem}})
#=   13.9 ms =# precompile(Tuple{typeof(Base.setindex!), AbstractAlgebra.Generic.MatSpaceElem{Nemo.fpAbsPowerSeriesRingElem}, Nemo.fpAbsPowerSeriesRingElem, Int64, Int64})
#=    5.5 ms =# precompile(Tuple{typeof(AbstractAlgebra.matrix_space), Nemo.fpField, Int64, Int64})
#=   10.9 ms =# precompile(Tuple{typeof(Base.zero), AbstractAlgebra.MatSpace{Nemo.fpFieldElem}})
#=   20.9 ms =# precompile(Tuple{typeof(Base.setindex!), Nemo.fpMatrix, Int64, Int64, Int64})
#=    5.6 ms =# precompile(Tuple{Type{Base.Generator{I, F} where F where I}, StructuralIdentifiability.var"#differentiate_solution##2#differentiate_solution##3"{AbstractAlgebra.Generic.MatSpaceElem{Nemo.fpAbsPowerSeriesRingElem}, Array{Nemo.fpMPolyRingElem, 1}}, Base.Iterators.ProductIterator{Tuple{Base.UnitRange{Int64}, Base.UnitRange{Int64}}}})
#=  202.2 ms =# precompile(Tuple{Type{Base.Dict{K, V} where V where K}, Base.Generator{Base.Iterators.ProductIterator{Tuple{Base.UnitRange{Int64}, Base.UnitRange{Int64}}}, StructuralIdentifiability.var"#differentiate_solution##2#differentiate_solution##3"{AbstractAlgebra.Generic.MatSpaceElem{Nemo.fpAbsPowerSeriesRingElem}, Array{Nemo.fpMPolyRingElem, 1}}}})
#=    8.0 ms =# precompile(Tuple{Type{Base.Generator{I, F} where F where I}, StructuralIdentifiability.var"#differentiate_output##0#differentiate_output##1"{Base.Dict{Tuple{Nemo.fpMPolyRingElem, Nemo.fpMPolyRingElem}, Nemo.fpAbsPowerSeriesRingElem}, Base.Dict{Nemo.fpMPolyRingElem, Nemo.fpAbsPowerSeriesRingElem}, Nemo.fpMPolyRingElem, Nemo.fpMPolyRingElem}, Array{Nemo.fpMPolyRingElem, 1}})
#=   92.8 ms =# precompile(Tuple{typeof(Base.sum), Base.Generator{Array{Nemo.fpMPolyRingElem, 1}, StructuralIdentifiability.var"#differentiate_output##0#differentiate_output##1"{Base.Dict{Tuple{Nemo.fpMPolyRingElem, Nemo.fpMPolyRingElem}, Nemo.fpAbsPowerSeriesRingElem}, Base.Dict{Nemo.fpMPolyRingElem, Nemo.fpAbsPowerSeriesRingElem}, Nemo.fpMPolyRingElem, Nemo.fpMPolyRingElem}}})
#=   15.0 ms =# precompile(Tuple{typeof(Base.setindex!), Base.Dict{Any, Any}, Any, Nemo.fpMPolyRingElem})
#=    6.2 ms =# precompile(Tuple{Type{Base.Generator{I, F} where F where I}, StructuralIdentifiability.var"#differentiate_output##2#differentiate_output##3"{Base.Dict{Tuple{Nemo.fpMPolyRingElem, Nemo.fpMPolyRingElem}, Nemo.fpAbsPowerSeriesRingElem}, Base.Dict{Nemo.fpMPolyRingElem, Nemo.fpAbsPowerSeriesRingElem}, Nemo.fpMPolyRingElem, Nemo.fpMPolyRingElem}, Array{Nemo.fpMPolyRingElem, 1}})
#=   62.9 ms =# precompile(Tuple{typeof(Base.sum), Base.Generator{Array{Nemo.fpMPolyRingElem, 1}, StructuralIdentifiability.var"#differentiate_output##2#differentiate_output##3"{Base.Dict{Tuple{Nemo.fpMPolyRingElem, Nemo.fpMPolyRingElem}, Nemo.fpAbsPowerSeriesRingElem}, Base.Dict{Nemo.fpMPolyRingElem, Nemo.fpAbsPowerSeriesRingElem}, Nemo.fpMPolyRingElem, Nemo.fpMPolyRingElem}}})
#=   12.5 ms =# precompile(Tuple{typeof(Nemo._nmod_poly_clear_fn), Nemo.fpAbsPowerSeriesRingElem})
#=   17.8 ms =# precompile(Tuple{typeof(Nemo._nmod_mpoly_clear_fn), Nemo.fpMPolyRingElem})
#=    6.8 ms =# precompile(Tuple{AbstractAlgebra.var"#55#56"{AbstractAlgebra.WeakValueDict{Tuple{Nemo.fpField, Array{Symbol, 1}, Symbol}, Nemo.fpMPolyRing}}, Nemo.fpMPolyRing})
#=    5.4 ms =# precompile(Tuple{typeof(Nemo._nmod_mpoly_ctx_clear_fn), Nemo.fpMPolyRing})
#=    7.2 ms =# precompile(Tuple{typeof(Nemo._fmpz_mpoly_clear_fn), Nemo.ZZMPolyRingElem})
#=   14.8 ms =# precompile(Tuple{AbstractAlgebra.var"#55#56"{AbstractAlgebra.WeakValueDict{Tuple{Array{Symbol, 1}, Symbol}, Nemo.ZZMPolyRing}}, Nemo.ZZMPolyRing})
#=    8.8 ms =# precompile(Tuple{typeof(Nemo._fmpz_mpoly_ctx_clear_fn), Nemo.ZZMPolyRing})
#=   11.5 ms =# precompile(Tuple{typeof(AbstractAlgebra.number_of_columns), Nemo.fpMatrix})
#=    5.8 ms =# precompile(Tuple{typeof(AbstractAlgebra.number_of_rows), Nemo.fpMatrix})
#=    7.7 ms =# precompile(Tuple{typeof(Base.Iterators.enumerate), Array{Nemo.fpMPolyRingElem, 1}})
#=   21.3 ms =# precompile(Tuple{typeof(AbstractAlgebra.coeff), Nemo.fpAbsPowerSeriesRingElem, Int64})
#=   23.4 ms =# precompile(Tuple{typeof(Base.setindex!), Nemo.fpMatrix, Nemo.fpFieldElem, Int64, Int64})
#=    9.8 ms =# precompile(Tuple{typeof(Base.lastindex), Nemo.fpMatrix, Int64})
#=   11.8 ms =# precompile(Tuple{typeof(Base.size), Nemo.fpMatrix})
#=   14.7 ms =# precompile(Tuple{typeof(Base.getindex), Nemo.fpMatrix, Int64, Int64})
#=   60.3 ms =# precompile(Tuple{typeof(Base.grow_to!), Array{Int64, 1}, Base.Generator{Base.Iterators.Filter{StructuralIdentifiability.var"#117#118"{StructuralIdentifiability.ODE{Nemo.QQMPolyRingElem}}, Array{Int64, 1}}, StructuralIdentifiability.var"#115#116"}, Int64})
#=    7.0 ms =# precompile(Tuple{typeof(Base.getindex), Array{Nemo.QQMPolyRingElem, 1}, Int64})
#=   17.3 ms =# precompile(Tuple{typeof(LinearAlgebra.rank), Nemo.fpMatrix})
#=  232.6 ms =# precompile(Tuple{typeof(Base.setindex!), OrderedCollections.OrderedDict{Any, Bool}, Bool, Nemo.QQMPolyRingElem})
#=    6.8 ms =# precompile(Tuple{typeof(Base.isequal), Nemo.QQMPolyRingElem, Nemo.QQMPolyRingElem})
#=    5.2 ms =# precompile(Tuple{typeof(OrderedCollections.hashindex), Nemo.QQMPolyRingElem, Int64})
#=    7.3 ms =# precompile(Tuple{typeof(Base.setproperty!), OrderedCollections.OrderedDict{Any, Bool}, Symbol, Int64})
#=   10.9 ms =# precompile(Tuple{Type{NamedTuple{(:value, :time, :bytes, :gctime, :gcstats, :lock_conflicts, :compile_time, :recompile_time), T} where T<:Tuple}, Tuple{OrderedCollections.OrderedDict{Any, Bool}, Float64, Int64, Float64, Base.GC_Diff, Int64, Float64, Float64}})
#=   18.0 ms =# precompile(Tuple{typeof(Base.getproperty), NamedTuple{(:value, :time, :bytes, :gctime, :gcstats, :lock_conflicts, :compile_time, :recompile_time), Tuple{OrderedCollections.OrderedDict{Any, Bool}, Float64, Int64, Float64, Base.GC_Diff, Int64, Float64, Float64}}, Symbol})
#=    4.6 ms =# precompile(Tuple{Type{Pair{A, B} where B where A}, String, OrderedCollections.OrderedDict{Any, Bool}})
#=   58.4 ms =# precompile(Tuple{Type{Base.Dict{K, V} where V where K}, Pair{String, Int64}, Vararg{Pair{A, B} where B where A}})
#=   66.3 ms =# precompile(Tuple{Type{Base.Dict{K, V} where V where K}, Tuple{Pair{String, Int64}, Pair{String, Float64}, Pair{String, Float64}, Pair{String, OrderedCollections.OrderedDict{Any, Bool}}, Pair{String, Array{String, 1}}}})
#=   14.0 ms =# precompile(Tuple{typeof(Base.empty), Base.Dict{String, Int64}, Type{String}, Type{Real}})
#=  155.6 ms =# precompile(Tuple{typeof(Base.merge!), Base.Dict{String, Real}, Base.Dict{String, Int64}})
#=   34.5 ms =# precompile(Tuple{typeof(Base.setindex!), Base.Dict{String, Real}, Float64, String})
#=   38.8 ms =# precompile(Tuple{typeof(Base.grow_to!), Base.Dict{String, Real}, Tuple{Pair{String, Int64}, Pair{String, Float64}, Pair{String, Float64}, Pair{String, OrderedCollections.OrderedDict{Any, Bool}}, Pair{String, Array{String, 1}}}, Int64})
#=   13.0 ms =# precompile(Tuple{typeof(Base.empty), Base.Dict{String, Real}, Type{String}, Type{Any}})
#=   36.9 ms =# precompile(Tuple{typeof(Base.merge!), Base.Dict{String, Any}, Base.Dict{String, Real}})
#=   24.2 ms =# precompile(Tuple{typeof(Base.grow_to!), Base.Dict{String, Any}, Tuple{Pair{String, Int64}, Pair{String, Float64}, Pair{String, Float64}, Pair{String, OrderedCollections.OrderedDict{Any, Bool}}, Pair{String, Array{String, 1}}}, Int64})
#=   26.3 ms =# precompile(Tuple{typeof(Main.json_safe), Array{Any, 1}})
#=   10.2 ms =# precompile(Tuple{Main.var"#json_safe##4#json_safe##5", Base.Dict{String, Any}})
#=    8.9 ms =# precompile(Tuple{typeof(Base.empty), Base.Dict{Any, Any}, Type{String}, Type{Float64}})
#=   53.8 ms =# precompile(Tuple{typeof(Base.grow_to!), Base.Dict{String, Float64}, Base.Generator{Base.Dict{String, Any}, Main.var"#json_safe##0#json_safe##1"}, Int64})
#=  104.5 ms =# precompile(Tuple{typeof(Main.json_safe), OrderedCollections.OrderedDict{Any, Bool}})
#=   11.4 ms =# precompile(Tuple{typeof(Base.string), Nemo.QQMPolyRingElem})
#=    7.7 ms =# precompile(Tuple{typeof(Base.empty), Base.Dict{Any, Any}, Type{String}, Type{Bool}})
#=   72.5 ms =# precompile(Tuple{typeof(Base.grow_to!), Base.Dict{String, Bool}, Base.Generator{OrderedCollections.OrderedDict{Any, Bool}, Main.var"#json_safe##0#json_safe##1"}, Int64})
#=    9.2 ms =# precompile(Tuple{Type{Pair{A, B} where B where A}, String, Base.Dict{String, Bool}})
#=    5.7 ms =# precompile(Tuple{typeof(Base.empty), Base.Dict{String, Float64}, Type{String}, Type{Any}})
#=   60.0 ms =# precompile(Tuple{typeof(Base.merge!), Base.Dict{String, Any}, Base.Dict{String, Float64}})
#=    3.8 ms =# precompile(Tuple{typeof(Main.json_safe), Int64})
#=   17.2 ms =# precompile(Tuple{typeof(Base._array_for_inner), Type{Base.Dict{String, Any}}, Base.HasShape{1}, Tuple{Base.OneTo{Int64}}})
#=   43.1 ms =# precompile(Tuple{typeof(Base.collect_to_with_first!), Array{Base.Dict{String, Any}, 1}, Base.Dict{String, Any}, Base.Generator{Array{Any, 1}, Main.var"#json_safe##4#json_safe##5"}, Int64})
#=    9.0 ms =# precompile(Tuple{Type{Pair{A, B} where B where A}, String, Array{Base.Dict{String, Any}, 1}})
#=    5.4 ms =# precompile(Tuple{typeof(StructUtils.lower), JSON.JSONWriteStyle, Array{Base.Dict{String, Any}, 1}})
#=  224.1 ms =# precompile(Tuple{JSON.WriteClosure{JSON.WriteOptions{JSON.JSONWriteStyle}, false, Base.Dict{String, Any}, Base.IOStream}, String, Array{Base.Dict{String, Any}, 1}})
#=    9.4 ms =# precompile(Tuple{typeof(StructUtils.lower), JSON.JSONWriteStyle, Base.Dict{String, Bool}})
#=  282.0 ms =# precompile(Tuple{JSON.WriteClosure{JSON.WriteOptions{JSON.JSONWriteStyle}, false, Base.Dict{String, Any}, Base.IOStream}, String, Base.Dict{String, Bool}})
#=  121.3 ms =# precompile(Tuple{JSON.WriteClosure{JSON.WriteOptions{JSON.JSONWriteStyle}, false, Base.Dict{String, Any}, Base.IOStream}, String, Int64})
#=    8.1 ms =# precompile(Tuple{Type{Base.Generator{I, F} where F where I}, Main.var"#50#51"{StructuralIdentifiability.ODE{Nemo.QQMPolyRingElem}}, Array{Nemo.QQMPolyRingElem, 1}})
#=   39.0 ms =# precompile(Tuple{typeof(Base.all), Base.Generator{Array{Nemo.QQMPolyRingElem, 1}, Main.var"#50#51"{StructuralIdentifiability.ODE{Nemo.QQMPolyRingElem}}}})
#=   13.7 ms =# precompile(Tuple{typeof(Base.Iterators.enumerate), Array{Nemo.QQMPolyRingElem, 1}})
#=    9.7 ms =# precompile(Tuple{Type{Base.Generator{I, F} where F where I}, Main.var"#52#53"{String}, Base.Iterators.Enumerate{Array{Nemo.QQMPolyRingElem, 1}}})
#=  197.7 ms =# precompile(Tuple{Type{Base.Dict{K, V} where V where K}, Base.Generator{Base.Iterators.Enumerate{Array{Nemo.QQMPolyRingElem, 1}}, Main.var"#52#53"{String}}})
#=  385.1 ms =# precompile(Tuple{typeof(StructuralIdentifiability.set_parameter_values), StructuralIdentifiability.ODE{Nemo.QQMPolyRingElem}, Base.Dict{Nemo.QQMPolyRingElem, Nemo.QQFieldElem}})
#=   12.9 ms =# precompile(Tuple{Type{Base.Iterators.Filter{F, I} where I where F}, StructuralIdentifiability.var"#set_parameter_values##0#set_parameter_values##1"{Base.Dict{Nemo.QQMPolyRingElem, Nemo.QQFieldElem}}, Array{Nemo.QQMPolyRingElem, 1}})
#=    6.9 ms =# precompile(Tuple{Type{Base.Generator{I, F} where F where I}, typeof(Base.identity), Base.Iterators.Filter{StructuralIdentifiability.var"#set_parameter_values##0#set_parameter_values##1"{Base.Dict{Nemo.QQMPolyRingElem, Nemo.QQFieldElem}}, Array{Nemo.QQMPolyRingElem, 1}}})
#=   95.6 ms =# precompile(Tuple{typeof(Base.collect), Base.Generator{Base.Iterators.Filter{StructuralIdentifiability.var"#set_parameter_values##0#set_parameter_values##1"{Base.Dict{Nemo.QQMPolyRingElem, Nemo.QQFieldElem}}, Array{Nemo.QQMPolyRingElem, 1}}, typeof(Base.identity)}})
#=    9.3 ms =# precompile(Tuple{Type{Base.Generator{I, F} where F where I}, StructuralIdentifiability.var"#set_parameter_values##2#set_parameter_values##3"{StructuralIdentifiability.ODE{Nemo.QQMPolyRingElem}, Nemo.QQMPolyRing}, Array{String, 1}})
#=   95.5 ms =# precompile(Tuple{Type{Base.Dict{K, V} where V where K}, Base.Generator{Array{String, 1}, StructuralIdentifiability.var"#set_parameter_values##2#set_parameter_values##3"{StructuralIdentifiability.ODE{Nemo.QQMPolyRingElem}, Nemo.QQMPolyRing}}})
#=    5.5 ms =# precompile(Tuple{Type{Pair{A, B} where B where A}, Nemo.QQMPolyRingElem, Nemo.QQMPolyRingElem})
#=   10.4 ms =# precompile(Tuple{typeof(Base.empty), Base.Dict{Any, Any}, Type{Nemo.QQMPolyRingElem}, Type{Nemo.QQMPolyRingElem}})
#=  150.8 ms =# precompile(Tuple{typeof(Base.setindex!), Base.Dict{Nemo.QQMPolyRingElem, Nemo.QQMPolyRingElem}, Nemo.QQMPolyRingElem, Nemo.QQMPolyRingElem})
#=   74.7 ms =# precompile(Tuple{typeof(Base.grow_to!), Base.Dict{Nemo.QQMPolyRingElem, Nemo.QQMPolyRingElem}, Base.Generator{Array{String, 1}, StructuralIdentifiability.var"#set_parameter_values##2#set_parameter_values##3"{StructuralIdentifiability.ODE{Nemo.QQMPolyRingElem}, Nemo.QQMPolyRing}}, Int64})
#=   12.8 ms =# precompile(Tuple{Type{Base.Generator{I, F} where F where I}, StructuralIdentifiability.var"#set_parameter_values##4#set_parameter_values##5"{Nemo.QQMPolyRing}, Base.Dict{Nemo.QQMPolyRingElem, Nemo.QQFieldElem}})
#=   75.1 ms =# precompile(Tuple{Type{Base.Dict{K, V} where V where K}, Base.Generator{Base.Dict{Nemo.QQMPolyRingElem, Nemo.QQFieldElem}, StructuralIdentifiability.var"#set_parameter_values##4#set_parameter_values##5"{Nemo.QQMPolyRing}}})
#=   47.4 ms =# precompile(Tuple{typeof(Base.merge!), Base.Dict{Nemo.QQMPolyRingElem, Nemo.QQMPolyRingElem}, Base.Dict{Nemo.QQMPolyRingElem, Nemo.QQMPolyRingElem}})
#=    8.3 ms =# precompile(Tuple{Type{Base.Generator{I, F} where F where I}, StructuralIdentifiability.var"#set_parameter_values##6#set_parameter_values##7"{Base.Dict{Nemo.QQMPolyRingElem, Nemo.QQMPolyRingElem}}, Base.Dict{Nemo.QQMPolyRingElem, Union{AbstractAlgebra.Generic.FracFieldElem{Nemo.QQMPolyRingElem}, Nemo.QQMPolyRingElem}}})
#=  269.3 ms =# precompile(Tuple{Type{Base.Dict{Nemo.QQMPolyRingElem, Union{AbstractAlgebra.Generic.FracFieldElem{Nemo.QQMPolyRingElem}, Nemo.QQMPolyRingElem}}}, Base.Generator{Base.Dict{Nemo.QQMPolyRingElem, Union{AbstractAlgebra.Generic.FracFieldElem{Nemo.QQMPolyRingElem}, Nemo.QQMPolyRingElem}}, StructuralIdentifiability.var"#set_parameter_values##6#set_parameter_values##7"{Base.Dict{Nemo.QQMPolyRingElem, Nemo.QQMPolyRingElem}}}})
#=    8.8 ms =# precompile(Tuple{Type{Base.Generator{I, F} where F where I}, StructuralIdentifiability.var"#set_parameter_values##8#set_parameter_values##9"{Base.Dict{Nemo.QQMPolyRingElem, Nemo.QQMPolyRingElem}}, Base.Dict{Nemo.QQMPolyRingElem, Union{AbstractAlgebra.Generic.FracFieldElem{Nemo.QQMPolyRingElem}, Nemo.QQMPolyRingElem}}})
#=   60.5 ms =# precompile(Tuple{Type{Base.Dict{Nemo.QQMPolyRingElem, Union{AbstractAlgebra.Generic.FracFieldElem{Nemo.QQMPolyRingElem}, Nemo.QQMPolyRingElem}}}, Base.Generator{Base.Dict{Nemo.QQMPolyRingElem, Union{AbstractAlgebra.Generic.FracFieldElem{Nemo.QQMPolyRingElem}, Nemo.QQMPolyRingElem}}, StructuralIdentifiability.var"#set_parameter_values##8#set_parameter_values##9"{Base.Dict{Nemo.QQMPolyRingElem, Nemo.QQMPolyRingElem}}}})
#=    6.5 ms =# precompile(Tuple{Type{Base.Generator{I, F} where F where I}, StructuralIdentifiability.var"#set_parameter_values##10#set_parameter_values##11"{Base.Dict{Nemo.QQMPolyRingElem, Nemo.QQMPolyRingElem}}, Array{Nemo.QQMPolyRingElem, 1}})
#=   45.9 ms =# precompile(Tuple{typeof(Base.collect), Base.Generator{Array{Nemo.QQMPolyRingElem, 1}, StructuralIdentifiability.var"#set_parameter_values##10#set_parameter_values##11"{Base.Dict{Nemo.QQMPolyRingElem, Nemo.QQMPolyRingElem}}}})
#=   10.4 ms =# precompile(Tuple{Type{Pair{A, B} where B where A}, String, Base.Dict{Nemo.QQMPolyRingElem, Nemo.QQFieldElem}})
[33m#=   38.8 ms =# precompile(Tuple{Type{Base.Dict{K, V} where V where K}, Pair{String, String}, Vararg{Pair{A, B} where B where A}}) # recompile[0m
#=   56.1 ms =# precompile(Tuple{Type{Base.Dict{K, V} where V where K}, Tuple{Pair{String, String}, Pair{String, Int64}, Pair{String, Base.Dict{Nemo.QQMPolyRingElem, Nemo.QQFieldElem}}, Pair{String, Float64}, Pair{String, Float64}, Pair{String, OrderedCollections.OrderedDict{Any, Bool}}, Pair{String, Array{String, 1}}}})
#=   20.7 ms =# precompile(Tuple{typeof(Base.grow_to!), Base.Dict{String, Any}, Tuple{Pair{String, String}, Pair{String, Int64}, Pair{String, Base.Dict{Nemo.QQMPolyRingElem, Nemo.QQFieldElem}}, Pair{String, Float64}, Pair{String, Float64}, Pair{String, OrderedCollections.OrderedDict{Any, Bool}}, Pair{String, Array{String, 1}}}, Int64})
#=  119.9 ms =# precompile(Tuple{typeof(Main.json_safe), Base.Dict{Nemo.QQMPolyRingElem, Nemo.QQFieldElem}})

==============================================================
Profile collected. A report will print at the next yield point.
Disabling --trace-compile
==============================================================

FINISHED complete
  Activating project at `/tmp/odepe-petab-pilot-env`
┌ Warning: Simulation condition id condition_pulse_00_1 does not appear in the measurements table. Therefore no measurement corresponds to this id.
└ @ PEtab ~/.julia/packages/PEtab/o08Zn/src/petab_files/conditions/check_input.jl:13
┌ Warning: Simulation condition id condition_pulse_00_3 does not appear in the measurements table. Therefore no measurement corresponds to this id.
└ @ PEtab ~/.julia/packages/PEtab/o08Zn/src/petab_files/conditions/check_input.jl:13
┌ Warning: Simulation condition id condition_pulse_01_0 does not appear in the measurements table. Therefore no measurement corresponds to this id.
└ @ PEtab ~/.julia/packages/PEtab/o08Zn/src/petab_files/conditions/check_input.jl:13
┌ Warning: Simulation condition id condition_pulse_03_0 does not appear in the measurements table. Therefore no measurement corresponds to this id.
└ @ PEtab ~/.julia/packages/PEtab/o08Zn/src/petab_files/conditions/check_input.jl:13
┌ Warning: Simulation condition id condition_pulse_10_0 does not appear in the measurements table. Therefore no measurement corresponds to this id.
└ @ PEtab ~/.julia/packages/PEtab/o08Zn/src/petab_files/conditions/check_input.jl:13
┌ Warning: Simulation condition id condition_pulse_30_0 does not appear in the measurements table. Therefore no measurement corresponds to this id.
└ @ PEtab ~/.julia/packages/PEtab/o08Zn/src/petab_files/conditions/check_input.jl:13
┌ Warning: Simulation condition id condition_ramp_8_3Enegative06 does not appear in the measurements table. Therefore no measurement corresponds to this id.
└ @ PEtab ~/.julia/packages/PEtab/o08Zn/src/petab_files/conditions/check_input.jl:13
┌ Warning: Simulation condition id condition_ramp_8_3Enegative05 does not appear in the measurements table. Therefore no measurement corresponds to this id.
└ @ PEtab ~/.julia/packages/PEtab/o08Zn/src/petab_files/conditions/check_input.jl:13
┌ Warning: Simulation condition id condition_ramp_8_3Enegative04 does not appear in the measurements table. Therefore no measurement corresponds to this id.
└ @ PEtab ~/.julia/packages/PEtab/o08Zn/src/petab_files/conditions/check_input.jl:13
┌ Warning: Simulation condition id condition_ramp_8_3Enegative03 does not appear in the measurements table. Therefore no measurement corresponds to this id.
└ @ PEtab ~/.julia/packages/PEtab/o08Zn/src/petab_files/conditions/check_input.jl:13
┌ Warning: Simulation condition id condition_pulse_00_1 does not appear in the measurements table. Therefore no measurement corresponds to this id.
└ @ PEtab ~/.julia/packages/PEtab/o08Zn/src/petab_files/conditions/check_input.jl:13
┌ Warning: Simulation condition id condition_pulse_00_3 does not appear in the measurements table. Therefore no measurement corresponds to this id.
└ @ PEtab ~/.julia/packages/PEtab/o08Zn/src/petab_files/conditions/check_input.jl:13
┌ Warning: Simulation condition id condition_pulse_01_0 does not appear in the measurements table. Therefore no measurement corresponds to this id.
└ @ PEtab ~/.julia/packages/PEtab/o08Zn/src/petab_files/conditions/check_input.jl:13
┌ Warning: Simulation condition id condition_pulse_03_0 does not appear in the measurements table. Therefore no measurement corresponds to this id.
└ @ PEtab ~/.julia/packages/PEtab/o08Zn/src/petab_files/conditions/check_input.jl:13
┌ Warning: Simulation condition id condition_pulse_10_0 does not appear in the measurements table. Therefore no measurement corresponds to this id.
└ @ PEtab ~/.julia/packages/PEtab/o08Zn/src/petab_files/conditions/check_input.jl:13
┌ Warning: Simulation condition id condition_pulse_30_0 does not appear in the measurements table. Therefore no measurement corresponds to this id.
└ @ PEtab ~/.julia/packages/PEtab/o08Zn/src/petab_files/conditions/check_input.jl:13
┌ Warning: Simulation condition id condition_ramp_8_3Enegative06 does not appear in the measurements table. Therefore no measurement corresponds to this id.
└ @ PEtab ~/.julia/packages/PEtab/o08Zn/src/petab_files/conditions/check_input.jl:13
┌ Warning: Simulation condition id condition_ramp_8_3Enegative05 does not appear in the measurements table. Therefore no measurement corresponds to this id.
└ @ PEtab ~/.julia/packages/PEtab/o08Zn/src/petab_files/conditions/check_input.jl:13
┌ Warning: Simulation condition id condition_ramp_8_3Enegative04 does not appear in the measurements table. Therefore no measurement corresponds to this id.
└ @ PEtab ~/.julia/packages/PEtab/o08Zn/src/petab_files/conditions/check_input.jl:13
┌ Warning: Simulation condition id condition_ramp_8_3Enegative03 does not appear in the measurements table. Therefore no measurement corresponds to this id.
└ @ PEtab ~/.julia/packages/PEtab/o08Zn/src/petab_files/conditions/check_input.jl:13
[ Info: Converting ODESystem to SI.jl format
┌ Warning: Floating point value -65536.0 will be converted to -65536//1.
└ @ ModelingToolkitSIExt ~/.julia/packages/StructuralIdentifiability/S5eMo/ext/ModelingToolkitSIExt.jl:97
┌ Warning: Floating point value 65536.0 will be converted to 65536.
└ @ ModelingToolkitSIExt ~/.julia/packages/StructuralIdentifiability/S5eMo/ext/ModelingToolkitSIExt.jl:97
┌ Warning: Floating point value 65536.0 will be converted to 65536.
└ @ ModelingToolkitSIExt ~/.julia/packages/StructuralIdentifiability/S5eMo/ext/ModelingToolkitSIExt.jl:97
┌ Warning: Floating point value -65536.0 will be converted to -65536//1.
└ @ ModelingToolkitSIExt ~/.julia/packages/StructuralIdentifiability/S5eMo/ext/ModelingToolkitSIExt.jl:97
┌ Warning: Floating point value -65536.0 will be converted to -65536//1.
└ @ ModelingToolkitSIExt ~/.julia/packages/StructuralIdentifiability/S5eMo/ext/ModelingToolkitSIExt.jl:97
┌ Warning: Floating point value 65536.0 will be converted to 65536.
└ @ ModelingToolkitSIExt ~/.julia/packages/StructuralIdentifiability/S5eMo/ext/ModelingToolkitSIExt.jl:97
┌ Warning: Floating point value 65536.0 will be converted to 65536.
└ @ ModelingToolkitSIExt ~/.julia/packages/StructuralIdentifiability/S5eMo/ext/ModelingToolkitSIExt.jl:97
┌ Warning: Floating point value -65536.0 will be converted to -65536//1.
└ @ ModelingToolkitSIExt ~/.julia/packages/StructuralIdentifiability/S5eMo/ext/ModelingToolkitSIExt.jl:97
┌ Warning: Floating point value 65536.0 will be converted to 65536.
└ @ ModelingToolkitSIExt ~/.julia/packages/StructuralIdentifiability/S5eMo/ext/ModelingToolkitSIExt.jl:97
┌ Warning: Floating point value 65536.0 will be converted to 65536.
└ @ ModelingToolkitSIExt ~/.julia/packages/StructuralIdentifiability/S5eMo/ext/ModelingToolkitSIExt.jl:97
┌ Warning: Floating point value 65536.0 will be converted to 65536.
└ @ ModelingToolkitSIExt ~/.julia/packages/StructuralIdentifiability/S5eMo/ext/ModelingToolkitSIExt.jl:97
┌ Warning: Floating point value -65536.0 will be converted to -65536//1.
└ @ ModelingToolkitSIExt ~/.julia/packages/StructuralIdentifiability/S5eMo/ext/ModelingToolkitSIExt.jl:97
┌ Warning: Floating point value 65536.0 will be converted to 65536.
└ @ ModelingToolkitSIExt ~/.julia/packages/StructuralIdentifiability/S5eMo/ext/ModelingToolkitSIExt.jl:97
┌ Warning: Floating point value 65536.0 will be converted to 65536.
└ @ ModelingToolkitSIExt ~/.julia/packages/StructuralIdentifiability/S5eMo/ext/ModelingToolkitSIExt.jl:97
┌ Warning: Floating point value -65536.0 will be converted to -65536//1.
└ @ ModelingToolkitSIExt ~/.julia/packages/StructuralIdentifiability/S5eMo/ext/ModelingToolkitSIExt.jl:97
┌ Warning: Floating point value -65536.0 will be converted to -65536//1.
└ @ ModelingToolkitSIExt ~/.julia/packages/StructuralIdentifiability/S5eMo/ext/ModelingToolkitSIExt.jl:97
┌ Warning: Floating point value 65536.0 will be converted to 65536.
└ @ ModelingToolkitSIExt ~/.julia/packages/StructuralIdentifiability/S5eMo/ext/ModelingToolkitSIExt.jl:97
┌ Warning: Floating point value -65536.0 will be converted to -65536//1.
└ @ ModelingToolkitSIExt ~/.julia/packages/StructuralIdentifiability/S5eMo/ext/ModelingToolkitSIExt.jl:97
┌ Warning: Floating point value -65536.0 will be converted to -65536//1.
└ @ ModelingToolkitSIExt ~/.julia/packages/StructuralIdentifiability/S5eMo/ext/ModelingToolkitSIExt.jl:97
┌ Warning: Floating point value 65536.0 will be converted to 65536.
└ @ ModelingToolkitSIExt ~/.julia/packages/StructuralIdentifiability/S5eMo/ext/ModelingToolkitSIExt.jl:97
┌ Warning: Floating point value 65536.0 will be converted to 65536.
└ @ ModelingToolkitSIExt ~/.julia/packages/StructuralIdentifiability/S5eMo/ext/ModelingToolkitSIExt.jl:97
┌ Warning: Floating point value 65536.0 will be converted to 65536.
└ @ ModelingToolkitSIExt ~/.julia/packages/StructuralIdentifiability/S5eMo/ext/ModelingToolkitSIExt.jl:97
┌ Warning: Floating point value 65536.0 will be converted to 65536.
└ @ ModelingToolkitSIExt ~/.julia/packages/StructuralIdentifiability/S5eMo/ext/ModelingToolkitSIExt.jl:97
┌ Warning: Floating point value -65536.0 will be converted to -65536//1.
└ @ ModelingToolkitSIExt ~/.julia/packages/StructuralIdentifiability/S5eMo/ext/ModelingToolkitSIExt.jl:97
┌ Warning: Floating point value 65536.0 will be converted to 65536.
└ @ ModelingToolkitSIExt ~/.julia/packages/StructuralIdentifiability/S5eMo/ext/ModelingToolkitSIExt.jl:97
┌ Warning: Floating point value 65536.0 will be converted to 65536.
└ @ ModelingToolkitSIExt ~/.julia/packages/StructuralIdentifiability/S5eMo/ext/ModelingToolkitSIExt.jl:97
┌ Warning: Floating point value 65536.0 will be converted to 65536.
└ @ ModelingToolkitSIExt ~/.julia/packages/StructuralIdentifiability/S5eMo/ext/ModelingToolkitSIExt.jl:97
┌ Warning: Floating point value -65536.0 will be converted to -65536//1.
└ @ ModelingToolkitSIExt ~/.julia/packages/StructuralIdentifiability/S5eMo/ext/ModelingToolkitSIExt.jl:97
┌ Warning: Floating point value 65536.0 will be converted to 65536.
└ @ ModelingToolkitSIExt ~/.julia/packages/StructuralIdentifiability/S5eMo/ext/ModelingToolkitSIExt.jl:97
┌ Warning: Floating point value -65536.0 will be converted to -65536//1.
└ @ ModelingToolkitSIExt ~/.julia/packages/StructuralIdentifiability/S5eMo/ext/ModelingToolkitSIExt.jl:97
┌ Warning: Floating point value 65536.0 will be converted to 65536.
└ @ ModelingToolkitSIExt ~/.julia/packages/StructuralIdentifiability/S5eMo/ext/ModelingToolkitSIExt.jl:97
┌ Warning: Floating point value 65536.0 will be converted to 65536.
└ @ ModelingToolkitSIExt ~/.julia/packages/StructuralIdentifiability/S5eMo/ext/ModelingToolkitSIExt.jl:97
┌ Warning: Floating point value -65536.0 will be converted to -65536//1.
└ @ ModelingToolkitSIExt ~/.julia/packages/StructuralIdentifiability/S5eMo/ext/ModelingToolkitSIExt.jl:97
┌ Warning: Floating point value 68190.0 will be converted to 68190.
└ @ ModelingToolkitSIExt ~/.julia/packages/StructuralIdentifiability/S5eMo/ext/ModelingToolkitSIExt.jl:97
┌ Warning: Floating point value -65536.0 will be converted to -65536//1.
└ @ ModelingToolkitSIExt ~/.julia/packages/StructuralIdentifiability/S5eMo/ext/ModelingToolkitSIExt.jl:97
┌ Warning: Floating point value 65536.0 will be converted to 65536.
└ @ ModelingToolkitSIExt ~/.julia/packages/StructuralIdentifiability/S5eMo/ext/ModelingToolkitSIExt.jl:97
┌ Warning: Floating point value 65536.0 will be converted to 65536.
└ @ ModelingToolkitSIExt ~/.julia/packages/StructuralIdentifiability/S5eMo/ext/ModelingToolkitSIExt.jl:97
┌ Warning: Floating point value 65536.0 will be converted to 65536.
└ @ ModelingToolkitSIExt ~/.julia/packages/StructuralIdentifiability/S5eMo/ext/ModelingToolkitSIExt.jl:97
┌ Warning: Floating point value -65536.0 will be converted to -65536//1.
└ @ ModelingToolkitSIExt ~/.julia/packages/StructuralIdentifiability/S5eMo/ext/ModelingToolkitSIExt.jl:97
┌ Warning: Floating point value 65536.0 will be converted to 65536.
└ @ ModelingToolkitSIExt ~/.julia/packages/StructuralIdentifiability/S5eMo/ext/ModelingToolkitSIExt.jl:97
┌ Warning: Floating point value 1.52587890625e-5 will be converted to 1//65536.
└ @ ModelingToolkitSIExt ~/.julia/packages/StructuralIdentifiability/S5eMo/ext/ModelingToolkitSIExt.jl:97
┌ Warning: Floating point value 65536.0 will be converted to 65536.
└ @ ModelingToolkitSIExt ~/.julia/packages/StructuralIdentifiability/S5eMo/ext/ModelingToolkitSIExt.jl:97
┌ Warning: Floating point value 65536.0 will be converted to 65536.
└ @ ModelingToolkitSIExt ~/.julia/packages/StructuralIdentifiability/S5eMo/ext/ModelingToolkitSIExt.jl:97
┌ Warning: Floating point value 1.52587890625e-5 will be converted to 1//65536.
└ @ ModelingToolkitSIExt ~/.julia/packages/StructuralIdentifiability/S5eMo/ext/ModelingToolkitSIExt.jl:97
┌ Warning: Floating point value 65536.0 will be converted to 65536.
└ @ ModelingToolkitSIExt ~/.julia/packages/StructuralIdentifiability/S5eMo/ext/ModelingToolkitSIExt.jl:97
┌ Warning: Floating point value 65536.0 will be converted to 65536.
└ @ ModelingToolkitSIExt ~/.julia/packages/StructuralIdentifiability/S5eMo/ext/ModelingToolkitSIExt.jl:97
