READY	case=hc_idle	pid=35	julia=1.12.6	hc=2.20.0	threads=7	gc_threads=7	nsolutions=2

[35] signal 15: Terminated
in expression starting at /home/orebas/.julia/dev/ODEParameterEstimation/repro/hc_threading_mwe_2026_07_22/investigation/termination_ladder_20260723/hc_idle.jl:21
unknown function (ip: 0x712a3f498d6f) at /lib/x86_64-linux-gnu/libc.so.6
pthread_cond_wait at /lib/x86_64-linux-gnu/libc.so.6 (unknown line)
uv_cond_wait at /workspace/srcdir/libuv/src/unix/thread.c:822
jl_parallel_gc_threadfun at /cache/build/builder-amdci5-4/julialang/julia-release-1-dot-12/src/gc-stock.c:3640
unknown function (ip: 0x712a3f49caa3) at /lib/x86_64-linux-gnu/libc.so.6
unknown function (ip: 0x712a3f529c6b) at /lib/x86_64-linux-gnu/libc.so.6
unknown function (ip: (nil)) at (unknown file)
unknown function (ip: 0x712a3f498d6f) at /lib/x86_64-linux-gnu/libc.so.6
pthread_cond_wait at /lib/x86_64-linux-gnu/libc.so.6 (unknown line)
uv_cond_wait at /workspace/srcdir/libuv/src/unix/thread.c:822
jl_parallel_gc_threadfun at /cache/build/builder-amdci5-4/julialang/julia-release-1-dot-12/src/gc-stock.c:3640
unknown function (ip: 0x712a3f49caa3) at /lib/x86_64-linux-gnu/libc.so.6
unknown function (ip: 0x712a3f529c6b) at /lib/x86_64-linux-gnu/libc.so.6
unknown function (ip: (nil)) at (unknown file)
unknown function (ip: 0x712a3f498d6f) at /lib/x86_64-linux-gnu/libc.so.6
pthread_cond_wait at /lib/x86_64-linux-gnu/libc.so.6 (unknown line)
uv_cond_wait at /workspace/srcdir/libuv/src/unix/thread.c:822
jl_parallel_gc_threadfun at /cache/build/builder-amdci5-4/julialang/julia-release-1-dot-12/src/gc-stock.c:3640
unknown function (ip: 0x712a3f49caa3) at /lib/x86_64-linux-gnu/libc.so.6
unknown function (ip: 0x712a3f529c6b) at /lib/x86_64-linux-gnu/libc.so.6
unknown function (ip: (nil)) at (unknown file)
unknown function (ip: 0x712a3f498d6f) at /lib/x86_64-linux-gnu/libc.so.6
pthread_cond_wait at /lib/x86_64-linux-gnu/libc.so.6 (unknown line)
uv_cond_wait at /workspace/srcdir/libuv/src/unix/thread.c:822
jl_parallel_gc_threadfun at /cache/build/builder-amdci5-4/julialang/julia-release-1-dot-12/src/gc-stock.c:3640
unknown function (ip: 0x712a3f49caa3) at /lib/x86_64-linux-gnu/libc.so.6
unknown function (ip: 0x712a3f529c6b) at /lib/x86_64-linux-gnu/libc.so.6
unknown function (ip: (nil)) at (unknown file)
unknown function (ip: 0x712a3f498d6f) at /lib/x86_64-linux-gnu/libc.so.6
pthread_cond_wait at /lib/x86_64-linux-gnu/libc.so.6 (unknown line)
uv_cond_wait at /workspace/srcdir/libuv/src/unix/thread.c:822
jl_parallel_gc_threadfun at /cache/build/builder-amdci5-4/julialang/julia-release-1-dot-12/src/gc-stock.c:3640
unknown function (ip: 0x712a3f49caa3) at /lib/x86_64-linux-gnu/libc.so.6
unknown function (ip: 0x712a3f529c6b) at /lib/x86_64-linux-gnu/libc.so.6
unknown function (ip: (nil)) at (unknown file)
unknown function (ip: 0x712a3f498d6f) at /lib/x86_64-linux-gnu/libc.so.6
pthread_cond_wait at /lib/x86_64-linux-gnu/libc.so.6 (unknown line)
uv_cond_wait at /workspace/srcdir/libuv/src/unix/thread.c:822
jl_parallel_gc_threadfun at /cache/build/builder-amdci5-4/julialang/julia-release-1-dot-12/src/gc-stock.c:3640
unknown function (ip: 0x712a3f49caa3) at /lib/x86_64-linux-gnu/libc.so.6
unknown function (ip: 0x712a3f529c6b) at /lib/x86_64-linux-gnu/libc.so.6
unknown function (ip: (nil)) at (unknown file)
unknown function (ip: 0x712a3f498d6f) at /lib/x86_64-linux-gnu/libc.so.6
pthread_cond_wait at /lib/x86_64-linux-gnu/libc.so.6 (unknown line)
uv_cond_wait at /workspace/srcdir/libuv/src/unix/thread.c:822
ijl_task_get_next at /cache/build/builder-amdci5-4/julialang/julia-release-1-dot-12/src/scheduler.c:523
poptask at ./task.jl:1216
wait at ./task.jl:1228
task_done_hook at ./task.jl:868
jfptr_task_done_hook_59905.1 at /home/orebas/.julia/juliaup/julia-1.12.6+0.x64.linux.gnu/lib/julia/sys.so (unknown line)
jl_apply at /cache/build/builder-amdci5-4/julialang/julia-release-1-dot-12/src/julia.h:2391 [inlined]
jl_finish_task at /cache/build/builder-amdci5-4/julialang/julia-release-1-dot-12/src/task.c:341
start_task at /cache/build/builder-amdci5-4/julialang/julia-release-1-dot-12/src/task.c:1263
unknown function (ip: (nil)) at (unknown file)
unknown function (ip: 0x712a3f498d6f) at /lib/x86_64-linux-gnu/libc.so.6
pthread_cond_wait at /lib/x86_64-linux-gnu/libc.so.6 (unknown line)
uv_cond_wait at /workspace/srcdir/libuv/src/unix/thread.c:822
ijl_task_get_next at /cache/build/builder-amdci5-4/julialang/julia-release-1-dot-12/src/scheduler.c:523
poptask at ./task.jl:1216
wait at ./task.jl:1228
task_done_hook at ./task.jl:868
jfptr_task_done_hook_59905.1 at /home/orebas/.julia/juliaup/julia-1.12.6+0.x64.linux.gnu/lib/julia/sys.so (unknown line)
jl_apply at /cache/build/builder-amdci5-4/julialang/julia-release-1-dot-12/src/julia.h:2391 [inlined]
jl_finish_task at /cache/build/builder-amdci5-4/julialang/julia-release-1-dot-12/src/task.c:341
start_task at /cache/build/builder-amdci5-4/julialang/julia-release-1-dot-12/src/task.c:1263
unknown function (ip: (nil)) at (unknown file)
unknown function (ip: 0x712a3f498d6f) at /lib/x86_64-linux-gnu/libc.so.6
pthread_cond_wait at /lib/x86_64-linux-gnu/libc.so.6 (unknown line)
uv_cond_wait at /workspace/srcdir/libuv/src/unix/thread.c:822
ijl_task_get_next at /cache/build/builder-amdci5-4/julialang/julia-release-1-dot-12/src/scheduler.c:523
poptask at ./task.jl:1216
wait at ./task.jl:1228
task_done_hook at ./task.jl:868
jfptr_task_done_hook_59905.1 at /home/orebas/.julia/juliaup/julia-1.12.6+0.x64.linux.gnu/lib/julia/sys.so (unknown line)
jl_apply at /cache/build/builder-amdci5-4/julialang/julia-release-1-dot-12/src/julia.h:2391 [inlined]
jl_finish_task at /cache/build/builder-amdci5-4/julialang/julia-release-1-dot-12/src/task.c:341
start_task at /cache/build/builder-amdci5-4/julialang/julia-release-1-dot-12/src/task.c:1263
unknown function (ip: (nil)) at (unknown file)
unknown function (ip: 0x712a3f498d6f) at /lib/x86_64-linux-gnu/libc.so.6
pthread_cond_wait at /lib/x86_64-linux-gnu/libc.so.6 (unknown line)
uv_cond_wait at /workspace/srcdir/libuv/src/unix/thread.c:822
ijl_task_get_next at /cache/build/builder-amdci5-4/julialang/julia-release-1-dot-12/src/scheduler.c:523
poptask at ./task.jl:1216
wait at ./task.jl:1228
task_done_hook at ./task.jl:868
jfptr_task_done_hook_59905.1 at /home/orebas/.julia/juliaup/julia-1.12.6+0.x64.linux.gnu/lib/julia/sys.so (unknown line)
jl_apply at /cache/build/builder-amdci5-4/julialang/julia-release-1-dot-12/src/julia.h:2391 [inlined]
jl_finish_task at /cache/build/builder-amdci5-4/julialang/julia-release-1-dot-12/src/task.c:341
start_task at /cache/build/builder-amdci5-4/julialang/julia-release-1-dot-12/src/task.c:1263
unknown function (ip: (nil)) at (unknown file)
unknown function (ip: 0x712a3f498d6f) at /lib/x86_64-linux-gnu/libc.so.6
pthread_cond_wait at /lib/x86_64-linux-gnu/libc.so.6 (unknown line)
uv_cond_wait at /workspace/srcdir/libuv/src/unix/thread.c:822
ijl_task_get_next at /cache/build/builder-amdci5-4/julialang/julia-release-1-dot-12/src/scheduler.c:523
poptask at ./task.jl:1216
wait at ./task.jl:1228
task_done_hook at ./task.jl:868
jfptr_task_done_hook_59905.1 at /home/orebas/.julia/juliaup/julia-1.12.6+0.x64.linux.gnu/lib/julia/sys.so (unknown line)
jl_apply at /cache/build/builder-amdci5-4/julialang/julia-release-1-dot-12/src/julia.h:2391 [inlined]
jl_finish_task at /cache/build/builder-amdci5-4/julialang/julia-release-1-dot-12/src/task.c:341
start_task at /cache/build/builder-amdci5-4/julialang/julia-release-1-dot-12/src/task.c:1263
unknown function (ip: (nil)) at (unknown file)
unknown function (ip: 0x712a3f498d6f) at /lib/x86_64-linux-gnu/libc.so.6
pthread_cond_wait at /lib/x86_64-linux-gnu/libc.so.6 (unknown line)
uv_cond_wait at /workspace/srcdir/libuv/src/unix/thread.c:822
ijl_task_get_next at /cache/build/builder-amdci5-4/julialang/julia-release-1-dot-12/src/scheduler.c:523
poptask at ./task.jl:1216
wait at ./task.jl:1228
task_done_hook at ./task.jl:868
jfptr_task_done_hook_59905.1 at /home/orebas/.julia/juliaup/julia-1.12.6+0.x64.linux.gnu/lib/julia/sys.so (unknown line)
jl_apply at /cache/build/builder-amdci5-4/julialang/julia-release-1-dot-12/src/julia.h:2391 [inlined]
jl_finish_task at /cache/build/builder-amdci5-4/julialang/julia-release-1-dot-12/src/task.c:341
start_task at /cache/build/builder-amdci5-4/julialang/julia-release-1-dot-12/src/task.c:1263
unknown function (ip: (nil)) at (unknown file)
unknown function (ip: 0x712a3f498d6f) at /lib/x86_64-linux-gnu/libc.so.6
pthread_cond_wait at /lib/x86_64-linux-gnu/libc.so.6 (unknown line)
uv_cond_wait at /workspace/srcdir/libuv/src/unix/thread.c:822
ijl_task_get_next at /cache/build/builder-amdci5-4/julialang/julia-release-1-dot-12/src/scheduler.c:523
poptask at ./task.jl:1216
wait at ./task.jl:1228
task_done_hook at ./task.jl:868
jfptr_task_done_hook_59905.1 at /home/orebas/.julia/juliaup/julia-1.12.6+0.x64.linux.gnu/lib/julia/sys.so (unknown line)
jl_apply at /cache/build/builder-amdci5-4/julialang/julia-release-1-dot-12/src/julia.h:2391 [inlined]
jl_finish_task at /cache/build/builder-amdci5-4/julialang/julia-release-1-dot-12/src/task.c:341
start_task at /cache/build/builder-amdci5-4/julialang/julia-release-1-dot-12/src/task.c:1263
unknown function (ip: (nil)) at (unknown file)
unknown function (ip: 0x712a3f498d6f) at /lib/x86_64-linux-gnu/libc.so.6
pthread_cond_wait at /lib/x86_64-linux-gnu/libc.so.6 (unknown line)
uv_cond_wait at /workspace/srcdir/libuv/src/unix/thread.c:822
ijl_task_get_next at /cache/build/builder-amdci5-4/julialang/julia-release-1-dot-12/src/scheduler.c:523
poptask at ./task.jl:1216
wait at ./task.jl:1228
#wait#398 at ./condition.jl:141
wait at ./condition.jl:136 [inlined]
wait at ./lock.jl:623
jfptr_wait_13696.1 at /home/orebas/.julia/juliaup/julia-1.12.6+0.x64.linux.gnu/lib/julia/sys.so (unknown line)
jl_apply at /cache/build/builder-amdci5-4/julialang/julia-release-1-dot-12/src/julia.h:2391 [inlined]
do_call at /cache/build/builder-amdci5-4/julialang/julia-release-1-dot-12/src/interpreter.c:123
eval_value at /cache/build/builder-amdci5-4/julialang/julia-release-1-dot-12/src/interpreter.c:243
eval_stmt_value at /cache/build/builder-amdci5-4/julialang/julia-release-1-dot-12/src/interpreter.c:194 [inlined]
eval_body at /cache/build/builder-amdci5-4/julialang/julia-release-1-dot-12/src/interpreter.c:707
jl_interpret_toplevel_thunk at /cache/build/builder-amdci5-4/julialang/julia-release-1-dot-12/src/interpreter.c:898
jl_toplevel_eval_flex at /cache/build/builder-amdci5-4/julialang/julia-release-1-dot-12/src/toplevel.c:1035
jl_toplevel_eval_flex at /cache/build/builder-amdci5-4/julialang/julia-release-1-dot-12/src/toplevel.c:975
ijl_toplevel_eval at /cache/build/builder-amdci5-4/julialang/julia-release-1-dot-12/src/toplevel.c:1047
ijl_toplevel_eval_in at /cache/build/builder-amdci5-4/julialang/julia-release-1-dot-12/src/toplevel.c:1092
eval at ./boot.jl:489
include_string at ./loading.jl:2874
_include at ./loading.jl:2934
include at ./Base.jl:306
exec_options at ./client.jl:317
_start at ./client.jl:550
jfptr__start_63319.1 at /home/orebas/.julia/juliaup/julia-1.12.6+0.x64.linux.gnu/lib/julia/sys.so (unknown line)
jl_apply at /cache/build/builder-amdci5-4/julialang/julia-release-1-dot-12/src/julia.h:2391 [inlined]
true_main at /cache/build/builder-amdci5-4/julialang/julia-release-1-dot-12/src/jlapi.c:971
jl_repl_entrypoint at /cache/build/builder-amdci5-4/julialang/julia-release-1-dot-12/src/jlapi.c:1139
main at /cache/build/builder-amdci5-4/julialang/julia-release-1-dot-12/cli/loader_exe.c:58
unknown function (ip: 0x712a3f42a1c9) at /lib/x86_64-linux-gnu/libc.so.6
__libc_start_main at /lib/x86_64-linux-gnu/libc.so.6 (unknown line)
unknown function (ip: 0x4010b8) at /workspace/srcdir/glibc-2.17/csu/../sysdeps/x86_64/start.S
unknown function (ip: (nil)) at (unknown file)
Allocations: 115700715 (Pool: 115699664; Big: 1051); GC: 37
