MIXED_VOLUME_START equations=85 unknowns=85

======================================================================================
Information request received. A stacktrace will print followed by a 10.0 second profile.
--trace-compile is enabled during profile collection.
======================================================================================

cmd: /home/orebas/.julia/juliaup/julia-1.13.0+0.x64.linux.gnu/bin/julia 2854448 running 1 of 1

signal (10): User defined signal 1
+ at ./int.jl:87 [inlined]
table_update! at /home/orebas/.julia/packages/MixedSubdivisions/Er7IW/src/MixedSubdivisions.jl:863 [inlined]
exchange_column! at /home/orebas/.julia/packages/MixedSubdivisions/Er7IW/src/MixedSubdivisions.jl:775
exchange_column! at /home/orebas/.julia/packages/MixedSubdivisions/Er7IW/src/MixedSubdivisions.jl:981 [inlined]
next_cell! at /home/orebas/.julia/packages/MixedSubdivisions/Er7IW/src/MixedSubdivisions.jl:1054
next_cell! at /home/orebas/.julia/packages/MixedSubdivisions/Er7IW/src/MixedSubdivisions.jl:1206
unknown function (ip: 0x79fc20b6ee02) at (unknown file)
macro expansion at /tmp/odepe-fujita-mv-long-20260914/source/measure_polynomial_system.jl:49 [inlined]
macro expansion at ./timing.jl:699 [inlined]
top-level scope at /tmp/odepe-fujita-mv-long-20260914/source/measure_polynomial_system.jl:45
jl_toplevel_eval_flex at /cache/build/builder-amdci4-4/julialang/julia-ci/src/toplevel.c:731
jl_eval_toplevel_stmts at /cache/build/builder-amdci4-4/julialang/julia-ci/src/toplevel.c:585
jl_toplevel_eval_flex at /cache/build/builder-amdci4-4/julialang/julia-ci/src/toplevel.c:683
ijl_toplevel_eval at /cache/build/builder-amdci4-4/julialang/julia-ci/src/toplevel.c:754
ijl_toplevel_eval_in at /cache/build/builder-amdci4-4/julialang/julia-ci/src/toplevel.c:799
eval at ./boot.jl:489
include_string at ./loading.jl:3016
_include at ./loading.jl:3076
include at ./Base.jl:309
exec_options at ./client.jl:344
_start at ./client.jl:577
jfptr__start_59126.1 at /home/orebas/.julia/juliaup/julia-1.13.0+0.x64.linux.gnu/lib/julia/sys.so (unknown line)
jl_apply at /cache/build/builder-amdci4-4/julialang/julia-ci/src/julia.h:2318 [inlined]
true_main at /cache/build/builder-amdci4-4/julialang/julia-ci/src/jlapi.c:985
jl_repl_entrypoint at /cache/build/builder-amdci4-4/julialang/julia-ci/src/jlapi.c:1152
main at /cache/build/builder-amdci4-4/julialang/julia-ci/cli/loader_exe.c:58
unknown function (ip: 0x79fc4722a600) at /usr/lib/x86_64-linux-gnu/libc.so.6
__libc_start_main at /usr/lib/x86_64-linux-gnu/libc.so.6 (unknown line)
unknown function (ip: 0x4010b8) at /workspace/srcdir/glibc-2.17/csu/../sysdeps/x86_64/start.S
unknown function (ip: (nil)) at (unknown file)


==============================================================
Profile collected. A report will print at the next yield point.
Disabling --trace-compile
==============================================================


======================================================================================
Information request received. A stacktrace will print followed by a 10.0 second profile.
--trace-compile is enabled during profile collection.
======================================================================================

cmd: /home/orebas/.julia/juliaup/julia-1.13.0+0.x64.linux.gnu/bin/julia 2854448 running 1 of 1

signal (10): User defined signal 1
mul_with_overflow at ./checked.jl:244 [inlined]
checked_mul at ./checked.jl:297 [inlined]
⊙ at /home/orebas/.julia/packages/MixedSubdivisions/Er7IW/src/MixedSubdivisions.jl:21 [inlined]
circuit_less at /home/orebas/.julia/packages/MixedSubdivisions/Er7IW/src/MixedSubdivisions.jl:654 [inlined]
first_violated_inequality at /home/orebas/.julia/packages/MixedSubdivisions/Er7IW/src/MixedSubdivisions.jl:609
next_cell! at /home/orebas/.julia/packages/MixedSubdivisions/Er7IW/src/MixedSubdivisions.jl:1056
next_cell! at /home/orebas/.julia/packages/MixedSubdivisions/Er7IW/src/MixedSubdivisions.jl:1206
unknown function (ip: 0x79fc20b6ee02) at (unknown file)
macro expansion at /tmp/odepe-fujita-mv-long-20260914/source/measure_polynomial_system.jl:49 [inlined]
macro expansion at ./timing.jl:699 [inlined]
top-level scope at /tmp/odepe-fujita-mv-long-20260914/source/measure_polynomial_system.jl:45
jl_toplevel_eval_flex at /cache/build/builder-amdci4-4/julialang/julia-ci/src/toplevel.c:731
jl_eval_toplevel_stmts at /cache/build/builder-amdci4-4/julialang/julia-ci/src/toplevel.c:585
jl_toplevel_eval_flex at /cache/build/builder-amdci4-4/julialang/julia-ci/src/toplevel.c:683
ijl_toplevel_eval at /cache/build/builder-amdci4-4/julialang/julia-ci/src/toplevel.c:754
ijl_toplevel_eval_in at /cache/build/builder-amdci4-4/julialang/julia-ci/src/toplevel.c:799
eval at ./boot.jl:489
include_string at ./loading.jl:3016
_include at ./loading.jl:3076
include at ./Base.jl:309
exec_options at ./client.jl:344
_start at ./client.jl:577
jfptr__start_59126.1 at /home/orebas/.julia/juliaup/julia-1.13.0+0.x64.linux.gnu/lib/julia/sys.so (unknown line)
jl_apply at /cache/build/builder-amdci4-4/julialang/julia-ci/src/julia.h:2318 [inlined]
true_main at /cache/build/builder-amdci4-4/julialang/julia-ci/src/jlapi.c:985
jl_repl_entrypoint at /cache/build/builder-amdci4-4/julialang/julia-ci/src/jlapi.c:1152
main at /cache/build/builder-amdci4-4/julialang/julia-ci/cli/loader_exe.c:58
unknown function (ip: 0x79fc4722a600) at /usr/lib/x86_64-linux-gnu/libc.so.6
__libc_start_main at /usr/lib/x86_64-linux-gnu/libc.so.6 (unknown line)
unknown function (ip: 0x4010b8) at /workspace/srcdir/glibc-2.17/csu/../sysdeps/x86_64/start.S
unknown function (ip: (nil)) at (unknown file)


==============================================================
Profile collected. A report will print at the next yield point.
Disabling --trace-compile
==============================================================


======================================================================================
Information request received. A stacktrace will print followed by a 10.0 second profile.
--trace-compile is enabled during profile collection.
======================================================================================

cmd: /home/orebas/.julia/juliaup/julia-1.13.0+0.x64.linux.gnu/bin/julia 2854448 running 1 of 1

signal (10): User defined signal 1
+ at ./int.jl:87 [inlined]
table_update! at /home/orebas/.julia/packages/MixedSubdivisions/Er7IW/src/MixedSubdivisions.jl:863 [inlined]
exchange_column! at /home/orebas/.julia/packages/MixedSubdivisions/Er7IW/src/MixedSubdivisions.jl:775
exchange_column! at /home/orebas/.julia/packages/MixedSubdivisions/Er7IW/src/MixedSubdivisions.jl:981 [inlined]
next_cell! at /home/orebas/.julia/packages/MixedSubdivisions/Er7IW/src/MixedSubdivisions.jl:1054
next_cell! at /home/orebas/.julia/packages/MixedSubdivisions/Er7IW/src/MixedSubdivisions.jl:1206
unknown function (ip: 0x79fc20b6ee02) at (unknown file)
macro expansion at /tmp/odepe-fujita-mv-long-20260914/source/measure_polynomial_system.jl:49 [inlined]
macro expansion at ./timing.jl:699 [inlined]
top-level scope at /tmp/odepe-fujita-mv-long-20260914/source/measure_polynomial_system.jl:45
jl_toplevel_eval_flex at /cache/build/builder-amdci4-4/julialang/julia-ci/src/toplevel.c:731
jl_eval_toplevel_stmts at /cache/build/builder-amdci4-4/julialang/julia-ci/src/toplevel.c:585
jl_toplevel_eval_flex at /cache/build/builder-amdci4-4/julialang/julia-ci/src/toplevel.c:683
ijl_toplevel_eval at /cache/build/builder-amdci4-4/julialang/julia-ci/src/toplevel.c:754
ijl_toplevel_eval_in at /cache/build/builder-amdci4-4/julialang/julia-ci/src/toplevel.c:799
eval at ./boot.jl:489
include_string at ./loading.jl:3016
_include at ./loading.jl:3076
include at ./Base.jl:309
exec_options at ./client.jl:344
_start at ./client.jl:577
jfptr__start_59126.1 at /home/orebas/.julia/juliaup/julia-1.13.0+0.x64.linux.gnu/lib/julia/sys.so (unknown line)
jl_apply at /cache/build/builder-amdci4-4/julialang/julia-ci/src/julia.h:2318 [inlined]
true_main at /cache/build/builder-amdci4-4/julialang/julia-ci/src/jlapi.c:985
jl_repl_entrypoint at /cache/build/builder-amdci4-4/julialang/julia-ci/src/jlapi.c:1152
main at /cache/build/builder-amdci4-4/julialang/julia-ci/cli/loader_exe.c:58
unknown function (ip: 0x79fc4722a600) at /usr/lib/x86_64-linux-gnu/libc.so.6
__libc_start_main at /usr/lib/x86_64-linux-gnu/libc.so.6 (unknown line)
unknown function (ip: 0x4010b8) at /workspace/srcdir/glibc-2.17/csu/../sysdeps/x86_64/start.S
unknown function (ip: (nil)) at (unknown file)


==============================================================
Profile collected. A report will print at the next yield point.
Disabling --trace-compile
==============================================================


======================================================================================
Information request received. A stacktrace will print followed by a 10.0 second profile.
--trace-compile is enabled during profile collection.
======================================================================================

cmd: /home/orebas/.julia/juliaup/julia-1.13.0+0.x64.linux.gnu/bin/julia 2854448 running 1 of 1

signal (10): User defined signal 1
* at ./int.jl:88 [inlined]
table_update! at /home/orebas/.julia/packages/MixedSubdivisions/Er7IW/src/MixedSubdivisions.jl:863 [inlined]
exchange_column! at /home/orebas/.julia/packages/MixedSubdivisions/Er7IW/src/MixedSubdivisions.jl:775
exchange_column! at /home/orebas/.julia/packages/MixedSubdivisions/Er7IW/src/MixedSubdivisions.jl:981 [inlined]
next_cell! at /home/orebas/.julia/packages/MixedSubdivisions/Er7IW/src/MixedSubdivisions.jl:1054
next_cell! at /home/orebas/.julia/packages/MixedSubdivisions/Er7IW/src/MixedSubdivisions.jl:1206
unknown function (ip: 0x79fc20b6ee02) at (unknown file)
macro expansion at /tmp/odepe-fujita-mv-long-20260914/source/measure_polynomial_system.jl:49 [inlined]
macro expansion at ./timing.jl:699 [inlined]
top-level scope at /tmp/odepe-fujita-mv-long-20260914/source/measure_polynomial_system.jl:45
jl_toplevel_eval_flex at /cache/build/builder-amdci4-4/julialang/julia-ci/src/toplevel.c:731
jl_eval_toplevel_stmts at /cache/build/builder-amdci4-4/julialang/julia-ci/src/toplevel.c:585
jl_toplevel_eval_flex at /cache/build/builder-amdci4-4/julialang/julia-ci/src/toplevel.c:683
ijl_toplevel_eval at /cache/build/builder-amdci4-4/julialang/julia-ci/src/toplevel.c:754
ijl_toplevel_eval_in at /cache/build/builder-amdci4-4/julialang/julia-ci/src/toplevel.c:799
eval at ./boot.jl:489
include_string at ./loading.jl:3016
_include at ./loading.jl:3076
include at ./Base.jl:309
exec_options at ./client.jl:344
_start at ./client.jl:577
jfptr__start_59126.1 at /home/orebas/.julia/juliaup/julia-1.13.0+0.x64.linux.gnu/lib/julia/sys.so (unknown line)
jl_apply at /cache/build/builder-amdci4-4/julialang/julia-ci/src/julia.h:2318 [inlined]
true_main at /cache/build/builder-amdci4-4/julialang/julia-ci/src/jlapi.c:985
jl_repl_entrypoint at /cache/build/builder-amdci4-4/julialang/julia-ci/src/jlapi.c:1152
main at /cache/build/builder-amdci4-4/julialang/julia-ci/cli/loader_exe.c:58
unknown function (ip: 0x79fc4722a600) at /usr/lib/x86_64-linux-gnu/libc.so.6
__libc_start_main at /usr/lib/x86_64-linux-gnu/libc.so.6 (unknown line)
unknown function (ip: 0x4010b8) at /workspace/srcdir/glibc-2.17/csu/../sysdeps/x86_64/start.S
unknown function (ip: (nil)) at (unknown file)


==============================================================
Profile collected. A report will print at the next yield point.
Disabling --trace-compile
==============================================================


======================================================================================
Information request received. A stacktrace will print followed by a 10.0 second profile.
--trace-compile is enabled during profile collection.
======================================================================================

cmd: /home/orebas/.julia/juliaup/julia-1.13.0+0.x64.linux.gnu/bin/julia 2854448 running 1 of 1

signal (10): User defined signal 1
* at ./int.jl:88 [inlined]
table_update! at /home/orebas/.julia/packages/MixedSubdivisions/Er7IW/src/MixedSubdivisions.jl:863 [inlined]
exchange_column! at /home/orebas/.julia/packages/MixedSubdivisions/Er7IW/src/MixedSubdivisions.jl:775
exchange_column! at /home/orebas/.julia/packages/MixedSubdivisions/Er7IW/src/MixedSubdivisions.jl:981 [inlined]
next_cell! at /home/orebas/.julia/packages/MixedSubdivisions/Er7IW/src/MixedSubdivisions.jl:1054
next_cell! at /home/orebas/.julia/packages/MixedSubdivisions/Er7IW/src/MixedSubdivisions.jl:1206
unknown function (ip: 0x79fc20b6ee02) at (unknown file)
macro expansion at /tmp/odepe-fujita-mv-long-20260914/source/measure_polynomial_system.jl:49 [inlined]
macro expansion at ./timing.jl:699 [inlined]
top-level scope at /tmp/odepe-fujita-mv-long-20260914/source/measure_polynomial_system.jl:45
jl_toplevel_eval_flex at /cache/build/builder-amdci4-4/julialang/julia-ci/src/toplevel.c:731
jl_eval_toplevel_stmts at /cache/build/builder-amdci4-4/julialang/julia-ci/src/toplevel.c:585
jl_toplevel_eval_flex at /cache/build/builder-amdci4-4/julialang/julia-ci/src/toplevel.c:683
ijl_toplevel_eval at /cache/build/builder-amdci4-4/julialang/julia-ci/src/toplevel.c:754
ijl_toplevel_eval_in at /cache/build/builder-amdci4-4/julialang/julia-ci/src/toplevel.c:799
eval at ./boot.jl:489
include_string at ./loading.jl:3016
_include at ./loading.jl:3076
include at ./Base.jl:309
exec_options at ./client.jl:344
_start at ./client.jl:577
jfptr__start_59126.1 at /home/orebas/.julia/juliaup/julia-1.13.0+0.x64.linux.gnu/lib/julia/sys.so (unknown line)
jl_apply at /cache/build/builder-amdci4-4/julialang/julia-ci/src/julia.h:2318 [inlined]
true_main at /cache/build/builder-amdci4-4/julialang/julia-ci/src/jlapi.c:985
jl_repl_entrypoint at /cache/build/builder-amdci4-4/julialang/julia-ci/src/jlapi.c:1152
main at /cache/build/builder-amdci4-4/julialang/julia-ci/cli/loader_exe.c:58
unknown function (ip: 0x79fc4722a600) at /usr/lib/x86_64-linux-gnu/libc.so.6
__libc_start_main at /usr/lib/x86_64-linux-gnu/libc.so.6 (unknown line)
unknown function (ip: 0x4010b8) at /workspace/srcdir/glibc-2.17/csu/../sysdeps/x86_64/start.S
unknown function (ip: (nil)) at (unknown file)


==============================================================
Profile collected. A report will print at the next yield point.
Disabling --trace-compile
==============================================================


======================================================================================
Information request received. A stacktrace will print followed by a 10.0 second profile.
--trace-compile is enabled during profile collection.
======================================================================================

cmd: /home/orebas/.julia/juliaup/julia-1.13.0+0.x64.linux.gnu/bin/julia 2854448 running 1 of 1

signal (10): User defined signal 1
* at ./int.jl:88 [inlined]
table_update! at /home/orebas/.julia/packages/MixedSubdivisions/Er7IW/src/MixedSubdivisions.jl:863 [inlined]
exchange_column! at /home/orebas/.julia/packages/MixedSubdivisions/Er7IW/src/MixedSubdivisions.jl:775
reverse_exchange_column! at /home/orebas/.julia/packages/MixedSubdivisions/Er7IW/src/MixedSubdivisions.jl:985 [inlined]
next_cell! at /home/orebas/.julia/packages/MixedSubdivisions/Er7IW/src/MixedSubdivisions.jl:1043
next_cell! at /home/orebas/.julia/packages/MixedSubdivisions/Er7IW/src/MixedSubdivisions.jl:1206
unknown function (ip: 0x79fc20b6ee02) at (unknown file)
macro expansion at /tmp/odepe-fujita-mv-long-20260914/source/measure_polynomial_system.jl:49 [inlined]
macro expansion at ./timing.jl:699 [inlined]
top-level scope at /tmp/odepe-fujita-mv-long-20260914/source/measure_polynomial_system.jl:45
jl_toplevel_eval_flex at /cache/build/builder-amdci4-4/julialang/julia-ci/src/toplevel.c:731
jl_eval_toplevel_stmts at /cache/build/builder-amdci4-4/julialang/julia-ci/src/toplevel.c:585
jl_toplevel_eval_flex at /cache/build/builder-amdci4-4/julialang/julia-ci/src/toplevel.c:683
ijl_toplevel_eval at /cache/build/builder-amdci4-4/julialang/julia-ci/src/toplevel.c:754
ijl_toplevel_eval_in at /cache/build/builder-amdci4-4/julialang/julia-ci/src/toplevel.c:799
eval at ./boot.jl:489
include_string at ./loading.jl:3016
_include at ./loading.jl:3076
include at ./Base.jl:309
exec_options at ./client.jl:344
_start at ./client.jl:577
jfptr__start_59126.1 at /home/orebas/.julia/juliaup/julia-1.13.0+0.x64.linux.gnu/lib/julia/sys.so (unknown line)
jl_apply at /cache/build/builder-amdci4-4/julialang/julia-ci/src/julia.h:2318 [inlined]
true_main at /cache/build/builder-amdci4-4/julialang/julia-ci/src/jlapi.c:985
jl_repl_entrypoint at /cache/build/builder-amdci4-4/julialang/julia-ci/src/jlapi.c:1152
main at /cache/build/builder-amdci4-4/julialang/julia-ci/cli/loader_exe.c:58
unknown function (ip: 0x79fc4722a600) at /usr/lib/x86_64-linux-gnu/libc.so.6
__libc_start_main at /usr/lib/x86_64-linux-gnu/libc.so.6 (unknown line)
unknown function (ip: 0x4010b8) at /workspace/srcdir/glibc-2.17/csu/../sysdeps/x86_64/start.S
unknown function (ip: (nil)) at (unknown file)


==============================================================
Profile collected. A report will print at the next yield point.
Disabling --trace-compile
==============================================================


======================================================================================
Information request received. A stacktrace will print followed by a 10.0 second profile.
--trace-compile is enabled during profile collection.
======================================================================================

cmd: /home/orebas/.julia/juliaup/julia-1.13.0+0.x64.linux.gnu/bin/julia 2854448 running 1 of 1

signal (10): User defined signal 1
mul_with_overflow at ./checked.jl:244 [inlined]
checked_mul at ./checked.jl:297 [inlined]
⊙ at /home/orebas/.julia/packages/MixedSubdivisions/Er7IW/src/MixedSubdivisions.jl:21 [inlined]
circuit_less at /home/orebas/.julia/packages/MixedSubdivisions/Er7IW/src/MixedSubdivisions.jl:654 [inlined]
first_violated_inequality at /home/orebas/.julia/packages/MixedSubdivisions/Er7IW/src/MixedSubdivisions.jl:609
next_cell! at /home/orebas/.julia/packages/MixedSubdivisions/Er7IW/src/MixedSubdivisions.jl:1056
next_cell! at /home/orebas/.julia/packages/MixedSubdivisions/Er7IW/src/MixedSubdivisions.jl:1206
unknown function (ip: 0x79fc20b6ee02) at (unknown file)
macro expansion at /tmp/odepe-fujita-mv-long-20260914/source/measure_polynomial_system.jl:49 [inlined]
macro expansion at ./timing.jl:699 [inlined]
top-level scope at /tmp/odepe-fujita-mv-long-20260914/source/measure_polynomial_system.jl:45
jl_toplevel_eval_flex at /cache/build/builder-amdci4-4/julialang/julia-ci/src/toplevel.c:731
jl_eval_toplevel_stmts at /cache/build/builder-amdci4-4/julialang/julia-ci/src/toplevel.c:585
jl_toplevel_eval_flex at /cache/build/builder-amdci4-4/julialang/julia-ci/src/toplevel.c:683
ijl_toplevel_eval at /cache/build/builder-amdci4-4/julialang/julia-ci/src/toplevel.c:754
ijl_toplevel_eval_in at /cache/build/builder-amdci4-4/julialang/julia-ci/src/toplevel.c:799
eval at ./boot.jl:489
include_string at ./loading.jl:3016
_include at ./loading.jl:3076
include at ./Base.jl:309
exec_options at ./client.jl:344
_start at ./client.jl:577
jfptr__start_59126.1 at /home/orebas/.julia/juliaup/julia-1.13.0+0.x64.linux.gnu/lib/julia/sys.so (unknown line)
jl_apply at /cache/build/builder-amdci4-4/julialang/julia-ci/src/julia.h:2318 [inlined]
true_main at /cache/build/builder-amdci4-4/julialang/julia-ci/src/jlapi.c:985
jl_repl_entrypoint at /cache/build/builder-amdci4-4/julialang/julia-ci/src/jlapi.c:1152
main at /cache/build/builder-amdci4-4/julialang/julia-ci/cli/loader_exe.c:58
unknown function (ip: 0x79fc4722a600) at /usr/lib/x86_64-linux-gnu/libc.so.6
__libc_start_main at /usr/lib/x86_64-linux-gnu/libc.so.6 (unknown line)
unknown function (ip: 0x4010b8) at /workspace/srcdir/glibc-2.17/csu/../sysdeps/x86_64/start.S
unknown function (ip: (nil)) at (unknown file)


==============================================================
Profile collected. A report will print at the next yield point.
Disabling --trace-compile
==============================================================


======================================================================================
Information request received. A stacktrace will print followed by a 10.0 second profile.
--trace-compile is enabled during profile collection.
======================================================================================

cmd: /home/orebas/.julia/juliaup/julia-1.13.0+0.x64.linux.gnu/bin/julia 2854448 running 1 of 1

signal (10): User defined signal 1
circuit_less at /home/orebas/.julia/packages/MixedSubdivisions/Er7IW/src/MixedSubdivisions.jl:651 [inlined]
first_violated_inequality at /home/orebas/.julia/packages/MixedSubdivisions/Er7IW/src/MixedSubdivisions.jl:609
next_cell! at /home/orebas/.julia/packages/MixedSubdivisions/Er7IW/src/MixedSubdivisions.jl:1056
next_cell! at /home/orebas/.julia/packages/MixedSubdivisions/Er7IW/src/MixedSubdivisions.jl:1206
unknown function (ip: 0x79fc20b6ee02) at (unknown file)
macro expansion at /tmp/odepe-fujita-mv-long-20260914/source/measure_polynomial_system.jl:49 [inlined]
macro expansion at ./timing.jl:699 [inlined]
top-level scope at /tmp/odepe-fujita-mv-long-20260914/source/measure_polynomial_system.jl:45
jl_toplevel_eval_flex at /cache/build/builder-amdci4-4/julialang/julia-ci/src/toplevel.c:731
jl_eval_toplevel_stmts at /cache/build/builder-amdci4-4/julialang/julia-ci/src/toplevel.c:585
jl_toplevel_eval_flex at /cache/build/builder-amdci4-4/julialang/julia-ci/src/toplevel.c:683
ijl_toplevel_eval at /cache/build/builder-amdci4-4/julialang/julia-ci/src/toplevel.c:754
ijl_toplevel_eval_in at /cache/build/builder-amdci4-4/julialang/julia-ci/src/toplevel.c:799
eval at ./boot.jl:489
include_string at ./loading.jl:3016
_include at ./loading.jl:3076
include at ./Base.jl:309
exec_options at ./client.jl:344
_start at ./client.jl:577
jfptr__start_59126.1 at /home/orebas/.julia/juliaup/julia-1.13.0+0.x64.linux.gnu/lib/julia/sys.so (unknown line)
jl_apply at /cache/build/builder-amdci4-4/julialang/julia-ci/src/julia.h:2318 [inlined]
true_main at /cache/build/builder-amdci4-4/julialang/julia-ci/src/jlapi.c:985
jl_repl_entrypoint at /cache/build/builder-amdci4-4/julialang/julia-ci/src/jlapi.c:1152
main at /cache/build/builder-amdci4-4/julialang/julia-ci/cli/loader_exe.c:58
unknown function (ip: 0x79fc4722a600) at /usr/lib/x86_64-linux-gnu/libc.so.6
__libc_start_main at /usr/lib/x86_64-linux-gnu/libc.so.6 (unknown line)
unknown function (ip: 0x4010b8) at /workspace/srcdir/glibc-2.17/csu/../sysdeps/x86_64/start.S
unknown function (ip: (nil)) at (unknown file)


==============================================================
Profile collected. A report will print at the next yield point.
Disabling --trace-compile
==============================================================


======================================================================================
Information request received. A stacktrace will print followed by a 10.0 second profile.
--trace-compile is enabled during profile collection.
======================================================================================

cmd: /home/orebas/.julia/juliaup/julia-1.13.0+0.x64.linux.gnu/bin/julia 2854448 running 1 of 1

signal (10): User defined signal 1
ifelse at ./essentials.jl:849 [inlined]
min at ./promotion.jl:653 [inlined]
table_update! at /home/orebas/.julia/packages/MixedSubdivisions/Er7IW/src/MixedSubdivisions.jl:871 [inlined]
exchange_column! at /home/orebas/.julia/packages/MixedSubdivisions/Er7IW/src/MixedSubdivisions.jl:775
reverse_exchange_column! at /home/orebas/.julia/packages/MixedSubdivisions/Er7IW/src/MixedSubdivisions.jl:985 [inlined]
next_cell! at /home/orebas/.julia/packages/MixedSubdivisions/Er7IW/src/MixedSubdivisions.jl:1043
next_cell! at /home/orebas/.julia/packages/MixedSubdivisions/Er7IW/src/MixedSubdivisions.jl:1206
unknown function (ip: 0x79fc20b6ee02) at (unknown file)
macro expansion at /tmp/odepe-fujita-mv-long-20260914/source/measure_polynomial_system.jl:49 [inlined]
macro expansion at ./timing.jl:699 [inlined]
top-level scope at /tmp/odepe-fujita-mv-long-20260914/source/measure_polynomial_system.jl:45
jl_toplevel_eval_flex at /cache/build/builder-amdci4-4/julialang/julia-ci/src/toplevel.c:731
jl_eval_toplevel_stmts at /cache/build/builder-amdci4-4/julialang/julia-ci/src/toplevel.c:585
jl_toplevel_eval_flex at /cache/build/builder-amdci4-4/julialang/julia-ci/src/toplevel.c:683
ijl_toplevel_eval at /cache/build/builder-amdci4-4/julialang/julia-ci/src/toplevel.c:754
ijl_toplevel_eval_in at /cache/build/builder-amdci4-4/julialang/julia-ci/src/toplevel.c:799
eval at ./boot.jl:489
include_string at ./loading.jl:3016
_include at ./loading.jl:3076
include at ./Base.jl:309
exec_options at ./client.jl:344
_start at ./client.jl:577
jfptr__start_59126.1 at /home/orebas/.julia/juliaup/julia-1.13.0+0.x64.linux.gnu/lib/julia/sys.so (unknown line)
jl_apply at /cache/build/builder-amdci4-4/julialang/julia-ci/src/julia.h:2318 [inlined]
true_main at /cache/build/builder-amdci4-4/julialang/julia-ci/src/jlapi.c:985
jl_repl_entrypoint at /cache/build/builder-amdci4-4/julialang/julia-ci/src/jlapi.c:1152
main at /cache/build/builder-amdci4-4/julialang/julia-ci/cli/loader_exe.c:58
unknown function (ip: 0x79fc4722a600) at /usr/lib/x86_64-linux-gnu/libc.so.6
__libc_start_main at /usr/lib/x86_64-linux-gnu/libc.so.6 (unknown line)
unknown function (ip: 0x4010b8) at /workspace/srcdir/glibc-2.17/csu/../sysdeps/x86_64/start.S
unknown function (ip: (nil)) at (unknown file)


==============================================================
Profile collected. A report will print at the next yield point.
Disabling --trace-compile
==============================================================


======================================================================================
Information request received. A stacktrace will print followed by a 10.0 second profile.
--trace-compile is enabled during profile collection.
======================================================================================

cmd: /home/orebas/.julia/juliaup/julia-1.13.0+0.x64.linux.gnu/bin/julia 2854448 running 1 of 1

signal (10): User defined signal 1
ifelse at ./essentials.jl:849 [inlined]
max at ./promotion.jl:652 [inlined]
table_update! at /home/orebas/.julia/packages/MixedSubdivisions/Er7IW/src/MixedSubdivisions.jl:865 [inlined]
exchange_column! at /home/orebas/.julia/packages/MixedSubdivisions/Er7IW/src/MixedSubdivisions.jl:775
exchange_column! at /home/orebas/.julia/packages/MixedSubdivisions/Er7IW/src/MixedSubdivisions.jl:981 [inlined]
next_cell! at /home/orebas/.julia/packages/MixedSubdivisions/Er7IW/src/MixedSubdivisions.jl:1054
next_cell! at /home/orebas/.julia/packages/MixedSubdivisions/Er7IW/src/MixedSubdivisions.jl:1206
unknown function (ip: 0x79fc20b6ee02) at (unknown file)
macro expansion at /tmp/odepe-fujita-mv-long-20260914/source/measure_polynomial_system.jl:49 [inlined]
macro expansion at ./timing.jl:699 [inlined]
top-level scope at /tmp/odepe-fujita-mv-long-20260914/source/measure_polynomial_system.jl:45
jl_toplevel_eval_flex at /cache/build/builder-amdci4-4/julialang/julia-ci/src/toplevel.c:731
jl_eval_toplevel_stmts at /cache/build/builder-amdci4-4/julialang/julia-ci/src/toplevel.c:585
jl_toplevel_eval_flex at /cache/build/builder-amdci4-4/julialang/julia-ci/src/toplevel.c:683
ijl_toplevel_eval at /cache/build/builder-amdci4-4/julialang/julia-ci/src/toplevel.c:754
ijl_toplevel_eval_in at /cache/build/builder-amdci4-4/julialang/julia-ci/src/toplevel.c:799
eval at ./boot.jl:489
include_string at ./loading.jl:3016
_include at ./loading.jl:3076
include at ./Base.jl:309
exec_options at ./client.jl:344
_start at ./client.jl:577
jfptr__start_59126.1 at /home/orebas/.julia/juliaup/julia-1.13.0+0.x64.linux.gnu/lib/julia/sys.so (unknown line)
jl_apply at /cache/build/builder-amdci4-4/julialang/julia-ci/src/julia.h:2318 [inlined]
true_main at /cache/build/builder-amdci4-4/julialang/julia-ci/src/jlapi.c:985
jl_repl_entrypoint at /cache/build/builder-amdci4-4/julialang/julia-ci/src/jlapi.c:1152
main at /cache/build/builder-amdci4-4/julialang/julia-ci/cli/loader_exe.c:58
unknown function (ip: 0x79fc4722a600) at /usr/lib/x86_64-linux-gnu/libc.so.6
__libc_start_main at /usr/lib/x86_64-linux-gnu/libc.so.6 (unknown line)
unknown function (ip: 0x4010b8) at /workspace/srcdir/glibc-2.17/csu/../sysdeps/x86_64/start.S
unknown function (ip: (nil)) at (unknown file)


==============================================================
Profile collected. A report will print at the next yield point.
Disabling --trace-compile
==============================================================


======================================================================================
Information request received. A stacktrace will print followed by a 10.0 second profile.
--trace-compile is enabled during profile collection.
======================================================================================

cmd: /home/orebas/.julia/juliaup/julia-1.13.0+0.x64.linux.gnu/bin/julia 2854448 running 1 of 1

signal (10): User defined signal 1
+ at ./int.jl:87 [inlined]
_sub2ind_recurse at ./abstractarray.jl:3106 [inlined]
_sub2ind_recurse at ./abstractarray.jl:3106 [inlined]
_sub2ind at ./abstractarray.jl:3090 [inlined]
_sub2ind at ./abstractarray.jl:3074 [inlined]
_to_linear_index at ./abstractarray.jl:1398 [inlined]
getindex at ./array.jl:963 [inlined]
circuit_less at /home/orebas/.julia/packages/MixedSubdivisions/Er7IW/src/MixedSubdivisions.jl:653 [inlined]
first_violated_inequality at /home/orebas/.julia/packages/MixedSubdivisions/Er7IW/src/MixedSubdivisions.jl:609
next_cell! at /home/orebas/.julia/packages/MixedSubdivisions/Er7IW/src/MixedSubdivisions.jl:1056
next_cell! at /home/orebas/.julia/packages/MixedSubdivisions/Er7IW/src/MixedSubdivisions.jl:1206
unknown function (ip: 0x79fc20b6ee02) at (unknown file)
macro expansion at /tmp/odepe-fujita-mv-long-20260914/source/measure_polynomial_system.jl:49 [inlined]
macro expansion at ./timing.jl:699 [inlined]
top-level scope at /tmp/odepe-fujita-mv-long-20260914/source/measure_polynomial_system.jl:45
jl_toplevel_eval_flex at /cache/build/builder-amdci4-4/julialang/julia-ci/src/toplevel.c:731
jl_eval_toplevel_stmts at /cache/build/builder-amdci4-4/julialang/julia-ci/src/toplevel.c:585
jl_toplevel_eval_flex at /cache/build/builder-amdci4-4/julialang/julia-ci/src/toplevel.c:683
ijl_toplevel_eval at /cache/build/builder-amdci4-4/julialang/julia-ci/src/toplevel.c:754
ijl_toplevel_eval_in at /cache/build/builder-amdci4-4/julialang/julia-ci/src/toplevel.c:799
eval at ./boot.jl:489
include_string at ./loading.jl:3016
_include at ./loading.jl:3076
include at ./Base.jl:309
exec_options at ./client.jl:344
_start at ./client.jl:577
jfptr__start_59126.1 at /home/orebas/.julia/juliaup/julia-1.13.0+0.x64.linux.gnu/lib/julia/sys.so (unknown line)
jl_apply at /cache/build/builder-amdci4-4/julialang/julia-ci/src/julia.h:2318 [inlined]
true_main at /cache/build/builder-amdci4-4/julialang/julia-ci/src/jlapi.c:985
jl_repl_entrypoint at /cache/build/builder-amdci4-4/julialang/julia-ci/src/jlapi.c:1152
main at /cache/build/builder-amdci4-4/julialang/julia-ci/cli/loader_exe.c:58
unknown function (ip: 0x79fc4722a600) at /usr/lib/x86_64-linux-gnu/libc.so.6
__libc_start_main at /usr/lib/x86_64-linux-gnu/libc.so.6 (unknown line)
unknown function (ip: 0x4010b8) at /workspace/srcdir/glibc-2.17/csu/../sysdeps/x86_64/start.S
unknown function (ip: (nil)) at (unknown file)


==============================================================
Profile collected. A report will print at the next yield point.
Disabling --trace-compile
==============================================================


======================================================================================
Information request received. A stacktrace will print followed by a 10.0 second profile.
--trace-compile is enabled during profile collection.
======================================================================================

cmd: /home/orebas/.julia/juliaup/julia-1.13.0+0.x64.linux.gnu/bin/julia 2854448 running 1 of 1

signal (10): User defined signal 1
ifelse at ./essentials.jl:849 [inlined]
min at ./promotion.jl:653 [inlined]
table_update! at /home/orebas/.julia/packages/MixedSubdivisions/Er7IW/src/MixedSubdivisions.jl:865 [inlined]
exchange_column! at /home/orebas/.julia/packages/MixedSubdivisions/Er7IW/src/MixedSubdivisions.jl:775
reverse_exchange_column! at /home/orebas/.julia/packages/MixedSubdivisions/Er7IW/src/MixedSubdivisions.jl:985 [inlined]
next_cell! at /home/orebas/.julia/packages/MixedSubdivisions/Er7IW/src/MixedSubdivisions.jl:1043
next_cell! at /home/orebas/.julia/packages/MixedSubdivisions/Er7IW/src/MixedSubdivisions.jl:1206
unknown function (ip: 0x79fc20b6ee02) at (unknown file)
macro expansion at /tmp/odepe-fujita-mv-long-20260914/source/measure_polynomial_system.jl:49 [inlined]
macro expansion at ./timing.jl:699 [inlined]
top-level scope at /tmp/odepe-fujita-mv-long-20260914/source/measure_polynomial_system.jl:45
jl_toplevel_eval_flex at /cache/build/builder-amdci4-4/julialang/julia-ci/src/toplevel.c:731
jl_eval_toplevel_stmts at /cache/build/builder-amdci4-4/julialang/julia-ci/src/toplevel.c:585
jl_toplevel_eval_flex at /cache/build/builder-amdci4-4/julialang/julia-ci/src/toplevel.c:683
ijl_toplevel_eval at /cache/build/builder-amdci4-4/julialang/julia-ci/src/toplevel.c:754
ijl_toplevel_eval_in at /cache/build/builder-amdci4-4/julialang/julia-ci/src/toplevel.c:799
eval at ./boot.jl:489
include_string at ./loading.jl:3016
_include at ./loading.jl:3076
include at ./Base.jl:309
exec_options at ./client.jl:344
_start at ./client.jl:577
jfptr__start_59126.1 at /home/orebas/.julia/juliaup/julia-1.13.0+0.x64.linux.gnu/lib/julia/sys.so (unknown line)
jl_apply at /cache/build/builder-amdci4-4/julialang/julia-ci/src/julia.h:2318 [inlined]
true_main at /cache/build/builder-amdci4-4/julialang/julia-ci/src/jlapi.c:985
jl_repl_entrypoint at /cache/build/builder-amdci4-4/julialang/julia-ci/src/jlapi.c:1152
main at /cache/build/builder-amdci4-4/julialang/julia-ci/cli/loader_exe.c:58
unknown function (ip: 0x79fc4722a600) at /usr/lib/x86_64-linux-gnu/libc.so.6
__libc_start_main at /usr/lib/x86_64-linux-gnu/libc.so.6 (unknown line)
unknown function (ip: 0x4010b8) at /workspace/srcdir/glibc-2.17/csu/../sysdeps/x86_64/start.S
unknown function (ip: (nil)) at (unknown file)


==============================================================
Profile collected. A report will print at the next yield point.
Disabling --trace-compile
==============================================================


======================================================================================
Information request received. A stacktrace will print followed by a 10.0 second profile.
--trace-compile is enabled during profile collection.
======================================================================================

cmd: /home/orebas/.julia/juliaup/julia-1.13.0+0.x64.linux.gnu/bin/julia 2854448 running 1 of 1

signal (10): User defined signal 1
+ at ./int.jl:87 [inlined]
table_update! at /home/orebas/.julia/packages/MixedSubdivisions/Er7IW/src/MixedSubdivisions.jl:863 [inlined]
exchange_column! at /home/orebas/.julia/packages/MixedSubdivisions/Er7IW/src/MixedSubdivisions.jl:775
exchange_column! at /home/orebas/.julia/packages/MixedSubdivisions/Er7IW/src/MixedSubdivisions.jl:981 [inlined]
next_cell! at /home/orebas/.julia/packages/MixedSubdivisions/Er7IW/src/MixedSubdivisions.jl:1054
next_cell! at /home/orebas/.julia/packages/MixedSubdivisions/Er7IW/src/MixedSubdivisions.jl:1206
unknown function (ip: 0x79fc20b6ee02) at (unknown file)
macro expansion at /tmp/odepe-fujita-mv-long-20260914/source/measure_polynomial_system.jl:49 [inlined]
macro expansion at ./timing.jl:699 [inlined]
top-level scope at /tmp/odepe-fujita-mv-long-20260914/source/measure_polynomial_system.jl:45
jl_toplevel_eval_flex at /cache/build/builder-amdci4-4/julialang/julia-ci/src/toplevel.c:731
jl_eval_toplevel_stmts at /cache/build/builder-amdci4-4/julialang/julia-ci/src/toplevel.c:585
jl_toplevel_eval_flex at /cache/build/builder-amdci4-4/julialang/julia-ci/src/toplevel.c:683
ijl_toplevel_eval at /cache/build/builder-amdci4-4/julialang/julia-ci/src/toplevel.c:754
ijl_toplevel_eval_in at /cache/build/builder-amdci4-4/julialang/julia-ci/src/toplevel.c:799
eval at ./boot.jl:489
include_string at ./loading.jl:3016
_include at ./loading.jl:3076
include at ./Base.jl:309
exec_options at ./client.jl:344
_start at ./client.jl:577
jfptr__start_59126.1 at /home/orebas/.julia/juliaup/julia-1.13.0+0.x64.linux.gnu/lib/julia/sys.so (unknown line)
jl_apply at /cache/build/builder-amdci4-4/julialang/julia-ci/src/julia.h:2318 [inlined]
true_main at /cache/build/builder-amdci4-4/julialang/julia-ci/src/jlapi.c:985
jl_repl_entrypoint at /cache/build/builder-amdci4-4/julialang/julia-ci/src/jlapi.c:1152
main at /cache/build/builder-amdci4-4/julialang/julia-ci/cli/loader_exe.c:58
unknown function (ip: 0x79fc4722a600) at /usr/lib/x86_64-linux-gnu/libc.so.6
__libc_start_main at /usr/lib/x86_64-linux-gnu/libc.so.6 (unknown line)
unknown function (ip: 0x4010b8) at /workspace/srcdir/glibc-2.17/csu/../sysdeps/x86_64/start.S
unknown function (ip: (nil)) at (unknown file)


==============================================================
Profile collected. A report will print at the next yield point.
Disabling --trace-compile
==============================================================


======================================================================================
Information request received. A stacktrace will print followed by a 10.0 second profile.
--trace-compile is enabled during profile collection.
======================================================================================

cmd: /home/orebas/.julia/juliaup/julia-1.13.0+0.x64.linux.gnu/bin/julia 2854448 running 1 of 1

signal (10): User defined signal 1
getindex at ./essentials.jl:970 [inlined]
getindex at ./array.jl:963 [inlined]
circuit_less at /home/orebas/.julia/packages/MixedSubdivisions/Er7IW/src/MixedSubdivisions.jl:653 [inlined]
first_violated_inequality at /home/orebas/.julia/packages/MixedSubdivisions/Er7IW/src/MixedSubdivisions.jl:609
next_cell! at /home/orebas/.julia/packages/MixedSubdivisions/Er7IW/src/MixedSubdivisions.jl:1056
next_cell! at /home/orebas/.julia/packages/MixedSubdivisions/Er7IW/src/MixedSubdivisions.jl:1206
unknown function (ip: 0x79fc20b6ee02) at (unknown file)
macro expansion at /tmp/odepe-fujita-mv-long-20260914/source/measure_polynomial_system.jl:49 [inlined]
macro expansion at ./timing.jl:699 [inlined]
top-level scope at /tmp/odepe-fujita-mv-long-20260914/source/measure_polynomial_system.jl:45
jl_toplevel_eval_flex at /cache/build/builder-amdci4-4/julialang/julia-ci/src/toplevel.c:731
jl_eval_toplevel_stmts at /cache/build/builder-amdci4-4/julialang/julia-ci/src/toplevel.c:585
jl_toplevel_eval_flex at /cache/build/builder-amdci4-4/julialang/julia-ci/src/toplevel.c:683
ijl_toplevel_eval at /cache/build/builder-amdci4-4/julialang/julia-ci/src/toplevel.c:754
ijl_toplevel_eval_in at /cache/build/builder-amdci4-4/julialang/julia-ci/src/toplevel.c:799
eval at ./boot.jl:489
include_string at ./loading.jl:3016
_include at ./loading.jl:3076
include at ./Base.jl:309
exec_options at ./client.jl:344
_start at ./client.jl:577
jfptr__start_59126.1 at /home/orebas/.julia/juliaup/julia-1.13.0+0.x64.linux.gnu/lib/julia/sys.so (unknown line)
jl_apply at /cache/build/builder-amdci4-4/julialang/julia-ci/src/julia.h:2318 [inlined]
true_main at /cache/build/builder-amdci4-4/julialang/julia-ci/src/jlapi.c:985
jl_repl_entrypoint at /cache/build/builder-amdci4-4/julialang/julia-ci/src/jlapi.c:1152
main at /cache/build/builder-amdci4-4/julialang/julia-ci/cli/loader_exe.c:58
unknown function (ip: 0x79fc4722a600) at /usr/lib/x86_64-linux-gnu/libc.so.6
__libc_start_main at /usr/lib/x86_64-linux-gnu/libc.so.6 (unknown line)
unknown function (ip: 0x4010b8) at /workspace/srcdir/glibc-2.17/csu/../sysdeps/x86_64/start.S
unknown function (ip: (nil)) at (unknown file)


==============================================================
Profile collected. A report will print at the next yield point.
Disabling --trace-compile
==============================================================


======================================================================================
Information request received. A stacktrace will print followed by a 10.0 second profile.
--trace-compile is enabled during profile collection.
======================================================================================

cmd: /home/orebas/.julia/juliaup/julia-1.13.0+0.x64.linux.gnu/bin/julia 2854448 running 1 of 1

signal (10): User defined signal 1
+ at ./int.jl:87 [inlined]
table_update! at /home/orebas/.julia/packages/MixedSubdivisions/Er7IW/src/MixedSubdivisions.jl:863 [inlined]
exchange_column! at /home/orebas/.julia/packages/MixedSubdivisions/Er7IW/src/MixedSubdivisions.jl:775
exchange_column! at /home/orebas/.julia/packages/MixedSubdivisions/Er7IW/src/MixedSubdivisions.jl:981 [inlined]
next_cell! at /home/orebas/.julia/packages/MixedSubdivisions/Er7IW/src/MixedSubdivisions.jl:1054
next_cell! at /home/orebas/.julia/packages/MixedSubdivisions/Er7IW/src/MixedSubdivisions.jl:1206
unknown function (ip: 0x79fc20b6ee02) at (unknown file)
macro expansion at /tmp/odepe-fujita-mv-long-20260914/source/measure_polynomial_system.jl:49 [inlined]
macro expansion at ./timing.jl:699 [inlined]
top-level scope at /tmp/odepe-fujita-mv-long-20260914/source/measure_polynomial_system.jl:45
jl_toplevel_eval_flex at /cache/build/builder-amdci4-4/julialang/julia-ci/src/toplevel.c:731
jl_eval_toplevel_stmts at /cache/build/builder-amdci4-4/julialang/julia-ci/src/toplevel.c:585
jl_toplevel_eval_flex at /cache/build/builder-amdci4-4/julialang/julia-ci/src/toplevel.c:683
ijl_toplevel_eval at /cache/build/builder-amdci4-4/julialang/julia-ci/src/toplevel.c:754
ijl_toplevel_eval_in at /cache/build/builder-amdci4-4/julialang/julia-ci/src/toplevel.c:799
eval at ./boot.jl:489
include_string at ./loading.jl:3016
_include at ./loading.jl:3076
include at ./Base.jl:309
exec_options at ./client.jl:344
_start at ./client.jl:577
jfptr__start_59126.1 at /home/orebas/.julia/juliaup/julia-1.13.0+0.x64.linux.gnu/lib/julia/sys.so (unknown line)
jl_apply at /cache/build/builder-amdci4-4/julialang/julia-ci/src/julia.h:2318 [inlined]
true_main at /cache/build/builder-amdci4-4/julialang/julia-ci/src/jlapi.c:985
jl_repl_entrypoint at /cache/build/builder-amdci4-4/julialang/julia-ci/src/jlapi.c:1152
main at /cache/build/builder-amdci4-4/julialang/julia-ci/cli/loader_exe.c:58
unknown function (ip: 0x79fc4722a600) at /usr/lib/x86_64-linux-gnu/libc.so.6
__libc_start_main at /usr/lib/x86_64-linux-gnu/libc.so.6 (unknown line)
unknown function (ip: 0x4010b8) at /workspace/srcdir/glibc-2.17/csu/../sysdeps/x86_64/start.S
unknown function (ip: (nil)) at (unknown file)


==============================================================
Profile collected. A report will print at the next yield point.
Disabling --trace-compile
==============================================================


======================================================================================
Information request received. A stacktrace will print followed by a 10.0 second profile.
--trace-compile is enabled during profile collection.
======================================================================================

cmd: /home/orebas/.julia/juliaup/julia-1.13.0+0.x64.linux.gnu/bin/julia 2854448 running 1 of 1

signal (10): User defined signal 1
* at ./int.jl:88 [inlined]
table_update! at /home/orebas/.julia/packages/MixedSubdivisions/Er7IW/src/MixedSubdivisions.jl:869 [inlined]
exchange_column! at /home/orebas/.julia/packages/MixedSubdivisions/Er7IW/src/MixedSubdivisions.jl:775
reverse_exchange_column! at /home/orebas/.julia/packages/MixedSubdivisions/Er7IW/src/MixedSubdivisions.jl:985 [inlined]
next_cell! at /home/orebas/.julia/packages/MixedSubdivisions/Er7IW/src/MixedSubdivisions.jl:1043
next_cell! at /home/orebas/.julia/packages/MixedSubdivisions/Er7IW/src/MixedSubdivisions.jl:1206
unknown function (ip: 0x79fc20b6ee02) at (unknown file)
macro expansion at /tmp/odepe-fujita-mv-long-20260914/source/measure_polynomial_system.jl:49 [inlined]
macro expansion at ./timing.jl:699 [inlined]
top-level scope at /tmp/odepe-fujita-mv-long-20260914/source/measure_polynomial_system.jl:45
jl_toplevel_eval_flex at /cache/build/builder-amdci4-4/julialang/julia-ci/src/toplevel.c:731
jl_eval_toplevel_stmts at /cache/build/builder-amdci4-4/julialang/julia-ci/src/toplevel.c:585
jl_toplevel_eval_flex at /cache/build/builder-amdci4-4/julialang/julia-ci/src/toplevel.c:683
ijl_toplevel_eval at /cache/build/builder-amdci4-4/julialang/julia-ci/src/toplevel.c:754
ijl_toplevel_eval_in at /cache/build/builder-amdci4-4/julialang/julia-ci/src/toplevel.c:799
eval at ./boot.jl:489
include_string at ./loading.jl:3016
_include at ./loading.jl:3076
include at ./Base.jl:309
exec_options at ./client.jl:344
_start at ./client.jl:577
jfptr__start_59126.1 at /home/orebas/.julia/juliaup/julia-1.13.0+0.x64.linux.gnu/lib/julia/sys.so (unknown line)
jl_apply at /cache/build/builder-amdci4-4/julialang/julia-ci/src/julia.h:2318 [inlined]
true_main at /cache/build/builder-amdci4-4/julialang/julia-ci/src/jlapi.c:985
jl_repl_entrypoint at /cache/build/builder-amdci4-4/julialang/julia-ci/src/jlapi.c:1152
main at /cache/build/builder-amdci4-4/julialang/julia-ci/cli/loader_exe.c:58
unknown function (ip: 0x79fc4722a600) at /usr/lib/x86_64-linux-gnu/libc.so.6
__libc_start_main at /usr/lib/x86_64-linux-gnu/libc.so.6 (unknown line)
unknown function (ip: 0x4010b8) at /workspace/srcdir/glibc-2.17/csu/../sysdeps/x86_64/start.S
unknown function (ip: (nil)) at (unknown file)


==============================================================
Profile collected. A report will print at the next yield point.
Disabling --trace-compile
==============================================================


======================================================================================
Information request received. A stacktrace will print followed by a 10.0 second profile.
--trace-compile is enabled during profile collection.
======================================================================================

cmd: /home/orebas/.julia/juliaup/julia-1.13.0+0.x64.linux.gnu/bin/julia 2854448 running 1 of 1

signal (10): User defined signal 1
_setindex! at ./array.jl:1037 [inlined]
setindex! at ./array.jl:1031 [inlined]
table_update! at /home/orebas/.julia/packages/MixedSubdivisions/Er7IW/src/MixedSubdivisions.jl:864 [inlined]
exchange_column! at /home/orebas/.julia/packages/MixedSubdivisions/Er7IW/src/MixedSubdivisions.jl:775
reverse_exchange_column! at /home/orebas/.julia/packages/MixedSubdivisions/Er7IW/src/MixedSubdivisions.jl:985 [inlined]
next_cell! at /home/orebas/.julia/packages/MixedSubdivisions/Er7IW/src/MixedSubdivisions.jl:1043
next_cell! at /home/orebas/.julia/packages/MixedSubdivisions/Er7IW/src/MixedSubdivisions.jl:1206
unknown function (ip: 0x79fc20b6ee02) at (unknown file)
macro expansion at /tmp/odepe-fujita-mv-long-20260914/source/measure_polynomial_system.jl:49 [inlined]
macro expansion at ./timing.jl:699 [inlined]
top-level scope at /tmp/odepe-fujita-mv-long-20260914/source/measure_polynomial_system.jl:45
jl_toplevel_eval_flex at /cache/build/builder-amdci4-4/julialang/julia-ci/src/toplevel.c:731
jl_eval_toplevel_stmts at /cache/build/builder-amdci4-4/julialang/julia-ci/src/toplevel.c:585
jl_toplevel_eval_flex at /cache/build/builder-amdci4-4/julialang/julia-ci/src/toplevel.c:683
ijl_toplevel_eval at /cache/build/builder-amdci4-4/julialang/julia-ci/src/toplevel.c:754
ijl_toplevel_eval_in at /cache/build/builder-amdci4-4/julialang/julia-ci/src/toplevel.c:799
eval at ./boot.jl:489
include_string at ./loading.jl:3016
_include at ./loading.jl:3076
include at ./Base.jl:309
exec_options at ./client.jl:344
_start at ./client.jl:577
jfptr__start_59126.1 at /home/orebas/.julia/juliaup/julia-1.13.0+0.x64.linux.gnu/lib/julia/sys.so (unknown line)
jl_apply at /cache/build/builder-amdci4-4/julialang/julia-ci/src/julia.h:2318 [inlined]
true_main at /cache/build/builder-amdci4-4/julialang/julia-ci/src/jlapi.c:985
jl_repl_entrypoint at /cache/build/builder-amdci4-4/julialang/julia-ci/src/jlapi.c:1152
main at /cache/build/builder-amdci4-4/julialang/julia-ci/cli/loader_exe.c:58
unknown function (ip: 0x79fc4722a600) at /usr/lib/x86_64-linux-gnu/libc.so.6
__libc_start_main at /usr/lib/x86_64-linux-gnu/libc.so.6 (unknown line)
unknown function (ip: 0x4010b8) at /workspace/srcdir/glibc-2.17/csu/../sysdeps/x86_64/start.S
unknown function (ip: (nil)) at (unknown file)


==============================================================
Profile collected. A report will print at the next yield point.
Disabling --trace-compile
==============================================================


======================================================================================
Information request received. A stacktrace will print followed by a 10.0 second profile.
--trace-compile is enabled during profile collection.
======================================================================================

cmd: /home/orebas/.julia/juliaup/julia-1.13.0+0.x64.linux.gnu/bin/julia 2854448 running 1 of 1

signal (10): User defined signal 1
ifelse at ./essentials.jl:849 [inlined]
min at ./promotion.jl:653 [inlined]
table_update! at /home/orebas/.julia/packages/MixedSubdivisions/Er7IW/src/MixedSubdivisions.jl:865 [inlined]
exchange_column! at /home/orebas/.julia/packages/MixedSubdivisions/Er7IW/src/MixedSubdivisions.jl:775
exchange_column! at /home/orebas/.julia/packages/MixedSubdivisions/Er7IW/src/MixedSubdivisions.jl:981 [inlined]
next_cell! at /home/orebas/.julia/packages/MixedSubdivisions/Er7IW/src/MixedSubdivisions.jl:1054
next_cell! at /home/orebas/.julia/packages/MixedSubdivisions/Er7IW/src/MixedSubdivisions.jl:1206
unknown function (ip: 0x79fc20b6ee02) at (unknown file)
macro expansion at /tmp/odepe-fujita-mv-long-20260914/source/measure_polynomial_system.jl:49 [inlined]
macro expansion at ./timing.jl:699 [inlined]
top-level scope at /tmp/odepe-fujita-mv-long-20260914/source/measure_polynomial_system.jl:45
jl_toplevel_eval_flex at /cache/build/builder-amdci4-4/julialang/julia-ci/src/toplevel.c:731
jl_eval_toplevel_stmts at /cache/build/builder-amdci4-4/julialang/julia-ci/src/toplevel.c:585
jl_toplevel_eval_flex at /cache/build/builder-amdci4-4/julialang/julia-ci/src/toplevel.c:683
ijl_toplevel_eval at /cache/build/builder-amdci4-4/julialang/julia-ci/src/toplevel.c:754
ijl_toplevel_eval_in at /cache/build/builder-amdci4-4/julialang/julia-ci/src/toplevel.c:799
eval at ./boot.jl:489
include_string at ./loading.jl:3016
_include at ./loading.jl:3076
include at ./Base.jl:309
exec_options at ./client.jl:344
_start at ./client.jl:577
jfptr__start_59126.1 at /home/orebas/.julia/juliaup/julia-1.13.0+0.x64.linux.gnu/lib/julia/sys.so (unknown line)
jl_apply at /cache/build/builder-amdci4-4/julialang/julia-ci/src/julia.h:2318 [inlined]
true_main at /cache/build/builder-amdci4-4/julialang/julia-ci/src/jlapi.c:985
jl_repl_entrypoint at /cache/build/builder-amdci4-4/julialang/julia-ci/src/jlapi.c:1152
main at /cache/build/builder-amdci4-4/julialang/julia-ci/cli/loader_exe.c:58
unknown function (ip: 0x79fc4722a600) at /usr/lib/x86_64-linux-gnu/libc.so.6
__libc_start_main at /usr/lib/x86_64-linux-gnu/libc.so.6 (unknown line)
unknown function (ip: 0x4010b8) at /workspace/srcdir/glibc-2.17/csu/../sysdeps/x86_64/start.S
unknown function (ip: (nil)) at (unknown file)


==============================================================
Profile collected. A report will print at the next yield point.
Disabling --trace-compile
==============================================================


======================================================================================
Information request received. A stacktrace will print followed by a 10.0 second profile.
--trace-compile is enabled during profile collection.
======================================================================================

cmd: /home/orebas/.julia/juliaup/julia-1.13.0+0.x64.linux.gnu/bin/julia 2854448 running 1 of 1

signal (10): User defined signal 1
getindex at ./essentials.jl:970 [inlined]
getindex at ./array.jl:963 [inlined]
circuit_less at /home/orebas/.julia/packages/MixedSubdivisions/Er7IW/src/MixedSubdivisions.jl:653 [inlined]
first_violated_inequality at /home/orebas/.julia/packages/MixedSubdivisions/Er7IW/src/MixedSubdivisions.jl:609
next_cell! at /home/orebas/.julia/packages/MixedSubdivisions/Er7IW/src/MixedSubdivisions.jl:1056
next_cell! at /home/orebas/.julia/packages/MixedSubdivisions/Er7IW/src/MixedSubdivisions.jl:1206
unknown function (ip: 0x79fc20b6ee02) at (unknown file)
macro expansion at /tmp/odepe-fujita-mv-long-20260914/source/measure_polynomial_system.jl:49 [inlined]
macro expansion at ./timing.jl:699 [inlined]
top-level scope at /tmp/odepe-fujita-mv-long-20260914/source/measure_polynomial_system.jl:45
jl_toplevel_eval_flex at /cache/build/builder-amdci4-4/julialang/julia-ci/src/toplevel.c:731
jl_eval_toplevel_stmts at /cache/build/builder-amdci4-4/julialang/julia-ci/src/toplevel.c:585
jl_toplevel_eval_flex at /cache/build/builder-amdci4-4/julialang/julia-ci/src/toplevel.c:683
ijl_toplevel_eval at /cache/build/builder-amdci4-4/julialang/julia-ci/src/toplevel.c:754
ijl_toplevel_eval_in at /cache/build/builder-amdci4-4/julialang/julia-ci/src/toplevel.c:799
eval at ./boot.jl:489
include_string at ./loading.jl:3016
_include at ./loading.jl:3076
include at ./Base.jl:309
exec_options at ./client.jl:344
_start at ./client.jl:577
jfptr__start_59126.1 at /home/orebas/.julia/juliaup/julia-1.13.0+0.x64.linux.gnu/lib/julia/sys.so (unknown line)
jl_apply at /cache/build/builder-amdci4-4/julialang/julia-ci/src/julia.h:2318 [inlined]
true_main at /cache/build/builder-amdci4-4/julialang/julia-ci/src/jlapi.c:985
jl_repl_entrypoint at /cache/build/builder-amdci4-4/julialang/julia-ci/src/jlapi.c:1152
main at /cache/build/builder-amdci4-4/julialang/julia-ci/cli/loader_exe.c:58
unknown function (ip: 0x79fc4722a600) at /usr/lib/x86_64-linux-gnu/libc.so.6
__libc_start_main at /usr/lib/x86_64-linux-gnu/libc.so.6 (unknown line)
unknown function (ip: 0x4010b8) at /workspace/srcdir/glibc-2.17/csu/../sysdeps/x86_64/start.S
unknown function (ip: (nil)) at (unknown file)


==============================================================
Profile collected. A report will print at the next yield point.
Disabling --trace-compile
==============================================================


======================================================================================
Information request received. A stacktrace will print followed by a 10.0 second profile.
--trace-compile is enabled during profile collection.
======================================================================================

cmd: /home/orebas/.julia/juliaup/julia-1.13.0+0.x64.linux.gnu/bin/julia 2854448 running 1 of 1

signal (10): User defined signal 1
* at ./int.jl:88 [inlined]
table_update! at /home/orebas/.julia/packages/MixedSubdivisions/Er7IW/src/MixedSubdivisions.jl:863 [inlined]
exchange_column! at /home/orebas/.julia/packages/MixedSubdivisions/Er7IW/src/MixedSubdivisions.jl:775
reverse_exchange_column! at /home/orebas/.julia/packages/MixedSubdivisions/Er7IW/src/MixedSubdivisions.jl:985 [inlined]
next_cell! at /home/orebas/.julia/packages/MixedSubdivisions/Er7IW/src/MixedSubdivisions.jl:1043
next_cell! at /home/orebas/.julia/packages/MixedSubdivisions/Er7IW/src/MixedSubdivisions.jl:1206
unknown function (ip: 0x79fc20b6ee02) at (unknown file)
macro expansion at /tmp/odepe-fujita-mv-long-20260914/source/measure_polynomial_system.jl:49 [inlined]
macro expansion at ./timing.jl:699 [inlined]
top-level scope at /tmp/odepe-fujita-mv-long-20260914/source/measure_polynomial_system.jl:45
jl_toplevel_eval_flex at /cache/build/builder-amdci4-4/julialang/julia-ci/src/toplevel.c:731
jl_eval_toplevel_stmts at /cache/build/builder-amdci4-4/julialang/julia-ci/src/toplevel.c:585
jl_toplevel_eval_flex at /cache/build/builder-amdci4-4/julialang/julia-ci/src/toplevel.c:683
ijl_toplevel_eval at /cache/build/builder-amdci4-4/julialang/julia-ci/src/toplevel.c:754
ijl_toplevel_eval_in at /cache/build/builder-amdci4-4/julialang/julia-ci/src/toplevel.c:799
eval at ./boot.jl:489
include_string at ./loading.jl:3016
_include at ./loading.jl:3076
include at ./Base.jl:309
exec_options at ./client.jl:344
_start at ./client.jl:577
jfptr__start_59126.1 at /home/orebas/.julia/juliaup/julia-1.13.0+0.x64.linux.gnu/lib/julia/sys.so (unknown line)
jl_apply at /cache/build/builder-amdci4-4/julialang/julia-ci/src/julia.h:2318 [inlined]
true_main at /cache/build/builder-amdci4-4/julialang/julia-ci/src/jlapi.c:985
jl_repl_entrypoint at /cache/build/builder-amdci4-4/julialang/julia-ci/src/jlapi.c:1152
main at /cache/build/builder-amdci4-4/julialang/julia-ci/cli/loader_exe.c:58
unknown function (ip: 0x79fc4722a600) at /usr/lib/x86_64-linux-gnu/libc.so.6
__libc_start_main at /usr/lib/x86_64-linux-gnu/libc.so.6 (unknown line)
unknown function (ip: 0x4010b8) at /workspace/srcdir/glibc-2.17/csu/../sysdeps/x86_64/start.S
unknown function (ip: (nil)) at (unknown file)


==============================================================
Profile collected. A report will print at the next yield point.
Disabling --trace-compile
==============================================================


======================================================================================
Information request received. A stacktrace will print followed by a 10.0 second profile.
--trace-compile is enabled during profile collection.
======================================================================================

cmd: /home/orebas/.julia/juliaup/julia-1.13.0+0.x64.linux.gnu/bin/julia 2854448 running 1 of 1

signal (10): User defined signal 1
_setindex! at ./array.jl:1037 [inlined]
setindex! at ./array.jl:1031 [inlined]
regeneration_stage_carry_over! at /home/orebas/.julia/packages/MixedSubdivisions/Er7IW/src/MixedSubdivisions.jl:1317
next_cell! at /home/orebas/.julia/packages/MixedSubdivisions/Er7IW/src/MixedSubdivisions.jl:1223
unknown function (ip: 0x79fc20b6ee02) at (unknown file)
macro expansion at /tmp/odepe-fujita-mv-long-20260914/source/measure_polynomial_system.jl:49 [inlined]
macro expansion at ./timing.jl:699 [inlined]
top-level scope at /tmp/odepe-fujita-mv-long-20260914/source/measure_polynomial_system.jl:45
jl_toplevel_eval_flex at /cache/build/builder-amdci4-4/julialang/julia-ci/src/toplevel.c:731
jl_eval_toplevel_stmts at /cache/build/builder-amdci4-4/julialang/julia-ci/src/toplevel.c:585
jl_toplevel_eval_flex at /cache/build/builder-amdci4-4/julialang/julia-ci/src/toplevel.c:683
ijl_toplevel_eval at /cache/build/builder-amdci4-4/julialang/julia-ci/src/toplevel.c:754
ijl_toplevel_eval_in at /cache/build/builder-amdci4-4/julialang/julia-ci/src/toplevel.c:799
eval at ./boot.jl:489
include_string at ./loading.jl:3016
_include at ./loading.jl:3076
include at ./Base.jl:309
exec_options at ./client.jl:344
_start at ./client.jl:577
jfptr__start_59126.1 at /home/orebas/.julia/juliaup/julia-1.13.0+0.x64.linux.gnu/lib/julia/sys.so (unknown line)
jl_apply at /cache/build/builder-amdci4-4/julialang/julia-ci/src/julia.h:2318 [inlined]
true_main at /cache/build/builder-amdci4-4/julialang/julia-ci/src/jlapi.c:985
jl_repl_entrypoint at /cache/build/builder-amdci4-4/julialang/julia-ci/src/jlapi.c:1152
main at /cache/build/builder-amdci4-4/julialang/julia-ci/cli/loader_exe.c:58
unknown function (ip: 0x79fc4722a600) at /usr/lib/x86_64-linux-gnu/libc.so.6
__libc_start_main at /usr/lib/x86_64-linux-gnu/libc.so.6 (unknown line)
unknown function (ip: 0x4010b8) at /workspace/srcdir/glibc-2.17/csu/../sysdeps/x86_64/start.S
unknown function (ip: (nil)) at (unknown file)


==============================================================
Profile collected. A report will print at the next yield point.
Disabling --trace-compile
==============================================================


======================================================================================
Information request received. A stacktrace will print followed by a 10.0 second profile.
--trace-compile is enabled during profile collection.
======================================================================================

cmd: /home/orebas/.julia/juliaup/julia-1.13.0+0.x64.linux.gnu/bin/julia 2854448 running 1 of 1

signal (10): User defined signal 1
== at ./promotion.jl:641 [inlined]
!= at ./operators.jl:320 [inlined]
circuit_less at /home/orebas/.julia/packages/MixedSubdivisions/Er7IW/src/MixedSubdivisions.jl:651 [inlined]
first_violated_inequality at /home/orebas/.julia/packages/MixedSubdivisions/Er7IW/src/MixedSubdivisions.jl:609
next_cell! at /home/orebas/.julia/packages/MixedSubdivisions/Er7IW/src/MixedSubdivisions.jl:1056
next_cell! at /home/orebas/.julia/packages/MixedSubdivisions/Er7IW/src/MixedSubdivisions.jl:1206
unknown function (ip: 0x79fc20b6ee02) at (unknown file)
macro expansion at /tmp/odepe-fujita-mv-long-20260914/source/measure_polynomial_system.jl:49 [inlined]
macro expansion at ./timing.jl:699 [inlined]
top-level scope at /tmp/odepe-fujita-mv-long-20260914/source/measure_polynomial_system.jl:45
jl_toplevel_eval_flex at /cache/build/builder-amdci4-4/julialang/julia-ci/src/toplevel.c:731
jl_eval_toplevel_stmts at /cache/build/builder-amdci4-4/julialang/julia-ci/src/toplevel.c:585
jl_toplevel_eval_flex at /cache/build/builder-amdci4-4/julialang/julia-ci/src/toplevel.c:683
ijl_toplevel_eval at /cache/build/builder-amdci4-4/julialang/julia-ci/src/toplevel.c:754
ijl_toplevel_eval_in at /cache/build/builder-amdci4-4/julialang/julia-ci/src/toplevel.c:799
eval at ./boot.jl:489
include_string at ./loading.jl:3016
_include at ./loading.jl:3076
include at ./Base.jl:309
exec_options at ./client.jl:344
_start at ./client.jl:577
jfptr__start_59126.1 at /home/orebas/.julia/juliaup/julia-1.13.0+0.x64.linux.gnu/lib/julia/sys.so (unknown line)
jl_apply at /cache/build/builder-amdci4-4/julialang/julia-ci/src/julia.h:2318 [inlined]
true_main at /cache/build/builder-amdci4-4/julialang/julia-ci/src/jlapi.c:985
jl_repl_entrypoint at /cache/build/builder-amdci4-4/julialang/julia-ci/src/jlapi.c:1152
main at /cache/build/builder-amdci4-4/julialang/julia-ci/cli/loader_exe.c:58
unknown function (ip: 0x79fc4722a600) at /usr/lib/x86_64-linux-gnu/libc.so.6
__libc_start_main at /usr/lib/x86_64-linux-gnu/libc.so.6 (unknown line)
unknown function (ip: 0x4010b8) at /workspace/srcdir/glibc-2.17/csu/../sysdeps/x86_64/start.S
unknown function (ip: (nil)) at (unknown file)


==============================================================
Profile collected. A report will print at the next yield point.
Disabling --trace-compile
==============================================================


======================================================================================
Information request received. A stacktrace will print followed by a 10.0 second profile.
--trace-compile is enabled during profile collection.
======================================================================================

cmd: /home/orebas/.julia/juliaup/julia-1.13.0+0.x64.linux.gnu/bin/julia 2854448 running 1 of 1

signal (10): User defined signal 1
* at ./int.jl:88 [inlined]
table_update! at /home/orebas/.julia/packages/MixedSubdivisions/Er7IW/src/MixedSubdivisions.jl:863 [inlined]
exchange_column! at /home/orebas/.julia/packages/MixedSubdivisions/Er7IW/src/MixedSubdivisions.jl:775
exchange_column! at /home/orebas/.julia/packages/MixedSubdivisions/Er7IW/src/MixedSubdivisions.jl:981 [inlined]
next_cell! at /home/orebas/.julia/packages/MixedSubdivisions/Er7IW/src/MixedSubdivisions.jl:1054
next_cell! at /home/orebas/.julia/packages/MixedSubdivisions/Er7IW/src/MixedSubdivisions.jl:1206
unknown function (ip: 0x79fc20b6ee02) at (unknown file)
macro expansion at /tmp/odepe-fujita-mv-long-20260914/source/measure_polynomial_system.jl:49 [inlined]
macro expansion at ./timing.jl:699 [inlined]
top-level scope at /tmp/odepe-fujita-mv-long-20260914/source/measure_polynomial_system.jl:45
jl_toplevel_eval_flex at /cache/build/builder-amdci4-4/julialang/julia-ci/src/toplevel.c:731
jl_eval_toplevel_stmts at /cache/build/builder-amdci4-4/julialang/julia-ci/src/toplevel.c:585
jl_toplevel_eval_flex at /cache/build/builder-amdci4-4/julialang/julia-ci/src/toplevel.c:683
ijl_toplevel_eval at /cache/build/builder-amdci4-4/julialang/julia-ci/src/toplevel.c:754
ijl_toplevel_eval_in at /cache/build/builder-amdci4-4/julialang/julia-ci/src/toplevel.c:799
eval at ./boot.jl:489
include_string at ./loading.jl:3016
_include at ./loading.jl:3076
include at ./Base.jl:309
exec_options at ./client.jl:344
_start at ./client.jl:577
jfptr__start_59126.1 at /home/orebas/.julia/juliaup/julia-1.13.0+0.x64.linux.gnu/lib/julia/sys.so (unknown line)
jl_apply at /cache/build/builder-amdci4-4/julialang/julia-ci/src/julia.h:2318 [inlined]
true_main at /cache/build/builder-amdci4-4/julialang/julia-ci/src/jlapi.c:985
jl_repl_entrypoint at /cache/build/builder-amdci4-4/julialang/julia-ci/src/jlapi.c:1152
main at /cache/build/builder-amdci4-4/julialang/julia-ci/cli/loader_exe.c:58
unknown function (ip: 0x79fc4722a600) at /usr/lib/x86_64-linux-gnu/libc.so.6
__libc_start_main at /usr/lib/x86_64-linux-gnu/libc.so.6 (unknown line)
unknown function (ip: 0x4010b8) at /workspace/srcdir/glibc-2.17/csu/../sysdeps/x86_64/start.S
unknown function (ip: (nil)) at (unknown file)


==============================================================
Profile collected. A report will print at the next yield point.
Disabling --trace-compile
==============================================================


======================================================================================
Information request received. A stacktrace will print followed by a 10.0 second profile.
--trace-compile is enabled during profile collection.
======================================================================================

cmd: /home/orebas/.julia/juliaup/julia-1.13.0+0.x64.linux.gnu/bin/julia 2854448 running 1 of 1

signal (10): User defined signal 1
ifelse at ./essentials.jl:849 [inlined]
max at ./promotion.jl:652 [inlined]
table_update! at /home/orebas/.julia/packages/MixedSubdivisions/Er7IW/src/MixedSubdivisions.jl:871 [inlined]
exchange_column! at /home/orebas/.julia/packages/MixedSubdivisions/Er7IW/src/MixedSubdivisions.jl:775
exchange_column! at /home/orebas/.julia/packages/MixedSubdivisions/Er7IW/src/MixedSubdivisions.jl:981 [inlined]
next_cell! at /home/orebas/.julia/packages/MixedSubdivisions/Er7IW/src/MixedSubdivisions.jl:1054
next_cell! at /home/orebas/.julia/packages/MixedSubdivisions/Er7IW/src/MixedSubdivisions.jl:1206
unknown function (ip: 0x79fc20b6ee02) at (unknown file)
macro expansion at /tmp/odepe-fujita-mv-long-20260914/source/measure_polynomial_system.jl:49 [inlined]
macro expansion at ./timing.jl:699 [inlined]
top-level scope at /tmp/odepe-fujita-mv-long-20260914/source/measure_polynomial_system.jl:45
jl_toplevel_eval_flex at /cache/build/builder-amdci4-4/julialang/julia-ci/src/toplevel.c:731
jl_eval_toplevel_stmts at /cache/build/builder-amdci4-4/julialang/julia-ci/src/toplevel.c:585
jl_toplevel_eval_flex at /cache/build/builder-amdci4-4/julialang/julia-ci/src/toplevel.c:683
ijl_toplevel_eval at /cache/build/builder-amdci4-4/julialang/julia-ci/src/toplevel.c:754
ijl_toplevel_eval_in at /cache/build/builder-amdci4-4/julialang/julia-ci/src/toplevel.c:799
eval at ./boot.jl:489
include_string at ./loading.jl:3016
_include at ./loading.jl:3076
include at ./Base.jl:309
exec_options at ./client.jl:344
_start at ./client.jl:577
jfptr__start_59126.1 at /home/orebas/.julia/juliaup/julia-1.13.0+0.x64.linux.gnu/lib/julia/sys.so (unknown line)
jl_apply at /cache/build/builder-amdci4-4/julialang/julia-ci/src/julia.h:2318 [inlined]
true_main at /cache/build/builder-amdci4-4/julialang/julia-ci/src/jlapi.c:985
jl_repl_entrypoint at /cache/build/builder-amdci4-4/julialang/julia-ci/src/jlapi.c:1152
main at /cache/build/builder-amdci4-4/julialang/julia-ci/cli/loader_exe.c:58
unknown function (ip: 0x79fc4722a600) at /usr/lib/x86_64-linux-gnu/libc.so.6
__libc_start_main at /usr/lib/x86_64-linux-gnu/libc.so.6 (unknown line)
unknown function (ip: 0x4010b8) at /workspace/srcdir/glibc-2.17/csu/../sysdeps/x86_64/start.S
unknown function (ip: (nil)) at (unknown file)


==============================================================
Profile collected. A report will print at the next yield point.
Disabling --trace-compile
==============================================================


======================================================================================
Information request received. A stacktrace will print followed by a 10.0 second profile.
--trace-compile is enabled during profile collection.
======================================================================================

cmd: /home/orebas/.julia/juliaup/julia-1.13.0+0.x64.linux.gnu/bin/julia 2854448 running 1 of 1

signal (10): User defined signal 1
ifelse at ./essentials.jl:849 [inlined]
min at ./promotion.jl:653 [inlined]
table_update! at /home/orebas/.julia/packages/MixedSubdivisions/Er7IW/src/MixedSubdivisions.jl:865 [inlined]
exchange_column! at /home/orebas/.julia/packages/MixedSubdivisions/Er7IW/src/MixedSubdivisions.jl:775
exchange_column! at /home/orebas/.julia/packages/MixedSubdivisions/Er7IW/src/MixedSubdivisions.jl:981 [inlined]
next_cell! at /home/orebas/.julia/packages/MixedSubdivisions/Er7IW/src/MixedSubdivisions.jl:1054
next_cell! at /home/orebas/.julia/packages/MixedSubdivisions/Er7IW/src/MixedSubdivisions.jl:1206
unknown function (ip: 0x79fc20b6ee02) at (unknown file)
macro expansion at /tmp/odepe-fujita-mv-long-20260914/source/measure_polynomial_system.jl:49 [inlined]
macro expansion at ./timing.jl:699 [inlined]
top-level scope at /tmp/odepe-fujita-mv-long-20260914/source/measure_polynomial_system.jl:45
jl_toplevel_eval_flex at /cache/build/builder-amdci4-4/julialang/julia-ci/src/toplevel.c:731
jl_eval_toplevel_stmts at /cache/build/builder-amdci4-4/julialang/julia-ci/src/toplevel.c:585
jl_toplevel_eval_flex at /cache/build/builder-amdci4-4/julialang/julia-ci/src/toplevel.c:683
ijl_toplevel_eval at /cache/build/builder-amdci4-4/julialang/julia-ci/src/toplevel.c:754
ijl_toplevel_eval_in at /cache/build/builder-amdci4-4/julialang/julia-ci/src/toplevel.c:799
eval at ./boot.jl:489
include_string at ./loading.jl:3016
_include at ./loading.jl:3076
include at ./Base.jl:309
exec_options at ./client.jl:344
_start at ./client.jl:577
jfptr__start_59126.1 at /home/orebas/.julia/juliaup/julia-1.13.0+0.x64.linux.gnu/lib/julia/sys.so (unknown line)
jl_apply at /cache/build/builder-amdci4-4/julialang/julia-ci/src/julia.h:2318 [inlined]
true_main at /cache/build/builder-amdci4-4/julialang/julia-ci/src/jlapi.c:985
jl_repl_entrypoint at /cache/build/builder-amdci4-4/julialang/julia-ci/src/jlapi.c:1152
main at /cache/build/builder-amdci4-4/julialang/julia-ci/cli/loader_exe.c:58
unknown function (ip: 0x79fc4722a600) at /usr/lib/x86_64-linux-gnu/libc.so.6
__libc_start_main at /usr/lib/x86_64-linux-gnu/libc.so.6 (unknown line)
unknown function (ip: 0x4010b8) at /workspace/srcdir/glibc-2.17/csu/../sysdeps/x86_64/start.S
unknown function (ip: (nil)) at (unknown file)


==============================================================
Profile collected. A report will print at the next yield point.
Disabling --trace-compile
==============================================================


======================================================================================
Information request received. A stacktrace will print followed by a 10.0 second profile.
--trace-compile is enabled during profile collection.
======================================================================================

cmd: /home/orebas/.julia/juliaup/julia-1.13.0+0.x64.linux.gnu/bin/julia 2854448 running 1 of 1

signal (10): User defined signal 1
ifelse at ./essentials.jl:849 [inlined]
min at ./promotion.jl:653 [inlined]
table_update! at /home/orebas/.julia/packages/MixedSubdivisions/Er7IW/src/MixedSubdivisions.jl:865 [inlined]
exchange_column! at /home/orebas/.julia/packages/MixedSubdivisions/Er7IW/src/MixedSubdivisions.jl:775
reverse_exchange_column! at /home/orebas/.julia/packages/MixedSubdivisions/Er7IW/src/MixedSubdivisions.jl:985 [inlined]
next_cell! at /home/orebas/.julia/packages/MixedSubdivisions/Er7IW/src/MixedSubdivisions.jl:1043
next_cell! at /home/orebas/.julia/packages/MixedSubdivisions/Er7IW/src/MixedSubdivisions.jl:1206
unknown function (ip: 0x79fc20b6ee02) at (unknown file)
macro expansion at /tmp/odepe-fujita-mv-long-20260914/source/measure_polynomial_system.jl:49 [inlined]
macro expansion at ./timing.jl:699 [inlined]
top-level scope at /tmp/odepe-fujita-mv-long-20260914/source/measure_polynomial_system.jl:45
jl_toplevel_eval_flex at /cache/build/builder-amdci4-4/julialang/julia-ci/src/toplevel.c:731
jl_eval_toplevel_stmts at /cache/build/builder-amdci4-4/julialang/julia-ci/src/toplevel.c:585
jl_toplevel_eval_flex at /cache/build/builder-amdci4-4/julialang/julia-ci/src/toplevel.c:683
ijl_toplevel_eval at /cache/build/builder-amdci4-4/julialang/julia-ci/src/toplevel.c:754
ijl_toplevel_eval_in at /cache/build/builder-amdci4-4/julialang/julia-ci/src/toplevel.c:799
eval at ./boot.jl:489
include_string at ./loading.jl:3016
_include at ./loading.jl:3076
include at ./Base.jl:309
exec_options at ./client.jl:344
_start at ./client.jl:577
jfptr__start_59126.1 at /home/orebas/.julia/juliaup/julia-1.13.0+0.x64.linux.gnu/lib/julia/sys.so (unknown line)
jl_apply at /cache/build/builder-amdci4-4/julialang/julia-ci/src/julia.h:2318 [inlined]
true_main at /cache/build/builder-amdci4-4/julialang/julia-ci/src/jlapi.c:985
jl_repl_entrypoint at /cache/build/builder-amdci4-4/julialang/julia-ci/src/jlapi.c:1152
main at /cache/build/builder-amdci4-4/julialang/julia-ci/cli/loader_exe.c:58
unknown function (ip: 0x79fc4722a600) at /usr/lib/x86_64-linux-gnu/libc.so.6
__libc_start_main at /usr/lib/x86_64-linux-gnu/libc.so.6 (unknown line)
unknown function (ip: 0x4010b8) at /workspace/srcdir/glibc-2.17/csu/../sysdeps/x86_64/start.S
unknown function (ip: (nil)) at (unknown file)


==============================================================
Profile collected. A report will print at the next yield point.
Disabling --trace-compile
==============================================================


======================================================================================
Information request received. A stacktrace will print followed by a 10.0 second profile.
--trace-compile is enabled during profile collection.
======================================================================================

cmd: /home/orebas/.julia/juliaup/julia-1.13.0+0.x64.linux.gnu/bin/julia 2854448 running 1 of 1

signal (10): User defined signal 1
* at ./int.jl:88 [inlined]
table_update! at /home/orebas/.julia/packages/MixedSubdivisions/Er7IW/src/MixedSubdivisions.jl:869 [inlined]
exchange_column! at /home/orebas/.julia/packages/MixedSubdivisions/Er7IW/src/MixedSubdivisions.jl:775
exchange_column! at /home/orebas/.julia/packages/MixedSubdivisions/Er7IW/src/MixedSubdivisions.jl:981 [inlined]
next_cell! at /home/orebas/.julia/packages/MixedSubdivisions/Er7IW/src/MixedSubdivisions.jl:1054
next_cell! at /home/orebas/.julia/packages/MixedSubdivisions/Er7IW/src/MixedSubdivisions.jl:1206
unknown function (ip: 0x79fc20b6ee02) at (unknown file)
macro expansion at /tmp/odepe-fujita-mv-long-20260914/source/measure_polynomial_system.jl:49 [inlined]
macro expansion at ./timing.jl:699 [inlined]
top-level scope at /tmp/odepe-fujita-mv-long-20260914/source/measure_polynomial_system.jl:45
jl_toplevel_eval_flex at /cache/build/builder-amdci4-4/julialang/julia-ci/src/toplevel.c:731
jl_eval_toplevel_stmts at /cache/build/builder-amdci4-4/julialang/julia-ci/src/toplevel.c:585
jl_toplevel_eval_flex at /cache/build/builder-amdci4-4/julialang/julia-ci/src/toplevel.c:683
ijl_toplevel_eval at /cache/build/builder-amdci4-4/julialang/julia-ci/src/toplevel.c:754
ijl_toplevel_eval_in at /cache/build/builder-amdci4-4/julialang/julia-ci/src/toplevel.c:799
eval at ./boot.jl:489
include_string at ./loading.jl:3016
_include at ./loading.jl:3076
include at ./Base.jl:309
exec_options at ./client.jl:344
_start at ./client.jl:577
jfptr__start_59126.1 at /home/orebas/.julia/juliaup/julia-1.13.0+0.x64.linux.gnu/lib/julia/sys.so (unknown line)
jl_apply at /cache/build/builder-amdci4-4/julialang/julia-ci/src/julia.h:2318 [inlined]
true_main at /cache/build/builder-amdci4-4/julialang/julia-ci/src/jlapi.c:985
jl_repl_entrypoint at /cache/build/builder-amdci4-4/julialang/julia-ci/src/jlapi.c:1152
main at /cache/build/builder-amdci4-4/julialang/julia-ci/cli/loader_exe.c:58
unknown function (ip: 0x79fc4722a600) at /usr/lib/x86_64-linux-gnu/libc.so.6
__libc_start_main at /usr/lib/x86_64-linux-gnu/libc.so.6 (unknown line)
unknown function (ip: 0x4010b8) at /workspace/srcdir/glibc-2.17/csu/../sysdeps/x86_64/start.S
unknown function (ip: (nil)) at (unknown file)


==============================================================
Profile collected. A report will print at the next yield point.
Disabling --trace-compile
==============================================================

FINISHED interrupted
  Activating project at `/tmp/odepe-petab-pilot-env`
