WARNING: Imported binding StyledStrings.@styled_str was undeclared at import time during import to Markdown.
WARNING: Imported binding StyledStrings.styled was undeclared at import time during import to Markdown.
WARNING: Imported binding OpenSpecFun_jll.libopenspecfun was undeclared at import time during import to SpecialFunctions.
WARNING: Imported binding HostCPUFeatures.prevpow2 was undeclared at import time during import to VectorizationBase.
WARNING: Imported binding HostCPUFeatures.intlog2 was undeclared at import time during import to VectorizationBase.
WARNING: Imported binding HostCPUFeatures.nextpow2 was undeclared at import time during import to VectorizationBase.
WARNING: Imported binding StaticArrays.SVector was undeclared at import time during import to MixedSubdivisions.
WARNING: Imported binding SymEngine_jll.libsymengine was undeclared at import time during import to ModelKit.

======================================================================================
Information request received. A stacktrace will print followed by a 5.0 second profile.
--trace-compile is enabled during profile collection.
======================================================================================

cmd: /home/orebas/.julia/juliaup/julia-1.13.0+0.x64.linux.gnu/bin/julia 3 running 1 of 1

signal (10): User defined signal 1
_ZN4llvm15SmallVectorImplIPNS_10BasicBlockEE6appendIPKS2_vEEvT_S7_ at /home/orebas/.julia/juliaup/julia-1.13.0+0.x64.linux.gnu/bin/../lib/julia/libLLVM.so.20.1jl (unknown line)
_ZN4llvm14DomTreeBuilder11SemiNCAInfoINS_17DominatorTreeBaseINS_10BasicBlockELb1EEEE9FindRootsERKS4_PNS5_15BatchUpdateInfoE at /home/orebas/.julia/juliaup/julia-1.13.0+0.x64.linux.gnu/bin/../lib/julia/libLLVM.so.20.1jl (unknown line)
_ZN4llvm14DomTreeBuilder11SemiNCAInfoINS_17DominatorTreeBaseINS_10BasicBlockELb1EEEE20CalculateFromScratchERS4_PNS5_15BatchUpdateInfoE at /home/orebas/.julia/juliaup/julia-1.13.0+0.x64.linux.gnu/bin/../lib/julia/libLLVM.so.20.1jl (unknown line)
_ZN4llvm25PostDominatorTreeAnalysis3runERNS_8FunctionERNS_15AnalysisManagerIS1_JEEE at /home/orebas/.julia/juliaup/julia-1.13.0+0.x64.linux.gnu/bin/../lib/julia/libLLVM.so.20.1jl (unknown line)
_ZN4llvm6detail17AnalysisPassModelINS_8FunctionENS_25PostDominatorTreeAnalysisENS_15AnalysisManagerIS2_JEE11InvalidatorEJEE3runERS2_RS5_ at /home/orebas/.julia/juliaup/julia-1.13.0+0.x64.linux.gnu/bin/../lib/julia/libLLVM.so.20.1jl (unknown line)
_ZN4llvm15AnalysisManagerINS_8FunctionEJEE13getResultImplEPNS_11AnalysisKeyERS1_ at /home/orebas/.julia/juliaup/julia-1.13.0+0.x64.linux.gnu/bin/../lib/julia/libLLVM.so.20.1jl (unknown line)
_ZN4llvm8ADCEPass3runERNS_8FunctionERNS_15AnalysisManagerIS1_JEEE at /home/orebas/.julia/juliaup/julia-1.13.0+0.x64.linux.gnu/bin/../lib/julia/libLLVM.so.20.1jl (unknown line)
warning: address range table at offset 0x3900 has a premature terminator entry at offset 0x4260
warning: address range table at offset 0x3900 has a premature terminator entry at offset 0x42c0
run at /cache/build/builder-amdci4-4/julialang/julia-ci/usr/include/llvm/IR/PassManagerInternal.h:91
_ZN4llvm11PassManagerINS_8FunctionENS_15AnalysisManagerIS1_JEEEJEE3runERS1_RS3_ at /home/orebas/.julia/juliaup/julia-1.13.0+0.x64.linux.gnu/bin/../lib/julia/libLLVM.so.20.1jl (unknown line)
run at /cache/build/builder-amdci4-4/julialang/julia-ci/usr/include/llvm/IR/PassManagerInternal.h:91
_ZN4llvm27ModuleToFunctionPassAdaptor3runERNS_6ModuleERNS_15AnalysisManagerIS1_JEEE at /home/orebas/.julia/juliaup/julia-1.13.0+0.x64.linux.gnu/bin/../lib/julia/libLLVM.so.20.1jl (unknown line)
run at /cache/build/builder-amdci4-4/julialang/julia-ci/usr/include/llvm/IR/PassManagerInternal.h:91
_ZN4llvm11PassManagerINS_6ModuleENS_15AnalysisManagerIS1_JEEEJEE3runERS1_RS3_ at /home/orebas/.julia/juliaup/julia-1.13.0+0.x64.linux.gnu/bin/../lib/julia/libLLVM.so.20.1jl (unknown line)
run at /cache/build/builder-amdci4-4/julialang/julia-ci/src/pipeline.cpp:792
operator() at /cache/build/builder-amdci4-4/julialang/julia-ci/src/jitlayers.cpp:1512
withModuleDo<(anonymous namespace)::sizedOptimizerT<N>::operator()(llvm::orc::ThreadSafeModule) [with long unsigned int N = 4]::<lambda(llvm::Module&)> > at /cache/build/builder-amdci4-4/julialang/julia-ci/usr/include/llvm/ExecutionEngine/Orc/ThreadSafeModule.h:136 [inlined]
operator() at /cache/build/builder-amdci4-4/julialang/julia-ci/src/jitlayers.cpp:1473 [inlined]
operator() at /cache/build/builder-amdci4-4/julialang/julia-ci/src/jitlayers.cpp:1648 [inlined]
addModule at /cache/build/builder-amdci4-4/julialang/julia-ci/src/jitlayers.cpp:2117
jl_compile_codeinst_now at /cache/build/builder-amdci4-4/julialang/julia-ci/src/jitlayers.cpp:681
jl_compile_codeinst_impl at /cache/build/builder-amdci4-4/julialang/julia-ci/src/jitlayers.cpp:875
jl_compile_method_internal at /cache/build/builder-amdci4-4/julialang/julia-ci/src/gf.c:3709
_jl_invoke at /cache/build/builder-amdci4-4/julialang/julia-ci/src/gf.c:4171 [inlined]
ijl_apply_generic at /cache/build/builder-amdci4-4/julialang/julia-ci/src/gf.c:4380
top-level scope at /home/orebas/.julia/dev/ODEParameterEstimation/repro/sneyd_prepared_subset_2026_09_16/solve.jl:47
jl_toplevel_eval_flex at /cache/build/builder-amdci4-4/julialang/julia-ci/src/toplevel.c:731
jl_eval_toplevel_stmts at /cache/build/builder-amdci4-4/julialang/julia-ci/src/toplevel.c:585
jl_toplevel_eval_flex at /cache/build/builder-amdci4-4/julialang/julia-ci/src/toplevel.c:683
ijl_toplevel_eval at /cache/build/builder-amdci4-4/julialang/julia-ci/src/toplevel.c:754
ijl_toplevel_eval_in at /cache/build/builder-amdci4-4/julialang/julia-ci/src/toplevel.c:799
eval at ./boot.jl:489
include_string at ./loading.jl:3016
_include at ./loading.jl:3076
include at ./Base.jl:309
exec_options at ./client.jl:344
_start at ./client.jl:577
jfptr__start_59126.1 at /home/orebas/.julia/juliaup/julia-1.13.0+0.x64.linux.gnu/lib/julia/sys.so (unknown line)
jl_apply at /cache/build/builder-amdci4-4/julialang/julia-ci/src/julia.h:2318 [inlined]
true_main at /cache/build/builder-amdci4-4/julialang/julia-ci/src/jlapi.c:985
jl_repl_entrypoint at /cache/build/builder-amdci4-4/julialang/julia-ci/src/jlapi.c:1152
main at /cache/build/builder-amdci4-4/julialang/julia-ci/cli/loader_exe.c:58
unknown function (ip: 0x709e2142a600) at /usr/lib/x86_64-linux-gnu/libc.so.6
__libc_start_main at /usr/lib/x86_64-linux-gnu/libc.so.6 (unknown line)
unknown function (ip: 0x4010b8) at /workspace/srcdir/glibc-2.17/csu/../sysdeps/x86_64/start.S
unknown function (ip: (nil)) at (unknown file)

#=   20.7 ms =# precompile(Tuple{typeof(Main.rational), String})
#=   13.0 ms =# precompile(Tuple{Type{Base.Dict{Array{Int64, 1}, Base.Rational{Base.GMP.BigInt}}}})
#=   12.6 ms =# precompile(Tuple{typeof(Base.:(//)), Base.GMP.BigInt, Base.GMP.BigInt})
#=    9.2 ms =# precompile(Tuple{typeof(Base.:(-)), Base.Rational{Base.GMP.BigInt}})
#=   21.4 ms =# precompile(Tuple{typeof(Base.indexed_iterate), Tuple{String, Base.Rational{Base.GMP.BigInt}}, Int64})
#=   12.5 ms =# precompile(Tuple{typeof(Base.indexed_iterate), Tuple{String, Base.Rational{Base.GMP.BigInt}}, Int64, Int64})
#=    6.6 ms =# precompile(Tuple{typeof(Base.parse), Type{Base.GMP.BigInt}, String})
#=   78.3 ms =# precompile(Tuple{typeof(Base.get), Base.Dict{Array{Int64, 1}, Base.Rational{Base.GMP.BigInt}}, Array{Int64, 1}, Base.Rational{Base.GMP.BigInt}})
#=  176.1 ms =# precompile(Tuple{typeof(Base.setindex!), Base.Dict{Array{Int64, 1}, Base.Rational{Base.GMP.BigInt}}, Base.Rational{Base.GMP.BigInt}, Array{Int64, 1}})
#=   66.6 ms =# precompile(Tuple{typeof(Base.filter!), Main.var"#14#15", Base.Dict{Array{Int64, 1}, Base.Rational{Base.GMP.BigInt}}})
#=    5.9 ms =# precompile(Tuple{typeof(Base.values), Base.Dict{Array{Int64, 1}, Base.Rational{Base.GMP.BigInt}}})
#=   55.2 ms =# precompile(Tuple{typeof(Base.maximum), Function, Base.ValueIterator{Base.Dict{Array{Int64, 1}, Base.Rational{Base.GMP.BigInt}}}})
#=   17.5 ms =# precompile(Tuple{typeof(Base.getproperty), Base.MappingRF{typeof(Base.abs), Base.BottomRF{typeof(Base.max)}}, Symbol})
#=  142.3 ms =# precompile(Tuple{typeof(Base.mapfoldl_impl), typeof(Base.abs), typeof(Base.max), Base._InitialValue, Base.ValueIterator{Base.Dict{Array{Int64, 1}, Base.Rational{Base.GMP.BigInt}}}})
#=   11.5 ms =# precompile(Tuple{Type{Base.Generator{I, F} where F where I}, Main.var"#16#17"{Base.Rational{Base.GMP.BigInt}}, Base.Dict{Array{Int64, 1}, Base.Rational{Base.GMP.BigInt}}})
#=   94.2 ms =# precompile(Tuple{Type{Base.Dict{K, V} where V where K}, Base.Generator{Base.Dict{Array{Int64, 1}, Base.Rational{Base.GMP.BigInt}}, Main.var"#16#17"{Base.Rational{Base.GMP.BigInt}}}})
#=   19.3 ms =# precompile(Tuple{typeof(Base.first), Array{HomotopyContinuation.ModelKit.Variable, 1}})
#=   22.0 ms =# precompile(Tuple{typeof(Base.zero), HomotopyContinuation.ModelKit.Variable})
#=   91.5 ms =# precompile(Tuple{typeof(Base.collect), Base.Dict{Array{Int64, 1}, Base.Rational{Base.GMP.BigInt}}})
#=  516.5 ms =# precompile(Tuple{typeof(Core.kwcall), NamedTuple{(:by,), Tuple{typeof(Base.first)}}, typeof(Base.sort!), Array{Pair{Array{Int64, 1}, Base.Rational{Base.GMP.BigInt}}, 1}})
#=   22.7 ms =# precompile(Tuple{typeof(Base.iterate), Array{Pair{Array{Int64, 1}, Base.Rational{Base.GMP.BigInt}}, 1}})
#=    9.6 ms =# precompile(Tuple{typeof(Base.indexed_iterate), Pair{Array{Int64, 1}, Base.Rational{Base.GMP.BigInt}}, Int64})
#=   10.1 ms =# precompile(Tuple{typeof(Base.indexed_iterate), Pair{Array{Int64, 1}, Base.Rational{Base.GMP.BigInt}}, Int64, Int64})
#=   26.7 ms =# precompile(Tuple{Type{Float64}, Base.Rational{Base.GMP.BigInt}})
#=    9.9 ms =# precompile(Tuple{typeof(Base.Iterators.zip), Array{HomotopyContinuation.ModelKit.Variable, 1}, Array{Int64, 1}})
#=    7.2 ms =# precompile(Tuple{Type{Base.Generator{I, F} where F where I}, Main.var"#18#19", Base.Iterators.Zip{Tuple{Array{HomotopyContinuation.ModelKit.Variable, 1}, Array{Int64, 1}}}})
#=   10.3 ms =# precompile(Tuple{typeof(Base.getproperty), Base.MappingRF{Main.var"#18#19", Base.BottomRF{typeof(Base.mul_prod)}}, Symbol})
#=  116.1 ms =# precompile(Tuple{typeof(Core.kwcall), NamedTuple{(:init,), Tuple{Int64}}, typeof(Base.prod), Base.Generator{Base.Iterators.Zip{Tuple{Array{HomotopyContinuation.ModelKit.Variable, 1}, Array{Int64, 1}}}, Main.var"#18#19"}})
#=   24.3 ms =# precompile(Tuple{typeof(Base.:(*)), Float64, HomotopyContinuation.ModelKit.Expression})
#=   12.1 ms =# precompile(Tuple{typeof(Base.:(+)), HomotopyContinuation.ModelKit.Expression, HomotopyContinuation.ModelKit.Expression})
#=   11.0 ms =# precompile(Tuple{typeof(Base.iterate), Array{Pair{Array{Int64, 1}, Base.Rational{Base.GMP.BigInt}}, 1}, Int64})
#=   25.1 ms =# precompile(Tuple{typeof(HomotopyContinuation.ModelKit.expand), HomotopyContinuation.ModelKit.Expression})
#=  656.0 ms =# precompile(Tuple{typeof(HomotopyContinuation.ModelKit.to_dict), HomotopyContinuation.ModelKit.Expression, Array{HomotopyContinuation.ModelKit.Variable, 1}})
#=   13.6 ms =# precompile(Tuple{typeof(Base.keys), Base.Dict{Array{Int64, 1}, HomotopyContinuation.ModelKit.Expression}})
#=    7.6 ms =# precompile(Tuple{typeof(Base.keys), Base.Dict{Array{Int64, 1}, Base.Rational{Base.GMP.BigInt}}})
#=   59.9 ms =# precompile(Tuple{typeof(Base.:(var"==")), Base.KeySet{Array{Int64, 1}, Base.Dict{Array{Int64, 1}, HomotopyContinuation.ModelKit.Expression}}, Base.KeySet{Array{Int64, 1}, Base.Dict{Array{Int64, 1}, Base.Rational{Base.GMP.BigInt}}}})
#=    9.1 ms =# precompile(Tuple{Type{Base.Generator{I, F} where F where I}, Main.var"#20#21"{Base.Dict{Array{Int64, 1}, HomotopyContinuation.ModelKit.Expression}}, Base.Dict{Array{Int64, 1}, Base.Rational{Base.GMP.BigInt}}})
#=   13.1 ms =# precompile(Tuple{typeof(Base.cconvert), Type{Int64}, Int32})
#=    7.0 ms =# precompile(Tuple{typeof(Base.:(<=)), Int64, Int128})
#=    7.8 ms =# precompile(Tuple{typeof(Base.:(var"==")), Int128, Int64})
#=    7.3 ms =# precompile(Tuple{typeof(Base.abs), Int128})
#=   15.5 ms =# precompile(Tuple{typeof(Base.top_set_bit), UInt128})
#=    7.3 ms =# precompile(Tuple{typeof(Base.:(<)), Int128, Int64})
#=   12.4 ms =# precompile(Tuple{typeof(Base.:(-)), Int128})
#=    6.9 ms =# precompile(Tuple{typeof(Base.:(<=)), Int128, Int64})
#=  458.0 ms =# precompile(Tuple{typeof(Base.all), Base.Generator{Base.Dict{Array{Int64, 1}, Base.Rational{Base.GMP.BigInt}}, Main.var"#20#21"{Base.Dict{Array{Int64, 1}, HomotopyContinuation.ModelKit.Expression}}}})
#=   55.2 ms =# precompile(Tuple{typeof(Base.push!), Array{HomotopyContinuation.ModelKit.Expression, 1}, HomotopyContinuation.ModelKit.Expression})
#=   11.8 ms =# precompile(Tuple{Type{NamedTuple{(:variables,), T} where T<:Tuple}, Tuple{Array{HomotopyContinuation.ModelKit.Variable, 1}}})

==============================================================
Profile collected. A report will print at the next yield point.
Disabling --trace-compile
==============================================================

STAGE polyhedral_setup
  Activating project at `/tmp/odepe-petab-pilot-env`

Computing mixed cells... 2    Time: 0:00:00
   mixed_volume: 2


Computing mixed cells... 136    Time: 0:00:01
   mixed_volume: 459


Computing mixed cells... 580    Time: 0:00:02
   mixed_volume: 1741


Computing mixed cells... 625    Time: 0:00:02
   mixed_volume: 1864
STAGE polyhedral_tracking

======================================================================================
Information request received. A stacktrace will print followed by a 5.0 second profile.
--trace-compile is enabled during profile collection.
======================================================================================

cmd: /home/orebas/.julia/juliaup/julia-1.13.0+0.x64.linux.gnu/bin/julia 3 running 1 of 1

signal (10): User defined signal 1
malloc at /usr/lib/x86_64-linux-gnu/libc.so.6 (unknown line)
_Znwm at /usr/lib/x86_64-linux-gnu/libstdc++.so.6 (unknown line)
_ZN4llvm18BlockFrequencyInfo9calculateERKNS_8FunctionERKNS_21BranchProbabilityInfoERKNS_8LoopInfoE at /home/orebas/.julia/juliaup/julia-1.13.0+0.x64.linux.gnu/bin/../lib/julia/libLLVM.so.20.1jl (unknown line)
_ZN4llvm29BlockFrequencyInfoWrapperPass13runOnFunctionERNS_8FunctionE at /home/orebas/.julia/juliaup/julia-1.13.0+0.x64.linux.gnu/bin/../lib/julia/libLLVM.so.20.1jl (unknown line)
_ZN4llvm13FPPassManager13runOnFunctionERNS_8FunctionE at /home/orebas/.julia/juliaup/julia-1.13.0+0.x64.linux.gnu/bin/../lib/julia/libLLVM.so.20.1jl (unknown line)
_ZN4llvm13FPPassManager11runOnModuleERNS_6ModuleE at /home/orebas/.julia/juliaup/julia-1.13.0+0.x64.linux.gnu/bin/../lib/julia/libLLVM.so.20.1jl (unknown line)
_ZN4llvm6legacy15PassManagerImpl3runERNS_6ModuleE at /home/orebas/.julia/juliaup/julia-1.13.0+0.x64.linux.gnu/bin/../lib/julia/libLLVM.so.20.1jl (unknown line)
operator() at /cache/build/builder-amdci4-4/julialang/julia-ci/src/jitlayers.cpp:1627
addModule at /cache/build/builder-amdci4-4/julialang/julia-ci/src/jitlayers.cpp:2130
jl_compile_codeinst_now at /cache/build/builder-amdci4-4/julialang/julia-ci/src/jitlayers.cpp:681
jl_compile_codeinst_impl at /cache/build/builder-amdci4-4/julialang/julia-ci/src/jitlayers.cpp:875
jl_compile_method_internal at /cache/build/builder-amdci4-4/julialang/julia-ci/src/gf.c:3709
_jl_invoke at /cache/build/builder-amdci4-4/julialang/julia-ci/src/gf.c:4171 [inlined]
ijl_apply_generic at /cache/build/builder-amdci4-4/julialang/julia-ci/src/gf.c:4380
GeneratedFunctionStub at ./expr.jl:1834
jl_call_staged at /cache/build/builder-amdci4-4/julialang/julia-ci/src/method.c:729
ijl_code_for_staged at /cache/build/builder-amdci4-4/julialang/julia-ci/src/method.c:802
call_get_staged at ./../usr/share/julia/Compiler/src/utilities.jl:0 [inlined]
get_staged at ./../usr/share/julia/Compiler/src/utilities.jl:88
retrieve_code_info at ./../usr/share/julia/Compiler/src/utilities.jl:121
InferenceState at ./../usr/share/julia/Compiler/src/inferencestate.jl:603 [inlined]
typeinf_edge at ./../usr/share/julia/Compiler/src/typeinfer.jl:1104
abstract_call_method at ./../usr/share/julia/Compiler/src/abstractinterpretation.jl:746
infercalls at ./../usr/share/julia/Compiler/src/abstractinterpretation.jl:178
abstract_call_gf_by_type at ./../usr/share/julia/Compiler/src/abstractinterpretation.jl:349
abstract_call_known at ./../usr/share/julia/Compiler/src/abstractinterpretation.jl:2869
abstract_call at ./../usr/share/julia/Compiler/src/abstractinterpretation.jl:2975
abstract_call at ./../usr/share/julia/Compiler/src/abstractinterpretation.jl:2968 [inlined]
abstract_call at ./../usr/share/julia/Compiler/src/abstractinterpretation.jl:3128
abstract_eval_call at ./../usr/share/julia/Compiler/src/abstractinterpretation.jl:3146 [inlined]
abstract_eval_statement_expr at ./../usr/share/julia/Compiler/src/abstractinterpretation.jl:3502
abstract_eval_basic_statement at ./../usr/share/julia/Compiler/src/abstractinterpretation.jl:3896 [inlined]
abstract_eval_basic_statement at ./../usr/share/julia/Compiler/src/abstractinterpretation.jl:3853 [inlined]
typeinf_local at ./../usr/share/julia/Compiler/src/abstractinterpretation.jl:4402
jfptr_typeinf_local_86421.1 at /home/orebas/.julia/juliaup/julia-1.13.0+0.x64.linux.gnu/lib/julia/sys.so (unknown line)
typeinf at ./../usr/share/julia/Compiler/src/abstractinterpretation.jl:4563
typeinf_ext at ./../usr/share/julia/Compiler/src/typeinfer.jl:1404
typeinf_ext_toplevel at ./../usr/share/julia/Compiler/src/typeinfer.jl:1601 [inlined]
typeinf_ext_toplevel at ./../usr/share/julia/Compiler/src/typeinfer.jl:1610
jfptr_typeinf_ext_toplevel_87105.1 at /home/orebas/.julia/juliaup/julia-1.13.0+0.x64.linux.gnu/lib/julia/sys.so (unknown line)
jl_apply at /cache/build/builder-amdci4-4/julialang/julia-ci/src/julia.h:2318 [inlined]
jl_type_infer at /cache/build/builder-amdci4-4/julialang/julia-ci/src/gf.c:478
jl_compile_method_internal at /cache/build/builder-amdci4-4/julialang/julia-ci/src/gf.c:3697
_jl_invoke at /cache/build/builder-amdci4-4/julialang/julia-ci/src/gf.c:4171 [inlined]
ijl_apply_generic at /cache/build/builder-amdci4-4/julialang/julia-ci/src/gf.c:4380
top-level scope at /home/orebas/.julia/dev/ODEParameterEstimation/repro/sneyd_prepared_subset_2026_09_16/solve.jl:85
jl_toplevel_eval_flex at /cache/build/builder-amdci4-4/julialang/julia-ci/src/toplevel.c:731
jl_eval_toplevel_stmts at /cache/build/builder-amdci4-4/julialang/julia-ci/src/toplevel.c:585
jl_toplevel_eval_flex at /cache/build/builder-amdci4-4/julialang/julia-ci/src/toplevel.c:683
ijl_toplevel_eval at /cache/build/builder-amdci4-4/julialang/julia-ci/src/toplevel.c:754
ijl_toplevel_eval_in at /cache/build/builder-amdci4-4/julialang/julia-ci/src/toplevel.c:799
eval at ./boot.jl:489
include_string at ./loading.jl:3016
_include at ./loading.jl:3076
include at ./Base.jl:309
exec_options at ./client.jl:344
_start at ./client.jl:577
jfptr__start_59126.1 at /home/orebas/.julia/juliaup/julia-1.13.0+0.x64.linux.gnu/lib/julia/sys.so (unknown line)
jl_apply at /cache/build/builder-amdci4-4/julialang/julia-ci/src/julia.h:2318 [inlined]
true_main at /cache/build/builder-amdci4-4/julialang/julia-ci/src/jlapi.c:985
jl_repl_entrypoint at /cache/build/builder-amdci4-4/julialang/julia-ci/src/jlapi.c:1152
main at /cache/build/builder-amdci4-4/julialang/julia-ci/cli/loader_exe.c:58
unknown function (ip: 0x709e2142a600) at /usr/lib/x86_64-linux-gnu/libc.so.6
__libc_start_main at /usr/lib/x86_64-linux-gnu/libc.so.6 (unknown line)
unknown function (ip: 0x4010b8) at /workspace/srcdir/glibc-2.17/csu/../sysdeps/x86_64/start.S
unknown function (ip: (nil)) at (unknown file)

#=   51.3 ms =# precompile(Tuple{VectorizationBase.var"##264#265", Vararg{Any, 8}})
#=   23.9 ms =# precompile(Tuple{VectorizationBase.var"##93#94", Vararg{Any, 4}})
#=    8.7 ms =# precompile(Tuple{typeof(VectorizationBase.data), UInt64})
#=   16.3 ms =# precompile(Tuple{VectorizationBase.var"##252#253", Vararg{Any, 5}})
#=    8.1 ms =# precompile(Tuple{typeof(Base.ispow2), Int64})
#=    8.2 ms =# precompile(Tuple{Type{VectorizationBase.MM{4, X, I} where I<:Union{Float16, Float32, Float64, Int16, Int32, Int64, Int8, UInt16, UInt32, UInt64, UInt8, Static.StaticInt{N} where N} where X}, UInt64})
#=   47.5 ms =# precompile(Tuple{VectorizationBase.var"##27#28", Vararg{Any, 9}})
#=   98.2 ms =# precompile(Tuple{VectorizationBase.var"##172#173", Vararg{Any, 11}})
#=    9.2 ms =# precompile(Tuple{Type{Base.Generator{I, F} where F where I}, VectorizationBase.var"#175#176"{Int64, Int64, String}, Base.UnitRange{Int64}})
#=   63.0 ms =# precompile(Tuple{typeof(Base.join), Base.Generator{Base.UnitRange{Int64}, VectorizationBase.var"#175#176"{Int64, Int64, String}}, String})
#=   10.0 ms =# precompile(Tuple{VectorizationBase.var"##286#287", Vararg{Any, 5}})
#=   14.6 ms =# precompile(Tuple{typeof(VectorizationBase.data), VectorizationBase.MM{4, 1, UInt64}})
#=   13.4 ms =# precompile(Tuple{VectorizationBase.var"##79#80", Vararg{Any, 4}})
#=    9.4 ms =# precompile(Tuple{VectorizationBase.var"##89#90", Vararg{Any, 4}})
#=    6.0 ms =# precompile(Tuple{VectorizationBase.var"##103#104", Vararg{Any, 4}})
#=   24.8 ms =# precompile(Tuple{VectorizationBase.var"##459#460", Vararg{Any, 10}})
#=   55.3 ms =# precompile(Tuple{VectorizationBase.var"##474#475", Vararg{Any, 18}})
#=   71.0 ms =# precompile(Tuple{VectorizationBase.var"##609#610", Vararg{Any, 22}})
#=  106.4 ms =# precompile(Tuple{VectorizationBase.var"##629#630", Vararg{Any, 30}})
#=  235.9 ms =# precompile(Tuple{typeof(LoopVectorization._append_fields!), Expr, Expr, Symbol, Type{Tuple{Tuple{CloseOpenIntervals.CloseOpen{Static.StaticInt{0}, Int64}}, Tuple{LayoutPointers.GroupedStridedPointers{Tuple{Ptr{Float64}, Ptr{Float64}}, (1, 1), (0, 0), ((1,), (1,)), ((1,), (2,)), Tuple{Static.StaticInt{8}, Static.StaticInt{8}}, Tuple{Static.StaticInt{0}, Static.StaticInt{0}}}, Float64}}}})
#=   61.0 ms =# precompile(Tuple{typeof(LoopVectorization.create_mrefs!), LoopVectorization.LoopSet, Array{LoopVectorization.ArrayRefStruct{array, ptr} where ptr where array, 1}, Array{Symbol, 1}, Array{Symbol, 1}, Array{Int64, 1}, Array{Bool, 1}, Type{LayoutPointers.GroupedStridedPointers{Tuple{Ptr{Float64}, Ptr{Float64}}, (1, 1), (0, 0), ((1,), (1,)), ((1,), (2,)), Tuple{Static.StaticInt{8}, Static.StaticInt{8}}, Tuple{Static.StaticInt{0}, Static.StaticInt{0}}}}})
#=  260.0 ms =# precompile(Tuple{typeof(LoopVectorization.rebuild_fields), Int64, Type{Tuple{Tuple{CloseOpenIntervals.CloseOpen{Static.StaticInt{0}, Int64}}, Tuple{LayoutPointers.GroupedStridedPointers{Tuple{Ptr{Float64}, Ptr{Float64}}, (1, 1), (0, 0), ((1,), (1,)), ((1,), (2,)), Tuple{Static.StaticInt{8}, Static.StaticInt{8}}, Tuple{Static.StaticInt{0}, Static.StaticInt{0}}}, Float64}}}})
#= 1249.4 ms =# precompile(Tuple{HomotopyContinuation.ModelKit.var"##332#333", Any, Any, Any})
#=   51.3 ms =# precompile(Tuple{typeof(Base.vect), HomotopyContinuation.ModelKit.OpType, Vararg{HomotopyContinuation.ModelKit.OpType}})
#=   30.6 ms =# precompile(Tuple{typeof(Base.map), Function, Array{Tuple{Expr, Expr}, 1}})
#=   14.1 ms =# precompile(Tuple{Type{Base.Generator{I, F} where F where I}, HomotopyContinuation.ModelKit.var"#execute_instructions_inner!_impl##16#execute_instructions_inner!_impl##17"{Int64}, Array{Tuple{Expr, Expr}, 1}})
#=   42.5 ms =# precompile(Tuple{typeof(Base.collect_similar), Array{Tuple{Expr, Expr}, 1}, Base.Generator{Array{Tuple{Expr, Expr}, 1}, HomotopyContinuation.ModelKit.var"#execute_instructions_inner!_impl##16#execute_instructions_inner!_impl##17"{Int64}}})
#=   20.1 ms =# precompile(Tuple{typeof(Base.nextfloat), HomotopyContinuation.DoubleDouble.DoubleF64})
#=   13.3 ms =# precompile(Tuple{typeof(Base.:(/)), HomotopyContinuation.DoubleDouble.DoubleF64, Float64})
#=   12.3 ms =# precompile(Tuple{typeof(Base.:(-)), HomotopyContinuation.DoubleDouble.DoubleF64})
#=   19.9 ms =# precompile(Tuple{typeof(Base.oftype), HomotopyContinuation.DoubleDouble.DoubleF64, Int64})
#=   12.2 ms =# precompile(Tuple{Type{Base.Complex{T} where T<:Real}, HomotopyContinuation.DoubleDouble.DoubleF64, HomotopyContinuation.DoubleDouble.DoubleF64})
#=   11.4 ms =# precompile(Tuple{typeof(Base.convert), Type{HomotopyContinuation.DoubleDouble.DoubleF64}, Int64})
#=    9.9 ms =# precompile(Tuple{typeof(Base.:(/)), HomotopyContinuation.DoubleDouble.DoubleF64, HomotopyContinuation.DoubleDouble.DoubleF64})
#=   16.0 ms =# precompile(Tuple{typeof(Base.isone), HomotopyContinuation.DoubleDouble.DoubleF64})
#=   15.6 ms =# precompile(Tuple{typeof(Base.:(>=)), Float64, Float64})
#=   12.6 ms =# precompile(Tuple{typeof(Base.iszero), HomotopyContinuation.DoubleDouble.DoubleF64})
#=    5.6 ms =# precompile(Tuple{typeof(Base.floor), Float64})
#=   18.5 ms =# precompile(Tuple{typeof(Base.:(*)), HomotopyContinuation.DoubleDouble.DoubleF64, Float64})
#=   22.8 ms =# precompile(Tuple{typeof(Base.:(-)), HomotopyContinuation.DoubleDouble.DoubleF64, HomotopyContinuation.DoubleDouble.DoubleF64})
#=   24.7 ms =# precompile(Tuple{typeof(HomotopyContinuation.DoubleDouble.mul_pwr2), HomotopyContinuation.DoubleDouble.DoubleF64, Float64})
#=   32.6 ms =# precompile(Tuple{typeof(HomotopyContinuation.DoubleDouble.square), HomotopyContinuation.DoubleDouble.DoubleF64})
#=    7.3 ms =# precompile(Tuple{typeof(Base.:(+)), HomotopyContinuation.DoubleDouble.DoubleF64, HomotopyContinuation.DoubleDouble.DoubleF64})
#=   14.0 ms =# precompile(Tuple{typeof(Base.:(*)), HomotopyContinuation.DoubleDouble.DoubleF64, HomotopyContinuation.DoubleDouble.DoubleF64})

==============================================================
Profile collected. A report will print at the next yield point.
Disabling --trace-compile
==============================================================


======================================================================================
Information request received. A stacktrace will print followed by a 5.0 second profile.
--trace-compile is enabled during profile collection.
======================================================================================

cmd: /home/orebas/.julia/juliaup/julia-1.13.0+0.x64.linux.gnu/bin/julia 3 running 1 of 1

signal (10): User defined signal 1
_setindex! at ./array.jl:1025 [inlined]
setindex! at ./array.jl:1020 [inlined]
#execute_taylor!#347 at /home/orebas/.julia/packages/HomotopyContinuation/RlZQL/src/model_kit/instruction_interpreter.jl:463 [inlined]
execute_taylor! at /home/orebas/.julia/packages/HomotopyContinuation/RlZQL/src/model_kit/instruction_interpreter.jl:446 [inlined]
#taylor!#353 at /home/orebas/.julia/packages/HomotopyContinuation/RlZQL/src/model_kit/interpreted_system.jl:110
taylor! at /home/orebas/.julia/packages/HomotopyContinuation/RlZQL/src/model_kit/interpreted_system.jl:101 [inlined]
taylor! at /home/orebas/.julia/packages/HomotopyContinuation/RlZQL/src/homotopies/toric_homotopy.jl:269 [inlined]
taylor! at /home/orebas/.julia/packages/HomotopyContinuation/RlZQL/src/homotopies.jl:41 [inlined]
update! at /home/orebas/.julia/packages/HomotopyContinuation/RlZQL/src/predictor.jl:238
update_predictor! at /home/orebas/.julia/packages/HomotopyContinuation/RlZQL/src/tracker.jl:623 [inlined]
step! at /home/orebas/.julia/packages/HomotopyContinuation/RlZQL/src/tracker.jl:907
#track!#143 at /home/orebas/.julia/packages/HomotopyContinuation/RlZQL/src/tracker.jl:964 [inlined]
track! at /home/orebas/.julia/packages/HomotopyContinuation/RlZQL/src/tracker.jl:937 [inlined]
#track#254 at /home/orebas/.julia/packages/HomotopyContinuation/RlZQL/src/polyhedral.jl:492
track at /home/orebas/.julia/packages/HomotopyContinuation/RlZQL/src/polyhedral.jl:430
unknown function (ip: 0x709dd1d4efdf) at (unknown file)
iterate at /home/orebas/.julia/packages/HomotopyContinuation/RlZQL/src/result.jl:0
unknown function (ip: 0x709dd1954200) at (unknown file)
top-level scope at /home/orebas/.julia/dev/ODEParameterEstimation/repro/sneyd_prepared_subset_2026_09_16/solve.jl:98
jl_toplevel_eval_flex at /cache/build/builder-amdci4-4/julialang/julia-ci/src/toplevel.c:731
jl_eval_toplevel_stmts at /cache/build/builder-amdci4-4/julialang/julia-ci/src/toplevel.c:585
jl_toplevel_eval_flex at /cache/build/builder-amdci4-4/julialang/julia-ci/src/toplevel.c:683
ijl_toplevel_eval at /cache/build/builder-amdci4-4/julialang/julia-ci/src/toplevel.c:754
ijl_toplevel_eval_in at /cache/build/builder-amdci4-4/julialang/julia-ci/src/toplevel.c:799
eval at ./boot.jl:489
include_string at ./loading.jl:3016
_include at ./loading.jl:3076
include at ./Base.jl:309
exec_options at ./client.jl:344
_start at ./client.jl:577
jfptr__start_59126.1 at /home/orebas/.julia/juliaup/julia-1.13.0+0.x64.linux.gnu/lib/julia/sys.so (unknown line)
jl_apply at /cache/build/builder-amdci4-4/julialang/julia-ci/src/julia.h:2318 [inlined]
true_main at /cache/build/builder-amdci4-4/julialang/julia-ci/src/jlapi.c:985
jl_repl_entrypoint at /cache/build/builder-amdci4-4/julialang/julia-ci/src/jlapi.c:1152
main at /cache/build/builder-amdci4-4/julialang/julia-ci/cli/loader_exe.c:58
unknown function (ip: 0x709e2142a600) at /usr/lib/x86_64-linux-gnu/libc.so.6
__libc_start_main at /usr/lib/x86_64-linux-gnu/libc.so.6 (unknown line)
unknown function (ip: 0x4010b8) at /workspace/srcdir/glibc-2.17/csu/../sysdeps/x86_64/start.S
unknown function (ip: (nil)) at (unknown file)


==============================================================
Profile collected. A report will print at the next yield point.
Disabling --trace-compile
==============================================================


======================================================================================
Information request received. A stacktrace will print followed by a 5.0 second profile.
--trace-compile is enabled during profile collection.
======================================================================================

cmd: /home/orebas/.julia/juliaup/julia-1.13.0+0.x64.linux.gnu/bin/julia 3 running 1 of 1

signal (10): User defined signal 1
+ at ./int.jl:87 [inlined]
macro expansion at /home/orebas/.julia/packages/HomotopyContinuation/RlZQL/src/model_kit/instruction_interpreter.jl:182 [inlined]
execute_instructions! at /home/orebas/.julia/packages/HomotopyContinuation/RlZQL/src/model_kit/instruction_interpreter.jl:252 [inlined]
execute! at /home/orebas/.julia/packages/HomotopyContinuation/RlZQL/src/model_kit/instruction_interpreter.jl:306 [inlined]
evaluate_and_jacobian! at /home/orebas/.julia/packages/HomotopyContinuation/RlZQL/src/model_kit/interpreted_system.jl:74
evaluate_and_jacobian! at /home/orebas/.julia/packages/HomotopyContinuation/RlZQL/src/homotopies/coefficient_homotopy.jl:114 [inlined]
#newton!#130 at /home/orebas/.julia/packages/HomotopyContinuation/RlZQL/src/newton_corrector.jl:102
newton! at /home/orebas/.julia/packages/HomotopyContinuation/RlZQL/src/newton_corrector.jl:80 [inlined]
step! at /home/orebas/.julia/packages/HomotopyContinuation/RlZQL/src/tracker.jl:870
step! at /home/orebas/.julia/packages/HomotopyContinuation/RlZQL/src/endgame_tracker.jl:361
#track!#166 at /home/orebas/.julia/packages/HomotopyContinuation/RlZQL/src/endgame_tracker.jl:309 [inlined]
track! at /home/orebas/.julia/packages/HomotopyContinuation/RlZQL/src/endgame_tracker.jl:297 [inlined]
#track#169 at /home/orebas/.julia/packages/HomotopyContinuation/RlZQL/src/endgame_tracker.jl:909
track at /home/orebas/.julia/packages/HomotopyContinuation/RlZQL/src/endgame_tracker.jl:902 [inlined]
track at /home/orebas/.julia/packages/HomotopyContinuation/RlZQL/src/endgame_tracker.jl:902 [inlined]
#track#254 at /home/orebas/.julia/packages/HomotopyContinuation/RlZQL/src/polyhedral.jl:531
track at /home/orebas/.julia/packages/HomotopyContinuation/RlZQL/src/polyhedral.jl:430
unknown function (ip: 0x709dd1d4efdf) at (unknown file)
iterate at /home/orebas/.julia/packages/HomotopyContinuation/RlZQL/src/result.jl:0
unknown function (ip: 0x709dd1954200) at (unknown file)
top-level scope at /home/orebas/.julia/dev/ODEParameterEstimation/repro/sneyd_prepared_subset_2026_09_16/solve.jl:98
jl_toplevel_eval_flex at /cache/build/builder-amdci4-4/julialang/julia-ci/src/toplevel.c:731
jl_eval_toplevel_stmts at /cache/build/builder-amdci4-4/julialang/julia-ci/src/toplevel.c:585
jl_toplevel_eval_flex at /cache/build/builder-amdci4-4/julialang/julia-ci/src/toplevel.c:683
ijl_toplevel_eval at /cache/build/builder-amdci4-4/julialang/julia-ci/src/toplevel.c:754
ijl_toplevel_eval_in at /cache/build/builder-amdci4-4/julialang/julia-ci/src/toplevel.c:799
eval at ./boot.jl:489
include_string at ./loading.jl:3016
_include at ./loading.jl:3076
include at ./Base.jl:309
exec_options at ./client.jl:344
_start at ./client.jl:577
jfptr__start_59126.1 at /home/orebas/.julia/juliaup/julia-1.13.0+0.x64.linux.gnu/lib/julia/sys.so (unknown line)
jl_apply at /cache/build/builder-amdci4-4/julialang/julia-ci/src/julia.h:2318 [inlined]
true_main at /cache/build/builder-amdci4-4/julialang/julia-ci/src/jlapi.c:985
jl_repl_entrypoint at /cache/build/builder-amdci4-4/julialang/julia-ci/src/jlapi.c:1152
main at /cache/build/builder-amdci4-4/julialang/julia-ci/cli/loader_exe.c:58
unknown function (ip: 0x709e2142a600) at /usr/lib/x86_64-linux-gnu/libc.so.6
__libc_start_main at /usr/lib/x86_64-linux-gnu/libc.so.6 (unknown line)
unknown function (ip: 0x4010b8) at /workspace/srcdir/glibc-2.17/csu/../sysdeps/x86_64/start.S
unknown function (ip: (nil)) at (unknown file)


==============================================================
Profile collected. A report will print at the next yield point.
Disabling --trace-compile
==============================================================


======================================================================================
Information request received. A stacktrace will print followed by a 5.0 second profile.
--trace-compile is enabled during profile collection.
======================================================================================

cmd: /home/orebas/.julia/juliaup/julia-1.13.0+0.x64.linux.gnu/bin/julia 3 running 1 of 1

signal (10): User defined signal 1
getindex at ./essentials.jl:970 [inlined]
macro expansion at /home/orebas/.julia/packages/HomotopyContinuation/RlZQL/src/model_kit/instruction_interpreter.jl:182 [inlined]
execute_instructions! at /home/orebas/.julia/packages/HomotopyContinuation/RlZQL/src/model_kit/instruction_interpreter.jl:252 [inlined]
execute! at /home/orebas/.julia/packages/HomotopyContinuation/RlZQL/src/model_kit/instruction_interpreter.jl:306 [inlined]
evaluate_and_jacobian! at /home/orebas/.julia/packages/HomotopyContinuation/RlZQL/src/model_kit/interpreted_system.jl:74
evaluate_and_jacobian! at /home/orebas/.julia/packages/HomotopyContinuation/RlZQL/src/homotopies/coefficient_homotopy.jl:114 [inlined]
#newton!#130 at /home/orebas/.julia/packages/HomotopyContinuation/RlZQL/src/newton_corrector.jl:102
newton! at /home/orebas/.julia/packages/HomotopyContinuation/RlZQL/src/newton_corrector.jl:80 [inlined]
step! at /home/orebas/.julia/packages/HomotopyContinuation/RlZQL/src/tracker.jl:870
step! at /home/orebas/.julia/packages/HomotopyContinuation/RlZQL/src/endgame_tracker.jl:361
#track!#166 at /home/orebas/.julia/packages/HomotopyContinuation/RlZQL/src/endgame_tracker.jl:309 [inlined]
track! at /home/orebas/.julia/packages/HomotopyContinuation/RlZQL/src/endgame_tracker.jl:297 [inlined]
#track#169 at /home/orebas/.julia/packages/HomotopyContinuation/RlZQL/src/endgame_tracker.jl:909
track at /home/orebas/.julia/packages/HomotopyContinuation/RlZQL/src/endgame_tracker.jl:902 [inlined]
track at /home/orebas/.julia/packages/HomotopyContinuation/RlZQL/src/endgame_tracker.jl:902 [inlined]
#track#254 at /home/orebas/.julia/packages/HomotopyContinuation/RlZQL/src/polyhedral.jl:531
track at /home/orebas/.julia/packages/HomotopyContinuation/RlZQL/src/polyhedral.jl:430
unknown function (ip: 0x709dd1d4efdf) at (unknown file)
iterate at /home/orebas/.julia/packages/HomotopyContinuation/RlZQL/src/result.jl:0
unknown function (ip: 0x709dd1954200) at (unknown file)
top-level scope at /home/orebas/.julia/dev/ODEParameterEstimation/repro/sneyd_prepared_subset_2026_09_16/solve.jl:98
jl_toplevel_eval_flex at /cache/build/builder-amdci4-4/julialang/julia-ci/src/toplevel.c:731
jl_eval_toplevel_stmts at /cache/build/builder-amdci4-4/julialang/julia-ci/src/toplevel.c:585
jl_toplevel_eval_flex at /cache/build/builder-amdci4-4/julialang/julia-ci/src/toplevel.c:683
ijl_toplevel_eval at /cache/build/builder-amdci4-4/julialang/julia-ci/src/toplevel.c:754
ijl_toplevel_eval_in at /cache/build/builder-amdci4-4/julialang/julia-ci/src/toplevel.c:799
eval at ./boot.jl:489
include_string at ./loading.jl:3016
_include at ./loading.jl:3076
include at ./Base.jl:309
exec_options at ./client.jl:344
_start at ./client.jl:577
jfptr__start_59126.1 at /home/orebas/.julia/juliaup/julia-1.13.0+0.x64.linux.gnu/lib/julia/sys.so (unknown line)
jl_apply at /cache/build/builder-amdci4-4/julialang/julia-ci/src/julia.h:2318 [inlined]
true_main at /cache/build/builder-amdci4-4/julialang/julia-ci/src/jlapi.c:985
jl_repl_entrypoint at /cache/build/builder-amdci4-4/julialang/julia-ci/src/jlapi.c:1152
main at /cache/build/builder-amdci4-4/julialang/julia-ci/cli/loader_exe.c:58
unknown function (ip: 0x709e2142a600) at /usr/lib/x86_64-linux-gnu/libc.so.6
__libc_start_main at /usr/lib/x86_64-linux-gnu/libc.so.6 (unknown line)
unknown function (ip: 0x4010b8) at /workspace/srcdir/glibc-2.17/csu/../sysdeps/x86_64/start.S
unknown function (ip: (nil)) at (unknown file)


==============================================================
Profile collected. A report will print at the next yield point.
Disabling --trace-compile
==============================================================


======================================================================================
Information request received. A stacktrace will print followed by a 5.0 second profile.
--trace-compile is enabled during profile collection.
======================================================================================

cmd: /home/orebas/.julia/juliaup/julia-1.13.0+0.x64.linux.gnu/bin/julia 3 running 1 of 1

signal (10): User defined signal 1
== at ./promotion.jl:641 [inlined]
iterate at ./range.jl:928 [inlined]
iterate at ./iterators.jl:203 [inlined]
#execute_taylor!#347 at /home/orebas/.julia/packages/HomotopyContinuation/RlZQL/src/model_kit/instruction_interpreter.jl:464 [inlined]
execute_taylor! at /home/orebas/.julia/packages/HomotopyContinuation/RlZQL/src/model_kit/instruction_interpreter.jl:446 [inlined]
#taylor!#353 at /home/orebas/.julia/packages/HomotopyContinuation/RlZQL/src/model_kit/interpreted_system.jl:110
taylor! at /home/orebas/.julia/packages/HomotopyContinuation/RlZQL/src/model_kit/interpreted_system.jl:101 [inlined]
taylor! at /home/orebas/.julia/packages/HomotopyContinuation/RlZQL/src/homotopies/toric_homotopy.jl:269 [inlined]
taylor! at /home/orebas/.julia/packages/HomotopyContinuation/RlZQL/src/homotopies.jl:41 [inlined]
update! at /home/orebas/.julia/packages/HomotopyContinuation/RlZQL/src/predictor.jl:238
update_predictor! at /home/orebas/.julia/packages/HomotopyContinuation/RlZQL/src/tracker.jl:623 [inlined]
step! at /home/orebas/.julia/packages/HomotopyContinuation/RlZQL/src/tracker.jl:907
#track!#143 at /home/orebas/.julia/packages/HomotopyContinuation/RlZQL/src/tracker.jl:964 [inlined]
track! at /home/orebas/.julia/packages/HomotopyContinuation/RlZQL/src/tracker.jl:937 [inlined]
#track#254 at /home/orebas/.julia/packages/HomotopyContinuation/RlZQL/src/polyhedral.jl:472
track at /home/orebas/.julia/packages/HomotopyContinuation/RlZQL/src/polyhedral.jl:430
unknown function (ip: 0x709dd1d4efdf) at (unknown file)
iterate at /home/orebas/.julia/packages/HomotopyContinuation/RlZQL/src/result.jl:0
unknown function (ip: 0x709dd1954200) at (unknown file)
top-level scope at /home/orebas/.julia/dev/ODEParameterEstimation/repro/sneyd_prepared_subset_2026_09_16/solve.jl:98
jl_toplevel_eval_flex at /cache/build/builder-amdci4-4/julialang/julia-ci/src/toplevel.c:731
jl_eval_toplevel_stmts at /cache/build/builder-amdci4-4/julialang/julia-ci/src/toplevel.c:585
jl_toplevel_eval_flex at /cache/build/builder-amdci4-4/julialang/julia-ci/src/toplevel.c:683
ijl_toplevel_eval at /cache/build/builder-amdci4-4/julialang/julia-ci/src/toplevel.c:754
ijl_toplevel_eval_in at /cache/build/builder-amdci4-4/julialang/julia-ci/src/toplevel.c:799
eval at ./boot.jl:489
include_string at ./loading.jl:3016
_include at ./loading.jl:3076
include at ./Base.jl:309
exec_options at ./client.jl:344
_start at ./client.jl:577
jfptr__start_59126.1 at /home/orebas/.julia/juliaup/julia-1.13.0+0.x64.linux.gnu/lib/julia/sys.so (unknown line)
jl_apply at /cache/build/builder-amdci4-4/julialang/julia-ci/src/julia.h:2318 [inlined]
true_main at /cache/build/builder-amdci4-4/julialang/julia-ci/src/jlapi.c:985
jl_repl_entrypoint at /cache/build/builder-amdci4-4/julialang/julia-ci/src/jlapi.c:1152
main at /cache/build/builder-amdci4-4/julialang/julia-ci/cli/loader_exe.c:58
unknown function (ip: 0x709e2142a600) at /usr/lib/x86_64-linux-gnu/libc.so.6
__libc_start_main at /usr/lib/x86_64-linux-gnu/libc.so.6 (unknown line)
unknown function (ip: 0x4010b8) at /workspace/srcdir/glibc-2.17/csu/../sysdeps/x86_64/start.S
unknown function (ip: (nil)) at (unknown file)


==============================================================
Profile collected. A report will print at the next yield point.
Disabling --trace-compile
==============================================================


======================================================================================
Information request received. A stacktrace will print followed by a 5.0 second profile.
--trace-compile is enabled during profile collection.
======================================================================================

cmd: /home/orebas/.julia/juliaup/julia-1.13.0+0.x64.linux.gnu/bin/julia 3 running 1 of 1

signal (10): User defined signal 1
getindex at ./essentials.jl:970 [inlined]
execute! at /home/orebas/.julia/packages/HomotopyContinuation/RlZQL/src/model_kit/instruction_interpreter.jl:313 [inlined]
evaluate_and_jacobian! at /home/orebas/.julia/packages/HomotopyContinuation/RlZQL/src/model_kit/interpreted_system.jl:74
evaluate_and_jacobian! at /home/orebas/.julia/packages/HomotopyContinuation/RlZQL/src/homotopies/toric_homotopy.jl:211 [inlined]
#newton!#130 at /home/orebas/.julia/packages/HomotopyContinuation/RlZQL/src/newton_corrector.jl:143
newton! at /home/orebas/.julia/packages/HomotopyContinuation/RlZQL/src/newton_corrector.jl:80 [inlined]
step! at /home/orebas/.julia/packages/HomotopyContinuation/RlZQL/src/tracker.jl:870
#track!#143 at /home/orebas/.julia/packages/HomotopyContinuation/RlZQL/src/tracker.jl:964 [inlined]
track! at /home/orebas/.julia/packages/HomotopyContinuation/RlZQL/src/tracker.jl:937 [inlined]
#track#254 at /home/orebas/.julia/packages/HomotopyContinuation/RlZQL/src/polyhedral.jl:492
track at /home/orebas/.julia/packages/HomotopyContinuation/RlZQL/src/polyhedral.jl:430
unknown function (ip: 0x709dd1d4efdf) at (unknown file)
iterate at /home/orebas/.julia/packages/HomotopyContinuation/RlZQL/src/result.jl:0
unknown function (ip: 0x709dd1954200) at (unknown file)
top-level scope at /home/orebas/.julia/dev/ODEParameterEstimation/repro/sneyd_prepared_subset_2026_09_16/solve.jl:98
jl_toplevel_eval_flex at /cache/build/builder-amdci4-4/julialang/julia-ci/src/toplevel.c:731
jl_eval_toplevel_stmts at /cache/build/builder-amdci4-4/julialang/julia-ci/src/toplevel.c:585
jl_toplevel_eval_flex at /cache/build/builder-amdci4-4/julialang/julia-ci/src/toplevel.c:683
ijl_toplevel_eval at /cache/build/builder-amdci4-4/julialang/julia-ci/src/toplevel.c:754
ijl_toplevel_eval_in at /cache/build/builder-amdci4-4/julialang/julia-ci/src/toplevel.c:799
eval at ./boot.jl:489
include_string at ./loading.jl:3016
_include at ./loading.jl:3076
include at ./Base.jl:309
exec_options at ./client.jl:344
_start at ./client.jl:577
jfptr__start_59126.1 at /home/orebas/.julia/juliaup/julia-1.13.0+0.x64.linux.gnu/lib/julia/sys.so (unknown line)
jl_apply at /cache/build/builder-amdci4-4/julialang/julia-ci/src/julia.h:2318 [inlined]
true_main at /cache/build/builder-amdci4-4/julialang/julia-ci/src/jlapi.c:985
jl_repl_entrypoint at /cache/build/builder-amdci4-4/julialang/julia-ci/src/jlapi.c:1152
main at /cache/build/builder-amdci4-4/julialang/julia-ci/cli/loader_exe.c:58
unknown function (ip: 0x709e2142a600) at /usr/lib/x86_64-linux-gnu/libc.so.6
__libc_start_main at /usr/lib/x86_64-linux-gnu/libc.so.6 (unknown line)
unknown function (ip: 0x4010b8) at /workspace/srcdir/glibc-2.17/csu/../sysdeps/x86_64/start.S
unknown function (ip: (nil)) at (unknown file)


==============================================================
Profile collected. A report will print at the next yield point.
Disabling --trace-compile
==============================================================


======================================================================================
Information request received. A stacktrace will print followed by a 5.0 second profile.
--trace-compile is enabled during profile collection.
======================================================================================

cmd: /home/orebas/.julia/juliaup/julia-1.13.0+0.x64.linux.gnu/bin/julia 3 running 1 of 1

signal (10): User defined signal 1
_setindex! at ./array.jl:1025 [inlined]
setindex! at ./array.jl:1020 [inlined]
#execute_taylor!#347 at /home/orebas/.julia/packages/HomotopyContinuation/RlZQL/src/model_kit/instruction_interpreter.jl:463 [inlined]
execute_taylor! at /home/orebas/.julia/packages/HomotopyContinuation/RlZQL/src/model_kit/instruction_interpreter.jl:446 [inlined]
#taylor!#353 at /home/orebas/.julia/packages/HomotopyContinuation/RlZQL/src/model_kit/interpreted_system.jl:110
taylor! at /home/orebas/.julia/packages/HomotopyContinuation/RlZQL/src/model_kit/interpreted_system.jl:101 [inlined]
taylor! at /home/orebas/.julia/packages/HomotopyContinuation/RlZQL/src/homotopies/coefficient_homotopy.jl:140 [inlined]
taylor! at /home/orebas/.julia/packages/HomotopyContinuation/RlZQL/src/homotopies.jl:41 [inlined]
update! at /home/orebas/.julia/packages/HomotopyContinuation/RlZQL/src/predictor.jl:246
update_predictor! at /home/orebas/.julia/packages/HomotopyContinuation/RlZQL/src/tracker.jl:623 [inlined]
step! at /home/orebas/.julia/packages/HomotopyContinuation/RlZQL/src/tracker.jl:907
step! at /home/orebas/.julia/packages/HomotopyContinuation/RlZQL/src/endgame_tracker.jl:361
#track!#166 at /home/orebas/.julia/packages/HomotopyContinuation/RlZQL/src/endgame_tracker.jl:309 [inlined]
track! at /home/orebas/.julia/packages/HomotopyContinuation/RlZQL/src/endgame_tracker.jl:297 [inlined]
#track#169 at /home/orebas/.julia/packages/HomotopyContinuation/RlZQL/src/endgame_tracker.jl:909
track at /home/orebas/.julia/packages/HomotopyContinuation/RlZQL/src/endgame_tracker.jl:902 [inlined]
track at /home/orebas/.julia/packages/HomotopyContinuation/RlZQL/src/endgame_tracker.jl:902 [inlined]
#track#254 at /home/orebas/.julia/packages/HomotopyContinuation/RlZQL/src/polyhedral.jl:531
track at /home/orebas/.julia/packages/HomotopyContinuation/RlZQL/src/polyhedral.jl:430
unknown function (ip: 0x709dd1d4efdf) at (unknown file)
iterate at /home/orebas/.julia/packages/HomotopyContinuation/RlZQL/src/result.jl:0
unknown function (ip: 0x709dd1954200) at (unknown file)
top-level scope at /home/orebas/.julia/dev/ODEParameterEstimation/repro/sneyd_prepared_subset_2026_09_16/solve.jl:98
jl_toplevel_eval_flex at /cache/build/builder-amdci4-4/julialang/julia-ci/src/toplevel.c:731
jl_eval_toplevel_stmts at /cache/build/builder-amdci4-4/julialang/julia-ci/src/toplevel.c:585
jl_toplevel_eval_flex at /cache/build/builder-amdci4-4/julialang/julia-ci/src/toplevel.c:683
ijl_toplevel_eval at /cache/build/builder-amdci4-4/julialang/julia-ci/src/toplevel.c:754
ijl_toplevel_eval_in at /cache/build/builder-amdci4-4/julialang/julia-ci/src/toplevel.c:799
eval at ./boot.jl:489
include_string at ./loading.jl:3016
_include at ./loading.jl:3076
include at ./Base.jl:309
exec_options at ./client.jl:344
_start at ./client.jl:577
jfptr__start_59126.1 at /home/orebas/.julia/juliaup/julia-1.13.0+0.x64.linux.gnu/lib/julia/sys.so (unknown line)
jl_apply at /cache/build/builder-amdci4-4/julialang/julia-ci/src/julia.h:2318 [inlined]
true_main at /cache/build/builder-amdci4-4/julialang/julia-ci/src/jlapi.c:985
jl_repl_entrypoint at /cache/build/builder-amdci4-4/julialang/julia-ci/src/jlapi.c:1152
main at /cache/build/builder-amdci4-4/julialang/julia-ci/cli/loader_exe.c:58
unknown function (ip: 0x709e2142a600) at /usr/lib/x86_64-linux-gnu/libc.so.6
__libc_start_main at /usr/lib/x86_64-linux-gnu/libc.so.6 (unknown line)
unknown function (ip: 0x4010b8) at /workspace/srcdir/glibc-2.17/csu/../sysdeps/x86_64/start.S
unknown function (ip: (nil)) at (unknown file)


==============================================================
Profile collected. A report will print at the next yield point.
Disabling --trace-compile
==============================================================


======================================================================================
Information request received. A stacktrace will print followed by a 5.0 second profile.
--trace-compile is enabled during profile collection.
======================================================================================

cmd: /home/orebas/.julia/juliaup/julia-1.13.0+0.x64.linux.gnu/bin/julia 3 running 1 of 1

signal (10): User defined signal 1
+ at ./float.jl:492 [inlined]
+ at ./complex.jl:288 [inlined]
+ at ./operators.jl:653 [inlined]
op_add4 at /home/orebas/.julia/packages/HomotopyContinuation/RlZQL/src/model_kit/operations.jl:250 [inlined]
macro expansion at /home/orebas/.julia/packages/HomotopyContinuation/RlZQL/src/model_kit/instruction_interpreter.jl:166 [inlined]
execute_instructions! at /home/orebas/.julia/packages/HomotopyContinuation/RlZQL/src/model_kit/instruction_interpreter.jl:252 [inlined]
execute! at /home/orebas/.julia/packages/HomotopyContinuation/RlZQL/src/model_kit/instruction_interpreter.jl:306 [inlined]
evaluate_and_jacobian! at /home/orebas/.julia/packages/HomotopyContinuation/RlZQL/src/model_kit/interpreted_system.jl:74
evaluate_and_jacobian! at /home/orebas/.julia/packages/HomotopyContinuation/RlZQL/src/homotopies/coefficient_homotopy.jl:114 [inlined]
#newton!#130 at /home/orebas/.julia/packages/HomotopyContinuation/RlZQL/src/newton_corrector.jl:102
newton! at /home/orebas/.julia/packages/HomotopyContinuation/RlZQL/src/newton_corrector.jl:80 [inlined]
step! at /home/orebas/.julia/packages/HomotopyContinuation/RlZQL/src/tracker.jl:870
step! at /home/orebas/.julia/packages/HomotopyContinuation/RlZQL/src/endgame_tracker.jl:361
#track!#166 at /home/orebas/.julia/packages/HomotopyContinuation/RlZQL/src/endgame_tracker.jl:309 [inlined]
track! at /home/orebas/.julia/packages/HomotopyContinuation/RlZQL/src/endgame_tracker.jl:297 [inlined]
#track#169 at /home/orebas/.julia/packages/HomotopyContinuation/RlZQL/src/endgame_tracker.jl:909
track at /home/orebas/.julia/packages/HomotopyContinuation/RlZQL/src/endgame_tracker.jl:902 [inlined]
track at /home/orebas/.julia/packages/HomotopyContinuation/RlZQL/src/endgame_tracker.jl:902 [inlined]
#track#254 at /home/orebas/.julia/packages/HomotopyContinuation/RlZQL/src/polyhedral.jl:531
track at /home/orebas/.julia/packages/HomotopyContinuation/RlZQL/src/polyhedral.jl:430
unknown function (ip: 0x709dd1d4efdf) at (unknown file)
iterate at /home/orebas/.julia/packages/HomotopyContinuation/RlZQL/src/result.jl:0
unknown function (ip: 0x709dd1954200) at (unknown file)
top-level scope at /home/orebas/.julia/dev/ODEParameterEstimation/repro/sneyd_prepared_subset_2026_09_16/solve.jl:98
jl_toplevel_eval_flex at /cache/build/builder-amdci4-4/julialang/julia-ci/src/toplevel.c:731
jl_eval_toplevel_stmts at /cache/build/builder-amdci4-4/julialang/julia-ci/src/toplevel.c:585
jl_toplevel_eval_flex at /cache/build/builder-amdci4-4/julialang/julia-ci/src/toplevel.c:683
ijl_toplevel_eval at /cache/build/builder-amdci4-4/julialang/julia-ci/src/toplevel.c:754
ijl_toplevel_eval_in at /cache/build/builder-amdci4-4/julialang/julia-ci/src/toplevel.c:799
eval at ./boot.jl:489
include_string at ./loading.jl:3016
_include at ./loading.jl:3076
include at ./Base.jl:309
exec_options at ./client.jl:344
_start at ./client.jl:577
jfptr__start_59126.1 at /home/orebas/.julia/juliaup/julia-1.13.0+0.x64.linux.gnu/lib/julia/sys.so (unknown line)
jl_apply at /cache/build/builder-amdci4-4/julialang/julia-ci/src/julia.h:2318 [inlined]
true_main at /cache/build/builder-amdci4-4/julialang/julia-ci/src/jlapi.c:985
jl_repl_entrypoint at /cache/build/builder-amdci4-4/julialang/julia-ci/src/jlapi.c:1152
main at /cache/build/builder-amdci4-4/julialang/julia-ci/cli/loader_exe.c:58
unknown function (ip: 0x709e2142a600) at /usr/lib/x86_64-linux-gnu/libc.so.6
__libc_start_main at /usr/lib/x86_64-linux-gnu/libc.so.6 (unknown line)
unknown function (ip: 0x4010b8) at /workspace/srcdir/glibc-2.17/csu/../sysdeps/x86_64/start.S
unknown function (ip: (nil)) at (unknown file)


==============================================================
Profile collected. A report will print at the next yield point.
Disabling --trace-compile
==============================================================


======================================================================================
Information request received. A stacktrace will print followed by a 5.0 second profile.
--trace-compile is enabled during profile collection.
======================================================================================

cmd: /home/orebas/.julia/juliaup/julia-1.13.0+0.x64.linux.gnu/bin/julia 3 running 1 of 1

signal (10): User defined signal 1
getindex at ./essentials.jl:970 [inlined]
getindex at ./abstractarray.jl:1366 [inlined]
macro expansion at /home/orebas/.julia/packages/HomotopyContinuation/RlZQL/src/model_kit/instruction_interpreter.jl:163 [inlined]
execute_instructions! at /home/orebas/.julia/packages/HomotopyContinuation/RlZQL/src/model_kit/instruction_interpreter.jl:252 [inlined]
execute! at /home/orebas/.julia/packages/HomotopyContinuation/RlZQL/src/model_kit/instruction_interpreter.jl:306 [inlined]
evaluate_and_jacobian! at /home/orebas/.julia/packages/HomotopyContinuation/RlZQL/src/model_kit/interpreted_system.jl:74
evaluate_and_jacobian! at /home/orebas/.julia/packages/HomotopyContinuation/RlZQL/src/homotopies/toric_homotopy.jl:211 [inlined]
#newton!#130 at /home/orebas/.julia/packages/HomotopyContinuation/RlZQL/src/newton_corrector.jl:102
newton! at /home/orebas/.julia/packages/HomotopyContinuation/RlZQL/src/newton_corrector.jl:80 [inlined]
step! at /home/orebas/.julia/packages/HomotopyContinuation/RlZQL/src/tracker.jl:870
#track!#143 at /home/orebas/.julia/packages/HomotopyContinuation/RlZQL/src/tracker.jl:964 [inlined]
track! at /home/orebas/.julia/packages/HomotopyContinuation/RlZQL/src/tracker.jl:937 [inlined]
#track#254 at /home/orebas/.julia/packages/HomotopyContinuation/RlZQL/src/polyhedral.jl:492
track at /home/orebas/.julia/packages/HomotopyContinuation/RlZQL/src/polyhedral.jl:430
unknown function (ip: 0x709dd1d4efdf) at (unknown file)
iterate at /home/orebas/.julia/packages/HomotopyContinuation/RlZQL/src/result.jl:0
unknown function (ip: 0x709dd1954200) at (unknown file)
top-level scope at /home/orebas/.julia/dev/ODEParameterEstimation/repro/sneyd_prepared_subset_2026_09_16/solve.jl:98
jl_toplevel_eval_flex at /cache/build/builder-amdci4-4/julialang/julia-ci/src/toplevel.c:731
jl_eval_toplevel_stmts at /cache/build/builder-amdci4-4/julialang/julia-ci/src/toplevel.c:585
jl_toplevel_eval_flex at /cache/build/builder-amdci4-4/julialang/julia-ci/src/toplevel.c:683
ijl_toplevel_eval at /cache/build/builder-amdci4-4/julialang/julia-ci/src/toplevel.c:754
ijl_toplevel_eval_in at /cache/build/builder-amdci4-4/julialang/julia-ci/src/toplevel.c:799
eval at ./boot.jl:489
include_string at ./loading.jl:3016
_include at ./loading.jl:3076
include at ./Base.jl:309
exec_options at ./client.jl:344
_start at ./client.jl:577
jfptr__start_59126.1 at /home/orebas/.julia/juliaup/julia-1.13.0+0.x64.linux.gnu/lib/julia/sys.so (unknown line)
jl_apply at /cache/build/builder-amdci4-4/julialang/julia-ci/src/julia.h:2318 [inlined]
true_main at /cache/build/builder-amdci4-4/julialang/julia-ci/src/jlapi.c:985
jl_repl_entrypoint at /cache/build/builder-amdci4-4/julialang/julia-ci/src/jlapi.c:1152
main at /cache/build/builder-amdci4-4/julialang/julia-ci/cli/loader_exe.c:58
unknown function (ip: 0x709e2142a600) at /usr/lib/x86_64-linux-gnu/libc.so.6
__libc_start_main at /usr/lib/x86_64-linux-gnu/libc.so.6 (unknown line)
unknown function (ip: 0x4010b8) at /workspace/srcdir/glibc-2.17/csu/../sysdeps/x86_64/start.S
unknown function (ip: (nil)) at (unknown file)


==============================================================
Profile collected. A report will print at the next yield point.
Disabling --trace-compile
==============================================================


======================================================================================
Information request received. A stacktrace will print followed by a 5.0 second profile.
--trace-compile is enabled during profile collection.
======================================================================================

cmd: /home/orebas/.julia/juliaup/julia-1.13.0+0.x64.linux.gnu/bin/julia 3 running 1 of 1

signal (10): User defined signal 1
* at ./float.jl:494 [inlined]
* at ./complex.jl:290 [inlined]
op_mulmuladd at /home/orebas/.julia/packages/HomotopyContinuation/RlZQL/src/model_kit/operations.jl:252 [inlined]
macro expansion at /home/orebas/.julia/packages/HomotopyContinuation/RlZQL/src/model_kit/instruction_interpreter.jl:166 [inlined]
execute_instructions! at /home/orebas/.julia/packages/HomotopyContinuation/RlZQL/src/model_kit/instruction_interpreter.jl:252 [inlined]
execute! at /home/orebas/.julia/packages/HomotopyContinuation/RlZQL/src/model_kit/instruction_interpreter.jl:306 [inlined]
evaluate_and_jacobian! at /home/orebas/.julia/packages/HomotopyContinuation/RlZQL/src/model_kit/interpreted_system.jl:74
evaluate_and_jacobian! at /home/orebas/.julia/packages/HomotopyContinuation/RlZQL/src/homotopies/toric_homotopy.jl:211 [inlined]
#newton!#130 at /home/orebas/.julia/packages/HomotopyContinuation/RlZQL/src/newton_corrector.jl:102
newton! at /home/orebas/.julia/packages/HomotopyContinuation/RlZQL/src/newton_corrector.jl:80 [inlined]
step! at /home/orebas/.julia/packages/HomotopyContinuation/RlZQL/src/tracker.jl:870
#track!#143 at /home/orebas/.julia/packages/HomotopyContinuation/RlZQL/src/tracker.jl:964 [inlined]
track! at /home/orebas/.julia/packages/HomotopyContinuation/RlZQL/src/tracker.jl:937 [inlined]
#track#254 at /home/orebas/.julia/packages/HomotopyContinuation/RlZQL/src/polyhedral.jl:472
track at /home/orebas/.julia/packages/HomotopyContinuation/RlZQL/src/polyhedral.jl:430
unknown function (ip: 0x709dd1d4efdf) at (unknown file)
iterate at /home/orebas/.julia/packages/HomotopyContinuation/RlZQL/src/result.jl:0
unknown function (ip: 0x709dd1954200) at (unknown file)
top-level scope at /home/orebas/.julia/dev/ODEParameterEstimation/repro/sneyd_prepared_subset_2026_09_16/solve.jl:98
jl_toplevel_eval_flex at /cache/build/builder-amdci4-4/julialang/julia-ci/src/toplevel.c:731
jl_eval_toplevel_stmts at /cache/build/builder-amdci4-4/julialang/julia-ci/src/toplevel.c:585
jl_toplevel_eval_flex at /cache/build/builder-amdci4-4/julialang/julia-ci/src/toplevel.c:683
ijl_toplevel_eval at /cache/build/builder-amdci4-4/julialang/julia-ci/src/toplevel.c:754
ijl_toplevel_eval_in at /cache/build/builder-amdci4-4/julialang/julia-ci/src/toplevel.c:799
eval at ./boot.jl:489
include_string at ./loading.jl:3016
_include at ./loading.jl:3076
include at ./Base.jl:309
exec_options at ./client.jl:344
_start at ./client.jl:577
jfptr__start_59126.1 at /home/orebas/.julia/juliaup/julia-1.13.0+0.x64.linux.gnu/lib/julia/sys.so (unknown line)
jl_apply at /cache/build/builder-amdci4-4/julialang/julia-ci/src/julia.h:2318 [inlined]
true_main at /cache/build/builder-amdci4-4/julialang/julia-ci/src/jlapi.c:985
jl_repl_entrypoint at /cache/build/builder-amdci4-4/julialang/julia-ci/src/jlapi.c:1152
main at /cache/build/builder-amdci4-4/julialang/julia-ci/cli/loader_exe.c:58
unknown function (ip: 0x709e2142a600) at /usr/lib/x86_64-linux-gnu/libc.so.6
__libc_start_main at /usr/lib/x86_64-linux-gnu/libc.so.6 (unknown line)
unknown function (ip: 0x4010b8) at /workspace/srcdir/glibc-2.17/csu/../sysdeps/x86_64/start.S
unknown function (ip: (nil)) at (unknown file)


==============================================================
Profile collected. A report will print at the next yield point.
Disabling --trace-compile
==============================================================

FINISHED complete
WARNING: Detected access to binding `Profile.peek_report` in a world prior to its definition world.
  Julia 1.12 has introduced more strict world age semantics for global bindings.
  !!! This code may malfunction under Revise.
  !!! This code will error in future versions of Julia.
Hint: Add an appropriate `invokelatest` around the access to this binding.
To make this warning an error, and hence obtain a stack trace, use `julia --depwarn=error`.
