
======================================================================================
Information request received. A stacktrace will print followed by a 10.0 second profile.
--trace-compile is enabled during profile collection.
======================================================================================

cmd: /home/orebas/.julia/juliaup/julia-1.13.0+0.x64.linux.gnu/bin/julia 2892053 running 1 of 1

signal (10): User defined signal 1
_ZN4llvm17InterferenceCache5Entry6updateEj at /home/orebas/.julia/juliaup/julia-1.13.0+0.x64.linux.gnu/bin/../lib/julia/libLLVM.so.20.1jl (unknown line)
_ZN4llvm8RAGreedy19addSplitConstraintsENS_17InterferenceCache6CursorERNS_14BlockFrequencyE at /home/orebas/.julia/juliaup/julia-1.13.0+0.x64.linux.gnu/bin/../lib/julia/libLLVM.so.20.1jl (unknown line)
_ZN4llvm8RAGreedy33calculateRegionSplitCostAroundRegEtRNS_15AllocationOrderERNS_14BlockFrequencyERjS5_ at /home/orebas/.julia/juliaup/julia-1.13.0+0.x64.linux.gnu/bin/../lib/julia/libLLVM.so.20.1jl (unknown line)
_ZN4llvm8RAGreedy24calculateRegionSplitCostERKNS_12LiveIntervalERNS_15AllocationOrderERNS_14BlockFrequencyERjb at /home/orebas/.julia/juliaup/julia-1.13.0+0.x64.linux.gnu/bin/../lib/julia/libLLVM.so.20.1jl (unknown line)
_ZN4llvm8RAGreedy14tryRegionSplitERKNS_12LiveIntervalERNS_15AllocationOrderERNS_15SmallVectorImplINS_8RegisterEEE at /home/orebas/.julia/juliaup/julia-1.13.0+0.x64.linux.gnu/bin/../lib/julia/libLLVM.so.20.1jl (unknown line)
_ZN4llvm8RAGreedy8trySplitERKNS_12LiveIntervalERNS_15AllocationOrderERNS_15SmallVectorImplINS_8RegisterEEERKNS_8SmallSetIS7_Lj16ESt4lessIS7_EEE.part.0 at /home/orebas/.julia/juliaup/julia-1.13.0+0.x64.linux.gnu/bin/../lib/julia/libLLVM.so.20.1jl (unknown line)
_ZN4llvm8RAGreedy17selectOrSplitImplERKNS_12LiveIntervalERNS_15SmallVectorImplINS_8RegisterEEERNS_8SmallSetIS5_Lj16ESt4lessIS5_EEERNS_11SmallVectorISt4pairIPS2_NS_10MCRegisterEELj8EEEj at /home/orebas/.julia/juliaup/julia-1.13.0+0.x64.linux.gnu/bin/../lib/julia/libLLVM.so.20.1jl (unknown line)
_ZN4llvm8RAGreedy13selectOrSplitERKNS_12LiveIntervalERNS_15SmallVectorImplINS_8RegisterEEE at /home/orebas/.julia/juliaup/julia-1.13.0+0.x64.linux.gnu/bin/../lib/julia/libLLVM.so.20.1jl (unknown line)
_ZN4llvm12RegAllocBase16allocatePhysRegsEv at /home/orebas/.julia/juliaup/julia-1.13.0+0.x64.linux.gnu/bin/../lib/julia/libLLVM.so.20.1jl (unknown line)
_ZN4llvm8RAGreedy20runOnMachineFunctionERNS_15MachineFunctionE at /home/orebas/.julia/juliaup/julia-1.13.0+0.x64.linux.gnu/bin/../lib/julia/libLLVM.so.20.1jl (unknown line)
_ZN4llvm19MachineFunctionPass13runOnFunctionERNS_8FunctionE.part.0 at /home/orebas/.julia/juliaup/julia-1.13.0+0.x64.linux.gnu/bin/../lib/julia/libLLVM.so.20.1jl (unknown line)
_ZN4llvm13FPPassManager13runOnFunctionERNS_8FunctionE at /home/orebas/.julia/juliaup/julia-1.13.0+0.x64.linux.gnu/bin/../lib/julia/libLLVM.so.20.1jl (unknown line)
_ZN4llvm13FPPassManager11runOnModuleERNS_6ModuleE at /home/orebas/.julia/juliaup/julia-1.13.0+0.x64.linux.gnu/bin/../lib/julia/libLLVM.so.20.1jl (unknown line)
_ZN4llvm6legacy15PassManagerImpl3runERNS_6ModuleE at /home/orebas/.julia/juliaup/julia-1.13.0+0.x64.linux.gnu/bin/../lib/julia/libLLVM.so.20.1jl (unknown line)
warning: address range table at offset 0x3900 has a premature terminator entry at offset 0x4260
warning: address range table at offset 0x3900 has a premature terminator entry at offset 0x42c0
operator() at /cache/build/builder-amdci4-4/julialang/julia-ci/src/jitlayers.cpp:1627
addModule at /cache/build/builder-amdci4-4/julialang/julia-ci/src/jitlayers.cpp:2130
jl_compile_codeinst_now at /cache/build/builder-amdci4-4/julialang/julia-ci/src/jitlayers.cpp:681
jl_compile_codeinst_impl at /cache/build/builder-amdci4-4/julialang/julia-ci/src/jitlayers.cpp:875
jl_compile_method_internal at /cache/build/builder-amdci4-4/julialang/julia-ci/src/gf.c:3709
_jl_invoke at /cache/build/builder-amdci4-4/julialang/julia-ci/src/gf.c:4171 [inlined]
ijl_apply_generic at /cache/build/builder-amdci4-4/julialang/julia-ci/src/gf.c:4380
top-level scope at /tmp/odepe-si-fujita-global-20260914/source/probe_si_cost.jl:23
jl_toplevel_eval_flex at /cache/build/builder-amdci4-4/julialang/julia-ci/src/toplevel.c:731
jl_eval_toplevel_stmts at /cache/build/builder-amdci4-4/julialang/julia-ci/src/toplevel.c:585
jl_toplevel_eval_flex at /cache/build/builder-amdci4-4/julialang/julia-ci/src/toplevel.c:683
ijl_toplevel_eval at /cache/build/builder-amdci4-4/julialang/julia-ci/src/toplevel.c:754
ijl_toplevel_eval_in at /cache/build/builder-amdci4-4/julialang/julia-ci/src/toplevel.c:799
eval at ./boot.jl:489
include_string at ./loading.jl:3016
_include at ./loading.jl:3076
include at ./Base.jl:309
exec_options at ./client.jl:344
_start at ./client.jl:577
jfptr__start_59126.1 at /home/orebas/.julia/juliaup/julia-1.13.0+0.x64.linux.gnu/lib/julia/sys.so (unknown line)
jl_apply at /cache/build/builder-amdci4-4/julialang/julia-ci/src/julia.h:2318 [inlined]
true_main at /cache/build/builder-amdci4-4/julialang/julia-ci/src/jlapi.c:985
jl_repl_entrypoint at /cache/build/builder-amdci4-4/julialang/julia-ci/src/jlapi.c:1152
main at /cache/build/builder-amdci4-4/julialang/julia-ci/cli/loader_exe.c:58
unknown function (ip: 0x7fd6fb22a600) at /usr/lib/x86_64-linux-gnu/libc.so.6
__libc_start_main at /usr/lib/x86_64-linux-gnu/libc.so.6 (unknown line)
unknown function (ip: 0x4010b8) at /workspace/srcdir/glibc-2.17/csu/../sysdeps/x86_64/start.S
unknown function (ip: (nil)) at (unknown file)

#= 30597.3 ms =# precompile(Tuple{typeof(Main.single_condition), String, String})
#= 1178.8 ms =# precompile(Tuple{typeof(YAML.parse_stream_start), YAML.EventStream})
#=    5.6 ms =# precompile(Tuple{typeof(Base.keys), Base.Dict{String, String}})
#=    6.2 ms =# precompile(Tuple{typeof(Base.getproperty), Base.KeySet{String, Base.Dict{String, String}}, Symbol})
#=  131.2 ms =# precompile(Tuple{typeof(YAML.parse_implicit_document_start), YAML.EventStream})
#=   44.3 ms =# precompile(Tuple{typeof(YAML.parse_block_node), YAML.EventStream})
#=   13.9 ms =# precompile(Tuple{typeof(YAML._parse_node), YAML.BlockMappingStartToken, YAML.EventStream, Bool, Bool})
#=   48.4 ms =# precompile(Tuple{typeof(YAML.handle_event), YAML.MappingStartEvent, YAML.Composer})
#=   44.4 ms =# precompile(Tuple{typeof(YAML.parse_block_mapping_first_key), YAML.EventStream})
#=   21.9 ms =# precompile(Tuple{typeof(YAML._parse_node), YAML.ScalarToken, YAML.EventStream, Bool, Bool})
#=   17.4 ms =# precompile(Tuple{typeof(YAML.__parse_node), YAML.ScalarToken, YAML.EventStream, Bool, YAML.Mark, YAML.Mark, Nothing, Nothing, Bool})
#=   11.2 ms =# precompile(Tuple{typeof(YAML.__compose_mapping_node), YAML.ScalarEvent, YAML.Composer, YAML.MappingNode})
#=   23.1 ms =# precompile(Tuple{typeof(YAML.parse_block_mapping_value), YAML.EventStream})
#=   17.1 ms =# precompile(Tuple{typeof(YAML._parse_node), YAML.BlockEntryToken, YAML.EventStream, Bool, Bool})
#=   50.1 ms =# precompile(Tuple{typeof(YAML.handle_event), YAML.SequenceStartEvent, YAML.Composer})

==============================================================
Profile collected. A report will print at the next yield point.
Disabling --trace-compile
==============================================================


======================================================================================
Information request received. A stacktrace will print followed by a 10.0 second profile.
--trace-compile is enabled during profile collection.
======================================================================================

cmd: /home/orebas/.julia/juliaup/julia-1.13.0+0.x64.linux.gnu/bin/julia 2892053 running 1 of 1

signal (10): User defined signal 1
_ZNK4llvm5Value7getNameEv at /home/orebas/.julia/juliaup/julia-1.13.0+0.x64.linux.gnu/bin/../lib/julia/libLLVM.so.20.1jl (unknown line)
operator() at /cache/build/builder-amdci4-4/julialang/julia-ci/src/jitlayers.cpp:1838
optimizeDLSyms at /cache/build/builder-amdci4-4/julialang/julia-ci/src/jitlayers.cpp:2396 [inlined]
jl_compile_codeinst_now at /cache/build/builder-amdci4-4/julialang/julia-ci/src/jitlayers.cpp:679
jl_compile_codeinst_impl at /cache/build/builder-amdci4-4/julialang/julia-ci/src/jitlayers.cpp:875
jl_compile_method_internal at /cache/build/builder-amdci4-4/julialang/julia-ci/src/gf.c:3709
_jl_invoke at /cache/build/builder-amdci4-4/julialang/julia-ci/src/gf.c:4171 [inlined]
ijl_apply_generic at /cache/build/builder-amdci4-4/julialang/julia-ci/src/gf.c:4380
#process_SciMLProblem#796 at /home/orebas/.julia/packages/ModelingToolkitBase/OIqzi/src/systems/problem_utils.jl:2176
process_SciMLProblem at /home/orebas/.julia/packages/ModelingToolkitBase/OIqzi/src/systems/problem_utils.jl:2164
unknown function (ip: 0x7fd65f5767d7) at (unknown file)
#process_SciMLProblem#795 at /home/orebas/.julia/packages/ModelingToolkitBase/OIqzi/src/systems/problem_utils.jl:2146
unknown function (ip: 0x7fd65f570946) at (unknown file)
process_SciMLProblem at /home/orebas/.julia/packages/ModelingToolkitBase/OIqzi/src/systems/problem_utils.jl:2114
unknown function (ip: 0x7fd65f56fcc2) at (unknown file)
#_ode_problem#829 at /home/orebas/.julia/packages/ModelingToolkitBase/OIqzi/src/problems/odeproblem.jl:145
_ode_problem at /home/orebas/.julia/packages/ModelingToolkitBase/OIqzi/src/problems/odeproblem.jl:134
unknown function (ip: 0x7fd65f56d4d4) at (unknown file)
#_#832 at /home/orebas/.julia/packages/ModelingToolkitBase/OIqzi/src/problems/odeproblem.jl:174
ODEProblem at /home/orebas/.julia/packages/ModelingToolkitBase/OIqzi/src/problems/odeproblem.jl:168
unknown function (ip: 0x7fd65f56be86) at (unknown file)
_get_odeproblem at /home/orebas/.julia/packages/PEtab/o08Zn/src/petab_odeproblem/problem_info.jl:144
unknown function (ip: 0x7fd65f56a2cd) at (unknown file)
macro expansion at /home/orebas/.julia/packages/PEtab/o08Zn/src/petab_odeproblem/problem_info.jl:57 [inlined]
macro expansion at ./timing.jl:463 [inlined]
PEtabODEProblemInfo at /home/orebas/.julia/packages/PEtab/o08Zn/src/petab_odeproblem/problem_info.jl:56
#PEtabODEProblem#238 at /home/orebas/.julia/packages/PEtab/o08Zn/src/petab_odeproblem/create.jl:25
PEtabODEProblem at /home/orebas/.julia/packages/PEtab/o08Zn/src/petab_odeproblem/create.jl:1 [inlined]
#load_petab_problem#30 at /home/orebas/.julia/dev/ODEParameterEstimation/ext/petab/adapter.jl:298
load_petab_problem at /home/orebas/.julia/dev/ODEParameterEstimation/ext/petab/adapter.jl:281 [inlined]
single_condition at /tmp/odepe-si-fujita-global-20260914/source/common.jl:40
unknown function (ip: 0x7fd6cc1df836) at (unknown file)
top-level scope at /tmp/odepe-si-fujita-global-20260914/source/probe_si_cost.jl:23
jl_toplevel_eval_flex at /cache/build/builder-amdci4-4/julialang/julia-ci/src/toplevel.c:731
jl_eval_toplevel_stmts at /cache/build/builder-amdci4-4/julialang/julia-ci/src/toplevel.c:585
jl_toplevel_eval_flex at /cache/build/builder-amdci4-4/julialang/julia-ci/src/toplevel.c:683
ijl_toplevel_eval at /cache/build/builder-amdci4-4/julialang/julia-ci/src/toplevel.c:754
ijl_toplevel_eval_in at /cache/build/builder-amdci4-4/julialang/julia-ci/src/toplevel.c:799
eval at ./boot.jl:489
include_string at ./loading.jl:3016
_include at ./loading.jl:3076
include at ./Base.jl:309
exec_options at ./client.jl:344
_start at ./client.jl:577
jfptr__start_59126.1 at /home/orebas/.julia/juliaup/julia-1.13.0+0.x64.linux.gnu/lib/julia/sys.so (unknown line)
jl_apply at /cache/build/builder-amdci4-4/julialang/julia-ci/src/julia.h:2318 [inlined]
true_main at /cache/build/builder-amdci4-4/julialang/julia-ci/src/jlapi.c:985
jl_repl_entrypoint at /cache/build/builder-amdci4-4/julialang/julia-ci/src/jlapi.c:1152
main at /cache/build/builder-amdci4-4/julialang/julia-ci/cli/loader_exe.c:58
unknown function (ip: 0x7fd6fb22a600) at /usr/lib/x86_64-linux-gnu/libc.so.6
__libc_start_main at /usr/lib/x86_64-linux-gnu/libc.so.6 (unknown line)
unknown function (ip: 0x4010b8) at /workspace/srcdir/glibc-2.17/csu/../sysdeps/x86_64/start.S
unknown function (ip: (nil)) at (unknown file)

#= 1212.6 ms =# precompile(Tuple{typeof(Core.kwcall), NamedTuple{(:expression, :check_compatibility, :jac, :sparse), Tuple{typeof(DataType), Bool, Bool, Bool}}, typeof(ModelingToolkitBase.__process_SciMLProblem), Any, ModelingToolkitBase.System, Base.Dict{Any, Any}, ModelingToolkitBase.SciMLProblemOptions{false}})
[33m#=   34.6 ms =# precompile(Tuple{typeof(Base.setindex!), Base.Dict{SymbolicUtils.BasicSymbolicImpl.var"typeof(BasicSymbolicImpl)"{SymbolicUtils.SymReal}, SymbolicUtils.BasicSymbolicImpl.var"typeof(BasicSymbolicImpl)"{SymbolicUtils.SymReal}}, Float64, SymbolicUtils.BasicSymbolicImpl.var"typeof(BasicSymbolicImpl)"{SymbolicUtils.SymReal}}) # recompile[0m
[33m#=   12.2 ms =# precompile(Tuple{typeof(Base.setindex!), ModelingToolkitBase.AtomicArrayDict{SymbolicUtils.BasicSymbolicImpl.var"typeof(BasicSymbolicImpl)"{SymbolicUtils.SymReal}, Base.Dict{SymbolicUtils.BasicSymbolicImpl.var"typeof(BasicSymbolicImpl)"{SymbolicUtils.SymReal}, SymbolicUtils.BasicSymbolicImpl.var"typeof(BasicSymbolicImpl)"{SymbolicUtils.SymReal}}}, Float64, SymbolicUtils.BasicSymbolicImpl.var"typeof(BasicSymbolicImpl)"{SymbolicUtils.SymReal}}) # recompile[0m
[33m#=  445.7 ms =# precompile(Tuple{typeof(Core.kwcall), NamedTuple{(:ir, :buffer_eltype, :container_type, :allow_symbolic, :is_initializeprob, :substitution_limit), Tuple{SymbolicUtils.IRStructure{SymbolicUtils.SymReal}, typeof(DataType), typeof(DataType), Bool, Bool, Int64}}, typeof(ModelingToolkitBase.varmap_to_vars), ModelingToolkitBase.AtomicArrayDict{SymbolicUtils.BasicSymbolicImpl.var"typeof(BasicSymbolicImpl)"{SymbolicUtils.SymReal}, Base.Dict{SymbolicUtils.BasicSymbolicImpl.var"typeof(BasicSymbolicImpl)"{SymbolicUtils.SymReal}, SymbolicUtils.BasicSymbolicImpl.var"typeof(BasicSymbolicImpl)"{SymbolicUtils.SymReal}}}, Array{SymbolicUtils.BasicSymbolicImpl.var"typeof(BasicSymbolicImpl)"{SymbolicUtils.SymReal}, 1}}) # recompile[0m
[33m#=    7.6 ms =# precompile(Tuple{typeof(Core.kwcall), NamedTuple{(:toterm,), Tuple{typeof(ModelingToolkitBase.default_toterm)}}, typeof(ModelingToolkitBase.add_toterms!), ModelingToolkitBase.AtomicArrayDict{SymbolicUtils.BasicSymbolicImpl.var"typeof(BasicSymbolicImpl)"{SymbolicUtils.SymReal}, Base.Dict{SymbolicUtils.BasicSymbolicImpl.var"typeof(BasicSymbolicImpl)"{SymbolicUtils.SymReal}, SymbolicUtils.BasicSymbolicImpl.var"typeof(BasicSymbolicImpl)"{SymbolicUtils.SymReal}}}}) # recompile[0m
[33m#=    6.1 ms =# precompile(Tuple{typeof(Base.haskey), ModelingToolkitBase.AtomicArrayDict{SymbolicUtils.BasicSymbolicImpl.var"typeof(BasicSymbolicImpl)"{SymbolicUtils.SymReal}, Base.Dict{SymbolicUtils.BasicSymbolicImpl.var"typeof(BasicSymbolicImpl)"{SymbolicUtils.SymReal}, SymbolicUtils.BasicSymbolicImpl.var"typeof(BasicSymbolicImpl)"{SymbolicUtils.SymReal}}}, SymbolicUtils.BasicSymbolicImpl.var"typeof(BasicSymbolicImpl)"{SymbolicUtils.SymReal}}) # recompile[0m
[33m#=  407.9 ms =# precompile(Tuple{typeof(Core.kwcall), NamedTuple{(:limit, :allow_symbolic), Tuple{Int64, Bool}}, typeof(ModelingToolkitBase.evaluate_varmap!), SymbolicUtils.IRStructure{SymbolicUtils.SymReal}, ModelingToolkitBase.AtomicArrayDictSubstitutionWrapper{Base.Dict{SymbolicUtils.BasicSymbolicImpl.var"typeof(BasicSymbolicImpl)"{SymbolicUtils.SymReal}, SymbolicUtils.BasicSymbolicImpl.var"typeof(BasicSymbolicImpl)"{SymbolicUtils.SymReal}}}, Array{SymbolicUtils.BasicSymbolicImpl.var"typeof(BasicSymbolicImpl)"{SymbolicUtils.SymReal}, 1}}) # recompile[0m
[33m#=   38.6 ms =# precompile(Tuple{typeof(Core.kwcall), NamedTuple{(:toterm,), Tuple{typeof(ModelingToolkitBase.default_toterm)}}, typeof(ModelingToolkitBase.missingvars), ModelingToolkitBase.AtomicArrayDict{SymbolicUtils.BasicSymbolicImpl.var"typeof(BasicSymbolicImpl)"{SymbolicUtils.SymReal}, Base.Dict{SymbolicUtils.BasicSymbolicImpl.var"typeof(BasicSymbolicImpl)"{SymbolicUtils.SymReal}, SymbolicUtils.BasicSymbolicImpl.var"typeof(BasicSymbolicImpl)"{SymbolicUtils.SymReal}}}, Array{SymbolicUtils.BasicSymbolicImpl.var"typeof(BasicSymbolicImpl)"{SymbolicUtils.SymReal}, 1}}) # recompile[0m
[33m#=   16.2 ms =# precompile(Tuple{typeof(ModelingToolkitBase.get_possibly_indexed), ModelingToolkitBase.AtomicArrayDict{SymbolicUtils.BasicSymbolicImpl.var"typeof(BasicSymbolicImpl)"{SymbolicUtils.SymReal}, Base.Dict{SymbolicUtils.BasicSymbolicImpl.var"typeof(BasicSymbolicImpl)"{SymbolicUtils.SymReal}, SymbolicUtils.BasicSymbolicImpl.var"typeof(BasicSymbolicImpl)"{SymbolicUtils.SymReal}}}, SymbolicUtils.BasicSymbolicImpl.var"typeof(BasicSymbolicImpl)"{SymbolicUtils.SymReal}, SymbolicUtils.BasicSymbolicImpl.var"typeof(BasicSymbolicImpl)"{SymbolicUtils.SymReal}}) # recompile[0m
#=    6.9 ms =# precompile(Tuple{typeof(SymbolicUtils.isconst), SymbolicUtils.BasicSymbolicImpl.var"typeof(BasicSymbolicImpl)"{SymbolicUtils.SymReal}})
#=    7.0 ms =# precompile(Tuple{typeof(Moshi.Data.isa_variant), SymbolicUtils.BasicSymbolicImpl.var"typeof(BasicSymbolicImpl)"{SymbolicUtils.SymReal}, Type{SymbolicUtils.BasicSymbolicImpl.Const{T} where T<:SymbolicUtils.SymVariant}})
#=    7.1 ms =# precompile(Tuple{typeof(Moshi.Data.variant_getfield), SymbolicUtils.BasicSymbolicImpl.var"typeof(BasicSymbolicImpl)"{SymbolicUtils.SymReal}, Type{SymbolicUtils.BasicSymbolicImpl.Const{T} where T<:SymbolicUtils.SymVariant}, Symbol})
#=   14.2 ms =# precompile(Tuple{Type{Array{Float64, 1}}, UndefInitializer, Tuple{Int64}})
#=   19.3 ms =# precompile(Tuple{Type{Array{Float64, 1}}, Array{Float64, 1}})
#=    3.8 ms =# precompile(Tuple{typeof(Base.isempty), Array{Float64, 1}})
#=   12.3 ms =# precompile(Tuple{typeof(SymbolicUtils.Code.create_array), Type{Array{T, N} where N where T}, Type, Base.Val{1}, Base.Val{9}, Float64, Vararg{Float64}})
#=   18.9 ms =# precompile(Tuple{typeof(Base.getindex), Type{Float64}, Float64, Float64, Float64, Float64, Float64, Vararg{Float64}})
[33m#=  542.9 ms =# precompile(Tuple{typeof(Core.kwcall), NamedTuple{(:floatT, :p_constructor, :fast_path), Tuple{typeof(DataType), typeof(Base.identity), Bool}}, Type{ModelingToolkitBase.MTKParameters{T, I, D, C, N, H} where H where N where C where D where I where T}, ModelingToolkitBase.System, ModelingToolkitBase.AtomicArrayDict{SymbolicUtils.BasicSymbolicImpl.var"typeof(BasicSymbolicImpl)"{SymbolicUtils.SymReal}, Base.Dict{SymbolicUtils.BasicSymbolicImpl.var"typeof(BasicSymbolicImpl)"{SymbolicUtils.SymReal}, SymbolicUtils.BasicSymbolicImpl.var"typeof(BasicSymbolicImpl)"{SymbolicUtils.SymReal}}}}) # recompile[0m
#=   24.4 ms =# precompile(Tuple{Type{Array{Number, 1}}, UndefInitializer, Int64})
[33m#=   76.8 ms =# precompile(Tuple{ModelingToolkitBase.var"#set_value#112", SymbolicUtils.BasicSymbolicImpl.var"typeof(BasicSymbolicImpl)"{SymbolicUtils.SymReal}, Float64}) # recompile[0m
[33m#=   15.8 ms =# precompile(Tuple{typeof(Base.haskey), Base.Dict{SymbolicUtils.BasicSymbolicImpl.var"typeof(BasicSymbolicImpl)"{SymbolicUtils.SymReal}, Union{Base.UnitRange{Int64}, Int64, Base.ReshapedArray{Int64, N, Base.UnitRange{Int64}, MI} where MI<:Tuple{Vararg{Base.MultiplicativeInverses.SignedMultiplicativeInverse{Int64}}} where N}}, SymbolicUtils.BasicSymbolicImpl.var"typeof(BasicSymbolicImpl)"{SymbolicUtils.SymReal}}) # recompile[0m
[33m#=   15.9 ms =# precompile(Tuple{typeof(Base.getindex), Base.Dict{SymbolicUtils.BasicSymbolicImpl.var"typeof(BasicSymbolicImpl)"{SymbolicUtils.SymReal}, Union{Base.UnitRange{Int64}, Int64, Base.ReshapedArray{Int64, N, Base.UnitRange{Int64}, MI} where MI<:Tuple{Vararg{Base.MultiplicativeInverses.SignedMultiplicativeInverse{Int64}}} where N}}, SymbolicUtils.BasicSymbolicImpl.var"typeof(BasicSymbolicImpl)"{SymbolicUtils.SymReal}}) # recompile[0m
#=   54.4 ms =# precompile(Tuple{BitIntegers.var"##7#8", Vararg{Any, 4}})
#=   37.5 ms =# precompile(Tuple{BitIntegers.var"##9#10", Vararg{Any, 4}})
#=   81.7 ms =# precompile(Tuple{BitIntegers.var"##13#14", Vararg{Any, 5}})
#=   12.9 ms =# precompile(Tuple{Type{Base.Generator{I, F} where F where I}, BitIntegers.var"#16#17"{Int64, Int64}, Base.UnitRange{Int64}})
#=   79.8 ms =# precompile(Tuple{typeof(Base.collect), Base.Generator{Base.UnitRange{Int64}, BitIntegers.var"#16#17"{Int64, Int64}}})
#=   31.8 ms =# precompile(Tuple{BitIntegers.var"##11#12", Vararg{Any, 5}})
#=   18.7 ms =# precompile(Tuple{typeof(Base.convert), Type{BitIntegers.UInt1024}, Int64})
#=   14.2 ms =# precompile(Tuple{Type{BitIntegers.UInt1024}, BitIntegers.UInt1024})
#=   11.2 ms =# precompile(Tuple{typeof(Base.:(-)), BitIntegers.UInt1024})
#=   22.3 ms =# precompile(Tuple{typeof(Base.convert), Type{BitIntegers.UInt256}, Int64})
#=    7.0 ms =# precompile(Tuple{Type{BitIntegers.UInt256}, BitIntegers.UInt256})
#=    5.6 ms =# precompile(Tuple{typeof(Base.:(-)), BitIntegers.UInt256})
#=   17.7 ms =# precompile(Tuple{typeof(Base.convert), Type{BitIntegers.UInt512}, Int64})
#=    6.6 ms =# precompile(Tuple{Type{BitIntegers.UInt512}, BitIntegers.UInt512})
#=    9.0 ms =# precompile(Tuple{typeof(Base.:(-)), BitIntegers.UInt512})
[33m#=  786.4 ms =# precompile(Tuple{typeof(Base.Broadcast.materialize), Base.Broadcast.Broadcasted{Base.Broadcast.DefaultArrayStyle{1}, Nothing, Type{Float64}, Tuple{Array{Number, 1}}}}) # recompile[0m
#=    8.2 ms =# precompile(Tuple{typeof(Base.setindex!), Array{Float64, 1}, Float64, Int64})
#=   42.8 ms =# precompile(Tuple{typeof(Base.Broadcast.copyto_nonleaf!), Array{Float64, 1}, Base.Broadcast.Broadcasted{Base.Broadcast.DefaultArrayStyle{1}, Tuple{Base.OneTo{Int64}}, Type{Float64}, Tuple{Base.Broadcast.Extruded{Array{Number, 1}, Tuple{Bool}, Tuple{Int64}}}}, Base.OneTo{Int64}, Int64, Int64})
#=    9.5 ms =# precompile(Tuple{typeof(Base.Broadcast._getindex), Tuple{Tuple{Symbol}}, Int64})
#=   21.8 ms =# precompile(Tuple{typeof(Base.getproperty), LinearAlgebra.UniformScaling{Bool}, Symbol})
#=   14.0 ms =# precompile(Tuple{typeof(Base.Broadcast._getindex), Tuple{Int64}, Int64})
#=   21.8 ms =# precompile(Tuple{typeof(Base.:(*)), Vararg{String, 5}})
#= 3554.9 ms =# precompile(Tuple{typeof(Core.kwcall), NamedTuple{(:u0, :p, :t, :eval_expression, :eval_module, :compiler_options, :expression, :check_compatibility, :jac, :sparse), Tuple{Array{Float64, 1}, ModelingToolkitBase.MTKParameters{Array{Float64, 1}, Array{Float64, 1}, Tuple{}, Tuple{}, Tuple{}, Tuple{}}, Float64, Bool, Module, ModelingToolkitBase.CompilerOptions, typeof(DataType), Bool, Bool, Bool}}, Type{SciMLBase.ODEFunction{true, SciMLBase.FullSpecialize, F, TMM, Ta, Tt, TJ, JVP, VJP, JP, SP, TW, TWt, WP, TPJ, VJP_P, O, TCV, SYS, ID, NLP} where NLP<:Union{Nothing, SciMLBase.ODENLStepData{NLProb, SetU0, SetGammaC, SetOuterTmp, SetInnerTmp, NLProbMap} where NLProbMap where SetInnerTmp where SetOuterTmp where SetGammaC where SetU0 where NLProb} where ID<:Union{Nothing, SciMLBase.OverrideInitData{IProb, UIProb, IProbMap, IProbPmap, M, OOP} where OOP<:Union{Base.Val{true}, Base.Val{false}} where M where IProbPmap where IProbMap where UIProb where IProb} where SYS where TCV where O where VJP_P where TPJ where WP where TWt where TW where SP where JP where VJP where JVP where TJ where Tt where Ta where TMM where F}, ModelingToolkitBase.System})

==============================================================
Profile collected. A report will print at the next yield point.
Disabling --trace-compile
==============================================================


======================================================================================
Information request received. A stacktrace will print followed by a 10.0 second profile.
--trace-compile is enabled during profile collection.
======================================================================================

cmd: /home/orebas/.julia/juliaup/julia-1.13.0+0.x64.linux.gnu/bin/julia 2892053 running 1 of 1

signal (10): User defined signal 1
_ZL31simplifyInstructionWithOperandsPN4llvm11InstructionENS_8ArrayRefIPNS_5ValueEEERKNS_13SimplifyQueryEj at /home/orebas/.julia/juliaup/julia-1.13.0+0.x64.linux.gnu/bin/../lib/julia/libLLVM.so.20.1jl (unknown line)
_ZN4llvm19simplifyInstructionEPNS_11InstructionERKNS_13SimplifyQueryE at /home/orebas/.julia/juliaup/julia-1.13.0+0.x64.linux.gnu/bin/../lib/julia/libLLVM.so.20.1jl (unknown line)
_ZN12_GLOBAL__N_18EarlyCSE3runEv at /home/orebas/.julia/juliaup/julia-1.13.0+0.x64.linux.gnu/bin/../lib/julia/libLLVM.so.20.1jl (unknown line)
_ZN4llvm12EarlyCSEPass3runERNS_8FunctionERNS_15AnalysisManagerIS1_JEEE at /home/orebas/.julia/juliaup/julia-1.13.0+0.x64.linux.gnu/bin/../lib/julia/libLLVM.so.20.1jl (unknown line)
run at /cache/build/builder-amdci4-4/julialang/julia-ci/usr/include/llvm/IR/PassManagerInternal.h:91
_ZN4llvm11PassManagerINS_8FunctionENS_15AnalysisManagerIS1_JEEEJEE3runERS1_RS3_ at /home/orebas/.julia/juliaup/julia-1.13.0+0.x64.linux.gnu/bin/../lib/julia/libLLVM.so.20.1jl (unknown line)
run at /cache/build/builder-amdci4-4/julialang/julia-ci/usr/include/llvm/IR/PassManagerInternal.h:91
_ZN4llvm27ModuleToFunctionPassAdaptor3runERNS_6ModuleERNS_15AnalysisManagerIS1_JEEE at /home/orebas/.julia/juliaup/julia-1.13.0+0.x64.linux.gnu/bin/../lib/julia/libLLVM.so.20.1jl (unknown line)
run at /cache/build/builder-amdci4-4/julialang/julia-ci/usr/include/llvm/IR/PassManagerInternal.h:91
_ZN4llvm11PassManagerINS_6ModuleENS_15AnalysisManagerIS1_JEEEJEE3runERS1_RS3_ at /home/orebas/.julia/juliaup/julia-1.13.0+0.x64.linux.gnu/bin/../lib/julia/libLLVM.so.20.1jl (unknown line)
run at /cache/build/builder-amdci4-4/julialang/julia-ci/src/pipeline.cpp:792
operator() at /cache/build/builder-amdci4-4/julialang/julia-ci/src/jitlayers.cpp:1512
withModuleDo<(anonymous namespace)::sizedOptimizerT<N>::operator()(llvm::orc::ThreadSafeModule) [with long unsigned int N = 4]::<lambda(llvm::Module&)> > at /cache/build/builder-amdci4-4/julialang/julia-ci/usr/include/llvm/ExecutionEngine/Orc/ThreadSafeModule.h:136 [inlined]
operator() at /cache/build/builder-amdci4-4/julialang/julia-ci/src/jitlayers.cpp:1473 [inlined]
operator() at /cache/build/builder-amdci4-4/julialang/julia-ci/src/jitlayers.cpp:1648 [inlined]
addModule at /cache/build/builder-amdci4-4/julialang/julia-ci/src/jitlayers.cpp:2117
jl_compile_codeinst_now at /cache/build/builder-amdci4-4/julialang/julia-ci/src/jitlayers.cpp:681
jl_compile_codeinst_impl at /cache/build/builder-amdci4-4/julialang/julia-ci/src/jitlayers.cpp:875
jl_compile_method_internal at /cache/build/builder-amdci4-4/julialang/julia-ci/src/gf.c:3709
_jl_invoke at /cache/build/builder-amdci4-4/julialang/julia-ci/src/gf.c:4171 [inlined]
ijl_apply_generic at /cache/build/builder-amdci4-4/julialang/julia-ci/src/gf.c:4380
macro expansion at ./timing.jl:699 [inlined]
top-level scope at /tmp/odepe-si-fujita-global-20260914/source/probe_si_cost.jl:64
jl_toplevel_eval_flex at /cache/build/builder-amdci4-4/julialang/julia-ci/src/toplevel.c:731
jl_eval_toplevel_stmts at /cache/build/builder-amdci4-4/julialang/julia-ci/src/toplevel.c:585
jl_toplevel_eval_flex at /cache/build/builder-amdci4-4/julialang/julia-ci/src/toplevel.c:683
ijl_toplevel_eval at /cache/build/builder-amdci4-4/julialang/julia-ci/src/toplevel.c:754
ijl_toplevel_eval_in at /cache/build/builder-amdci4-4/julialang/julia-ci/src/toplevel.c:799
eval at ./boot.jl:489
include_string at ./loading.jl:3016
_include at ./loading.jl:3076
include at ./Base.jl:309
exec_options at ./client.jl:344
_start at ./client.jl:577
jfptr__start_59126.1 at /home/orebas/.julia/juliaup/julia-1.13.0+0.x64.linux.gnu/lib/julia/sys.so (unknown line)
jl_apply at /cache/build/builder-amdci4-4/julialang/julia-ci/src/julia.h:2318 [inlined]
true_main at /cache/build/builder-amdci4-4/julialang/julia-ci/src/jlapi.c:985
jl_repl_entrypoint at /cache/build/builder-amdci4-4/julialang/julia-ci/src/jlapi.c:1152
main at /cache/build/builder-amdci4-4/julialang/julia-ci/cli/loader_exe.c:58
unknown function (ip: 0x7fd6fb22a600) at /usr/lib/x86_64-linux-gnu/libc.so.6
__libc_start_main at /usr/lib/x86_64-linux-gnu/libc.so.6 (unknown line)
unknown function (ip: 0x4010b8) at /workspace/srcdir/glibc-2.17/csu/../sysdeps/x86_64/start.S
unknown function (ip: (nil)) at (unknown file)


==============================================================
Profile collected. A report will print at the next yield point.
Disabling --trace-compile
==============================================================

FINISHED complete
  Activating project at `/tmp/odepe-petab-pilot-env`
┌ Warning: Simulation condition id condition_pulse_00_1 does not appear in the measurements table. Therefore no measurement corresponds to this id.
└ @ PEtab ~/.julia/packages/PEtab/o08Zn/src/petab_files/conditions/check_input.jl:13
┌ Warning: Simulation condition id condition_pulse_00_3 does not appear in the measurements table. Therefore no measurement corresponds to this id.
└ @ PEtab ~/.julia/packages/PEtab/o08Zn/src/petab_files/conditions/check_input.jl:13
┌ Warning: Simulation condition id condition_pulse_01_0 does not appear in the measurements table. Therefore no measurement corresponds to this id.
└ @ PEtab ~/.julia/packages/PEtab/o08Zn/src/petab_files/conditions/check_input.jl:13
┌ Warning: Simulation condition id condition_pulse_03_0 does not appear in the measurements table. Therefore no measurement corresponds to this id.
└ @ PEtab ~/.julia/packages/PEtab/o08Zn/src/petab_files/conditions/check_input.jl:13
┌ Warning: Simulation condition id condition_pulse_10_0 does not appear in the measurements table. Therefore no measurement corresponds to this id.
└ @ PEtab ~/.julia/packages/PEtab/o08Zn/src/petab_files/conditions/check_input.jl:13
┌ Warning: Simulation condition id condition_pulse_30_0 does not appear in the measurements table. Therefore no measurement corresponds to this id.
└ @ PEtab ~/.julia/packages/PEtab/o08Zn/src/petab_files/conditions/check_input.jl:13
┌ Warning: Simulation condition id condition_ramp_8_3Enegative06 does not appear in the measurements table. Therefore no measurement corresponds to this id.
└ @ PEtab ~/.julia/packages/PEtab/o08Zn/src/petab_files/conditions/check_input.jl:13
┌ Warning: Simulation condition id condition_ramp_8_3Enegative05 does not appear in the measurements table. Therefore no measurement corresponds to this id.
└ @ PEtab ~/.julia/packages/PEtab/o08Zn/src/petab_files/conditions/check_input.jl:13
┌ Warning: Simulation condition id condition_ramp_8_3Enegative04 does not appear in the measurements table. Therefore no measurement corresponds to this id.
└ @ PEtab ~/.julia/packages/PEtab/o08Zn/src/petab_files/conditions/check_input.jl:13
┌ Warning: Simulation condition id condition_ramp_8_3Enegative03 does not appear in the measurements table. Therefore no measurement corresponds to this id.
└ @ PEtab ~/.julia/packages/PEtab/o08Zn/src/petab_files/conditions/check_input.jl:13
┌ Warning: Simulation condition id condition_pulse_00_1 does not appear in the measurements table. Therefore no measurement corresponds to this id.
└ @ PEtab ~/.julia/packages/PEtab/o08Zn/src/petab_files/conditions/check_input.jl:13
┌ Warning: Simulation condition id condition_pulse_00_3 does not appear in the measurements table. Therefore no measurement corresponds to this id.
└ @ PEtab ~/.julia/packages/PEtab/o08Zn/src/petab_files/conditions/check_input.jl:13
┌ Warning: Simulation condition id condition_pulse_01_0 does not appear in the measurements table. Therefore no measurement corresponds to this id.
└ @ PEtab ~/.julia/packages/PEtab/o08Zn/src/petab_files/conditions/check_input.jl:13
┌ Warning: Simulation condition id condition_pulse_03_0 does not appear in the measurements table. Therefore no measurement corresponds to this id.
└ @ PEtab ~/.julia/packages/PEtab/o08Zn/src/petab_files/conditions/check_input.jl:13
┌ Warning: Simulation condition id condition_pulse_10_0 does not appear in the measurements table. Therefore no measurement corresponds to this id.
└ @ PEtab ~/.julia/packages/PEtab/o08Zn/src/petab_files/conditions/check_input.jl:13
┌ Warning: Simulation condition id condition_pulse_30_0 does not appear in the measurements table. Therefore no measurement corresponds to this id.
└ @ PEtab ~/.julia/packages/PEtab/o08Zn/src/petab_files/conditions/check_input.jl:13
┌ Warning: Simulation condition id condition_ramp_8_3Enegative06 does not appear in the measurements table. Therefore no measurement corresponds to this id.
└ @ PEtab ~/.julia/packages/PEtab/o08Zn/src/petab_files/conditions/check_input.jl:13
┌ Warning: Simulation condition id condition_ramp_8_3Enegative05 does not appear in the measurements table. Therefore no measurement corresponds to this id.
└ @ PEtab ~/.julia/packages/PEtab/o08Zn/src/petab_files/conditions/check_input.jl:13
┌ Warning: Simulation condition id condition_ramp_8_3Enegative04 does not appear in the measurements table. Therefore no measurement corresponds to this id.
└ @ PEtab ~/.julia/packages/PEtab/o08Zn/src/petab_files/conditions/check_input.jl:13
┌ Warning: Simulation condition id condition_ramp_8_3Enegative03 does not appear in the measurements table. Therefore no measurement corresponds to this id.
└ @ PEtab ~/.julia/packages/PEtab/o08Zn/src/petab_files/conditions/check_input.jl:13
[ Info: Converting ODESystem to SI.jl format
┌ Warning: Floating point value -65536.0 will be converted to -65536//1.
└ @ ModelingToolkitSIExt ~/.julia/packages/StructuralIdentifiability/S5eMo/ext/ModelingToolkitSIExt.jl:97
┌ Warning: Floating point value 65536.0 will be converted to 65536.
└ @ ModelingToolkitSIExt ~/.julia/packages/StructuralIdentifiability/S5eMo/ext/ModelingToolkitSIExt.jl:97
┌ Warning: Floating point value 65536.0 will be converted to 65536.
└ @ ModelingToolkitSIExt ~/.julia/packages/StructuralIdentifiability/S5eMo/ext/ModelingToolkitSIExt.jl:97
┌ Warning: Floating point value -65536.0 will be converted to -65536//1.
└ @ ModelingToolkitSIExt ~/.julia/packages/StructuralIdentifiability/S5eMo/ext/ModelingToolkitSIExt.jl:97
┌ Warning: Floating point value -65536.0 will be converted to -65536//1.
└ @ ModelingToolkitSIExt ~/.julia/packages/StructuralIdentifiability/S5eMo/ext/ModelingToolkitSIExt.jl:97
┌ Warning: Floating point value 65536.0 will be converted to 65536.
└ @ ModelingToolkitSIExt ~/.julia/packages/StructuralIdentifiability/S5eMo/ext/ModelingToolkitSIExt.jl:97
┌ Warning: Floating point value 65536.0 will be converted to 65536.
└ @ ModelingToolkitSIExt ~/.julia/packages/StructuralIdentifiability/S5eMo/ext/ModelingToolkitSIExt.jl:97
┌ Warning: Floating point value -65536.0 will be converted to -65536//1.
└ @ ModelingToolkitSIExt ~/.julia/packages/StructuralIdentifiability/S5eMo/ext/ModelingToolkitSIExt.jl:97
┌ Warning: Floating point value 65536.0 will be converted to 65536.
└ @ ModelingToolkitSIExt ~/.julia/packages/StructuralIdentifiability/S5eMo/ext/ModelingToolkitSIExt.jl:97
┌ Warning: Floating point value 65536.0 will be converted to 65536.
└ @ ModelingToolkitSIExt ~/.julia/packages/StructuralIdentifiability/S5eMo/ext/ModelingToolkitSIExt.jl:97
┌ Warning: Floating point value 65536.0 will be converted to 65536.
└ @ ModelingToolkitSIExt ~/.julia/packages/StructuralIdentifiability/S5eMo/ext/ModelingToolkitSIExt.jl:97
┌ Warning: Floating point value -65536.0 will be converted to -65536//1.
└ @ ModelingToolkitSIExt ~/.julia/packages/StructuralIdentifiability/S5eMo/ext/ModelingToolkitSIExt.jl:97
┌ Warning: Floating point value 65536.0 will be converted to 65536.
└ @ ModelingToolkitSIExt ~/.julia/packages/StructuralIdentifiability/S5eMo/ext/ModelingToolkitSIExt.jl:97
┌ Warning: Floating point value 65536.0 will be converted to 65536.
└ @ ModelingToolkitSIExt ~/.julia/packages/StructuralIdentifiability/S5eMo/ext/ModelingToolkitSIExt.jl:97
┌ Warning: Floating point value -65536.0 will be converted to -65536//1.
└ @ ModelingToolkitSIExt ~/.julia/packages/StructuralIdentifiability/S5eMo/ext/ModelingToolkitSIExt.jl:97
┌ Warning: Floating point value -65536.0 will be converted to -65536//1.
└ @ ModelingToolkitSIExt ~/.julia/packages/StructuralIdentifiability/S5eMo/ext/ModelingToolkitSIExt.jl:97
┌ Warning: Floating point value 65536.0 will be converted to 65536.
└ @ ModelingToolkitSIExt ~/.julia/packages/StructuralIdentifiability/S5eMo/ext/ModelingToolkitSIExt.jl:97
┌ Warning: Floating point value -65536.0 will be converted to -65536//1.
└ @ ModelingToolkitSIExt ~/.julia/packages/StructuralIdentifiability/S5eMo/ext/ModelingToolkitSIExt.jl:97
┌ Warning: Floating point value -65536.0 will be converted to -65536//1.
└ @ ModelingToolkitSIExt ~/.julia/packages/StructuralIdentifiability/S5eMo/ext/ModelingToolkitSIExt.jl:97
┌ Warning: Floating point value 65536.0 will be converted to 65536.
└ @ ModelingToolkitSIExt ~/.julia/packages/StructuralIdentifiability/S5eMo/ext/ModelingToolkitSIExt.jl:97
┌ Warning: Floating point value 65536.0 will be converted to 65536.
└ @ ModelingToolkitSIExt ~/.julia/packages/StructuralIdentifiability/S5eMo/ext/ModelingToolkitSIExt.jl:97
┌ Warning: Floating point value 65536.0 will be converted to 65536.
└ @ ModelingToolkitSIExt ~/.julia/packages/StructuralIdentifiability/S5eMo/ext/ModelingToolkitSIExt.jl:97
┌ Warning: Floating point value 65536.0 will be converted to 65536.
└ @ ModelingToolkitSIExt ~/.julia/packages/StructuralIdentifiability/S5eMo/ext/ModelingToolkitSIExt.jl:97
┌ Warning: Floating point value -65536.0 will be converted to -65536//1.
└ @ ModelingToolkitSIExt ~/.julia/packages/StructuralIdentifiability/S5eMo/ext/ModelingToolkitSIExt.jl:97
┌ Warning: Floating point value 65536.0 will be converted to 65536.
└ @ ModelingToolkitSIExt ~/.julia/packages/StructuralIdentifiability/S5eMo/ext/ModelingToolkitSIExt.jl:97
┌ Warning: Floating point value 65536.0 will be converted to 65536.
└ @ ModelingToolkitSIExt ~/.julia/packages/StructuralIdentifiability/S5eMo/ext/ModelingToolkitSIExt.jl:97
┌ Warning: Floating point value 65536.0 will be converted to 65536.
└ @ ModelingToolkitSIExt ~/.julia/packages/StructuralIdentifiability/S5eMo/ext/ModelingToolkitSIExt.jl:97
┌ Warning: Floating point value -65536.0 will be converted to -65536//1.
└ @ ModelingToolkitSIExt ~/.julia/packages/StructuralIdentifiability/S5eMo/ext/ModelingToolkitSIExt.jl:97
┌ Warning: Floating point value 65536.0 will be converted to 65536.
└ @ ModelingToolkitSIExt ~/.julia/packages/StructuralIdentifiability/S5eMo/ext/ModelingToolkitSIExt.jl:97
┌ Warning: Floating point value -65536.0 will be converted to -65536//1.
└ @ ModelingToolkitSIExt ~/.julia/packages/StructuralIdentifiability/S5eMo/ext/ModelingToolkitSIExt.jl:97
┌ Warning: Floating point value 65536.0 will be converted to 65536.
└ @ ModelingToolkitSIExt ~/.julia/packages/StructuralIdentifiability/S5eMo/ext/ModelingToolkitSIExt.jl:97
┌ Warning: Floating point value 65536.0 will be converted to 65536.
└ @ ModelingToolkitSIExt ~/.julia/packages/StructuralIdentifiability/S5eMo/ext/ModelingToolkitSIExt.jl:97
┌ Warning: Floating point value -65536.0 will be converted to -65536//1.
└ @ ModelingToolkitSIExt ~/.julia/packages/StructuralIdentifiability/S5eMo/ext/ModelingToolkitSIExt.jl:97
┌ Warning: Floating point value 68190.0 will be converted to 68190.
└ @ ModelingToolkitSIExt ~/.julia/packages/StructuralIdentifiability/S5eMo/ext/ModelingToolkitSIExt.jl:97
┌ Warning: Floating point value -65536.0 will be converted to -65536//1.
└ @ ModelingToolkitSIExt ~/.julia/packages/StructuralIdentifiability/S5eMo/ext/ModelingToolkitSIExt.jl:97
┌ Warning: Floating point value 65536.0 will be converted to 65536.
└ @ ModelingToolkitSIExt ~/.julia/packages/StructuralIdentifiability/S5eMo/ext/ModelingToolkitSIExt.jl:97
┌ Warning: Floating point value 65536.0 will be converted to 65536.
└ @ ModelingToolkitSIExt ~/.julia/packages/StructuralIdentifiability/S5eMo/ext/ModelingToolkitSIExt.jl:97
┌ Warning: Floating point value 65536.0 will be converted to 65536.
└ @ ModelingToolkitSIExt ~/.julia/packages/StructuralIdentifiability/S5eMo/ext/ModelingToolkitSIExt.jl:97
┌ Warning: Floating point value -65536.0 will be converted to -65536//1.
└ @ ModelingToolkitSIExt ~/.julia/packages/StructuralIdentifiability/S5eMo/ext/ModelingToolkitSIExt.jl:97
┌ Warning: Floating point value 65536.0 will be converted to 65536.
└ @ ModelingToolkitSIExt ~/.julia/packages/StructuralIdentifiability/S5eMo/ext/ModelingToolkitSIExt.jl:97
┌ Warning: Floating point value 1.52587890625e-5 will be converted to 1//65536.
└ @ ModelingToolkitSIExt ~/.julia/packages/StructuralIdentifiability/S5eMo/ext/ModelingToolkitSIExt.jl:97
┌ Warning: Floating point value 65536.0 will be converted to 65536.
└ @ ModelingToolkitSIExt ~/.julia/packages/StructuralIdentifiability/S5eMo/ext/ModelingToolkitSIExt.jl:97
┌ Warning: Floating point value 65536.0 will be converted to 65536.
└ @ ModelingToolkitSIExt ~/.julia/packages/StructuralIdentifiability/S5eMo/ext/ModelingToolkitSIExt.jl:97
┌ Warning: Floating point value 1.52587890625e-5 will be converted to 1//65536.
└ @ ModelingToolkitSIExt ~/.julia/packages/StructuralIdentifiability/S5eMo/ext/ModelingToolkitSIExt.jl:97
┌ Warning: Floating point value 65536.0 will be converted to 65536.
└ @ ModelingToolkitSIExt ~/.julia/packages/StructuralIdentifiability/S5eMo/ext/ModelingToolkitSIExt.jl:97
┌ Warning: Floating point value 65536.0 will be converted to 65536.
└ @ ModelingToolkitSIExt ~/.julia/packages/StructuralIdentifiability/S5eMo/ext/ModelingToolkitSIExt.jl:97
[ Info: Assessing local identifiability
[ Info: Assessing global identifiability
[ Info: Computing IO-equations
[ Info: Computed IO-equations in 11.399701059 seconds
[ Info: Computing Wronskians
[ Info: Computed Wronskians in 2.251555351 seconds
[ Info: Dimensions of the Wronskians [96, 18, 145]
[ Info: Ranks of the Wronskians computed in 0.01853832 seconds
┌ Warning: One of the Wronskians has corank greater than one, so the results of the algorithm will be valid only for multiexperiment identifiability. If you still would like to assess single-experiment identifiability, we recommend using SIAN (https://github.com/alexeyovchinnikov/SIAN-Julia) or transforming all the parameters to states with zero derivative
└ @ StructuralIdentifiability ~/.julia/packages/StructuralIdentifiability/S5eMo/src/global_identifiability.jl:122
[ Info: Global identifiability assessed in 21.152700748 seconds
