HUNT2 start mode=seq hcthr=on nworkers=0 nthreads=14 ngcthreads=14 nsolves=60 seed_base=626480 shape=capdir:/home/orebas/.julia/dev/ODEParameterEstimation/repro/hc_threading_mwe_2026_07_22/captured_systems pid=2058160 julia=1.12.6 HC=2.20.0 2026-07-22T16:55:18.707
ATTEMPT 1 W0 START cap=daisy4_000_neq32_nvar32.jl 2026-07-22T16:55:21.153
ATTEMPT 1 W0 SOLVE daisy4_000_neq32_nvar32.jl 2026-07-22T16:55:24.150
Computing mixed cells... 2    Time: 0:00:03[K
   mixed_volume: 4[K[A
[K[AComputing mixed cells... 7    Time: 0:00:04[K
   mixed_volume: 12[K
ATTEMPT 1 W0 DONE daisy4_000_neq32_nvar32.jl seed=626481 nsol=2 117.37s 2026-07-22T16:57:21.614
ATTEMPT 2 W0 START cap=daisy4_001_neq32_nvar32.jl 2026-07-22T16:57:21.883
ATTEMPT 2 W0 SOLVE daisy4_001_neq32_nvar32.jl 2026-07-22T16:57:21.893
ATTEMPT 2 W0 DONE daisy4_001_neq32_nvar32.jl seed=626482 nsol=2 0.13s 2026-07-22T16:57:22.020
ATTEMPT 3 W0 START cap=daisy4_002_neq32_nvar32.jl 2026-07-22T16:57:22.020
ATTEMPT 3 W0 SOLVE daisy4_002_neq32_nvar32.jl 2026-07-22T16:57:22.028
ATTEMPT 3 W0 DONE daisy4_002_neq32_nvar32.jl seed=626483 nsol=2 0.09s 2026-07-22T16:57:22.114
ATTEMPT 4 W0 START cap=daisy4_003_neq32_nvar32.jl 2026-07-22T16:57:22.115
ATTEMPT 4 W0 SOLVE daisy4_003_neq32_nvar32.jl 2026-07-22T16:57:22.122
ATTEMPT 4 W0 DONE daisy4_003_neq32_nvar32.jl seed=626484 nsol=2 0.14s 2026-07-22T16:57:22.262
ATTEMPT 5 W0 START cap=daisy4_004_neq32_nvar32.jl 2026-07-22T16:57:22.263
ATTEMPT 5 W0 SOLVE daisy4_004_neq32_nvar32.jl 2026-07-22T16:57:22.272
ATTEMPT 5 W0 DONE daisy4_004_neq32_nvar32.jl seed=626485 nsol=2 0.11s 2026-07-22T16:57:22.378
ATTEMPT 6 W0 START cap=daisy4_005_neq32_nvar32.jl 2026-07-22T16:57:22.378
ATTEMPT 6 W0 SOLVE daisy4_005_neq32_nvar32.jl 2026-07-22T16:57:22.386
ATTEMPT 6 W0 DONE daisy4_005_neq32_nvar32.jl seed=626486 nsol=2 0.12s 2026-07-22T16:57:22.507
ATTEMPT 7 W0 START cap=daisy4_006_neq32_nvar32.jl 2026-07-22T16:57:22.507
ATTEMPT 7 W0 SOLVE daisy4_006_neq32_nvar32.jl 2026-07-22T16:57:22.517
ATTEMPT 7 W0 DONE daisy4_006_neq32_nvar32.jl seed=626487 nsol=2 0.12s 2026-07-22T16:57:22.639
ATTEMPT 8 W0 START cap=daisy4_007_neq32_nvar32.jl 2026-07-22T16:57:22.640
ATTEMPT 8 W0 SOLVE daisy4_007_neq32_nvar32.jl 2026-07-22T16:57:22.651
ATTEMPT 8 W0 DONE daisy4_007_neq32_nvar32.jl seed=626488 nsol=2 0.14s 2026-07-22T16:57:22.792
ATTEMPT 9 W0 START cap=daisy4_008_neq32_nvar32.jl 2026-07-22T16:57:22.793
ATTEMPT 9 W0 SOLVE daisy4_008_neq32_nvar32.jl 2026-07-22T16:57:22.807
ATTEMPT 9 W0 DONE daisy4_008_neq32_nvar32.jl seed=626489 nsol=2 0.11s 2026-07-22T16:57:22.920
ATTEMPT 10 W0 START cap=daisy4_009_neq32_nvar32.jl 2026-07-22T16:57:22.920
ATTEMPT 10 W0 SOLVE daisy4_009_neq32_nvar32.jl 2026-07-22T16:57:22.928
ATTEMPT 10 W0 DONE daisy4_009_neq32_nvar32.jl seed=626490 nsol=2 0.10s 2026-07-22T16:57:23.023
ATTEMPT 11 W0 START cap=daisy4_010_neq32_nvar32.jl 2026-07-22T16:57:23.024
ATTEMPT 11 W0 SOLVE daisy4_010_neq32_nvar32.jl 2026-07-22T16:57:23.035
ATTEMPT 11 W0 DONE daisy4_010_neq32_nvar32.jl seed=626491 nsol=2 0.17s 2026-07-22T16:57:23.202
ATTEMPT 12 W0 START cap=daisy4_011_neq32_nvar32.jl 2026-07-22T16:57:23.202
ATTEMPT 12 W0 SOLVE daisy4_011_neq32_nvar32.jl 2026-07-22T16:57:23.224
ATTEMPT 12 W0 DONE daisy4_011_neq32_nvar32.jl seed=626492 nsol=2 0.09s 2026-07-22T16:57:23.309
ATTEMPT 13 W0 START cap=daisy4_012_neq32_nvar32.jl 2026-07-22T16:57:23.309
ATTEMPT 13 W0 SOLVE daisy4_012_neq32_nvar32.jl 2026-07-22T16:57:23.320
ATTEMPT 13 W0 DONE daisy4_012_neq32_nvar32.jl seed=626493 nsol=2 0.10s 2026-07-22T16:57:23.421
ATTEMPT 14 W0 START cap=daisy4_013_neq32_nvar32.jl 2026-07-22T16:57:23.421
ATTEMPT 14 W0 SOLVE daisy4_013_neq32_nvar32.jl 2026-07-22T16:57:23.431
ATTEMPT 14 W0 DONE daisy4_013_neq32_nvar32.jl seed=626494 nsol=2 0.16s 2026-07-22T16:57:23.588
ATTEMPT 15 W0 START cap=daisy4_014_neq32_nvar32.jl 2026-07-22T16:57:23.588
ATTEMPT 15 W0 SOLVE daisy4_014_neq32_nvar32.jl 2026-07-22T16:57:23.597
ATTEMPT 15 W0 DONE daisy4_014_neq32_nvar32.jl seed=626495 nsol=2 0.10s 2026-07-22T16:57:23.697
ATTEMPT 16 W0 START cap=daisy4_015_neq32_nvar32.jl 2026-07-22T16:57:23.697
ATTEMPT 16 W0 SOLVE daisy4_015_neq32_nvar32.jl 2026-07-22T16:57:23.705
ATTEMPT 16 W0 DONE daisy4_015_neq32_nvar32.jl seed=626496 nsol=2 0.15s 2026-07-22T16:57:23.858
ATTEMPT 17 W0 START cap=daisy4_016_neq32_nvar32.jl 2026-07-22T16:57:23.858
ATTEMPT 17 W0 SOLVE daisy4_016_neq32_nvar32.jl 2026-07-22T16:57:23.870
ATTEMPT 17 W0 DONE daisy4_016_neq32_nvar32.jl seed=626497 nsol=2 0.08s 2026-07-22T16:57:23.952
ATTEMPT 18 W0 START cap=daisy4_017_neq32_nvar32.jl 2026-07-22T16:57:23.952
ATTEMPT 18 W0 SOLVE daisy4_017_neq32_nvar32.jl 2026-07-22T16:57:23.964
ATTEMPT 18 W0 DONE daisy4_017_neq32_nvar32.jl seed=626498 nsol=2 0.27s 2026-07-22T16:57:24.238
ATTEMPT 19 W0 START cap=daisy4_018_neq32_nvar32.jl 2026-07-22T16:57:24.238
ATTEMPT 19 W0 SOLVE daisy4_018_neq32_nvar32.jl 2026-07-22T16:57:24.248
ATTEMPT 19 W0 DONE daisy4_018_neq32_nvar32.jl seed=626499 nsol=2 0.09s 2026-07-22T16:57:24.338
ATTEMPT 20 W0 START cap=daisy4_019_neq32_nvar32.jl 2026-07-22T16:57:24.339
ATTEMPT 20 W0 SOLVE daisy4_019_neq32_nvar32.jl 2026-07-22T16:57:24.346
ATTEMPT 20 W0 DONE daisy4_019_neq32_nvar32.jl seed=626500 nsol=2 0.10s 2026-07-22T16:57:24.442
ATTEMPT 21 W0 START cap=daisy4_020_neq32_nvar32.jl 2026-07-22T16:57:24.442
ATTEMPT 21 W0 SOLVE daisy4_020_neq32_nvar32.jl 2026-07-22T16:57:24.451
ATTEMPT 21 W0 DONE daisy4_020_neq32_nvar32.jl seed=626501 nsol=2 0.09s 2026-07-22T16:57:24.542
ATTEMPT 22 W0 START cap=daisy4_021_neq32_nvar32.jl 2026-07-22T16:57:24.542
ATTEMPT 22 W0 SOLVE daisy4_021_neq32_nvar32.jl 2026-07-22T16:57:24.554
ATTEMPT 22 W0 DONE daisy4_021_neq32_nvar32.jl seed=626502 nsol=2 0.11s 2026-07-22T16:57:24.669
ATTEMPT 23 W0 START cap=daisy4_022_neq32_nvar32.jl 2026-07-22T16:57:24.669
ATTEMPT 23 W0 SOLVE daisy4_022_neq32_nvar32.jl 2026-07-22T16:57:24.679
ATTEMPT 23 W0 DONE daisy4_022_neq32_nvar32.jl seed=626503 nsol=2 0.09s 2026-07-22T16:57:24.766
ATTEMPT 24 W0 START cap=daisy4_023_neq32_nvar32.jl 2026-07-22T16:57:24.766
ATTEMPT 24 W0 SOLVE daisy4_023_neq32_nvar32.jl 2026-07-22T16:57:24.779
ATTEMPT 24 W0 DONE daisy4_023_neq32_nvar32.jl seed=626504 nsol=2 0.10s 2026-07-22T16:57:24.877
ATTEMPT 25 W0 START cap=daisy4_024_neq32_nvar32.jl 2026-07-22T16:57:24.877
ATTEMPT 25 W0 SOLVE daisy4_024_neq32_nvar32.jl 2026-07-22T16:57:24.902
ATTEMPT 25 W0 DONE daisy4_024_neq32_nvar32.jl seed=626505 nsol=2 0.33s 2026-07-22T16:57:25.229
ATTEMPT 26 W0 START cap=daisy4_025_neq32_nvar32.jl 2026-07-22T16:57:25.236
ATTEMPT 26 W0 SOLVE daisy4_025_neq32_nvar32.jl 2026-07-22T16:57:25.247
ATTEMPT 26 W0 DONE daisy4_025_neq32_nvar32.jl seed=626506 nsol=2 0.11s 2026-07-22T16:57:25.355
ATTEMPT 27 W0 START cap=daisy4_026_neq32_nvar32.jl 2026-07-22T16:57:25.355
ATTEMPT 27 W0 SOLVE daisy4_026_neq32_nvar32.jl 2026-07-22T16:57:25.364
ATTEMPT 27 W0 DONE daisy4_026_neq32_nvar32.jl seed=626507 nsol=2 0.10s 2026-07-22T16:57:25.467
ATTEMPT 28 W0 START cap=daisy4_027_neq32_nvar32.jl 2026-07-22T16:57:25.467
ATTEMPT 28 W0 SOLVE daisy4_027_neq32_nvar32.jl 2026-07-22T16:57:25.476
ATTEMPT 28 W0 DONE daisy4_027_neq32_nvar32.jl seed=626508 nsol=2 0.13s 2026-07-22T16:57:25.603
ATTEMPT 29 W0 START cap=daisy4_028_neq32_nvar32.jl 2026-07-22T16:57:25.603
ATTEMPT 29 W0 SOLVE daisy4_028_neq32_nvar32.jl 2026-07-22T16:57:25.611
ATTEMPT 29 W0 DONE daisy4_028_neq32_nvar32.jl seed=626509 nsol=2 0.10s 2026-07-22T16:57:25.707
ATTEMPT 30 W0 START cap=daisy4_029_neq32_nvar32.jl 2026-07-22T16:57:25.707
ATTEMPT 30 W0 SOLVE daisy4_029_neq32_nvar32.jl 2026-07-22T16:57:25.715
ATTEMPT 30 W0 DONE daisy4_029_neq32_nvar32.jl seed=626510 nsol=2 0.08s 2026-07-22T16:57:25.793
ATTEMPT 31 W0 START cap=daisy4_030_neq32_nvar32.jl 2026-07-22T16:57:25.793
ATTEMPT 31 W0 SOLVE daisy4_030_neq32_nvar32.jl 2026-07-22T16:57:25.801
ATTEMPT 31 W0 DONE daisy4_030_neq32_nvar32.jl seed=626511 nsol=2 0.16s 2026-07-22T16:57:25.962
ATTEMPT 32 W0 START cap=daisy4_031_neq32_nvar32.jl 2026-07-22T16:57:25.962
ATTEMPT 32 W0 SOLVE daisy4_031_neq32_nvar32.jl 2026-07-22T16:57:25.970
ATTEMPT 32 W0 DONE daisy4_031_neq32_nvar32.jl seed=626512 nsol=2 0.12s 2026-07-22T16:57:26.086
ATTEMPT 33 W0 START cap=daisy4_032_neq32_nvar32.jl 2026-07-22T16:57:26.087
ATTEMPT 33 W0 SOLVE daisy4_032_neq32_nvar32.jl 2026-07-22T16:57:26.095
ATTEMPT 33 W0 DONE daisy4_032_neq32_nvar32.jl seed=626513 nsol=2 0.14s 2026-07-22T16:57:26.236
ATTEMPT 34 W0 START cap=daisy4_033_neq32_nvar32.jl 2026-07-22T16:57:26.236
ATTEMPT 34 W0 SOLVE daisy4_033_neq32_nvar32.jl 2026-07-22T16:57:26.244
ATTEMPT 34 W0 DONE daisy4_033_neq32_nvar32.jl seed=626514 nsol=2 0.11s 2026-07-22T16:57:26.356
ATTEMPT 35 W0 START cap=daisy4_034_neq32_nvar32.jl 2026-07-22T16:57:26.356
ATTEMPT 35 W0 SOLVE daisy4_034_neq32_nvar32.jl 2026-07-22T16:57:26.365
ATTEMPT 35 W0 DONE daisy4_034_neq32_nvar32.jl seed=626515 nsol=2 0.16s 2026-07-22T16:57:26.526
ATTEMPT 36 W0 START cap=daisy4_035_neq32_nvar32.jl 2026-07-22T16:57:26.526
ATTEMPT 36 W0 SOLVE daisy4_035_neq32_nvar32.jl 2026-07-22T16:57:26.534
ATTEMPT 36 W0 DONE daisy4_035_neq32_nvar32.jl seed=626516 nsol=2 0.12s 2026-07-22T16:57:26.657
ATTEMPT 37 W0 START cap=daisy4_036_neq32_nvar32.jl 2026-07-22T16:57:26.657
ATTEMPT 37 W0 SOLVE daisy4_036_neq32_nvar32.jl 2026-07-22T16:57:26.667
ATTEMPT 37 W0 DONE daisy4_036_neq32_nvar32.jl seed=626517 nsol=2 0.08s 2026-07-22T16:57:26.752
ATTEMPT 38 W0 START cap=daisy4_037_neq32_nvar32.jl 2026-07-22T16:57:26.753
ATTEMPT 38 W0 SOLVE daisy4_037_neq32_nvar32.jl 2026-07-22T16:57:26.761
ATTEMPT 38 W0 DONE daisy4_037_neq32_nvar32.jl seed=626518 nsol=2 0.16s 2026-07-22T16:57:26.924
ATTEMPT 39 W0 START cap=daisy4_038_neq32_nvar32.jl 2026-07-22T16:57:26.924
ATTEMPT 39 W0 SOLVE daisy4_038_neq32_nvar32.jl 2026-07-22T16:57:26.932
ATTEMPT 39 W0 DONE daisy4_038_neq32_nvar32.jl seed=626519 nsol=2 0.13s 2026-07-22T16:57:27.066
ATTEMPT 40 W0 START cap=daisy4_039_neq32_nvar32.jl 2026-07-22T16:57:27.066
ATTEMPT 40 W0 SOLVE daisy4_039_neq32_nvar32.jl 2026-07-22T16:57:27.074
ATTEMPT 40 W0 DONE daisy4_039_neq32_nvar32.jl seed=626520 nsol=2 0.08s 2026-07-22T16:57:27.151
ATTEMPT 41 W0 START cap=daisy4_040_neq32_nvar32.jl 2026-07-22T16:57:27.152
ATTEMPT 41 W0 SOLVE daisy4_040_neq32_nvar32.jl 2026-07-22T16:57:27.160
ATTEMPT 41 W0 DONE daisy4_040_neq32_nvar32.jl seed=626521 nsol=2 0.21s 2026-07-22T16:57:27.368
ATTEMPT 42 W0 START cap=daisy4_041_neq32_nvar32.jl 2026-07-22T16:57:27.369
ATTEMPT 42 W0 SOLVE daisy4_041_neq32_nvar32.jl 2026-07-22T16:57:27.377
ATTEMPT 42 W0 DONE daisy4_041_neq32_nvar32.jl seed=626522 nsol=2 0.10s 2026-07-22T16:57:27.477
ATTEMPT 43 W0 START cap=daisy4_042_neq32_nvar32.jl 2026-07-22T16:57:27.477
ATTEMPT 43 W0 SOLVE daisy4_042_neq32_nvar32.jl 2026-07-22T16:57:27.485
ATTEMPT 43 W0 DONE daisy4_042_neq32_nvar32.jl seed=626523 nsol=2 0.13s 2026-07-22T16:57:27.611
ATTEMPT 44 W0 START cap=daisy4_043_neq32_nvar32.jl 2026-07-22T16:57:27.611
ATTEMPT 44 W0 SOLVE daisy4_043_neq32_nvar32.jl 2026-07-22T16:57:27.622
ATTEMPT 44 W0 DONE daisy4_043_neq32_nvar32.jl seed=626524 nsol=2 0.11s 2026-07-22T16:57:27.733
ATTEMPT 45 W0 START cap=daisy4_044_neq32_nvar32.jl 2026-07-22T16:57:27.733
ATTEMPT 45 W0 SOLVE daisy4_044_neq32_nvar32.jl 2026-07-22T16:57:27.741
ATTEMPT 45 W0 DONE daisy4_044_neq32_nvar32.jl seed=626525 nsol=2 0.11s 2026-07-22T16:57:27.850
ATTEMPT 46 W0 START cap=daisy4_045_neq32_nvar32.jl 2026-07-22T16:57:27.851
ATTEMPT 46 W0 SOLVE daisy4_045_neq32_nvar32.jl 2026-07-22T16:57:27.859
ATTEMPT 46 W0 DONE daisy4_045_neq32_nvar32.jl seed=626526 nsol=2 0.14s 2026-07-22T16:57:27.999
ATTEMPT 47 W0 START cap=daisy4_046_neq32_nvar32.jl 2026-07-22T16:57:27.999
ATTEMPT 47 W0 SOLVE daisy4_046_neq32_nvar32.jl 2026-07-22T16:57:28.010
ATTEMPT 47 W0 DONE daisy4_046_neq32_nvar32.jl seed=626527 nsol=2 0.08s 2026-07-22T16:57:28.093
ATTEMPT 48 W0 START cap=daisy4_047_neq32_nvar32.jl 2026-07-22T16:57:28.093
ATTEMPT 48 W0 SOLVE daisy4_047_neq32_nvar32.jl 2026-07-22T16:57:28.100
ATTEMPT 48 W0 DONE daisy4_047_neq32_nvar32.jl seed=626528 nsol=2 0.17s 2026-07-22T16:57:28.275
ATTEMPT 49 W0 START cap=daisy4_048_neq32_nvar32.jl 2026-07-22T16:57:28.275
ATTEMPT 49 W0 SOLVE daisy4_048_neq32_nvar32.jl 2026-07-22T16:57:28.284
ATTEMPT 49 W0 DONE daisy4_048_neq32_nvar32.jl seed=626529 nsol=2 0.11s 2026-07-22T16:57:28.398
ATTEMPT 50 W0 START cap=daisy4_049_neq32_nvar32.jl 2026-07-22T16:57:28.398
ATTEMPT 50 W0 SOLVE daisy4_049_neq32_nvar32.jl 2026-07-22T16:57:28.406
ATTEMPT 50 W0 DONE daisy4_049_neq32_nvar32.jl seed=626530 nsol=2 0.09s 2026-07-22T16:57:28.498
ATTEMPT 51 W0 START cap=daisy4_050_neq32_nvar32.jl 2026-07-22T16:57:28.498
ATTEMPT 51 W0 SOLVE daisy4_050_neq32_nvar32.jl 2026-07-22T16:57:28.507
ATTEMPT 51 W0 DONE daisy4_050_neq32_nvar32.jl seed=626531 nsol=2 0.07s 2026-07-22T16:57:28.577
ATTEMPT 52 W0 START cap=daisy4_051_neq32_nvar32.jl 2026-07-22T16:57:28.578
ATTEMPT 52 W0 SOLVE daisy4_051_neq32_nvar32.jl 2026-07-22T16:57:28.586
ATTEMPT 52 W0 DONE daisy4_051_neq32_nvar32.jl seed=626532 nsol=2 0.12s 2026-07-22T16:57:28.703
ATTEMPT 53 W0 START cap=daisy4_052_neq32_nvar32.jl 2026-07-22T16:57:28.703
ATTEMPT 53 W0 SOLVE daisy4_052_neq32_nvar32.jl 2026-07-22T16:57:28.711
ATTEMPT 53 W0 DONE daisy4_052_neq32_nvar32.jl seed=626533 nsol=2 0.11s 2026-07-22T16:57:28.817
ATTEMPT 54 W0 START cap=daisy4_053_neq32_nvar32.jl 2026-07-22T16:57:28.817
ATTEMPT 54 W0 SOLVE daisy4_053_neq32_nvar32.jl 2026-07-22T16:57:28.828
ATTEMPT 54 W0 DONE daisy4_053_neq32_nvar32.jl seed=626534 nsol=2 0.08s 2026-07-22T16:57:28.906
ATTEMPT 55 W0 START cap=daisy4_054_neq32_nvar32.jl 2026-07-22T16:57:28.906
ATTEMPT 55 W0 SOLVE daisy4_054_neq32_nvar32.jl 2026-07-22T16:57:28.914
ATTEMPT 55 W0 DONE daisy4_054_neq32_nvar32.jl seed=626535 nsol=2 0.10s 2026-07-22T16:57:29.016
ATTEMPT 56 W0 START cap=daisy4_055_neq32_nvar32.jl 2026-07-22T16:57:29.016
ATTEMPT 56 W0 SOLVE daisy4_055_neq32_nvar32.jl 2026-07-22T16:57:29.024
ATTEMPT 56 W0 DONE daisy4_055_neq32_nvar32.jl seed=626536 nsol=2 0.23s 2026-07-22T16:57:29.251
ATTEMPT 57 W0 START cap=daisy4_056_neq32_nvar32.jl 2026-07-22T16:57:29.251
ATTEMPT 57 W0 SOLVE daisy4_056_neq32_nvar32.jl 2026-07-22T16:57:29.259
ATTEMPT 57 W0 DONE daisy4_056_neq32_nvar32.jl seed=626537 nsol=2 0.10s 2026-07-22T16:57:29.361
ATTEMPT 58 W0 START cap=daisy4_057_neq32_nvar32.jl 2026-07-22T16:57:29.361
ATTEMPT 58 W0 SOLVE daisy4_057_neq32_nvar32.jl 2026-07-22T16:57:29.370
ATTEMPT 58 W0 DONE daisy4_057_neq32_nvar32.jl seed=626538 nsol=2 0.07s 2026-07-22T16:57:29.436
ATTEMPT 59 W0 START cap=daisy4_058_neq32_nvar32.jl 2026-07-22T16:57:29.436
ATTEMPT 59 W0 SOLVE daisy4_058_neq32_nvar32.jl 2026-07-22T16:57:29.444
ATTEMPT 59 W0 DONE daisy4_058_neq32_nvar32.jl seed=626539 nsol=2 0.14s 2026-07-22T16:57:29.588
ATTEMPT 60 W0 START cap=daisy4_059_neq32_nvar32.jl 2026-07-22T16:57:29.588
ATTEMPT 60 W0 SOLVE daisy4_059_neq32_nvar32.jl 2026-07-22T16:57:29.596
ATTEMPT 60 W0 DONE daisy4_059_neq32_nvar32.jl seed=626540 nsol=2 0.08s 2026-07-22T16:57:29.672
HUNT2 complete 2026-07-22T16:57:29.676
