HUNT2 start mode=seq hcthr=on nworkers=0 nthreads=14 ngcthreads=14 nsolves=60 seed_base=401669 shape=capdir:/home/orebas/.julia/dev/ODEParameterEstimation/repro/hc_threading_mwe_2026_07_22/captured_systems pid=2017835 julia=1.12.6 HC=2.20.0 2026-07-22T16:49:45.604
ATTEMPT 1 W0 START cap=daisy4_000_neq32_nvar32.jl 2026-07-22T16:49:49.014
ATTEMPT 1 W0 SOLVE daisy4_000_neq32_nvar32.jl 2026-07-22T16:49:50.206
Computing mixed cells... 2    Time: 0:00:01[K
   mixed_volume: 6[K[A
[K[AComputing mixed cells... 6    Time: 0:00:01[K
   mixed_volume: 12[K
ATTEMPT 1 W0 DONE daisy4_000_neq32_nvar32.jl seed=401670 nsol=2 90.96s 2026-07-22T16:51:21.321
ATTEMPT 2 W0 START cap=daisy4_001_neq32_nvar32.jl 2026-07-22T16:51:21.720
ATTEMPT 2 W0 SOLVE daisy4_001_neq32_nvar32.jl 2026-07-22T16:51:21.740
ATTEMPT 2 W0 DONE daisy4_001_neq32_nvar32.jl seed=401671 nsol=2 0.09s 2026-07-22T16:51:21.829
ATTEMPT 3 W0 START cap=daisy4_002_neq32_nvar32.jl 2026-07-22T16:51:21.829
ATTEMPT 3 W0 SOLVE daisy4_002_neq32_nvar32.jl 2026-07-22T16:51:21.840
ATTEMPT 3 W0 DONE daisy4_002_neq32_nvar32.jl seed=401672 nsol=2 0.07s 2026-07-22T16:51:21.909
ATTEMPT 4 W0 START cap=daisy4_003_neq32_nvar32.jl 2026-07-22T16:51:21.909
ATTEMPT 4 W0 SOLVE daisy4_003_neq32_nvar32.jl 2026-07-22T16:51:21.931
ATTEMPT 4 W0 DONE daisy4_003_neq32_nvar32.jl seed=401673 nsol=2 0.13s 2026-07-22T16:51:22.065
ATTEMPT 5 W0 START cap=daisy4_004_neq32_nvar32.jl 2026-07-22T16:51:22.065
ATTEMPT 5 W0 SOLVE daisy4_004_neq32_nvar32.jl 2026-07-22T16:51:22.078
ATTEMPT 5 W0 DONE daisy4_004_neq32_nvar32.jl seed=401674 nsol=2 0.11s 2026-07-22T16:51:22.191
ATTEMPT 6 W0 START cap=daisy4_005_neq32_nvar32.jl 2026-07-22T16:51:22.191
ATTEMPT 6 W0 SOLVE daisy4_005_neq32_nvar32.jl 2026-07-22T16:51:22.211
ATTEMPT 6 W0 DONE daisy4_005_neq32_nvar32.jl seed=401675 nsol=2 0.15s 2026-07-22T16:51:22.360
ATTEMPT 7 W0 START cap=daisy4_006_neq32_nvar32.jl 2026-07-22T16:51:22.360
ATTEMPT 7 W0 SOLVE daisy4_006_neq32_nvar32.jl 2026-07-22T16:51:22.373
ATTEMPT 7 W0 DONE daisy4_006_neq32_nvar32.jl seed=401676 nsol=2 0.19s 2026-07-22T16:51:22.564
ATTEMPT 8 W0 START cap=daisy4_007_neq32_nvar32.jl 2026-07-22T16:51:22.564
ATTEMPT 8 W0 SOLVE daisy4_007_neq32_nvar32.jl 2026-07-22T16:51:22.585
ATTEMPT 8 W0 DONE daisy4_007_neq32_nvar32.jl seed=401677 nsol=2 0.15s 2026-07-22T16:51:22.737
ATTEMPT 9 W0 START cap=daisy4_008_neq32_nvar32.jl 2026-07-22T16:51:22.737
ATTEMPT 9 W0 SOLVE daisy4_008_neq32_nvar32.jl 2026-07-22T16:51:22.750
ATTEMPT 9 W0 DONE daisy4_008_neq32_nvar32.jl seed=401678 nsol=2 0.10s 2026-07-22T16:51:22.848
ATTEMPT 10 W0 START cap=daisy4_009_neq32_nvar32.jl 2026-07-22T16:51:22.848
ATTEMPT 10 W0 SOLVE daisy4_009_neq32_nvar32.jl 2026-07-22T16:51:22.856
ATTEMPT 10 W0 DONE daisy4_009_neq32_nvar32.jl seed=401679 nsol=2 0.16s 2026-07-22T16:51:23.021
ATTEMPT 11 W0 START cap=daisy4_010_neq32_nvar32.jl 2026-07-22T16:51:23.021
ATTEMPT 11 W0 SOLVE daisy4_010_neq32_nvar32.jl 2026-07-22T16:51:23.030
ATTEMPT 11 W0 DONE daisy4_010_neq32_nvar32.jl seed=401680 nsol=2 0.36s 2026-07-22T16:51:23.388
ATTEMPT 12 W0 START cap=daisy4_011_neq32_nvar32.jl 2026-07-22T16:51:23.388
ATTEMPT 12 W0 SOLVE daisy4_011_neq32_nvar32.jl 2026-07-22T16:51:23.397
ATTEMPT 12 W0 DONE daisy4_011_neq32_nvar32.jl seed=401681 nsol=2 0.12s 2026-07-22T16:51:23.513
ATTEMPT 13 W0 START cap=daisy4_012_neq32_nvar32.jl 2026-07-22T16:51:23.513
ATTEMPT 13 W0 SOLVE daisy4_012_neq32_nvar32.jl 2026-07-22T16:51:23.530
ATTEMPT 13 W0 DONE daisy4_012_neq32_nvar32.jl seed=401682 nsol=2 0.19s 2026-07-22T16:51:23.716
ATTEMPT 14 W0 START cap=daisy4_013_neq32_nvar32.jl 2026-07-22T16:51:23.717
ATTEMPT 14 W0 SOLVE daisy4_013_neq32_nvar32.jl 2026-07-22T16:51:23.736
ATTEMPT 14 W0 DONE daisy4_013_neq32_nvar32.jl seed=401683 nsol=2 0.21s 2026-07-22T16:51:23.948
ATTEMPT 15 W0 START cap=daisy4_014_neq32_nvar32.jl 2026-07-22T16:51:23.948
ATTEMPT 15 W0 SOLVE daisy4_014_neq32_nvar32.jl 2026-07-22T16:51:23.967
Computing mixed cells... 2    Time: 0:00:00[K
   mixed_volume: 4[K[A
[K[AComputing mixed cells... 8    Time: 0:00:00[K
   mixed_volume: 12[K
ATTEMPT 15 W0 DONE daisy4_014_neq32_nvar32.jl seed=401684 nsol=2 0.46s 2026-07-22T16:51:24.424
ATTEMPT 16 W0 START cap=daisy4_015_neq32_nvar32.jl 2026-07-22T16:51:24.424
ATTEMPT 16 W0 SOLVE daisy4_015_neq32_nvar32.jl 2026-07-22T16:51:24.432
ATTEMPT 16 W0 DONE daisy4_015_neq32_nvar32.jl seed=401685 nsol=2 0.17s 2026-07-22T16:51:24.600
ATTEMPT 17 W0 START cap=daisy4_016_neq32_nvar32.jl 2026-07-22T16:51:24.600
ATTEMPT 17 W0 SOLVE daisy4_016_neq32_nvar32.jl 2026-07-22T16:51:24.609
ATTEMPT 17 W0 DONE daisy4_016_neq32_nvar32.jl seed=401686 nsol=2 0.14s 2026-07-22T16:51:24.748
ATTEMPT 18 W0 START cap=daisy4_017_neq32_nvar32.jl 2026-07-22T16:51:24.748
ATTEMPT 18 W0 SOLVE daisy4_017_neq32_nvar32.jl 2026-07-22T16:51:24.756
ATTEMPT 18 W0 DONE daisy4_017_neq32_nvar32.jl seed=401687 nsol=2 0.09s 2026-07-22T16:51:24.844
ATTEMPT 19 W0 START cap=daisy4_018_neq32_nvar32.jl 2026-07-22T16:51:24.844
ATTEMPT 19 W0 SOLVE daisy4_018_neq32_nvar32.jl 2026-07-22T16:51:24.864
ATTEMPT 19 W0 DONE daisy4_018_neq32_nvar32.jl seed=401688 nsol=2 0.21s 2026-07-22T16:51:25.071
ATTEMPT 20 W0 START cap=daisy4_019_neq32_nvar32.jl 2026-07-22T16:51:25.071
ATTEMPT 20 W0 SOLVE daisy4_019_neq32_nvar32.jl 2026-07-22T16:51:25.093
ATTEMPT 20 W0 DONE daisy4_019_neq32_nvar32.jl seed=401689 nsol=2 0.13s 2026-07-22T16:51:25.220
ATTEMPT 21 W0 START cap=daisy4_020_neq32_nvar32.jl 2026-07-22T16:51:25.220
ATTEMPT 21 W0 SOLVE daisy4_020_neq32_nvar32.jl 2026-07-22T16:51:25.230
ATTEMPT 21 W0 DONE daisy4_020_neq32_nvar32.jl seed=401690 nsol=2 0.13s 2026-07-22T16:51:25.357
ATTEMPT 22 W0 START cap=daisy4_021_neq32_nvar32.jl 2026-07-22T16:51:25.357
ATTEMPT 22 W0 SOLVE daisy4_021_neq32_nvar32.jl 2026-07-22T16:51:25.366
ATTEMPT 22 W0 DONE daisy4_021_neq32_nvar32.jl seed=401691 nsol=2 0.16s 2026-07-22T16:51:25.528
ATTEMPT 23 W0 START cap=daisy4_022_neq32_nvar32.jl 2026-07-22T16:51:25.528
ATTEMPT 23 W0 SOLVE daisy4_022_neq32_nvar32.jl 2026-07-22T16:51:25.546
ATTEMPT 23 W0 DONE daisy4_022_neq32_nvar32.jl seed=401692 nsol=2 0.22s 2026-07-22T16:51:25.766
ATTEMPT 24 W0 START cap=daisy4_023_neq32_nvar32.jl 2026-07-22T16:51:25.767
ATTEMPT 24 W0 SOLVE daisy4_023_neq32_nvar32.jl 2026-07-22T16:51:25.778
ATTEMPT 24 W0 DONE daisy4_023_neq32_nvar32.jl seed=401693 nsol=2 0.15s 2026-07-22T16:51:25.931
ATTEMPT 25 W0 START cap=daisy4_024_neq32_nvar32.jl 2026-07-22T16:51:25.931
ATTEMPT 25 W0 SOLVE daisy4_024_neq32_nvar32.jl 2026-07-22T16:51:25.947
ATTEMPT 25 W0 DONE daisy4_024_neq32_nvar32.jl seed=401694 nsol=2 0.10s 2026-07-22T16:51:26.044
ATTEMPT 26 W0 START cap=daisy4_025_neq32_nvar32.jl 2026-07-22T16:51:26.044
ATTEMPT 26 W0 SOLVE daisy4_025_neq32_nvar32.jl 2026-07-22T16:51:26.061
ATTEMPT 26 W0 DONE daisy4_025_neq32_nvar32.jl seed=401695 nsol=2 0.13s 2026-07-22T16:51:26.189
ATTEMPT 27 W0 START cap=daisy4_026_neq32_nvar32.jl 2026-07-22T16:51:26.189
ATTEMPT 27 W0 SOLVE daisy4_026_neq32_nvar32.jl 2026-07-22T16:51:26.198
ATTEMPT 27 W0 DONE daisy4_026_neq32_nvar32.jl seed=401696 nsol=2 0.25s 2026-07-22T16:51:26.448
ATTEMPT 28 W0 START cap=daisy4_027_neq32_nvar32.jl 2026-07-22T16:51:26.448
ATTEMPT 28 W0 SOLVE daisy4_027_neq32_nvar32.jl 2026-07-22T16:51:26.468
ATTEMPT 28 W0 DONE daisy4_027_neq32_nvar32.jl seed=401697 nsol=2 0.29s 2026-07-22T16:51:26.755
ATTEMPT 29 W0 START cap=daisy4_028_neq32_nvar32.jl 2026-07-22T16:51:26.756
ATTEMPT 29 W0 SOLVE daisy4_028_neq32_nvar32.jl 2026-07-22T16:51:26.772
ATTEMPT 29 W0 DONE daisy4_028_neq32_nvar32.jl seed=401698 nsol=2 0.13s 2026-07-22T16:51:26.900
ATTEMPT 30 W0 START cap=daisy4_029_neq32_nvar32.jl 2026-07-22T16:51:26.900
ATTEMPT 30 W0 SOLVE daisy4_029_neq32_nvar32.jl 2026-07-22T16:51:26.909
ATTEMPT 30 W0 DONE daisy4_029_neq32_nvar32.jl seed=401699 nsol=2 0.19s 2026-07-22T16:51:27.098
ATTEMPT 31 W0 START cap=daisy4_030_neq32_nvar32.jl 2026-07-22T16:51:27.098
ATTEMPT 31 W0 SOLVE daisy4_030_neq32_nvar32.jl 2026-07-22T16:51:27.119
ATTEMPT 31 W0 DONE daisy4_030_neq32_nvar32.jl seed=401700 nsol=2 0.16s 2026-07-22T16:51:27.283
ATTEMPT 32 W0 START cap=daisy4_031_neq32_nvar32.jl 2026-07-22T16:51:27.283
ATTEMPT 32 W0 SOLVE daisy4_031_neq32_nvar32.jl 2026-07-22T16:51:27.300
ATTEMPT 32 W0 DONE daisy4_031_neq32_nvar32.jl seed=401701 nsol=2 0.15s 2026-07-22T16:51:27.448
ATTEMPT 33 W0 START cap=daisy4_032_neq32_nvar32.jl 2026-07-22T16:51:27.448
ATTEMPT 33 W0 SOLVE daisy4_032_neq32_nvar32.jl 2026-07-22T16:51:27.466
ATTEMPT 33 W0 DONE daisy4_032_neq32_nvar32.jl seed=401702 nsol=2 0.71s 2026-07-22T16:51:28.173
ATTEMPT 34 W0 START cap=daisy4_033_neq32_nvar32.jl 2026-07-22T16:51:28.173
ATTEMPT 34 W0 SOLVE daisy4_033_neq32_nvar32.jl 2026-07-22T16:51:28.192
ATTEMPT 34 W0 DONE daisy4_033_neq32_nvar32.jl seed=401703 nsol=2 0.20s 2026-07-22T16:51:28.392
ATTEMPT 35 W0 START cap=daisy4_034_neq32_nvar32.jl 2026-07-22T16:51:28.393
ATTEMPT 35 W0 SOLVE daisy4_034_neq32_nvar32.jl 2026-07-22T16:51:28.411
ATTEMPT 35 W0 DONE daisy4_034_neq32_nvar32.jl seed=401704 nsol=2 0.19s 2026-07-22T16:51:28.609
ATTEMPT 36 W0 START cap=daisy4_035_neq32_nvar32.jl 2026-07-22T16:51:28.609
ATTEMPT 36 W0 SOLVE daisy4_035_neq32_nvar32.jl 2026-07-22T16:51:28.621
ATTEMPT 36 W0 DONE daisy4_035_neq32_nvar32.jl seed=401705 nsol=2 0.22s 2026-07-22T16:51:28.839
ATTEMPT 37 W0 START cap=daisy4_036_neq32_nvar32.jl 2026-07-22T16:51:28.839
ATTEMPT 37 W0 SOLVE daisy4_036_neq32_nvar32.jl 2026-07-22T16:51:28.855
ATTEMPT 37 W0 DONE daisy4_036_neq32_nvar32.jl seed=401706 nsol=2 0.15s 2026-07-22T16:51:29.006
ATTEMPT 38 W0 START cap=daisy4_037_neq32_nvar32.jl 2026-07-22T16:51:29.006
ATTEMPT 38 W0 SOLVE daisy4_037_neq32_nvar32.jl 2026-07-22T16:51:29.024
ATTEMPT 38 W0 DONE daisy4_037_neq32_nvar32.jl seed=401707 nsol=2 0.15s 2026-07-22T16:51:29.171
ATTEMPT 39 W0 START cap=daisy4_038_neq32_nvar32.jl 2026-07-22T16:51:29.171
ATTEMPT 39 W0 SOLVE daisy4_038_neq32_nvar32.jl 2026-07-22T16:51:29.194
Computing mixed cells... 2    Time: 0:00:00[K
   mixed_volume: 2[K[A
[K[AComputing mixed cells... 8    Time: 0:00:00[K
   mixed_volume: 12[K
ATTEMPT 39 W0 DONE daisy4_038_neq32_nvar32.jl seed=401708 nsol=2 0.72s 2026-07-22T16:51:29.913
ATTEMPT 40 W0 START cap=daisy4_039_neq32_nvar32.jl 2026-07-22T16:51:29.913
ATTEMPT 40 W0 SOLVE daisy4_039_neq32_nvar32.jl 2026-07-22T16:51:29.921
ATTEMPT 40 W0 DONE daisy4_039_neq32_nvar32.jl seed=401709 nsol=2 0.13s 2026-07-22T16:51:30.053
ATTEMPT 41 W0 START cap=daisy4_040_neq32_nvar32.jl 2026-07-22T16:51:30.053
ATTEMPT 41 W0 SOLVE daisy4_040_neq32_nvar32.jl 2026-07-22T16:51:30.091
Computing mixed cells... 2    Time: 0:00:00[K
   mixed_volume: 4[K[A
[K[AComputing mixed cells... 7    Time: 0:00:00[K
   mixed_volume: 12[K
ATTEMPT 41 W0 DONE daisy4_040_neq32_nvar32.jl seed=401710 nsol=2 0.56s 2026-07-22T16:51:30.650
ATTEMPT 42 W0 START cap=daisy4_041_neq32_nvar32.jl 2026-07-22T16:51:30.650
ATTEMPT 42 W0 SOLVE daisy4_041_neq32_nvar32.jl 2026-07-22T16:51:30.675
ATTEMPT 42 W0 DONE daisy4_041_neq32_nvar32.jl seed=401711 nsol=2 0.22s 2026-07-22T16:51:30.900
ATTEMPT 43 W0 START cap=daisy4_042_neq32_nvar32.jl 2026-07-22T16:51:30.900
ATTEMPT 43 W0 SOLVE daisy4_042_neq32_nvar32.jl 2026-07-22T16:51:30.915
ATTEMPT 43 W0 DONE daisy4_042_neq32_nvar32.jl seed=401712 nsol=2 0.22s 2026-07-22T16:51:31.134
ATTEMPT 44 W0 START cap=daisy4_043_neq32_nvar32.jl 2026-07-22T16:51:31.134
ATTEMPT 44 W0 SOLVE daisy4_043_neq32_nvar32.jl 2026-07-22T16:51:31.150
ATTEMPT 44 W0 DONE daisy4_043_neq32_nvar32.jl seed=401713 nsol=2 0.23s 2026-07-22T16:51:31.380
ATTEMPT 45 W0 START cap=daisy4_044_neq32_nvar32.jl 2026-07-22T16:51:31.380
ATTEMPT 45 W0 SOLVE daisy4_044_neq32_nvar32.jl 2026-07-22T16:51:31.407
ATTEMPT 45 W0 DONE daisy4_044_neq32_nvar32.jl seed=401714 nsol=2 0.22s 2026-07-22T16:51:31.632
ATTEMPT 46 W0 START cap=daisy4_045_neq32_nvar32.jl 2026-07-22T16:51:31.632
ATTEMPT 46 W0 SOLVE daisy4_045_neq32_nvar32.jl 2026-07-22T16:51:31.657
ATTEMPT 46 W0 DONE daisy4_045_neq32_nvar32.jl seed=401715 nsol=2 0.24s 2026-07-22T16:51:31.893
ATTEMPT 47 W0 START cap=daisy4_046_neq32_nvar32.jl 2026-07-22T16:51:31.893
ATTEMPT 47 W0 SOLVE daisy4_046_neq32_nvar32.jl 2026-07-22T16:51:31.925
ATTEMPT 47 W0 DONE daisy4_046_neq32_nvar32.jl seed=401716 nsol=2 0.24s 2026-07-22T16:51:32.164
ATTEMPT 48 W0 START cap=daisy4_047_neq32_nvar32.jl 2026-07-22T16:51:32.164
ATTEMPT 48 W0 SOLVE daisy4_047_neq32_nvar32.jl 2026-07-22T16:51:32.176
ATTEMPT 48 W0 DONE daisy4_047_neq32_nvar32.jl seed=401717 nsol=2 0.23s 2026-07-22T16:51:32.412
ATTEMPT 49 W0 START cap=daisy4_048_neq32_nvar32.jl 2026-07-22T16:51:32.412
ATTEMPT 49 W0 SOLVE daisy4_048_neq32_nvar32.jl 2026-07-22T16:51:32.424
ATTEMPT 49 W0 DONE daisy4_048_neq32_nvar32.jl seed=401718 nsol=2 0.28s 2026-07-22T16:51:32.713
ATTEMPT 50 W0 START cap=daisy4_049_neq32_nvar32.jl 2026-07-22T16:51:32.713
ATTEMPT 50 W0 SOLVE daisy4_049_neq32_nvar32.jl 2026-07-22T16:51:32.739
ATTEMPT 50 W0 DONE daisy4_049_neq32_nvar32.jl seed=401719 nsol=2 0.46s 2026-07-22T16:51:33.204
ATTEMPT 51 W0 START cap=daisy4_050_neq32_nvar32.jl 2026-07-22T16:51:33.204
ATTEMPT 51 W0 SOLVE daisy4_050_neq32_nvar32.jl 2026-07-22T16:51:33.224
Computing mixed cells... 2    Time: 0:00:00[K
   mixed_volume: 2[K[A
[K[AComputing mixed cells... 8    Time: 0:00:00[K
   mixed_volume: 12[K
ATTEMPT 51 W0 DONE daisy4_050_neq32_nvar32.jl seed=401720 nsol=2 0.55s 2026-07-22T16:51:33.774
ATTEMPT 52 W0 START cap=daisy4_051_neq32_nvar32.jl 2026-07-22T16:51:33.775
ATTEMPT 52 W0 SOLVE daisy4_051_neq32_nvar32.jl 2026-07-22T16:51:33.798
ATTEMPT 52 W0 DONE daisy4_051_neq32_nvar32.jl seed=401721 nsol=2 0.27s 2026-07-22T16:51:34.064
ATTEMPT 53 W0 START cap=daisy4_052_neq32_nvar32.jl 2026-07-22T16:51:34.064
ATTEMPT 53 W0 SOLVE daisy4_052_neq32_nvar32.jl 2026-07-22T16:51:34.093
ATTEMPT 53 W0 DONE daisy4_052_neq32_nvar32.jl seed=401722 nsol=2 0.42s 2026-07-22T16:51:34.509
ATTEMPT 54 W0 START cap=daisy4_053_neq32_nvar32.jl 2026-07-22T16:51:34.509
ATTEMPT 54 W0 SOLVE daisy4_053_neq32_nvar32.jl 2026-07-22T16:51:34.518
ATTEMPT 54 W0 DONE daisy4_053_neq32_nvar32.jl seed=401723 nsol=2 0.32s 2026-07-22T16:51:34.840
ATTEMPT 55 W0 START cap=daisy4_054_neq32_nvar32.jl 2026-07-22T16:51:34.840
ATTEMPT 55 W0 SOLVE daisy4_054_neq32_nvar32.jl 2026-07-22T16:51:34.874
ATTEMPT 55 W0 DONE daisy4_054_neq32_nvar32.jl seed=401724 nsol=2 0.36s 2026-07-22T16:51:35.230
ATTEMPT 56 W0 START cap=daisy4_055_neq32_nvar32.jl 2026-07-22T16:51:35.230
ATTEMPT 56 W0 SOLVE daisy4_055_neq32_nvar32.jl 2026-07-22T16:51:35.250
ATTEMPT 56 W0 DONE daisy4_055_neq32_nvar32.jl seed=401725 nsol=2 11.27s 2026-07-22T16:51:46.521
ATTEMPT 57 W0 START cap=daisy4_056_neq32_nvar32.jl 2026-07-22T16:51:46.521
ATTEMPT 57 W0 SOLVE daisy4_056_neq32_nvar32.jl 2026-07-22T16:51:46.539
ATTEMPT 57 W0 DONE daisy4_056_neq32_nvar32.jl seed=401726 nsol=2 0.30s 2026-07-22T16:51:46.845
ATTEMPT 58 W0 START cap=daisy4_057_neq32_nvar32.jl 2026-07-22T16:51:46.845
ATTEMPT 58 W0 SOLVE daisy4_057_neq32_nvar32.jl 2026-07-22T16:51:46.883
ATTEMPT 58 W0 DONE daisy4_057_neq32_nvar32.jl seed=401727 nsol=2 0.31s 2026-07-22T16:51:47.205
ATTEMPT 59 W0 START cap=daisy4_058_neq32_nvar32.jl 2026-07-22T16:51:47.205
ATTEMPT 59 W0 SOLVE daisy4_058_neq32_nvar32.jl 2026-07-22T16:51:47.245
ATTEMPT 59 W0 DONE daisy4_058_neq32_nvar32.jl seed=401728 nsol=2 0.25s 2026-07-22T16:51:47.495
ATTEMPT 60 W0 START cap=daisy4_059_neq32_nvar32.jl 2026-07-22T16:51:47.495
ATTEMPT 60 W0 SOLVE daisy4_059_neq32_nvar32.jl 2026-07-22T16:51:48.925
ATTEMPT 60 W0 DONE daisy4_059_neq32_nvar32.jl seed=401729 nsol=2 10.92s 2026-07-22T16:51:59.841
HUNT2 complete 2026-07-22T16:51:59.865
