HUNT2 start mode=seq hcthr=on nworkers=0 nthreads=14 ngcthreads=14 nsolves=60 seed_base=929232 shape=capdir:/home/orebas/.julia/dev/ODEParameterEstimation/repro/hc_threading_mwe_2026_07_22/captured_systems pid=2105490 julia=1.12.6 HC=2.20.0 2026-07-22T17:01:42.700
ATTEMPT 1 W0 START cap=daisy4_000_neq32_nvar32.jl 2026-07-22T17:01:52.051
ATTEMPT 1 W0 SOLVE daisy4_000_neq32_nvar32.jl 2026-07-22T17:01:55.595
Computing mixed cells... 2    Time: 0:00:02[K
   mixed_volume: 4[K[A
[K[AComputing mixed cells... 8    Time: 0:00:02[K
   mixed_volume: 12[K
ATTEMPT 1 W0 DONE daisy4_000_neq32_nvar32.jl seed=929233 nsol=2 101.42s 2026-07-22T17:03:37.096
ATTEMPT 2 W0 START cap=daisy4_001_neq32_nvar32.jl 2026-07-22T17:03:37.390
ATTEMPT 2 W0 SOLVE daisy4_001_neq32_nvar32.jl 2026-07-22T17:03:37.399
ATTEMPT 2 W0 DONE daisy4_001_neq32_nvar32.jl seed=929234 nsol=2 0.09s 2026-07-22T17:03:37.487
ATTEMPT 3 W0 START cap=daisy4_002_neq32_nvar32.jl 2026-07-22T17:03:37.488
ATTEMPT 3 W0 SOLVE daisy4_002_neq32_nvar32.jl 2026-07-22T17:03:37.496
ATTEMPT 3 W0 DONE daisy4_002_neq32_nvar32.jl seed=929235 nsol=2 0.11s 2026-07-22T17:03:37.601
ATTEMPT 4 W0 START cap=daisy4_003_neq32_nvar32.jl 2026-07-22T17:03:37.601
ATTEMPT 4 W0 SOLVE daisy4_003_neq32_nvar32.jl 2026-07-22T17:03:37.609
ATTEMPT 4 W0 DONE daisy4_003_neq32_nvar32.jl seed=929236 nsol=2 0.56s 2026-07-22T17:03:38.171
ATTEMPT 5 W0 START cap=daisy4_004_neq32_nvar32.jl 2026-07-22T17:03:38.171
ATTEMPT 5 W0 SOLVE daisy4_004_neq32_nvar32.jl 2026-07-22T17:03:38.188
ATTEMPT 5 W0 DONE daisy4_004_neq32_nvar32.jl seed=929237 nsol=2 0.17s 2026-07-22T17:03:38.359
ATTEMPT 6 W0 START cap=daisy4_005_neq32_nvar32.jl 2026-07-22T17:03:38.359
ATTEMPT 6 W0 SOLVE daisy4_005_neq32_nvar32.jl 2026-07-22T17:03:38.370
ATTEMPT 6 W0 DONE daisy4_005_neq32_nvar32.jl seed=929238 nsol=2 0.21s 2026-07-22T17:03:38.583
ATTEMPT 7 W0 START cap=daisy4_006_neq32_nvar32.jl 2026-07-22T17:03:38.583
ATTEMPT 7 W0 SOLVE daisy4_006_neq32_nvar32.jl 2026-07-22T17:03:38.599
ATTEMPT 7 W0 DONE daisy4_006_neq32_nvar32.jl seed=929239 nsol=2 0.16s 2026-07-22T17:03:38.755
ATTEMPT 8 W0 START cap=daisy4_007_neq32_nvar32.jl 2026-07-22T17:03:38.756
ATTEMPT 8 W0 SOLVE daisy4_007_neq32_nvar32.jl 2026-07-22T17:03:38.768
ATTEMPT 8 W0 DONE daisy4_007_neq32_nvar32.jl seed=929240 nsol=2 0.53s 2026-07-22T17:03:39.294
ATTEMPT 9 W0 START cap=daisy4_008_neq32_nvar32.jl 2026-07-22T17:03:39.294
ATTEMPT 9 W0 SOLVE daisy4_008_neq32_nvar32.jl 2026-07-22T17:03:39.321
ATTEMPT 9 W0 DONE daisy4_008_neq32_nvar32.jl seed=929241 nsol=2 0.17s 2026-07-22T17:03:39.489
ATTEMPT 10 W0 START cap=daisy4_009_neq32_nvar32.jl 2026-07-22T17:03:39.489
ATTEMPT 10 W0 SOLVE daisy4_009_neq32_nvar32.jl 2026-07-22T17:03:39.507
ATTEMPT 10 W0 DONE daisy4_009_neq32_nvar32.jl seed=929242 nsol=2 0.15s 2026-07-22T17:03:39.660
ATTEMPT 11 W0 START cap=daisy4_010_neq32_nvar32.jl 2026-07-22T17:03:39.660
ATTEMPT 11 W0 SOLVE daisy4_010_neq32_nvar32.jl 2026-07-22T17:03:39.673
ATTEMPT 11 W0 DONE daisy4_010_neq32_nvar32.jl seed=929243 nsol=2 0.19s 2026-07-22T17:03:39.859
ATTEMPT 12 W0 START cap=daisy4_011_neq32_nvar32.jl 2026-07-22T17:03:39.859
ATTEMPT 12 W0 SOLVE daisy4_011_neq32_nvar32.jl 2026-07-22T17:03:39.867
ATTEMPT 12 W0 DONE daisy4_011_neq32_nvar32.jl seed=929244 nsol=2 0.10s 2026-07-22T17:03:39.970
ATTEMPT 13 W0 START cap=daisy4_012_neq32_nvar32.jl 2026-07-22T17:03:39.970
ATTEMPT 13 W0 SOLVE daisy4_012_neq32_nvar32.jl 2026-07-22T17:03:39.978
ATTEMPT 13 W0 DONE daisy4_012_neq32_nvar32.jl seed=929245 nsol=2 0.23s 2026-07-22T17:03:40.207
ATTEMPT 14 W0 START cap=daisy4_013_neq32_nvar32.jl 2026-07-22T17:03:40.207
ATTEMPT 14 W0 SOLVE daisy4_013_neq32_nvar32.jl 2026-07-22T17:03:40.223
ATTEMPT 14 W0 DONE daisy4_013_neq32_nvar32.jl seed=929246 nsol=2 0.12s 2026-07-22T17:03:40.347
ATTEMPT 15 W0 START cap=daisy4_014_neq32_nvar32.jl 2026-07-22T17:03:40.347
ATTEMPT 15 W0 SOLVE daisy4_014_neq32_nvar32.jl 2026-07-22T17:03:40.356
ATTEMPT 15 W0 DONE daisy4_014_neq32_nvar32.jl seed=929247 nsol=2 0.11s 2026-07-22T17:03:40.467
ATTEMPT 16 W0 START cap=daisy4_015_neq32_nvar32.jl 2026-07-22T17:03:40.467
ATTEMPT 16 W0 SOLVE daisy4_015_neq32_nvar32.jl 2026-07-22T17:03:40.478
ATTEMPT 16 W0 DONE daisy4_015_neq32_nvar32.jl seed=929248 nsol=2 0.08s 2026-07-22T17:03:40.559
ATTEMPT 17 W0 START cap=daisy4_016_neq32_nvar32.jl 2026-07-22T17:03:40.559
ATTEMPT 17 W0 SOLVE daisy4_016_neq32_nvar32.jl 2026-07-22T17:03:40.567
ATTEMPT 17 W0 DONE daisy4_016_neq32_nvar32.jl seed=929249 nsol=2 0.16s 2026-07-22T17:03:40.731
ATTEMPT 18 W0 START cap=daisy4_017_neq32_nvar32.jl 2026-07-22T17:03:40.731
ATTEMPT 18 W0 SOLVE daisy4_017_neq32_nvar32.jl 2026-07-22T17:03:40.739
ATTEMPT 18 W0 DONE daisy4_017_neq32_nvar32.jl seed=929250 nsol=2 0.09s 2026-07-22T17:03:40.831
ATTEMPT 19 W0 START cap=daisy4_018_neq32_nvar32.jl 2026-07-22T17:03:40.831
ATTEMPT 19 W0 SOLVE daisy4_018_neq32_nvar32.jl 2026-07-22T17:03:40.846
ATTEMPT 19 W0 DONE daisy4_018_neq32_nvar32.jl seed=929251 nsol=2 0.09s 2026-07-22T17:03:40.936
ATTEMPT 20 W0 START cap=daisy4_019_neq32_nvar32.jl 2026-07-22T17:03:40.936
ATTEMPT 20 W0 SOLVE daisy4_019_neq32_nvar32.jl 2026-07-22T17:03:40.944
ATTEMPT 20 W0 DONE daisy4_019_neq32_nvar32.jl seed=929252 nsol=2 0.10s 2026-07-22T17:03:41.043
ATTEMPT 21 W0 START cap=daisy4_020_neq32_nvar32.jl 2026-07-22T17:03:41.043
ATTEMPT 21 W0 SOLVE daisy4_020_neq32_nvar32.jl 2026-07-22T17:03:41.052
ATTEMPT 21 W0 DONE daisy4_020_neq32_nvar32.jl seed=929253 nsol=2 0.13s 2026-07-22T17:03:41.180
ATTEMPT 22 W0 START cap=daisy4_021_neq32_nvar32.jl 2026-07-22T17:03:41.180
ATTEMPT 22 W0 SOLVE daisy4_021_neq32_nvar32.jl 2026-07-22T17:03:41.194
ATTEMPT 22 W0 DONE daisy4_021_neq32_nvar32.jl seed=929254 nsol=2 0.12s 2026-07-22T17:03:41.311
ATTEMPT 23 W0 START cap=daisy4_022_neq32_nvar32.jl 2026-07-22T17:03:41.312
ATTEMPT 23 W0 SOLVE daisy4_022_neq32_nvar32.jl 2026-07-22T17:03:41.322
ATTEMPT 23 W0 DONE daisy4_022_neq32_nvar32.jl seed=929255 nsol=2 0.11s 2026-07-22T17:03:41.432
ATTEMPT 24 W0 START cap=daisy4_023_neq32_nvar32.jl 2026-07-22T17:03:41.432
ATTEMPT 24 W0 SOLVE daisy4_023_neq32_nvar32.jl 2026-07-22T17:03:41.440
ATTEMPT 24 W0 DONE daisy4_023_neq32_nvar32.jl seed=929256 nsol=2 0.14s 2026-07-22T17:03:41.575
ATTEMPT 25 W0 START cap=daisy4_024_neq32_nvar32.jl 2026-07-22T17:03:41.575
ATTEMPT 25 W0 SOLVE daisy4_024_neq32_nvar32.jl 2026-07-22T17:03:41.583
ATTEMPT 25 W0 DONE daisy4_024_neq32_nvar32.jl seed=929257 nsol=2 0.15s 2026-07-22T17:03:41.729
ATTEMPT 26 W0 START cap=daisy4_025_neq32_nvar32.jl 2026-07-22T17:03:41.729
ATTEMPT 26 W0 SOLVE daisy4_025_neq32_nvar32.jl 2026-07-22T17:03:41.750
ATTEMPT 26 W0 DONE daisy4_025_neq32_nvar32.jl seed=929258 nsol=2 0.09s 2026-07-22T17:03:41.835
ATTEMPT 27 W0 START cap=daisy4_026_neq32_nvar32.jl 2026-07-22T17:03:41.835
ATTEMPT 27 W0 SOLVE daisy4_026_neq32_nvar32.jl 2026-07-22T17:03:41.843
ATTEMPT 27 W0 DONE daisy4_026_neq32_nvar32.jl seed=929259 nsol=2 0.10s 2026-07-22T17:03:41.946
ATTEMPT 28 W0 START cap=daisy4_027_neq32_nvar32.jl 2026-07-22T17:03:41.950
ATTEMPT 28 W0 SOLVE daisy4_027_neq32_nvar32.jl 2026-07-22T17:03:41.959
ATTEMPT 28 W0 DONE daisy4_027_neq32_nvar32.jl seed=929260 nsol=2 0.10s 2026-07-22T17:03:42.062
ATTEMPT 29 W0 START cap=daisy4_028_neq32_nvar32.jl 2026-07-22T17:03:42.062
ATTEMPT 29 W0 SOLVE daisy4_028_neq32_nvar32.jl 2026-07-22T17:03:42.071
ATTEMPT 29 W0 DONE daisy4_028_neq32_nvar32.jl seed=929261 nsol=2 0.11s 2026-07-22T17:03:42.183
ATTEMPT 30 W0 START cap=daisy4_029_neq32_nvar32.jl 2026-07-22T17:03:42.183
ATTEMPT 30 W0 SOLVE daisy4_029_neq32_nvar32.jl 2026-07-22T17:03:42.192
ATTEMPT 30 W0 DONE daisy4_029_neq32_nvar32.jl seed=929262 nsol=2 0.13s 2026-07-22T17:03:42.321
ATTEMPT 31 W0 START cap=daisy4_030_neq32_nvar32.jl 2026-07-22T17:03:42.321
ATTEMPT 31 W0 SOLVE daisy4_030_neq32_nvar32.jl 2026-07-22T17:03:42.330
ATTEMPT 31 W0 DONE daisy4_030_neq32_nvar32.jl seed=929263 nsol=2 0.11s 2026-07-22T17:03:42.445
ATTEMPT 32 W0 START cap=daisy4_031_neq32_nvar32.jl 2026-07-22T17:03:42.449
ATTEMPT 32 W0 SOLVE daisy4_031_neq32_nvar32.jl 2026-07-22T17:03:42.457
ATTEMPT 32 W0 DONE daisy4_031_neq32_nvar32.jl seed=929264 nsol=2 0.14s 2026-07-22T17:03:42.599
ATTEMPT 33 W0 START cap=daisy4_032_neq32_nvar32.jl 2026-07-22T17:03:42.599
ATTEMPT 33 W0 SOLVE daisy4_032_neq32_nvar32.jl 2026-07-22T17:03:42.608
ATTEMPT 33 W0 DONE daisy4_032_neq32_nvar32.jl seed=929265 nsol=2 0.34s 2026-07-22T17:03:42.949
ATTEMPT 34 W0 START cap=daisy4_033_neq32_nvar32.jl 2026-07-22T17:03:42.949
ATTEMPT 34 W0 SOLVE daisy4_033_neq32_nvar32.jl 2026-07-22T17:03:42.957
ATTEMPT 34 W0 DONE daisy4_033_neq32_nvar32.jl seed=929266 nsol=2 0.07s 2026-07-22T17:03:43.031
ATTEMPT 35 W0 START cap=daisy4_034_neq32_nvar32.jl 2026-07-22T17:03:43.031
ATTEMPT 35 W0 SOLVE daisy4_034_neq32_nvar32.jl 2026-07-22T17:03:43.039
ATTEMPT 35 W0 DONE daisy4_034_neq32_nvar32.jl seed=929267 nsol=2 0.15s 2026-07-22T17:03:43.191
ATTEMPT 36 W0 START cap=daisy4_035_neq32_nvar32.jl 2026-07-22T17:03:43.191
ATTEMPT 36 W0 SOLVE daisy4_035_neq32_nvar32.jl 2026-07-22T17:03:43.199
ATTEMPT 36 W0 DONE daisy4_035_neq32_nvar32.jl seed=929268 nsol=2 0.15s 2026-07-22T17:03:43.347
ATTEMPT 37 W0 START cap=daisy4_036_neq32_nvar32.jl 2026-07-22T17:03:43.348
ATTEMPT 37 W0 SOLVE daisy4_036_neq32_nvar32.jl 2026-07-22T17:03:43.359
ATTEMPT 37 W0 DONE daisy4_036_neq32_nvar32.jl seed=929269 nsol=2 0.21s 2026-07-22T17:03:43.566
ATTEMPT 38 W0 START cap=daisy4_037_neq32_nvar32.jl 2026-07-22T17:03:43.566
ATTEMPT 38 W0 SOLVE daisy4_037_neq32_nvar32.jl 2026-07-22T17:03:43.575
ATTEMPT 38 W0 DONE daisy4_037_neq32_nvar32.jl seed=929270 nsol=2 0.11s 2026-07-22T17:03:43.681
ATTEMPT 39 W0 START cap=daisy4_038_neq32_nvar32.jl 2026-07-22T17:03:43.682
ATTEMPT 39 W0 SOLVE daisy4_038_neq32_nvar32.jl 2026-07-22T17:03:43.693
ATTEMPT 39 W0 DONE daisy4_038_neq32_nvar32.jl seed=929271 nsol=2 0.10s 2026-07-22T17:03:43.790
ATTEMPT 40 W0 START cap=daisy4_039_neq32_nvar32.jl 2026-07-22T17:03:43.790
ATTEMPT 40 W0 SOLVE daisy4_039_neq32_nvar32.jl 2026-07-22T17:03:43.799
ATTEMPT 40 W0 DONE daisy4_039_neq32_nvar32.jl seed=929272 nsol=2 0.12s 2026-07-22T17:03:43.920
ATTEMPT 41 W0 START cap=daisy4_040_neq32_nvar32.jl 2026-07-22T17:03:43.920
ATTEMPT 41 W0 SOLVE daisy4_040_neq32_nvar32.jl 2026-07-22T17:03:43.928
ATTEMPT 41 W0 DONE daisy4_040_neq32_nvar32.jl seed=929273 nsol=2 0.14s 2026-07-22T17:03:44.070
ATTEMPT 42 W0 START cap=daisy4_041_neq32_nvar32.jl 2026-07-22T17:03:44.070
ATTEMPT 42 W0 SOLVE daisy4_041_neq32_nvar32.jl 2026-07-22T17:03:44.078
ATTEMPT 42 W0 DONE daisy4_041_neq32_nvar32.jl seed=929274 nsol=2 0.09s 2026-07-22T17:03:44.171
ATTEMPT 43 W0 START cap=daisy4_042_neq32_nvar32.jl 2026-07-22T17:03:44.171
ATTEMPT 43 W0 SOLVE daisy4_042_neq32_nvar32.jl 2026-07-22T17:03:44.179
ATTEMPT 43 W0 DONE daisy4_042_neq32_nvar32.jl seed=929275 nsol=2 0.09s 2026-07-22T17:03:44.273
ATTEMPT 44 W0 START cap=daisy4_043_neq32_nvar32.jl 2026-07-22T17:03:44.273
ATTEMPT 44 W0 SOLVE daisy4_043_neq32_nvar32.jl 2026-07-22T17:03:44.282
ATTEMPT 44 W0 DONE daisy4_043_neq32_nvar32.jl seed=929276 nsol=2 0.10s 2026-07-22T17:03:44.382
ATTEMPT 45 W0 START cap=daisy4_044_neq32_nvar32.jl 2026-07-22T17:03:44.383
ATTEMPT 45 W0 SOLVE daisy4_044_neq32_nvar32.jl 2026-07-22T17:03:44.392
ATTEMPT 45 W0 DONE daisy4_044_neq32_nvar32.jl seed=929277 nsol=2 0.10s 2026-07-22T17:03:44.491
ATTEMPT 46 W0 START cap=daisy4_045_neq32_nvar32.jl 2026-07-22T17:03:44.492
ATTEMPT 46 W0 SOLVE daisy4_045_neq32_nvar32.jl 2026-07-22T17:03:44.500
ATTEMPT 46 W0 DONE daisy4_045_neq32_nvar32.jl seed=929278 nsol=2 0.16s 2026-07-22T17:03:44.659
ATTEMPT 47 W0 START cap=daisy4_046_neq32_nvar32.jl 2026-07-22T17:03:44.659
ATTEMPT 47 W0 SOLVE daisy4_046_neq32_nvar32.jl 2026-07-22T17:03:44.667
ATTEMPT 47 W0 DONE daisy4_046_neq32_nvar32.jl seed=929279 nsol=2 0.10s 2026-07-22T17:03:44.765
ATTEMPT 48 W0 START cap=daisy4_047_neq32_nvar32.jl 2026-07-22T17:03:44.765
ATTEMPT 48 W0 SOLVE daisy4_047_neq32_nvar32.jl 2026-07-22T17:03:44.773
ATTEMPT 48 W0 DONE daisy4_047_neq32_nvar32.jl seed=929280 nsol=2 0.16s 2026-07-22T17:03:44.929
ATTEMPT 49 W0 START cap=daisy4_048_neq32_nvar32.jl 2026-07-22T17:03:44.929
ATTEMPT 49 W0 SOLVE daisy4_048_neq32_nvar32.jl 2026-07-22T17:03:44.937
ATTEMPT 49 W0 DONE daisy4_048_neq32_nvar32.jl seed=929281 nsol=2 0.22s 2026-07-22T17:03:45.155
ATTEMPT 50 W0 START cap=daisy4_049_neq32_nvar32.jl 2026-07-22T17:03:45.155
ATTEMPT 50 W0 SOLVE daisy4_049_neq32_nvar32.jl 2026-07-22T17:03:45.164
ATTEMPT 50 W0 DONE daisy4_049_neq32_nvar32.jl seed=929282 nsol=2 0.17s 2026-07-22T17:03:45.330
ATTEMPT 51 W0 START cap=daisy4_050_neq32_nvar32.jl 2026-07-22T17:03:45.330
ATTEMPT 51 W0 SOLVE daisy4_050_neq32_nvar32.jl 2026-07-22T17:03:45.350
ATTEMPT 51 W0 DONE daisy4_050_neq32_nvar32.jl seed=929283 nsol=2 0.16s 2026-07-22T17:03:45.508
ATTEMPT 52 W0 START cap=daisy4_051_neq32_nvar32.jl 2026-07-22T17:03:45.508
ATTEMPT 52 W0 SOLVE daisy4_051_neq32_nvar32.jl 2026-07-22T17:03:45.525
ATTEMPT 52 W0 DONE daisy4_051_neq32_nvar32.jl seed=929284 nsol=2 0.18s 2026-07-22T17:03:45.706
ATTEMPT 53 W0 START cap=daisy4_052_neq32_nvar32.jl 2026-07-22T17:03:45.706
ATTEMPT 53 W0 SOLVE daisy4_052_neq32_nvar32.jl 2026-07-22T17:03:45.718
ATTEMPT 53 W0 DONE daisy4_052_neq32_nvar32.jl seed=929285 nsol=2 0.18s 2026-07-22T17:03:45.903
ATTEMPT 54 W0 START cap=daisy4_053_neq32_nvar32.jl 2026-07-22T17:03:45.903
ATTEMPT 54 W0 SOLVE daisy4_053_neq32_nvar32.jl 2026-07-22T17:03:45.911
ATTEMPT 54 W0 DONE daisy4_053_neq32_nvar32.jl seed=929286 nsol=2 0.28s 2026-07-22T17:03:46.188
ATTEMPT 55 W0 START cap=daisy4_054_neq32_nvar32.jl 2026-07-22T17:03:46.188
ATTEMPT 55 W0 SOLVE daisy4_054_neq32_nvar32.jl 2026-07-22T17:03:46.200
ATTEMPT 55 W0 DONE daisy4_054_neq32_nvar32.jl seed=929287 nsol=2 0.23s 2026-07-22T17:03:46.433
ATTEMPT 56 W0 START cap=daisy4_055_neq32_nvar32.jl 2026-07-22T17:03:46.433
ATTEMPT 56 W0 SOLVE daisy4_055_neq32_nvar32.jl 2026-07-22T17:03:46.453
ATTEMPT 56 W0 DONE daisy4_055_neq32_nvar32.jl seed=929288 nsol=2 0.18s 2026-07-22T17:03:46.641
ATTEMPT 57 W0 START cap=daisy4_056_neq32_nvar32.jl 2026-07-22T17:03:46.641
ATTEMPT 57 W0 SOLVE daisy4_056_neq32_nvar32.jl 2026-07-22T17:03:46.653
ATTEMPT 57 W0 DONE daisy4_056_neq32_nvar32.jl seed=929289 nsol=2 0.19s 2026-07-22T17:03:46.840
ATTEMPT 58 W0 START cap=daisy4_057_neq32_nvar32.jl 2026-07-22T17:03:46.840
ATTEMPT 58 W0 SOLVE daisy4_057_neq32_nvar32.jl 2026-07-22T17:03:46.854
ATTEMPT 58 W0 DONE daisy4_057_neq32_nvar32.jl seed=929290 nsol=2 0.23s 2026-07-22T17:03:47.087
ATTEMPT 59 W0 START cap=daisy4_058_neq32_nvar32.jl 2026-07-22T17:03:47.087
ATTEMPT 59 W0 SOLVE daisy4_058_neq32_nvar32.jl 2026-07-22T17:03:47.101
ATTEMPT 59 W0 DONE daisy4_058_neq32_nvar32.jl seed=929291 nsol=2 0.23s 2026-07-22T17:03:47.330
ATTEMPT 60 W0 START cap=daisy4_059_neq32_nvar32.jl 2026-07-22T17:03:47.330
ATTEMPT 60 W0 SOLVE daisy4_059_neq32_nvar32.jl 2026-07-22T17:03:47.343
ATTEMPT 60 W0 DONE daisy4_059_neq32_nvar32.jl seed=929292 nsol=2 0.19s 2026-07-22T17:03:47.535
HUNT2 complete 2026-07-22T17:03:47.540
