HUNT2 start mode=seq hcthr=on nworkers=0 nthreads=14 ngcthreads=14 nsolves=60 seed_base=526376 shape=capdir:/home/orebas/.julia/dev/ODEParameterEstimation/repro/hc_threading_mwe_2026_07_22/captured_systems pid=2036810 julia=1.12.6 HC=2.20.0 2026-07-22T16:52:14.162
ATTEMPT 1 W0 START cap=daisy4_000_neq32_nvar32.jl 2026-07-22T16:52:20.961
ATTEMPT 1 W0 SOLVE daisy4_000_neq32_nvar32.jl 2026-07-22T16:52:22.175
Computing mixed cells... 2    Time: 0:00:18[K
   mixed_volume: 2[K[A
[K[AComputing mixed cells... 7    Time: 0:00:19[K
   mixed_volume: 12[K
ATTEMPT 1 W0 DONE daisy4_000_neq32_nvar32.jl seed=526377 nsol=2 142.26s 2026-07-22T16:54:44.515
ATTEMPT 2 W0 START cap=daisy4_001_neq32_nvar32.jl 2026-07-22T16:54:44.839
ATTEMPT 2 W0 SOLVE daisy4_001_neq32_nvar32.jl 2026-07-22T16:54:44.856
ATTEMPT 2 W0 DONE daisy4_001_neq32_nvar32.jl seed=526378 nsol=2 0.14s 2026-07-22T16:54:44.995
ATTEMPT 3 W0 START cap=daisy4_002_neq32_nvar32.jl 2026-07-22T16:54:44.995
ATTEMPT 3 W0 SOLVE daisy4_002_neq32_nvar32.jl 2026-07-22T16:54:45.014
ATTEMPT 3 W0 DONE daisy4_002_neq32_nvar32.jl seed=526379 nsol=2 0.23s 2026-07-22T16:54:45.244
ATTEMPT 4 W0 START cap=daisy4_003_neq32_nvar32.jl 2026-07-22T16:54:45.244
ATTEMPT 4 W0 SOLVE daisy4_003_neq32_nvar32.jl 2026-07-22T16:54:45.268
ATTEMPT 4 W0 DONE daisy4_003_neq32_nvar32.jl seed=526380 nsol=2 0.17s 2026-07-22T16:54:45.438
ATTEMPT 5 W0 START cap=daisy4_004_neq32_nvar32.jl 2026-07-22T16:54:45.438
ATTEMPT 5 W0 SOLVE daisy4_004_neq32_nvar32.jl 2026-07-22T16:54:45.453
ATTEMPT 5 W0 DONE daisy4_004_neq32_nvar32.jl seed=526381 nsol=2 0.17s 2026-07-22T16:54:45.620
ATTEMPT 6 W0 START cap=daisy4_005_neq32_nvar32.jl 2026-07-22T16:54:45.620
ATTEMPT 6 W0 SOLVE daisy4_005_neq32_nvar32.jl 2026-07-22T16:54:45.635
ATTEMPT 6 W0 DONE daisy4_005_neq32_nvar32.jl seed=526382 nsol=2 0.27s 2026-07-22T16:54:45.906
ATTEMPT 7 W0 START cap=daisy4_006_neq32_nvar32.jl 2026-07-22T16:54:45.906
ATTEMPT 7 W0 SOLVE daisy4_006_neq32_nvar32.jl 2026-07-22T16:54:45.925
ATTEMPT 7 W0 DONE daisy4_006_neq32_nvar32.jl seed=526383 nsol=2 0.09s 2026-07-22T16:54:46.016
ATTEMPT 8 W0 START cap=daisy4_007_neq32_nvar32.jl 2026-07-22T16:54:46.016
ATTEMPT 8 W0 SOLVE daisy4_007_neq32_nvar32.jl 2026-07-22T16:54:46.042
ATTEMPT 8 W0 DONE daisy4_007_neq32_nvar32.jl seed=526384 nsol=2 0.14s 2026-07-22T16:54:46.183
ATTEMPT 9 W0 START cap=daisy4_008_neq32_nvar32.jl 2026-07-22T16:54:46.183
ATTEMPT 9 W0 SOLVE daisy4_008_neq32_nvar32.jl 2026-07-22T16:54:46.201
ATTEMPT 9 W0 DONE daisy4_008_neq32_nvar32.jl seed=526385 nsol=2 0.26s 2026-07-22T16:54:46.460
ATTEMPT 10 W0 START cap=daisy4_009_neq32_nvar32.jl 2026-07-22T16:54:46.460
ATTEMPT 10 W0 SOLVE daisy4_009_neq32_nvar32.jl 2026-07-22T16:54:46.481
ATTEMPT 10 W0 DONE daisy4_009_neq32_nvar32.jl seed=526386 nsol=2 0.08s 2026-07-22T16:54:46.563
ATTEMPT 11 W0 START cap=daisy4_010_neq32_nvar32.jl 2026-07-22T16:54:46.564
ATTEMPT 11 W0 SOLVE daisy4_010_neq32_nvar32.jl 2026-07-22T16:54:46.573
ATTEMPT 11 W0 DONE daisy4_010_neq32_nvar32.jl seed=526387 nsol=2 0.14s 2026-07-22T16:54:46.714
ATTEMPT 12 W0 START cap=daisy4_011_neq32_nvar32.jl 2026-07-22T16:54:46.714
ATTEMPT 12 W0 SOLVE daisy4_011_neq32_nvar32.jl 2026-07-22T16:54:46.722
ATTEMPT 12 W0 DONE daisy4_011_neq32_nvar32.jl seed=526388 nsol=2 0.46s 2026-07-22T16:54:47.180
ATTEMPT 13 W0 START cap=daisy4_012_neq32_nvar32.jl 2026-07-22T16:54:47.180
ATTEMPT 13 W0 SOLVE daisy4_012_neq32_nvar32.jl 2026-07-22T16:54:47.203
ATTEMPT 13 W0 DONE daisy4_012_neq32_nvar32.jl seed=526389 nsol=2 0.41s 2026-07-22T16:54:47.612
ATTEMPT 14 W0 START cap=daisy4_013_neq32_nvar32.jl 2026-07-22T16:54:47.612
ATTEMPT 14 W0 SOLVE daisy4_013_neq32_nvar32.jl 2026-07-22T16:54:47.654
ATTEMPT 14 W0 DONE daisy4_013_neq32_nvar32.jl seed=526390 nsol=2 0.28s 2026-07-22T16:54:47.939
ATTEMPT 15 W0 START cap=daisy4_014_neq32_nvar32.jl 2026-07-22T16:54:47.939
ATTEMPT 15 W0 SOLVE daisy4_014_neq32_nvar32.jl 2026-07-22T16:54:47.990
ATTEMPT 15 W0 DONE daisy4_014_neq32_nvar32.jl seed=526391 nsol=2 0.24s 2026-07-22T16:54:48.232
ATTEMPT 16 W0 START cap=daisy4_015_neq32_nvar32.jl 2026-07-22T16:54:48.232
ATTEMPT 16 W0 SOLVE daisy4_015_neq32_nvar32.jl 2026-07-22T16:54:48.277
ATTEMPT 16 W0 DONE daisy4_015_neq32_nvar32.jl seed=526392 nsol=2 0.35s 2026-07-22T16:54:48.625
ATTEMPT 17 W0 START cap=daisy4_016_neq32_nvar32.jl 2026-07-22T16:54:48.625
ATTEMPT 17 W0 SOLVE daisy4_016_neq32_nvar32.jl 2026-07-22T16:54:48.638
ATTEMPT 17 W0 DONE daisy4_016_neq32_nvar32.jl seed=526393 nsol=2 0.32s 2026-07-22T16:54:48.965
ATTEMPT 18 W0 START cap=daisy4_017_neq32_nvar32.jl 2026-07-22T16:54:48.965
ATTEMPT 18 W0 SOLVE daisy4_017_neq32_nvar32.jl 2026-07-22T16:54:48.981
ATTEMPT 18 W0 DONE daisy4_017_neq32_nvar32.jl seed=526394 nsol=2 0.26s 2026-07-22T16:54:49.244
ATTEMPT 19 W0 START cap=daisy4_018_neq32_nvar32.jl 2026-07-22T16:54:49.244
ATTEMPT 19 W0 SOLVE daisy4_018_neq32_nvar32.jl 2026-07-22T16:54:49.268
ATTEMPT 19 W0 DONE daisy4_018_neq32_nvar32.jl seed=526395 nsol=2 0.26s 2026-07-22T16:54:49.524
ATTEMPT 20 W0 START cap=daisy4_019_neq32_nvar32.jl 2026-07-22T16:54:49.524
ATTEMPT 20 W0 SOLVE daisy4_019_neq32_nvar32.jl 2026-07-22T16:54:49.532
ATTEMPT 20 W0 DONE daisy4_019_neq32_nvar32.jl seed=526396 nsol=2 0.11s 2026-07-22T16:54:49.645
ATTEMPT 21 W0 START cap=daisy4_020_neq32_nvar32.jl 2026-07-22T16:54:49.646
ATTEMPT 21 W0 SOLVE daisy4_020_neq32_nvar32.jl 2026-07-22T16:54:49.654
ATTEMPT 21 W0 DONE daisy4_020_neq32_nvar32.jl seed=526397 nsol=2 0.14s 2026-07-22T16:54:49.795
ATTEMPT 22 W0 START cap=daisy4_021_neq32_nvar32.jl 2026-07-22T16:54:49.795
ATTEMPT 22 W0 SOLVE daisy4_021_neq32_nvar32.jl 2026-07-22T16:54:49.814
ATTEMPT 22 W0 DONE daisy4_021_neq32_nvar32.jl seed=526398 nsol=2 0.18s 2026-07-22T16:54:49.995
ATTEMPT 23 W0 START cap=daisy4_022_neq32_nvar32.jl 2026-07-22T16:54:49.995
ATTEMPT 23 W0 SOLVE daisy4_022_neq32_nvar32.jl 2026-07-22T16:54:50.018
ATTEMPT 23 W0 DONE daisy4_022_neq32_nvar32.jl seed=526399 nsol=2 0.19s 2026-07-22T16:54:50.218
ATTEMPT 24 W0 START cap=daisy4_023_neq32_nvar32.jl 2026-07-22T16:54:50.218
ATTEMPT 24 W0 SOLVE daisy4_023_neq32_nvar32.jl 2026-07-22T16:54:50.228
ATTEMPT 24 W0 DONE daisy4_023_neq32_nvar32.jl seed=526400 nsol=2 0.19s 2026-07-22T16:54:50.416
ATTEMPT 25 W0 START cap=daisy4_024_neq32_nvar32.jl 2026-07-22T16:54:50.416
ATTEMPT 25 W0 SOLVE daisy4_024_neq32_nvar32.jl 2026-07-22T16:54:50.425
ATTEMPT 25 W0 DONE daisy4_024_neq32_nvar32.jl seed=526401 nsol=2 0.12s 2026-07-22T16:54:50.540
ATTEMPT 26 W0 START cap=daisy4_025_neq32_nvar32.jl 2026-07-22T16:54:50.540
ATTEMPT 26 W0 SOLVE daisy4_025_neq32_nvar32.jl 2026-07-22T16:54:50.559
ATTEMPT 26 W0 DONE daisy4_025_neq32_nvar32.jl seed=526402 nsol=2 0.21s 2026-07-22T16:54:50.764
ATTEMPT 27 W0 START cap=daisy4_026_neq32_nvar32.jl 2026-07-22T16:54:50.764
ATTEMPT 27 W0 SOLVE daisy4_026_neq32_nvar32.jl 2026-07-22T16:54:50.772
ATTEMPT 27 W0 DONE daisy4_026_neq32_nvar32.jl seed=526403 nsol=2 0.17s 2026-07-22T16:54:50.943
ATTEMPT 28 W0 START cap=daisy4_027_neq32_nvar32.jl 2026-07-22T16:54:50.943
ATTEMPT 28 W0 SOLVE daisy4_027_neq32_nvar32.jl 2026-07-22T16:54:50.957
ATTEMPT 28 W0 DONE daisy4_027_neq32_nvar32.jl seed=526404 nsol=2 0.28s 2026-07-22T16:54:51.235
ATTEMPT 29 W0 START cap=daisy4_028_neq32_nvar32.jl 2026-07-22T16:54:51.235
ATTEMPT 29 W0 SOLVE daisy4_028_neq32_nvar32.jl 2026-07-22T16:54:51.262
ATTEMPT 29 W0 DONE daisy4_028_neq32_nvar32.jl seed=526405 nsol=2 0.13s 2026-07-22T16:54:51.396
ATTEMPT 30 W0 START cap=daisy4_029_neq32_nvar32.jl 2026-07-22T16:54:51.396
ATTEMPT 30 W0 SOLVE daisy4_029_neq32_nvar32.jl 2026-07-22T16:54:51.407
ATTEMPT 30 W0 DONE daisy4_029_neq32_nvar32.jl seed=526406 nsol=2 0.16s 2026-07-22T16:54:51.571
ATTEMPT 31 W0 START cap=daisy4_030_neq32_nvar32.jl 2026-07-22T16:54:51.571
ATTEMPT 31 W0 SOLVE daisy4_030_neq32_nvar32.jl 2026-07-22T16:54:51.590
ATTEMPT 31 W0 DONE daisy4_030_neq32_nvar32.jl seed=526407 nsol=2 0.08s 2026-07-22T16:54:51.672
ATTEMPT 32 W0 START cap=daisy4_031_neq32_nvar32.jl 2026-07-22T16:54:51.672
ATTEMPT 32 W0 SOLVE daisy4_031_neq32_nvar32.jl 2026-07-22T16:54:51.680
ATTEMPT 32 W0 DONE daisy4_031_neq32_nvar32.jl seed=526408 nsol=2 0.11s 2026-07-22T16:54:51.793
ATTEMPT 33 W0 START cap=daisy4_032_neq32_nvar32.jl 2026-07-22T16:54:51.793
ATTEMPT 33 W0 SOLVE daisy4_032_neq32_nvar32.jl 2026-07-22T16:54:51.802
ATTEMPT 33 W0 DONE daisy4_032_neq32_nvar32.jl seed=526409 nsol=2 0.23s 2026-07-22T16:54:52.035
ATTEMPT 34 W0 START cap=daisy4_033_neq32_nvar32.jl 2026-07-22T16:54:52.035
ATTEMPT 34 W0 SOLVE daisy4_033_neq32_nvar32.jl 2026-07-22T16:54:52.049
ATTEMPT 34 W0 DONE daisy4_033_neq32_nvar32.jl seed=526410 nsol=2 0.16s 2026-07-22T16:54:52.211
ATTEMPT 35 W0 START cap=daisy4_034_neq32_nvar32.jl 2026-07-22T16:54:52.211
ATTEMPT 35 W0 SOLVE daisy4_034_neq32_nvar32.jl 2026-07-22T16:54:52.223
ATTEMPT 35 W0 DONE daisy4_034_neq32_nvar32.jl seed=526411 nsol=2 0.15s 2026-07-22T16:54:52.374
ATTEMPT 36 W0 START cap=daisy4_035_neq32_nvar32.jl 2026-07-22T16:54:52.375
ATTEMPT 36 W0 SOLVE daisy4_035_neq32_nvar32.jl 2026-07-22T16:54:52.385
ATTEMPT 36 W0 DONE daisy4_035_neq32_nvar32.jl seed=526412 nsol=2 0.12s 2026-07-22T16:54:52.509
ATTEMPT 37 W0 START cap=daisy4_036_neq32_nvar32.jl 2026-07-22T16:54:52.509
ATTEMPT 37 W0 SOLVE daisy4_036_neq32_nvar32.jl 2026-07-22T16:54:52.517
ATTEMPT 37 W0 DONE daisy4_036_neq32_nvar32.jl seed=526413 nsol=2 0.14s 2026-07-22T16:54:52.658
ATTEMPT 38 W0 START cap=daisy4_037_neq32_nvar32.jl 2026-07-22T16:54:52.658
ATTEMPT 38 W0 SOLVE daisy4_037_neq32_nvar32.jl 2026-07-22T16:54:52.673
ATTEMPT 38 W0 DONE daisy4_037_neq32_nvar32.jl seed=526414 nsol=2 0.15s 2026-07-22T16:54:52.823
ATTEMPT 39 W0 START cap=daisy4_038_neq32_nvar32.jl 2026-07-22T16:54:52.823
ATTEMPT 39 W0 SOLVE daisy4_038_neq32_nvar32.jl 2026-07-22T16:54:52.831
ATTEMPT 39 W0 DONE daisy4_038_neq32_nvar32.jl seed=526415 nsol=2 0.14s 2026-07-22T16:54:52.972
ATTEMPT 40 W0 START cap=daisy4_039_neq32_nvar32.jl 2026-07-22T16:54:52.972
ATTEMPT 40 W0 SOLVE daisy4_039_neq32_nvar32.jl 2026-07-22T16:54:52.982
ATTEMPT 40 W0 DONE daisy4_039_neq32_nvar32.jl seed=526416 nsol=2 0.24s 2026-07-22T16:54:53.221
ATTEMPT 41 W0 START cap=daisy4_040_neq32_nvar32.jl 2026-07-22T16:54:53.221
ATTEMPT 41 W0 SOLVE daisy4_040_neq32_nvar32.jl 2026-07-22T16:54:53.236
ATTEMPT 41 W0 DONE daisy4_040_neq32_nvar32.jl seed=526417 nsol=2 0.10s 2026-07-22T16:54:53.333
ATTEMPT 42 W0 START cap=daisy4_041_neq32_nvar32.jl 2026-07-22T16:54:53.334
ATTEMPT 42 W0 SOLVE daisy4_041_neq32_nvar32.jl 2026-07-22T16:54:53.342
ATTEMPT 42 W0 DONE daisy4_041_neq32_nvar32.jl seed=526418 nsol=2 0.16s 2026-07-22T16:54:53.500
ATTEMPT 43 W0 START cap=daisy4_042_neq32_nvar32.jl 2026-07-22T16:54:53.500
ATTEMPT 43 W0 SOLVE daisy4_042_neq32_nvar32.jl 2026-07-22T16:54:53.508
ATTEMPT 43 W0 DONE daisy4_042_neq32_nvar32.jl seed=526419 nsol=2 0.12s 2026-07-22T16:54:53.625
ATTEMPT 44 W0 START cap=daisy4_043_neq32_nvar32.jl 2026-07-22T16:54:53.626
ATTEMPT 44 W0 SOLVE daisy4_043_neq32_nvar32.jl 2026-07-22T16:54:53.633
ATTEMPT 44 W0 DONE daisy4_043_neq32_nvar32.jl seed=526420 nsol=2 0.10s 2026-07-22T16:54:53.731
ATTEMPT 45 W0 START cap=daisy4_044_neq32_nvar32.jl 2026-07-22T16:54:53.731
ATTEMPT 45 W0 SOLVE daisy4_044_neq32_nvar32.jl 2026-07-22T16:54:53.745
ATTEMPT 45 W0 DONE daisy4_044_neq32_nvar32.jl seed=526421 nsol=2 0.14s 2026-07-22T16:54:53.885
ATTEMPT 46 W0 START cap=daisy4_045_neq32_nvar32.jl 2026-07-22T16:54:53.885
ATTEMPT 46 W0 SOLVE daisy4_045_neq32_nvar32.jl 2026-07-22T16:54:53.898
ATTEMPT 46 W0 DONE daisy4_045_neq32_nvar32.jl seed=526422 nsol=2 0.16s 2026-07-22T16:54:54.058
ATTEMPT 47 W0 START cap=daisy4_046_neq32_nvar32.jl 2026-07-22T16:54:54.058
ATTEMPT 47 W0 SOLVE daisy4_046_neq32_nvar32.jl 2026-07-22T16:54:54.069
ATTEMPT 47 W0 DONE daisy4_046_neq32_nvar32.jl seed=526423 nsol=2 0.17s 2026-07-22T16:54:54.240
ATTEMPT 48 W0 START cap=daisy4_047_neq32_nvar32.jl 2026-07-22T16:54:54.240
ATTEMPT 48 W0 SOLVE daisy4_047_neq32_nvar32.jl 2026-07-22T16:54:54.266
ATTEMPT 48 W0 DONE daisy4_047_neq32_nvar32.jl seed=526424 nsol=2 0.31s 2026-07-22T16:54:54.587
ATTEMPT 49 W0 START cap=daisy4_048_neq32_nvar32.jl 2026-07-22T16:54:54.587
ATTEMPT 49 W0 SOLVE daisy4_048_neq32_nvar32.jl 2026-07-22T16:54:54.605
ATTEMPT 49 W0 DONE daisy4_048_neq32_nvar32.jl seed=526425 nsol=2 0.23s 2026-07-22T16:54:54.835
ATTEMPT 50 W0 START cap=daisy4_049_neq32_nvar32.jl 2026-07-22T16:54:54.835
ATTEMPT 50 W0 SOLVE daisy4_049_neq32_nvar32.jl 2026-07-22T16:54:54.849
ATTEMPT 50 W0 DONE daisy4_049_neq32_nvar32.jl seed=526426 nsol=2 0.35s 2026-07-22T16:54:55.196
ATTEMPT 51 W0 START cap=daisy4_050_neq32_nvar32.jl 2026-07-22T16:54:55.196
ATTEMPT 51 W0 SOLVE daisy4_050_neq32_nvar32.jl 2026-07-22T16:54:55.233
ATTEMPT 51 W0 DONE daisy4_050_neq32_nvar32.jl seed=526427 nsol=2 0.49s 2026-07-22T16:54:55.728
ATTEMPT 52 W0 START cap=daisy4_051_neq32_nvar32.jl 2026-07-22T16:54:55.728
ATTEMPT 52 W0 SOLVE daisy4_051_neq32_nvar32.jl 2026-07-22T16:54:55.772
ATTEMPT 52 W0 DONE daisy4_051_neq32_nvar32.jl seed=526428 nsol=2 0.35s 2026-07-22T16:54:56.120
ATTEMPT 53 W0 START cap=daisy4_052_neq32_nvar32.jl 2026-07-22T16:54:56.120
ATTEMPT 53 W0 SOLVE daisy4_052_neq32_nvar32.jl 2026-07-22T16:54:56.154
ATTEMPT 53 W0 DONE daisy4_052_neq32_nvar32.jl seed=526429 nsol=2 0.35s 2026-07-22T16:54:56.513
ATTEMPT 54 W0 START cap=daisy4_053_neq32_nvar32.jl 2026-07-22T16:54:56.520
ATTEMPT 54 W0 SOLVE daisy4_053_neq32_nvar32.jl 2026-07-22T16:54:56.547
ATTEMPT 54 W0 DONE daisy4_053_neq32_nvar32.jl seed=526430 nsol=2 0.26s 2026-07-22T16:54:56.824
ATTEMPT 55 W0 START cap=daisy4_054_neq32_nvar32.jl 2026-07-22T16:54:56.824
ATTEMPT 55 W0 SOLVE daisy4_054_neq32_nvar32.jl 2026-07-22T16:54:56.862
ATTEMPT 55 W0 DONE daisy4_054_neq32_nvar32.jl seed=526431 nsol=2 0.39s 2026-07-22T16:54:57.254
ATTEMPT 56 W0 START cap=daisy4_055_neq32_nvar32.jl 2026-07-22T16:54:57.257
ATTEMPT 56 W0 SOLVE daisy4_055_neq32_nvar32.jl 2026-07-22T16:54:57.296
ATTEMPT 56 W0 DONE daisy4_055_neq32_nvar32.jl seed=526432 nsol=2 0.77s 2026-07-22T16:54:58.064
ATTEMPT 57 W0 START cap=daisy4_056_neq32_nvar32.jl 2026-07-22T16:54:58.064
ATTEMPT 57 W0 SOLVE daisy4_056_neq32_nvar32.jl 2026-07-22T16:54:58.079
ATTEMPT 57 W0 DONE daisy4_056_neq32_nvar32.jl seed=526433 nsol=2 0.34s 2026-07-22T16:54:58.432
ATTEMPT 58 W0 START cap=daisy4_057_neq32_nvar32.jl 2026-07-22T16:54:58.432
ATTEMPT 58 W0 SOLVE daisy4_057_neq32_nvar32.jl 2026-07-22T16:54:58.463
ATTEMPT 58 W0 DONE daisy4_057_neq32_nvar32.jl seed=526434 nsol=2 0.54s 2026-07-22T16:54:59.006
ATTEMPT 59 W0 START cap=daisy4_058_neq32_nvar32.jl 2026-07-22T16:54:59.006
ATTEMPT 59 W0 SOLVE daisy4_058_neq32_nvar32.jl 2026-07-22T16:54:59.032
ATTEMPT 59 W0 DONE daisy4_058_neq32_nvar32.jl seed=526435 nsol=2 0.32s 2026-07-22T16:54:59.348
ATTEMPT 60 W0 START cap=daisy4_059_neq32_nvar32.jl 2026-07-22T16:54:59.348
ATTEMPT 60 W0 SOLVE daisy4_059_neq32_nvar32.jl 2026-07-22T16:54:59.364
ATTEMPT 60 W0 DONE daisy4_059_neq32_nvar32.jl seed=526436 nsol=2 0.20s 2026-07-22T16:54:59.559
HUNT2 complete 2026-07-22T16:54:59.568
