HUNT2 start mode=seq hcthr=on nworkers=0 nthreads=14 ngcthreads=14 nsolves=60 seed_base=1227795 shape=capdir:/home/orebas/.julia/dev/ODEParameterEstimation/repro/hc_threading_mwe_2026_07_22/captured_systems pid=2161845 julia=1.12.6 HC=2.20.0 2026-07-22T17:10:01.765
ATTEMPT 1 W0 START cap=daisy4_000_neq32_nvar32.jl 2026-07-22T17:10:12.012
ATTEMPT 1 W0 SOLVE daisy4_000_neq32_nvar32.jl 2026-07-22T17:10:13.683
Computing mixed cells... 2    Time: 0:00:01[K
   mixed_volume: 2[K[A
[K[AComputing mixed cells... 10    Time: 0:00:01[K
   mixed_volume: 12[K
ATTEMPT 1 W0 DONE daisy4_000_neq32_nvar32.jl seed=1227796 nsol=2 88.55s 2026-07-22T17:11:42.327
ATTEMPT 2 W0 START cap=daisy4_001_neq32_nvar32.jl 2026-07-22T17:11:42.611
ATTEMPT 2 W0 SOLVE daisy4_001_neq32_nvar32.jl 2026-07-22T17:11:42.623
ATTEMPT 2 W0 DONE daisy4_001_neq32_nvar32.jl seed=1227797 nsol=2 0.16s 2026-07-22T17:11:42.784
ATTEMPT 3 W0 START cap=daisy4_002_neq32_nvar32.jl 2026-07-22T17:11:42.785
ATTEMPT 3 W0 SOLVE daisy4_002_neq32_nvar32.jl 2026-07-22T17:11:42.792
ATTEMPT 3 W0 DONE daisy4_002_neq32_nvar32.jl seed=1227798 nsol=2 0.24s 2026-07-22T17:11:43.029
ATTEMPT 4 W0 START cap=daisy4_003_neq32_nvar32.jl 2026-07-22T17:11:43.029
ATTEMPT 4 W0 SOLVE daisy4_003_neq32_nvar32.jl 2026-07-22T17:11:43.043
ATTEMPT 4 W0 DONE daisy4_003_neq32_nvar32.jl seed=1227799 nsol=2 0.15s 2026-07-22T17:11:43.192
ATTEMPT 5 W0 START cap=daisy4_004_neq32_nvar32.jl 2026-07-22T17:11:43.192
ATTEMPT 5 W0 SOLVE daisy4_004_neq32_nvar32.jl 2026-07-22T17:11:43.206
ATTEMPT 5 W0 DONE daisy4_004_neq32_nvar32.jl seed=1227800 nsol=2 0.17s 2026-07-22T17:11:43.377
ATTEMPT 6 W0 START cap=daisy4_005_neq32_nvar32.jl 2026-07-22T17:11:43.377
ATTEMPT 6 W0 SOLVE daisy4_005_neq32_nvar32.jl 2026-07-22T17:11:43.390
ATTEMPT 6 W0 DONE daisy4_005_neq32_nvar32.jl seed=1227801 nsol=2 0.16s 2026-07-22T17:11:43.546
ATTEMPT 7 W0 START cap=daisy4_006_neq32_nvar32.jl 2026-07-22T17:11:43.547
ATTEMPT 7 W0 SOLVE daisy4_006_neq32_nvar32.jl 2026-07-22T17:11:43.555
ATTEMPT 7 W0 DONE daisy4_006_neq32_nvar32.jl seed=1227802 nsol=2 0.14s 2026-07-22T17:11:43.693
ATTEMPT 8 W0 START cap=daisy4_007_neq32_nvar32.jl 2026-07-22T17:11:43.693
ATTEMPT 8 W0 SOLVE daisy4_007_neq32_nvar32.jl 2026-07-22T17:11:43.701
ATTEMPT 8 W0 DONE daisy4_007_neq32_nvar32.jl seed=1227803 nsol=2 0.33s 2026-07-22T17:11:44.031
ATTEMPT 9 W0 START cap=daisy4_008_neq32_nvar32.jl 2026-07-22T17:11:44.031
ATTEMPT 9 W0 SOLVE daisy4_008_neq32_nvar32.jl 2026-07-22T17:11:44.047
ATTEMPT 9 W0 DONE daisy4_008_neq32_nvar32.jl seed=1227804 nsol=2 0.11s 2026-07-22T17:11:44.155
ATTEMPT 10 W0 START cap=daisy4_009_neq32_nvar32.jl 2026-07-22T17:11:44.155
ATTEMPT 10 W0 SOLVE daisy4_009_neq32_nvar32.jl 2026-07-22T17:11:44.168
ATTEMPT 10 W0 DONE daisy4_009_neq32_nvar32.jl seed=1227805 nsol=2 0.13s 2026-07-22T17:11:44.303
ATTEMPT 11 W0 START cap=daisy4_010_neq32_nvar32.jl 2026-07-22T17:11:44.303
ATTEMPT 11 W0 SOLVE daisy4_010_neq32_nvar32.jl 2026-07-22T17:11:44.319
ATTEMPT 11 W0 DONE daisy4_010_neq32_nvar32.jl seed=1227806 nsol=2 0.22s 2026-07-22T17:11:44.534
ATTEMPT 12 W0 START cap=daisy4_011_neq32_nvar32.jl 2026-07-22T17:11:44.535
ATTEMPT 12 W0 SOLVE daisy4_011_neq32_nvar32.jl 2026-07-22T17:11:44.552
ATTEMPT 12 W0 DONE daisy4_011_neq32_nvar32.jl seed=1227807 nsol=2 0.37s 2026-07-22T17:11:44.926
ATTEMPT 13 W0 START cap=daisy4_012_neq32_nvar32.jl 2026-07-22T17:11:44.927
ATTEMPT 13 W0 SOLVE daisy4_012_neq32_nvar32.jl 2026-07-22T17:11:44.946
ATTEMPT 13 W0 DONE daisy4_012_neq32_nvar32.jl seed=1227808 nsol=2 0.22s 2026-07-22T17:11:45.170
ATTEMPT 14 W0 START cap=daisy4_013_neq32_nvar32.jl 2026-07-22T17:11:45.171
ATTEMPT 14 W0 SOLVE daisy4_013_neq32_nvar32.jl 2026-07-22T17:11:45.186
ATTEMPT 14 W0 DONE daisy4_013_neq32_nvar32.jl seed=1227809 nsol=2 0.14s 2026-07-22T17:11:45.329
ATTEMPT 15 W0 START cap=daisy4_014_neq32_nvar32.jl 2026-07-22T17:11:45.329
ATTEMPT 15 W0 SOLVE daisy4_014_neq32_nvar32.jl 2026-07-22T17:11:45.341
ATTEMPT 15 W0 DONE daisy4_014_neq32_nvar32.jl seed=1227810 nsol=2 0.25s 2026-07-22T17:11:45.595
ATTEMPT 16 W0 START cap=daisy4_015_neq32_nvar32.jl 2026-07-22T17:11:45.598
ATTEMPT 16 W0 SOLVE daisy4_015_neq32_nvar32.jl 2026-07-22T17:11:45.614
ATTEMPT 16 W0 DONE daisy4_015_neq32_nvar32.jl seed=1227811 nsol=2 0.27s 2026-07-22T17:11:45.887
ATTEMPT 17 W0 START cap=daisy4_016_neq32_nvar32.jl 2026-07-22T17:11:45.888
ATTEMPT 17 W0 SOLVE daisy4_016_neq32_nvar32.jl 2026-07-22T17:11:45.897
ATTEMPT 17 W0 DONE daisy4_016_neq32_nvar32.jl seed=1227812 nsol=2 0.16s 2026-07-22T17:11:46.053
ATTEMPT 18 W0 START cap=daisy4_017_neq32_nvar32.jl 2026-07-22T17:11:46.053
ATTEMPT 18 W0 SOLVE daisy4_017_neq32_nvar32.jl 2026-07-22T17:11:46.066
ATTEMPT 18 W0 DONE daisy4_017_neq32_nvar32.jl seed=1227813 nsol=2 0.21s 2026-07-22T17:11:46.276
ATTEMPT 19 W0 START cap=daisy4_018_neq32_nvar32.jl 2026-07-22T17:11:46.276
ATTEMPT 19 W0 SOLVE daisy4_018_neq32_nvar32.jl 2026-07-22T17:11:46.295
ATTEMPT 19 W0 DONE daisy4_018_neq32_nvar32.jl seed=1227814 nsol=2 0.23s 2026-07-22T17:11:46.521
ATTEMPT 20 W0 START cap=daisy4_019_neq32_nvar32.jl 2026-07-22T17:11:46.521
ATTEMPT 20 W0 SOLVE daisy4_019_neq32_nvar32.jl 2026-07-22T17:11:46.528
ATTEMPT 20 W0 DONE daisy4_019_neq32_nvar32.jl seed=1227815 nsol=2 0.11s 2026-07-22T17:11:46.637
ATTEMPT 21 W0 START cap=daisy4_020_neq32_nvar32.jl 2026-07-22T17:11:46.643
ATTEMPT 21 W0 SOLVE daisy4_020_neq32_nvar32.jl 2026-07-22T17:11:46.665
ATTEMPT 21 W0 DONE daisy4_020_neq32_nvar32.jl seed=1227816 nsol=2 0.14s 2026-07-22T17:11:46.807
ATTEMPT 22 W0 START cap=daisy4_021_neq32_nvar32.jl 2026-07-22T17:11:46.807
ATTEMPT 22 W0 SOLVE daisy4_021_neq32_nvar32.jl 2026-07-22T17:11:46.840
ATTEMPT 22 W0 DONE daisy4_021_neq32_nvar32.jl seed=1227817 nsol=2 0.21s 2026-07-22T17:11:47.053
ATTEMPT 23 W0 START cap=daisy4_022_neq32_nvar32.jl 2026-07-22T17:11:47.053
ATTEMPT 23 W0 SOLVE daisy4_022_neq32_nvar32.jl 2026-07-22T17:11:47.066
ATTEMPT 23 W0 DONE daisy4_022_neq32_nvar32.jl seed=1227818 nsol=2 0.23s 2026-07-22T17:11:47.301
ATTEMPT 24 W0 START cap=daisy4_023_neq32_nvar32.jl 2026-07-22T17:11:47.302
ATTEMPT 24 W0 SOLVE daisy4_023_neq32_nvar32.jl 2026-07-22T17:11:47.309
ATTEMPT 24 W0 DONE daisy4_023_neq32_nvar32.jl seed=1227819 nsol=2 0.30s 2026-07-22T17:11:47.617
ATTEMPT 25 W0 START cap=daisy4_024_neq32_nvar32.jl 2026-07-22T17:11:47.617
ATTEMPT 25 W0 SOLVE daisy4_024_neq32_nvar32.jl 2026-07-22T17:11:47.630
ATTEMPT 25 W0 DONE daisy4_024_neq32_nvar32.jl seed=1227820 nsol=2 0.20s 2026-07-22T17:11:47.846
ATTEMPT 26 W0 START cap=daisy4_025_neq32_nvar32.jl 2026-07-22T17:11:47.846
ATTEMPT 26 W0 SOLVE daisy4_025_neq32_nvar32.jl 2026-07-22T17:11:47.867
ATTEMPT 26 W0 DONE daisy4_025_neq32_nvar32.jl seed=1227821 nsol=2 0.29s 2026-07-22T17:11:48.155
ATTEMPT 27 W0 START cap=daisy4_026_neq32_nvar32.jl 2026-07-22T17:11:48.155
ATTEMPT 27 W0 SOLVE daisy4_026_neq32_nvar32.jl 2026-07-22T17:11:48.162
ATTEMPT 27 W0 DONE daisy4_026_neq32_nvar32.jl seed=1227822 nsol=2 0.32s 2026-07-22T17:11:48.486
ATTEMPT 28 W0 START cap=daisy4_027_neq32_nvar32.jl 2026-07-22T17:11:48.486
ATTEMPT 28 W0 SOLVE daisy4_027_neq32_nvar32.jl 2026-07-22T17:11:48.507
ATTEMPT 28 W0 DONE daisy4_027_neq32_nvar32.jl seed=1227823 nsol=2 0.47s 2026-07-22T17:11:48.981
ATTEMPT 29 W0 START cap=daisy4_028_neq32_nvar32.jl 2026-07-22T17:11:48.983
ATTEMPT 29 W0 SOLVE daisy4_028_neq32_nvar32.jl 2026-07-22T17:11:49.010
ATTEMPT 29 W0 DONE daisy4_028_neq32_nvar32.jl seed=1227824 nsol=2 0.28s 2026-07-22T17:11:49.302
ATTEMPT 30 W0 START cap=daisy4_029_neq32_nvar32.jl 2026-07-22T17:11:49.303
ATTEMPT 30 W0 SOLVE daisy4_029_neq32_nvar32.jl 2026-07-22T17:11:49.311
ATTEMPT 30 W0 DONE daisy4_029_neq32_nvar32.jl seed=1227825 nsol=2 0.17s 2026-07-22T17:11:49.479
ATTEMPT 31 W0 START cap=daisy4_030_neq32_nvar32.jl 2026-07-22T17:11:49.480
ATTEMPT 31 W0 SOLVE daisy4_030_neq32_nvar32.jl 2026-07-22T17:11:49.496
ATTEMPT 31 W0 DONE daisy4_030_neq32_nvar32.jl seed=1227826 nsol=2 0.30s 2026-07-22T17:11:49.794
ATTEMPT 32 W0 START cap=daisy4_031_neq32_nvar32.jl 2026-07-22T17:11:49.794
ATTEMPT 32 W0 SOLVE daisy4_031_neq32_nvar32.jl 2026-07-22T17:11:49.809
ATTEMPT 32 W0 DONE daisy4_031_neq32_nvar32.jl seed=1227827 nsol=2 0.30s 2026-07-22T17:11:50.106
ATTEMPT 33 W0 START cap=daisy4_032_neq32_nvar32.jl 2026-07-22T17:11:50.107
ATTEMPT 33 W0 SOLVE daisy4_032_neq32_nvar32.jl 2026-07-22T17:11:50.127
ATTEMPT 33 W0 DONE daisy4_032_neq32_nvar32.jl seed=1227828 nsol=2 0.82s 2026-07-22T17:11:50.952
ATTEMPT 34 W0 START cap=daisy4_033_neq32_nvar32.jl 2026-07-22T17:11:50.952
ATTEMPT 34 W0 SOLVE daisy4_033_neq32_nvar32.jl 2026-07-22T17:11:50.968
ATTEMPT 34 W0 DONE daisy4_033_neq32_nvar32.jl seed=1227829 nsol=2 0.23s 2026-07-22T17:11:51.196
ATTEMPT 35 W0 START cap=daisy4_034_neq32_nvar32.jl 2026-07-22T17:11:51.196
ATTEMPT 35 W0 SOLVE daisy4_034_neq32_nvar32.jl 2026-07-22T17:11:51.209
ATTEMPT 35 W0 DONE daisy4_034_neq32_nvar32.jl seed=1227830 nsol=2 0.33s 2026-07-22T17:11:51.542
ATTEMPT 36 W0 START cap=daisy4_035_neq32_nvar32.jl 2026-07-22T17:11:51.543
ATTEMPT 36 W0 SOLVE daisy4_035_neq32_nvar32.jl 2026-07-22T17:11:51.576
ATTEMPT 36 W0 DONE daisy4_035_neq32_nvar32.jl seed=1227831 nsol=2 0.32s 2026-07-22T17:11:51.895
ATTEMPT 37 W0 START cap=daisy4_036_neq32_nvar32.jl 2026-07-22T17:11:51.895
ATTEMPT 37 W0 SOLVE daisy4_036_neq32_nvar32.jl 2026-07-22T17:11:51.923
ATTEMPT 37 W0 DONE daisy4_036_neq32_nvar32.jl seed=1227832 nsol=2 0.46s 2026-07-22T17:11:52.379
ATTEMPT 38 W0 START cap=daisy4_037_neq32_nvar32.jl 2026-07-22T17:11:52.379
ATTEMPT 38 W0 SOLVE daisy4_037_neq32_nvar32.jl 2026-07-22T17:11:52.398
ATTEMPT 38 W0 DONE daisy4_037_neq32_nvar32.jl seed=1227833 nsol=2 0.23s 2026-07-22T17:11:52.630
ATTEMPT 39 W0 START cap=daisy4_038_neq32_nvar32.jl 2026-07-22T17:11:52.630
ATTEMPT 39 W0 SOLVE daisy4_038_neq32_nvar32.jl 2026-07-22T17:11:52.655
ATTEMPT 39 W0 DONE daisy4_038_neq32_nvar32.jl seed=1227834 nsol=2 0.23s 2026-07-22T17:11:52.886
ATTEMPT 40 W0 START cap=daisy4_039_neq32_nvar32.jl 2026-07-22T17:11:52.887
ATTEMPT 40 W0 SOLVE daisy4_039_neq32_nvar32.jl 2026-07-22T17:11:52.916
ATTEMPT 40 W0 DONE daisy4_039_neq32_nvar32.jl seed=1227835 nsol=2 0.28s 2026-07-22T17:11:53.192
ATTEMPT 41 W0 START cap=daisy4_040_neq32_nvar32.jl 2026-07-22T17:11:53.193
ATTEMPT 41 W0 SOLVE daisy4_040_neq32_nvar32.jl 2026-07-22T17:11:53.204
ATTEMPT 41 W0 DONE daisy4_040_neq32_nvar32.jl seed=1227836 nsol=2 0.19s 2026-07-22T17:11:53.392
ATTEMPT 42 W0 START cap=daisy4_041_neq32_nvar32.jl 2026-07-22T17:11:53.393
ATTEMPT 42 W0 SOLVE daisy4_041_neq32_nvar32.jl 2026-07-22T17:11:53.404
ATTEMPT 42 W0 DONE daisy4_041_neq32_nvar32.jl seed=1227837 nsol=2 0.31s 2026-07-22T17:11:53.722
ATTEMPT 43 W0 START cap=daisy4_042_neq32_nvar32.jl 2026-07-22T17:11:53.723
ATTEMPT 43 W0 SOLVE daisy4_042_neq32_nvar32.jl 2026-07-22T17:11:53.740
Computing mixed cells... 2    Time: 0:00:03[K
   mixed_volume: 3[K[A
[K[AComputing mixed cells... 7    Time: 0:00:03[K
   mixed_volume: 12[K
ATTEMPT 43 W0 DONE daisy4_042_neq32_nvar32.jl seed=1227838 nsol=2 3.73s 2026-07-22T17:11:57.470
ATTEMPT 44 W0 START cap=daisy4_043_neq32_nvar32.jl 2026-07-22T17:11:57.470
ATTEMPT 44 W0 SOLVE daisy4_043_neq32_nvar32.jl 2026-07-22T17:11:57.478
ATTEMPT 44 W0 DONE daisy4_043_neq32_nvar32.jl seed=1227839 nsol=2 0.21s 2026-07-22T17:11:57.685
ATTEMPT 45 W0 START cap=daisy4_044_neq32_nvar32.jl 2026-07-22T17:11:57.685
ATTEMPT 45 W0 SOLVE daisy4_044_neq32_nvar32.jl 2026-07-22T17:11:57.701
ATTEMPT 45 W0 DONE daisy4_044_neq32_nvar32.jl seed=1227840 nsol=2 0.27s 2026-07-22T17:11:57.967
ATTEMPT 46 W0 START cap=daisy4_045_neq32_nvar32.jl 2026-07-22T17:11:57.967
ATTEMPT 46 W0 SOLVE daisy4_045_neq32_nvar32.jl 2026-07-22T17:11:57.986
ATTEMPT 46 W0 DONE daisy4_045_neq32_nvar32.jl seed=1227841 nsol=2 0.27s 2026-07-22T17:11:58.261
ATTEMPT 47 W0 START cap=daisy4_046_neq32_nvar32.jl 2026-07-22T17:11:58.261
ATTEMPT 47 W0 SOLVE daisy4_046_neq32_nvar32.jl 2026-07-22T17:11:58.272
ATTEMPT 47 W0 DONE daisy4_046_neq32_nvar32.jl seed=1227842 nsol=2 0.21s 2026-07-22T17:11:58.487
ATTEMPT 48 W0 START cap=daisy4_047_neq32_nvar32.jl 2026-07-22T17:11:58.488
ATTEMPT 48 W0 SOLVE daisy4_047_neq32_nvar32.jl 2026-07-22T17:11:58.503
ATTEMPT 48 W0 DONE daisy4_047_neq32_nvar32.jl seed=1227843 nsol=2 0.31s 2026-07-22T17:11:58.814
ATTEMPT 49 W0 START cap=daisy4_048_neq32_nvar32.jl 2026-07-22T17:11:58.814
ATTEMPT 49 W0 SOLVE daisy4_048_neq32_nvar32.jl 2026-07-22T17:11:58.839
ATTEMPT 49 W0 DONE daisy4_048_neq32_nvar32.jl seed=1227844 nsol=2 0.22s 2026-07-22T17:11:59.057
ATTEMPT 50 W0 START cap=daisy4_049_neq32_nvar32.jl 2026-07-22T17:11:59.057
ATTEMPT 50 W0 SOLVE daisy4_049_neq32_nvar32.jl 2026-07-22T17:11:59.065
ATTEMPT 50 W0 DONE daisy4_049_neq32_nvar32.jl seed=1227845 nsol=2 0.16s 2026-07-22T17:11:59.230
ATTEMPT 51 W0 START cap=daisy4_050_neq32_nvar32.jl 2026-07-22T17:11:59.230
ATTEMPT 51 W0 SOLVE daisy4_050_neq32_nvar32.jl 2026-07-22T17:11:59.249
ATTEMPT 51 W0 DONE daisy4_050_neq32_nvar32.jl seed=1227846 nsol=2 0.18s 2026-07-22T17:11:59.426
ATTEMPT 52 W0 START cap=daisy4_051_neq32_nvar32.jl 2026-07-22T17:11:59.426
ATTEMPT 52 W0 SOLVE daisy4_051_neq32_nvar32.jl 2026-07-22T17:11:59.440
ATTEMPT 52 W0 DONE daisy4_051_neq32_nvar32.jl seed=1227847 nsol=2 0.20s 2026-07-22T17:11:59.638
ATTEMPT 53 W0 START cap=daisy4_052_neq32_nvar32.jl 2026-07-22T17:11:59.639
ATTEMPT 53 W0 SOLVE daisy4_052_neq32_nvar32.jl 2026-07-22T17:11:59.651
ATTEMPT 53 W0 DONE daisy4_052_neq32_nvar32.jl seed=1227848 nsol=2 0.15s 2026-07-22T17:11:59.799
ATTEMPT 54 W0 START cap=daisy4_053_neq32_nvar32.jl 2026-07-22T17:11:59.799
ATTEMPT 54 W0 SOLVE daisy4_053_neq32_nvar32.jl 2026-07-22T17:11:59.827
ATTEMPT 54 W0 DONE daisy4_053_neq32_nvar32.jl seed=1227849 nsol=2 0.30s 2026-07-22T17:12:00.129
ATTEMPT 55 W0 START cap=daisy4_054_neq32_nvar32.jl 2026-07-22T17:12:00.129
ATTEMPT 55 W0 SOLVE daisy4_054_neq32_nvar32.jl 2026-07-22T17:12:00.137
ATTEMPT 55 W0 DONE daisy4_054_neq32_nvar32.jl seed=1227850 nsol=2 0.13s 2026-07-22T17:12:00.264
ATTEMPT 56 W0 START cap=daisy4_055_neq32_nvar32.jl 2026-07-22T17:12:00.264
ATTEMPT 56 W0 SOLVE daisy4_055_neq32_nvar32.jl 2026-07-22T17:12:00.277
ATTEMPT 56 W0 DONE daisy4_055_neq32_nvar32.jl seed=1227851 nsol=2 0.14s 2026-07-22T17:12:00.421
ATTEMPT 57 W0 START cap=daisy4_056_neq32_nvar32.jl 2026-07-22T17:12:00.421
ATTEMPT 57 W0 SOLVE daisy4_056_neq32_nvar32.jl 2026-07-22T17:12:00.436
ATTEMPT 57 W0 DONE daisy4_056_neq32_nvar32.jl seed=1227852 nsol=2 0.15s 2026-07-22T17:12:00.582
ATTEMPT 58 W0 START cap=daisy4_057_neq32_nvar32.jl 2026-07-22T17:12:00.582
ATTEMPT 58 W0 SOLVE daisy4_057_neq32_nvar32.jl 2026-07-22T17:12:00.600
ATTEMPT 58 W0 DONE daisy4_057_neq32_nvar32.jl seed=1227853 nsol=2 0.45s 2026-07-22T17:12:01.053
ATTEMPT 59 W0 START cap=daisy4_058_neq32_nvar32.jl 2026-07-22T17:12:01.053
ATTEMPT 59 W0 SOLVE daisy4_058_neq32_nvar32.jl 2026-07-22T17:12:01.063
ATTEMPT 59 W0 DONE daisy4_058_neq32_nvar32.jl seed=1227854 nsol=2 0.13s 2026-07-22T17:12:01.189
ATTEMPT 60 W0 START cap=daisy4_059_neq32_nvar32.jl 2026-07-22T17:12:01.189
ATTEMPT 60 W0 SOLVE daisy4_059_neq32_nvar32.jl 2026-07-22T17:12:01.203
ATTEMPT 60 W0 DONE daisy4_059_neq32_nvar32.jl seed=1227855 nsol=2 0.20s 2026-07-22T17:12:01.407
HUNT2 complete 2026-07-22T17:12:01.412
