HUNT2 start mode=seq hcthr=on nworkers=0 nthreads=14 ngcthreads=14 nsolves=60 seed_base=303976 shape=capdir:/home/orebas/.julia/dev/ODEParameterEstimation/repro/hc_threading_mwe_2026_07_22/captured_systems pid=1996040 julia=1.12.6 HC=2.20.0 2026-07-22T16:46:43.461
ATTEMPT 1 W0 START cap=daisy4_000_neq32_nvar32.jl 2026-07-22T16:46:51.758
ATTEMPT 1 W0 SOLVE daisy4_000_neq32_nvar32.jl 2026-07-22T16:46:58.840
Computing mixed cells... 2    Time: 0:00:01[K
   mixed_volume: 2[K[A
[K[AComputing mixed cells... 7    Time: 0:00:01[K
   mixed_volume: 12[K
ATTEMPT 1 W0 DONE daisy4_000_neq32_nvar32.jl seed=303977 nsol=2 133.30s 2026-07-22T16:49:12.696
ATTEMPT 2 W0 START cap=daisy4_001_neq32_nvar32.jl 2026-07-22T16:49:14.135
ATTEMPT 2 W0 SOLVE daisy4_001_neq32_nvar32.jl 2026-07-22T16:49:14.156
ATTEMPT 2 W0 DONE daisy4_001_neq32_nvar32.jl seed=303978 nsol=2 0.18s 2026-07-22T16:49:14.332
ATTEMPT 3 W0 START cap=daisy4_002_neq32_nvar32.jl 2026-07-22T16:49:14.332
ATTEMPT 3 W0 SOLVE daisy4_002_neq32_nvar32.jl 2026-07-22T16:49:14.364
ATTEMPT 3 W0 DONE daisy4_002_neq32_nvar32.jl seed=303979 nsol=2 0.30s 2026-07-22T16:49:14.667
ATTEMPT 4 W0 START cap=daisy4_003_neq32_nvar32.jl 2026-07-22T16:49:14.667
ATTEMPT 4 W0 SOLVE daisy4_003_neq32_nvar32.jl 2026-07-22T16:49:14.689
ATTEMPT 4 W0 DONE daisy4_003_neq32_nvar32.jl seed=303980 nsol=2 0.41s 2026-07-22T16:49:15.103
ATTEMPT 5 W0 START cap=daisy4_004_neq32_nvar32.jl 2026-07-22T16:49:15.103
ATTEMPT 5 W0 SOLVE daisy4_004_neq32_nvar32.jl 2026-07-22T16:49:15.154
ATTEMPT 5 W0 DONE daisy4_004_neq32_nvar32.jl seed=303981 nsol=2 0.34s 2026-07-22T16:49:15.494
ATTEMPT 6 W0 START cap=daisy4_005_neq32_nvar32.jl 2026-07-22T16:49:15.494
ATTEMPT 6 W0 SOLVE daisy4_005_neq32_nvar32.jl 2026-07-22T16:49:15.511
ATTEMPT 6 W0 DONE daisy4_005_neq32_nvar32.jl seed=303982 nsol=2 0.21s 2026-07-22T16:49:15.724
ATTEMPT 7 W0 START cap=daisy4_006_neq32_nvar32.jl 2026-07-22T16:49:15.724
ATTEMPT 7 W0 SOLVE daisy4_006_neq32_nvar32.jl 2026-07-22T16:49:15.776
ATTEMPT 7 W0 DONE daisy4_006_neq32_nvar32.jl seed=303983 nsol=2 3.90s 2026-07-22T16:49:19.694
ATTEMPT 8 W0 START cap=daisy4_007_neq32_nvar32.jl 2026-07-22T16:49:19.694
ATTEMPT 8 W0 SOLVE daisy4_007_neq32_nvar32.jl 2026-07-22T16:49:19.746
ATTEMPT 8 W0 DONE daisy4_007_neq32_nvar32.jl seed=303984 nsol=2 0.21s 2026-07-22T16:49:19.954
ATTEMPT 9 W0 START cap=daisy4_008_neq32_nvar32.jl 2026-07-22T16:49:19.954
ATTEMPT 9 W0 SOLVE daisy4_008_neq32_nvar32.jl 2026-07-22T16:49:19.987
Computing mixed cells... 2    Time: 0:00:00[K
   mixed_volume: 7[K[A
[K[AComputing mixed cells... 4    Time: 0:00:00[K
   mixed_volume: 12[K
ATTEMPT 9 W0 DONE daisy4_008_neq32_nvar32.jl seed=303985 nsol=2 0.76s 2026-07-22T16:49:20.754
ATTEMPT 10 W0 START cap=daisy4_009_neq32_nvar32.jl 2026-07-22T16:49:20.754
ATTEMPT 10 W0 SOLVE daisy4_009_neq32_nvar32.jl 2026-07-22T16:49:20.795
ATTEMPT 10 W0 DONE daisy4_009_neq32_nvar32.jl seed=303986 nsol=2 0.35s 2026-07-22T16:49:21.147
ATTEMPT 11 W0 START cap=daisy4_010_neq32_nvar32.jl 2026-07-22T16:49:21.147
ATTEMPT 11 W0 SOLVE daisy4_010_neq32_nvar32.jl 2026-07-22T16:49:21.173
ATTEMPT 11 W0 DONE daisy4_010_neq32_nvar32.jl seed=303987 nsol=2 0.18s 2026-07-22T16:49:21.358
ATTEMPT 12 W0 START cap=daisy4_011_neq32_nvar32.jl 2026-07-22T16:49:21.358
ATTEMPT 12 W0 SOLVE daisy4_011_neq32_nvar32.jl 2026-07-22T16:49:21.390
ATTEMPT 12 W0 DONE daisy4_011_neq32_nvar32.jl seed=303988 nsol=2 0.15s 2026-07-22T16:49:21.538
ATTEMPT 13 W0 START cap=daisy4_012_neq32_nvar32.jl 2026-07-22T16:49:21.538
ATTEMPT 13 W0 SOLVE daisy4_012_neq32_nvar32.jl 2026-07-22T16:49:21.560
ATTEMPT 13 W0 DONE daisy4_012_neq32_nvar32.jl seed=303989 nsol=2 0.38s 2026-07-22T16:49:21.938
ATTEMPT 14 W0 START cap=daisy4_013_neq32_nvar32.jl 2026-07-22T16:49:21.938
ATTEMPT 14 W0 SOLVE daisy4_013_neq32_nvar32.jl 2026-07-22T16:49:21.971
ATTEMPT 14 W0 DONE daisy4_013_neq32_nvar32.jl seed=303990 nsol=2 0.41s 2026-07-22T16:49:22.386
ATTEMPT 15 W0 START cap=daisy4_014_neq32_nvar32.jl 2026-07-22T16:49:22.386
ATTEMPT 15 W0 SOLVE daisy4_014_neq32_nvar32.jl 2026-07-22T16:49:22.408
ATTEMPT 15 W0 DONE daisy4_014_neq32_nvar32.jl seed=303991 nsol=2 0.22s 2026-07-22T16:49:22.632
ATTEMPT 16 W0 START cap=daisy4_015_neq32_nvar32.jl 2026-07-22T16:49:22.632
ATTEMPT 16 W0 SOLVE daisy4_015_neq32_nvar32.jl 2026-07-22T16:49:22.650
ATTEMPT 16 W0 DONE daisy4_015_neq32_nvar32.jl seed=303992 nsol=2 0.21s 2026-07-22T16:49:22.862
ATTEMPT 17 W0 START cap=daisy4_016_neq32_nvar32.jl 2026-07-22T16:49:22.862
ATTEMPT 17 W0 SOLVE daisy4_016_neq32_nvar32.jl 2026-07-22T16:49:22.872
ATTEMPT 17 W0 DONE daisy4_016_neq32_nvar32.jl seed=303993 nsol=2 0.21s 2026-07-22T16:49:23.085
ATTEMPT 18 W0 START cap=daisy4_017_neq32_nvar32.jl 2026-07-22T16:49:23.085
ATTEMPT 18 W0 SOLVE daisy4_017_neq32_nvar32.jl 2026-07-22T16:49:23.124
ATTEMPT 18 W0 DONE daisy4_017_neq32_nvar32.jl seed=303994 nsol=2 0.38s 2026-07-22T16:49:23.508
ATTEMPT 19 W0 START cap=daisy4_018_neq32_nvar32.jl 2026-07-22T16:49:23.508
ATTEMPT 19 W0 SOLVE daisy4_018_neq32_nvar32.jl 2026-07-22T16:49:23.543
ATTEMPT 19 W0 DONE daisy4_018_neq32_nvar32.jl seed=303995 nsol=2 0.31s 2026-07-22T16:49:23.854
ATTEMPT 20 W0 START cap=daisy4_019_neq32_nvar32.jl 2026-07-22T16:49:23.854
ATTEMPT 20 W0 SOLVE daisy4_019_neq32_nvar32.jl 2026-07-22T16:49:23.914
ATTEMPT 20 W0 DONE daisy4_019_neq32_nvar32.jl seed=303996 nsol=2 0.46s 2026-07-22T16:49:24.370
ATTEMPT 21 W0 START cap=daisy4_020_neq32_nvar32.jl 2026-07-22T16:49:24.370
ATTEMPT 21 W0 SOLVE daisy4_020_neq32_nvar32.jl 2026-07-22T16:49:24.410
ATTEMPT 21 W0 DONE daisy4_020_neq32_nvar32.jl seed=303997 nsol=2 0.34s 2026-07-22T16:49:24.749
ATTEMPT 22 W0 START cap=daisy4_021_neq32_nvar32.jl 2026-07-22T16:49:24.749
ATTEMPT 22 W0 SOLVE daisy4_021_neq32_nvar32.jl 2026-07-22T16:49:24.771
ATTEMPT 22 W0 DONE daisy4_021_neq32_nvar32.jl seed=303998 nsol=2 0.24s 2026-07-22T16:49:25.015
ATTEMPT 23 W0 START cap=daisy4_022_neq32_nvar32.jl 2026-07-22T16:49:25.015
ATTEMPT 23 W0 SOLVE daisy4_022_neq32_nvar32.jl 2026-07-22T16:49:25.052
ATTEMPT 23 W0 DONE daisy4_022_neq32_nvar32.jl seed=303999 nsol=2 0.35s 2026-07-22T16:49:25.402
ATTEMPT 24 W0 START cap=daisy4_023_neq32_nvar32.jl 2026-07-22T16:49:25.402
ATTEMPT 24 W0 SOLVE daisy4_023_neq32_nvar32.jl 2026-07-22T16:49:25.432
ATTEMPT 24 W0 DONE daisy4_023_neq32_nvar32.jl seed=304000 nsol=2 0.43s 2026-07-22T16:49:25.862
ATTEMPT 25 W0 START cap=daisy4_024_neq32_nvar32.jl 2026-07-22T16:49:25.862
ATTEMPT 25 W0 SOLVE daisy4_024_neq32_nvar32.jl 2026-07-22T16:49:25.901
ATTEMPT 25 W0 DONE daisy4_024_neq32_nvar32.jl seed=304001 nsol=2 0.37s 2026-07-22T16:49:26.270
ATTEMPT 26 W0 START cap=daisy4_025_neq32_nvar32.jl 2026-07-22T16:49:26.270
ATTEMPT 26 W0 SOLVE daisy4_025_neq32_nvar32.jl 2026-07-22T16:49:26.297
ATTEMPT 26 W0 DONE daisy4_025_neq32_nvar32.jl seed=304002 nsol=2 0.44s 2026-07-22T16:49:26.741
ATTEMPT 27 W0 START cap=daisy4_026_neq32_nvar32.jl 2026-07-22T16:49:26.741
ATTEMPT 27 W0 SOLVE daisy4_026_neq32_nvar32.jl 2026-07-22T16:49:26.788
ATTEMPT 27 W0 DONE daisy4_026_neq32_nvar32.jl seed=304003 nsol=2 0.35s 2026-07-22T16:49:27.139
ATTEMPT 28 W0 START cap=daisy4_027_neq32_nvar32.jl 2026-07-22T16:49:27.139
ATTEMPT 28 W0 SOLVE daisy4_027_neq32_nvar32.jl 2026-07-22T16:49:27.164
ATTEMPT 28 W0 DONE daisy4_027_neq32_nvar32.jl seed=304004 nsol=2 0.22s 2026-07-22T16:49:27.386
ATTEMPT 29 W0 START cap=daisy4_028_neq32_nvar32.jl 2026-07-22T16:49:27.386
ATTEMPT 29 W0 SOLVE daisy4_028_neq32_nvar32.jl 2026-07-22T16:49:27.405
ATTEMPT 29 W0 DONE daisy4_028_neq32_nvar32.jl seed=304005 nsol=2 0.36s 2026-07-22T16:49:27.766
ATTEMPT 30 W0 START cap=daisy4_029_neq32_nvar32.jl 2026-07-22T16:49:27.766
ATTEMPT 30 W0 SOLVE daisy4_029_neq32_nvar32.jl 2026-07-22T16:49:27.806
ATTEMPT 30 W0 DONE daisy4_029_neq32_nvar32.jl seed=304006 nsol=2 0.25s 2026-07-22T16:49:28.058
ATTEMPT 31 W0 START cap=daisy4_030_neq32_nvar32.jl 2026-07-22T16:49:28.059
ATTEMPT 31 W0 SOLVE daisy4_030_neq32_nvar32.jl 2026-07-22T16:49:28.068
ATTEMPT 31 W0 DONE daisy4_030_neq32_nvar32.jl seed=304007 nsol=2 0.20s 2026-07-22T16:49:28.272
ATTEMPT 32 W0 START cap=daisy4_031_neq32_nvar32.jl 2026-07-22T16:49:28.272
ATTEMPT 32 W0 SOLVE daisy4_031_neq32_nvar32.jl 2026-07-22T16:49:28.323
ATTEMPT 32 W0 DONE daisy4_031_neq32_nvar32.jl seed=304008 nsol=2 0.27s 2026-07-22T16:49:28.593
ATTEMPT 33 W0 START cap=daisy4_032_neq32_nvar32.jl 2026-07-22T16:49:28.594
ATTEMPT 33 W0 SOLVE daisy4_032_neq32_nvar32.jl 2026-07-22T16:49:28.614
ATTEMPT 33 W0 DONE daisy4_032_neq32_nvar32.jl seed=304009 nsol=2 0.30s 2026-07-22T16:49:28.921
ATTEMPT 34 W0 START cap=daisy4_033_neq32_nvar32.jl 2026-07-22T16:49:28.921
ATTEMPT 34 W0 SOLVE daisy4_033_neq32_nvar32.jl 2026-07-22T16:49:28.933
ATTEMPT 34 W0 DONE daisy4_033_neq32_nvar32.jl seed=304010 nsol=2 0.25s 2026-07-22T16:49:29.188
ATTEMPT 35 W0 START cap=daisy4_034_neq32_nvar32.jl 2026-07-22T16:49:29.188
ATTEMPT 35 W0 SOLVE daisy4_034_neq32_nvar32.jl 2026-07-22T16:49:29.205
ATTEMPT 35 W0 DONE daisy4_034_neq32_nvar32.jl seed=304011 nsol=2 0.24s 2026-07-22T16:49:29.442
ATTEMPT 36 W0 START cap=daisy4_035_neq32_nvar32.jl 2026-07-22T16:49:29.442
ATTEMPT 36 W0 SOLVE daisy4_035_neq32_nvar32.jl 2026-07-22T16:49:29.454
ATTEMPT 36 W0 DONE daisy4_035_neq32_nvar32.jl seed=304012 nsol=2 0.19s 2026-07-22T16:49:29.649
ATTEMPT 37 W0 START cap=daisy4_036_neq32_nvar32.jl 2026-07-22T16:49:29.649
ATTEMPT 37 W0 SOLVE daisy4_036_neq32_nvar32.jl 2026-07-22T16:49:29.666
ATTEMPT 37 W0 DONE daisy4_036_neq32_nvar32.jl seed=304013 nsol=2 0.35s 2026-07-22T16:49:30.011
ATTEMPT 38 W0 START cap=daisy4_037_neq32_nvar32.jl 2026-07-22T16:49:30.012
ATTEMPT 38 W0 SOLVE daisy4_037_neq32_nvar32.jl 2026-07-22T16:49:30.030
ATTEMPT 38 W0 DONE daisy4_037_neq32_nvar32.jl seed=304014 nsol=2 0.19s 2026-07-22T16:49:30.216
ATTEMPT 39 W0 START cap=daisy4_038_neq32_nvar32.jl 2026-07-22T16:49:30.217
ATTEMPT 39 W0 SOLVE daisy4_038_neq32_nvar32.jl 2026-07-22T16:49:30.225
ATTEMPT 39 W0 DONE daisy4_038_neq32_nvar32.jl seed=304015 nsol=2 0.22s 2026-07-22T16:49:30.450
ATTEMPT 40 W0 START cap=daisy4_039_neq32_nvar32.jl 2026-07-22T16:49:30.450
ATTEMPT 40 W0 SOLVE daisy4_039_neq32_nvar32.jl 2026-07-22T16:49:30.468
ATTEMPT 40 W0 DONE daisy4_039_neq32_nvar32.jl seed=304016 nsol=2 0.17s 2026-07-22T16:49:30.640
ATTEMPT 41 W0 START cap=daisy4_040_neq32_nvar32.jl 2026-07-22T16:49:30.641
ATTEMPT 41 W0 SOLVE daisy4_040_neq32_nvar32.jl 2026-07-22T16:49:30.658
ATTEMPT 41 W0 DONE daisy4_040_neq32_nvar32.jl seed=304017 nsol=2 0.29s 2026-07-22T16:49:30.950
ATTEMPT 42 W0 START cap=daisy4_041_neq32_nvar32.jl 2026-07-22T16:49:30.950
ATTEMPT 42 W0 SOLVE daisy4_041_neq32_nvar32.jl 2026-07-22T16:49:30.974
ATTEMPT 42 W0 DONE daisy4_041_neq32_nvar32.jl seed=304018 nsol=2 0.37s 2026-07-22T16:49:31.346
ATTEMPT 43 W0 START cap=daisy4_042_neq32_nvar32.jl 2026-07-22T16:49:31.346
ATTEMPT 43 W0 SOLVE daisy4_042_neq32_nvar32.jl 2026-07-22T16:49:31.355
ATTEMPT 43 W0 DONE daisy4_042_neq32_nvar32.jl seed=304019 nsol=2 0.16s 2026-07-22T16:49:31.512
ATTEMPT 44 W0 START cap=daisy4_043_neq32_nvar32.jl 2026-07-22T16:49:31.512
ATTEMPT 44 W0 SOLVE daisy4_043_neq32_nvar32.jl 2026-07-22T16:49:31.525
ATTEMPT 44 W0 DONE daisy4_043_neq32_nvar32.jl seed=304020 nsol=2 0.10s 2026-07-22T16:49:31.625
ATTEMPT 45 W0 START cap=daisy4_044_neq32_nvar32.jl 2026-07-22T16:49:31.625
ATTEMPT 45 W0 SOLVE daisy4_044_neq32_nvar32.jl 2026-07-22T16:49:31.633
ATTEMPT 45 W0 DONE daisy4_044_neq32_nvar32.jl seed=304021 nsol=2 0.33s 2026-07-22T16:49:31.972
ATTEMPT 46 W0 START cap=daisy4_045_neq32_nvar32.jl 2026-07-22T16:49:31.972
ATTEMPT 46 W0 SOLVE daisy4_045_neq32_nvar32.jl 2026-07-22T16:49:31.980
ATTEMPT 46 W0 DONE daisy4_045_neq32_nvar32.jl seed=304022 nsol=2 0.22s 2026-07-22T16:49:32.203
ATTEMPT 47 W0 START cap=daisy4_046_neq32_nvar32.jl 2026-07-22T16:49:32.203
ATTEMPT 47 W0 SOLVE daisy4_046_neq32_nvar32.jl 2026-07-22T16:49:32.221
ATTEMPT 47 W0 DONE daisy4_046_neq32_nvar32.jl seed=304023 nsol=2 0.14s 2026-07-22T16:49:32.363
ATTEMPT 48 W0 START cap=daisy4_047_neq32_nvar32.jl 2026-07-22T16:49:32.363
ATTEMPT 48 W0 SOLVE daisy4_047_neq32_nvar32.jl 2026-07-22T16:49:32.380
ATTEMPT 48 W0 DONE daisy4_047_neq32_nvar32.jl seed=304024 nsol=2 0.19s 2026-07-22T16:49:32.566
ATTEMPT 49 W0 START cap=daisy4_048_neq32_nvar32.jl 2026-07-22T16:49:32.566
ATTEMPT 49 W0 SOLVE daisy4_048_neq32_nvar32.jl 2026-07-22T16:49:32.583
ATTEMPT 49 W0 DONE daisy4_048_neq32_nvar32.jl seed=304025 nsol=2 0.19s 2026-07-22T16:49:32.774
ATTEMPT 50 W0 START cap=daisy4_049_neq32_nvar32.jl 2026-07-22T16:49:32.774
ATTEMPT 50 W0 SOLVE daisy4_049_neq32_nvar32.jl 2026-07-22T16:49:32.795
ATTEMPT 50 W0 DONE daisy4_049_neq32_nvar32.jl seed=304026 nsol=2 0.27s 2026-07-22T16:49:33.074
ATTEMPT 51 W0 START cap=daisy4_050_neq32_nvar32.jl 2026-07-22T16:49:33.074
ATTEMPT 51 W0 SOLVE daisy4_050_neq32_nvar32.jl 2026-07-22T16:49:33.083
ATTEMPT 51 W0 DONE daisy4_050_neq32_nvar32.jl seed=304027 nsol=2 0.20s 2026-07-22T16:49:33.282
ATTEMPT 52 W0 START cap=daisy4_051_neq32_nvar32.jl 2026-07-22T16:49:33.282
ATTEMPT 52 W0 SOLVE daisy4_051_neq32_nvar32.jl 2026-07-22T16:49:33.299
ATTEMPT 52 W0 DONE daisy4_051_neq32_nvar32.jl seed=304028 nsol=2 0.26s 2026-07-22T16:49:33.558
ATTEMPT 53 W0 START cap=daisy4_052_neq32_nvar32.jl 2026-07-22T16:49:33.558
ATTEMPT 53 W0 SOLVE daisy4_052_neq32_nvar32.jl 2026-07-22T16:49:33.565
ATTEMPT 53 W0 DONE daisy4_052_neq32_nvar32.jl seed=304029 nsol=2 0.14s 2026-07-22T16:49:33.708
ATTEMPT 54 W0 START cap=daisy4_053_neq32_nvar32.jl 2026-07-22T16:49:33.708
ATTEMPT 54 W0 SOLVE daisy4_053_neq32_nvar32.jl 2026-07-22T16:49:33.718
ATTEMPT 54 W0 DONE daisy4_053_neq32_nvar32.jl seed=304030 nsol=2 0.11s 2026-07-22T16:49:33.832
ATTEMPT 55 W0 START cap=daisy4_054_neq32_nvar32.jl 2026-07-22T16:49:33.832
ATTEMPT 55 W0 SOLVE daisy4_054_neq32_nvar32.jl 2026-07-22T16:49:33.855
ATTEMPT 55 W0 DONE daisy4_054_neq32_nvar32.jl seed=304031 nsol=2 0.22s 2026-07-22T16:49:34.074
ATTEMPT 56 W0 START cap=daisy4_055_neq32_nvar32.jl 2026-07-22T16:49:34.074
ATTEMPT 56 W0 SOLVE daisy4_055_neq32_nvar32.jl 2026-07-22T16:49:34.083
ATTEMPT 56 W0 DONE daisy4_055_neq32_nvar32.jl seed=304032 nsol=2 0.13s 2026-07-22T16:49:34.218
ATTEMPT 57 W0 START cap=daisy4_056_neq32_nvar32.jl 2026-07-22T16:49:34.218
ATTEMPT 57 W0 SOLVE daisy4_056_neq32_nvar32.jl 2026-07-22T16:49:34.242
ATTEMPT 57 W0 DONE daisy4_056_neq32_nvar32.jl seed=304033 nsol=2 0.23s 2026-07-22T16:49:34.469
ATTEMPT 58 W0 START cap=daisy4_057_neq32_nvar32.jl 2026-07-22T16:49:34.469
ATTEMPT 58 W0 SOLVE daisy4_057_neq32_nvar32.jl 2026-07-22T16:49:34.503
ATTEMPT 58 W0 DONE daisy4_057_neq32_nvar32.jl seed=304034 nsol=2 0.15s 2026-07-22T16:49:34.652
ATTEMPT 59 W0 START cap=daisy4_058_neq32_nvar32.jl 2026-07-22T16:49:34.652
ATTEMPT 59 W0 SOLVE daisy4_058_neq32_nvar32.jl 2026-07-22T16:49:34.660
ATTEMPT 59 W0 DONE daisy4_058_neq32_nvar32.jl seed=304035 nsol=2 0.09s 2026-07-22T16:49:34.751
ATTEMPT 60 W0 START cap=daisy4_059_neq32_nvar32.jl 2026-07-22T16:49:34.751
ATTEMPT 60 W0 SOLVE daisy4_059_neq32_nvar32.jl 2026-07-22T16:49:34.769
ATTEMPT 60 W0 DONE daisy4_059_neq32_nvar32.jl seed=304036 nsol=2 0.14s 2026-07-22T16:49:34.919
HUNT2 complete 2026-07-22T16:49:34.930
