HUNT2 start mode=seq hcthr=on nworkers=0 nthreads=14 ngcthreads=14 nsolves=60 seed_base=1014093 shape=capdir:/home/orebas/.julia/dev/ODEParameterEstimation/repro/hc_threading_mwe_2026_07_22/captured_systems pid=2120828 julia=1.12.6 HC=2.20.0 2026-07-22T17:03:53.745
ATTEMPT 1 W0 START cap=daisy4_000_neq32_nvar32.jl 2026-07-22T17:03:58.742
ATTEMPT 1 W0 SOLVE daisy4_000_neq32_nvar32.jl 2026-07-22T17:04:01.627
Computing mixed cells... 2    Time: 0:00:03[K
   mixed_volume: 3[K[A
[K[AComputing mixed cells... 9    Time: 0:00:03[K
   mixed_volume: 12[K
ATTEMPT 1 W0 DONE daisy4_000_neq32_nvar32.jl seed=1014094 nsol=2 117.66s 2026-07-22T17:05:59.592
ATTEMPT 2 W0 START cap=daisy4_001_neq32_nvar32.jl 2026-07-22T17:06:00.264
ATTEMPT 2 W0 SOLVE daisy4_001_neq32_nvar32.jl 2026-07-22T17:06:00.288
ATTEMPT 2 W0 DONE daisy4_001_neq32_nvar32.jl seed=1014095 nsol=2 0.16s 2026-07-22T17:06:00.444
ATTEMPT 3 W0 START cap=daisy4_002_neq32_nvar32.jl 2026-07-22T17:06:00.445
ATTEMPT 3 W0 SOLVE daisy4_002_neq32_nvar32.jl 2026-07-22T17:06:00.463
ATTEMPT 3 W0 DONE daisy4_002_neq32_nvar32.jl seed=1014096 nsol=2 0.16s 2026-07-22T17:06:00.626
ATTEMPT 4 W0 START cap=daisy4_003_neq32_nvar32.jl 2026-07-22T17:06:00.626
ATTEMPT 4 W0 SOLVE daisy4_003_neq32_nvar32.jl 2026-07-22T17:06:00.640
ATTEMPT 4 W0 DONE daisy4_003_neq32_nvar32.jl seed=1014097 nsol=2 0.27s 2026-07-22T17:06:00.913
ATTEMPT 5 W0 START cap=daisy4_004_neq32_nvar32.jl 2026-07-22T17:06:00.913
ATTEMPT 5 W0 SOLVE daisy4_004_neq32_nvar32.jl 2026-07-22T17:06:00.937
ATTEMPT 5 W0 DONE daisy4_004_neq32_nvar32.jl seed=1014098 nsol=2 0.18s 2026-07-22T17:06:01.122
ATTEMPT 6 W0 START cap=daisy4_005_neq32_nvar32.jl 2026-07-22T17:06:01.123
ATTEMPT 6 W0 SOLVE daisy4_005_neq32_nvar32.jl 2026-07-22T17:06:01.139
ATTEMPT 6 W0 DONE daisy4_005_neq32_nvar32.jl seed=1014099 nsol=2 0.43s 2026-07-22T17:06:01.574
ATTEMPT 7 W0 START cap=daisy4_006_neq32_nvar32.jl 2026-07-22T17:06:01.574
ATTEMPT 7 W0 SOLVE daisy4_006_neq32_nvar32.jl 2026-07-22T17:06:01.585
ATTEMPT 7 W0 DONE daisy4_006_neq32_nvar32.jl seed=1014100 nsol=2 0.11s 2026-07-22T17:06:01.691
ATTEMPT 8 W0 START cap=daisy4_007_neq32_nvar32.jl 2026-07-22T17:06:01.691
ATTEMPT 8 W0 SOLVE daisy4_007_neq32_nvar32.jl 2026-07-22T17:06:01.700
ATTEMPT 8 W0 DONE daisy4_007_neq32_nvar32.jl seed=1014101 nsol=2 0.10s 2026-07-22T17:06:01.799
ATTEMPT 9 W0 START cap=daisy4_008_neq32_nvar32.jl 2026-07-22T17:06:01.799
ATTEMPT 9 W0 SOLVE daisy4_008_neq32_nvar32.jl 2026-07-22T17:06:01.808
ATTEMPT 9 W0 DONE daisy4_008_neq32_nvar32.jl seed=1014102 nsol=2 0.25s 2026-07-22T17:06:02.061
ATTEMPT 10 W0 START cap=daisy4_009_neq32_nvar32.jl 2026-07-22T17:06:02.062
ATTEMPT 10 W0 SOLVE daisy4_009_neq32_nvar32.jl 2026-07-22T17:06:02.070
ATTEMPT 10 W0 DONE daisy4_009_neq32_nvar32.jl seed=1014103 nsol=2 0.12s 2026-07-22T17:06:02.190
ATTEMPT 11 W0 START cap=daisy4_010_neq32_nvar32.jl 2026-07-22T17:06:02.190
ATTEMPT 11 W0 SOLVE daisy4_010_neq32_nvar32.jl 2026-07-22T17:06:02.199
ATTEMPT 11 W0 DONE daisy4_010_neq32_nvar32.jl seed=1014104 nsol=2 0.09s 2026-07-22T17:06:02.288
ATTEMPT 12 W0 START cap=daisy4_011_neq32_nvar32.jl 2026-07-22T17:06:02.289
ATTEMPT 12 W0 SOLVE daisy4_011_neq32_nvar32.jl 2026-07-22T17:06:02.297
ATTEMPT 12 W0 DONE daisy4_011_neq32_nvar32.jl seed=1014105 nsol=2 0.07s 2026-07-22T17:06:02.371
ATTEMPT 13 W0 START cap=daisy4_012_neq32_nvar32.jl 2026-07-22T17:06:02.371
ATTEMPT 13 W0 SOLVE daisy4_012_neq32_nvar32.jl 2026-07-22T17:06:02.380
ATTEMPT 13 W0 DONE daisy4_012_neq32_nvar32.jl seed=1014106 nsol=2 0.42s 2026-07-22T17:06:02.802
ATTEMPT 14 W0 START cap=daisy4_013_neq32_nvar32.jl 2026-07-22T17:06:02.802
ATTEMPT 14 W0 SOLVE daisy4_013_neq32_nvar32.jl 2026-07-22T17:06:02.811
ATTEMPT 14 W0 DONE daisy4_013_neq32_nvar32.jl seed=1014107 nsol=2 0.11s 2026-07-22T17:06:02.918
ATTEMPT 15 W0 START cap=daisy4_014_neq32_nvar32.jl 2026-07-22T17:06:02.918
ATTEMPT 15 W0 SOLVE daisy4_014_neq32_nvar32.jl 2026-07-22T17:06:02.926
ATTEMPT 15 W0 DONE daisy4_014_neq32_nvar32.jl seed=1014108 nsol=2 0.30s 2026-07-22T17:06:03.224
ATTEMPT 16 W0 START cap=daisy4_015_neq32_nvar32.jl 2026-07-22T17:06:03.224
ATTEMPT 16 W0 SOLVE daisy4_015_neq32_nvar32.jl 2026-07-22T17:06:03.233
ATTEMPT 16 W0 DONE daisy4_015_neq32_nvar32.jl seed=1014109 nsol=2 0.15s 2026-07-22T17:06:03.381
ATTEMPT 17 W0 START cap=daisy4_016_neq32_nvar32.jl 2026-07-22T17:06:03.381
ATTEMPT 17 W0 SOLVE daisy4_016_neq32_nvar32.jl 2026-07-22T17:06:03.390
ATTEMPT 17 W0 DONE daisy4_016_neq32_nvar32.jl seed=1014110 nsol=2 0.11s 2026-07-22T17:06:03.502
ATTEMPT 18 W0 START cap=daisy4_017_neq32_nvar32.jl 2026-07-22T17:06:03.502
ATTEMPT 18 W0 SOLVE daisy4_017_neq32_nvar32.jl 2026-07-22T17:06:03.511
ATTEMPT 18 W0 DONE daisy4_017_neq32_nvar32.jl seed=1014111 nsol=2 0.10s 2026-07-22T17:06:03.615
ATTEMPT 19 W0 START cap=daisy4_018_neq32_nvar32.jl 2026-07-22T17:06:03.615
ATTEMPT 19 W0 SOLVE daisy4_018_neq32_nvar32.jl 2026-07-22T17:06:03.623
ATTEMPT 19 W0 DONE daisy4_018_neq32_nvar32.jl seed=1014112 nsol=2 0.12s 2026-07-22T17:06:03.746
ATTEMPT 20 W0 START cap=daisy4_019_neq32_nvar32.jl 2026-07-22T17:06:03.746
ATTEMPT 20 W0 SOLVE daisy4_019_neq32_nvar32.jl 2026-07-22T17:06:03.754
ATTEMPT 20 W0 DONE daisy4_019_neq32_nvar32.jl seed=1014113 nsol=2 0.06s 2026-07-22T17:06:03.817
ATTEMPT 21 W0 START cap=daisy4_020_neq32_nvar32.jl 2026-07-22T17:06:03.817
ATTEMPT 21 W0 SOLVE daisy4_020_neq32_nvar32.jl 2026-07-22T17:06:03.825
ATTEMPT 21 W0 DONE daisy4_020_neq32_nvar32.jl seed=1014114 nsol=2 0.08s 2026-07-22T17:06:03.905
ATTEMPT 22 W0 START cap=daisy4_021_neq32_nvar32.jl 2026-07-22T17:06:03.905
ATTEMPT 22 W0 SOLVE daisy4_021_neq32_nvar32.jl 2026-07-22T17:06:03.914
ATTEMPT 22 W0 DONE daisy4_021_neq32_nvar32.jl seed=1014115 nsol=2 0.09s 2026-07-22T17:06:04
ATTEMPT 23 W0 START cap=daisy4_022_neq32_nvar32.jl 2026-07-22T17:06:04.001
ATTEMPT 23 W0 SOLVE daisy4_022_neq32_nvar32.jl 2026-07-22T17:06:04.011
ATTEMPT 23 W0 DONE daisy4_022_neq32_nvar32.jl seed=1014116 nsol=2 0.11s 2026-07-22T17:06:04.120
ATTEMPT 24 W0 START cap=daisy4_023_neq32_nvar32.jl 2026-07-22T17:06:04.120
ATTEMPT 24 W0 SOLVE daisy4_023_neq32_nvar32.jl 2026-07-22T17:06:04.129
ATTEMPT 24 W0 DONE daisy4_023_neq32_nvar32.jl seed=1014117 nsol=2 0.11s 2026-07-22T17:06:04.236
ATTEMPT 25 W0 START cap=daisy4_024_neq32_nvar32.jl 2026-07-22T17:06:04.236
ATTEMPT 25 W0 SOLVE daisy4_024_neq32_nvar32.jl 2026-07-22T17:06:04.249
ATTEMPT 25 W0 DONE daisy4_024_neq32_nvar32.jl seed=1014118 nsol=2 0.11s 2026-07-22T17:06:04.360
ATTEMPT 26 W0 START cap=daisy4_025_neq32_nvar32.jl 2026-07-22T17:06:04.360
ATTEMPT 26 W0 SOLVE daisy4_025_neq32_nvar32.jl 2026-07-22T17:06:04.369
ATTEMPT 26 W0 DONE daisy4_025_neq32_nvar32.jl seed=1014119 nsol=2 0.14s 2026-07-22T17:06:04.513
ATTEMPT 27 W0 START cap=daisy4_026_neq32_nvar32.jl 2026-07-22T17:06:04.513
ATTEMPT 27 W0 SOLVE daisy4_026_neq32_nvar32.jl 2026-07-22T17:06:04.523
ATTEMPT 27 W0 DONE daisy4_026_neq32_nvar32.jl seed=1014120 nsol=2 0.13s 2026-07-22T17:06:04.649
ATTEMPT 28 W0 START cap=daisy4_027_neq32_nvar32.jl 2026-07-22T17:06:04.649
ATTEMPT 28 W0 SOLVE daisy4_027_neq32_nvar32.jl 2026-07-22T17:06:04.658
ATTEMPT 28 W0 DONE daisy4_027_neq32_nvar32.jl seed=1014121 nsol=2 0.08s 2026-07-22T17:06:04.737
ATTEMPT 29 W0 START cap=daisy4_028_neq32_nvar32.jl 2026-07-22T17:06:04.737
ATTEMPT 29 W0 SOLVE daisy4_028_neq32_nvar32.jl 2026-07-22T17:06:04.746
ATTEMPT 29 W0 DONE daisy4_028_neq32_nvar32.jl seed=1014122 nsol=2 0.23s 2026-07-22T17:06:04.973
ATTEMPT 30 W0 START cap=daisy4_029_neq32_nvar32.jl 2026-07-22T17:06:04.974
ATTEMPT 30 W0 SOLVE daisy4_029_neq32_nvar32.jl 2026-07-22T17:06:04.986
ATTEMPT 30 W0 DONE daisy4_029_neq32_nvar32.jl seed=1014123 nsol=2 0.23s 2026-07-22T17:06:05.212
ATTEMPT 31 W0 START cap=daisy4_030_neq32_nvar32.jl 2026-07-22T17:06:05.212
ATTEMPT 31 W0 SOLVE daisy4_030_neq32_nvar32.jl 2026-07-22T17:06:05.230
Computing mixed cells... 7    Time: 0:00:00[K
   mixed_volume: 9[K[A
[K[AComputing mixed cells... 10    Time: 0:00:00[K
   mixed_volume: 12[K
ATTEMPT 31 W0 DONE daisy4_030_neq32_nvar32.jl seed=1014124 nsol=2 0.44s 2026-07-22T17:06:05.667
ATTEMPT 32 W0 START cap=daisy4_031_neq32_nvar32.jl 2026-07-22T17:06:05.667
ATTEMPT 32 W0 SOLVE daisy4_031_neq32_nvar32.jl 2026-07-22T17:06:05.675
ATTEMPT 32 W0 DONE daisy4_031_neq32_nvar32.jl seed=1014125 nsol=2 0.15s 2026-07-22T17:06:05.820
ATTEMPT 33 W0 START cap=daisy4_032_neq32_nvar32.jl 2026-07-22T17:06:05.820
ATTEMPT 33 W0 SOLVE daisy4_032_neq32_nvar32.jl 2026-07-22T17:06:05.828
ATTEMPT 33 W0 DONE daisy4_032_neq32_nvar32.jl seed=1014126 nsol=2 0.23s 2026-07-22T17:06:06.064
ATTEMPT 34 W0 START cap=daisy4_033_neq32_nvar32.jl 2026-07-22T17:06:06.064
ATTEMPT 34 W0 SOLVE daisy4_033_neq32_nvar32.jl 2026-07-22T17:06:06.083
ATTEMPT 34 W0 DONE daisy4_033_neq32_nvar32.jl seed=1014127 nsol=2 0.34s 2026-07-22T17:06:06.419
ATTEMPT 35 W0 START cap=daisy4_034_neq32_nvar32.jl 2026-07-22T17:06:06.419
ATTEMPT 35 W0 SOLVE daisy4_034_neq32_nvar32.jl 2026-07-22T17:06:06.432
ATTEMPT 35 W0 DONE daisy4_034_neq32_nvar32.jl seed=1014128 nsol=2 0.38s 2026-07-22T17:06:06.821
ATTEMPT 36 W0 START cap=daisy4_035_neq32_nvar32.jl 2026-07-22T17:06:06.821
ATTEMPT 36 W0 SOLVE daisy4_035_neq32_nvar32.jl 2026-07-22T17:06:06.845
ATTEMPT 36 W0 DONE daisy4_035_neq32_nvar32.jl seed=1014129 nsol=2 0.66s 2026-07-22T17:06:07.509
ATTEMPT 37 W0 START cap=daisy4_036_neq32_nvar32.jl 2026-07-22T17:06:07.510
ATTEMPT 37 W0 SOLVE daisy4_036_neq32_nvar32.jl 2026-07-22T17:06:07.529
ATTEMPT 37 W0 DONE daisy4_036_neq32_nvar32.jl seed=1014130 nsol=2 0.23s 2026-07-22T17:06:07.754
ATTEMPT 38 W0 START cap=daisy4_037_neq32_nvar32.jl 2026-07-22T17:06:07.754
ATTEMPT 38 W0 SOLVE daisy4_037_neq32_nvar32.jl 2026-07-22T17:06:07.788
ATTEMPT 38 W0 DONE daisy4_037_neq32_nvar32.jl seed=1014131 nsol=2 0.45s 2026-07-22T17:06:08.241
ATTEMPT 39 W0 START cap=daisy4_038_neq32_nvar32.jl 2026-07-22T17:06:08.241
ATTEMPT 39 W0 SOLVE daisy4_038_neq32_nvar32.jl 2026-07-22T17:06:08.282
ATTEMPT 39 W0 DONE daisy4_038_neq32_nvar32.jl seed=1014132 nsol=2 0.30s 2026-07-22T17:06:08.583
ATTEMPT 40 W0 START cap=daisy4_039_neq32_nvar32.jl 2026-07-22T17:06:08.583
ATTEMPT 40 W0 SOLVE daisy4_039_neq32_nvar32.jl 2026-07-22T17:06:08.609
Computing mixed cells... 7    Time: 0:00:00[K
   mixed_volume: 12[K[A
[K[AComputing mixed cells... 7    Time: 0:00:00[K
   mixed_volume: 12[K
ATTEMPT 40 W0 DONE daisy4_039_neq32_nvar32.jl seed=1014133 nsol=2 0.44s 2026-07-22T17:06:09.064
ATTEMPT 41 W0 START cap=daisy4_040_neq32_nvar32.jl 2026-07-22T17:06:09.064
ATTEMPT 41 W0 SOLVE daisy4_040_neq32_nvar32.jl 2026-07-22T17:06:09.074
ATTEMPT 41 W0 DONE daisy4_040_neq32_nvar32.jl seed=1014134 nsol=2 0.24s 2026-07-22T17:06:09.316
ATTEMPT 42 W0 START cap=daisy4_041_neq32_nvar32.jl 2026-07-22T17:06:09.316
ATTEMPT 42 W0 SOLVE daisy4_041_neq32_nvar32.jl 2026-07-22T17:06:09.335
ATTEMPT 42 W0 DONE daisy4_041_neq32_nvar32.jl seed=1014135 nsol=2 0.22s 2026-07-22T17:06:09.553
ATTEMPT 43 W0 START cap=daisy4_042_neq32_nvar32.jl 2026-07-22T17:06:09.553
ATTEMPT 43 W0 SOLVE daisy4_042_neq32_nvar32.jl 2026-07-22T17:06:09.576
ATTEMPT 43 W0 DONE daisy4_042_neq32_nvar32.jl seed=1014136 nsol=2 0.27s 2026-07-22T17:06:09.849
ATTEMPT 44 W0 START cap=daisy4_043_neq32_nvar32.jl 2026-07-22T17:06:09.849
ATTEMPT 44 W0 SOLVE daisy4_043_neq32_nvar32.jl 2026-07-22T17:06:09.875
ATTEMPT 44 W0 DONE daisy4_043_neq32_nvar32.jl seed=1014137 nsol=2 0.26s 2026-07-22T17:06:10.135
ATTEMPT 45 W0 START cap=daisy4_044_neq32_nvar32.jl 2026-07-22T17:06:10.135
ATTEMPT 45 W0 SOLVE daisy4_044_neq32_nvar32.jl 2026-07-22T17:06:10.170
ATTEMPT 45 W0 DONE daisy4_044_neq32_nvar32.jl seed=1014138 nsol=2 0.98s 2026-07-22T17:06:11.147
ATTEMPT 46 W0 START cap=daisy4_045_neq32_nvar32.jl 2026-07-22T17:06:11.147
ATTEMPT 46 W0 SOLVE daisy4_045_neq32_nvar32.jl 2026-07-22T17:06:11.159
ATTEMPT 46 W0 DONE daisy4_045_neq32_nvar32.jl seed=1014139 nsol=2 0.22s 2026-07-22T17:06:11.385
ATTEMPT 47 W0 START cap=daisy4_046_neq32_nvar32.jl 2026-07-22T17:06:11.386
ATTEMPT 47 W0 SOLVE daisy4_046_neq32_nvar32.jl 2026-07-22T17:06:11.415
ATTEMPT 47 W0 DONE daisy4_046_neq32_nvar32.jl seed=1014140 nsol=2 0.27s 2026-07-22T17:06:11.689
ATTEMPT 48 W0 START cap=daisy4_047_neq32_nvar32.jl 2026-07-22T17:06:11.690
ATTEMPT 48 W0 SOLVE daisy4_047_neq32_nvar32.jl 2026-07-22T17:06:11.701
ATTEMPT 48 W0 DONE daisy4_047_neq32_nvar32.jl seed=1014141 nsol=2 1.14s 2026-07-22T17:06:12.837
ATTEMPT 49 W0 START cap=daisy4_048_neq32_nvar32.jl 2026-07-22T17:06:12.837
ATTEMPT 49 W0 SOLVE daisy4_048_neq32_nvar32.jl 2026-07-22T17:06:12.861
ATTEMPT 49 W0 DONE daisy4_048_neq32_nvar32.jl seed=1014142 nsol=2 0.93s 2026-07-22T17:06:13.793
ATTEMPT 50 W0 START cap=daisy4_049_neq32_nvar32.jl 2026-07-22T17:06:13.793
ATTEMPT 50 W0 SOLVE daisy4_049_neq32_nvar32.jl 2026-07-22T17:06:13.823
ATTEMPT 50 W0 DONE daisy4_049_neq32_nvar32.jl seed=1014143 nsol=2 0.43s 2026-07-22T17:06:14.258
ATTEMPT 51 W0 START cap=daisy4_050_neq32_nvar32.jl 2026-07-22T17:06:14.258
ATTEMPT 51 W0 SOLVE daisy4_050_neq32_nvar32.jl 2026-07-22T17:06:14.278
ATTEMPT 51 W0 DONE daisy4_050_neq32_nvar32.jl seed=1014144 nsol=2 0.30s 2026-07-22T17:06:14.576
ATTEMPT 52 W0 START cap=daisy4_051_neq32_nvar32.jl 2026-07-22T17:06:14.576
ATTEMPT 52 W0 SOLVE daisy4_051_neq32_nvar32.jl 2026-07-22T17:06:14.584
ATTEMPT 52 W0 DONE daisy4_051_neq32_nvar32.jl seed=1014145 nsol=2 0.26s 2026-07-22T17:06:14.849
ATTEMPT 53 W0 START cap=daisy4_052_neq32_nvar32.jl 2026-07-22T17:06:14.850
ATTEMPT 53 W0 SOLVE daisy4_052_neq32_nvar32.jl 2026-07-22T17:06:14.867
ATTEMPT 53 W0 DONE daisy4_052_neq32_nvar32.jl seed=1014146 nsol=2 0.23s 2026-07-22T17:06:15.097
ATTEMPT 54 W0 START cap=daisy4_053_neq32_nvar32.jl 2026-07-22T17:06:15.098
ATTEMPT 54 W0 SOLVE daisy4_053_neq32_nvar32.jl 2026-07-22T17:06:15.122
ATTEMPT 54 W0 DONE daisy4_053_neq32_nvar32.jl seed=1014147 nsol=2 0.22s 2026-07-22T17:06:15.347
ATTEMPT 55 W0 START cap=daisy4_054_neq32_nvar32.jl 2026-07-22T17:06:15.347
ATTEMPT 55 W0 SOLVE daisy4_054_neq32_nvar32.jl 2026-07-22T17:06:15.371
ATTEMPT 55 W0 DONE daisy4_054_neq32_nvar32.jl seed=1014148 nsol=2 0.36s 2026-07-22T17:06:15.728
ATTEMPT 56 W0 START cap=daisy4_055_neq32_nvar32.jl 2026-07-22T17:06:15.728
ATTEMPT 56 W0 SOLVE daisy4_055_neq32_nvar32.jl 2026-07-22T17:06:15.748
ATTEMPT 56 W0 DONE daisy4_055_neq32_nvar32.jl seed=1014149 nsol=2 0.22s 2026-07-22T17:06:15.969
ATTEMPT 57 W0 START cap=daisy4_056_neq32_nvar32.jl 2026-07-22T17:06:15.969
ATTEMPT 57 W0 SOLVE daisy4_056_neq32_nvar32.jl 2026-07-22T17:06:15.986
Computing mixed cells... 2    Time: 0:00:19[K
   mixed_volume: 2[K[A
[K[AComputing mixed cells... 8    Time: 0:00:19[K
   mixed_volume: 12[K
ATTEMPT 57 W0 DONE daisy4_056_neq32_nvar32.jl seed=1014150 nsol=2 19.66s 2026-07-22T17:06:35.646
ATTEMPT 58 W0 START cap=daisy4_057_neq32_nvar32.jl 2026-07-22T17:06:35.647
ATTEMPT 58 W0 SOLVE daisy4_057_neq32_nvar32.jl 2026-07-22T17:06:35.670
ATTEMPT 58 W0 DONE daisy4_057_neq32_nvar32.jl seed=1014151 nsol=2 0.22s 2026-07-22T17:06:35.894
ATTEMPT 59 W0 START cap=daisy4_058_neq32_nvar32.jl 2026-07-22T17:06:35.895
ATTEMPT 59 W0 SOLVE daisy4_058_neq32_nvar32.jl 2026-07-22T17:06:35.916
Computing mixed cells... 2    Time: 0:00:00[K
   mixed_volume: 3[K[A
[K[AComputing mixed cells... 10    Time: 0:00:00[K
   mixed_volume: 12[K
ATTEMPT 59 W0 DONE daisy4_058_neq32_nvar32.jl seed=1014152 nsol=2 0.49s 2026-07-22T17:06:36.416
ATTEMPT 60 W0 START cap=daisy4_059_neq32_nvar32.jl 2026-07-22T17:06:36.416
ATTEMPT 60 W0 SOLVE daisy4_059_neq32_nvar32.jl 2026-07-22T17:06:36.435
ATTEMPT 60 W0 DONE daisy4_059_neq32_nvar32.jl seed=1014153 nsol=2 0.19s 2026-07-22T17:06:36.623
HUNT2 complete 2026-07-22T17:06:36.633
