HUNT2 start mode=seq hcthr=on nworkers=0 nthreads=14 ngcthreads=14 nsolves=60 seed_base=1518339 shape=capdir:/home/orebas/.julia/dev/ODEParameterEstimation/repro/hc_threading_mwe_2026_07_22/captured_systems pid=2216281 julia=1.12.6 HC=2.20.0 2026-07-22T17:18:10.273
ATTEMPT 1 W0 START cap=daisy4_000_neq32_nvar32.jl 2026-07-22T17:18:14.452
ATTEMPT 1 W0 SOLVE daisy4_000_neq32_nvar32.jl 2026-07-22T17:18:19.173
Computing mixed cells... 2    Time: 0:00:02[K
   mixed_volume: 6[K[A
[K[AComputing mixed cells... 6    Time: 0:00:02[K
   mixed_volume: 12[K
ATTEMPT 1 W0 DONE daisy4_000_neq32_nvar32.jl seed=1518340 nsol=2 127.67s 2026-07-22T17:20:27.457
ATTEMPT 2 W0 START cap=daisy4_001_neq32_nvar32.jl 2026-07-22T17:20:29.053
ATTEMPT 2 W0 SOLVE daisy4_001_neq32_nvar32.jl 2026-07-22T17:20:29.077
ATTEMPT 2 W0 DONE daisy4_001_neq32_nvar32.jl seed=1518341 nsol=2 0.32s 2026-07-22T17:20:29.398
ATTEMPT 3 W0 START cap=daisy4_002_neq32_nvar32.jl 2026-07-22T17:20:29.399
ATTEMPT 3 W0 SOLVE daisy4_002_neq32_nvar32.jl 2026-07-22T17:20:29.406
ATTEMPT 3 W0 DONE daisy4_002_neq32_nvar32.jl seed=1518342 nsol=2 0.18s 2026-07-22T17:20:29.583
ATTEMPT 4 W0 START cap=daisy4_003_neq32_nvar32.jl 2026-07-22T17:20:29.583
ATTEMPT 4 W0 SOLVE daisy4_003_neq32_nvar32.jl 2026-07-22T17:20:29.601
ATTEMPT 4 W0 DONE daisy4_003_neq32_nvar32.jl seed=1518343 nsol=2 0.24s 2026-07-22T17:20:29.838
ATTEMPT 5 W0 START cap=daisy4_004_neq32_nvar32.jl 2026-07-22T17:20:29.839
ATTEMPT 5 W0 SOLVE daisy4_004_neq32_nvar32.jl 2026-07-22T17:20:29.849
ATTEMPT 5 W0 DONE daisy4_004_neq32_nvar32.jl seed=1518344 nsol=2 0.14s 2026-07-22T17:20:29.989
ATTEMPT 6 W0 START cap=daisy4_005_neq32_nvar32.jl 2026-07-22T17:20:29.989
ATTEMPT 6 W0 SOLVE daisy4_005_neq32_nvar32.jl 2026-07-22T17:20:30.003
ATTEMPT 6 W0 DONE daisy4_005_neq32_nvar32.jl seed=1518345 nsol=2 0.33s 2026-07-22T17:20:30.334
ATTEMPT 7 W0 START cap=daisy4_006_neq32_nvar32.jl 2026-07-22T17:20:30.335
ATTEMPT 7 W0 SOLVE daisy4_006_neq32_nvar32.jl 2026-07-22T17:20:30.343
ATTEMPT 7 W0 DONE daisy4_006_neq32_nvar32.jl seed=1518346 nsol=2 0.49s 2026-07-22T17:20:30.833
ATTEMPT 8 W0 START cap=daisy4_007_neq32_nvar32.jl 2026-07-22T17:20:30.833
ATTEMPT 8 W0 SOLVE daisy4_007_neq32_nvar32.jl 2026-07-22T17:20:30.851
ATTEMPT 8 W0 DONE daisy4_007_neq32_nvar32.jl seed=1518347 nsol=2 0.29s 2026-07-22T17:20:31.151
ATTEMPT 9 W0 START cap=daisy4_008_neq32_nvar32.jl 2026-07-22T17:20:31.154
ATTEMPT 9 W0 SOLVE daisy4_008_neq32_nvar32.jl 2026-07-22T17:20:31.169
ATTEMPT 9 W0 DONE daisy4_008_neq32_nvar32.jl seed=1518348 nsol=2 0.13s 2026-07-22T17:20:31.295
ATTEMPT 10 W0 START cap=daisy4_009_neq32_nvar32.jl 2026-07-22T17:20:31.295
ATTEMPT 10 W0 SOLVE daisy4_009_neq32_nvar32.jl 2026-07-22T17:20:31.317
ATTEMPT 10 W0 DONE daisy4_009_neq32_nvar32.jl seed=1518349 nsol=2 0.25s 2026-07-22T17:20:31.568
ATTEMPT 11 W0 START cap=daisy4_010_neq32_nvar32.jl 2026-07-22T17:20:31.569
ATTEMPT 11 W0 SOLVE daisy4_010_neq32_nvar32.jl 2026-07-22T17:20:31.590
ATTEMPT 11 W0 DONE daisy4_010_neq32_nvar32.jl seed=1518350 nsol=2 0.24s 2026-07-22T17:20:31.826
ATTEMPT 12 W0 START cap=daisy4_011_neq32_nvar32.jl 2026-07-22T17:20:31.827
ATTEMPT 12 W0 SOLVE daisy4_011_neq32_nvar32.jl 2026-07-22T17:20:31.835
Computing mixed cells... 2    Time: 0:00:00[K
   mixed_volume: 6[K[A
[K[AComputing mixed cells... 5    Time: 0:00:00[K
   mixed_volume: 12[K
ATTEMPT 12 W0 DONE daisy4_011_neq32_nvar32.jl seed=1518351 nsol=2 0.40s 2026-07-22T17:20:32.235
ATTEMPT 13 W0 START cap=daisy4_012_neq32_nvar32.jl 2026-07-22T17:20:32.235
ATTEMPT 13 W0 SOLVE daisy4_012_neq32_nvar32.jl 2026-07-22T17:20:32.243
ATTEMPT 13 W0 DONE daisy4_012_neq32_nvar32.jl seed=1518352 nsol=2 0.12s 2026-07-22T17:20:32.366
ATTEMPT 14 W0 START cap=daisy4_013_neq32_nvar32.jl 2026-07-22T17:20:32.366
ATTEMPT 14 W0 SOLVE daisy4_013_neq32_nvar32.jl 2026-07-22T17:20:32.383
ATTEMPT 14 W0 DONE daisy4_013_neq32_nvar32.jl seed=1518353 nsol=2 0.21s 2026-07-22T17:20:32.595
ATTEMPT 15 W0 START cap=daisy4_014_neq32_nvar32.jl 2026-07-22T17:20:32.595
ATTEMPT 15 W0 SOLVE daisy4_014_neq32_nvar32.jl 2026-07-22T17:20:32.607
ATTEMPT 15 W0 DONE daisy4_014_neq32_nvar32.jl seed=1518354 nsol=2 0.17s 2026-07-22T17:20:32.774
ATTEMPT 16 W0 START cap=daisy4_015_neq32_nvar32.jl 2026-07-22T17:20:32.774
ATTEMPT 16 W0 SOLVE daisy4_015_neq32_nvar32.jl 2026-07-22T17:20:32.785
ATTEMPT 16 W0 DONE daisy4_015_neq32_nvar32.jl seed=1518355 nsol=2 0.12s 2026-07-22T17:20:32.906
ATTEMPT 17 W0 START cap=daisy4_016_neq32_nvar32.jl 2026-07-22T17:20:32.907
ATTEMPT 17 W0 SOLVE daisy4_016_neq32_nvar32.jl 2026-07-22T17:20:32.923
ATTEMPT 17 W0 DONE daisy4_016_neq32_nvar32.jl seed=1518356 nsol=2 0.15s 2026-07-22T17:20:33.068
ATTEMPT 18 W0 START cap=daisy4_017_neq32_nvar32.jl 2026-07-22T17:20:33.069
ATTEMPT 18 W0 SOLVE daisy4_017_neq32_nvar32.jl 2026-07-22T17:20:33.083
ATTEMPT 18 W0 DONE daisy4_017_neq32_nvar32.jl seed=1518357 nsol=2 0.74s 2026-07-22T17:20:33.828
ATTEMPT 19 W0 START cap=daisy4_018_neq32_nvar32.jl 2026-07-22T17:20:33.828
ATTEMPT 19 W0 SOLVE daisy4_018_neq32_nvar32.jl 2026-07-22T17:20:33.844
ATTEMPT 19 W0 DONE daisy4_018_neq32_nvar32.jl seed=1518358 nsol=2 0.16s 2026-07-22T17:20:34.008
ATTEMPT 20 W0 START cap=daisy4_019_neq32_nvar32.jl 2026-07-22T17:20:34.008
ATTEMPT 20 W0 SOLVE daisy4_019_neq32_nvar32.jl 2026-07-22T17:20:34.020
ATTEMPT 20 W0 DONE daisy4_019_neq32_nvar32.jl seed=1518359 nsol=2 0.17s 2026-07-22T17:20:34.194
ATTEMPT 21 W0 START cap=daisy4_020_neq32_nvar32.jl 2026-07-22T17:20:34.194
ATTEMPT 21 W0 SOLVE daisy4_020_neq32_nvar32.jl 2026-07-22T17:20:34.211
ATTEMPT 21 W0 DONE daisy4_020_neq32_nvar32.jl seed=1518360 nsol=2 0.13s 2026-07-22T17:20:34.342
ATTEMPT 22 W0 START cap=daisy4_021_neq32_nvar32.jl 2026-07-22T17:20:34.343
ATTEMPT 22 W0 SOLVE daisy4_021_neq32_nvar32.jl 2026-07-22T17:20:34.354
ATTEMPT 22 W0 DONE daisy4_021_neq32_nvar32.jl seed=1518361 nsol=2 0.25s 2026-07-22T17:20:34.604
ATTEMPT 23 W0 START cap=daisy4_022_neq32_nvar32.jl 2026-07-22T17:20:34.604
ATTEMPT 23 W0 SOLVE daisy4_022_neq32_nvar32.jl 2026-07-22T17:20:34.614
ATTEMPT 23 W0 DONE daisy4_022_neq32_nvar32.jl seed=1518362 nsol=2 0.17s 2026-07-22T17:20:34.781
ATTEMPT 24 W0 START cap=daisy4_023_neq32_nvar32.jl 2026-07-22T17:20:34.781
ATTEMPT 24 W0 SOLVE daisy4_023_neq32_nvar32.jl 2026-07-22T17:20:34.793
ATTEMPT 24 W0 DONE daisy4_023_neq32_nvar32.jl seed=1518363 nsol=2 0.09s 2026-07-22T17:20:34.892
ATTEMPT 25 W0 START cap=daisy4_024_neq32_nvar32.jl 2026-07-22T17:20:34.893
ATTEMPT 25 W0 SOLVE daisy4_024_neq32_nvar32.jl 2026-07-22T17:20:34.905
ATTEMPT 25 W0 DONE daisy4_024_neq32_nvar32.jl seed=1518364 nsol=2 0.19s 2026-07-22T17:20:35.091
ATTEMPT 26 W0 START cap=daisy4_025_neq32_nvar32.jl 2026-07-22T17:20:35.091
ATTEMPT 26 W0 SOLVE daisy4_025_neq32_nvar32.jl 2026-07-22T17:20:35.107
ATTEMPT 26 W0 DONE daisy4_025_neq32_nvar32.jl seed=1518365 nsol=2 0.15s 2026-07-22T17:20:35.254
ATTEMPT 27 W0 START cap=daisy4_026_neq32_nvar32.jl 2026-07-22T17:20:35.254
ATTEMPT 27 W0 SOLVE daisy4_026_neq32_nvar32.jl 2026-07-22T17:20:35.268
ATTEMPT 27 W0 DONE daisy4_026_neq32_nvar32.jl seed=1518366 nsol=2 0.22s 2026-07-22T17:20:35.497
ATTEMPT 28 W0 START cap=daisy4_027_neq32_nvar32.jl 2026-07-22T17:20:35.497
ATTEMPT 28 W0 SOLVE daisy4_027_neq32_nvar32.jl 2026-07-22T17:20:35.507
ATTEMPT 28 W0 DONE daisy4_027_neq32_nvar32.jl seed=1518367 nsol=2 0.14s 2026-07-22T17:20:35.646
ATTEMPT 29 W0 START cap=daisy4_028_neq32_nvar32.jl 2026-07-22T17:20:35.646
ATTEMPT 29 W0 SOLVE daisy4_028_neq32_nvar32.jl 2026-07-22T17:20:35.661
ATTEMPT 29 W0 DONE daisy4_028_neq32_nvar32.jl seed=1518368 nsol=2 0.11s 2026-07-22T17:20:35.776
ATTEMPT 30 W0 START cap=daisy4_029_neq32_nvar32.jl 2026-07-22T17:20:35.776
ATTEMPT 30 W0 SOLVE daisy4_029_neq32_nvar32.jl 2026-07-22T17:20:35.786
ATTEMPT 30 W0 DONE daisy4_029_neq32_nvar32.jl seed=1518369 nsol=2 0.45s 2026-07-22T17:20:36.234
ATTEMPT 31 W0 START cap=daisy4_030_neq32_nvar32.jl 2026-07-22T17:20:36.234
ATTEMPT 31 W0 SOLVE daisy4_030_neq32_nvar32.jl 2026-07-22T17:20:36.245
ATTEMPT 31 W0 DONE daisy4_030_neq32_nvar32.jl seed=1518370 nsol=2 0.21s 2026-07-22T17:20:36.454
ATTEMPT 32 W0 START cap=daisy4_031_neq32_nvar32.jl 2026-07-22T17:20:36.454
ATTEMPT 32 W0 SOLVE daisy4_031_neq32_nvar32.jl 2026-07-22T17:20:36.471
ATTEMPT 32 W0 DONE daisy4_031_neq32_nvar32.jl seed=1518371 nsol=2 0.26s 2026-07-22T17:20:36.730
ATTEMPT 33 W0 START cap=daisy4_032_neq32_nvar32.jl 2026-07-22T17:20:36.731
ATTEMPT 33 W0 SOLVE daisy4_032_neq32_nvar32.jl 2026-07-22T17:20:36.748
ATTEMPT 33 W0 DONE daisy4_032_neq32_nvar32.jl seed=1518372 nsol=2 0.21s 2026-07-22T17:20:36.958
ATTEMPT 34 W0 START cap=daisy4_033_neq32_nvar32.jl 2026-07-22T17:20:36.958
ATTEMPT 34 W0 SOLVE daisy4_033_neq32_nvar32.jl 2026-07-22T17:20:36.975
ATTEMPT 34 W0 DONE daisy4_033_neq32_nvar32.jl seed=1518373 nsol=2 0.22s 2026-07-22T17:20:37.191
ATTEMPT 35 W0 START cap=daisy4_034_neq32_nvar32.jl 2026-07-22T17:20:37.191
ATTEMPT 35 W0 SOLVE daisy4_034_neq32_nvar32.jl 2026-07-22T17:20:37.204
ATTEMPT 35 W0 DONE daisy4_034_neq32_nvar32.jl seed=1518374 nsol=2 0.32s 2026-07-22T17:20:37.528
ATTEMPT 36 W0 START cap=daisy4_035_neq32_nvar32.jl 2026-07-22T17:20:37.531
ATTEMPT 36 W0 SOLVE daisy4_035_neq32_nvar32.jl 2026-07-22T17:20:37.551
ATTEMPT 36 W0 DONE daisy4_035_neq32_nvar32.jl seed=1518375 nsol=2 0.48s 2026-07-22T17:20:38.026
ATTEMPT 37 W0 START cap=daisy4_036_neq32_nvar32.jl 2026-07-22T17:20:38.027
ATTEMPT 37 W0 SOLVE daisy4_036_neq32_nvar32.jl 2026-07-22T17:20:38.043
ATTEMPT 37 W0 DONE daisy4_036_neq32_nvar32.jl seed=1518376 nsol=2 0.38s 2026-07-22T17:20:38.418
ATTEMPT 38 W0 START cap=daisy4_037_neq32_nvar32.jl 2026-07-22T17:20:38.419
ATTEMPT 38 W0 SOLVE daisy4_037_neq32_nvar32.jl 2026-07-22T17:20:38.426
ATTEMPT 38 W0 DONE daisy4_037_neq32_nvar32.jl seed=1518377 nsol=2 0.34s 2026-07-22T17:20:38.771
ATTEMPT 39 W0 START cap=daisy4_038_neq32_nvar32.jl 2026-07-22T17:20:38.771
ATTEMPT 39 W0 SOLVE daisy4_038_neq32_nvar32.jl 2026-07-22T17:20:38.797
ATTEMPT 39 W0 DONE daisy4_038_neq32_nvar32.jl seed=1518378 nsol=2 0.15s 2026-07-22T17:20:38.949
ATTEMPT 40 W0 START cap=daisy4_039_neq32_nvar32.jl 2026-07-22T17:20:38.949
ATTEMPT 40 W0 SOLVE daisy4_039_neq32_nvar32.jl 2026-07-22T17:20:38.958
ATTEMPT 40 W0 DONE daisy4_039_neq32_nvar32.jl seed=1518379 nsol=2 0.18s 2026-07-22T17:20:39.138
ATTEMPT 41 W0 START cap=daisy4_040_neq32_nvar32.jl 2026-07-22T17:20:39.139
ATTEMPT 41 W0 SOLVE daisy4_040_neq32_nvar32.jl 2026-07-22T17:20:39.146
ATTEMPT 41 W0 DONE daisy4_040_neq32_nvar32.jl seed=1518380 nsol=2 0.23s 2026-07-22T17:20:39.372
ATTEMPT 42 W0 START cap=daisy4_041_neq32_nvar32.jl 2026-07-22T17:20:39.372
ATTEMPT 42 W0 SOLVE daisy4_041_neq32_nvar32.jl 2026-07-22T17:20:39.383
ATTEMPT 42 W0 DONE daisy4_041_neq32_nvar32.jl seed=1518381 nsol=2 0.20s 2026-07-22T17:20:39.586
ATTEMPT 43 W0 START cap=daisy4_042_neq32_nvar32.jl 2026-07-22T17:20:39.586
ATTEMPT 43 W0 SOLVE daisy4_042_neq32_nvar32.jl 2026-07-22T17:20:39.598
ATTEMPT 43 W0 DONE daisy4_042_neq32_nvar32.jl seed=1518382 nsol=2 0.20s 2026-07-22T17:20:39.800
ATTEMPT 44 W0 START cap=daisy4_043_neq32_nvar32.jl 2026-07-22T17:20:39.801
ATTEMPT 44 W0 SOLVE daisy4_043_neq32_nvar32.jl 2026-07-22T17:20:39.813
ATTEMPT 44 W0 DONE daisy4_043_neq32_nvar32.jl seed=1518383 nsol=2 0.22s 2026-07-22T17:20:40.042
ATTEMPT 45 W0 START cap=daisy4_044_neq32_nvar32.jl 2026-07-22T17:20:40.042
ATTEMPT 45 W0 SOLVE daisy4_044_neq32_nvar32.jl 2026-07-22T17:20:40.052
ATTEMPT 45 W0 DONE daisy4_044_neq32_nvar32.jl seed=1518384 nsol=2 0.31s 2026-07-22T17:20:40.366
ATTEMPT 46 W0 START cap=daisy4_045_neq32_nvar32.jl 2026-07-22T17:20:40.367
ATTEMPT 46 W0 SOLVE daisy4_045_neq32_nvar32.jl 2026-07-22T17:20:40.375
ATTEMPT 46 W0 DONE daisy4_045_neq32_nvar32.jl seed=1518385 nsol=2 0.14s 2026-07-22T17:20:40.520
ATTEMPT 47 W0 START cap=daisy4_046_neq32_nvar32.jl 2026-07-22T17:20:40.520
ATTEMPT 47 W0 SOLVE daisy4_046_neq32_nvar32.jl 2026-07-22T17:20:40.531
ATTEMPT 47 W0 DONE daisy4_046_neq32_nvar32.jl seed=1518386 nsol=2 0.12s 2026-07-22T17:20:40.650
ATTEMPT 48 W0 START cap=daisy4_047_neq32_nvar32.jl 2026-07-22T17:20:40.651
ATTEMPT 48 W0 SOLVE daisy4_047_neq32_nvar32.jl 2026-07-22T17:20:40.663
ATTEMPT 48 W0 DONE daisy4_047_neq32_nvar32.jl seed=1518387 nsol=2 0.35s 2026-07-22T17:20:41.014
ATTEMPT 49 W0 START cap=daisy4_048_neq32_nvar32.jl 2026-07-22T17:20:41.015
ATTEMPT 49 W0 SOLVE daisy4_048_neq32_nvar32.jl 2026-07-22T17:20:41.023
ATTEMPT 49 W0 DONE daisy4_048_neq32_nvar32.jl seed=1518388 nsol=2 0.18s 2026-07-22T17:20:41.199
ATTEMPT 50 W0 START cap=daisy4_049_neq32_nvar32.jl 2026-07-22T17:20:41.200
ATTEMPT 50 W0 SOLVE daisy4_049_neq32_nvar32.jl 2026-07-22T17:20:41.210
ATTEMPT 50 W0 DONE daisy4_049_neq32_nvar32.jl seed=1518389 nsol=2 0.26s 2026-07-22T17:20:41.468
ATTEMPT 51 W0 START cap=daisy4_050_neq32_nvar32.jl 2026-07-22T17:20:41.468
ATTEMPT 51 W0 SOLVE daisy4_050_neq32_nvar32.jl 2026-07-22T17:20:41.497
ATTEMPT 51 W0 DONE daisy4_050_neq32_nvar32.jl seed=1518390 nsol=2 0.18s 2026-07-22T17:20:41.678
ATTEMPT 52 W0 START cap=daisy4_051_neq32_nvar32.jl 2026-07-22T17:20:41.679
ATTEMPT 52 W0 SOLVE daisy4_051_neq32_nvar32.jl 2026-07-22T17:20:41.699
ATTEMPT 52 W0 DONE daisy4_051_neq32_nvar32.jl seed=1518391 nsol=2 0.16s 2026-07-22T17:20:41.861
ATTEMPT 53 W0 START cap=daisy4_052_neq32_nvar32.jl 2026-07-22T17:20:41.861
ATTEMPT 53 W0 SOLVE daisy4_052_neq32_nvar32.jl 2026-07-22T17:20:41.879
ATTEMPT 53 W0 DONE daisy4_052_neq32_nvar32.jl seed=1518392 nsol=2 0.27s 2026-07-22T17:20:42.151
ATTEMPT 54 W0 START cap=daisy4_053_neq32_nvar32.jl 2026-07-22T17:20:42.151
ATTEMPT 54 W0 SOLVE daisy4_053_neq32_nvar32.jl 2026-07-22T17:20:42.171
ATTEMPT 54 W0 DONE daisy4_053_neq32_nvar32.jl seed=1518393 nsol=2 0.15s 2026-07-22T17:20:42.325
ATTEMPT 55 W0 START cap=daisy4_054_neq32_nvar32.jl 2026-07-22T17:20:42.325
ATTEMPT 55 W0 SOLVE daisy4_054_neq32_nvar32.jl 2026-07-22T17:20:42.333
ATTEMPT 55 W0 DONE daisy4_054_neq32_nvar32.jl seed=1518394 nsol=2 0.13s 2026-07-22T17:20:42.461
ATTEMPT 56 W0 START cap=daisy4_055_neq32_nvar32.jl 2026-07-22T17:20:42.463
ATTEMPT 56 W0 SOLVE daisy4_055_neq32_nvar32.jl 2026-07-22T17:20:42.475
ATTEMPT 56 W0 DONE daisy4_055_neq32_nvar32.jl seed=1518395 nsol=2 0.15s 2026-07-22T17:20:42.621
ATTEMPT 57 W0 START cap=daisy4_056_neq32_nvar32.jl 2026-07-22T17:20:42.622
ATTEMPT 57 W0 SOLVE daisy4_056_neq32_nvar32.jl 2026-07-22T17:20:42.631
ATTEMPT 57 W0 DONE daisy4_056_neq32_nvar32.jl seed=1518396 nsol=2 0.24s 2026-07-22T17:20:42.874
ATTEMPT 58 W0 START cap=daisy4_057_neq32_nvar32.jl 2026-07-22T17:20:42.875
ATTEMPT 58 W0 SOLVE daisy4_057_neq32_nvar32.jl 2026-07-22T17:20:42.885
ATTEMPT 58 W0 DONE daisy4_057_neq32_nvar32.jl seed=1518397 nsol=2 0.21s 2026-07-22T17:20:43.091
ATTEMPT 59 W0 START cap=daisy4_058_neq32_nvar32.jl 2026-07-22T17:20:43.091
ATTEMPT 59 W0 SOLVE daisy4_058_neq32_nvar32.jl 2026-07-22T17:20:43.100
ATTEMPT 59 W0 DONE daisy4_058_neq32_nvar32.jl seed=1518398 nsol=2 0.14s 2026-07-22T17:20:43.243
ATTEMPT 60 W0 START cap=daisy4_059_neq32_nvar32.jl 2026-07-22T17:20:43.243
ATTEMPT 60 W0 SOLVE daisy4_059_neq32_nvar32.jl 2026-07-22T17:20:43.254
ATTEMPT 60 W0 DONE daisy4_059_neq32_nvar32.jl seed=1518399 nsol=2 0.17s 2026-07-22T17:20:43.427
HUNT2 complete 2026-07-22T17:20:43.437
