HUNT2 start mode=seq hcthr=on nworkers=0 nthreads=14 ngcthreads=14 nsolves=60 seed_base=1422153 shape=capdir:/home/orebas/.julia/dev/ODEParameterEstimation/repro/hc_threading_mwe_2026_07_22/captured_systems pid=2193573 julia=1.12.6 HC=2.20.0 2026-07-22T17:15:15.544
ATTEMPT 1 W0 START cap=daisy4_000_neq32_nvar32.jl 2026-07-22T17:15:22.323
ATTEMPT 1 W0 SOLVE daisy4_000_neq32_nvar32.jl 2026-07-22T17:15:23.771
Computing mixed cells... 2    Time: 0:00:02[K
   mixed_volume: 4[K[A
[K[AComputing mixed cells... 6    Time: 0:00:02[K
   mixed_volume: 12[K
ATTEMPT 1 W0 DONE daisy4_000_neq32_nvar32.jl seed=1422154 nsol=2 129.12s 2026-07-22T17:17:32.971
ATTEMPT 2 W0 START cap=daisy4_001_neq32_nvar32.jl 2026-07-22T17:17:33.260
ATTEMPT 2 W0 SOLVE daisy4_001_neq32_nvar32.jl 2026-07-22T17:17:33.269
ATTEMPT 2 W0 DONE daisy4_001_neq32_nvar32.jl seed=1422155 nsol=2 0.22s 2026-07-22T17:17:33.487
ATTEMPT 3 W0 START cap=daisy4_002_neq32_nvar32.jl 2026-07-22T17:17:33.487
ATTEMPT 3 W0 SOLVE daisy4_002_neq32_nvar32.jl 2026-07-22T17:17:33.496
ATTEMPT 3 W0 DONE daisy4_002_neq32_nvar32.jl seed=1422156 nsol=2 0.14s 2026-07-22T17:17:33.636
ATTEMPT 4 W0 START cap=daisy4_003_neq32_nvar32.jl 2026-07-22T17:17:33.636
ATTEMPT 4 W0 SOLVE daisy4_003_neq32_nvar32.jl 2026-07-22T17:17:33.657
ATTEMPT 4 W0 DONE daisy4_003_neq32_nvar32.jl seed=1422157 nsol=2 0.25s 2026-07-22T17:17:33.903
ATTEMPT 5 W0 START cap=daisy4_004_neq32_nvar32.jl 2026-07-22T17:17:33.903
ATTEMPT 5 W0 SOLVE daisy4_004_neq32_nvar32.jl 2026-07-22T17:17:33.912
ATTEMPT 5 W0 DONE daisy4_004_neq32_nvar32.jl seed=1422158 nsol=2 0.14s 2026-07-22T17:17:34.048
ATTEMPT 6 W0 START cap=daisy4_005_neq32_nvar32.jl 2026-07-22T17:17:34.048
ATTEMPT 6 W0 SOLVE daisy4_005_neq32_nvar32.jl 2026-07-22T17:17:34.063
ATTEMPT 6 W0 DONE daisy4_005_neq32_nvar32.jl seed=1422159 nsol=2 0.43s 2026-07-22T17:17:34.488
ATTEMPT 7 W0 START cap=daisy4_006_neq32_nvar32.jl 2026-07-22T17:17:34.488
ATTEMPT 7 W0 SOLVE daisy4_006_neq32_nvar32.jl 2026-07-22T17:17:34.505
ATTEMPT 7 W0 DONE daisy4_006_neq32_nvar32.jl seed=1422160 nsol=2 0.13s 2026-07-22T17:17:34.637
ATTEMPT 8 W0 START cap=daisy4_007_neq32_nvar32.jl 2026-07-22T17:17:34.637
ATTEMPT 8 W0 SOLVE daisy4_007_neq32_nvar32.jl 2026-07-22T17:17:34.662
ATTEMPT 8 W0 DONE daisy4_007_neq32_nvar32.jl seed=1422161 nsol=2 0.21s 2026-07-22T17:17:34.875
ATTEMPT 9 W0 START cap=daisy4_008_neq32_nvar32.jl 2026-07-22T17:17:34.875
ATTEMPT 9 W0 SOLVE daisy4_008_neq32_nvar32.jl 2026-07-22T17:17:34.886
ATTEMPT 9 W0 DONE daisy4_008_neq32_nvar32.jl seed=1422162 nsol=2 0.42s 2026-07-22T17:17:35.302
ATTEMPT 10 W0 START cap=daisy4_009_neq32_nvar32.jl 2026-07-22T17:17:35.302
ATTEMPT 10 W0 SOLVE daisy4_009_neq32_nvar32.jl 2026-07-22T17:17:35.323
ATTEMPT 10 W0 DONE daisy4_009_neq32_nvar32.jl seed=1422163 nsol=2 0.16s 2026-07-22T17:17:35.486
ATTEMPT 11 W0 START cap=daisy4_010_neq32_nvar32.jl 2026-07-22T17:17:35.486
ATTEMPT 11 W0 SOLVE daisy4_010_neq32_nvar32.jl 2026-07-22T17:17:35.520
ATTEMPT 11 W0 DONE daisy4_010_neq32_nvar32.jl seed=1422164 nsol=2 0.25s 2026-07-22T17:17:35.769
ATTEMPT 12 W0 START cap=daisy4_011_neq32_nvar32.jl 2026-07-22T17:17:35.769
ATTEMPT 12 W0 SOLVE daisy4_011_neq32_nvar32.jl 2026-07-22T17:17:35.784
ATTEMPT 12 W0 DONE daisy4_011_neq32_nvar32.jl seed=1422165 nsol=2 0.27s 2026-07-22T17:17:36.052
ATTEMPT 13 W0 START cap=daisy4_012_neq32_nvar32.jl 2026-07-22T17:17:36.052
ATTEMPT 13 W0 SOLVE daisy4_012_neq32_nvar32.jl 2026-07-22T17:17:36.071
ATTEMPT 13 W0 DONE daisy4_012_neq32_nvar32.jl seed=1422166 nsol=2 0.34s 2026-07-22T17:17:36.414
ATTEMPT 14 W0 START cap=daisy4_013_neq32_nvar32.jl 2026-07-22T17:17:36.414
ATTEMPT 14 W0 SOLVE daisy4_013_neq32_nvar32.jl 2026-07-22T17:17:36.427
ATTEMPT 14 W0 DONE daisy4_013_neq32_nvar32.jl seed=1422167 nsol=2 0.16s 2026-07-22T17:17:36.592
ATTEMPT 15 W0 START cap=daisy4_014_neq32_nvar32.jl 2026-07-22T17:17:36.592
ATTEMPT 15 W0 SOLVE daisy4_014_neq32_nvar32.jl 2026-07-22T17:17:36.609
ATTEMPT 15 W0 DONE daisy4_014_neq32_nvar32.jl seed=1422168 nsol=2 0.18s 2026-07-22T17:17:36.787
ATTEMPT 16 W0 START cap=daisy4_015_neq32_nvar32.jl 2026-07-22T17:17:36.787
ATTEMPT 16 W0 SOLVE daisy4_015_neq32_nvar32.jl 2026-07-22T17:17:36.796
ATTEMPT 16 W0 DONE daisy4_015_neq32_nvar32.jl seed=1422169 nsol=2 0.12s 2026-07-22T17:17:36.912
ATTEMPT 17 W0 START cap=daisy4_016_neq32_nvar32.jl 2026-07-22T17:17:36.912
ATTEMPT 17 W0 SOLVE daisy4_016_neq32_nvar32.jl 2026-07-22T17:17:36.924
ATTEMPT 17 W0 DONE daisy4_016_neq32_nvar32.jl seed=1422170 nsol=2 0.12s 2026-07-22T17:17:37.052
ATTEMPT 18 W0 START cap=daisy4_017_neq32_nvar32.jl 2026-07-22T17:17:37.052
ATTEMPT 18 W0 SOLVE daisy4_017_neq32_nvar32.jl 2026-07-22T17:17:37.063
ATTEMPT 18 W0 DONE daisy4_017_neq32_nvar32.jl seed=1422171 nsol=2 0.14s 2026-07-22T17:17:37.198
ATTEMPT 19 W0 START cap=daisy4_018_neq32_nvar32.jl 2026-07-22T17:17:37.198
ATTEMPT 19 W0 SOLVE daisy4_018_neq32_nvar32.jl 2026-07-22T17:17:37.210
ATTEMPT 19 W0 DONE daisy4_018_neq32_nvar32.jl seed=1422172 nsol=2 0.21s 2026-07-22T17:17:37.421
ATTEMPT 20 W0 START cap=daisy4_019_neq32_nvar32.jl 2026-07-22T17:17:37.421
ATTEMPT 20 W0 SOLVE daisy4_019_neq32_nvar32.jl 2026-07-22T17:17:37.448
ATTEMPT 20 W0 DONE daisy4_019_neq32_nvar32.jl seed=1422173 nsol=2 0.16s 2026-07-22T17:17:37.608
ATTEMPT 21 W0 START cap=daisy4_020_neq32_nvar32.jl 2026-07-22T17:17:37.608
ATTEMPT 21 W0 SOLVE daisy4_020_neq32_nvar32.jl 2026-07-22T17:17:37.617
ATTEMPT 21 W0 DONE daisy4_020_neq32_nvar32.jl seed=1422174 nsol=2 0.12s 2026-07-22T17:17:37.735
ATTEMPT 22 W0 START cap=daisy4_021_neq32_nvar32.jl 2026-07-22T17:17:37.735
ATTEMPT 22 W0 SOLVE daisy4_021_neq32_nvar32.jl 2026-07-22T17:17:37.756
ATTEMPT 22 W0 DONE daisy4_021_neq32_nvar32.jl seed=1422175 nsol=2 0.11s 2026-07-22T17:17:37.862
ATTEMPT 23 W0 START cap=daisy4_022_neq32_nvar32.jl 2026-07-22T17:17:37.862
ATTEMPT 23 W0 SOLVE daisy4_022_neq32_nvar32.jl 2026-07-22T17:17:37.878
ATTEMPT 23 W0 DONE daisy4_022_neq32_nvar32.jl seed=1422176 nsol=2 0.22s 2026-07-22T17:17:38.096
ATTEMPT 24 W0 START cap=daisy4_023_neq32_nvar32.jl 2026-07-22T17:17:38.096
ATTEMPT 24 W0 SOLVE daisy4_023_neq32_nvar32.jl 2026-07-22T17:17:38.105
ATTEMPT 24 W0 DONE daisy4_023_neq32_nvar32.jl seed=1422177 nsol=2 0.14s 2026-07-22T17:17:38.240
ATTEMPT 25 W0 START cap=daisy4_024_neq32_nvar32.jl 2026-07-22T17:17:38.240
ATTEMPT 25 W0 SOLVE daisy4_024_neq32_nvar32.jl 2026-07-22T17:17:38.257
ATTEMPT 25 W0 DONE daisy4_024_neq32_nvar32.jl seed=1422178 nsol=2 0.32s 2026-07-22T17:17:38.576
ATTEMPT 26 W0 START cap=daisy4_025_neq32_nvar32.jl 2026-07-22T17:17:38.576
ATTEMPT 26 W0 SOLVE daisy4_025_neq32_nvar32.jl 2026-07-22T17:17:38.591
ATTEMPT 26 W0 DONE daisy4_025_neq32_nvar32.jl seed=1422179 nsol=2 0.42s 2026-07-22T17:17:39.008
ATTEMPT 27 W0 START cap=daisy4_026_neq32_nvar32.jl 2026-07-22T17:17:39.010
ATTEMPT 27 W0 SOLVE daisy4_026_neq32_nvar32.jl 2026-07-22T17:17:39.028
ATTEMPT 27 W0 DONE daisy4_026_neq32_nvar32.jl seed=1422180 nsol=2 0.26s 2026-07-22T17:17:39.293
ATTEMPT 28 W0 START cap=daisy4_027_neq32_nvar32.jl 2026-07-22T17:17:39.293
ATTEMPT 28 W0 SOLVE daisy4_027_neq32_nvar32.jl 2026-07-22T17:17:39.302
ATTEMPT 28 W0 DONE daisy4_027_neq32_nvar32.jl seed=1422181 nsol=2 0.13s 2026-07-22T17:17:39.430
ATTEMPT 29 W0 START cap=daisy4_028_neq32_nvar32.jl 2026-07-22T17:17:39.431
ATTEMPT 29 W0 SOLVE daisy4_028_neq32_nvar32.jl 2026-07-22T17:17:39.443
ATTEMPT 29 W0 DONE daisy4_028_neq32_nvar32.jl seed=1422182 nsol=2 0.44s 2026-07-22T17:17:39.888
ATTEMPT 30 W0 START cap=daisy4_029_neq32_nvar32.jl 2026-07-22T17:17:39.888
ATTEMPT 30 W0 SOLVE daisy4_029_neq32_nvar32.jl 2026-07-22T17:17:39.898
ATTEMPT 30 W0 DONE daisy4_029_neq32_nvar32.jl seed=1422183 nsol=2 0.29s 2026-07-22T17:17:40.185
ATTEMPT 31 W0 START cap=daisy4_030_neq32_nvar32.jl 2026-07-22T17:17:40.193
ATTEMPT 31 W0 SOLVE daisy4_030_neq32_nvar32.jl 2026-07-22T17:17:40.209
ATTEMPT 31 W0 DONE daisy4_030_neq32_nvar32.jl seed=1422184 nsol=2 0.16s 2026-07-22T17:17:40.368
ATTEMPT 32 W0 START cap=daisy4_031_neq32_nvar32.jl 2026-07-22T17:17:40.368
ATTEMPT 32 W0 SOLVE daisy4_031_neq32_nvar32.jl 2026-07-22T17:17:40.386
ATTEMPT 32 W0 DONE daisy4_031_neq32_nvar32.jl seed=1422185 nsol=2 0.21s 2026-07-22T17:17:40.600
ATTEMPT 33 W0 START cap=daisy4_032_neq32_nvar32.jl 2026-07-22T17:17:40.600
ATTEMPT 33 W0 SOLVE daisy4_032_neq32_nvar32.jl 2026-07-22T17:17:40.609
ATTEMPT 33 W0 DONE daisy4_032_neq32_nvar32.jl seed=1422186 nsol=2 0.33s 2026-07-22T17:17:40.940
ATTEMPT 34 W0 START cap=daisy4_033_neq32_nvar32.jl 2026-07-22T17:17:40.940
ATTEMPT 34 W0 SOLVE daisy4_033_neq32_nvar32.jl 2026-07-22T17:17:40.952
ATTEMPT 34 W0 DONE daisy4_033_neq32_nvar32.jl seed=1422187 nsol=2 0.28s 2026-07-22T17:17:41.228
ATTEMPT 35 W0 START cap=daisy4_034_neq32_nvar32.jl 2026-07-22T17:17:41.228
ATTEMPT 35 W0 SOLVE daisy4_034_neq32_nvar32.jl 2026-07-22T17:17:41.236
Computing mixed cells... 2    Time: 0:00:00[K
   mixed_volume: 6[K[A
[K[AComputing mixed cells... 4    Time: 0:00:00[K
   mixed_volume: 12[K
ATTEMPT 35 W0 DONE daisy4_034_neq32_nvar32.jl seed=1422188 nsol=2 0.54s 2026-07-22T17:17:41.779
ATTEMPT 36 W0 START cap=daisy4_035_neq32_nvar32.jl 2026-07-22T17:17:41.784
ATTEMPT 36 W0 SOLVE daisy4_035_neq32_nvar32.jl 2026-07-22T17:17:41.796
ATTEMPT 36 W0 DONE daisy4_035_neq32_nvar32.jl seed=1422189 nsol=2 0.17s 2026-07-22T17:17:41.970
ATTEMPT 37 W0 START cap=daisy4_036_neq32_nvar32.jl 2026-07-22T17:17:41.970
ATTEMPT 37 W0 SOLVE daisy4_036_neq32_nvar32.jl 2026-07-22T17:17:41.978
ATTEMPT 37 W0 DONE daisy4_036_neq32_nvar32.jl seed=1422190 nsol=2 0.15s 2026-07-22T17:17:42.131
ATTEMPT 38 W0 START cap=daisy4_037_neq32_nvar32.jl 2026-07-22T17:17:42.131
ATTEMPT 38 W0 SOLVE daisy4_037_neq32_nvar32.jl 2026-07-22T17:17:42.139
ATTEMPT 38 W0 DONE daisy4_037_neq32_nvar32.jl seed=1422191 nsol=2 0.12s 2026-07-22T17:17:42.260
ATTEMPT 39 W0 START cap=daisy4_038_neq32_nvar32.jl 2026-07-22T17:17:42.261
ATTEMPT 39 W0 SOLVE daisy4_038_neq32_nvar32.jl 2026-07-22T17:17:42.272
ATTEMPT 39 W0 DONE daisy4_038_neq32_nvar32.jl seed=1422192 nsol=2 0.14s 2026-07-22T17:17:42.413
ATTEMPT 40 W0 START cap=daisy4_039_neq32_nvar32.jl 2026-07-22T17:17:42.413
ATTEMPT 40 W0 SOLVE daisy4_039_neq32_nvar32.jl 2026-07-22T17:17:42.429
ATTEMPT 40 W0 DONE daisy4_039_neq32_nvar32.jl seed=1422193 nsol=2 0.12s 2026-07-22T17:17:42.552
ATTEMPT 41 W0 START cap=daisy4_040_neq32_nvar32.jl 2026-07-22T17:17:42.552
ATTEMPT 41 W0 SOLVE daisy4_040_neq32_nvar32.jl 2026-07-22T17:17:42.561
ATTEMPT 41 W0 DONE daisy4_040_neq32_nvar32.jl seed=1422194 nsol=2 0.11s 2026-07-22T17:17:42.672
ATTEMPT 42 W0 START cap=daisy4_041_neq32_nvar32.jl 2026-07-22T17:17:42.672
ATTEMPT 42 W0 SOLVE daisy4_041_neq32_nvar32.jl 2026-07-22T17:17:42.689
ATTEMPT 42 W0 DONE daisy4_041_neq32_nvar32.jl seed=1422195 nsol=2 0.20s 2026-07-22T17:17:42.894
ATTEMPT 43 W0 START cap=daisy4_042_neq32_nvar32.jl 2026-07-22T17:17:42.894
ATTEMPT 43 W0 SOLVE daisy4_042_neq32_nvar32.jl 2026-07-22T17:17:42.902
ATTEMPT 43 W0 DONE daisy4_042_neq32_nvar32.jl seed=1422196 nsol=2 0.34s 2026-07-22T17:17:43.247
ATTEMPT 44 W0 START cap=daisy4_043_neq32_nvar32.jl 2026-07-22T17:17:43.247
ATTEMPT 44 W0 SOLVE daisy4_043_neq32_nvar32.jl 2026-07-22T17:17:43.271
ATTEMPT 44 W0 DONE daisy4_043_neq32_nvar32.jl seed=1422197 nsol=2 0.13s 2026-07-22T17:17:43.404
ATTEMPT 45 W0 START cap=daisy4_044_neq32_nvar32.jl 2026-07-22T17:17:43.404
ATTEMPT 45 W0 SOLVE daisy4_044_neq32_nvar32.jl 2026-07-22T17:17:43.427
ATTEMPT 45 W0 DONE daisy4_044_neq32_nvar32.jl seed=1422198 nsol=2 0.64s 2026-07-22T17:17:44.064
ATTEMPT 46 W0 START cap=daisy4_045_neq32_nvar32.jl 2026-07-22T17:17:44.064
ATTEMPT 46 W0 SOLVE daisy4_045_neq32_nvar32.jl 2026-07-22T17:17:44.088
ATTEMPT 46 W0 DONE daisy4_045_neq32_nvar32.jl seed=1422199 nsol=2 0.25s 2026-07-22T17:17:44.335
ATTEMPT 47 W0 START cap=daisy4_046_neq32_nvar32.jl 2026-07-22T17:17:44.335
ATTEMPT 47 W0 SOLVE daisy4_046_neq32_nvar32.jl 2026-07-22T17:17:44.343
ATTEMPT 47 W0 DONE daisy4_046_neq32_nvar32.jl seed=1422200 nsol=2 0.14s 2026-07-22T17:17:44.486
ATTEMPT 48 W0 START cap=daisy4_047_neq32_nvar32.jl 2026-07-22T17:17:44.486
ATTEMPT 48 W0 SOLVE daisy4_047_neq32_nvar32.jl 2026-07-22T17:17:44.495
ATTEMPT 48 W0 DONE daisy4_047_neq32_nvar32.jl seed=1422201 nsol=2 0.22s 2026-07-22T17:17:44.719
ATTEMPT 49 W0 START cap=daisy4_048_neq32_nvar32.jl 2026-07-22T17:17:44.720
ATTEMPT 49 W0 SOLVE daisy4_048_neq32_nvar32.jl 2026-07-22T17:17:44.737
ATTEMPT 49 W0 DONE daisy4_048_neq32_nvar32.jl seed=1422202 nsol=2 0.18s 2026-07-22T17:17:44.916
ATTEMPT 50 W0 START cap=daisy4_049_neq32_nvar32.jl 2026-07-22T17:17:44.916
ATTEMPT 50 W0 SOLVE daisy4_049_neq32_nvar32.jl 2026-07-22T17:17:44.945
ATTEMPT 50 W0 DONE daisy4_049_neq32_nvar32.jl seed=1422203 nsol=2 0.29s 2026-07-22T17:17:45.240
ATTEMPT 51 W0 START cap=daisy4_050_neq32_nvar32.jl 2026-07-22T17:17:45.240
ATTEMPT 51 W0 SOLVE daisy4_050_neq32_nvar32.jl 2026-07-22T17:17:45.259
ATTEMPT 51 W0 DONE daisy4_050_neq32_nvar32.jl seed=1422204 nsol=2 0.17s 2026-07-22T17:17:45.432
ATTEMPT 52 W0 START cap=daisy4_051_neq32_nvar32.jl 2026-07-22T17:17:45.432
ATTEMPT 52 W0 SOLVE daisy4_051_neq32_nvar32.jl 2026-07-22T17:17:45.443
ATTEMPT 52 W0 DONE daisy4_051_neq32_nvar32.jl seed=1422205 nsol=2 0.26s 2026-07-22T17:17:45.712
ATTEMPT 53 W0 START cap=daisy4_052_neq32_nvar32.jl 2026-07-22T17:17:45.712
ATTEMPT 53 W0 SOLVE daisy4_052_neq32_nvar32.jl 2026-07-22T17:17:45.732
ATTEMPT 53 W0 DONE daisy4_052_neq32_nvar32.jl seed=1422206 nsol=2 0.18s 2026-07-22T17:17:45.915
ATTEMPT 54 W0 START cap=daisy4_053_neq32_nvar32.jl 2026-07-22T17:17:45.915
ATTEMPT 54 W0 SOLVE daisy4_053_neq32_nvar32.jl 2026-07-22T17:17:45.931
ATTEMPT 54 W0 DONE daisy4_053_neq32_nvar32.jl seed=1422207 nsol=2 0.20s 2026-07-22T17:17:46.132
ATTEMPT 55 W0 START cap=daisy4_054_neq32_nvar32.jl 2026-07-22T17:17:46.132
ATTEMPT 55 W0 SOLVE daisy4_054_neq32_nvar32.jl 2026-07-22T17:17:46.140
ATTEMPT 55 W0 DONE daisy4_054_neq32_nvar32.jl seed=1422208 nsol=2 0.10s 2026-07-22T17:17:46.240
ATTEMPT 56 W0 START cap=daisy4_055_neq32_nvar32.jl 2026-07-22T17:17:46.240
ATTEMPT 56 W0 SOLVE daisy4_055_neq32_nvar32.jl 2026-07-22T17:17:46.260
ATTEMPT 56 W0 DONE daisy4_055_neq32_nvar32.jl seed=1422209 nsol=2 0.20s 2026-07-22T17:17:46.460
ATTEMPT 57 W0 START cap=daisy4_056_neq32_nvar32.jl 2026-07-22T17:17:46.460
ATTEMPT 57 W0 SOLVE daisy4_056_neq32_nvar32.jl 2026-07-22T17:17:46.479
ATTEMPT 57 W0 DONE daisy4_056_neq32_nvar32.jl seed=1422210 nsol=2 0.31s 2026-07-22T17:17:46.800
ATTEMPT 58 W0 START cap=daisy4_057_neq32_nvar32.jl 2026-07-22T17:17:46.800
ATTEMPT 58 W0 SOLVE daisy4_057_neq32_nvar32.jl 2026-07-22T17:17:46.824
ATTEMPT 58 W0 DONE daisy4_057_neq32_nvar32.jl seed=1422211 nsol=2 0.12s 2026-07-22T17:17:46.948
ATTEMPT 59 W0 START cap=daisy4_058_neq32_nvar32.jl 2026-07-22T17:17:46.949
ATTEMPT 59 W0 SOLVE daisy4_058_neq32_nvar32.jl 2026-07-22T17:17:46.957
ATTEMPT 59 W0 DONE daisy4_058_neq32_nvar32.jl seed=1422212 nsol=2 0.14s 2026-07-22T17:17:47.099
ATTEMPT 60 W0 START cap=daisy4_059_neq32_nvar32.jl 2026-07-22T17:17:47.100
ATTEMPT 60 W0 SOLVE daisy4_059_neq32_nvar32.jl 2026-07-22T17:17:47.108
ATTEMPT 60 W0 DONE daisy4_059_neq32_nvar32.jl seed=1422213 nsol=2 0.10s 2026-07-22T17:17:47.210
HUNT2 complete 2026-07-22T17:17:47.214
