HUNT2 start mode=seq hcthr=on nworkers=0 nthreads=14 ngcthreads=14 nsolves=60 seed_base=220212 shape=capdir:/home/orebas/.julia/dev/ODEParameterEstimation/repro/hc_threading_mwe_2026_07_22/captured_systems pid=1971129 julia=1.12.6 HC=2.20.0 2026-07-22T16:43:35.735
ATTEMPT 1 W0 START cap=daisy4_000_neq32_nvar32.jl 2026-07-22T16:43:39.956
ATTEMPT 1 W0 SOLVE daisy4_000_neq32_nvar32.jl 2026-07-22T16:43:42.771
Computing mixed cells... 2    Time: 0:00:03[K
   mixed_volume: 2[K[A
[K[AComputing mixed cells... 7    Time: 0:00:03[K
   mixed_volume: 12[K
ATTEMPT 1 W0 DONE daisy4_000_neq32_nvar32.jl seed=220213 nsol=2 148.03s 2026-07-22T16:46:10.905
ATTEMPT 2 W0 START cap=daisy4_001_neq32_nvar32.jl 2026-07-22T16:46:11.596
ATTEMPT 2 W0 SOLVE daisy4_001_neq32_nvar32.jl 2026-07-22T16:46:11.618
ATTEMPT 2 W0 DONE daisy4_001_neq32_nvar32.jl seed=220214 nsol=2 0.17s 2026-07-22T16:46:11.792
ATTEMPT 3 W0 START cap=daisy4_002_neq32_nvar32.jl 2026-07-22T16:46:11.792
ATTEMPT 3 W0 SOLVE daisy4_002_neq32_nvar32.jl 2026-07-22T16:46:11.808
ATTEMPT 3 W0 DONE daisy4_002_neq32_nvar32.jl seed=220215 nsol=2 0.29s 2026-07-22T16:46:12.101
ATTEMPT 4 W0 START cap=daisy4_003_neq32_nvar32.jl 2026-07-22T16:46:12.101
ATTEMPT 4 W0 SOLVE daisy4_003_neq32_nvar32.jl 2026-07-22T16:46:12.115
Computing mixed cells... 2    Time: 0:00:00[K
   mixed_volume: 3[K[A
[K[AComputing mixed cells... 7    Time: 0:00:00[K
   mixed_volume: 12[K
ATTEMPT 4 W0 DONE daisy4_003_neq32_nvar32.jl seed=220216 nsol=2 0.77s 2026-07-22T16:46:12.890
ATTEMPT 5 W0 START cap=daisy4_004_neq32_nvar32.jl 2026-07-22T16:46:12.890
ATTEMPT 5 W0 SOLVE daisy4_004_neq32_nvar32.jl 2026-07-22T16:46:12.898
ATTEMPT 5 W0 DONE daisy4_004_neq32_nvar32.jl seed=220217 nsol=2 0.12s 2026-07-22T16:46:13.019
ATTEMPT 6 W0 START cap=daisy4_005_neq32_nvar32.jl 2026-07-22T16:46:13.020
ATTEMPT 6 W0 SOLVE daisy4_005_neq32_nvar32.jl 2026-07-22T16:46:13.032
ATTEMPT 6 W0 DONE daisy4_005_neq32_nvar32.jl seed=220218 nsol=2 0.21s 2026-07-22T16:46:13.247
ATTEMPT 7 W0 START cap=daisy4_006_neq32_nvar32.jl 2026-07-22T16:46:13.248
ATTEMPT 7 W0 SOLVE daisy4_006_neq32_nvar32.jl 2026-07-22T16:46:13.257
ATTEMPT 7 W0 DONE daisy4_006_neq32_nvar32.jl seed=220219 nsol=2 0.25s 2026-07-22T16:46:13.505
ATTEMPT 8 W0 START cap=daisy4_007_neq32_nvar32.jl 2026-07-22T16:46:13.505
ATTEMPT 8 W0 SOLVE daisy4_007_neq32_nvar32.jl 2026-07-22T16:46:13.519
Computing mixed cells... 6    Time: 0:00:00[K
   mixed_volume: 8[K[A
[K[AComputing mixed cells... 9    Time: 0:00:00[K
   mixed_volume: 12[K
ATTEMPT 8 W0 DONE daisy4_007_neq32_nvar32.jl seed=220220 nsol=2 0.41s 2026-07-22T16:46:13.929
ATTEMPT 9 W0 START cap=daisy4_008_neq32_nvar32.jl 2026-07-22T16:46:13.930
ATTEMPT 9 W0 SOLVE daisy4_008_neq32_nvar32.jl 2026-07-22T16:46:13.951
ATTEMPT 9 W0 DONE daisy4_008_neq32_nvar32.jl seed=220221 nsol=2 0.15s 2026-07-22T16:46:14.099
ATTEMPT 10 W0 START cap=daisy4_009_neq32_nvar32.jl 2026-07-22T16:46:14.100
ATTEMPT 10 W0 SOLVE daisy4_009_neq32_nvar32.jl 2026-07-22T16:46:14.123
ATTEMPT 10 W0 DONE daisy4_009_neq32_nvar32.jl seed=220222 nsol=2 0.10s 2026-07-22T16:46:14.219
ATTEMPT 11 W0 START cap=daisy4_010_neq32_nvar32.jl 2026-07-22T16:46:14.219
ATTEMPT 11 W0 SOLVE daisy4_010_neq32_nvar32.jl 2026-07-22T16:46:14.236
ATTEMPT 11 W0 DONE daisy4_010_neq32_nvar32.jl seed=220223 nsol=2 0.16s 2026-07-22T16:46:14.392
ATTEMPT 12 W0 START cap=daisy4_011_neq32_nvar32.jl 2026-07-22T16:46:14.392
ATTEMPT 12 W0 SOLVE daisy4_011_neq32_nvar32.jl 2026-07-22T16:46:14.415
ATTEMPT 12 W0 DONE daisy4_011_neq32_nvar32.jl seed=220224 nsol=2 0.14s 2026-07-22T16:46:14.556
ATTEMPT 13 W0 START cap=daisy4_012_neq32_nvar32.jl 2026-07-22T16:46:14.556
ATTEMPT 13 W0 SOLVE daisy4_012_neq32_nvar32.jl 2026-07-22T16:46:14.573
ATTEMPT 13 W0 DONE daisy4_012_neq32_nvar32.jl seed=220225 nsol=2 0.16s 2026-07-22T16:46:14.729
ATTEMPT 14 W0 START cap=daisy4_013_neq32_nvar32.jl 2026-07-22T16:46:14.729
ATTEMPT 14 W0 SOLVE daisy4_013_neq32_nvar32.jl 2026-07-22T16:46:14.776
ATTEMPT 14 W0 DONE daisy4_013_neq32_nvar32.jl seed=220226 nsol=2 0.21s 2026-07-22T16:46:14.989
ATTEMPT 15 W0 START cap=daisy4_014_neq32_nvar32.jl 2026-07-22T16:46:14.989
ATTEMPT 15 W0 SOLVE daisy4_014_neq32_nvar32.jl 2026-07-22T16:46:15.008
ATTEMPT 15 W0 DONE daisy4_014_neq32_nvar32.jl seed=220227 nsol=2 0.19s 2026-07-22T16:46:15.197
ATTEMPT 16 W0 START cap=daisy4_015_neq32_nvar32.jl 2026-07-22T16:46:15.202
ATTEMPT 16 W0 SOLVE daisy4_015_neq32_nvar32.jl 2026-07-22T16:46:15.225
ATTEMPT 16 W0 DONE daisy4_015_neq32_nvar32.jl seed=220228 nsol=2 0.28s 2026-07-22T16:46:15.506
ATTEMPT 17 W0 START cap=daisy4_016_neq32_nvar32.jl 2026-07-22T16:46:15.507
ATTEMPT 17 W0 SOLVE daisy4_016_neq32_nvar32.jl 2026-07-22T16:46:15.524
ATTEMPT 17 W0 DONE daisy4_016_neq32_nvar32.jl seed=220229 nsol=2 0.17s 2026-07-22T16:46:15.694
ATTEMPT 18 W0 START cap=daisy4_017_neq32_nvar32.jl 2026-07-22T16:46:15.695
ATTEMPT 18 W0 SOLVE daisy4_017_neq32_nvar32.jl 2026-07-22T16:46:15.716
ATTEMPT 18 W0 DONE daisy4_017_neq32_nvar32.jl seed=220230 nsol=2 0.30s 2026-07-22T16:46:16.015
ATTEMPT 19 W0 START cap=daisy4_018_neq32_nvar32.jl 2026-07-22T16:46:16.015
ATTEMPT 19 W0 SOLVE daisy4_018_neq32_nvar32.jl 2026-07-22T16:46:16.036
ATTEMPT 19 W0 DONE daisy4_018_neq32_nvar32.jl seed=220231 nsol=2 0.35s 2026-07-22T16:46:16.390
ATTEMPT 20 W0 START cap=daisy4_019_neq32_nvar32.jl 2026-07-22T16:46:16.390
ATTEMPT 20 W0 SOLVE daisy4_019_neq32_nvar32.jl 2026-07-22T16:46:16.401
ATTEMPT 20 W0 DONE daisy4_019_neq32_nvar32.jl seed=220232 nsol=2 0.28s 2026-07-22T16:46:16.684
ATTEMPT 21 W0 START cap=daisy4_020_neq32_nvar32.jl 2026-07-22T16:46:16.684
ATTEMPT 21 W0 SOLVE daisy4_020_neq32_nvar32.jl 2026-07-22T16:46:16.712
ATTEMPT 21 W0 DONE daisy4_020_neq32_nvar32.jl seed=220233 nsol=2 0.17s 2026-07-22T16:46:16.879
ATTEMPT 22 W0 START cap=daisy4_021_neq32_nvar32.jl 2026-07-22T16:46:16.879
ATTEMPT 22 W0 SOLVE daisy4_021_neq32_nvar32.jl 2026-07-22T16:46:16.887
ATTEMPT 22 W0 DONE daisy4_021_neq32_nvar32.jl seed=220234 nsol=2 3.70s 2026-07-22T16:46:20.597
ATTEMPT 23 W0 START cap=daisy4_022_neq32_nvar32.jl 2026-07-22T16:46:20.597
ATTEMPT 23 W0 SOLVE daisy4_022_neq32_nvar32.jl 2026-07-22T16:46:20.615
ATTEMPT 23 W0 DONE daisy4_022_neq32_nvar32.jl seed=220235 nsol=2 0.18s 2026-07-22T16:46:20.796
ATTEMPT 24 W0 START cap=daisy4_023_neq32_nvar32.jl 2026-07-22T16:46:20.797
ATTEMPT 24 W0 SOLVE daisy4_023_neq32_nvar32.jl 2026-07-22T16:46:20.810
ATTEMPT 24 W0 DONE daisy4_023_neq32_nvar32.jl seed=220236 nsol=2 0.15s 2026-07-22T16:46:20.958
ATTEMPT 25 W0 START cap=daisy4_024_neq32_nvar32.jl 2026-07-22T16:46:20.959
ATTEMPT 25 W0 SOLVE daisy4_024_neq32_nvar32.jl 2026-07-22T16:46:20.968
ATTEMPT 25 W0 DONE daisy4_024_neq32_nvar32.jl seed=220237 nsol=2 0.22s 2026-07-22T16:46:21.186
ATTEMPT 26 W0 START cap=daisy4_025_neq32_nvar32.jl 2026-07-22T16:46:21.186
ATTEMPT 26 W0 SOLVE daisy4_025_neq32_nvar32.jl 2026-07-22T16:46:21.219
ATTEMPT 26 W0 DONE daisy4_025_neq32_nvar32.jl seed=220238 nsol=2 0.23s 2026-07-22T16:46:21.446
ATTEMPT 27 W0 START cap=daisy4_026_neq32_nvar32.jl 2026-07-22T16:46:21.446
ATTEMPT 27 W0 SOLVE daisy4_026_neq32_nvar32.jl 2026-07-22T16:46:21.465
ATTEMPT 27 W0 DONE daisy4_026_neq32_nvar32.jl seed=220239 nsol=2 0.23s 2026-07-22T16:46:21.698
ATTEMPT 28 W0 START cap=daisy4_027_neq32_nvar32.jl 2026-07-22T16:46:21.698
ATTEMPT 28 W0 SOLVE daisy4_027_neq32_nvar32.jl 2026-07-22T16:46:21.721
ATTEMPT 28 W0 DONE daisy4_027_neq32_nvar32.jl seed=220240 nsol=2 0.29s 2026-07-22T16:46:22.014
ATTEMPT 29 W0 START cap=daisy4_028_neq32_nvar32.jl 2026-07-22T16:46:22.014
ATTEMPT 29 W0 SOLVE daisy4_028_neq32_nvar32.jl 2026-07-22T16:46:22.024
ATTEMPT 29 W0 DONE daisy4_028_neq32_nvar32.jl seed=220241 nsol=2 0.10s 2026-07-22T16:46:22.128
ATTEMPT 30 W0 START cap=daisy4_029_neq32_nvar32.jl 2026-07-22T16:46:22.129
ATTEMPT 30 W0 SOLVE daisy4_029_neq32_nvar32.jl 2026-07-22T16:46:22.148
ATTEMPT 30 W0 DONE daisy4_029_neq32_nvar32.jl seed=220242 nsol=2 0.15s 2026-07-22T16:46:22.302
ATTEMPT 31 W0 START cap=daisy4_030_neq32_nvar32.jl 2026-07-22T16:46:22.302
ATTEMPT 31 W0 SOLVE daisy4_030_neq32_nvar32.jl 2026-07-22T16:46:22.327
ATTEMPT 31 W0 DONE daisy4_030_neq32_nvar32.jl seed=220243 nsol=2 0.19s 2026-07-22T16:46:22.518
ATTEMPT 32 W0 START cap=daisy4_031_neq32_nvar32.jl 2026-07-22T16:46:22.518
ATTEMPT 32 W0 SOLVE daisy4_031_neq32_nvar32.jl 2026-07-22T16:46:22.531
ATTEMPT 32 W0 DONE daisy4_031_neq32_nvar32.jl seed=220244 nsol=2 0.16s 2026-07-22T16:46:22.697
ATTEMPT 33 W0 START cap=daisy4_032_neq32_nvar32.jl 2026-07-22T16:46:22.697
ATTEMPT 33 W0 SOLVE daisy4_032_neq32_nvar32.jl 2026-07-22T16:46:22.706
ATTEMPT 33 W0 DONE daisy4_032_neq32_nvar32.jl seed=220245 nsol=2 0.16s 2026-07-22T16:46:22.870
ATTEMPT 34 W0 START cap=daisy4_033_neq32_nvar32.jl 2026-07-22T16:46:22.870
ATTEMPT 34 W0 SOLVE daisy4_033_neq32_nvar32.jl 2026-07-22T16:46:22.880
ATTEMPT 34 W0 DONE daisy4_033_neq32_nvar32.jl seed=220246 nsol=2 0.44s 2026-07-22T16:46:23.318
ATTEMPT 35 W0 START cap=daisy4_034_neq32_nvar32.jl 2026-07-22T16:46:23.318
ATTEMPT 35 W0 SOLVE daisy4_034_neq32_nvar32.jl 2026-07-22T16:46:23.329
ATTEMPT 35 W0 DONE daisy4_034_neq32_nvar32.jl seed=220247 nsol=2 0.14s 2026-07-22T16:46:23.467
ATTEMPT 36 W0 START cap=daisy4_035_neq32_nvar32.jl 2026-07-22T16:46:23.467
ATTEMPT 36 W0 SOLVE daisy4_035_neq32_nvar32.jl 2026-07-22T16:46:23.479
ATTEMPT 36 W0 DONE daisy4_035_neq32_nvar32.jl seed=220248 nsol=2 0.15s 2026-07-22T16:46:23.632
ATTEMPT 37 W0 START cap=daisy4_036_neq32_nvar32.jl 2026-07-22T16:46:23.632
ATTEMPT 37 W0 SOLVE daisy4_036_neq32_nvar32.jl 2026-07-22T16:46:23.641
ATTEMPT 37 W0 DONE daisy4_036_neq32_nvar32.jl seed=220249 nsol=2 0.10s 2026-07-22T16:46:23.745
ATTEMPT 38 W0 START cap=daisy4_037_neq32_nvar32.jl 2026-07-22T16:46:23.745
ATTEMPT 38 W0 SOLVE daisy4_037_neq32_nvar32.jl 2026-07-22T16:46:23.769
ATTEMPT 38 W0 DONE daisy4_037_neq32_nvar32.jl seed=220250 nsol=2 0.22s 2026-07-22T16:46:23.986
ATTEMPT 39 W0 START cap=daisy4_038_neq32_nvar32.jl 2026-07-22T16:46:23.997
ATTEMPT 39 W0 SOLVE daisy4_038_neq32_nvar32.jl 2026-07-22T16:46:24.027
ATTEMPT 39 W0 DONE daisy4_038_neq32_nvar32.jl seed=220251 nsol=2 0.48s 2026-07-22T16:46:24.510
ATTEMPT 40 W0 START cap=daisy4_039_neq32_nvar32.jl 2026-07-22T16:46:24.510
ATTEMPT 40 W0 SOLVE daisy4_039_neq32_nvar32.jl 2026-07-22T16:46:24.527
ATTEMPT 40 W0 DONE daisy4_039_neq32_nvar32.jl seed=220252 nsol=2 0.15s 2026-07-22T16:46:24.676
ATTEMPT 41 W0 START cap=daisy4_040_neq32_nvar32.jl 2026-07-22T16:46:24.677
ATTEMPT 41 W0 SOLVE daisy4_040_neq32_nvar32.jl 2026-07-22T16:46:24.684
ATTEMPT 41 W0 DONE daisy4_040_neq32_nvar32.jl seed=220253 nsol=2 0.15s 2026-07-22T16:46:24.830
ATTEMPT 42 W0 START cap=daisy4_041_neq32_nvar32.jl 2026-07-22T16:46:24.835
ATTEMPT 42 W0 SOLVE daisy4_041_neq32_nvar32.jl 2026-07-22T16:46:24.846
ATTEMPT 42 W0 DONE daisy4_041_neq32_nvar32.jl seed=220254 nsol=2 0.25s 2026-07-22T16:46:25.096
ATTEMPT 43 W0 START cap=daisy4_042_neq32_nvar32.jl 2026-07-22T16:46:25.096
ATTEMPT 43 W0 SOLVE daisy4_042_neq32_nvar32.jl 2026-07-22T16:46:25.105
ATTEMPT 43 W0 DONE daisy4_042_neq32_nvar32.jl seed=220255 nsol=2 0.16s 2026-07-22T16:46:25.262
ATTEMPT 44 W0 START cap=daisy4_043_neq32_nvar32.jl 2026-07-22T16:46:25.262
ATTEMPT 44 W0 SOLVE daisy4_043_neq32_nvar32.jl 2026-07-22T16:46:25.273
ATTEMPT 44 W0 DONE daisy4_043_neq32_nvar32.jl seed=220256 nsol=2 0.45s 2026-07-22T16:46:25.718
ATTEMPT 45 W0 START cap=daisy4_044_neq32_nvar32.jl 2026-07-22T16:46:25.718
ATTEMPT 45 W0 SOLVE daisy4_044_neq32_nvar32.jl 2026-07-22T16:46:25.779
ATTEMPT 45 W0 DONE daisy4_044_neq32_nvar32.jl seed=220257 nsol=2 0.27s 2026-07-22T16:46:26.054
ATTEMPT 46 W0 START cap=daisy4_045_neq32_nvar32.jl 2026-07-22T16:46:26.054
ATTEMPT 46 W0 SOLVE daisy4_045_neq32_nvar32.jl 2026-07-22T16:46:26.072
ATTEMPT 46 W0 DONE daisy4_045_neq32_nvar32.jl seed=220258 nsol=2 0.19s 2026-07-22T16:46:26.266
ATTEMPT 47 W0 START cap=daisy4_046_neq32_nvar32.jl 2026-07-22T16:46:26.266
ATTEMPT 47 W0 SOLVE daisy4_046_neq32_nvar32.jl 2026-07-22T16:46:26.362
ATTEMPT 47 W0 DONE daisy4_046_neq32_nvar32.jl seed=220259 nsol=2 0.25s 2026-07-22T16:46:26.611
ATTEMPT 48 W0 START cap=daisy4_047_neq32_nvar32.jl 2026-07-22T16:46:26.611
ATTEMPT 48 W0 SOLVE daisy4_047_neq32_nvar32.jl 2026-07-22T16:46:26.621
ATTEMPT 48 W0 DONE daisy4_047_neq32_nvar32.jl seed=220260 nsol=2 0.26s 2026-07-22T16:46:26.885
ATTEMPT 49 W0 START cap=daisy4_048_neq32_nvar32.jl 2026-07-22T16:46:26.885
ATTEMPT 49 W0 SOLVE daisy4_048_neq32_nvar32.jl 2026-07-22T16:46:26.907
ATTEMPT 49 W0 DONE daisy4_048_neq32_nvar32.jl seed=220261 nsol=2 0.29s 2026-07-22T16:46:27.204
ATTEMPT 50 W0 START cap=daisy4_049_neq32_nvar32.jl 2026-07-22T16:46:27.204
ATTEMPT 50 W0 SOLVE daisy4_049_neq32_nvar32.jl 2026-07-22T16:46:27.237
ATTEMPT 50 W0 DONE daisy4_049_neq32_nvar32.jl seed=220262 nsol=2 0.29s 2026-07-22T16:46:27.522
ATTEMPT 51 W0 START cap=daisy4_050_neq32_nvar32.jl 2026-07-22T16:46:27.522
ATTEMPT 51 W0 SOLVE daisy4_050_neq32_nvar32.jl 2026-07-22T16:46:27.566
ATTEMPT 51 W0 DONE daisy4_050_neq32_nvar32.jl seed=220263 nsol=2 0.32s 2026-07-22T16:46:27.889
ATTEMPT 52 W0 START cap=daisy4_051_neq32_nvar32.jl 2026-07-22T16:46:27.889
ATTEMPT 52 W0 SOLVE daisy4_051_neq32_nvar32.jl 2026-07-22T16:46:27.919
ATTEMPT 52 W0 DONE daisy4_051_neq32_nvar32.jl seed=220264 nsol=2 0.54s 2026-07-22T16:46:28.462
ATTEMPT 53 W0 START cap=daisy4_052_neq32_nvar32.jl 2026-07-22T16:46:28.463
ATTEMPT 53 W0 SOLVE daisy4_052_neq32_nvar32.jl 2026-07-22T16:46:28.496
Computing mixed cells... 2    Time: 0:00:00[K
   mixed_volume: 2[K[A
[K[AComputing mixed cells... 10    Time: 0:00:00[K
   mixed_volume: 12[K
ATTEMPT 53 W0 DONE daisy4_052_neq32_nvar32.jl seed=220265 nsol=2 0.74s 2026-07-22T16:46:29.240
ATTEMPT 54 W0 START cap=daisy4_053_neq32_nvar32.jl 2026-07-22T16:46:29.240
ATTEMPT 54 W0 SOLVE daisy4_053_neq32_nvar32.jl 2026-07-22T16:46:29.276
ATTEMPT 54 W0 DONE daisy4_053_neq32_nvar32.jl seed=220266 nsol=2 0.22s 2026-07-22T16:46:29.498
ATTEMPT 55 W0 START cap=daisy4_054_neq32_nvar32.jl 2026-07-22T16:46:29.498
ATTEMPT 55 W0 SOLVE daisy4_054_neq32_nvar32.jl 2026-07-22T16:46:29.518
ATTEMPT 55 W0 DONE daisy4_054_neq32_nvar32.jl seed=220267 nsol=2 0.19s 2026-07-22T16:46:29.711
ATTEMPT 56 W0 START cap=daisy4_055_neq32_nvar32.jl 2026-07-22T16:46:29.711
ATTEMPT 56 W0 SOLVE daisy4_055_neq32_nvar32.jl 2026-07-22T16:46:29.735
ATTEMPT 56 W0 DONE daisy4_055_neq32_nvar32.jl seed=220268 nsol=2 0.21s 2026-07-22T16:46:29.945
ATTEMPT 57 W0 START cap=daisy4_056_neq32_nvar32.jl 2026-07-22T16:46:29.945
ATTEMPT 57 W0 SOLVE daisy4_056_neq32_nvar32.jl 2026-07-22T16:46:29.953
Computing mixed cells... 2    Time: 0:00:00[K
   mixed_volume: 3[K[A
[K[AComputing mixed cells... 11    Time: 0:00:00[K
   mixed_volume: 12[K
ATTEMPT 57 W0 DONE daisy4_056_neq32_nvar32.jl seed=220269 nsol=2 0.81s 2026-07-22T16:46:30.763
ATTEMPT 58 W0 START cap=daisy4_057_neq32_nvar32.jl 2026-07-22T16:46:30.763
ATTEMPT 58 W0 SOLVE daisy4_057_neq32_nvar32.jl 2026-07-22T16:46:30.799
ATTEMPT 58 W0 DONE daisy4_057_neq32_nvar32.jl seed=220270 nsol=2 0.23s 2026-07-22T16:46:31.032
ATTEMPT 59 W0 START cap=daisy4_058_neq32_nvar32.jl 2026-07-22T16:46:31.033
ATTEMPT 59 W0 SOLVE daisy4_058_neq32_nvar32.jl 2026-07-22T16:46:31.042
ATTEMPT 59 W0 DONE daisy4_058_neq32_nvar32.jl seed=220271 nsol=2 0.16s 2026-07-22T16:46:31.197
ATTEMPT 60 W0 START cap=daisy4_059_neq32_nvar32.jl 2026-07-22T16:46:31.198
ATTEMPT 60 W0 SOLVE daisy4_059_neq32_nvar32.jl 2026-07-22T16:46:31.210
ATTEMPT 60 W0 DONE daisy4_059_neq32_nvar32.jl seed=220272 nsol=2 0.40s 2026-07-22T16:46:31.607
HUNT2 complete 2026-07-22T16:46:31.621
