HUNT2 start mode=seq hcthr=on nworkers=0 nthreads=14 ngcthreads=14 nsolves=60 seed_base=706832 shape=capdir:/home/orebas/.julia/dev/ODEParameterEstimation/repro/hc_threading_mwe_2026_07_22/captured_systems pid=2076670 julia=1.12.6 HC=2.20.0 2026-07-22T16:57:46.488
ATTEMPT 1 W0 START cap=daisy4_000_neq32_nvar32.jl 2026-07-22T16:57:48.812
ATTEMPT 1 W0 SOLVE daisy4_000_neq32_nvar32.jl 2026-07-22T16:57:50.117
Computing mixed cells... 2    Time: 0:00:03[K
   mixed_volume: 2[K[A
[K[AComputing mixed cells... 9    Time: 0:00:04[K
   mixed_volume: 12[K
ATTEMPT 1 W0 DONE daisy4_000_neq32_nvar32.jl seed=706833 nsol=2 64.32s 2026-07-22T16:58:54.520
ATTEMPT 2 W0 START cap=daisy4_001_neq32_nvar32.jl 2026-07-22T16:58:54.801
ATTEMPT 2 W0 SOLVE daisy4_001_neq32_nvar32.jl 2026-07-22T16:58:54.809
ATTEMPT 2 W0 DONE daisy4_001_neq32_nvar32.jl seed=706834 nsol=2 0.13s 2026-07-22T16:58:54.939
ATTEMPT 3 W0 START cap=daisy4_002_neq32_nvar32.jl 2026-07-22T16:58:54.939
ATTEMPT 3 W0 SOLVE daisy4_002_neq32_nvar32.jl 2026-07-22T16:58:54.951
ATTEMPT 3 W0 DONE daisy4_002_neq32_nvar32.jl seed=706835 nsol=2 0.26s 2026-07-22T16:58:55.209
ATTEMPT 4 W0 START cap=daisy4_003_neq32_nvar32.jl 2026-07-22T16:58:55.209
ATTEMPT 4 W0 SOLVE daisy4_003_neq32_nvar32.jl 2026-07-22T16:58:55.217
ATTEMPT 4 W0 DONE daisy4_003_neq32_nvar32.jl seed=706836 nsol=2 0.09s 2026-07-22T16:58:55.308
ATTEMPT 5 W0 START cap=daisy4_004_neq32_nvar32.jl 2026-07-22T16:58:55.308
ATTEMPT 5 W0 SOLVE daisy4_004_neq32_nvar32.jl 2026-07-22T16:58:55.316
ATTEMPT 5 W0 DONE daisy4_004_neq32_nvar32.jl seed=706837 nsol=2 0.08s 2026-07-22T16:58:55.400
ATTEMPT 6 W0 START cap=daisy4_005_neq32_nvar32.jl 2026-07-22T16:58:55.400
ATTEMPT 6 W0 SOLVE daisy4_005_neq32_nvar32.jl 2026-07-22T16:58:55.408
ATTEMPT 6 W0 DONE daisy4_005_neq32_nvar32.jl seed=706838 nsol=2 0.15s 2026-07-22T16:58:55.561
ATTEMPT 7 W0 START cap=daisy4_006_neq32_nvar32.jl 2026-07-22T16:58:55.561
ATTEMPT 7 W0 SOLVE daisy4_006_neq32_nvar32.jl 2026-07-22T16:58:55.579
ATTEMPT 7 W0 DONE daisy4_006_neq32_nvar32.jl seed=706839 nsol=2 0.12s 2026-07-22T16:58:55.697
ATTEMPT 8 W0 START cap=daisy4_007_neq32_nvar32.jl 2026-07-22T16:58:55.697
ATTEMPT 8 W0 SOLVE daisy4_007_neq32_nvar32.jl 2026-07-22T16:58:55.705
ATTEMPT 8 W0 DONE daisy4_007_neq32_nvar32.jl seed=706840 nsol=2 0.19s 2026-07-22T16:58:55.898
ATTEMPT 9 W0 START cap=daisy4_008_neq32_nvar32.jl 2026-07-22T16:58:55.899
ATTEMPT 9 W0 SOLVE daisy4_008_neq32_nvar32.jl 2026-07-22T16:58:55.906
ATTEMPT 9 W0 DONE daisy4_008_neq32_nvar32.jl seed=706841 nsol=2 0.14s 2026-07-22T16:58:56.043
ATTEMPT 10 W0 START cap=daisy4_009_neq32_nvar32.jl 2026-07-22T16:58:56.047
ATTEMPT 10 W0 SOLVE daisy4_009_neq32_nvar32.jl 2026-07-22T16:58:56.055
ATTEMPT 10 W0 DONE daisy4_009_neq32_nvar32.jl seed=706842 nsol=2 0.12s 2026-07-22T16:58:56.171
ATTEMPT 11 W0 START cap=daisy4_010_neq32_nvar32.jl 2026-07-22T16:58:56.171
ATTEMPT 11 W0 SOLVE daisy4_010_neq32_nvar32.jl 2026-07-22T16:58:56.187
ATTEMPT 11 W0 DONE daisy4_010_neq32_nvar32.jl seed=706843 nsol=2 0.20s 2026-07-22T16:58:56.386
ATTEMPT 12 W0 START cap=daisy4_011_neq32_nvar32.jl 2026-07-22T16:58:56.387
ATTEMPT 12 W0 SOLVE daisy4_011_neq32_nvar32.jl 2026-07-22T16:58:56.403
ATTEMPT 12 W0 DONE daisy4_011_neq32_nvar32.jl seed=706844 nsol=2 0.35s 2026-07-22T16:58:56.755
ATTEMPT 13 W0 START cap=daisy4_012_neq32_nvar32.jl 2026-07-22T16:58:56.755
ATTEMPT 13 W0 SOLVE daisy4_012_neq32_nvar32.jl 2026-07-22T16:58:56.772
ATTEMPT 13 W0 DONE daisy4_012_neq32_nvar32.jl seed=706845 nsol=2 0.11s 2026-07-22T16:58:56.878
ATTEMPT 14 W0 START cap=daisy4_013_neq32_nvar32.jl 2026-07-22T16:58:56.879
ATTEMPT 14 W0 SOLVE daisy4_013_neq32_nvar32.jl 2026-07-22T16:58:56.887
ATTEMPT 14 W0 DONE daisy4_013_neq32_nvar32.jl seed=706846 nsol=2 0.15s 2026-07-22T16:58:57.039
ATTEMPT 15 W0 START cap=daisy4_014_neq32_nvar32.jl 2026-07-22T16:58:57.039
ATTEMPT 15 W0 SOLVE daisy4_014_neq32_nvar32.jl 2026-07-22T16:58:57.050
ATTEMPT 15 W0 DONE daisy4_014_neq32_nvar32.jl seed=706847 nsol=2 0.13s 2026-07-22T16:58:57.183
ATTEMPT 16 W0 START cap=daisy4_015_neq32_nvar32.jl 2026-07-22T16:58:57.183
ATTEMPT 16 W0 SOLVE daisy4_015_neq32_nvar32.jl 2026-07-22T16:58:57.199
ATTEMPT 16 W0 DONE daisy4_015_neq32_nvar32.jl seed=706848 nsol=2 0.17s 2026-07-22T16:58:57.365
ATTEMPT 17 W0 START cap=daisy4_016_neq32_nvar32.jl 2026-07-22T16:58:57.365
ATTEMPT 17 W0 SOLVE daisy4_016_neq32_nvar32.jl 2026-07-22T16:58:57.380
ATTEMPT 17 W0 DONE daisy4_016_neq32_nvar32.jl seed=706849 nsol=2 0.16s 2026-07-22T16:58:57.538
ATTEMPT 18 W0 START cap=daisy4_017_neq32_nvar32.jl 2026-07-22T16:58:57.538
ATTEMPT 18 W0 SOLVE daisy4_017_neq32_nvar32.jl 2026-07-22T16:58:57.547
ATTEMPT 18 W0 DONE daisy4_017_neq32_nvar32.jl seed=706850 nsol=2 0.12s 2026-07-22T16:58:57.666
ATTEMPT 19 W0 START cap=daisy4_018_neq32_nvar32.jl 2026-07-22T16:58:57.666
ATTEMPT 19 W0 SOLVE daisy4_018_neq32_nvar32.jl 2026-07-22T16:58:57.700
ATTEMPT 19 W0 DONE daisy4_018_neq32_nvar32.jl seed=706851 nsol=2 0.17s 2026-07-22T16:58:57.865
ATTEMPT 20 W0 START cap=daisy4_019_neq32_nvar32.jl 2026-07-22T16:58:57.866
ATTEMPT 20 W0 SOLVE daisy4_019_neq32_nvar32.jl 2026-07-22T16:58:57.882
ATTEMPT 20 W0 DONE daisy4_019_neq32_nvar32.jl seed=706852 nsol=2 0.08s 2026-07-22T16:58:57.965
ATTEMPT 21 W0 START cap=daisy4_020_neq32_nvar32.jl 2026-07-22T16:58:57.966
ATTEMPT 21 W0 SOLVE daisy4_020_neq32_nvar32.jl 2026-07-22T16:58:57.974
ATTEMPT 21 W0 DONE daisy4_020_neq32_nvar32.jl seed=706853 nsol=2 0.23s 2026-07-22T16:58:58.202
ATTEMPT 22 W0 START cap=daisy4_021_neq32_nvar32.jl 2026-07-22T16:58:58.203
ATTEMPT 22 W0 SOLVE daisy4_021_neq32_nvar32.jl 2026-07-22T16:58:58.210
ATTEMPT 22 W0 DONE daisy4_021_neq32_nvar32.jl seed=706854 nsol=2 0.09s 2026-07-22T16:58:58.304
ATTEMPT 23 W0 START cap=daisy4_022_neq32_nvar32.jl 2026-07-22T16:58:58.304
ATTEMPT 23 W0 SOLVE daisy4_022_neq32_nvar32.jl 2026-07-22T16:58:58.312
ATTEMPT 23 W0 DONE daisy4_022_neq32_nvar32.jl seed=706855 nsol=2 0.46s 2026-07-22T16:58:58.770
ATTEMPT 24 W0 START cap=daisy4_023_neq32_nvar32.jl 2026-07-22T16:58:58.771
ATTEMPT 24 W0 SOLVE daisy4_023_neq32_nvar32.jl 2026-07-22T16:58:58.778
ATTEMPT 24 W0 DONE daisy4_023_neq32_nvar32.jl seed=706856 nsol=2 0.14s 2026-07-22T16:58:58.920
ATTEMPT 25 W0 START cap=daisy4_024_neq32_nvar32.jl 2026-07-22T16:58:58.920
ATTEMPT 25 W0 SOLVE daisy4_024_neq32_nvar32.jl 2026-07-22T16:58:58.933
ATTEMPT 25 W0 DONE daisy4_024_neq32_nvar32.jl seed=706857 nsol=2 0.14s 2026-07-22T16:58:59.074
ATTEMPT 26 W0 START cap=daisy4_025_neq32_nvar32.jl 2026-07-22T16:58:59.074
ATTEMPT 26 W0 SOLVE daisy4_025_neq32_nvar32.jl 2026-07-22T16:58:59.082
ATTEMPT 26 W0 DONE daisy4_025_neq32_nvar32.jl seed=706858 nsol=2 0.08s 2026-07-22T16:58:59.167
ATTEMPT 27 W0 START cap=daisy4_026_neq32_nvar32.jl 2026-07-22T16:58:59.167
ATTEMPT 27 W0 SOLVE daisy4_026_neq32_nvar32.jl 2026-07-22T16:58:59.183
ATTEMPT 27 W0 DONE daisy4_026_neq32_nvar32.jl seed=706859 nsol=2 0.10s 2026-07-22T16:58:59.280
ATTEMPT 28 W0 START cap=daisy4_027_neq32_nvar32.jl 2026-07-22T16:58:59.280
ATTEMPT 28 W0 SOLVE daisy4_027_neq32_nvar32.jl 2026-07-22T16:58:59.288
ATTEMPT 28 W0 DONE daisy4_027_neq32_nvar32.jl seed=706860 nsol=2 0.09s 2026-07-22T16:58:59.378
ATTEMPT 29 W0 START cap=daisy4_028_neq32_nvar32.jl 2026-07-22T16:58:59.379
ATTEMPT 29 W0 SOLVE daisy4_028_neq32_nvar32.jl 2026-07-22T16:58:59.390
ATTEMPT 29 W0 DONE daisy4_028_neq32_nvar32.jl seed=706861 nsol=2 0.13s 2026-07-22T16:58:59.522
ATTEMPT 30 W0 START cap=daisy4_029_neq32_nvar32.jl 2026-07-22T16:58:59.523
ATTEMPT 30 W0 SOLVE daisy4_029_neq32_nvar32.jl 2026-07-22T16:58:59.531
ATTEMPT 30 W0 DONE daisy4_029_neq32_nvar32.jl seed=706862 nsol=2 0.11s 2026-07-22T16:58:59.643
ATTEMPT 31 W0 START cap=daisy4_030_neq32_nvar32.jl 2026-07-22T16:58:59.643
ATTEMPT 31 W0 SOLVE daisy4_030_neq32_nvar32.jl 2026-07-22T16:58:59.653
ATTEMPT 31 W0 DONE daisy4_030_neq32_nvar32.jl seed=706863 nsol=2 0.11s 2026-07-22T16:58:59.763
ATTEMPT 32 W0 START cap=daisy4_031_neq32_nvar32.jl 2026-07-22T16:58:59.764
ATTEMPT 32 W0 SOLVE daisy4_031_neq32_nvar32.jl 2026-07-22T16:58:59.781
ATTEMPT 32 W0 DONE daisy4_031_neq32_nvar32.jl seed=706864 nsol=2 0.10s 2026-07-22T16:58:59.884
ATTEMPT 33 W0 START cap=daisy4_032_neq32_nvar32.jl 2026-07-22T16:58:59.884
ATTEMPT 33 W0 SOLVE daisy4_032_neq32_nvar32.jl 2026-07-22T16:58:59.892
ATTEMPT 33 W0 DONE daisy4_032_neq32_nvar32.jl seed=706865 nsol=2 0.39s 2026-07-22T16:59:00.278
ATTEMPT 34 W0 START cap=daisy4_033_neq32_nvar32.jl 2026-07-22T16:59:00.279
ATTEMPT 34 W0 SOLVE daisy4_033_neq32_nvar32.jl 2026-07-22T16:59:00.287
ATTEMPT 34 W0 DONE daisy4_033_neq32_nvar32.jl seed=706866 nsol=2 0.18s 2026-07-22T16:59:00.470
ATTEMPT 35 W0 START cap=daisy4_034_neq32_nvar32.jl 2026-07-22T16:59:00.470
ATTEMPT 35 W0 SOLVE daisy4_034_neq32_nvar32.jl 2026-07-22T16:59:00.487
ATTEMPT 35 W0 DONE daisy4_034_neq32_nvar32.jl seed=706867 nsol=2 0.17s 2026-07-22T16:59:00.654
ATTEMPT 36 W0 START cap=daisy4_035_neq32_nvar32.jl 2026-07-22T16:59:00.655
ATTEMPT 36 W0 SOLVE daisy4_035_neq32_nvar32.jl 2026-07-22T16:59:00.664
ATTEMPT 36 W0 DONE daisy4_035_neq32_nvar32.jl seed=706868 nsol=2 0.23s 2026-07-22T16:59:00.894
ATTEMPT 37 W0 START cap=daisy4_036_neq32_nvar32.jl 2026-07-22T16:59:00.894
ATTEMPT 37 W0 SOLVE daisy4_036_neq32_nvar32.jl 2026-07-22T16:59:00.903
ATTEMPT 37 W0 DONE daisy4_036_neq32_nvar32.jl seed=706869 nsol=2 0.14s 2026-07-22T16:59:01.047
ATTEMPT 38 W0 START cap=daisy4_037_neq32_nvar32.jl 2026-07-22T16:59:01.047
ATTEMPT 38 W0 SOLVE daisy4_037_neq32_nvar32.jl 2026-07-22T16:59:01.057
ATTEMPT 38 W0 DONE daisy4_037_neq32_nvar32.jl seed=706870 nsol=2 0.09s 2026-07-22T16:59:01.143
ATTEMPT 39 W0 START cap=daisy4_038_neq32_nvar32.jl 2026-07-22T16:59:01.143
ATTEMPT 39 W0 SOLVE daisy4_038_neq32_nvar32.jl 2026-07-22T16:59:01.160
ATTEMPT 39 W0 DONE daisy4_038_neq32_nvar32.jl seed=706871 nsol=2 0.11s 2026-07-22T16:59:01.269
ATTEMPT 40 W0 START cap=daisy4_039_neq32_nvar32.jl 2026-07-22T16:59:01.269
ATTEMPT 40 W0 SOLVE daisy4_039_neq32_nvar32.jl 2026-07-22T16:59:01.278
ATTEMPT 40 W0 DONE daisy4_039_neq32_nvar32.jl seed=706872 nsol=2 0.12s 2026-07-22T16:59:01.394
ATTEMPT 41 W0 START cap=daisy4_040_neq32_nvar32.jl 2026-07-22T16:59:01.395
ATTEMPT 41 W0 SOLVE daisy4_040_neq32_nvar32.jl 2026-07-22T16:59:01.403
ATTEMPT 41 W0 DONE daisy4_040_neq32_nvar32.jl seed=706873 nsol=2 0.10s 2026-07-22T16:59:01.506
ATTEMPT 42 W0 START cap=daisy4_041_neq32_nvar32.jl 2026-07-22T16:59:01.507
ATTEMPT 42 W0 SOLVE daisy4_041_neq32_nvar32.jl 2026-07-22T16:59:01.516
ATTEMPT 42 W0 DONE daisy4_041_neq32_nvar32.jl seed=706874 nsol=2 0.13s 2026-07-22T16:59:01.644
ATTEMPT 43 W0 START cap=daisy4_042_neq32_nvar32.jl 2026-07-22T16:59:01.644
ATTEMPT 43 W0 SOLVE daisy4_042_neq32_nvar32.jl 2026-07-22T16:59:01.654
ATTEMPT 43 W0 DONE daisy4_042_neq32_nvar32.jl seed=706875 nsol=2 0.10s 2026-07-22T16:59:01.751
ATTEMPT 44 W0 START cap=daisy4_043_neq32_nvar32.jl 2026-07-22T16:59:01.751
ATTEMPT 44 W0 SOLVE daisy4_043_neq32_nvar32.jl 2026-07-22T16:59:01.759
ATTEMPT 44 W0 DONE daisy4_043_neq32_nvar32.jl seed=706876 nsol=2 0.38s 2026-07-22T16:59:02.138
ATTEMPT 45 W0 START cap=daisy4_044_neq32_nvar32.jl 2026-07-22T16:59:02.138
ATTEMPT 45 W0 SOLVE daisy4_044_neq32_nvar32.jl 2026-07-22T16:59:02.160
ATTEMPT 45 W0 DONE daisy4_044_neq32_nvar32.jl seed=706877 nsol=2 0.86s 2026-07-22T16:59:03.022
ATTEMPT 46 W0 START cap=daisy4_045_neq32_nvar32.jl 2026-07-22T16:59:03.022
ATTEMPT 46 W0 SOLVE daisy4_045_neq32_nvar32.jl 2026-07-22T16:59:03.037
ATTEMPT 46 W0 DONE daisy4_045_neq32_nvar32.jl seed=706878 nsol=2 0.12s 2026-07-22T16:59:03.166
ATTEMPT 47 W0 START cap=daisy4_046_neq32_nvar32.jl 2026-07-22T16:59:03.167
ATTEMPT 47 W0 SOLVE daisy4_046_neq32_nvar32.jl 2026-07-22T16:59:03.174
ATTEMPT 47 W0 DONE daisy4_046_neq32_nvar32.jl seed=706879 nsol=2 0.16s 2026-07-22T16:59:03.335
ATTEMPT 48 W0 START cap=daisy4_047_neq32_nvar32.jl 2026-07-22T16:59:03.335
ATTEMPT 48 W0 SOLVE daisy4_047_neq32_nvar32.jl 2026-07-22T16:59:03.343
ATTEMPT 48 W0 DONE daisy4_047_neq32_nvar32.jl seed=706880 nsol=2 0.43s 2026-07-22T16:59:03.774
ATTEMPT 49 W0 START cap=daisy4_048_neq32_nvar32.jl 2026-07-22T16:59:03.774
ATTEMPT 49 W0 SOLVE daisy4_048_neq32_nvar32.jl 2026-07-22T16:59:03.783
ATTEMPT 49 W0 DONE daisy4_048_neq32_nvar32.jl seed=706881 nsol=2 0.09s 2026-07-22T16:59:03.870
ATTEMPT 50 W0 START cap=daisy4_049_neq32_nvar32.jl 2026-07-22T16:59:03.870
ATTEMPT 50 W0 SOLVE daisy4_049_neq32_nvar32.jl 2026-07-22T16:59:03.879
ATTEMPT 50 W0 DONE daisy4_049_neq32_nvar32.jl seed=706882 nsol=2 0.13s 2026-07-22T16:59:04.014
ATTEMPT 51 W0 START cap=daisy4_050_neq32_nvar32.jl 2026-07-22T16:59:04.015
ATTEMPT 51 W0 SOLVE daisy4_050_neq32_nvar32.jl 2026-07-22T16:59:04.023
ATTEMPT 51 W0 DONE daisy4_050_neq32_nvar32.jl seed=706883 nsol=2 0.11s 2026-07-22T16:59:04.135
ATTEMPT 52 W0 START cap=daisy4_051_neq32_nvar32.jl 2026-07-22T16:59:04.135
ATTEMPT 52 W0 SOLVE daisy4_051_neq32_nvar32.jl 2026-07-22T16:59:04.149
ATTEMPT 52 W0 DONE daisy4_051_neq32_nvar32.jl seed=706884 nsol=2 0.08s 2026-07-22T16:59:04.227
ATTEMPT 53 W0 START cap=daisy4_052_neq32_nvar32.jl 2026-07-22T16:59:04.228
ATTEMPT 53 W0 SOLVE daisy4_052_neq32_nvar32.jl 2026-07-22T16:59:04.237
ATTEMPT 53 W0 DONE daisy4_052_neq32_nvar32.jl seed=706885 nsol=2 0.16s 2026-07-22T16:59:04.398
ATTEMPT 54 W0 START cap=daisy4_053_neq32_nvar32.jl 2026-07-22T16:59:04.398
ATTEMPT 54 W0 SOLVE daisy4_053_neq32_nvar32.jl 2026-07-22T16:59:04.413
ATTEMPT 54 W0 DONE daisy4_053_neq32_nvar32.jl seed=706886 nsol=2 0.10s 2026-07-22T16:59:04.508
ATTEMPT 55 W0 START cap=daisy4_054_neq32_nvar32.jl 2026-07-22T16:59:04.508
ATTEMPT 55 W0 SOLVE daisy4_054_neq32_nvar32.jl 2026-07-22T16:59:04.518
ATTEMPT 55 W0 DONE daisy4_054_neq32_nvar32.jl seed=706887 nsol=2 0.21s 2026-07-22T16:59:04.727
ATTEMPT 56 W0 START cap=daisy4_055_neq32_nvar32.jl 2026-07-22T16:59:04.727
ATTEMPT 56 W0 SOLVE daisy4_055_neq32_nvar32.jl 2026-07-22T16:59:04.736
ATTEMPT 56 W0 DONE daisy4_055_neq32_nvar32.jl seed=706888 nsol=2 0.08s 2026-07-22T16:59:04.819
ATTEMPT 57 W0 START cap=daisy4_056_neq32_nvar32.jl 2026-07-22T16:59:04.820
ATTEMPT 57 W0 SOLVE daisy4_056_neq32_nvar32.jl 2026-07-22T16:59:04.828
ATTEMPT 57 W0 DONE daisy4_056_neq32_nvar32.jl seed=706889 nsol=2 0.08s 2026-07-22T16:59:04.907
ATTEMPT 58 W0 START cap=daisy4_057_neq32_nvar32.jl 2026-07-22T16:59:04.907
ATTEMPT 58 W0 SOLVE daisy4_057_neq32_nvar32.jl 2026-07-22T16:59:04.924
ATTEMPT 58 W0 DONE daisy4_057_neq32_nvar32.jl seed=706890 nsol=2 0.08s 2026-07-22T16:59:05.006
ATTEMPT 59 W0 START cap=daisy4_058_neq32_nvar32.jl 2026-07-22T16:59:05.006
ATTEMPT 59 W0 SOLVE daisy4_058_neq32_nvar32.jl 2026-07-22T16:59:05.015
ATTEMPT 59 W0 DONE daisy4_058_neq32_nvar32.jl seed=706891 nsol=2 0.08s 2026-07-22T16:59:05.099
ATTEMPT 60 W0 START cap=daisy4_059_neq32_nvar32.jl 2026-07-22T16:59:05.099
ATTEMPT 60 W0 SOLVE daisy4_059_neq32_nvar32.jl 2026-07-22T16:59:05.107
ATTEMPT 60 W0 DONE daisy4_059_neq32_nvar32.jl seed=706892 nsol=2 0.31s 2026-07-22T16:59:05.413
HUNT2 complete 2026-07-22T16:59:05.418
