HUNT2 start mode=seq hcthr=on nworkers=0 nthreads=14 ngcthreads=14 nsolves=60 seed_base=1915214 shape=capdir:/home/orebas/.julia/dev/ODEParameterEstimation/repro/hc_threading_mwe_2026_07_22/captured_systems pid=2296491 julia=1.12.6 HC=2.20.0 2026-07-22T17:29:34.526
ATTEMPT 1 W0 START cap=daisy4_000_neq32_nvar32.jl 2026-07-22T17:29:41.126
ATTEMPT 1 W0 SOLVE daisy4_000_neq32_nvar32.jl 2026-07-22T17:29:43.621
Computing mixed cells... 2    Time: 0:00:01[K
   mixed_volume: 2[K[A
[K[AComputing mixed cells... 10    Time: 0:00:01[K
   mixed_volume: 12[K
ATTEMPT 1 W0 DONE daisy4_000_neq32_nvar32.jl seed=1915215 nsol=2 166.57s 2026-07-22T17:32:30.641
ATTEMPT 2 W0 START cap=daisy4_001_neq32_nvar32.jl 2026-07-22T17:32:32.198
ATTEMPT 2 W0 SOLVE daisy4_001_neq32_nvar32.jl 2026-07-22T17:32:32.228
ATTEMPT 2 W0 DONE daisy4_001_neq32_nvar32.jl seed=1915216 nsol=2 0.36s 2026-07-22T17:32:32.596
ATTEMPT 3 W0 START cap=daisy4_002_neq32_nvar32.jl 2026-07-22T17:32:32.596
ATTEMPT 3 W0 SOLVE daisy4_002_neq32_nvar32.jl 2026-07-22T17:32:32.615
ATTEMPT 3 W0 DONE daisy4_002_neq32_nvar32.jl seed=1915217 nsol=2 0.39s 2026-07-22T17:32:33.008
ATTEMPT 4 W0 START cap=daisy4_003_neq32_nvar32.jl 2026-07-22T17:32:33.008
ATTEMPT 4 W0 SOLVE daisy4_003_neq32_nvar32.jl 2026-07-22T17:32:33.026
ATTEMPT 4 W0 DONE daisy4_003_neq32_nvar32.jl seed=1915218 nsol=2 0.19s 2026-07-22T17:32:33.222
ATTEMPT 5 W0 START cap=daisy4_004_neq32_nvar32.jl 2026-07-22T17:32:33.222
ATTEMPT 5 W0 SOLVE daisy4_004_neq32_nvar32.jl 2026-07-22T17:32:33.253
ATTEMPT 5 W0 DONE daisy4_004_neq32_nvar32.jl seed=1915219 nsol=2 0.52s 2026-07-22T17:32:33.774
ATTEMPT 6 W0 START cap=daisy4_005_neq32_nvar32.jl 2026-07-22T17:32:33.774
ATTEMPT 6 W0 SOLVE daisy4_005_neq32_nvar32.jl 2026-07-22T17:32:33.802
ATTEMPT 6 W0 DONE daisy4_005_neq32_nvar32.jl seed=1915220 nsol=2 0.25s 2026-07-22T17:32:34.062
ATTEMPT 7 W0 START cap=daisy4_006_neq32_nvar32.jl 2026-07-22T17:32:34.063
ATTEMPT 7 W0 SOLVE daisy4_006_neq32_nvar32.jl 2026-07-22T17:32:34.101
ATTEMPT 7 W0 DONE daisy4_006_neq32_nvar32.jl seed=1915221 nsol=2 0.28s 2026-07-22T17:32:34.380
ATTEMPT 8 W0 START cap=daisy4_007_neq32_nvar32.jl 2026-07-22T17:32:34.380
ATTEMPT 8 W0 SOLVE daisy4_007_neq32_nvar32.jl 2026-07-22T17:32:34.401
ATTEMPT 8 W0 DONE daisy4_007_neq32_nvar32.jl seed=1915222 nsol=2 0.53s 2026-07-22T17:32:34.928
ATTEMPT 9 W0 START cap=daisy4_008_neq32_nvar32.jl 2026-07-22T17:32:34.928
ATTEMPT 9 W0 SOLVE daisy4_008_neq32_nvar32.jl 2026-07-22T17:32:34.966
ATTEMPT 9 W0 DONE daisy4_008_neq32_nvar32.jl seed=1915223 nsol=2 0.42s 2026-07-22T17:32:35.384
ATTEMPT 10 W0 START cap=daisy4_009_neq32_nvar32.jl 2026-07-22T17:32:35.384
ATTEMPT 10 W0 SOLVE daisy4_009_neq32_nvar32.jl 2026-07-22T17:32:35.415
ATTEMPT 10 W0 DONE daisy4_009_neq32_nvar32.jl seed=1915224 nsol=2 0.39s 2026-07-22T17:32:35.828
ATTEMPT 11 W0 START cap=daisy4_010_neq32_nvar32.jl 2026-07-22T17:32:35.828
ATTEMPT 11 W0 SOLVE daisy4_010_neq32_nvar32.jl 2026-07-22T17:32:35.852
ATTEMPT 11 W0 DONE daisy4_010_neq32_nvar32.jl seed=1915225 nsol=2 0.30s 2026-07-22T17:32:36.156
ATTEMPT 12 W0 START cap=daisy4_011_neq32_nvar32.jl 2026-07-22T17:32:36.156
ATTEMPT 12 W0 SOLVE daisy4_011_neq32_nvar32.jl 2026-07-22T17:32:36.193
ATTEMPT 12 W0 DONE daisy4_011_neq32_nvar32.jl seed=1915226 nsol=2 0.46s 2026-07-22T17:32:36.656
ATTEMPT 13 W0 START cap=daisy4_012_neq32_nvar32.jl 2026-07-22T17:32:36.656
ATTEMPT 13 W0 SOLVE daisy4_012_neq32_nvar32.jl 2026-07-22T17:32:36.664
Computing mixed cells... 2    Time: 0:00:00[K
   mixed_volume: 3[K[A
[K[AComputing mixed cells... 9    Time: 0:00:00[K
   mixed_volume: 12[K
ATTEMPT 13 W0 DONE daisy4_012_neq32_nvar32.jl seed=1915227 nsol=2 0.62s 2026-07-22T17:32:37.305
ATTEMPT 14 W0 START cap=daisy4_013_neq32_nvar32.jl 2026-07-22T17:32:37.305
ATTEMPT 14 W0 SOLVE daisy4_013_neq32_nvar32.jl 2026-07-22T17:32:37.337
ATTEMPT 14 W0 DONE daisy4_013_neq32_nvar32.jl seed=1915228 nsol=2 0.52s 2026-07-22T17:32:37.860
ATTEMPT 15 W0 START cap=daisy4_014_neq32_nvar32.jl 2026-07-22T17:32:37.860
ATTEMPT 15 W0 SOLVE daisy4_014_neq32_nvar32.jl 2026-07-22T17:32:37.884
ATTEMPT 15 W0 DONE daisy4_014_neq32_nvar32.jl seed=1915229 nsol=2 0.41s 2026-07-22T17:32:38.292
ATTEMPT 16 W0 START cap=daisy4_015_neq32_nvar32.jl 2026-07-22T17:32:38.292
ATTEMPT 16 W0 SOLVE daisy4_015_neq32_nvar32.jl 2026-07-22T17:32:38.330
Computing mixed cells... 2    Time: 0:00:00[K
   mixed_volume: 8[K[A
[K[AComputing mixed cells... 5    Time: 0:00:00[K
   mixed_volume: 12[K
ATTEMPT 16 W0 DONE daisy4_015_neq32_nvar32.jl seed=1915230 nsol=2 0.91s 2026-07-22T17:32:39.240
ATTEMPT 17 W0 START cap=daisy4_016_neq32_nvar32.jl 2026-07-22T17:32:39.240
ATTEMPT 17 W0 SOLVE daisy4_016_neq32_nvar32.jl 2026-07-22T17:32:39.259
ATTEMPT 17 W0 DONE daisy4_016_neq32_nvar32.jl seed=1915231 nsol=2 0.38s 2026-07-22T17:32:39.640
ATTEMPT 18 W0 START cap=daisy4_017_neq32_nvar32.jl 2026-07-22T17:32:39.640
ATTEMPT 18 W0 SOLVE daisy4_017_neq32_nvar32.jl 2026-07-22T17:32:39.648
ATTEMPT 18 W0 DONE daisy4_017_neq32_nvar32.jl seed=1915232 nsol=2 0.42s 2026-07-22T17:32:40.079
ATTEMPT 19 W0 START cap=daisy4_018_neq32_nvar32.jl 2026-07-22T17:32:40.079
ATTEMPT 19 W0 SOLVE daisy4_018_neq32_nvar32.jl 2026-07-22T17:32:40.118
ATTEMPT 19 W0 DONE daisy4_018_neq32_nvar32.jl seed=1915233 nsol=2 0.24s 2026-07-22T17:32:40.362
ATTEMPT 20 W0 START cap=daisy4_019_neq32_nvar32.jl 2026-07-22T17:32:40.362
ATTEMPT 20 W0 SOLVE daisy4_019_neq32_nvar32.jl 2026-07-22T17:32:40.390
ATTEMPT 20 W0 DONE daisy4_019_neq32_nvar32.jl seed=1915234 nsol=2 1.30s 2026-07-22T17:32:41.703
ATTEMPT 21 W0 START cap=daisy4_020_neq32_nvar32.jl 2026-07-22T17:32:41.704
ATTEMPT 21 W0 SOLVE daisy4_020_neq32_nvar32.jl 2026-07-22T17:32:41.747
ATTEMPT 21 W0 DONE daisy4_020_neq32_nvar32.jl seed=1915235 nsol=2 0.51s 2026-07-22T17:32:42.277
ATTEMPT 22 W0 START cap=daisy4_021_neq32_nvar32.jl 2026-07-22T17:32:42.278
ATTEMPT 22 W0 SOLVE daisy4_021_neq32_nvar32.jl 2026-07-22T17:32:42.319
ATTEMPT 22 W0 DONE daisy4_021_neq32_nvar32.jl seed=1915236 nsol=2 0.40s 2026-07-22T17:32:42.737
ATTEMPT 23 W0 START cap=daisy4_022_neq32_nvar32.jl 2026-07-22T17:32:42.737
ATTEMPT 23 W0 SOLVE daisy4_022_neq32_nvar32.jl 2026-07-22T17:32:42.755
ATTEMPT 23 W0 DONE daisy4_022_neq32_nvar32.jl seed=1915237 nsol=2 0.35s 2026-07-22T17:32:43.117
ATTEMPT 24 W0 START cap=daisy4_023_neq32_nvar32.jl 2026-07-22T17:32:43.117
ATTEMPT 24 W0 SOLVE daisy4_023_neq32_nvar32.jl 2026-07-22T17:32:43.136
ATTEMPT 24 W0 DONE daisy4_023_neq32_nvar32.jl seed=1915238 nsol=2 0.29s 2026-07-22T17:32:43.424
ATTEMPT 25 W0 START cap=daisy4_024_neq32_nvar32.jl 2026-07-22T17:32:43.424
ATTEMPT 25 W0 SOLVE daisy4_024_neq32_nvar32.jl 2026-07-22T17:32:43.455
ATTEMPT 25 W0 DONE daisy4_024_neq32_nvar32.jl seed=1915239 nsol=2 0.35s 2026-07-22T17:32:43.818
ATTEMPT 26 W0 START cap=daisy4_025_neq32_nvar32.jl 2026-07-22T17:32:43.818
ATTEMPT 26 W0 SOLVE daisy4_025_neq32_nvar32.jl 2026-07-22T17:32:43.853
ATTEMPT 26 W0 DONE daisy4_025_neq32_nvar32.jl seed=1915240 nsol=2 0.23s 2026-07-22T17:32:44.083
ATTEMPT 27 W0 START cap=daisy4_026_neq32_nvar32.jl 2026-07-22T17:32:44.083
ATTEMPT 27 W0 SOLVE daisy4_026_neq32_nvar32.jl 2026-07-22T17:32:44.099
ATTEMPT 27 W0 DONE daisy4_026_neq32_nvar32.jl seed=1915241 nsol=2 0.18s 2026-07-22T17:32:44.281
ATTEMPT 28 W0 START cap=daisy4_027_neq32_nvar32.jl 2026-07-22T17:32:44.281
ATTEMPT 28 W0 SOLVE daisy4_027_neq32_nvar32.jl 2026-07-22T17:32:44.295
ATTEMPT 28 W0 DONE daisy4_027_neq32_nvar32.jl seed=1915242 nsol=2 0.24s 2026-07-22T17:32:44.533
ATTEMPT 29 W0 START cap=daisy4_028_neq32_nvar32.jl 2026-07-22T17:32:44.533
ATTEMPT 29 W0 SOLVE daisy4_028_neq32_nvar32.jl 2026-07-22T17:32:44.545
ATTEMPT 29 W0 DONE daisy4_028_neq32_nvar32.jl seed=1915243 nsol=2 0.40s 2026-07-22T17:32:44.943
ATTEMPT 30 W0 START cap=daisy4_029_neq32_nvar32.jl 2026-07-22T17:32:44.943
ATTEMPT 30 W0 SOLVE daisy4_029_neq32_nvar32.jl 2026-07-22T17:32:44.963
ATTEMPT 30 W0 DONE daisy4_029_neq32_nvar32.jl seed=1915244 nsol=2 0.53s 2026-07-22T17:32:45.504
ATTEMPT 31 W0 START cap=daisy4_030_neq32_nvar32.jl 2026-07-22T17:32:45.504
ATTEMPT 31 W0 SOLVE daisy4_030_neq32_nvar32.jl 2026-07-22T17:32:45.530
ATTEMPT 31 W0 DONE daisy4_030_neq32_nvar32.jl seed=1915245 nsol=2 0.33s 2026-07-22T17:32:45.866
ATTEMPT 32 W0 START cap=daisy4_031_neq32_nvar32.jl 2026-07-22T17:32:45.866
ATTEMPT 32 W0 SOLVE daisy4_031_neq32_nvar32.jl 2026-07-22T17:32:45.887
ATTEMPT 32 W0 DONE daisy4_031_neq32_nvar32.jl seed=1915246 nsol=2 0.33s 2026-07-22T17:32:46.222
ATTEMPT 33 W0 START cap=daisy4_032_neq32_nvar32.jl 2026-07-22T17:32:46.222
ATTEMPT 33 W0 SOLVE daisy4_032_neq32_nvar32.jl 2026-07-22T17:32:46.244
ATTEMPT 33 W0 DONE daisy4_032_neq32_nvar32.jl seed=1915247 nsol=2 0.47s 2026-07-22T17:32:46.722
ATTEMPT 34 W0 START cap=daisy4_033_neq32_nvar32.jl 2026-07-22T17:32:46.722
ATTEMPT 34 W0 SOLVE daisy4_033_neq32_nvar32.jl 2026-07-22T17:32:46.757
ATTEMPT 34 W0 DONE daisy4_033_neq32_nvar32.jl seed=1915248 nsol=2 0.31s 2026-07-22T17:32:47.065
ATTEMPT 35 W0 START cap=daisy4_034_neq32_nvar32.jl 2026-07-22T17:32:47.065
ATTEMPT 35 W0 SOLVE daisy4_034_neq32_nvar32.jl 2026-07-22T17:32:47.084
ATTEMPT 35 W0 DONE daisy4_034_neq32_nvar32.jl seed=1915249 nsol=2 0.41s 2026-07-22T17:32:47.496
ATTEMPT 36 W0 START cap=daisy4_035_neq32_nvar32.jl 2026-07-22T17:32:47.496
ATTEMPT 36 W0 SOLVE daisy4_035_neq32_nvar32.jl 2026-07-22T17:32:47.535
ATTEMPT 36 W0 DONE daisy4_035_neq32_nvar32.jl seed=1915250 nsol=2 0.24s 2026-07-22T17:32:47.772
ATTEMPT 37 W0 START cap=daisy4_036_neq32_nvar32.jl 2026-07-22T17:32:47.772
ATTEMPT 37 W0 SOLVE daisy4_036_neq32_nvar32.jl 2026-07-22T17:32:47.791
ATTEMPT 37 W0 DONE daisy4_036_neq32_nvar32.jl seed=1915251 nsol=2 0.20s 2026-07-22T17:32:47.988
ATTEMPT 38 W0 START cap=daisy4_037_neq32_nvar32.jl 2026-07-22T17:32:47.988
ATTEMPT 38 W0 SOLVE daisy4_037_neq32_nvar32.jl 2026-07-22T17:32:47.995
ATTEMPT 38 W0 DONE daisy4_037_neq32_nvar32.jl seed=1915252 nsol=2 0.13s 2026-07-22T17:32:48.129
ATTEMPT 39 W0 START cap=daisy4_038_neq32_nvar32.jl 2026-07-22T17:32:48.129
ATTEMPT 39 W0 SOLVE daisy4_038_neq32_nvar32.jl 2026-07-22T17:32:48.143
ATTEMPT 39 W0 DONE daisy4_038_neq32_nvar32.jl seed=1915253 nsol=2 3.78s 2026-07-22T17:32:51.927
ATTEMPT 40 W0 START cap=daisy4_039_neq32_nvar32.jl 2026-07-22T17:32:51.927
ATTEMPT 40 W0 SOLVE daisy4_039_neq32_nvar32.jl 2026-07-22T17:32:51.935
ATTEMPT 40 W0 DONE daisy4_039_neq32_nvar32.jl seed=1915254 nsol=2 0.33s 2026-07-22T17:32:52.265
ATTEMPT 41 W0 START cap=daisy4_040_neq32_nvar32.jl 2026-07-22T17:32:52.266
ATTEMPT 41 W0 SOLVE daisy4_040_neq32_nvar32.jl 2026-07-22T17:32:52.299
ATTEMPT 41 W0 DONE daisy4_040_neq32_nvar32.jl seed=1915255 nsol=2 1.14s 2026-07-22T17:32:53.438
ATTEMPT 42 W0 START cap=daisy4_041_neq32_nvar32.jl 2026-07-22T17:32:53.439
ATTEMPT 42 W0 SOLVE daisy4_041_neq32_nvar32.jl 2026-07-22T17:32:53.473
ATTEMPT 42 W0 DONE daisy4_041_neq32_nvar32.jl seed=1915256 nsol=2 0.47s 2026-07-22T17:32:53.943
ATTEMPT 43 W0 START cap=daisy4_042_neq32_nvar32.jl 2026-07-22T17:32:53.944
ATTEMPT 43 W0 SOLVE daisy4_042_neq32_nvar32.jl 2026-07-22T17:32:53.989
ATTEMPT 43 W0 DONE daisy4_042_neq32_nvar32.jl seed=1915257 nsol=2 0.40s 2026-07-22T17:32:54.403
ATTEMPT 44 W0 START cap=daisy4_043_neq32_nvar32.jl 2026-07-22T17:32:54.403
ATTEMPT 44 W0 SOLVE daisy4_043_neq32_nvar32.jl 2026-07-22T17:32:54.435
Computing mixed cells... 4    Time: 0:00:00[K
   mixed_volume: 8[K[A
[K[AComputing mixed cells... 6    Time: 0:00:00[K
   mixed_volume: 12[K
ATTEMPT 44 W0 DONE daisy4_043_neq32_nvar32.jl seed=1915258 nsol=2 0.65s 2026-07-22T17:32:55.087
ATTEMPT 45 W0 START cap=daisy4_044_neq32_nvar32.jl 2026-07-22T17:32:55.087
ATTEMPT 45 W0 SOLVE daisy4_044_neq32_nvar32.jl 2026-07-22T17:32:55.094
ATTEMPT 45 W0 DONE daisy4_044_neq32_nvar32.jl seed=1915259 nsol=2 1.20s 2026-07-22T17:32:56.299
ATTEMPT 46 W0 START cap=daisy4_045_neq32_nvar32.jl 2026-07-22T17:32:56.299
ATTEMPT 46 W0 SOLVE daisy4_045_neq32_nvar32.jl 2026-07-22T17:32:56.314
ATTEMPT 46 W0 DONE daisy4_045_neq32_nvar32.jl seed=1915260 nsol=2 0.22s 2026-07-22T17:32:56.538
ATTEMPT 47 W0 START cap=daisy4_046_neq32_nvar32.jl 2026-07-22T17:32:56.538
ATTEMPT 47 W0 SOLVE daisy4_046_neq32_nvar32.jl 2026-07-22T17:32:56.546
ATTEMPT 47 W0 DONE daisy4_046_neq32_nvar32.jl seed=1915261 nsol=2 0.23s 2026-07-22T17:32:56.779
ATTEMPT 48 W0 START cap=daisy4_047_neq32_nvar32.jl 2026-07-22T17:32:56.779
ATTEMPT 48 W0 SOLVE daisy4_047_neq32_nvar32.jl 2026-07-22T17:32:56.815
ATTEMPT 48 W0 DONE daisy4_047_neq32_nvar32.jl seed=1915262 nsol=2 0.32s 2026-07-22T17:32:57.139
ATTEMPT 49 W0 START cap=daisy4_048_neq32_nvar32.jl 2026-07-22T17:32:57.139
ATTEMPT 49 W0 SOLVE daisy4_048_neq32_nvar32.jl 2026-07-22T17:32:57.151
ATTEMPT 49 W0 DONE daisy4_048_neq32_nvar32.jl seed=1915263 nsol=2 0.23s 2026-07-22T17:32:57.380
ATTEMPT 50 W0 START cap=daisy4_049_neq32_nvar32.jl 2026-07-22T17:32:57.380
ATTEMPT 50 W0 SOLVE daisy4_049_neq32_nvar32.jl 2026-07-22T17:32:57.394
ATTEMPT 50 W0 DONE daisy4_049_neq32_nvar32.jl seed=1915264 nsol=2 0.30s 2026-07-22T17:32:57.704
ATTEMPT 51 W0 START cap=daisy4_050_neq32_nvar32.jl 2026-07-22T17:32:57.704
ATTEMPT 51 W0 SOLVE daisy4_050_neq32_nvar32.jl 2026-07-22T17:32:57.726
ATTEMPT 51 W0 DONE daisy4_050_neq32_nvar32.jl seed=1915265 nsol=2 0.21s 2026-07-22T17:32:57.939
ATTEMPT 52 W0 START cap=daisy4_051_neq32_nvar32.jl 2026-07-22T17:32:57.939
ATTEMPT 52 W0 SOLVE daisy4_051_neq32_nvar32.jl 2026-07-22T17:32:57.959
ATTEMPT 52 W0 DONE daisy4_051_neq32_nvar32.jl seed=1915266 nsol=2 0.29s 2026-07-22T17:32:58.249
ATTEMPT 53 W0 START cap=daisy4_052_neq32_nvar32.jl 2026-07-22T17:32:58.249
ATTEMPT 53 W0 SOLVE daisy4_052_neq32_nvar32.jl 2026-07-22T17:32:58.274
ATTEMPT 53 W0 DONE daisy4_052_neq32_nvar32.jl seed=1915267 nsol=2 0.67s 2026-07-22T17:32:58.951
ATTEMPT 54 W0 START cap=daisy4_053_neq32_nvar32.jl 2026-07-22T17:32:58.951
ATTEMPT 54 W0 SOLVE daisy4_053_neq32_nvar32.jl 2026-07-22T17:32:58.976
ATTEMPT 54 W0 DONE daisy4_053_neq32_nvar32.jl seed=1915268 nsol=2 0.35s 2026-07-22T17:32:59.323
ATTEMPT 55 W0 START cap=daisy4_054_neq32_nvar32.jl 2026-07-22T17:32:59.323
ATTEMPT 55 W0 SOLVE daisy4_054_neq32_nvar32.jl 2026-07-22T17:32:59.351
ATTEMPT 55 W0 DONE daisy4_054_neq32_nvar32.jl seed=1915269 nsol=2 0.48s 2026-07-22T17:32:59.830
ATTEMPT 56 W0 START cap=daisy4_055_neq32_nvar32.jl 2026-07-22T17:32:59.830
ATTEMPT 56 W0 SOLVE daisy4_055_neq32_nvar32.jl 2026-07-22T17:32:59.859
ATTEMPT 56 W0 DONE daisy4_055_neq32_nvar32.jl seed=1915270 nsol=2 0.30s 2026-07-22T17:33:00.163
ATTEMPT 57 W0 START cap=daisy4_056_neq32_nvar32.jl 2026-07-22T17:33:00.163
ATTEMPT 57 W0 SOLVE daisy4_056_neq32_nvar32.jl 2026-07-22T17:33:00.181
ATTEMPT 57 W0 DONE daisy4_056_neq32_nvar32.jl seed=1915271 nsol=2 0.31s 2026-07-22T17:33:00.500
ATTEMPT 58 W0 START cap=daisy4_057_neq32_nvar32.jl 2026-07-22T17:33:00.501
ATTEMPT 58 W0 SOLVE daisy4_057_neq32_nvar32.jl 2026-07-22T17:33:00.525
ATTEMPT 58 W0 DONE daisy4_057_neq32_nvar32.jl seed=1915272 nsol=2 0.37s 2026-07-22T17:33:00.891
ATTEMPT 59 W0 START cap=daisy4_058_neq32_nvar32.jl 2026-07-22T17:33:00.891
ATTEMPT 59 W0 SOLVE daisy4_058_neq32_nvar32.jl 2026-07-22T17:33:00.900
ATTEMPT 59 W0 DONE daisy4_058_neq32_nvar32.jl seed=1915273 nsol=2 0.15s 2026-07-22T17:33:01.055
ATTEMPT 60 W0 START cap=daisy4_059_neq32_nvar32.jl 2026-07-22T17:33:01.055
ATTEMPT 60 W0 SOLVE daisy4_059_neq32_nvar32.jl 2026-07-22T17:33:01.063
ATTEMPT 60 W0 DONE daisy4_059_neq32_nvar32.jl seed=1915274 nsol=2 0.16s 2026-07-22T17:33:01.227
HUNT2 complete 2026-07-22T17:33:01.233
