HUNT2 start mode=seq hcthr=on nworkers=0 nthreads=14 ngcthreads=14 nsolves=60 seed_base=131933 shape=capdir:/home/orebas/.julia/dev/ODEParameterEstimation/repro/hc_threading_mwe_2026_07_22/captured_systems pid=1950766 julia=1.12.6 HC=2.20.0 2026-07-22T16:40:39.151
ATTEMPT 1 W0 START cap=daisy4_000_neq32_nvar32.jl 2026-07-22T16:40:43.784
ATTEMPT 1 W0 SOLVE daisy4_000_neq32_nvar32.jl 2026-07-22T16:40:48.329
Computing mixed cells... 2    Time: 0:00:01[K
   mixed_volume: 5[K[A
[K[AComputing mixed cells... 5    Time: 0:00:01[K
   mixed_volume: 12[K
ATTEMPT 1 W0 DONE daisy4_000_neq32_nvar32.jl seed=131934 nsol=2 83.42s 2026-07-22T16:42:11.839
ATTEMPT 2 W0 START cap=daisy4_001_neq32_nvar32.jl 2026-07-22T16:42:12.166
ATTEMPT 2 W0 SOLVE daisy4_001_neq32_nvar32.jl 2026-07-22T16:42:12.174
ATTEMPT 2 W0 DONE daisy4_001_neq32_nvar32.jl seed=131935 nsol=2 0.11s 2026-07-22T16:42:12.285
ATTEMPT 3 W0 START cap=daisy4_002_neq32_nvar32.jl 2026-07-22T16:42:12.286
ATTEMPT 3 W0 SOLVE daisy4_002_neq32_nvar32.jl 2026-07-22T16:42:12.294
ATTEMPT 3 W0 DONE daisy4_002_neq32_nvar32.jl seed=131936 nsol=2 0.10s 2026-07-22T16:42:12.395
ATTEMPT 4 W0 START cap=daisy4_003_neq32_nvar32.jl 2026-07-22T16:42:12.395
ATTEMPT 4 W0 SOLVE daisy4_003_neq32_nvar32.jl 2026-07-22T16:42:12.403
ATTEMPT 4 W0 DONE daisy4_003_neq32_nvar32.jl seed=131937 nsol=2 0.16s 2026-07-22T16:42:12.559
ATTEMPT 5 W0 START cap=daisy4_004_neq32_nvar32.jl 2026-07-22T16:42:12.559
ATTEMPT 5 W0 SOLVE daisy4_004_neq32_nvar32.jl 2026-07-22T16:42:12.570
ATTEMPT 5 W0 DONE daisy4_004_neq32_nvar32.jl seed=131938 nsol=2 0.13s 2026-07-22T16:42:12.703
ATTEMPT 6 W0 START cap=daisy4_005_neq32_nvar32.jl 2026-07-22T16:42:12.703
ATTEMPT 6 W0 SOLVE daisy4_005_neq32_nvar32.jl 2026-07-22T16:42:12.720
ATTEMPT 6 W0 DONE daisy4_005_neq32_nvar32.jl seed=131939 nsol=2 0.25s 2026-07-22T16:42:12.974
ATTEMPT 7 W0 START cap=daisy4_006_neq32_nvar32.jl 2026-07-22T16:42:12.974
ATTEMPT 7 W0 SOLVE daisy4_006_neq32_nvar32.jl 2026-07-22T16:42:12.984
ATTEMPT 7 W0 DONE daisy4_006_neq32_nvar32.jl seed=131940 nsol=2 0.12s 2026-07-22T16:42:13.102
ATTEMPT 8 W0 START cap=daisy4_007_neq32_nvar32.jl 2026-07-22T16:42:13.102
ATTEMPT 8 W0 SOLVE daisy4_007_neq32_nvar32.jl 2026-07-22T16:42:13.110
ATTEMPT 8 W0 DONE daisy4_007_neq32_nvar32.jl seed=131941 nsol=2 0.14s 2026-07-22T16:42:13.250
ATTEMPT 9 W0 START cap=daisy4_008_neq32_nvar32.jl 2026-07-22T16:42:13.251
ATTEMPT 9 W0 SOLVE daisy4_008_neq32_nvar32.jl 2026-07-22T16:42:13.261
ATTEMPT 9 W0 DONE daisy4_008_neq32_nvar32.jl seed=131942 nsol=2 0.14s 2026-07-22T16:42:13.404
ATTEMPT 10 W0 START cap=daisy4_009_neq32_nvar32.jl 2026-07-22T16:42:13.405
ATTEMPT 10 W0 SOLVE daisy4_009_neq32_nvar32.jl 2026-07-22T16:42:13.428
ATTEMPT 10 W0 DONE daisy4_009_neq32_nvar32.jl seed=131943 nsol=2 0.13s 2026-07-22T16:42:13.559
ATTEMPT 11 W0 START cap=daisy4_010_neq32_nvar32.jl 2026-07-22T16:42:13.559
ATTEMPT 11 W0 SOLVE daisy4_010_neq32_nvar32.jl 2026-07-22T16:42:13.567
ATTEMPT 11 W0 DONE daisy4_010_neq32_nvar32.jl seed=131944 nsol=2 0.15s 2026-07-22T16:42:13.719
ATTEMPT 12 W0 START cap=daisy4_011_neq32_nvar32.jl 2026-07-22T16:42:13.719
ATTEMPT 12 W0 SOLVE daisy4_011_neq32_nvar32.jl 2026-07-22T16:42:13.730
ATTEMPT 12 W0 DONE daisy4_011_neq32_nvar32.jl seed=131945 nsol=2 0.11s 2026-07-22T16:42:13.837
ATTEMPT 13 W0 START cap=daisy4_012_neq32_nvar32.jl 2026-07-22T16:42:13.837
ATTEMPT 13 W0 SOLVE daisy4_012_neq32_nvar32.jl 2026-07-22T16:42:13.845
ATTEMPT 13 W0 DONE daisy4_012_neq32_nvar32.jl seed=131946 nsol=2 0.10s 2026-07-22T16:42:13.948
ATTEMPT 14 W0 START cap=daisy4_013_neq32_nvar32.jl 2026-07-22T16:42:13.948
ATTEMPT 14 W0 SOLVE daisy4_013_neq32_nvar32.jl 2026-07-22T16:42:13.957
ATTEMPT 14 W0 DONE daisy4_013_neq32_nvar32.jl seed=131947 nsol=2 0.11s 2026-07-22T16:42:14.071
ATTEMPT 15 W0 START cap=daisy4_014_neq32_nvar32.jl 2026-07-22T16:42:14.071
ATTEMPT 15 W0 SOLVE daisy4_014_neq32_nvar32.jl 2026-07-22T16:42:14.084
ATTEMPT 15 W0 DONE daisy4_014_neq32_nvar32.jl seed=131948 nsol=2 0.17s 2026-07-22T16:42:14.259
ATTEMPT 16 W0 START cap=daisy4_015_neq32_nvar32.jl 2026-07-22T16:42:14.259
ATTEMPT 16 W0 SOLVE daisy4_015_neq32_nvar32.jl 2026-07-22T16:42:14.268
ATTEMPT 16 W0 DONE daisy4_015_neq32_nvar32.jl seed=131949 nsol=2 0.14s 2026-07-22T16:42:14.403
ATTEMPT 17 W0 START cap=daisy4_016_neq32_nvar32.jl 2026-07-22T16:42:14.403
ATTEMPT 17 W0 SOLVE daisy4_016_neq32_nvar32.jl 2026-07-22T16:42:14.411
ATTEMPT 17 W0 DONE daisy4_016_neq32_nvar32.jl seed=131950 nsol=2 0.12s 2026-07-22T16:42:14.528
ATTEMPT 18 W0 START cap=daisy4_017_neq32_nvar32.jl 2026-07-22T16:42:14.528
ATTEMPT 18 W0 SOLVE daisy4_017_neq32_nvar32.jl 2026-07-22T16:42:14.538
ATTEMPT 18 W0 DONE daisy4_017_neq32_nvar32.jl seed=131951 nsol=2 0.13s 2026-07-22T16:42:14.666
ATTEMPT 19 W0 START cap=daisy4_018_neq32_nvar32.jl 2026-07-22T16:42:14.666
ATTEMPT 19 W0 SOLVE daisy4_018_neq32_nvar32.jl 2026-07-22T16:42:14.675
ATTEMPT 19 W0 DONE daisy4_018_neq32_nvar32.jl seed=131952 nsol=2 0.11s 2026-07-22T16:42:14.786
ATTEMPT 20 W0 START cap=daisy4_019_neq32_nvar32.jl 2026-07-22T16:42:14.786
ATTEMPT 20 W0 SOLVE daisy4_019_neq32_nvar32.jl 2026-07-22T16:42:14.799
ATTEMPT 20 W0 DONE daisy4_019_neq32_nvar32.jl seed=131953 nsol=2 0.13s 2026-07-22T16:42:14.927
ATTEMPT 21 W0 START cap=daisy4_020_neq32_nvar32.jl 2026-07-22T16:42:14.927
ATTEMPT 21 W0 SOLVE daisy4_020_neq32_nvar32.jl 2026-07-22T16:42:14.938
ATTEMPT 21 W0 DONE daisy4_020_neq32_nvar32.jl seed=131954 nsol=2 0.13s 2026-07-22T16:42:15.071
ATTEMPT 22 W0 START cap=daisy4_021_neq32_nvar32.jl 2026-07-22T16:42:15.071
ATTEMPT 22 W0 SOLVE daisy4_021_neq32_nvar32.jl 2026-07-22T16:42:15.078
ATTEMPT 22 W0 DONE daisy4_021_neq32_nvar32.jl seed=131955 nsol=2 0.18s 2026-07-22T16:42:15.259
ATTEMPT 23 W0 START cap=daisy4_022_neq32_nvar32.jl 2026-07-22T16:42:15.259
ATTEMPT 23 W0 SOLVE daisy4_022_neq32_nvar32.jl 2026-07-22T16:42:15.268
ATTEMPT 23 W0 DONE daisy4_022_neq32_nvar32.jl seed=131956 nsol=2 0.12s 2026-07-22T16:42:15.386
ATTEMPT 24 W0 START cap=daisy4_023_neq32_nvar32.jl 2026-07-22T16:42:15.386
ATTEMPT 24 W0 SOLVE daisy4_023_neq32_nvar32.jl 2026-07-22T16:42:15.399
ATTEMPT 24 W0 DONE daisy4_023_neq32_nvar32.jl seed=131957 nsol=2 0.34s 2026-07-22T16:42:15.738
ATTEMPT 25 W0 START cap=sum_test_000_neq18_nvar18.jl 2026-07-22T16:42:15.742
ATTEMPT 25 W0 SOLVE sum_test_000_neq18_nvar18.jl 2026-07-22T16:42:15.817
ATTEMPT 25 W0 DONE sum_test_000_neq18_nvar18.jl seed=131958 nsol=2 15.22s 2026-07-22T16:42:31.035
ATTEMPT 26 W0 START cap=sum_test_000_neq4_nvar4.jl 2026-07-22T16:42:31.037
ATTEMPT 26 W0 SOLVE sum_test_000_neq4_nvar4.jl 2026-07-22T16:42:31.138
ATTEMPT 26 W0 DONE sum_test_000_neq4_nvar4.jl seed=131959 nsol=1 21.06s 2026-07-22T16:42:52.210
ATTEMPT 27 W0 START cap=sum_test_001_neq18_nvar18.jl 2026-07-22T16:42:52.213
ATTEMPT 27 W0 SOLVE sum_test_001_neq18_nvar18.jl 2026-07-22T16:42:52.217
ATTEMPT 27 W0 DONE sum_test_001_neq18_nvar18.jl seed=131960 nsol=2 0.02s 2026-07-22T16:42:52.242
ATTEMPT 28 W0 START cap=sum_test_001_neq4_nvar4.jl 2026-07-22T16:42:52.242
ATTEMPT 28 W0 SOLVE sum_test_001_neq4_nvar4.jl 2026-07-22T16:42:52.244
ATTEMPT 28 W0 DONE sum_test_001_neq4_nvar4.jl seed=131961 nsol=1 0.01s 2026-07-22T16:42:52.258
ATTEMPT 29 W0 START cap=sum_test_002_neq18_nvar18.jl 2026-07-22T16:42:52.258
ATTEMPT 29 W0 SOLVE sum_test_002_neq18_nvar18.jl 2026-07-22T16:42:52.267
ATTEMPT 29 W0 DONE sum_test_002_neq18_nvar18.jl seed=131962 nsol=2 0.05s 2026-07-22T16:42:52.318
ATTEMPT 30 W0 START cap=sum_test_002_neq4_nvar4.jl 2026-07-22T16:42:52.318
ATTEMPT 30 W0 SOLVE sum_test_002_neq4_nvar4.jl 2026-07-22T16:42:52.320
ATTEMPT 30 W0 DONE sum_test_002_neq4_nvar4.jl seed=131963 nsol=1 0.01s 2026-07-22T16:42:52.327
ATTEMPT 31 W0 START cap=sum_test_003_neq18_nvar18.jl 2026-07-22T16:42:52.327
ATTEMPT 31 W0 SOLVE sum_test_003_neq18_nvar18.jl 2026-07-22T16:42:52.335
ATTEMPT 31 W0 DONE sum_test_003_neq18_nvar18.jl seed=131964 nsol=2 0.05s 2026-07-22T16:42:52.390
ATTEMPT 32 W0 START cap=sum_test_003_neq4_nvar4.jl 2026-07-22T16:42:52.390
ATTEMPT 32 W0 SOLVE sum_test_003_neq4_nvar4.jl 2026-07-22T16:42:52.392
ATTEMPT 32 W0 DONE sum_test_003_neq4_nvar4.jl seed=131965 nsol=1 0.01s 2026-07-22T16:42:52.405
ATTEMPT 33 W0 START cap=sum_test_004_neq18_nvar18.jl 2026-07-22T16:42:52.406
ATTEMPT 33 W0 SOLVE sum_test_004_neq18_nvar18.jl 2026-07-22T16:42:52.422
ATTEMPT 33 W0 DONE sum_test_004_neq18_nvar18.jl seed=131966 nsol=2 0.03s 2026-07-22T16:42:52.448
ATTEMPT 34 W0 START cap=sum_test_004_neq4_nvar4.jl 2026-07-22T16:42:52.448
ATTEMPT 34 W0 SOLVE sum_test_004_neq4_nvar4.jl 2026-07-22T16:42:52.450
ATTEMPT 34 W0 DONE sum_test_004_neq4_nvar4.jl seed=131967 nsol=1 0.01s 2026-07-22T16:42:52.461
ATTEMPT 35 W0 START cap=sum_test_005_neq18_nvar18.jl 2026-07-22T16:42:52.461
ATTEMPT 35 W0 SOLVE sum_test_005_neq18_nvar18.jl 2026-07-22T16:42:52.476
ATTEMPT 35 W0 DONE sum_test_005_neq18_nvar18.jl seed=131968 nsol=2 0.03s 2026-07-22T16:42:52.509
ATTEMPT 36 W0 START cap=sum_test_005_neq4_nvar4.jl 2026-07-22T16:42:52.509
ATTEMPT 36 W0 SOLVE sum_test_005_neq4_nvar4.jl 2026-07-22T16:42:52.511
ATTEMPT 36 W0 DONE sum_test_005_neq4_nvar4.jl seed=131969 nsol=1 0.03s 2026-07-22T16:42:52.536
ATTEMPT 37 W0 START cap=sum_test_006_neq18_nvar18.jl 2026-07-22T16:42:52.536
ATTEMPT 37 W0 SOLVE sum_test_006_neq18_nvar18.jl 2026-07-22T16:42:52.549
ATTEMPT 37 W0 DONE sum_test_006_neq18_nvar18.jl seed=131970 nsol=2 0.04s 2026-07-22T16:42:52.590
ATTEMPT 38 W0 START cap=sum_test_006_neq4_nvar4.jl 2026-07-22T16:42:52.590
ATTEMPT 38 W0 SOLVE sum_test_006_neq4_nvar4.jl 2026-07-22T16:42:52.592
ATTEMPT 38 W0 DONE sum_test_006_neq4_nvar4.jl seed=131971 nsol=1 0.02s 2026-07-22T16:42:52.614
ATTEMPT 39 W0 START cap=sum_test_007_neq18_nvar18.jl 2026-07-22T16:42:52.614
ATTEMPT 39 W0 SOLVE sum_test_007_neq18_nvar18.jl 2026-07-22T16:42:52.625
ATTEMPT 39 W0 DONE sum_test_007_neq18_nvar18.jl seed=131972 nsol=2 0.02s 2026-07-22T16:42:52.649
ATTEMPT 40 W0 START cap=sum_test_007_neq4_nvar4.jl 2026-07-22T16:42:52.649
ATTEMPT 40 W0 SOLVE sum_test_007_neq4_nvar4.jl 2026-07-22T16:42:52.650
ATTEMPT 40 W0 DONE sum_test_007_neq4_nvar4.jl seed=131973 nsol=1 0.16s 2026-07-22T16:42:52.806
ATTEMPT 41 W0 START cap=sum_test_008_neq18_nvar18.jl 2026-07-22T16:42:52.806
ATTEMPT 41 W0 SOLVE sum_test_008_neq18_nvar18.jl 2026-07-22T16:42:52.818
ATTEMPT 41 W0 DONE sum_test_008_neq18_nvar18.jl seed=131974 nsol=2 0.04s 2026-07-22T16:42:52.863
ATTEMPT 42 W0 START cap=sum_test_008_neq4_nvar4.jl 2026-07-22T16:42:52.863
ATTEMPT 42 W0 SOLVE sum_test_008_neq4_nvar4.jl 2026-07-22T16:42:52.865
ATTEMPT 42 W0 DONE sum_test_008_neq4_nvar4.jl seed=131975 nsol=1 0.02s 2026-07-22T16:42:52.880
ATTEMPT 43 W0 START cap=sum_test_009_neq18_nvar18.jl 2026-07-22T16:42:52.881
ATTEMPT 43 W0 SOLVE sum_test_009_neq18_nvar18.jl 2026-07-22T16:42:52.890
ATTEMPT 43 W0 DONE sum_test_009_neq18_nvar18.jl seed=131976 nsol=2 0.06s 2026-07-22T16:42:52.954
ATTEMPT 44 W0 START cap=sum_test_009_neq2_nvar2.jl 2026-07-22T16:42:52.954
ATTEMPT 44 W0 SOLVE sum_test_009_neq2_nvar2.jl 2026-07-22T16:42:53.001
ATTEMPT 44 W0 DONE sum_test_009_neq2_nvar2.jl seed=131977 nsol=1 11.29s 2026-07-22T16:43:04.298
ATTEMPT 45 W0 START cap=sum_test_010_neq18_nvar18.jl 2026-07-22T16:43:04.299
ATTEMPT 45 W0 SOLVE sum_test_010_neq18_nvar18.jl 2026-07-22T16:43:04.304
ATTEMPT 45 W0 DONE sum_test_010_neq18_nvar18.jl seed=131978 nsol=2 0.02s 2026-07-22T16:43:04.324
ATTEMPT 46 W0 START cap=sum_test_010_neq2_nvar2.jl 2026-07-22T16:43:04.325
ATTEMPT 46 W0 SOLVE sum_test_010_neq2_nvar2.jl 2026-07-22T16:43:04.327
ATTEMPT 46 W0 DONE sum_test_010_neq2_nvar2.jl seed=131979 nsol=1 0.01s 2026-07-22T16:43:04.336
ATTEMPT 47 W0 START cap=sum_test_011_neq18_nvar18.jl 2026-07-22T16:43:04.337
ATTEMPT 47 W0 SOLVE sum_test_011_neq18_nvar18.jl 2026-07-22T16:43:04.341
ATTEMPT 47 W0 DONE sum_test_011_neq18_nvar18.jl seed=131980 nsol=2 0.02s 2026-07-22T16:43:04.358
ATTEMPT 48 W0 START cap=sum_test_011_neq2_nvar2.jl 2026-07-22T16:43:04.358
ATTEMPT 48 W0 SOLVE sum_test_011_neq2_nvar2.jl 2026-07-22T16:43:04.360
ATTEMPT 48 W0 DONE sum_test_011_neq2_nvar2.jl seed=131981 nsol=1 0.01s 2026-07-22T16:43:04.367
ATTEMPT 49 W0 START cap=sum_test_012_neq18_nvar18.jl 2026-07-22T16:43:04.368
ATTEMPT 49 W0 SOLVE sum_test_012_neq18_nvar18.jl 2026-07-22T16:43:04.376
ATTEMPT 49 W0 DONE sum_test_012_neq18_nvar18.jl seed=131982 nsol=2 0.02s 2026-07-22T16:43:04.401
ATTEMPT 50 W0 START cap=sum_test_012_neq2_nvar2.jl 2026-07-22T16:43:04.401
ATTEMPT 50 W0 SOLVE sum_test_012_neq2_nvar2.jl 2026-07-22T16:43:04.406
ATTEMPT 50 W0 DONE sum_test_012_neq2_nvar2.jl seed=131983 nsol=1 0.01s 2026-07-22T16:43:04.416
ATTEMPT 51 W0 START cap=sum_test_013_neq18_nvar18.jl 2026-07-22T16:43:04.417
ATTEMPT 51 W0 SOLVE sum_test_013_neq18_nvar18.jl 2026-07-22T16:43:04.426
ATTEMPT 51 W0 DONE sum_test_013_neq18_nvar18.jl seed=131984 nsol=2 0.04s 2026-07-22T16:43:04.462
ATTEMPT 52 W0 START cap=sum_test_013_neq2_nvar2.jl 2026-07-22T16:43:04.462
ATTEMPT 52 W0 SOLVE sum_test_013_neq2_nvar2.jl 2026-07-22T16:43:04.464
ATTEMPT 52 W0 DONE sum_test_013_neq2_nvar2.jl seed=131985 nsol=1 0.00s 2026-07-22T16:43:04.465
ATTEMPT 53 W0 START cap=sum_test_014_neq18_nvar18.jl 2026-07-22T16:43:04.465
ATTEMPT 53 W0 SOLVE sum_test_014_neq18_nvar18.jl 2026-07-22T16:43:04.469
ATTEMPT 53 W0 DONE sum_test_014_neq18_nvar18.jl seed=131986 nsol=2 0.06s 2026-07-22T16:43:04.532
ATTEMPT 54 W0 START cap=sum_test_014_neq2_nvar2.jl 2026-07-22T16:43:04.532
ATTEMPT 54 W0 SOLVE sum_test_014_neq2_nvar2.jl 2026-07-22T16:43:04.533
ATTEMPT 54 W0 DONE sum_test_014_neq2_nvar2.jl seed=131987 nsol=1 0.00s 2026-07-22T16:43:04.537
ATTEMPT 55 W0 START cap=sum_test_015_neq18_nvar18.jl 2026-07-22T16:43:04.537
ATTEMPT 55 W0 SOLVE sum_test_015_neq18_nvar18.jl 2026-07-22T16:43:04.558
ATTEMPT 55 W0 DONE sum_test_015_neq18_nvar18.jl seed=131988 nsol=2 0.04s 2026-07-22T16:43:04.602
ATTEMPT 56 W0 START cap=sum_test_015_neq2_nvar2.jl 2026-07-22T16:43:04.603
ATTEMPT 56 W0 SOLVE sum_test_015_neq2_nvar2.jl 2026-07-22T16:43:04.605
ATTEMPT 56 W0 DONE sum_test_015_neq2_nvar2.jl seed=131989 nsol=1 0.02s 2026-07-22T16:43:04.620
ATTEMPT 57 W0 START cap=sum_test_016_neq18_nvar18.jl 2026-07-22T16:43:04.621
ATTEMPT 57 W0 SOLVE sum_test_016_neq18_nvar18.jl 2026-07-22T16:43:04.626
ATTEMPT 57 W0 DONE sum_test_016_neq18_nvar18.jl seed=131990 nsol=2 0.08s 2026-07-22T16:43:04.703
ATTEMPT 58 W0 START cap=sum_test_016_neq2_nvar2.jl 2026-07-22T16:43:04.704
ATTEMPT 58 W0 SOLVE sum_test_016_neq2_nvar2.jl 2026-07-22T16:43:04.705
ATTEMPT 58 W0 DONE sum_test_016_neq2_nvar2.jl seed=131991 nsol=1 0.02s 2026-07-22T16:43:04.727
ATTEMPT 59 W0 START cap=sum_test_017_neq18_nvar18.jl 2026-07-22T16:43:04.727
ATTEMPT 59 W0 SOLVE sum_test_017_neq18_nvar18.jl 2026-07-22T16:43:04.735
ATTEMPT 59 W0 DONE sum_test_017_neq18_nvar18.jl seed=131992 nsol=2 0.04s 2026-07-22T16:43:04.774
ATTEMPT 60 W0 START cap=sum_test_018_neq18_nvar18.jl 2026-07-22T16:43:04.774
ATTEMPT 60 W0 SOLVE sum_test_018_neq18_nvar18.jl 2026-07-22T16:43:04.784
ATTEMPT 60 W0 DONE sum_test_018_neq18_nvar18.jl seed=131993 nsol=2 0.06s 2026-07-22T16:43:04.848
HUNT2 complete 2026-07-22T16:43:04.854
