HUNT2 start mode=seq hcthr=on nworkers=0 nthreads=14 ngcthreads=14 nsolves=60 seed_base=1110223 shape=capdir:/home/orebas/.julia/dev/ODEParameterEstimation/repro/hc_threading_mwe_2026_07_22/captured_systems pid=2141641 julia=1.12.6 HC=2.20.0 2026-07-22T17:06:59.439
ATTEMPT 1 W0 START cap=daisy4_000_neq32_nvar32.jl 2026-07-22T17:07:04.826
ATTEMPT 1 W0 SOLVE daisy4_000_neq32_nvar32.jl 2026-07-22T17:07:12.768
Computing mixed cells... 2    Time: 0:00:01[K
   mixed_volume: 2[K[A
[K[AComputing mixed cells... 10    Time: 0:00:01[K
   mixed_volume: 12[K
ATTEMPT 1 W0 DONE daisy4_000_neq32_nvar32.jl seed=1110224 nsol=2 122.00s 2026-07-22T17:09:15.233
ATTEMPT 2 W0 START cap=daisy4_001_neq32_nvar32.jl 2026-07-22T17:09:16.627
ATTEMPT 2 W0 SOLVE daisy4_001_neq32_nvar32.jl 2026-07-22T17:09:16.645
ATTEMPT 2 W0 DONE daisy4_001_neq32_nvar32.jl seed=1110225 nsol=2 0.35s 2026-07-22T17:09:16.999
ATTEMPT 3 W0 START cap=daisy4_002_neq32_nvar32.jl 2026-07-22T17:09:16.999
ATTEMPT 3 W0 SOLVE daisy4_002_neq32_nvar32.jl 2026-07-22T17:09:17.029
ATTEMPT 3 W0 DONE daisy4_002_neq32_nvar32.jl seed=1110226 nsol=2 0.35s 2026-07-22T17:09:17.379
ATTEMPT 4 W0 START cap=daisy4_003_neq32_nvar32.jl 2026-07-22T17:09:17.379
ATTEMPT 4 W0 SOLVE daisy4_003_neq32_nvar32.jl 2026-07-22T17:09:17.399
ATTEMPT 4 W0 DONE daisy4_003_neq32_nvar32.jl seed=1110227 nsol=2 0.39s 2026-07-22T17:09:17.811
ATTEMPT 5 W0 START cap=daisy4_004_neq32_nvar32.jl 2026-07-22T17:09:17.811
ATTEMPT 5 W0 SOLVE daisy4_004_neq32_nvar32.jl 2026-07-22T17:09:17.846
ATTEMPT 5 W0 DONE daisy4_004_neq32_nvar32.jl seed=1110228 nsol=2 0.69s 2026-07-22T17:09:18.543
ATTEMPT 6 W0 START cap=daisy4_005_neq32_nvar32.jl 2026-07-22T17:09:18.543
ATTEMPT 6 W0 SOLVE daisy4_005_neq32_nvar32.jl 2026-07-22T17:09:18.559
ATTEMPT 6 W0 DONE daisy4_005_neq32_nvar32.jl seed=1110229 nsol=2 0.26s 2026-07-22T17:09:18.833
ATTEMPT 7 W0 START cap=daisy4_006_neq32_nvar32.jl 2026-07-22T17:09:18.833
ATTEMPT 7 W0 SOLVE daisy4_006_neq32_nvar32.jl 2026-07-22T17:09:18.841
ATTEMPT 7 W0 DONE daisy4_006_neq32_nvar32.jl seed=1110230 nsol=2 0.17s 2026-07-22T17:09:19.014
ATTEMPT 8 W0 START cap=daisy4_007_neq32_nvar32.jl 2026-07-22T17:09:19.014
ATTEMPT 8 W0 SOLVE daisy4_007_neq32_nvar32.jl 2026-07-22T17:09:19.025
ATTEMPT 8 W0 DONE daisy4_007_neq32_nvar32.jl seed=1110231 nsol=2 0.21s 2026-07-22T17:09:19.237
ATTEMPT 9 W0 START cap=daisy4_008_neq32_nvar32.jl 2026-07-22T17:09:19.237
ATTEMPT 9 W0 SOLVE daisy4_008_neq32_nvar32.jl 2026-07-22T17:09:19.265
ATTEMPT 9 W0 DONE daisy4_008_neq32_nvar32.jl seed=1110232 nsol=2 0.34s 2026-07-22T17:09:19.607
ATTEMPT 10 W0 START cap=daisy4_009_neq32_nvar32.jl 2026-07-22T17:09:19.607
ATTEMPT 10 W0 SOLVE daisy4_009_neq32_nvar32.jl 2026-07-22T17:09:19.618
ATTEMPT 10 W0 DONE daisy4_009_neq32_nvar32.jl seed=1110233 nsol=2 0.15s 2026-07-22T17:09:19.769
ATTEMPT 11 W0 START cap=daisy4_010_neq32_nvar32.jl 2026-07-22T17:09:19.769
ATTEMPT 11 W0 SOLVE daisy4_010_neq32_nvar32.jl 2026-07-22T17:09:19.786
ATTEMPT 11 W0 DONE daisy4_010_neq32_nvar32.jl seed=1110234 nsol=2 0.28s 2026-07-22T17:09:20.067
ATTEMPT 12 W0 START cap=daisy4_011_neq32_nvar32.jl 2026-07-22T17:09:20.067
ATTEMPT 12 W0 SOLVE daisy4_011_neq32_nvar32.jl 2026-07-22T17:09:20.100
ATTEMPT 12 W0 DONE daisy4_011_neq32_nvar32.jl seed=1110235 nsol=2 0.84s 2026-07-22T17:09:20.939
ATTEMPT 13 W0 START cap=daisy4_012_neq32_nvar32.jl 2026-07-22T17:09:20.939
ATTEMPT 13 W0 SOLVE daisy4_012_neq32_nvar32.jl 2026-07-22T17:09:20.947
ATTEMPT 13 W0 DONE daisy4_012_neq32_nvar32.jl seed=1110236 nsol=2 0.12s 2026-07-22T17:09:21.063
ATTEMPT 14 W0 START cap=daisy4_013_neq32_nvar32.jl 2026-07-22T17:09:21.064
ATTEMPT 14 W0 SOLVE daisy4_013_neq32_nvar32.jl 2026-07-22T17:09:21.071
ATTEMPT 14 W0 DONE daisy4_013_neq32_nvar32.jl seed=1110237 nsol=2 0.17s 2026-07-22T17:09:21.244
ATTEMPT 15 W0 START cap=daisy4_014_neq32_nvar32.jl 2026-07-22T17:09:21.244
ATTEMPT 15 W0 SOLVE daisy4_014_neq32_nvar32.jl 2026-07-22T17:09:21.258
ATTEMPT 15 W0 DONE daisy4_014_neq32_nvar32.jl seed=1110238 nsol=2 0.31s 2026-07-22T17:09:21.573
ATTEMPT 16 W0 START cap=daisy4_015_neq32_nvar32.jl 2026-07-22T17:09:21.573
ATTEMPT 16 W0 SOLVE daisy4_015_neq32_nvar32.jl 2026-07-22T17:09:21.600
ATTEMPT 16 W0 DONE daisy4_015_neq32_nvar32.jl seed=1110239 nsol=2 0.30s 2026-07-22T17:09:21.897
ATTEMPT 17 W0 START cap=daisy4_016_neq32_nvar32.jl 2026-07-22T17:09:21.897
ATTEMPT 17 W0 SOLVE daisy4_016_neq32_nvar32.jl 2026-07-22T17:09:21.913
ATTEMPT 17 W0 DONE daisy4_016_neq32_nvar32.jl seed=1110240 nsol=2 0.31s 2026-07-22T17:09:22.223
ATTEMPT 18 W0 START cap=daisy4_017_neq32_nvar32.jl 2026-07-22T17:09:22.223
ATTEMPT 18 W0 SOLVE daisy4_017_neq32_nvar32.jl 2026-07-22T17:09:22.236
ATTEMPT 18 W0 DONE daisy4_017_neq32_nvar32.jl seed=1110241 nsol=2 0.24s 2026-07-22T17:09:22.475
ATTEMPT 19 W0 START cap=daisy4_018_neq32_nvar32.jl 2026-07-22T17:09:22.475
ATTEMPT 19 W0 SOLVE daisy4_018_neq32_nvar32.jl 2026-07-22T17:09:22.525
ATTEMPT 19 W0 DONE daisy4_018_neq32_nvar32.jl seed=1110242 nsol=2 0.40s 2026-07-22T17:09:22.927
ATTEMPT 20 W0 START cap=daisy4_019_neq32_nvar32.jl 2026-07-22T17:09:22.927
ATTEMPT 20 W0 SOLVE daisy4_019_neq32_nvar32.jl 2026-07-22T17:09:22.934
ATTEMPT 20 W0 DONE daisy4_019_neq32_nvar32.jl seed=1110243 nsol=2 0.24s 2026-07-22T17:09:23.187
ATTEMPT 21 W0 START cap=daisy4_020_neq32_nvar32.jl 2026-07-22T17:09:23.187
ATTEMPT 21 W0 SOLVE daisy4_020_neq32_nvar32.jl 2026-07-22T17:09:23.228
ATTEMPT 21 W0 DONE daisy4_020_neq32_nvar32.jl seed=1110244 nsol=2 0.38s 2026-07-22T17:09:23.607
ATTEMPT 22 W0 START cap=daisy4_021_neq32_nvar32.jl 2026-07-22T17:09:23.607
ATTEMPT 22 W0 SOLVE daisy4_021_neq32_nvar32.jl 2026-07-22T17:09:23.639
ATTEMPT 22 W0 DONE daisy4_021_neq32_nvar32.jl seed=1110245 nsol=2 0.46s 2026-07-22T17:09:24.098
ATTEMPT 23 W0 START cap=daisy4_022_neq32_nvar32.jl 2026-07-22T17:09:24.098
ATTEMPT 23 W0 SOLVE daisy4_022_neq32_nvar32.jl 2026-07-22T17:09:24.140
ATTEMPT 23 W0 DONE daisy4_022_neq32_nvar32.jl seed=1110246 nsol=2 0.17s 2026-07-22T17:09:24.308
ATTEMPT 24 W0 START cap=daisy4_023_neq32_nvar32.jl 2026-07-22T17:09:24.308
ATTEMPT 24 W0 SOLVE daisy4_023_neq32_nvar32.jl 2026-07-22T17:09:24.320
ATTEMPT 24 W0 DONE daisy4_023_neq32_nvar32.jl seed=1110247 nsol=2 0.22s 2026-07-22T17:09:24.543
ATTEMPT 25 W0 START cap=daisy4_024_neq32_nvar32.jl 2026-07-22T17:09:24.543
ATTEMPT 25 W0 SOLVE daisy4_024_neq32_nvar32.jl 2026-07-22T17:09:24.558
ATTEMPT 25 W0 DONE daisy4_024_neq32_nvar32.jl seed=1110248 nsol=2 0.17s 2026-07-22T17:09:24.736
ATTEMPT 26 W0 START cap=daisy4_025_neq32_nvar32.jl 2026-07-22T17:09:24.736
ATTEMPT 26 W0 SOLVE daisy4_025_neq32_nvar32.jl 2026-07-22T17:09:24.749
ATTEMPT 26 W0 DONE daisy4_025_neq32_nvar32.jl seed=1110249 nsol=2 0.28s 2026-07-22T17:09:25.039
ATTEMPT 27 W0 START cap=daisy4_026_neq32_nvar32.jl 2026-07-22T17:09:25.039
ATTEMPT 27 W0 SOLVE daisy4_026_neq32_nvar32.jl 2026-07-22T17:09:25.069
Computing mixed cells... 2    Time: 0:00:00[K
   mixed_volume: 3[K[A
[K[AComputing mixed cells... 7    Time: 0:00:00[K
   mixed_volume: 12[K
ATTEMPT 27 W0 DONE daisy4_026_neq32_nvar32.jl seed=1110250 nsol=2 0.97s 2026-07-22T17:09:26.037
ATTEMPT 28 W0 START cap=daisy4_027_neq32_nvar32.jl 2026-07-22T17:09:26.037
ATTEMPT 28 W0 SOLVE daisy4_027_neq32_nvar32.jl 2026-07-22T17:09:26.087
ATTEMPT 28 W0 DONE daisy4_027_neq32_nvar32.jl seed=1110251 nsol=2 0.54s 2026-07-22T17:09:26.631
ATTEMPT 29 W0 START cap=daisy4_028_neq32_nvar32.jl 2026-07-22T17:09:26.631
ATTEMPT 29 W0 SOLVE daisy4_028_neq32_nvar32.jl 2026-07-22T17:09:26.648
ATTEMPT 29 W0 DONE daisy4_028_neq32_nvar32.jl seed=1110252 nsol=2 0.87s 2026-07-22T17:09:27.515
ATTEMPT 30 W0 START cap=daisy4_029_neq32_nvar32.jl 2026-07-22T17:09:27.515
ATTEMPT 30 W0 SOLVE daisy4_029_neq32_nvar32.jl 2026-07-22T17:09:27.548
Computing mixed cells... 2    Time: 0:00:00[K
   mixed_volume: 3[K[A
[K[AComputing mixed cells... 8    Time: 0:00:00[K
   mixed_volume: 12[K
ATTEMPT 30 W0 DONE daisy4_029_neq32_nvar32.jl seed=1110253 nsol=2 0.74s 2026-07-22T17:09:28.288
ATTEMPT 31 W0 START cap=daisy4_030_neq32_nvar32.jl 2026-07-22T17:09:28.288
ATTEMPT 31 W0 SOLVE daisy4_030_neq32_nvar32.jl 2026-07-22T17:09:28.308
ATTEMPT 31 W0 DONE daisy4_030_neq32_nvar32.jl seed=1110254 nsol=2 0.27s 2026-07-22T17:09:28.583
ATTEMPT 32 W0 START cap=daisy4_031_neq32_nvar32.jl 2026-07-22T17:09:28.583
ATTEMPT 32 W0 SOLVE daisy4_031_neq32_nvar32.jl 2026-07-22T17:09:28.601
ATTEMPT 32 W0 DONE daisy4_031_neq32_nvar32.jl seed=1110255 nsol=2 0.23s 2026-07-22T17:09:28.832
ATTEMPT 33 W0 START cap=daisy4_032_neq32_nvar32.jl 2026-07-22T17:09:28.833
ATTEMPT 33 W0 SOLVE daisy4_032_neq32_nvar32.jl 2026-07-22T17:09:28.876
ATTEMPT 33 W0 DONE daisy4_032_neq32_nvar32.jl seed=1110256 nsol=2 0.56s 2026-07-22T17:09:29.439
ATTEMPT 34 W0 START cap=daisy4_033_neq32_nvar32.jl 2026-07-22T17:09:29.439
ATTEMPT 34 W0 SOLVE daisy4_033_neq32_nvar32.jl 2026-07-22T17:09:29.449
ATTEMPT 34 W0 DONE daisy4_033_neq32_nvar32.jl seed=1110257 nsol=2 0.29s 2026-07-22T17:09:29.735
ATTEMPT 35 W0 START cap=daisy4_034_neq32_nvar32.jl 2026-07-22T17:09:29.735
ATTEMPT 35 W0 SOLVE daisy4_034_neq32_nvar32.jl 2026-07-22T17:09:29.744
ATTEMPT 35 W0 DONE daisy4_034_neq32_nvar32.jl seed=1110258 nsol=2 0.11s 2026-07-22T17:09:29.852
ATTEMPT 36 W0 START cap=daisy4_035_neq32_nvar32.jl 2026-07-22T17:09:29.852
ATTEMPT 36 W0 SOLVE daisy4_035_neq32_nvar32.jl 2026-07-22T17:09:29.866
ATTEMPT 36 W0 DONE daisy4_035_neq32_nvar32.jl seed=1110259 nsol=2 0.35s 2026-07-22T17:09:30.223
ATTEMPT 37 W0 START cap=daisy4_036_neq32_nvar32.jl 2026-07-22T17:09:30.223
ATTEMPT 37 W0 SOLVE daisy4_036_neq32_nvar32.jl 2026-07-22T17:09:30.239
ATTEMPT 37 W0 DONE daisy4_036_neq32_nvar32.jl seed=1110260 nsol=2 3.89s 2026-07-22T17:09:34.132
ATTEMPT 38 W0 START cap=daisy4_037_neq32_nvar32.jl 2026-07-22T17:09:34.132
ATTEMPT 38 W0 SOLVE daisy4_037_neq32_nvar32.jl 2026-07-22T17:09:34.140
ATTEMPT 38 W0 DONE daisy4_037_neq32_nvar32.jl seed=1110261 nsol=2 0.23s 2026-07-22T17:09:34.368
ATTEMPT 39 W0 START cap=daisy4_038_neq32_nvar32.jl 2026-07-22T17:09:34.368
ATTEMPT 39 W0 SOLVE daisy4_038_neq32_nvar32.jl 2026-07-22T17:09:34.375
ATTEMPT 39 W0 DONE daisy4_038_neq32_nvar32.jl seed=1110262 nsol=2 0.18s 2026-07-22T17:09:34.555
ATTEMPT 40 W0 START cap=daisy4_039_neq32_nvar32.jl 2026-07-22T17:09:34.555
ATTEMPT 40 W0 SOLVE daisy4_039_neq32_nvar32.jl 2026-07-22T17:09:34.567
ATTEMPT 40 W0 DONE daisy4_039_neq32_nvar32.jl seed=1110263 nsol=2 0.13s 2026-07-22T17:09:34.700
ATTEMPT 41 W0 START cap=daisy4_040_neq32_nvar32.jl 2026-07-22T17:09:34.700
ATTEMPT 41 W0 SOLVE daisy4_040_neq32_nvar32.jl 2026-07-22T17:09:34.720
ATTEMPT 41 W0 DONE daisy4_040_neq32_nvar32.jl seed=1110264 nsol=2 0.20s 2026-07-22T17:09:34.918
ATTEMPT 42 W0 START cap=daisy4_041_neq32_nvar32.jl 2026-07-22T17:09:34.918
ATTEMPT 42 W0 SOLVE daisy4_041_neq32_nvar32.jl 2026-07-22T17:09:34.930
ATTEMPT 42 W0 DONE daisy4_041_neq32_nvar32.jl seed=1110265 nsol=2 0.17s 2026-07-22T17:09:35.099
ATTEMPT 43 W0 START cap=daisy4_042_neq32_nvar32.jl 2026-07-22T17:09:35.100
ATTEMPT 43 W0 SOLVE daisy4_042_neq32_nvar32.jl 2026-07-22T17:09:35.115
ATTEMPT 43 W0 DONE daisy4_042_neq32_nvar32.jl seed=1110266 nsol=2 0.14s 2026-07-22T17:09:35.251
ATTEMPT 44 W0 START cap=daisy4_043_neq32_nvar32.jl 2026-07-22T17:09:35.251
ATTEMPT 44 W0 SOLVE daisy4_043_neq32_nvar32.jl 2026-07-22T17:09:35.260
ATTEMPT 44 W0 DONE daisy4_043_neq32_nvar32.jl seed=1110267 nsol=2 0.21s 2026-07-22T17:09:35.479
ATTEMPT 45 W0 START cap=daisy4_044_neq32_nvar32.jl 2026-07-22T17:09:35.479
ATTEMPT 45 W0 SOLVE daisy4_044_neq32_nvar32.jl 2026-07-22T17:09:35.489
ATTEMPT 45 W0 DONE daisy4_044_neq32_nvar32.jl seed=1110268 nsol=2 0.40s 2026-07-22T17:09:35.888
ATTEMPT 46 W0 START cap=daisy4_045_neq32_nvar32.jl 2026-07-22T17:09:35.889
ATTEMPT 46 W0 SOLVE daisy4_045_neq32_nvar32.jl 2026-07-22T17:09:35.898
ATTEMPT 46 W0 DONE daisy4_045_neq32_nvar32.jl seed=1110269 nsol=2 0.14s 2026-07-22T17:09:36.039
ATTEMPT 47 W0 START cap=daisy4_046_neq32_nvar32.jl 2026-07-22T17:09:36.039
ATTEMPT 47 W0 SOLVE daisy4_046_neq32_nvar32.jl 2026-07-22T17:09:36.054
ATTEMPT 47 W0 DONE daisy4_046_neq32_nvar32.jl seed=1110270 nsol=2 0.19s 2026-07-22T17:09:36.248
ATTEMPT 48 W0 START cap=daisy4_047_neq32_nvar32.jl 2026-07-22T17:09:36.249
ATTEMPT 48 W0 SOLVE daisy4_047_neq32_nvar32.jl 2026-07-22T17:09:36.256
ATTEMPT 48 W0 DONE daisy4_047_neq32_nvar32.jl seed=1110271 nsol=2 0.20s 2026-07-22T17:09:36.451
ATTEMPT 49 W0 START cap=daisy4_048_neq32_nvar32.jl 2026-07-22T17:09:36.452
ATTEMPT 49 W0 SOLVE daisy4_048_neq32_nvar32.jl 2026-07-22T17:09:36.480
ATTEMPT 49 W0 DONE daisy4_048_neq32_nvar32.jl seed=1110272 nsol=2 0.25s 2026-07-22T17:09:36.726
ATTEMPT 50 W0 START cap=daisy4_049_neq32_nvar32.jl 2026-07-22T17:09:36.726
ATTEMPT 50 W0 SOLVE daisy4_049_neq32_nvar32.jl 2026-07-22T17:09:36.740
ATTEMPT 50 W0 DONE daisy4_049_neq32_nvar32.jl seed=1110273 nsol=2 0.30s 2026-07-22T17:09:37.040
ATTEMPT 51 W0 START cap=daisy4_050_neq32_nvar32.jl 2026-07-22T17:09:37.041
ATTEMPT 51 W0 SOLVE daisy4_050_neq32_nvar32.jl 2026-07-22T17:09:37.065
ATTEMPT 51 W0 DONE daisy4_050_neq32_nvar32.jl seed=1110274 nsol=2 0.42s 2026-07-22T17:09:37.481
ATTEMPT 52 W0 START cap=daisy4_051_neq32_nvar32.jl 2026-07-22T17:09:37.481
ATTEMPT 52 W0 SOLVE daisy4_051_neq32_nvar32.jl 2026-07-22T17:09:37.497
ATTEMPT 52 W0 DONE daisy4_051_neq32_nvar32.jl seed=1110275 nsol=2 0.25s 2026-07-22T17:09:37.753
ATTEMPT 53 W0 START cap=daisy4_052_neq32_nvar32.jl 2026-07-22T17:09:37.753
ATTEMPT 53 W0 SOLVE daisy4_052_neq32_nvar32.jl 2026-07-22T17:09:37.765
ATTEMPT 53 W0 DONE daisy4_052_neq32_nvar32.jl seed=1110276 nsol=2 0.18s 2026-07-22T17:09:37.949
ATTEMPT 54 W0 START cap=daisy4_053_neq32_nvar32.jl 2026-07-22T17:09:37.950
ATTEMPT 54 W0 SOLVE daisy4_053_neq32_nvar32.jl 2026-07-22T17:09:37.965
ATTEMPT 54 W0 DONE daisy4_053_neq32_nvar32.jl seed=1110277 nsol=2 0.18s 2026-07-22T17:09:38.149
ATTEMPT 55 W0 START cap=daisy4_054_neq32_nvar32.jl 2026-07-22T17:09:38.149
ATTEMPT 55 W0 SOLVE daisy4_054_neq32_nvar32.jl 2026-07-22T17:09:38.158
ATTEMPT 55 W0 DONE daisy4_054_neq32_nvar32.jl seed=1110278 nsol=2 0.83s 2026-07-22T17:09:38.988
ATTEMPT 56 W0 START cap=daisy4_055_neq32_nvar32.jl 2026-07-22T17:09:38.989
ATTEMPT 56 W0 SOLVE daisy4_055_neq32_nvar32.jl 2026-07-22T17:09:39.028
ATTEMPT 56 W0 DONE daisy4_055_neq32_nvar32.jl seed=1110279 nsol=2 0.26s 2026-07-22T17:09:39.284
ATTEMPT 57 W0 START cap=daisy4_056_neq32_nvar32.jl 2026-07-22T17:09:39.285
ATTEMPT 57 W0 SOLVE daisy4_056_neq32_nvar32.jl 2026-07-22T17:09:39.309
ATTEMPT 57 W0 DONE daisy4_056_neq32_nvar32.jl seed=1110280 nsol=2 0.43s 2026-07-22T17:09:39.739
ATTEMPT 58 W0 START cap=daisy4_057_neq32_nvar32.jl 2026-07-22T17:09:39.739
ATTEMPT 58 W0 SOLVE daisy4_057_neq32_nvar32.jl 2026-07-22T17:09:39.753
ATTEMPT 58 W0 DONE daisy4_057_neq32_nvar32.jl seed=1110281 nsol=2 0.27s 2026-07-22T17:09:40.026
ATTEMPT 59 W0 START cap=daisy4_058_neq32_nvar32.jl 2026-07-22T17:09:40.026
ATTEMPT 59 W0 SOLVE daisy4_058_neq32_nvar32.jl 2026-07-22T17:09:40.034
ATTEMPT 59 W0 DONE daisy4_058_neq32_nvar32.jl seed=1110282 nsol=2 0.19s 2026-07-22T17:09:40.229
ATTEMPT 60 W0 START cap=daisy4_059_neq32_nvar32.jl 2026-07-22T17:09:40.229
ATTEMPT 60 W0 SOLVE daisy4_059_neq32_nvar32.jl 2026-07-22T17:09:40.253
ATTEMPT 60 W0 DONE daisy4_059_neq32_nvar32.jl seed=1110283 nsol=2 0.39s 2026-07-22T17:09:40.640
HUNT2 complete 2026-07-22T17:09:40.652
