HUNT2 start mode=seq hcthr=on nworkers=0 nthreads=14 ngcthreads=14 nsolves=60 seed_base=1603763 shape=capdir:/home/orebas/.julia/dev/ODEParameterEstimation/repro/hc_threading_mwe_2026_07_22/captured_systems pid=2236251 julia=1.12.6 HC=2.20.0 2026-07-22T17:20:57.965
ATTEMPT 1 W0 START cap=daisy4_000_neq32_nvar32.jl 2026-07-22T17:21:01.432
ATTEMPT 1 W0 SOLVE daisy4_000_neq32_nvar32.jl 2026-07-22T17:21:03.015
Computing mixed cells... 2    Time: 0:00:12[K
   mixed_volume: 3[K[A
[K[AComputing mixed cells... 7    Time: 0:00:12[K
   mixed_volume: 12[K
ATTEMPT 1 W0 DONE daisy4_000_neq32_nvar32.jl seed=1603764 nsol=2 115.50s 2026-07-22T17:22:58.615
ATTEMPT 2 W0 START cap=daisy4_001_neq32_nvar32.jl 2026-07-22T17:22:58.921
ATTEMPT 2 W0 SOLVE daisy4_001_neq32_nvar32.jl 2026-07-22T17:22:58.930
ATTEMPT 2 W0 DONE daisy4_001_neq32_nvar32.jl seed=1603765 nsol=2 0.20s 2026-07-22T17:22:59.134
ATTEMPT 3 W0 START cap=daisy4_002_neq32_nvar32.jl 2026-07-22T17:22:59.134
ATTEMPT 3 W0 SOLVE daisy4_002_neq32_nvar32.jl 2026-07-22T17:22:59.150
ATTEMPT 3 W0 DONE daisy4_002_neq32_nvar32.jl seed=1603766 nsol=2 0.23s 2026-07-22T17:22:59.378
ATTEMPT 4 W0 START cap=daisy4_003_neq32_nvar32.jl 2026-07-22T17:22:59.378
ATTEMPT 4 W0 SOLVE daisy4_003_neq32_nvar32.jl 2026-07-22T17:22:59.405
ATTEMPT 4 W0 DONE daisy4_003_neq32_nvar32.jl seed=1603767 nsol=2 0.37s 2026-07-22T17:22:59.774
ATTEMPT 5 W0 START cap=daisy4_004_neq32_nvar32.jl 2026-07-22T17:22:59.774
ATTEMPT 5 W0 SOLVE daisy4_004_neq32_nvar32.jl 2026-07-22T17:22:59.785
ATTEMPT 5 W0 DONE daisy4_004_neq32_nvar32.jl seed=1603768 nsol=2 0.20s 2026-07-22T17:22:59.984
ATTEMPT 6 W0 START cap=daisy4_005_neq32_nvar32.jl 2026-07-22T17:22:59.984
ATTEMPT 6 W0 SOLVE daisy4_005_neq32_nvar32.jl 2026-07-22T17:22:59.998
ATTEMPT 6 W0 DONE daisy4_005_neq32_nvar32.jl seed=1603769 nsol=2 0.33s 2026-07-22T17:23:00.327
ATTEMPT 7 W0 START cap=daisy4_006_neq32_nvar32.jl 2026-07-22T17:23:00.327
ATTEMPT 7 W0 SOLVE daisy4_006_neq32_nvar32.jl 2026-07-22T17:23:00.354
ATTEMPT 7 W0 DONE daisy4_006_neq32_nvar32.jl seed=1603770 nsol=2 0.27s 2026-07-22T17:23:00.622
ATTEMPT 8 W0 START cap=daisy4_007_neq32_nvar32.jl 2026-07-22T17:23:00.623
ATTEMPT 8 W0 SOLVE daisy4_007_neq32_nvar32.jl 2026-07-22T17:23:00.635
ATTEMPT 8 W0 DONE daisy4_007_neq32_nvar32.jl seed=1603771 nsol=2 0.13s 2026-07-22T17:23:00.760
ATTEMPT 9 W0 START cap=daisy4_008_neq32_nvar32.jl 2026-07-22T17:23:00.760
ATTEMPT 9 W0 SOLVE daisy4_008_neq32_nvar32.jl 2026-07-22T17:23:00.771
ATTEMPT 9 W0 DONE daisy4_008_neq32_nvar32.jl seed=1603772 nsol=2 0.15s 2026-07-22T17:23:00.918
ATTEMPT 10 W0 START cap=daisy4_009_neq32_nvar32.jl 2026-07-22T17:23:00.918
ATTEMPT 10 W0 SOLVE daisy4_009_neq32_nvar32.jl 2026-07-22T17:23:00.956
ATTEMPT 10 W0 DONE daisy4_009_neq32_nvar32.jl seed=1603773 nsol=2 0.10s 2026-07-22T17:23:01.060
ATTEMPT 11 W0 START cap=daisy4_010_neq32_nvar32.jl 2026-07-22T17:23:01.060
ATTEMPT 11 W0 SOLVE daisy4_010_neq32_nvar32.jl 2026-07-22T17:23:01.069
Computing mixed cells... 2    Time: 0:00:00[K
   mixed_volume: 3[K[A
[K[AComputing mixed cells... 8    Time: 0:00:00[K
   mixed_volume: 12[K
ATTEMPT 11 W0 DONE daisy4_010_neq32_nvar32.jl seed=1603774 nsol=2 1.04s 2026-07-22T17:23:02.112
ATTEMPT 12 W0 START cap=daisy4_011_neq32_nvar32.jl 2026-07-22T17:23:02.112
ATTEMPT 12 W0 SOLVE daisy4_011_neq32_nvar32.jl 2026-07-22T17:23:02.162
ATTEMPT 12 W0 DONE daisy4_011_neq32_nvar32.jl seed=1603775 nsol=2 0.19s 2026-07-22T17:23:02.357
ATTEMPT 13 W0 START cap=daisy4_012_neq32_nvar32.jl 2026-07-22T17:23:02.357
ATTEMPT 13 W0 SOLVE daisy4_012_neq32_nvar32.jl 2026-07-22T17:23:02.387
ATTEMPT 13 W0 DONE daisy4_012_neq32_nvar32.jl seed=1603776 nsol=2 0.25s 2026-07-22T17:23:02.636
ATTEMPT 14 W0 START cap=daisy4_013_neq32_nvar32.jl 2026-07-22T17:23:02.637
ATTEMPT 14 W0 SOLVE daisy4_013_neq32_nvar32.jl 2026-07-22T17:23:02.667
ATTEMPT 14 W0 DONE daisy4_013_neq32_nvar32.jl seed=1603777 nsol=2 0.27s 2026-07-22T17:23:02.937
ATTEMPT 15 W0 START cap=daisy4_014_neq32_nvar32.jl 2026-07-22T17:23:02.937
ATTEMPT 15 W0 SOLVE daisy4_014_neq32_nvar32.jl 2026-07-22T17:23:02.959
Computing mixed cells... 2    Time: 0:00:00[K
   mixed_volume: 2[K[A
[K[AComputing mixed cells... 11    Time: 0:00:00[K
   mixed_volume: 12[K
ATTEMPT 15 W0 DONE daisy4_014_neq32_nvar32.jl seed=1603778 nsol=2 0.73s 2026-07-22T17:23:03.685
ATTEMPT 16 W0 START cap=daisy4_015_neq32_nvar32.jl 2026-07-22T17:23:03.685
ATTEMPT 16 W0 SOLVE daisy4_015_neq32_nvar32.jl 2026-07-22T17:23:03.710
ATTEMPT 16 W0 DONE daisy4_015_neq32_nvar32.jl seed=1603779 nsol=2 0.28s 2026-07-22T17:23:03.991
ATTEMPT 17 W0 START cap=daisy4_016_neq32_nvar32.jl 2026-07-22T17:23:03.991
ATTEMPT 17 W0 SOLVE daisy4_016_neq32_nvar32.jl 2026-07-22T17:23:04.036
ATTEMPT 17 W0 DONE daisy4_016_neq32_nvar32.jl seed=1603780 nsol=2 0.25s 2026-07-22T17:23:04.297
ATTEMPT 18 W0 START cap=daisy4_017_neq32_nvar32.jl 2026-07-22T17:23:04.297
ATTEMPT 18 W0 SOLVE daisy4_017_neq32_nvar32.jl 2026-07-22T17:23:04.314
ATTEMPT 18 W0 DONE daisy4_017_neq32_nvar32.jl seed=1603781 nsol=2 0.17s 2026-07-22T17:23:04.485
ATTEMPT 19 W0 START cap=daisy4_018_neq32_nvar32.jl 2026-07-22T17:23:04.486
ATTEMPT 19 W0 SOLVE daisy4_018_neq32_nvar32.jl 2026-07-22T17:23:04.529
ATTEMPT 19 W0 DONE daisy4_018_neq32_nvar32.jl seed=1603782 nsol=2 0.21s 2026-07-22T17:23:04.741
ATTEMPT 20 W0 START cap=daisy4_019_neq32_nvar32.jl 2026-07-22T17:23:04.741
ATTEMPT 20 W0 SOLVE daisy4_019_neq32_nvar32.jl 2026-07-22T17:23:04.772
ATTEMPT 20 W0 DONE daisy4_019_neq32_nvar32.jl seed=1603783 nsol=2 0.54s 2026-07-22T17:23:05.310
ATTEMPT 21 W0 START cap=daisy4_020_neq32_nvar32.jl 2026-07-22T17:23:05.310
ATTEMPT 21 W0 SOLVE daisy4_020_neq32_nvar32.jl 2026-07-22T17:23:05.349
Computing mixed cells... 5    Time: 0:00:00[K
   mixed_volume: 7[K[A
[K[AComputing mixed cells... 9    Time: 0:00:00[K
   mixed_volume: 12[K
ATTEMPT 21 W0 DONE daisy4_020_neq32_nvar32.jl seed=1603784 nsol=2 0.51s 2026-07-22T17:23:05.873
ATTEMPT 22 W0 START cap=daisy4_021_neq32_nvar32.jl 2026-07-22T17:23:05.873
ATTEMPT 22 W0 SOLVE daisy4_021_neq32_nvar32.jl 2026-07-22T17:23:05.910
ATTEMPT 22 W0 DONE daisy4_021_neq32_nvar32.jl seed=1603785 nsol=2 0.37s 2026-07-22T17:23:06.279
ATTEMPT 23 W0 START cap=daisy4_022_neq32_nvar32.jl 2026-07-22T17:23:06.279
ATTEMPT 23 W0 SOLVE daisy4_022_neq32_nvar32.jl 2026-07-22T17:23:06.307
ATTEMPT 23 W0 DONE daisy4_022_neq32_nvar32.jl seed=1603786 nsol=2 0.27s 2026-07-22T17:23:06.581
ATTEMPT 24 W0 START cap=daisy4_023_neq32_nvar32.jl 2026-07-22T17:23:06.582
ATTEMPT 24 W0 SOLVE daisy4_023_neq32_nvar32.jl 2026-07-22T17:23:06.606
ATTEMPT 24 W0 DONE daisy4_023_neq32_nvar32.jl seed=1603787 nsol=2 0.47s 2026-07-22T17:23:07.073
ATTEMPT 25 W0 START cap=daisy4_024_neq32_nvar32.jl 2026-07-22T17:23:07.073
ATTEMPT 25 W0 SOLVE daisy4_024_neq32_nvar32.jl 2026-07-22T17:23:07.102
ATTEMPT 25 W0 DONE daisy4_024_neq32_nvar32.jl seed=1603788 nsol=2 1.66s 2026-07-22T17:23:08.761
ATTEMPT 26 W0 START cap=daisy4_025_neq32_nvar32.jl 2026-07-22T17:23:08.779
ATTEMPT 26 W0 SOLVE daisy4_025_neq32_nvar32.jl 2026-07-22T17:23:08.834
ATTEMPT 26 W0 DONE daisy4_025_neq32_nvar32.jl seed=1603789 nsol=2 0.97s 2026-07-22T17:23:09.805
ATTEMPT 27 W0 START cap=daisy4_026_neq32_nvar32.jl 2026-07-22T17:23:09.805
ATTEMPT 27 W0 SOLVE daisy4_026_neq32_nvar32.jl 2026-07-22T17:23:09.814
ATTEMPT 27 W0 DONE daisy4_026_neq32_nvar32.jl seed=1603790 nsol=2 0.13s 2026-07-22T17:23:09.945
ATTEMPT 28 W0 START cap=daisy4_027_neq32_nvar32.jl 2026-07-22T17:23:09.946
ATTEMPT 28 W0 SOLVE daisy4_027_neq32_nvar32.jl 2026-07-22T17:23:09.967
ATTEMPT 28 W0 DONE daisy4_027_neq32_nvar32.jl seed=1603791 nsol=2 0.24s 2026-07-22T17:23:10.209
ATTEMPT 29 W0 START cap=daisy4_028_neq32_nvar32.jl 2026-07-22T17:23:10.209
ATTEMPT 29 W0 SOLVE daisy4_028_neq32_nvar32.jl 2026-07-22T17:23:10.225
ATTEMPT 29 W0 DONE daisy4_028_neq32_nvar32.jl seed=1603792 nsol=2 0.32s 2026-07-22T17:23:10.553
ATTEMPT 30 W0 START cap=daisy4_029_neq32_nvar32.jl 2026-07-22T17:23:10.553
ATTEMPT 30 W0 SOLVE daisy4_029_neq32_nvar32.jl 2026-07-22T17:23:10.575
ATTEMPT 30 W0 DONE daisy4_029_neq32_nvar32.jl seed=1603793 nsol=2 0.45s 2026-07-22T17:23:11.033
ATTEMPT 31 W0 START cap=daisy4_030_neq32_nvar32.jl 2026-07-22T17:23:11.033
ATTEMPT 31 W0 SOLVE daisy4_030_neq32_nvar32.jl 2026-07-22T17:23:11.074
ATTEMPT 31 W0 DONE daisy4_030_neq32_nvar32.jl seed=1603794 nsol=2 0.33s 2026-07-22T17:23:11.407
ATTEMPT 32 W0 START cap=daisy4_031_neq32_nvar32.jl 2026-07-22T17:23:11.407
ATTEMPT 32 W0 SOLVE daisy4_031_neq32_nvar32.jl 2026-07-22T17:23:11.423
ATTEMPT 32 W0 DONE daisy4_031_neq32_nvar32.jl seed=1603795 nsol=2 0.16s 2026-07-22T17:23:11.579
ATTEMPT 33 W0 START cap=daisy4_032_neq32_nvar32.jl 2026-07-22T17:23:11.579
ATTEMPT 33 W0 SOLVE daisy4_032_neq32_nvar32.jl 2026-07-22T17:23:11.593
ATTEMPT 33 W0 DONE daisy4_032_neq32_nvar32.jl seed=1603796 nsol=2 0.17s 2026-07-22T17:23:11.765
ATTEMPT 34 W0 START cap=daisy4_033_neq32_nvar32.jl 2026-07-22T17:23:11.769
ATTEMPT 34 W0 SOLVE daisy4_033_neq32_nvar32.jl 2026-07-22T17:23:11.777
ATTEMPT 34 W0 DONE daisy4_033_neq32_nvar32.jl seed=1603797 nsol=2 0.19s 2026-07-22T17:23:11.965
ATTEMPT 35 W0 START cap=daisy4_034_neq32_nvar32.jl 2026-07-22T17:23:11.965
ATTEMPT 35 W0 SOLVE daisy4_034_neq32_nvar32.jl 2026-07-22T17:23:11.995
ATTEMPT 35 W0 DONE daisy4_034_neq32_nvar32.jl seed=1603798 nsol=2 0.20s 2026-07-22T17:23:12.205
ATTEMPT 36 W0 START cap=daisy4_035_neq32_nvar32.jl 2026-07-22T17:23:12.205
ATTEMPT 36 W0 SOLVE daisy4_035_neq32_nvar32.jl 2026-07-22T17:23:12.217
ATTEMPT 36 W0 DONE daisy4_035_neq32_nvar32.jl seed=1603799 nsol=2 0.46s 2026-07-22T17:23:12.689
ATTEMPT 37 W0 START cap=daisy4_036_neq32_nvar32.jl 2026-07-22T17:23:12.689
ATTEMPT 37 W0 SOLVE daisy4_036_neq32_nvar32.jl 2026-07-22T17:23:12.726
ATTEMPT 37 W0 DONE daisy4_036_neq32_nvar32.jl seed=1603800 nsol=2 0.40s 2026-07-22T17:23:13.121
ATTEMPT 38 W0 START cap=daisy4_037_neq32_nvar32.jl 2026-07-22T17:23:13.121
ATTEMPT 38 W0 SOLVE daisy4_037_neq32_nvar32.jl 2026-07-22T17:23:13.135
ATTEMPT 38 W0 DONE daisy4_037_neq32_nvar32.jl seed=1603801 nsol=2 0.24s 2026-07-22T17:23:13.371
ATTEMPT 39 W0 START cap=daisy4_038_neq32_nvar32.jl 2026-07-22T17:23:13.371
ATTEMPT 39 W0 SOLVE daisy4_038_neq32_nvar32.jl 2026-07-22T17:23:13.390
ATTEMPT 39 W0 DONE daisy4_038_neq32_nvar32.jl seed=1603802 nsol=2 0.22s 2026-07-22T17:23:13.617
ATTEMPT 40 W0 START cap=daisy4_039_neq32_nvar32.jl 2026-07-22T17:23:13.617
ATTEMPT 40 W0 SOLVE daisy4_039_neq32_nvar32.jl 2026-07-22T17:23:13.634
ATTEMPT 40 W0 DONE daisy4_039_neq32_nvar32.jl seed=1603803 nsol=2 0.33s 2026-07-22T17:23:13.969
ATTEMPT 41 W0 START cap=daisy4_040_neq32_nvar32.jl 2026-07-22T17:23:13.969
ATTEMPT 41 W0 SOLVE daisy4_040_neq32_nvar32.jl 2026-07-22T17:23:13.987
ATTEMPT 41 W0 DONE daisy4_040_neq32_nvar32.jl seed=1603804 nsol=2 0.22s 2026-07-22T17:23:14.204
ATTEMPT 42 W0 START cap=daisy4_041_neq32_nvar32.jl 2026-07-22T17:23:14.205
ATTEMPT 42 W0 SOLVE daisy4_041_neq32_nvar32.jl 2026-07-22T17:23:14.230
ATTEMPT 42 W0 DONE daisy4_041_neq32_nvar32.jl seed=1603805 nsol=2 0.35s 2026-07-22T17:23:14.578
ATTEMPT 43 W0 START cap=daisy4_042_neq32_nvar32.jl 2026-07-22T17:23:14.578
ATTEMPT 43 W0 SOLVE daisy4_042_neq32_nvar32.jl 2026-07-22T17:23:14.597
ATTEMPT 43 W0 DONE daisy4_042_neq32_nvar32.jl seed=1603806 nsol=2 0.41s 2026-07-22T17:23:15.017
ATTEMPT 44 W0 START cap=daisy4_043_neq32_nvar32.jl 2026-07-22T17:23:15.017
ATTEMPT 44 W0 SOLVE daisy4_043_neq32_nvar32.jl 2026-07-22T17:23:15.030
Computing mixed cells... 3    Time: 0:00:03[K
   mixed_volume: 7[K[A
[K[AComputing mixed cells... 7    Time: 0:00:03[K
   mixed_volume: 12[K
ATTEMPT 44 W0 DONE daisy4_043_neq32_nvar32.jl seed=1603807 nsol=2 3.79s 2026-07-22T17:23:18.819
ATTEMPT 45 W0 START cap=daisy4_044_neq32_nvar32.jl 2026-07-22T17:23:18.819
ATTEMPT 45 W0 SOLVE daisy4_044_neq32_nvar32.jl 2026-07-22T17:23:18.832
ATTEMPT 45 W0 DONE daisy4_044_neq32_nvar32.jl seed=1603808 nsol=2 0.67s 2026-07-22T17:23:19.510
ATTEMPT 46 W0 START cap=daisy4_045_neq32_nvar32.jl 2026-07-22T17:23:19.510
ATTEMPT 46 W0 SOLVE daisy4_045_neq32_nvar32.jl 2026-07-22T17:23:19.524
ATTEMPT 46 W0 DONE daisy4_045_neq32_nvar32.jl seed=1603809 nsol=2 0.32s 2026-07-22T17:23:19.845
ATTEMPT 47 W0 START cap=daisy4_046_neq32_nvar32.jl 2026-07-22T17:23:19.846
ATTEMPT 47 W0 SOLVE daisy4_046_neq32_nvar32.jl 2026-07-22T17:23:19.873
ATTEMPT 47 W0 DONE daisy4_046_neq32_nvar32.jl seed=1603810 nsol=2 1.30s 2026-07-22T17:23:21.189
ATTEMPT 48 W0 START cap=daisy4_047_neq32_nvar32.jl 2026-07-22T17:23:21.190
ATTEMPT 48 W0 SOLVE daisy4_047_neq32_nvar32.jl 2026-07-22T17:23:21.219
ATTEMPT 48 W0 DONE daisy4_047_neq32_nvar32.jl seed=1603811 nsol=2 0.40s 2026-07-22T17:23:21.618
ATTEMPT 49 W0 START cap=daisy4_048_neq32_nvar32.jl 2026-07-22T17:23:21.618
ATTEMPT 49 W0 SOLVE daisy4_048_neq32_nvar32.jl 2026-07-22T17:23:21.643
ATTEMPT 49 W0 DONE daisy4_048_neq32_nvar32.jl seed=1603812 nsol=2 0.70s 2026-07-22T17:23:22.345
ATTEMPT 50 W0 START cap=daisy4_049_neq32_nvar32.jl 2026-07-22T17:23:22.346
ATTEMPT 50 W0 SOLVE daisy4_049_neq32_nvar32.jl 2026-07-22T17:23:22.382
ATTEMPT 50 W0 DONE daisy4_049_neq32_nvar32.jl seed=1603813 nsol=2 0.51s 2026-07-22T17:23:22.889
ATTEMPT 51 W0 START cap=daisy4_050_neq32_nvar32.jl 2026-07-22T17:23:22.889
ATTEMPT 51 W0 SOLVE daisy4_050_neq32_nvar32.jl 2026-07-22T17:23:22.924
ATTEMPT 51 W0 DONE daisy4_050_neq32_nvar32.jl seed=1603814 nsol=2 0.95s 2026-07-22T17:23:23.885
ATTEMPT 52 W0 START cap=daisy4_051_neq32_nvar32.jl 2026-07-22T17:23:23.886
ATTEMPT 52 W0 SOLVE daisy4_051_neq32_nvar32.jl 2026-07-22T17:23:23.906
ATTEMPT 52 W0 DONE daisy4_051_neq32_nvar32.jl seed=1603815 nsol=2 0.18s 2026-07-22T17:23:24.093
ATTEMPT 53 W0 START cap=daisy4_052_neq32_nvar32.jl 2026-07-22T17:23:24.094
ATTEMPT 53 W0 SOLVE daisy4_052_neq32_nvar32.jl 2026-07-22T17:23:24.118
ATTEMPT 53 W0 DONE daisy4_052_neq32_nvar32.jl seed=1603816 nsol=2 0.22s 2026-07-22T17:23:24.341
ATTEMPT 54 W0 START cap=daisy4_053_neq32_nvar32.jl 2026-07-22T17:23:24.342
ATTEMPT 54 W0 SOLVE daisy4_053_neq32_nvar32.jl 2026-07-22T17:23:24.352
ATTEMPT 54 W0 DONE daisy4_053_neq32_nvar32.jl seed=1603817 nsol=2 0.23s 2026-07-22T17:23:24.578
ATTEMPT 55 W0 START cap=daisy4_054_neq32_nvar32.jl 2026-07-22T17:23:24.578
ATTEMPT 55 W0 SOLVE daisy4_054_neq32_nvar32.jl 2026-07-22T17:23:24.593
ATTEMPT 55 W0 DONE daisy4_054_neq32_nvar32.jl seed=1603818 nsol=2 0.25s 2026-07-22T17:23:24.849
ATTEMPT 56 W0 START cap=daisy4_055_neq32_nvar32.jl 2026-07-22T17:23:24.850
ATTEMPT 56 W0 SOLVE daisy4_055_neq32_nvar32.jl 2026-07-22T17:23:24.896
ATTEMPT 56 W0 DONE daisy4_055_neq32_nvar32.jl seed=1603819 nsol=2 0.27s 2026-07-22T17:23:25.172
ATTEMPT 57 W0 START cap=daisy4_056_neq32_nvar32.jl 2026-07-22T17:23:25.172
ATTEMPT 57 W0 SOLVE daisy4_056_neq32_nvar32.jl 2026-07-22T17:23:25.189
ATTEMPT 57 W0 DONE daisy4_056_neq32_nvar32.jl seed=1603820 nsol=2 0.26s 2026-07-22T17:23:25.457
ATTEMPT 58 W0 START cap=daisy4_057_neq32_nvar32.jl 2026-07-22T17:23:25.458
ATTEMPT 58 W0 SOLVE daisy4_057_neq32_nvar32.jl 2026-07-22T17:23:25.470
ATTEMPT 58 W0 DONE daisy4_057_neq32_nvar32.jl seed=1603821 nsol=2 0.22s 2026-07-22T17:23:25.694
ATTEMPT 59 W0 START cap=daisy4_058_neq32_nvar32.jl 2026-07-22T17:23:25.695
ATTEMPT 59 W0 SOLVE daisy4_058_neq32_nvar32.jl 2026-07-22T17:23:25.732
ATTEMPT 59 W0 DONE daisy4_058_neq32_nvar32.jl seed=1603822 nsol=2 0.27s 2026-07-22T17:23:26.003
ATTEMPT 60 W0 START cap=daisy4_059_neq32_nvar32.jl 2026-07-22T17:23:26.003
ATTEMPT 60 W0 SOLVE daisy4_059_neq32_nvar32.jl 2026-07-22T17:23:26.022
ATTEMPT 60 W0 DONE daisy4_059_neq32_nvar32.jl seed=1603823 nsol=2 0.31s 2026-07-22T17:23:26.333
HUNT2 complete 2026-07-22T17:23:26.343
