HUNT2 start mode=seq hcthr=on nworkers=0 nthreads=14 ngcthreads=14 nsolves=60 seed_base=1804895 shape=capdir:/home/orebas/.julia/dev/ODEParameterEstimation/repro/hc_threading_mwe_2026_07_22/captured_systems pid=2273163 julia=1.12.6 HC=2.20.0 2026-07-22T17:26:00.743
ATTEMPT 1 W0 START cap=daisy4_000_neq32_nvar32.jl 2026-07-22T17:26:07.313
ATTEMPT 1 W0 SOLVE daisy4_000_neq32_nvar32.jl 2026-07-22T17:26:10.549
Computing mixed cells... 2    Time: 0:00:03[K
   mixed_volume: 2[K[A
[K[AComputing mixed cells... 8    Time: 0:00:03[K
   mixed_volume: 12[K
ATTEMPT 1 W0 DONE daisy4_000_neq32_nvar32.jl seed=1804896 nsol=2 143.30s 2026-07-22T17:28:34.093
ATTEMPT 2 W0 START cap=daisy4_001_neq32_nvar32.jl 2026-07-22T17:28:35.056
ATTEMPT 2 W0 SOLVE daisy4_001_neq32_nvar32.jl 2026-07-22T17:28:35.080
ATTEMPT 2 W0 DONE daisy4_001_neq32_nvar32.jl seed=1804897 nsol=2 0.32s 2026-07-22T17:28:35.399
ATTEMPT 3 W0 START cap=daisy4_002_neq32_nvar32.jl 2026-07-22T17:28:35.399
ATTEMPT 3 W0 SOLVE daisy4_002_neq32_nvar32.jl 2026-07-22T17:28:35.413
ATTEMPT 3 W0 DONE daisy4_002_neq32_nvar32.jl seed=1804898 nsol=2 0.27s 2026-07-22T17:28:35.694
ATTEMPT 4 W0 START cap=daisy4_003_neq32_nvar32.jl 2026-07-22T17:28:35.694
ATTEMPT 4 W0 SOLVE daisy4_003_neq32_nvar32.jl 2026-07-22T17:28:35.705
ATTEMPT 4 W0 DONE daisy4_003_neq32_nvar32.jl seed=1804899 nsol=2 0.44s 2026-07-22T17:28:36.158
ATTEMPT 5 W0 START cap=daisy4_004_neq32_nvar32.jl 2026-07-22T17:28:36.158
ATTEMPT 5 W0 SOLVE daisy4_004_neq32_nvar32.jl 2026-07-22T17:28:36.187
ATTEMPT 5 W0 DONE daisy4_004_neq32_nvar32.jl seed=1804900 nsol=2 0.62s 2026-07-22T17:28:36.809
ATTEMPT 6 W0 START cap=daisy4_005_neq32_nvar32.jl 2026-07-22T17:28:36.809
ATTEMPT 6 W0 SOLVE daisy4_005_neq32_nvar32.jl 2026-07-22T17:28:36.819
ATTEMPT 6 W0 DONE daisy4_005_neq32_nvar32.jl seed=1804901 nsol=2 0.22s 2026-07-22T17:28:37.043
ATTEMPT 7 W0 START cap=daisy4_006_neq32_nvar32.jl 2026-07-22T17:28:37.043
ATTEMPT 7 W0 SOLVE daisy4_006_neq32_nvar32.jl 2026-07-22T17:28:37.071
ATTEMPT 7 W0 DONE daisy4_006_neq32_nvar32.jl seed=1804902 nsol=2 7.97s 2026-07-22T17:28:45.037
ATTEMPT 8 W0 START cap=daisy4_007_neq32_nvar32.jl 2026-07-22T17:28:45.037
ATTEMPT 8 W0 SOLVE daisy4_007_neq32_nvar32.jl 2026-07-22T17:28:45.053
ATTEMPT 8 W0 DONE daisy4_007_neq32_nvar32.jl seed=1804903 nsol=2 0.30s 2026-07-22T17:28:45.356
ATTEMPT 9 W0 START cap=daisy4_008_neq32_nvar32.jl 2026-07-22T17:28:45.356
ATTEMPT 9 W0 SOLVE daisy4_008_neq32_nvar32.jl 2026-07-22T17:28:45.383
ATTEMPT 9 W0 DONE daisy4_008_neq32_nvar32.jl seed=1804904 nsol=2 0.37s 2026-07-22T17:28:45.756
ATTEMPT 10 W0 START cap=daisy4_009_neq32_nvar32.jl 2026-07-22T17:28:45.756
ATTEMPT 10 W0 SOLVE daisy4_009_neq32_nvar32.jl 2026-07-22T17:28:45.790
ATTEMPT 10 W0 DONE daisy4_009_neq32_nvar32.jl seed=1804905 nsol=2 0.32s 2026-07-22T17:28:46.120
ATTEMPT 11 W0 START cap=daisy4_010_neq32_nvar32.jl 2026-07-22T17:28:46.120
ATTEMPT 11 W0 SOLVE daisy4_010_neq32_nvar32.jl 2026-07-22T17:28:46.146
ATTEMPT 11 W0 DONE daisy4_010_neq32_nvar32.jl seed=1804906 nsol=2 0.27s 2026-07-22T17:28:46.416
ATTEMPT 12 W0 START cap=daisy4_011_neq32_nvar32.jl 2026-07-22T17:28:46.416
ATTEMPT 12 W0 SOLVE daisy4_011_neq32_nvar32.jl 2026-07-22T17:28:46.441
Computing mixed cells... 2    Time: 0:00:00[K
   mixed_volume: 2[K[A
[K[AComputing mixed cells... 8    Time: 0:00:00[K
   mixed_volume: 12[K
ATTEMPT 12 W0 DONE daisy4_011_neq32_nvar32.jl seed=1804907 nsol=2 0.77s 2026-07-22T17:28:47.213
ATTEMPT 13 W0 START cap=daisy4_012_neq32_nvar32.jl 2026-07-22T17:28:47.213
ATTEMPT 13 W0 SOLVE daisy4_012_neq32_nvar32.jl 2026-07-22T17:28:47.229
ATTEMPT 13 W0 DONE daisy4_012_neq32_nvar32.jl seed=1804908 nsol=2 0.24s 2026-07-22T17:28:47.473
ATTEMPT 14 W0 START cap=daisy4_013_neq32_nvar32.jl 2026-07-22T17:28:47.473
ATTEMPT 14 W0 SOLVE daisy4_013_neq32_nvar32.jl 2026-07-22T17:28:47.517
ATTEMPT 14 W0 DONE daisy4_013_neq32_nvar32.jl seed=1804909 nsol=2 0.41s 2026-07-22T17:28:47.922
ATTEMPT 15 W0 START cap=daisy4_014_neq32_nvar32.jl 2026-07-22T17:28:47.922
ATTEMPT 15 W0 SOLVE daisy4_014_neq32_nvar32.jl 2026-07-22T17:28:47.945
ATTEMPT 15 W0 DONE daisy4_014_neq32_nvar32.jl seed=1804910 nsol=2 1.02s 2026-07-22T17:28:48.979
ATTEMPT 16 W0 START cap=daisy4_015_neq32_nvar32.jl 2026-07-22T17:28:48.979
ATTEMPT 16 W0 SOLVE daisy4_015_neq32_nvar32.jl 2026-07-22T17:28:48.991
ATTEMPT 16 W0 DONE daisy4_015_neq32_nvar32.jl seed=1804911 nsol=2 0.24s 2026-07-22T17:28:49.237
ATTEMPT 17 W0 START cap=daisy4_016_neq32_nvar32.jl 2026-07-22T17:28:49.237
ATTEMPT 17 W0 SOLVE daisy4_016_neq32_nvar32.jl 2026-07-22T17:28:49.269
ATTEMPT 17 W0 DONE daisy4_016_neq32_nvar32.jl seed=1804912 nsol=2 0.33s 2026-07-22T17:28:49.604
ATTEMPT 18 W0 START cap=daisy4_017_neq32_nvar32.jl 2026-07-22T17:28:49.604
ATTEMPT 18 W0 SOLVE daisy4_017_neq32_nvar32.jl 2026-07-22T17:28:49.644
ATTEMPT 18 W0 DONE daisy4_017_neq32_nvar32.jl seed=1804913 nsol=2 0.41s 2026-07-22T17:28:50.052
ATTEMPT 19 W0 START cap=daisy4_018_neq32_nvar32.jl 2026-07-22T17:28:50.052
ATTEMPT 19 W0 SOLVE daisy4_018_neq32_nvar32.jl 2026-07-22T17:28:50.072
ATTEMPT 19 W0 DONE daisy4_018_neq32_nvar32.jl seed=1804914 nsol=2 0.38s 2026-07-22T17:28:50.455
ATTEMPT 20 W0 START cap=daisy4_019_neq32_nvar32.jl 2026-07-22T17:28:50.455
ATTEMPT 20 W0 SOLVE daisy4_019_neq32_nvar32.jl 2026-07-22T17:28:50.469
ATTEMPT 20 W0 DONE daisy4_019_neq32_nvar32.jl seed=1804915 nsol=2 0.45s 2026-07-22T17:28:50.922
ATTEMPT 21 W0 START cap=daisy4_020_neq32_nvar32.jl 2026-07-22T17:28:50.922
ATTEMPT 21 W0 SOLVE daisy4_020_neq32_nvar32.jl 2026-07-22T17:28:50.939
ATTEMPT 21 W0 DONE daisy4_020_neq32_nvar32.jl seed=1804916 nsol=2 0.34s 2026-07-22T17:28:51.280
ATTEMPT 22 W0 START cap=daisy4_021_neq32_nvar32.jl 2026-07-22T17:28:51.280
ATTEMPT 22 W0 SOLVE daisy4_021_neq32_nvar32.jl 2026-07-22T17:28:51.321
ATTEMPT 22 W0 DONE daisy4_021_neq32_nvar32.jl seed=1804917 nsol=2 0.28s 2026-07-22T17:28:51.605
ATTEMPT 23 W0 START cap=daisy4_022_neq32_nvar32.jl 2026-07-22T17:28:51.605
ATTEMPT 23 W0 SOLVE daisy4_022_neq32_nvar32.jl 2026-07-22T17:28:51.635
ATTEMPT 23 W0 DONE daisy4_022_neq32_nvar32.jl seed=1804918 nsol=2 0.38s 2026-07-22T17:28:52.020
ATTEMPT 24 W0 START cap=daisy4_023_neq32_nvar32.jl 2026-07-22T17:28:52.020
ATTEMPT 24 W0 SOLVE daisy4_023_neq32_nvar32.jl 2026-07-22T17:28:52.044
ATTEMPT 24 W0 DONE daisy4_023_neq32_nvar32.jl seed=1804919 nsol=2 0.37s 2026-07-22T17:28:52.412
ATTEMPT 25 W0 START cap=daisy4_024_neq32_nvar32.jl 2026-07-22T17:28:52.412
ATTEMPT 25 W0 SOLVE daisy4_024_neq32_nvar32.jl 2026-07-22T17:28:52.434
ATTEMPT 25 W0 DONE daisy4_024_neq32_nvar32.jl seed=1804920 nsol=2 0.35s 2026-07-22T17:28:52.792
ATTEMPT 26 W0 START cap=daisy4_025_neq32_nvar32.jl 2026-07-22T17:28:52.792
ATTEMPT 26 W0 SOLVE daisy4_025_neq32_nvar32.jl 2026-07-22T17:28:52.801
ATTEMPT 26 W0 DONE daisy4_025_neq32_nvar32.jl seed=1804921 nsol=2 0.35s 2026-07-22T17:28:53.154
ATTEMPT 27 W0 START cap=daisy4_026_neq32_nvar32.jl 2026-07-22T17:28:53.155
ATTEMPT 27 W0 SOLVE daisy4_026_neq32_nvar32.jl 2026-07-22T17:28:53.174
ATTEMPT 27 W0 DONE daisy4_026_neq32_nvar32.jl seed=1804922 nsol=2 0.26s 2026-07-22T17:28:53.438
ATTEMPT 28 W0 START cap=daisy4_027_neq32_nvar32.jl 2026-07-22T17:28:53.439
ATTEMPT 28 W0 SOLVE daisy4_027_neq32_nvar32.jl 2026-07-22T17:28:53.480
ATTEMPT 28 W0 DONE daisy4_027_neq32_nvar32.jl seed=1804923 nsol=2 0.51s 2026-07-22T17:28:53.993
ATTEMPT 29 W0 START cap=daisy4_028_neq32_nvar32.jl 2026-07-22T17:28:53.993
ATTEMPT 29 W0 SOLVE daisy4_028_neq32_nvar32.jl 2026-07-22T17:28:54.017
ATTEMPT 29 W0 DONE daisy4_028_neq32_nvar32.jl seed=1804924 nsol=2 0.36s 2026-07-22T17:28:54.379
ATTEMPT 30 W0 START cap=daisy4_029_neq32_nvar32.jl 2026-07-22T17:28:54.379
ATTEMPT 30 W0 SOLVE daisy4_029_neq32_nvar32.jl 2026-07-22T17:28:54.401
ATTEMPT 30 W0 DONE daisy4_029_neq32_nvar32.jl seed=1804925 nsol=2 0.46s 2026-07-22T17:28:54.865
ATTEMPT 31 W0 START cap=daisy4_030_neq32_nvar32.jl 2026-07-22T17:28:54.865
ATTEMPT 31 W0 SOLVE daisy4_030_neq32_nvar32.jl 2026-07-22T17:28:54.889
ATTEMPT 31 W0 DONE daisy4_030_neq32_nvar32.jl seed=1804926 nsol=2 0.33s 2026-07-22T17:28:55.221
ATTEMPT 32 W0 START cap=daisy4_031_neq32_nvar32.jl 2026-07-22T17:28:55.221
ATTEMPT 32 W0 SOLVE daisy4_031_neq32_nvar32.jl 2026-07-22T17:28:55.265
ATTEMPT 32 W0 DONE daisy4_031_neq32_nvar32.jl seed=1804927 nsol=2 0.63s 2026-07-22T17:28:55.895
ATTEMPT 33 W0 START cap=daisy4_032_neq32_nvar32.jl 2026-07-22T17:28:55.895
ATTEMPT 33 W0 SOLVE daisy4_032_neq32_nvar32.jl 2026-07-22T17:28:55.940
ATTEMPT 33 W0 DONE daisy4_032_neq32_nvar32.jl seed=1804928 nsol=2 1.27s 2026-07-22T17:28:57.208
ATTEMPT 34 W0 START cap=daisy4_033_neq32_nvar32.jl 2026-07-22T17:28:57.208
ATTEMPT 34 W0 SOLVE daisy4_033_neq32_nvar32.jl 2026-07-22T17:28:57.237
ATTEMPT 34 W0 DONE daisy4_033_neq32_nvar32.jl seed=1804929 nsol=2 0.50s 2026-07-22T17:28:57.742
ATTEMPT 35 W0 START cap=daisy4_034_neq32_nvar32.jl 2026-07-22T17:28:57.742
ATTEMPT 35 W0 SOLVE daisy4_034_neq32_nvar32.jl 2026-07-22T17:28:57.774
ATTEMPT 35 W0 DONE daisy4_034_neq32_nvar32.jl seed=1804930 nsol=2 0.51s 2026-07-22T17:28:58.296
ATTEMPT 36 W0 START cap=daisy4_035_neq32_nvar32.jl 2026-07-22T17:28:58.296
ATTEMPT 36 W0 SOLVE daisy4_035_neq32_nvar32.jl 2026-07-22T17:28:58.337
ATTEMPT 36 W0 DONE daisy4_035_neq32_nvar32.jl seed=1804931 nsol=2 0.36s 2026-07-22T17:28:58.696
ATTEMPT 37 W0 START cap=daisy4_036_neq32_nvar32.jl 2026-07-22T17:28:58.696
ATTEMPT 37 W0 SOLVE daisy4_036_neq32_nvar32.jl 2026-07-22T17:28:58.723
ATTEMPT 37 W0 DONE daisy4_036_neq32_nvar32.jl seed=1804932 nsol=2 0.44s 2026-07-22T17:28:59.176
ATTEMPT 38 W0 START cap=daisy4_037_neq32_nvar32.jl 2026-07-22T17:28:59.176
ATTEMPT 38 W0 SOLVE daisy4_037_neq32_nvar32.jl 2026-07-22T17:28:59.187
ATTEMPT 38 W0 DONE daisy4_037_neq32_nvar32.jl seed=1804933 nsol=2 0.57s 2026-07-22T17:28:59.772
ATTEMPT 39 W0 START cap=daisy4_038_neq32_nvar32.jl 2026-07-22T17:28:59.772
ATTEMPT 39 W0 SOLVE daisy4_038_neq32_nvar32.jl 2026-07-22T17:28:59.798
ATTEMPT 39 W0 DONE daisy4_038_neq32_nvar32.jl seed=1804934 nsol=2 0.45s 2026-07-22T17:29:00.257
ATTEMPT 40 W0 START cap=daisy4_039_neq32_nvar32.jl 2026-07-22T17:29:00.257
ATTEMPT 40 W0 SOLVE daisy4_039_neq32_nvar32.jl 2026-07-22T17:29:00.286
ATTEMPT 40 W0 DONE daisy4_039_neq32_nvar32.jl seed=1804935 nsol=2 1.00s 2026-07-22T17:29:01.287
ATTEMPT 41 W0 START cap=daisy4_040_neq32_nvar32.jl 2026-07-22T17:29:01.287
ATTEMPT 41 W0 SOLVE daisy4_040_neq32_nvar32.jl 2026-07-22T17:29:01.316
ATTEMPT 41 W0 DONE daisy4_040_neq32_nvar32.jl seed=1804936 nsol=2 0.30s 2026-07-22T17:29:01.615
ATTEMPT 42 W0 START cap=daisy4_041_neq32_nvar32.jl 2026-07-22T17:29:01.615
ATTEMPT 42 W0 SOLVE daisy4_041_neq32_nvar32.jl 2026-07-22T17:29:01.705
ATTEMPT 42 W0 DONE daisy4_041_neq32_nvar32.jl seed=1804937 nsol=2 0.35s 2026-07-22T17:29:02.058
ATTEMPT 43 W0 START cap=daisy4_042_neq32_nvar32.jl 2026-07-22T17:29:02.058
ATTEMPT 43 W0 SOLVE daisy4_042_neq32_nvar32.jl 2026-07-22T17:29:02.097
ATTEMPT 43 W0 DONE daisy4_042_neq32_nvar32.jl seed=1804938 nsol=2 0.54s 2026-07-22T17:29:02.632
ATTEMPT 44 W0 START cap=daisy4_043_neq32_nvar32.jl 2026-07-22T17:29:02.632
ATTEMPT 44 W0 SOLVE daisy4_043_neq32_nvar32.jl 2026-07-22T17:29:02.661
ATTEMPT 44 W0 DONE daisy4_043_neq32_nvar32.jl seed=1804939 nsol=2 0.35s 2026-07-22T17:29:03.012
ATTEMPT 45 W0 START cap=daisy4_044_neq32_nvar32.jl 2026-07-22T17:29:03.012
ATTEMPT 45 W0 SOLVE daisy4_044_neq32_nvar32.jl 2026-07-22T17:29:03.019
Computing mixed cells... 2    Time: 0:00:00[K
   mixed_volume: 2[K[A
[K[AComputing mixed cells... 9    Time: 0:00:00[K
   mixed_volume: 12[K
ATTEMPT 45 W0 DONE daisy4_044_neq32_nvar32.jl seed=1804940 nsol=2 1.48s 2026-07-22T17:29:04.517
ATTEMPT 46 W0 START cap=daisy4_045_neq32_nvar32.jl 2026-07-22T17:29:04.517
ATTEMPT 46 W0 SOLVE daisy4_045_neq32_nvar32.jl 2026-07-22T17:29:04.541
ATTEMPT 46 W0 DONE daisy4_045_neq32_nvar32.jl seed=1804941 nsol=2 0.26s 2026-07-22T17:29:04.801
ATTEMPT 47 W0 START cap=daisy4_046_neq32_nvar32.jl 2026-07-22T17:29:04.801
ATTEMPT 47 W0 SOLVE daisy4_046_neq32_nvar32.jl 2026-07-22T17:29:04.832
ATTEMPT 47 W0 DONE daisy4_046_neq32_nvar32.jl seed=1804942 nsol=2 0.33s 2026-07-22T17:29:05.164
ATTEMPT 48 W0 START cap=daisy4_047_neq32_nvar32.jl 2026-07-22T17:29:05.164
ATTEMPT 48 W0 SOLVE daisy4_047_neq32_nvar32.jl 2026-07-22T17:29:05.184
ATTEMPT 48 W0 DONE daisy4_047_neq32_nvar32.jl seed=1804943 nsol=2 0.55s 2026-07-22T17:29:05.732
ATTEMPT 49 W0 START cap=daisy4_048_neq32_nvar32.jl 2026-07-22T17:29:05.732
ATTEMPT 49 W0 SOLVE daisy4_048_neq32_nvar32.jl 2026-07-22T17:29:05.760
ATTEMPT 49 W0 DONE daisy4_048_neq32_nvar32.jl seed=1804944 nsol=2 0.28s 2026-07-22T17:29:06.038
ATTEMPT 50 W0 START cap=daisy4_049_neq32_nvar32.jl 2026-07-22T17:29:06.038
ATTEMPT 50 W0 SOLVE daisy4_049_neq32_nvar32.jl 2026-07-22T17:29:06.045
ATTEMPT 50 W0 DONE daisy4_049_neq32_nvar32.jl seed=1804945 nsol=2 0.39s 2026-07-22T17:29:06.440
ATTEMPT 51 W0 START cap=daisy4_050_neq32_nvar32.jl 2026-07-22T17:29:06.440
ATTEMPT 51 W0 SOLVE daisy4_050_neq32_nvar32.jl 2026-07-22T17:29:06.458
ATTEMPT 51 W0 DONE daisy4_050_neq32_nvar32.jl seed=1804946 nsol=2 0.27s 2026-07-22T17:29:06.732
ATTEMPT 52 W0 START cap=daisy4_051_neq32_nvar32.jl 2026-07-22T17:29:06.732
ATTEMPT 52 W0 SOLVE daisy4_051_neq32_nvar32.jl 2026-07-22T17:29:06.749
ATTEMPT 52 W0 DONE daisy4_051_neq32_nvar32.jl seed=1804947 nsol=2 0.21s 2026-07-22T17:29:06.960
ATTEMPT 53 W0 START cap=daisy4_052_neq32_nvar32.jl 2026-07-22T17:29:06.960
ATTEMPT 53 W0 SOLVE daisy4_052_neq32_nvar32.jl 2026-07-22T17:29:06.976
ATTEMPT 53 W0 DONE daisy4_052_neq32_nvar32.jl seed=1804948 nsol=2 0.16s 2026-07-22T17:29:07.138
ATTEMPT 54 W0 START cap=daisy4_053_neq32_nvar32.jl 2026-07-22T17:29:07.138
ATTEMPT 54 W0 SOLVE daisy4_053_neq32_nvar32.jl 2026-07-22T17:29:07.154
ATTEMPT 54 W0 DONE daisy4_053_neq32_nvar32.jl seed=1804949 nsol=2 0.26s 2026-07-22T17:29:07.424
ATTEMPT 55 W0 START cap=daisy4_054_neq32_nvar32.jl 2026-07-22T17:29:07.424
ATTEMPT 55 W0 SOLVE daisy4_054_neq32_nvar32.jl 2026-07-22T17:29:07.435
ATTEMPT 55 W0 DONE daisy4_054_neq32_nvar32.jl seed=1804950 nsol=2 0.17s 2026-07-22T17:29:07.601
ATTEMPT 56 W0 START cap=daisy4_055_neq32_nvar32.jl 2026-07-22T17:29:07.601
ATTEMPT 56 W0 SOLVE daisy4_055_neq32_nvar32.jl 2026-07-22T17:29:07.619
ATTEMPT 56 W0 DONE daisy4_055_neq32_nvar32.jl seed=1804951 nsol=2 0.21s 2026-07-22T17:29:07.836
ATTEMPT 57 W0 START cap=daisy4_056_neq32_nvar32.jl 2026-07-22T17:29:07.836
ATTEMPT 57 W0 SOLVE daisy4_056_neq32_nvar32.jl 2026-07-22T17:29:07.860
ATTEMPT 57 W0 DONE daisy4_056_neq32_nvar32.jl seed=1804952 nsol=2 0.98s 2026-07-22T17:29:08.843
ATTEMPT 58 W0 START cap=daisy4_057_neq32_nvar32.jl 2026-07-22T17:29:08.843
ATTEMPT 58 W0 SOLVE daisy4_057_neq32_nvar32.jl 2026-07-22T17:29:08.856
ATTEMPT 58 W0 DONE daisy4_057_neq32_nvar32.jl seed=1804953 nsol=2 0.18s 2026-07-22T17:29:09.036
ATTEMPT 59 W0 START cap=daisy4_058_neq32_nvar32.jl 2026-07-22T17:29:09.039
ATTEMPT 59 W0 SOLVE daisy4_058_neq32_nvar32.jl 2026-07-22T17:29:09.062
ATTEMPT 59 W0 DONE daisy4_058_neq32_nvar32.jl seed=1804954 nsol=2 0.27s 2026-07-22T17:29:09.330
ATTEMPT 60 W0 START cap=daisy4_059_neq32_nvar32.jl 2026-07-22T17:29:09.330
ATTEMPT 60 W0 SOLVE daisy4_059_neq32_nvar32.jl 2026-07-22T17:29:09.338
ATTEMPT 60 W0 DONE daisy4_059_neq32_nvar32.jl seed=1804955 nsol=2 0.48s 2026-07-22T17:29:09.819
HUNT2 complete 2026-07-22T17:29:09.823
