HUNT2 start mode=seq hcthr=on nworkers=0 nthreads=14 ngcthreads=14 nsolves=60 seed_base=805611 shape=capdir:/home/orebas/.julia/dev/ODEParameterEstimation/repro/hc_threading_mwe_2026_07_22/captured_systems pid=2090117 julia=1.12.6 HC=2.20.0 2026-07-22T16:59:26.710
ATTEMPT 1 W0 START cap=daisy4_000_neq32_nvar32.jl 2026-07-22T16:59:28.834
ATTEMPT 1 W0 SOLVE daisy4_000_neq32_nvar32.jl 2026-07-22T16:59:30.707
Computing mixed cells... 2    Time: 0:00:01[K
   mixed_volume: 2[K[A
[K[AComputing mixed cells... 9    Time: 0:00:01[K
   mixed_volume: 12[K
ATTEMPT 1 W0 DONE daisy4_000_neq32_nvar32.jl seed=805612 nsol=2 89.55s 2026-07-22T17:01:00.405
ATTEMPT 2 W0 START cap=daisy4_001_neq32_nvar32.jl 2026-07-22T17:01:00.953
ATTEMPT 2 W0 SOLVE daisy4_001_neq32_nvar32.jl 2026-07-22T17:01:00.969
ATTEMPT 2 W0 DONE daisy4_001_neq32_nvar32.jl seed=805613 nsol=2 0.20s 2026-07-22T17:01:01.168
ATTEMPT 3 W0 START cap=daisy4_002_neq32_nvar32.jl 2026-07-22T17:01:01.169
ATTEMPT 3 W0 SOLVE daisy4_002_neq32_nvar32.jl 2026-07-22T17:01:01.179
ATTEMPT 3 W0 DONE daisy4_002_neq32_nvar32.jl seed=805614 nsol=2 0.19s 2026-07-22T17:01:01.364
ATTEMPT 4 W0 START cap=daisy4_003_neq32_nvar32.jl 2026-07-22T17:01:01.364
ATTEMPT 4 W0 SOLVE daisy4_003_neq32_nvar32.jl 2026-07-22T17:01:01.380
ATTEMPT 4 W0 DONE daisy4_003_neq32_nvar32.jl seed=805615 nsol=2 0.30s 2026-07-22T17:01:01.692
ATTEMPT 5 W0 START cap=daisy4_004_neq32_nvar32.jl 2026-07-22T17:01:01.692
ATTEMPT 5 W0 SOLVE daisy4_004_neq32_nvar32.jl 2026-07-22T17:01:01.705
ATTEMPT 5 W0 DONE daisy4_004_neq32_nvar32.jl seed=805616 nsol=2 0.16s 2026-07-22T17:01:01.862
ATTEMPT 6 W0 START cap=daisy4_005_neq32_nvar32.jl 2026-07-22T17:01:01.863
ATTEMPT 6 W0 SOLVE daisy4_005_neq32_nvar32.jl 2026-07-22T17:01:01.874
ATTEMPT 6 W0 DONE daisy4_005_neq32_nvar32.jl seed=805617 nsol=2 0.21s 2026-07-22T17:01:02.088
ATTEMPT 7 W0 START cap=daisy4_006_neq32_nvar32.jl 2026-07-22T17:01:02.088
ATTEMPT 7 W0 SOLVE daisy4_006_neq32_nvar32.jl 2026-07-22T17:01:02.118
ATTEMPT 7 W0 DONE daisy4_006_neq32_nvar32.jl seed=805618 nsol=2 0.21s 2026-07-22T17:01:02.327
ATTEMPT 8 W0 START cap=daisy4_007_neq32_nvar32.jl 2026-07-22T17:01:02.327
ATTEMPT 8 W0 SOLVE daisy4_007_neq32_nvar32.jl 2026-07-22T17:01:02.344
ATTEMPT 8 W0 DONE daisy4_007_neq32_nvar32.jl seed=805619 nsol=2 0.32s 2026-07-22T17:01:02.669
ATTEMPT 9 W0 START cap=daisy4_008_neq32_nvar32.jl 2026-07-22T17:01:02.669
ATTEMPT 9 W0 SOLVE daisy4_008_neq32_nvar32.jl 2026-07-22T17:01:02.694
ATTEMPT 9 W0 DONE daisy4_008_neq32_nvar32.jl seed=805620 nsol=2 0.32s 2026-07-22T17:01:03.016
ATTEMPT 10 W0 START cap=daisy4_009_neq32_nvar32.jl 2026-07-22T17:01:03.016
ATTEMPT 10 W0 SOLVE daisy4_009_neq32_nvar32.jl 2026-07-22T17:01:03.024
ATTEMPT 10 W0 DONE daisy4_009_neq32_nvar32.jl seed=805621 nsol=2 0.24s 2026-07-22T17:01:03.268
ATTEMPT 11 W0 START cap=daisy4_010_neq32_nvar32.jl 2026-07-22T17:01:03.269
ATTEMPT 11 W0 SOLVE daisy4_010_neq32_nvar32.jl 2026-07-22T17:01:03.285
ATTEMPT 11 W0 DONE daisy4_010_neq32_nvar32.jl seed=805622 nsol=2 0.38s 2026-07-22T17:01:03.665
ATTEMPT 12 W0 START cap=daisy4_011_neq32_nvar32.jl 2026-07-22T17:01:03.666
ATTEMPT 12 W0 SOLVE daisy4_011_neq32_nvar32.jl 2026-07-22T17:01:03.691
ATTEMPT 12 W0 DONE daisy4_011_neq32_nvar32.jl seed=805623 nsol=2 0.28s 2026-07-22T17:01:03.973
ATTEMPT 13 W0 START cap=daisy4_012_neq32_nvar32.jl 2026-07-22T17:01:03.973
ATTEMPT 13 W0 SOLVE daisy4_012_neq32_nvar32.jl 2026-07-22T17:01:03.990
ATTEMPT 13 W0 DONE daisy4_012_neq32_nvar32.jl seed=805624 nsol=2 0.56s 2026-07-22T17:01:04.548
ATTEMPT 14 W0 START cap=daisy4_013_neq32_nvar32.jl 2026-07-22T17:01:04.548
ATTEMPT 14 W0 SOLVE daisy4_013_neq32_nvar32.jl 2026-07-22T17:01:04.581
ATTEMPT 14 W0 DONE daisy4_013_neq32_nvar32.jl seed=805625 nsol=2 0.33s 2026-07-22T17:01:04.914
ATTEMPT 15 W0 START cap=daisy4_014_neq32_nvar32.jl 2026-07-22T17:01:04.914
ATTEMPT 15 W0 SOLVE daisy4_014_neq32_nvar32.jl 2026-07-22T17:01:04.945
ATTEMPT 15 W0 DONE daisy4_014_neq32_nvar32.jl seed=805626 nsol=2 0.33s 2026-07-22T17:01:05.278
ATTEMPT 16 W0 START cap=daisy4_015_neq32_nvar32.jl 2026-07-22T17:01:05.279
ATTEMPT 16 W0 SOLVE daisy4_015_neq32_nvar32.jl 2026-07-22T17:01:05.303
ATTEMPT 16 W0 DONE daisy4_015_neq32_nvar32.jl seed=805627 nsol=2 0.30s 2026-07-22T17:01:05.615
ATTEMPT 17 W0 START cap=daisy4_016_neq32_nvar32.jl 2026-07-22T17:01:05.615
ATTEMPT 17 W0 SOLVE daisy4_016_neq32_nvar32.jl 2026-07-22T17:01:05.628
ATTEMPT 17 W0 DONE daisy4_016_neq32_nvar32.jl seed=805628 nsol=2 0.54s 2026-07-22T17:01:06.181
ATTEMPT 18 W0 START cap=daisy4_017_neq32_nvar32.jl 2026-07-22T17:01:06.181
ATTEMPT 18 W0 SOLVE daisy4_017_neq32_nvar32.jl 2026-07-22T17:01:06.190
ATTEMPT 18 W0 DONE daisy4_017_neq32_nvar32.jl seed=805629 nsol=2 0.11s 2026-07-22T17:01:06.297
ATTEMPT 19 W0 START cap=daisy4_018_neq32_nvar32.jl 2026-07-22T17:01:06.297
ATTEMPT 19 W0 SOLVE daisy4_018_neq32_nvar32.jl 2026-07-22T17:01:06.305
ATTEMPT 19 W0 DONE daisy4_018_neq32_nvar32.jl seed=805630 nsol=2 0.08s 2026-07-22T17:01:06.385
ATTEMPT 20 W0 START cap=daisy4_019_neq32_nvar32.jl 2026-07-22T17:01:06.385
ATTEMPT 20 W0 SOLVE daisy4_019_neq32_nvar32.jl 2026-07-22T17:01:06.394
ATTEMPT 20 W0 DONE daisy4_019_neq32_nvar32.jl seed=805631 nsol=2 0.09s 2026-07-22T17:01:06.482
ATTEMPT 21 W0 START cap=daisy4_020_neq32_nvar32.jl 2026-07-22T17:01:06.482
ATTEMPT 21 W0 SOLVE daisy4_020_neq32_nvar32.jl 2026-07-22T17:01:06.492
ATTEMPT 21 W0 DONE daisy4_020_neq32_nvar32.jl seed=805632 nsol=2 0.10s 2026-07-22T17:01:06.596
ATTEMPT 22 W0 START cap=daisy4_021_neq32_nvar32.jl 2026-07-22T17:01:06.597
ATTEMPT 22 W0 SOLVE daisy4_021_neq32_nvar32.jl 2026-07-22T17:01:06.604
ATTEMPT 22 W0 DONE daisy4_021_neq32_nvar32.jl seed=805633 nsol=2 0.09s 2026-07-22T17:01:06.698
ATTEMPT 23 W0 START cap=daisy4_022_neq32_nvar32.jl 2026-07-22T17:01:06.698
ATTEMPT 23 W0 SOLVE daisy4_022_neq32_nvar32.jl 2026-07-22T17:01:06.706
ATTEMPT 23 W0 DONE daisy4_022_neq32_nvar32.jl seed=805634 nsol=2 0.18s 2026-07-22T17:01:06.884
ATTEMPT 24 W0 START cap=daisy4_023_neq32_nvar32.jl 2026-07-22T17:01:06.885
ATTEMPT 24 W0 SOLVE daisy4_023_neq32_nvar32.jl 2026-07-22T17:01:06.892
ATTEMPT 24 W0 DONE daisy4_023_neq32_nvar32.jl seed=805635 nsol=2 0.14s 2026-07-22T17:01:07.027
ATTEMPT 25 W0 START cap=daisy4_024_neq32_nvar32.jl 2026-07-22T17:01:07.027
ATTEMPT 25 W0 SOLVE daisy4_024_neq32_nvar32.jl 2026-07-22T17:01:07.036
ATTEMPT 25 W0 DONE daisy4_024_neq32_nvar32.jl seed=805636 nsol=2 0.09s 2026-07-22T17:01:07.124
ATTEMPT 26 W0 START cap=daisy4_025_neq32_nvar32.jl 2026-07-22T17:01:07.124
ATTEMPT 26 W0 SOLVE daisy4_025_neq32_nvar32.jl 2026-07-22T17:01:07.132
ATTEMPT 26 W0 DONE daisy4_025_neq32_nvar32.jl seed=805637 nsol=2 0.11s 2026-07-22T17:01:07.243
ATTEMPT 27 W0 START cap=daisy4_026_neq32_nvar32.jl 2026-07-22T17:01:07.243
ATTEMPT 27 W0 SOLVE daisy4_026_neq32_nvar32.jl 2026-07-22T17:01:07.255
ATTEMPT 27 W0 DONE daisy4_026_neq32_nvar32.jl seed=805638 nsol=2 0.16s 2026-07-22T17:01:07.418
ATTEMPT 28 W0 START cap=daisy4_027_neq32_nvar32.jl 2026-07-22T17:01:07.418
ATTEMPT 28 W0 SOLVE daisy4_027_neq32_nvar32.jl 2026-07-22T17:01:07.431
ATTEMPT 28 W0 DONE daisy4_027_neq32_nvar32.jl seed=805639 nsol=2 0.13s 2026-07-22T17:01:07.565
ATTEMPT 29 W0 START cap=daisy4_028_neq32_nvar32.jl 2026-07-22T17:01:07.565
ATTEMPT 29 W0 SOLVE daisy4_028_neq32_nvar32.jl 2026-07-22T17:01:07.574
ATTEMPT 29 W0 DONE daisy4_028_neq32_nvar32.jl seed=805640 nsol=2 0.13s 2026-07-22T17:01:07.701
ATTEMPT 30 W0 START cap=daisy4_029_neq32_nvar32.jl 2026-07-22T17:01:07.701
ATTEMPT 30 W0 SOLVE daisy4_029_neq32_nvar32.jl 2026-07-22T17:01:07.709
ATTEMPT 30 W0 DONE daisy4_029_neq32_nvar32.jl seed=805641 nsol=2 0.15s 2026-07-22T17:01:07.860
ATTEMPT 31 W0 START cap=daisy4_030_neq32_nvar32.jl 2026-07-22T17:01:07.861
ATTEMPT 31 W0 SOLVE daisy4_030_neq32_nvar32.jl 2026-07-22T17:01:07.868
ATTEMPT 31 W0 DONE daisy4_030_neq32_nvar32.jl seed=805642 nsol=2 0.08s 2026-07-22T17:01:07.944
ATTEMPT 32 W0 START cap=daisy4_031_neq32_nvar32.jl 2026-07-22T17:01:07.944
ATTEMPT 32 W0 SOLVE daisy4_031_neq32_nvar32.jl 2026-07-22T17:01:07.952
ATTEMPT 32 W0 DONE daisy4_031_neq32_nvar32.jl seed=805643 nsol=2 0.13s 2026-07-22T17:01:08.082
ATTEMPT 33 W0 START cap=daisy4_032_neq32_nvar32.jl 2026-07-22T17:01:08.082
ATTEMPT 33 W0 SOLVE daisy4_032_neq32_nvar32.jl 2026-07-22T17:01:08.100
ATTEMPT 33 W0 DONE daisy4_032_neq32_nvar32.jl seed=805644 nsol=2 0.33s 2026-07-22T17:01:08.429
ATTEMPT 34 W0 START cap=daisy4_033_neq32_nvar32.jl 2026-07-22T17:01:08.429
ATTEMPT 34 W0 SOLVE daisy4_033_neq32_nvar32.jl 2026-07-22T17:01:08.437
ATTEMPT 34 W0 DONE daisy4_033_neq32_nvar32.jl seed=805645 nsol=2 0.13s 2026-07-22T17:01:08.563
ATTEMPT 35 W0 START cap=daisy4_034_neq32_nvar32.jl 2026-07-22T17:01:08.563
ATTEMPT 35 W0 SOLVE daisy4_034_neq32_nvar32.jl 2026-07-22T17:01:08.583
ATTEMPT 35 W0 DONE daisy4_034_neq32_nvar32.jl seed=805646 nsol=2 0.13s 2026-07-22T17:01:08.719
ATTEMPT 36 W0 START cap=daisy4_035_neq32_nvar32.jl 2026-07-22T17:01:08.719
ATTEMPT 36 W0 SOLVE daisy4_035_neq32_nvar32.jl 2026-07-22T17:01:08.726
ATTEMPT 36 W0 DONE daisy4_035_neq32_nvar32.jl seed=805647 nsol=2 3.76s 2026-07-22T17:01:12.483
ATTEMPT 37 W0 START cap=daisy4_036_neq32_nvar32.jl 2026-07-22T17:01:12.483
ATTEMPT 37 W0 SOLVE daisy4_036_neq32_nvar32.jl 2026-07-22T17:01:12.498
ATTEMPT 37 W0 DONE daisy4_036_neq32_nvar32.jl seed=805648 nsol=2 0.27s 2026-07-22T17:01:12.773
ATTEMPT 38 W0 START cap=daisy4_037_neq32_nvar32.jl 2026-07-22T17:01:12.776
ATTEMPT 38 W0 SOLVE daisy4_037_neq32_nvar32.jl 2026-07-22T17:01:12.787
ATTEMPT 38 W0 DONE daisy4_037_neq32_nvar32.jl seed=805649 nsol=2 0.18s 2026-07-22T17:01:12.963
ATTEMPT 39 W0 START cap=daisy4_038_neq32_nvar32.jl 2026-07-22T17:01:12.963
ATTEMPT 39 W0 SOLVE daisy4_038_neq32_nvar32.jl 2026-07-22T17:01:12.989
ATTEMPT 39 W0 DONE daisy4_038_neq32_nvar32.jl seed=805650 nsol=2 0.42s 2026-07-22T17:01:13.406
ATTEMPT 40 W0 START cap=daisy4_039_neq32_nvar32.jl 2026-07-22T17:01:13.406
ATTEMPT 40 W0 SOLVE daisy4_039_neq32_nvar32.jl 2026-07-22T17:01:13.418
ATTEMPT 40 W0 DONE daisy4_039_neq32_nvar32.jl seed=805651 nsol=2 0.38s 2026-07-22T17:01:13.800
ATTEMPT 41 W0 START cap=daisy4_040_neq32_nvar32.jl 2026-07-22T17:01:13.800
ATTEMPT 41 W0 SOLVE daisy4_040_neq32_nvar32.jl 2026-07-22T17:01:13.808
ATTEMPT 41 W0 DONE daisy4_040_neq32_nvar32.jl seed=805652 nsol=2 0.58s 2026-07-22T17:01:14.390
ATTEMPT 42 W0 START cap=daisy4_041_neq32_nvar32.jl 2026-07-22T17:01:14.393
ATTEMPT 42 W0 SOLVE daisy4_041_neq32_nvar32.jl 2026-07-22T17:01:14.408
ATTEMPT 42 W0 DONE daisy4_041_neq32_nvar32.jl seed=805653 nsol=2 0.27s 2026-07-22T17:01:14.674
ATTEMPT 43 W0 START cap=daisy4_042_neq32_nvar32.jl 2026-07-22T17:01:14.674
ATTEMPT 43 W0 SOLVE daisy4_042_neq32_nvar32.jl 2026-07-22T17:01:14.683
ATTEMPT 43 W0 DONE daisy4_042_neq32_nvar32.jl seed=805654 nsol=2 0.27s 2026-07-22T17:01:14.953
ATTEMPT 44 W0 START cap=daisy4_043_neq32_nvar32.jl 2026-07-22T17:01:14.953
ATTEMPT 44 W0 SOLVE daisy4_043_neq32_nvar32.jl 2026-07-22T17:01:14.969
ATTEMPT 44 W0 DONE daisy4_043_neq32_nvar32.jl seed=805655 nsol=2 0.24s 2026-07-22T17:01:15.219
ATTEMPT 45 W0 START cap=daisy4_044_neq32_nvar32.jl 2026-07-22T17:01:15.219
ATTEMPT 45 W0 SOLVE daisy4_044_neq32_nvar32.jl 2026-07-22T17:01:15.238
ATTEMPT 45 W0 DONE daisy4_044_neq32_nvar32.jl seed=805656 nsol=2 0.29s 2026-07-22T17:01:15.531
ATTEMPT 46 W0 START cap=daisy4_045_neq32_nvar32.jl 2026-07-22T17:01:15.531
ATTEMPT 46 W0 SOLVE daisy4_045_neq32_nvar32.jl 2026-07-22T17:01:15.553
ATTEMPT 46 W0 DONE daisy4_045_neq32_nvar32.jl seed=805657 nsol=2 0.19s 2026-07-22T17:01:15.743
ATTEMPT 47 W0 START cap=daisy4_046_neq32_nvar32.jl 2026-07-22T17:01:15.743
ATTEMPT 47 W0 SOLVE daisy4_046_neq32_nvar32.jl 2026-07-22T17:01:15.763
ATTEMPT 47 W0 DONE daisy4_046_neq32_nvar32.jl seed=805658 nsol=2 0.24s 2026-07-22T17:01:16.003
ATTEMPT 48 W0 START cap=daisy4_047_neq32_nvar32.jl 2026-07-22T17:01:16.003
ATTEMPT 48 W0 SOLVE daisy4_047_neq32_nvar32.jl 2026-07-22T17:01:16.024
ATTEMPT 48 W0 DONE daisy4_047_neq32_nvar32.jl seed=805659 nsol=2 0.22s 2026-07-22T17:01:16.246
ATTEMPT 49 W0 START cap=daisy4_048_neq32_nvar32.jl 2026-07-22T17:01:16.246
ATTEMPT 49 W0 SOLVE daisy4_048_neq32_nvar32.jl 2026-07-22T17:01:16.263
ATTEMPT 49 W0 DONE daisy4_048_neq32_nvar32.jl seed=805660 nsol=2 0.36s 2026-07-22T17:01:16.622
ATTEMPT 50 W0 START cap=daisy4_049_neq32_nvar32.jl 2026-07-22T17:01:16.622
ATTEMPT 50 W0 SOLVE daisy4_049_neq32_nvar32.jl 2026-07-22T17:01:16.643
Computing mixed cells... 2    Time: 0:00:00[K
   mixed_volume: 4[K[A
[K[AComputing mixed cells... 5    Time: 0:00:00[K
   mixed_volume: 12[K
ATTEMPT 50 W0 DONE daisy4_049_neq32_nvar32.jl seed=805661 nsol=2 0.89s 2026-07-22T17:01:17.534
ATTEMPT 51 W0 START cap=daisy4_050_neq32_nvar32.jl 2026-07-22T17:01:17.534
ATTEMPT 51 W0 SOLVE daisy4_050_neq32_nvar32.jl 2026-07-22T17:01:17.545
ATTEMPT 51 W0 DONE daisy4_050_neq32_nvar32.jl seed=805662 nsol=2 0.22s 2026-07-22T17:01:17.770
ATTEMPT 52 W0 START cap=daisy4_051_neq32_nvar32.jl 2026-07-22T17:01:17.770
ATTEMPT 52 W0 SOLVE daisy4_051_neq32_nvar32.jl 2026-07-22T17:01:17.778
ATTEMPT 52 W0 DONE daisy4_051_neq32_nvar32.jl seed=805663 nsol=2 0.57s 2026-07-22T17:01:18.349
ATTEMPT 53 W0 START cap=daisy4_052_neq32_nvar32.jl 2026-07-22T17:01:18.349
ATTEMPT 53 W0 SOLVE daisy4_052_neq32_nvar32.jl 2026-07-22T17:01:18.359
ATTEMPT 53 W0 DONE daisy4_052_neq32_nvar32.jl seed=805664 nsol=2 0.19s 2026-07-22T17:01:18.561
ATTEMPT 54 W0 START cap=daisy4_053_neq32_nvar32.jl 2026-07-22T17:01:18.561
ATTEMPT 54 W0 SOLVE daisy4_053_neq32_nvar32.jl 2026-07-22T17:01:18.569
ATTEMPT 54 W0 DONE daisy4_053_neq32_nvar32.jl seed=805665 nsol=2 0.08s 2026-07-22T17:01:18.645
ATTEMPT 55 W0 START cap=daisy4_054_neq32_nvar32.jl 2026-07-22T17:01:18.646
ATTEMPT 55 W0 SOLVE daisy4_054_neq32_nvar32.jl 2026-07-22T17:01:18.659
ATTEMPT 55 W0 DONE daisy4_054_neq32_nvar32.jl seed=805666 nsol=2 0.20s 2026-07-22T17:01:18.864
ATTEMPT 56 W0 START cap=daisy4_055_neq32_nvar32.jl 2026-07-22T17:01:18.864
ATTEMPT 56 W0 SOLVE daisy4_055_neq32_nvar32.jl 2026-07-22T17:01:18.874
ATTEMPT 56 W0 DONE daisy4_055_neq32_nvar32.jl seed=805667 nsol=2 0.10s 2026-07-22T17:01:18.974
ATTEMPT 57 W0 START cap=daisy4_056_neq32_nvar32.jl 2026-07-22T17:01:18.974
ATTEMPT 57 W0 SOLVE daisy4_056_neq32_nvar32.jl 2026-07-22T17:01:18.981
ATTEMPT 57 W0 DONE daisy4_056_neq32_nvar32.jl seed=805668 nsol=2 0.08s 2026-07-22T17:01:19.059
ATTEMPT 58 W0 START cap=daisy4_057_neq32_nvar32.jl 2026-07-22T17:01:19.060
ATTEMPT 58 W0 SOLVE daisy4_057_neq32_nvar32.jl 2026-07-22T17:01:19.067
ATTEMPT 58 W0 DONE daisy4_057_neq32_nvar32.jl seed=805669 nsol=2 0.11s 2026-07-22T17:01:19.173
ATTEMPT 59 W0 START cap=daisy4_058_neq32_nvar32.jl 2026-07-22T17:01:19.173
ATTEMPT 59 W0 SOLVE daisy4_058_neq32_nvar32.jl 2026-07-22T17:01:19.181
ATTEMPT 59 W0 DONE daisy4_058_neq32_nvar32.jl seed=805670 nsol=2 0.18s 2026-07-22T17:01:19.365
ATTEMPT 60 W0 START cap=daisy4_059_neq32_nvar32.jl 2026-07-22T17:01:19.365
ATTEMPT 60 W0 SOLVE daisy4_059_neq32_nvar32.jl 2026-07-22T17:01:19.377
ATTEMPT 60 W0 DONE daisy4_059_neq32_nvar32.jl seed=805671 nsol=2 0.38s 2026-07-22T17:01:19.757
HUNT2 complete 2026-07-22T17:01:19.761
