HUNT2 start mode=seq hcthr=off nworkers=0 nthreads=1 ngcthreads=1 nsolves=20 seed_base=109887 shape=mix pid=2117591 julia=1.12.6 HC=2.20.0 2026-07-22T17:03:30.148
ATTEMPT 1 W0 START 8x2 seed=109888 2026-07-22T17:03:36.230
ATTEMPT 1 W0 SOLVE 8x2 2026-07-22T17:03:37.883
Computing mixed cells... 2    Time: 0:00:05[K
   mixed_volume: 2[K[A
[K[AComputing mixed cells... 42    Time: 0:00:05[K
   mixed_volume: 256[K
ATTEMPT 1 W0 DONE 8x2 seed=109888 nsol=256 137.11s 2026-07-22T17:05:55.377
ATTEMPT 2 W0 START 10x2 seed=109889 2026-07-22T17:05:59.638
ATTEMPT 2 W0 SOLVE 10x2 2026-07-22T17:05:59.851
ATTEMPT 2 W0 DONE 10x2 seed=109889 nsol=1024 162.02s 2026-07-22T17:08:41.872
ATTEMPT 3 W0 START 9x2 seed=109890 2026-07-22T17:08:41.872
ATTEMPT 3 W0 SOLVE 9x2 2026-07-22T17:08:42.157
ATTEMPT 3 W0 DONE 9x2 seed=109890 nsol=512 96.66s 2026-07-22T17:10:18.815
ATTEMPT 4 W0 START 7x3 seed=109891 2026-07-22T17:10:18.815
ATTEMPT 4 W0 SOLVE 7x3 2026-07-22T17:10:19.014
ATTEMPT 4 W0 DONE 7x3 seed=109891 nsol=2187 163.73s 2026-07-22T17:13:02.739
ATTEMPT 5 W0 START 11x2 seed=109892 2026-07-22T17:13:02.740
ATTEMPT 5 W0 SOLVE 11x2 2026-07-22T17:13:02.861
ATTEMPT 5 W0 DONE 11x2 seed=109892 nsol=2048 269.44s 2026-07-22T17:17:32.298
ATTEMPT 6 W0 START 6x3 seed=109893 2026-07-22T17:17:32.306
ATTEMPT 6 W0 SOLVE 6x3 2026-07-22T17:17:32.590
ATTEMPT 6 W0 DONE 6x3 seed=109893 nsol=729 96.86s 2026-07-22T17:19:09.451
ATTEMPT 7 W0 START 8x2 seed=109894 2026-07-22T17:19:09.451
ATTEMPT 7 W0 SOLVE 8x2 2026-07-22T17:19:09.517
ATTEMPT 7 W0 DONE 8x2 seed=109894 nsol=256 1.49s 2026-07-22T17:19:11.008
ATTEMPT 8 W0 START 10x2 seed=109895 2026-07-22T17:19:11.008
ATTEMPT 8 W0 SOLVE 10x2 2026-07-22T17:19:11.120
ATTEMPT 8 W0 DONE 10x2 seed=109895 nsol=1024 12.72s 2026-07-22T17:19:23.842
ATTEMPT 9 W0 START 9x2 seed=109896 2026-07-22T17:19:23.843
ATTEMPT 9 W0 SOLVE 9x2 2026-07-22T17:19:23.955
ATTEMPT 9 W0 DONE 9x2 seed=109896 nsol=512 7.47s 2026-07-22T17:19:31.425
ATTEMPT 10 W0 START 7x3 seed=109897 2026-07-22T17:19:31.425
ATTEMPT 10 W0 SOLVE 7x3 2026-07-22T17:19:31.622
ATTEMPT 10 W0 DONE 7x3 seed=109897 nsol=2187 29.77s 2026-07-22T17:20:01.388
ATTEMPT 11 W0 START 11x2 seed=109898 2026-07-22T17:20:01.389
ATTEMPT 11 W0 SOLVE 11x2 2026-07-22T17:20:01.493
ATTEMPT 11 W0 DONE 11x2 seed=109898 nsol=2048 42.98s 2026-07-22T17:20:44.473
ATTEMPT 12 W0 START 6x3 seed=109899 2026-07-22T17:20:44.473
ATTEMPT 12 W0 SOLVE 6x3 2026-07-22T17:20:44.674
ATTEMPT 12 W0 DONE 6x3 seed=109899 nsol=729 6.93s 2026-07-22T17:20:51.606
ATTEMPT 13 W0 START 8x2 seed=109900 2026-07-22T17:20:51.614
ATTEMPT 13 W0 SOLVE 8x2 2026-07-22T17:20:55.329
ATTEMPT 13 W0 DONE 8x2 seed=109900 nsol=256 2.28s 2026-07-22T17:20:57.617
ATTEMPT 14 W0 START 10x2 seed=109901 2026-07-22T17:20:57.617
ATTEMPT 14 W0 SOLVE 10x2 2026-07-22T17:20:57.853
ATTEMPT 14 W0 DONE 10x2 seed=109901 nsol=1024 10.24s 2026-07-22T17:21:08.095
ATTEMPT 15 W0 START 9x2 seed=109902 2026-07-22T17:21:08.095
ATTEMPT 15 W0 SOLVE 9x2 2026-07-22T17:21:08.141
ATTEMPT 15 W0 DONE 9x2 seed=109902 nsol=512 3.49s 2026-07-22T17:21:11.635
ATTEMPT 16 W0 START 7x3 seed=109903 2026-07-22T17:21:11.635
ATTEMPT 16 W0 SOLVE 7x3 2026-07-22T17:21:11.752
ATTEMPT 16 W0 DONE 7x3 seed=109903 nsol=2187 40.84s 2026-07-22T17:21:52.592
ATTEMPT 17 W0 START 11x2 seed=109904 2026-07-22T17:21:52.592
ATTEMPT 17 W0 SOLVE 11x2 2026-07-22T17:21:52.753
ATTEMPT 17 W0 DONE 11x2 seed=109904 nsol=2048 51.98s 2026-07-22T17:22:44.734
ATTEMPT 18 W0 START 6x3 seed=109905 2026-07-22T17:22:44.735
ATTEMPT 18 W0 SOLVE 6x3 2026-07-22T17:22:44.920
ATTEMPT 18 W0 DONE 6x3 seed=109905 nsol=729 6.86s 2026-07-22T17:22:51.796
ATTEMPT 19 W0 START 8x2 seed=109906 2026-07-22T17:22:51.799
ATTEMPT 19 W0 SOLVE 8x2 2026-07-22T17:22:51.865
ATTEMPT 19 W0 DONE 8x2 seed=109906 nsol=256 1.85s 2026-07-22T17:22:53.729
ATTEMPT 20 W0 START 10x2 seed=109907 2026-07-22T17:22:53.730
ATTEMPT 20 W0 SOLVE 10x2 2026-07-22T17:22:53.842
ATTEMPT 20 W0 DONE 10x2 seed=109907 nsol=1024 16.50s 2026-07-22T17:23:10.337
HUNT2 complete 2026-07-22T17:23:10.349
