HUNT2 start mode=seq hcthr=on nworkers=0 nthreads=2 ngcthreads=2 nsolves=20 seed_base=119191 shape=mix pid=2117957 julia=1.12.6 HC=2.20.0 2026-07-22T17:03:30.618
ATTEMPT 1 W0 START 8x2 seed=119192 2026-07-22T17:03:37
ATTEMPT 1 W0 SOLVE 8x2 2026-07-22T17:03:38.760
Computing mixed cells... 2    Time: 0:00:05[K
   mixed_volume: 8[K[A
[K[AComputing mixed cells... 65    Time: 0:00:05[K
   mixed_volume: 256[K
ATTEMPT 1 W0 DONE 8x2 seed=119192 nsol=256 113.70s 2026-07-22T17:05:32.631
ATTEMPT 2 W0 START 10x2 seed=119193 2026-07-22T17:05:33.011
ATTEMPT 2 W0 SOLVE 10x2 2026-07-22T17:05:33.163
ATTEMPT 2 W0 DONE 10x2 seed=119193 nsol=1024 115.38s 2026-07-22T17:07:28.544
ATTEMPT 3 W0 START 9x2 seed=119194 2026-07-22T17:07:28.552
ATTEMPT 3 W0 SOLVE 9x2 2026-07-22T17:07:28.697
ATTEMPT 3 W0 DONE 9x2 seed=119194 nsol=512 73.99s 2026-07-22T17:08:42.693
ATTEMPT 4 W0 START 7x3 seed=119195 2026-07-22T17:08:42.693
ATTEMPT 4 W0 SOLVE 7x3 2026-07-22T17:08:43.071
ATTEMPT 4 W0 DONE 7x3 seed=119195 nsol=2187 134.28s 2026-07-22T17:10:57.355
ATTEMPT 5 W0 START 11x2 seed=119196 2026-07-22T17:10:57.355
ATTEMPT 5 W0 SOLVE 11x2 2026-07-22T17:10:57.455
ATTEMPT 5 W0 DONE 11x2 seed=119196 nsol=2048 104.64s 2026-07-22T17:12:42.097
ATTEMPT 6 W0 START 6x3 seed=119197 2026-07-22T17:12:42.097
ATTEMPT 6 W0 SOLVE 6x3 2026-07-22T17:12:42.255
ATTEMPT 6 W0 DONE 6x3 seed=119197 nsol=729 69.71s 2026-07-22T17:13:51.968
ATTEMPT 7 W0 START 8x2 seed=119198 2026-07-22T17:13:51.970
ATTEMPT 7 W0 SOLVE 8x2 2026-07-22T17:13:52.010
ATTEMPT 7 W0 DONE 8x2 seed=119198 nsol=256 0.52s 2026-07-22T17:13:52.529
ATTEMPT 8 W0 START 10x2 seed=119199 2026-07-22T17:13:52.530
ATTEMPT 8 W0 SOLVE 10x2 2026-07-22T17:13:52.643
ATTEMPT 8 W0 DONE 10x2 seed=119199 nsol=1024 6.94s 2026-07-22T17:13:59.583
ATTEMPT 9 W0 START 9x2 seed=119200 2026-07-22T17:13:59.583
ATTEMPT 9 W0 SOLVE 9x2 2026-07-22T17:13:59.681
ATTEMPT 9 W0 DONE 9x2 seed=119200 nsol=512 5.36s 2026-07-22T17:14:05.038
ATTEMPT 10 W0 START 7x3 seed=119201 2026-07-22T17:14:05.039
ATTEMPT 10 W0 SOLVE 7x3 2026-07-22T17:14:05.524
ATTEMPT 10 W0 DONE 7x3 seed=119201 nsol=2187 28.84s 2026-07-22T17:14:34.365
ATTEMPT 11 W0 START 11x2 seed=119202 2026-07-22T17:14:34.381
ATTEMPT 11 W0 SOLVE 11x2 2026-07-22T17:14:35.193
ATTEMPT 11 W0 DONE 11x2 seed=119202 nsol=2048 36.29s 2026-07-22T17:15:11.483
ATTEMPT 12 W0 START 6x3 seed=119203 2026-07-22T17:15:11.485
ATTEMPT 12 W0 SOLVE 6x3 2026-07-22T17:15:11.913
ATTEMPT 12 W0 DONE 6x3 seed=119203 nsol=729 14.21s 2026-07-22T17:15:26.122
ATTEMPT 13 W0 START 8x2 seed=119204 2026-07-22T17:15:26.125
ATTEMPT 13 W0 SOLVE 8x2 2026-07-22T17:15:26.215
ATTEMPT 13 W0 DONE 8x2 seed=119204 nsol=256 1.03s 2026-07-22T17:15:27.249
ATTEMPT 14 W0 START 10x2 seed=119205 2026-07-22T17:15:27.249
ATTEMPT 14 W0 SOLVE 10x2 2026-07-22T17:15:27.494
ATTEMPT 14 W0 DONE 10x2 seed=119205 nsol=1024 18.55s 2026-07-22T17:15:46.042
ATTEMPT 15 W0 START 9x2 seed=119206 2026-07-22T17:15:46.044
ATTEMPT 15 W0 SOLVE 9x2 2026-07-22T17:15:46.243
ATTEMPT 15 W0 DONE 9x2 seed=119206 nsol=512 3.64s 2026-07-22T17:15:49.882
ATTEMPT 16 W0 START 7x3 seed=119207 2026-07-22T17:15:49.882
ATTEMPT 16 W0 SOLVE 7x3 2026-07-22T17:15:50.011
ATTEMPT 16 W0 DONE 7x3 seed=119207 nsol=2187 25.70s 2026-07-22T17:16:15.712
ATTEMPT 17 W0 START 11x2 seed=119208 2026-07-22T17:16:15.712
ATTEMPT 17 W0 SOLVE 11x2 2026-07-22T17:16:15.853
ATTEMPT 17 W0 DONE 11x2 seed=119208 nsol=2048 33.62s 2026-07-22T17:16:49.477
ATTEMPT 18 W0 START 6x3 seed=119209 2026-07-22T17:16:49.481
ATTEMPT 18 W0 SOLVE 6x3 2026-07-22T17:16:50.086
ATTEMPT 18 W0 DONE 6x3 seed=119209 nsol=729 2.07s 2026-07-22T17:16:52.157
ATTEMPT 19 W0 START 8x2 seed=119210 2026-07-22T17:16:52.158
ATTEMPT 19 W0 SOLVE 8x2 2026-07-22T17:16:52.254
ATTEMPT 19 W0 DONE 8x2 seed=119210 nsol=256 0.82s 2026-07-22T17:16:53.073
ATTEMPT 20 W0 START 10x2 seed=119211 2026-07-22T17:16:53.073
ATTEMPT 20 W0 SOLVE 10x2 2026-07-22T17:16:53.329
ATTEMPT 20 W0 DONE 10x2 seed=119211 nsol=1024 5.62s 2026-07-22T17:16:58.953
HUNT2 complete 2026-07-22T17:16:59.011
