== drive start Wed Jul 22 16:06:27 EDT 2026 threads=14 rounds=60 nsolves=40 stall=180 shape=mix script=hunt.jl ==
round 1: rc=0 solves_done=40 hang=0 seedbase=108268 (cum done=40 hangs=0)
round 2: rc=0 solves_done=40 hang=0 seedbase=223802 (cum done=80 hangs=0)
round 3: rc=0 solves_done=40 hang=0 seedbase=329172 (cum done=120 hangs=0)
round 4: rc=0 solves_done=40 hang=0 seedbase=413382 (cum done=160 hangs=0)
round 5: rc=0 solves_done=40 hang=0 seedbase=502094 (cum done=200 hangs=0)
round 6: rc=0 solves_done=40 hang=0 seedbase=615517 (cum done=240 hangs=0)
round 7: rc=0 solves_done=40 hang=0 seedbase=716459 (cum done=280 hangs=0)
round 8: rc=0 solves_done=40 hang=0 seedbase=801083 (cum done=320 hangs=0)
round 9: rc=0 solves_done=40 hang=0 seedbase=916516 (cum done=360 hangs=0)
round 10: rc=0 solves_done=40 hang=0 seedbase=1030861 (cum done=400 hangs=0)
round 11: rc=0 solves_done=40 hang=0 seedbase=1125705 (cum done=440 hangs=0)
round 12: rc=0 solves_done=40 hang=0 seedbase=1213012 (cum done=480 hangs=0)
round 13: rc=0 solves_done=40 hang=0 seedbase=1313593 (cum done=520 hangs=0)
round 14: rc=0 solves_done=40 hang=0 seedbase=1407842 (cum done=560 hangs=0)
round 15: rc=0 solves_done=40 hang=0 seedbase=1507974 (cum done=600 hangs=0)
round 16: rc=0 solves_done=40 hang=0 seedbase=1620444 (cum done=640 hangs=0)
round 17: rc=0 solves_done=40 hang=0 seedbase=1715894 (cum done=680 hangs=0)
HANG DETECTED Wed Jul 22 18:14:53 EDT 2026
pid=2514337 threads=14 shape=mix seedbase=1821045 round=18
log_frozen_age=184s stall_threshold=180s
last_heartbeat=[ATTEMPT 5 START n=11 d=2 seed=1821050 neq=11 2026-07-22T18:11:49.210]
round 18: rc=137 solves_done=4 hang=1 seedbase=1821045 (cum done=684 hangs=1)
HANG DETECTED Wed Jul 22 18:22:06 EDT 2026
pid=2579318 threads=14 shape=mix seedbase=1914711 round=19
log_frozen_age=184s stall_threshold=180s
last_heartbeat=[ATTEMPT 1 START n=8 d=2 seed=1914712 neq=8 2026-07-22T18:17:46.796]
./drive.sh: line 67: 0
0: syntax error in expression (error token is "0")
== drive DONE Wed Jul 22 18:22:21 EDT 2026 total_solves=684 total_hangs=1 ==
