HUNT start  nthreads=14  nsolves=40  seed_base=413382  shape=mix  pid=1759624  2026-07-22T16:17:24.289
ATTEMPT 1 START n=8 d=2 seed=413383 neq=8 2026-07-22T16:17:42.936
Computing mixed cells... 2    Time: 0:00:01[K
   mixed_volume: 16[K[A
[K[AComputing mixed cells... 32    Time: 0:00:01[K
   mixed_volume: 256[K
ATTEMPT 1 DONE  n=8 d=2 seed=413383 nsol=256  50.82s  2026-07-22T16:18:34.172
ATTEMPT 2 START n=10 d=2 seed=413384 neq=10 2026-07-22T16:18:34.380
ATTEMPT 2 DONE  n=10 d=2 seed=413384 nsol=1024  12.95s  2026-07-22T16:18:47.327
ATTEMPT 3 START n=9 d=2 seed=413385 neq=9 2026-07-22T16:18:47.331
ATTEMPT 3 DONE  n=9 d=2 seed=413385 nsol=512  9.08s  2026-07-22T16:18:56.416
ATTEMPT 4 START n=7 d=3 seed=413386 neq=7 2026-07-22T16:18:56.421
ATTEMPT 4 DONE  n=7 d=3 seed=413386 nsol=2187  30.30s  2026-07-22T16:19:26.720
ATTEMPT 5 START n=11 d=2 seed=413387 neq=11 2026-07-22T16:19:26.724
ATTEMPT 5 DONE  n=11 d=2 seed=413387 nsol=2048  31.55s  2026-07-22T16:19:58.278
ATTEMPT 6 START n=6 d=3 seed=413388 neq=6 2026-07-22T16:19:58.281
ATTEMPT 6 DONE  n=6 d=3 seed=413388 nsol=729  15.54s  2026-07-22T16:20:13.822
ATTEMPT 7 START n=8 d=2 seed=413389 neq=8 2026-07-22T16:20:13.824
ATTEMPT 7 DONE  n=8 d=2 seed=413389 nsol=256  0.58s  2026-07-22T16:20:14.399
ATTEMPT 8 START n=10 d=2 seed=413390 neq=10 2026-07-22T16:20:14.403
ATTEMPT 8 DONE  n=10 d=2 seed=413390 nsol=1024  2.84s  2026-07-22T16:20:17.245
ATTEMPT 9 START n=9 d=2 seed=413391 neq=9 2026-07-22T16:20:17.247
ATTEMPT 9 DONE  n=9 d=2 seed=413391 nsol=512  0.90s  2026-07-22T16:20:18.146
ATTEMPT 10 START n=7 d=3 seed=413392 neq=7 2026-07-22T16:20:18.155
ATTEMPT 10 DONE  n=7 d=3 seed=413392 nsol=2187  4.04s  2026-07-22T16:20:22.205
ATTEMPT 11 START n=11 d=2 seed=413393 neq=11 2026-07-22T16:20:22.211
ATTEMPT 11 DONE  n=11 d=2 seed=413393 nsol=2048  3.40s  2026-07-22T16:20:25.609
ATTEMPT 12 START n=6 d=3 seed=413394 neq=6 2026-07-22T16:20:25.614
ATTEMPT 12 DONE  n=6 d=3 seed=413394 nsol=728  0.46s  2026-07-22T16:20:26.073
ATTEMPT 13 START n=8 d=2 seed=413395 neq=8 2026-07-22T16:20:26.075
ATTEMPT 13 DONE  n=8 d=2 seed=413395 nsol=256  0.14s  2026-07-22T16:20:26.214
ATTEMPT 14 START n=10 d=2 seed=413396 neq=10 2026-07-22T16:20:26.216
ATTEMPT 14 DONE  n=10 d=2 seed=413396 nsol=1024  1.09s  2026-07-22T16:20:27.302
ATTEMPT 15 START n=9 d=2 seed=413397 neq=9 2026-07-22T16:20:27.305
ATTEMPT 15 DONE  n=9 d=2 seed=413397 nsol=512  0.41s  2026-07-22T16:20:27.716
ATTEMPT 16 START n=7 d=3 seed=413398 neq=7 2026-07-22T16:20:27.721
ATTEMPT 16 DONE  n=7 d=3 seed=413398 nsol=2187  2.85s  2026-07-22T16:20:30.570
ATTEMPT 17 START n=11 d=2 seed=413399 neq=11 2026-07-22T16:20:30.584
ATTEMPT 17 DONE  n=11 d=2 seed=413399 nsol=2048  7.63s  2026-07-22T16:20:38.210
ATTEMPT 18 START n=6 d=3 seed=413400 neq=6 2026-07-22T16:20:38.225
ATTEMPT 18 DONE  n=6 d=3 seed=413400 nsol=729  1.25s  2026-07-22T16:20:39.479
ATTEMPT 19 START n=8 d=2 seed=413401 neq=8 2026-07-22T16:20:39.499
ATTEMPT 19 DONE  n=8 d=2 seed=413401 nsol=256  0.37s  2026-07-22T16:20:39.869
ATTEMPT 20 START n=10 d=2 seed=413402 neq=10 2026-07-22T16:20:39.872
ATTEMPT 20 DONE  n=10 d=2 seed=413402 nsol=1024  2.56s  2026-07-22T16:20:42.436
ATTEMPT 21 START n=9 d=2 seed=413403 neq=9 2026-07-22T16:20:42.439
ATTEMPT 21 DONE  n=9 d=2 seed=413403 nsol=512  0.51s  2026-07-22T16:20:42.945
ATTEMPT 22 START n=7 d=3 seed=413404 neq=7 2026-07-22T16:20:42.951
ATTEMPT 22 DONE  n=7 d=3 seed=413404 nsol=2187  5.93s  2026-07-22T16:20:48.880
ATTEMPT 23 START n=11 d=2 seed=413405 neq=11 2026-07-22T16:20:48.886
ATTEMPT 23 DONE  n=11 d=2 seed=413405 nsol=2048  3.29s  2026-07-22T16:20:52.177
ATTEMPT 24 START n=6 d=3 seed=413406 neq=6 2026-07-22T16:20:52.181
ATTEMPT 24 DONE  n=6 d=3 seed=413406 nsol=729  0.51s  2026-07-22T16:20:52.691
ATTEMPT 25 START n=8 d=2 seed=413407 neq=8 2026-07-22T16:20:52.693
ATTEMPT 25 DONE  n=8 d=2 seed=413407 nsol=256  0.18s  2026-07-22T16:20:52.868
ATTEMPT 26 START n=10 d=2 seed=413408 neq=10 2026-07-22T16:20:52.871
ATTEMPT 26 DONE  n=10 d=2 seed=413408 nsol=1024  1.10s  2026-07-22T16:20:53.973
ATTEMPT 27 START n=9 d=2 seed=413409 neq=9 2026-07-22T16:20:53.976
ATTEMPT 27 DONE  n=9 d=2 seed=413409 nsol=512  0.39s  2026-07-22T16:20:54.369
ATTEMPT 28 START n=7 d=3 seed=413410 neq=7 2026-07-22T16:20:54.376
ATTEMPT 28 DONE  n=7 d=3 seed=413410 nsol=2187  3.72s  2026-07-22T16:20:58.099
ATTEMPT 29 START n=11 d=2 seed=413411 neq=11 2026-07-22T16:20:58.119
ATTEMPT 29 DONE  n=11 d=2 seed=413411 nsol=2048  3.23s  2026-07-22T16:21:01.358
ATTEMPT 30 START n=6 d=3 seed=413412 neq=6 2026-07-22T16:21:01.362
ATTEMPT 30 DONE  n=6 d=3 seed=413412 nsol=729  0.46s  2026-07-22T16:21:01.826
ATTEMPT 31 START n=8 d=2 seed=413413 neq=8 2026-07-22T16:21:01.830
ATTEMPT 31 DONE  n=8 d=2 seed=413413 nsol=256  0.18s  2026-07-22T16:21:02.009
ATTEMPT 32 START n=10 d=2 seed=413414 neq=10 2026-07-22T16:21:02.017
ATTEMPT 32 DONE  n=10 d=2 seed=413414 nsol=1024  1.72s  2026-07-22T16:21:03.736
ATTEMPT 33 START n=9 d=2 seed=413415 neq=9 2026-07-22T16:21:03.742
ATTEMPT 33 DONE  n=9 d=2 seed=413415 nsol=512  9.28s  2026-07-22T16:21:13.026
ATTEMPT 34 START n=7 d=3 seed=413416 neq=7 2026-07-22T16:21:13.033
ATTEMPT 34 DONE  n=7 d=3 seed=413416 nsol=2187  12.36s  2026-07-22T16:21:25.393
ATTEMPT 35 START n=11 d=2 seed=413417 neq=11 2026-07-22T16:21:25.402
ATTEMPT 35 DONE  n=11 d=2 seed=413417 nsol=2048  4.15s  2026-07-22T16:21:29.551
ATTEMPT 36 START n=6 d=3 seed=413418 neq=6 2026-07-22T16:21:29.558
ATTEMPT 36 DONE  n=6 d=3 seed=413418 nsol=729  0.42s  2026-07-22T16:21:29.974
ATTEMPT 37 START n=8 d=2 seed=413419 neq=8 2026-07-22T16:21:29.979
ATTEMPT 37 DONE  n=8 d=2 seed=413419 nsol=256  0.16s  2026-07-22T16:21:30.143
ATTEMPT 38 START n=10 d=2 seed=413420 neq=10 2026-07-22T16:21:30.146
ATTEMPT 38 DONE  n=10 d=2 seed=413420 nsol=1024  1.12s  2026-07-22T16:21:31.263
ATTEMPT 39 START n=9 d=2 seed=413421 neq=9 2026-07-22T16:21:31.268
ATTEMPT 39 DONE  n=9 d=2 seed=413421 nsol=512  0.41s  2026-07-22T16:21:31.682
ATTEMPT 40 START n=7 d=3 seed=413422 neq=7 2026-07-22T16:21:31.688
ATTEMPT 40 DONE  n=7 d=3 seed=413422 nsol=2187  2.34s  2026-07-22T16:21:34.024
HUNT complete  2026-07-22T16:21:34.033
