HUNT start  nthreads=14  nsolves=40  seed_base=1030861  shape=mix  pid=2019473  2026-07-22T16:49:57.315
ATTEMPT 1 START n=8 d=2 seed=1030862 neq=8 2026-07-22T16:50:15.095
Computing mixed cells... 2    Time: 0:00:05[K
   mixed_volume: 7[K[A
[K[AComputing mixed cells... 56    Time: 0:00:05[K
   mixed_volume: 256[K
ATTEMPT 1 DONE  n=8 d=2 seed=1030862 nsol=256  111.26s  2026-07-22T16:52:06.597
ATTEMPT 2 START n=10 d=2 seed=1030863 neq=10 2026-07-22T16:52:06.849
ATTEMPT 2 DONE  n=10 d=2 seed=1030863 nsol=1024  60.54s  2026-07-22T16:53:07.390
ATTEMPT 3 START n=9 d=2 seed=1030864 neq=9 2026-07-22T16:53:07.403
ATTEMPT 3 DONE  n=9 d=2 seed=1030864 nsol=512  29.87s  2026-07-22T16:53:37.273
ATTEMPT 4 START n=7 d=3 seed=1030865 neq=7 2026-07-22T16:53:37.279
ATTEMPT 4 DONE  n=7 d=3 seed=1030865 nsol=2187  48.24s  2026-07-22T16:54:25.515
ATTEMPT 5 START n=11 d=2 seed=1030866 neq=11 2026-07-22T16:54:25.527
ATTEMPT 5 DONE  n=11 d=2 seed=1030866 nsol=2048  37.81s  2026-07-22T16:55:03.334
ATTEMPT 6 START n=6 d=3 seed=1030867 neq=6 2026-07-22T16:55:03.338
ATTEMPT 6 DONE  n=6 d=3 seed=1030867 nsol=729  17.64s  2026-07-22T16:55:20.979
ATTEMPT 7 START n=8 d=2 seed=1030868 neq=8 2026-07-22T16:55:20.991
ATTEMPT 7 DONE  n=8 d=2 seed=1030868 nsol=256  0.34s  2026-07-22T16:55:21.345
ATTEMPT 8 START n=10 d=2 seed=1030869 neq=10 2026-07-22T16:55:21.356
ATTEMPT 8 DONE  n=10 d=2 seed=1030869 nsol=1024  2.56s  2026-07-22T16:55:23.917
ATTEMPT 9 START n=9 d=2 seed=1030870 neq=9 2026-07-22T16:55:23.930
ATTEMPT 9 DONE  n=9 d=2 seed=1030870 nsol=512  1.28s  2026-07-22T16:55:25.212
ATTEMPT 10 START n=7 d=3 seed=1030871 neq=7 2026-07-22T16:55:25.223
ATTEMPT 10 DONE  n=7 d=3 seed=1030871 nsol=2187  4.35s  2026-07-22T16:55:29.587
ATTEMPT 11 START n=11 d=2 seed=1030872 neq=11 2026-07-22T16:55:29.593
ATTEMPT 11 DONE  n=11 d=2 seed=1030872 nsol=2048  7.88s  2026-07-22T16:55:37.472
ATTEMPT 12 START n=6 d=3 seed=1030873 neq=6 2026-07-22T16:55:37.476
ATTEMPT 12 DONE  n=6 d=3 seed=1030873 nsol=729  0.65s  2026-07-22T16:55:38.123
ATTEMPT 13 START n=8 d=2 seed=1030874 neq=8 2026-07-22T16:55:38.126
ATTEMPT 13 DONE  n=8 d=2 seed=1030874 nsol=256  0.21s  2026-07-22T16:55:38.337
ATTEMPT 14 START n=10 d=2 seed=1030875 neq=10 2026-07-22T16:55:38.339
ATTEMPT 14 DONE  n=10 d=2 seed=1030875 nsol=1024  1.61s  2026-07-22T16:55:39.953
ATTEMPT 15 START n=9 d=2 seed=1030876 neq=9 2026-07-22T16:55:39.956
ATTEMPT 15 DONE  n=9 d=2 seed=1030876 nsol=512  0.51s  2026-07-22T16:55:40.463
ATTEMPT 16 START n=7 d=3 seed=1030877 neq=7 2026-07-22T16:55:40.466
ATTEMPT 16 DONE  n=7 d=3 seed=1030877 nsol=2187  2.87s  2026-07-22T16:55:43.341
ATTEMPT 17 START n=11 d=2 seed=1030878 neq=11 2026-07-22T16:55:43.347
ATTEMPT 17 DONE  n=11 d=2 seed=1030878 nsol=2048  9.55s  2026-07-22T16:55:52.901
ATTEMPT 18 START n=6 d=3 seed=1030879 neq=6 2026-07-22T16:55:52.905
ATTEMPT 18 DONE  n=6 d=3 seed=1030879 nsol=729  0.82s  2026-07-22T16:55:53.729
ATTEMPT 19 START n=8 d=2 seed=1030880 neq=8 2026-07-22T16:55:53.732
ATTEMPT 19 DONE  n=8 d=2 seed=1030880 nsol=256  0.20s  2026-07-22T16:55:53.936
ATTEMPT 20 START n=10 d=2 seed=1030881 neq=10 2026-07-22T16:55:53.943
ATTEMPT 20 DONE  n=10 d=2 seed=1030881 nsol=1024  3.16s  2026-07-22T16:55:57.105
ATTEMPT 21 START n=9 d=2 seed=1030882 neq=9 2026-07-22T16:55:57.123
ATTEMPT 21 DONE  n=9 d=2 seed=1030882 nsol=512  0.82s  2026-07-22T16:55:57.944
ATTEMPT 22 START n=7 d=3 seed=1030883 neq=7 2026-07-22T16:55:57.958
ATTEMPT 22 DONE  n=7 d=3 seed=1030883 nsol=2187  4.54s  2026-07-22T16:56:02.504
ATTEMPT 23 START n=11 d=2 seed=1030884 neq=11 2026-07-22T16:56:02.518
ATTEMPT 23 DONE  n=11 d=2 seed=1030884 nsol=2048  7.34s  2026-07-22T16:56:09.863
ATTEMPT 24 START n=6 d=3 seed=1030885 neq=6 2026-07-22T16:56:09.868
ATTEMPT 24 DONE  n=6 d=3 seed=1030885 nsol=729  0.88s  2026-07-22T16:56:10.748
ATTEMPT 25 START n=8 d=2 seed=1030886 neq=8 2026-07-22T16:56:10.764
ATTEMPT 25 DONE  n=8 d=2 seed=1030886 nsol=256  0.34s  2026-07-22T16:56:11.104
ATTEMPT 26 START n=10 d=2 seed=1030887 neq=10 2026-07-22T16:56:11.114
ATTEMPT 26 DONE  n=10 d=2 seed=1030887 nsol=1024  2.76s  2026-07-22T16:56:13.875
ATTEMPT 27 START n=9 d=2 seed=1030888 neq=9 2026-07-22T16:56:13.889
ATTEMPT 27 DONE  n=9 d=2 seed=1030888 nsol=512  1.16s  2026-07-22T16:56:15.052
ATTEMPT 28 START n=7 d=3 seed=1030889 neq=7 2026-07-22T16:56:15.062
ATTEMPT 28 DONE  n=7 d=3 seed=1030889 nsol=2187  5.96s  2026-07-22T16:56:21.028
ATTEMPT 29 START n=11 d=2 seed=1030890 neq=11 2026-07-22T16:56:21.034
ATTEMPT 29 DONE  n=11 d=2 seed=1030890 nsol=2048  11.85s  2026-07-22T16:56:32.886
ATTEMPT 30 START n=6 d=3 seed=1030891 neq=6 2026-07-22T16:56:32.891
ATTEMPT 30 DONE  n=6 d=3 seed=1030891 nsol=729  1.73s  2026-07-22T16:56:34.619
ATTEMPT 31 START n=8 d=2 seed=1030892 neq=8 2026-07-22T16:56:34.626
ATTEMPT 31 DONE  n=8 d=2 seed=1030892 nsol=256  0.45s  2026-07-22T16:56:35.081
ATTEMPT 32 START n=10 d=2 seed=1030893 neq=10 2026-07-22T16:56:35.086
ATTEMPT 32 DONE  n=10 d=2 seed=1030893 nsol=1024  3.60s  2026-07-22T16:56:38.690
ATTEMPT 33 START n=9 d=2 seed=1030894 neq=9 2026-07-22T16:56:38.693
ATTEMPT 33 DONE  n=9 d=2 seed=1030894 nsol=512  1.19s  2026-07-22T16:56:39.884
ATTEMPT 34 START n=7 d=3 seed=1030895 neq=7 2026-07-22T16:56:39.925
ATTEMPT 34 DONE  n=7 d=3 seed=1030895 nsol=2187  7.09s  2026-07-22T16:56:47.021
ATTEMPT 35 START n=11 d=2 seed=1030896 neq=11 2026-07-22T16:56:47.052
Computing mixed cells... 154    Time: 0:00:00[K
   mixed_volume: 818[K[A
[K[AComputing mixed cells... 251    Time: 0:00:00[K
   mixed_volume: 2048[K
ATTEMPT 35 DONE  n=11 d=2 seed=1030896 nsol=2048  9.93s  2026-07-22T16:56:56.979
ATTEMPT 36 START n=6 d=3 seed=1030897 neq=6 2026-07-22T16:56:56.993
ATTEMPT 36 DONE  n=6 d=3 seed=1030897 nsol=729  1.17s  2026-07-22T16:56:58.166
ATTEMPT 37 START n=8 d=2 seed=1030898 neq=8 2026-07-22T16:56:58.178
ATTEMPT 37 DONE  n=8 d=2 seed=1030898 nsol=256  0.62s  2026-07-22T16:56:58.799
ATTEMPT 38 START n=10 d=2 seed=1030899 neq=10 2026-07-22T16:56:58.814
ATTEMPT 38 DONE  n=10 d=2 seed=1030899 nsol=1024  6.16s  2026-07-22T16:57:04.974
ATTEMPT 39 START n=9 d=2 seed=1030900 neq=9 2026-07-22T16:57:04.984
ATTEMPT 39 DONE  n=9 d=2 seed=1030900 nsol=512  1.21s  2026-07-22T16:57:06.197
ATTEMPT 40 START n=7 d=3 seed=1030901 neq=7 2026-07-22T16:57:06.214
ATTEMPT 40 DONE  n=7 d=3 seed=1030901 nsol=2187  4.45s  2026-07-22T16:57:10.670
HUNT complete  2026-07-22T16:57:10.683
