HUNT start  nthreads=14  nsolves=40  seed_base=223802  shape=mix  pid=1691831  2026-07-22T16:09:41.072
ATTEMPT 1 START n=8 d=2 seed=223803 neq=8 2026-07-22T16:09:57.314
Computing mixed cells... 2    Time: 0:00:01[K
   mixed_volume: 6[K[A
[K[AComputing mixed cells... 24    Time: 0:00:01[K
   mixed_volume: 256[K
ATTEMPT 1 DONE  n=8 d=2 seed=223803 nsol=256  65.48s  2026-07-22T16:11:03.038
ATTEMPT 2 START n=10 d=2 seed=223804 neq=10 2026-07-22T16:11:03.337
ATTEMPT 2 DONE  n=10 d=2 seed=223804 nsol=1024  15.73s  2026-07-22T16:11:19.063
ATTEMPT 3 START n=9 d=2 seed=223805 neq=9 2026-07-22T16:11:19.066
ATTEMPT 3 DONE  n=9 d=2 seed=223805 nsol=512  8.00s  2026-07-22T16:11:27.062
ATTEMPT 4 START n=7 d=3 seed=223806 neq=7 2026-07-22T16:11:27.066
ATTEMPT 4 DONE  n=7 d=3 seed=223806 nsol=2187  17.26s  2026-07-22T16:11:44.326
ATTEMPT 5 START n=11 d=2 seed=223807 neq=11 2026-07-22T16:11:44.331
ATTEMPT 5 DONE  n=11 d=2 seed=223807 nsol=2048  29.88s  2026-07-22T16:12:14.214
ATTEMPT 6 START n=6 d=3 seed=223808 neq=6 2026-07-22T16:12:14.230
ATTEMPT 6 DONE  n=6 d=3 seed=223808 nsol=729  11.51s  2026-07-22T16:12:25.738
ATTEMPT 7 START n=8 d=2 seed=223809 neq=8 2026-07-22T16:12:25.739
ATTEMPT 7 DONE  n=8 d=2 seed=223809 nsol=256  3.64s  2026-07-22T16:12:29.375
ATTEMPT 8 START n=10 d=2 seed=223810 neq=10 2026-07-22T16:12:29.378
ATTEMPT 8 DONE  n=10 d=2 seed=223810 nsol=1024  1.06s  2026-07-22T16:12:30.436
ATTEMPT 9 START n=9 d=2 seed=223811 neq=9 2026-07-22T16:12:30.440
ATTEMPT 9 DONE  n=9 d=2 seed=223811 nsol=512  0.40s  2026-07-22T16:12:30.835
ATTEMPT 10 START n=7 d=3 seed=223812 neq=7 2026-07-22T16:12:30.839
ATTEMPT 10 DONE  n=7 d=3 seed=223812 nsol=2187  3.87s  2026-07-22T16:12:34.706
ATTEMPT 11 START n=11 d=2 seed=223813 neq=11 2026-07-22T16:12:34.709
ATTEMPT 11 DONE  n=11 d=2 seed=223813 nsol=2048  4.73s  2026-07-22T16:12:39.437
ATTEMPT 12 START n=6 d=3 seed=223814 neq=6 2026-07-22T16:12:39.441
ATTEMPT 12 DONE  n=6 d=3 seed=223814 nsol=729  0.45s  2026-07-22T16:12:39.890
ATTEMPT 13 START n=8 d=2 seed=223815 neq=8 2026-07-22T16:12:39.892
ATTEMPT 13 DONE  n=8 d=2 seed=223815 nsol=256  0.16s  2026-07-22T16:12:40.054
ATTEMPT 14 START n=10 d=2 seed=223816 neq=10 2026-07-22T16:12:40.059
ATTEMPT 14 DONE  n=10 d=2 seed=223816 nsol=1024  1.08s  2026-07-22T16:12:41.136
ATTEMPT 15 START n=9 d=2 seed=223817 neq=9 2026-07-22T16:12:41.139
ATTEMPT 15 DONE  n=9 d=2 seed=223817 nsol=512  0.43s  2026-07-22T16:12:41.564
ATTEMPT 16 START n=7 d=3 seed=223818 neq=7 2026-07-22T16:12:41.568
ATTEMPT 16 DONE  n=7 d=3 seed=223818 nsol=2187  2.16s  2026-07-22T16:12:43.726
ATTEMPT 17 START n=11 d=2 seed=223819 neq=11 2026-07-22T16:12:43.729
ATTEMPT 17 DONE  n=11 d=2 seed=223819 nsol=2048  3.15s  2026-07-22T16:12:46.880
ATTEMPT 18 START n=6 d=3 seed=223820 neq=6 2026-07-22T16:12:46.884
ATTEMPT 18 DONE  n=6 d=3 seed=223820 nsol=729  0.46s  2026-07-22T16:12:47.340
ATTEMPT 19 START n=8 d=2 seed=223821 neq=8 2026-07-22T16:12:47.342
ATTEMPT 19 DONE  n=8 d=2 seed=223821 nsol=256  0.17s  2026-07-22T16:12:47.513
ATTEMPT 20 START n=10 d=2 seed=223822 neq=10 2026-07-22T16:12:47.517
ATTEMPT 20 DONE  n=10 d=2 seed=223822 nsol=1024  1.00s  2026-07-22T16:12:48.522
ATTEMPT 21 START n=9 d=2 seed=223823 neq=9 2026-07-22T16:12:48.525
ATTEMPT 21 DONE  n=9 d=2 seed=223823 nsol=512  0.42s  2026-07-22T16:12:48.941
ATTEMPT 22 START n=7 d=3 seed=223824 neq=7 2026-07-22T16:12:48.947
ATTEMPT 22 DONE  n=7 d=3 seed=223824 nsol=2187  3.72s  2026-07-22T16:12:52.670
ATTEMPT 23 START n=11 d=2 seed=223825 neq=11 2026-07-22T16:12:52.676
Computing mixed cells... 87    Time: 0:00:00[K
   mixed_volume: 1008[K[A
[K[AComputing mixed cells... 450    Time: 0:00:00[K
   mixed_volume: 2048[K
ATTEMPT 23 DONE  n=11 d=2 seed=223825 nsol=2048  7.01s  2026-07-22T16:12:59.688
ATTEMPT 24 START n=6 d=3 seed=223826 neq=6 2026-07-22T16:12:59.693
ATTEMPT 24 DONE  n=6 d=3 seed=223826 nsol=729  0.45s  2026-07-22T16:13:00.144
ATTEMPT 25 START n=8 d=2 seed=223827 neq=8 2026-07-22T16:13:00.147
ATTEMPT 25 DONE  n=8 d=2 seed=223827 nsol=256  0.16s  2026-07-22T16:13:00.305
ATTEMPT 26 START n=10 d=2 seed=223828 neq=10 2026-07-22T16:13:00.307
ATTEMPT 26 DONE  n=10 d=2 seed=223828 nsol=1024  1.11s  2026-07-22T16:13:01.419
ATTEMPT 27 START n=9 d=2 seed=223829 neq=9 2026-07-22T16:13:01.422
ATTEMPT 27 DONE  n=9 d=2 seed=223829 nsol=512  3.87s  2026-07-22T16:13:05.293
ATTEMPT 28 START n=7 d=3 seed=223830 neq=7 2026-07-22T16:13:05.299
ATTEMPT 28 DONE  n=7 d=3 seed=223830 nsol=2187  2.22s  2026-07-22T16:13:07.521
ATTEMPT 29 START n=11 d=2 seed=223831 neq=11 2026-07-22T16:13:07.527
ATTEMPT 29 DONE  n=11 d=2 seed=223831 nsol=2048  3.04s  2026-07-22T16:13:10.567
ATTEMPT 30 START n=6 d=3 seed=223832 neq=6 2026-07-22T16:13:10.571
ATTEMPT 30 DONE  n=6 d=3 seed=223832 nsol=729  0.46s  2026-07-22T16:13:11.034
ATTEMPT 31 START n=8 d=2 seed=223833 neq=8 2026-07-22T16:13:11.038
ATTEMPT 31 DONE  n=8 d=2 seed=223833 nsol=256  0.23s  2026-07-22T16:13:11.263
ATTEMPT 32 START n=10 d=2 seed=223834 neq=10 2026-07-22T16:13:11.270
ATTEMPT 32 DONE  n=10 d=2 seed=223834 nsol=1024  1.23s  2026-07-22T16:13:12.498
ATTEMPT 33 START n=9 d=2 seed=223835 neq=9 2026-07-22T16:13:12.502
ATTEMPT 33 DONE  n=9 d=2 seed=223835 nsol=512  0.43s  2026-07-22T16:13:12.928
ATTEMPT 34 START n=7 d=3 seed=223836 neq=7 2026-07-22T16:13:12.933
ATTEMPT 34 DONE  n=7 d=3 seed=223836 nsol=2187  2.44s  2026-07-22T16:13:15.374
ATTEMPT 35 START n=11 d=2 seed=223837 neq=11 2026-07-22T16:13:15.379
ATTEMPT 35 DONE  n=11 d=2 seed=223837 nsol=2048  4.52s  2026-07-22T16:13:19.904
ATTEMPT 36 START n=6 d=3 seed=223838 neq=6 2026-07-22T16:13:19.907
ATTEMPT 36 DONE  n=6 d=3 seed=223838 nsol=729  0.43s  2026-07-22T16:13:20.338
ATTEMPT 37 START n=8 d=2 seed=223839 neq=8 2026-07-22T16:13:20.340
ATTEMPT 37 DONE  n=8 d=2 seed=223839 nsol=256  0.16s  2026-07-22T16:13:20.502
ATTEMPT 38 START n=10 d=2 seed=223840 neq=10 2026-07-22T16:13:20.504
ATTEMPT 38 DONE  n=10 d=2 seed=223840 nsol=1024  1.12s  2026-07-22T16:13:21.620
ATTEMPT 39 START n=9 d=2 seed=223841 neq=9 2026-07-22T16:13:21.623
ATTEMPT 39 DONE  n=9 d=2 seed=223841 nsol=512  0.41s  2026-07-22T16:13:22.029
ATTEMPT 40 START n=7 d=3 seed=223842 neq=7 2026-07-22T16:13:22.036
ATTEMPT 40 DONE  n=7 d=3 seed=223842 nsol=2187  3.28s  2026-07-22T16:13:25.320
HUNT complete  2026-07-22T16:13:25.329
