HUNT start  nthreads=14  nsolves=40  seed_base=916516  shape=mix  pid=1959282  2026-07-22T16:41:46.893
ATTEMPT 1 START n=8 d=2 seed=916517 neq=8 2026-07-22T16:42:02.860
Computing mixed cells... 2    Time: 0:00:03[K
   mixed_volume: 7[K[A
[K[AComputing mixed cells... 93    Time: 0:00:03[K
   mixed_volume: 256[K
ATTEMPT 1 DONE  n=8 d=2 seed=916517 nsol=256  100.33s  2026-07-22T16:43:43.721
ATTEMPT 2 START n=10 d=2 seed=916518 neq=10 2026-07-22T16:43:44.345
ATTEMPT 2 DONE  n=10 d=2 seed=916518 nsol=1024  79.13s  2026-07-22T16:45:03.472
ATTEMPT 3 START n=9 d=2 seed=916519 neq=9 2026-07-22T16:45:03.481
ATTEMPT 3 DONE  n=9 d=2 seed=916519 nsol=512  34.18s  2026-07-22T16:45:37.662
ATTEMPT 4 START n=7 d=3 seed=916520 neq=7 2026-07-22T16:45:37.679
ATTEMPT 4 DONE  n=7 d=3 seed=916520 nsol=2187  53.55s  2026-07-22T16:46:31.233
ATTEMPT 5 START n=11 d=2 seed=916521 neq=11 2026-07-22T16:46:31.243
ATTEMPT 5 DONE  n=11 d=2 seed=916521 nsol=2048  46.57s  2026-07-22T16:47:17.816
ATTEMPT 6 START n=6 d=3 seed=916522 neq=6 2026-07-22T16:47:17.819
ATTEMPT 6 DONE  n=6 d=3 seed=916522 nsol=729  28.41s  2026-07-22T16:47:46.228
ATTEMPT 7 START n=8 d=2 seed=916523 neq=8 2026-07-22T16:47:46.236
ATTEMPT 7 DONE  n=8 d=2 seed=916523 nsol=256  0.50s  2026-07-22T16:47:46.737
ATTEMPT 8 START n=10 d=2 seed=916524 neq=10 2026-07-22T16:47:46.741
ATTEMPT 8 DONE  n=10 d=2 seed=916524 nsol=1024  3.40s  2026-07-22T16:47:50.143
ATTEMPT 9 START n=9 d=2 seed=916525 neq=9 2026-07-22T16:47:50.146
ATTEMPT 9 DONE  n=9 d=2 seed=916525 nsol=512  1.37s  2026-07-22T16:47:51.514
ATTEMPT 10 START n=7 d=3 seed=916526 neq=7 2026-07-22T16:47:51.519
ATTEMPT 10 DONE  n=7 d=3 seed=916526 nsol=2187  7.44s  2026-07-22T16:47:58.959
ATTEMPT 11 START n=11 d=2 seed=916527 neq=11 2026-07-22T16:47:58.968
Computing mixed cells... 259    Time: 0:00:00[K
   mixed_volume: 1187[K[A
[K[AComputing mixed cells... 352    Time: 0:00:00[K
   mixed_volume: 2048[K
ATTEMPT 11 DONE  n=11 d=2 seed=916527 nsol=2048  13.11s  2026-07-22T16:48:12.083
ATTEMPT 12 START n=6 d=3 seed=916528 neq=6 2026-07-22T16:48:12.096
ATTEMPT 12 DONE  n=6 d=3 seed=916528 nsol=729  1.34s  2026-07-22T16:48:13.437
ATTEMPT 13 START n=8 d=2 seed=916529 neq=8 2026-07-22T16:48:13.454
ATTEMPT 13 DONE  n=8 d=2 seed=916529 nsol=256  0.46s  2026-07-22T16:48:13.911
ATTEMPT 14 START n=10 d=2 seed=916530 neq=10 2026-07-22T16:48:13.916
ATTEMPT 14 DONE  n=10 d=2 seed=916530 nsol=1024  4.28s  2026-07-22T16:48:18.194
ATTEMPT 15 START n=9 d=2 seed=916531 neq=9 2026-07-22T16:48:18.197
ATTEMPT 15 DONE  n=9 d=2 seed=916531 nsol=512  1.11s  2026-07-22T16:48:19.306
ATTEMPT 16 START n=7 d=3 seed=916532 neq=7 2026-07-22T16:48:19.312
ATTEMPT 16 DONE  n=7 d=3 seed=916532 nsol=2187  7.16s  2026-07-22T16:48:26.469
ATTEMPT 17 START n=11 d=2 seed=916533 neq=11 2026-07-22T16:48:26.507
Computing mixed cells... 9    Time: 0:00:00[K
   mixed_volume: 43[K[A
[K[AComputing mixed cells... 293    Time: 0:00:00[K
   mixed_volume: 2004[K[A
[K[AComputing mixed cells... 302    Time: 0:00:00[K
   mixed_volume: 2048[K
ATTEMPT 17 DONE  n=11 d=2 seed=916533 nsol=2048  12.16s  2026-07-22T16:48:38.667
ATTEMPT 18 START n=6 d=3 seed=916534 neq=6 2026-07-22T16:48:38.675
ATTEMPT 18 DONE  n=6 d=3 seed=916534 nsol=729  5.44s  2026-07-22T16:48:44.112
ATTEMPT 19 START n=8 d=2 seed=916535 neq=8 2026-07-22T16:48:44.125
ATTEMPT 19 DONE  n=8 d=2 seed=916535 nsol=256  0.81s  2026-07-22T16:48:44.944
ATTEMPT 20 START n=10 d=2 seed=916536 neq=10 2026-07-22T16:48:44.970
ATTEMPT 20 DONE  n=10 d=2 seed=916536 nsol=1024  4.37s  2026-07-22T16:48:49.344
ATTEMPT 21 START n=9 d=2 seed=916537 neq=9 2026-07-22T16:48:49.351
ATTEMPT 21 DONE  n=9 d=2 seed=916537 nsol=512  1.95s  2026-07-22T16:48:51.306
ATTEMPT 22 START n=7 d=3 seed=916538 neq=7 2026-07-22T16:48:51.330
ATTEMPT 22 DONE  n=7 d=3 seed=916538 nsol=2187  8.09s  2026-07-22T16:48:59.418
ATTEMPT 23 START n=11 d=2 seed=916539 neq=11 2026-07-22T16:48:59.422
ATTEMPT 23 DONE  n=11 d=2 seed=916539 nsol=2048  8.61s  2026-07-22T16:49:08.036
ATTEMPT 24 START n=6 d=3 seed=916540 neq=6 2026-07-22T16:49:08.052
ATTEMPT 24 DONE  n=6 d=3 seed=916540 nsol=729  1.02s  2026-07-22T16:49:09.070
ATTEMPT 25 START n=8 d=2 seed=916541 neq=8 2026-07-22T16:49:09.072
ATTEMPT 25 DONE  n=8 d=2 seed=916541 nsol=256  0.37s  2026-07-22T16:49:09.446
ATTEMPT 26 START n=10 d=2 seed=916542 neq=10 2026-07-22T16:49:09.471
ATTEMPT 26 DONE  n=10 d=2 seed=916542 nsol=1024  4.57s  2026-07-22T16:49:14.040
ATTEMPT 27 START n=9 d=2 seed=916543 neq=9 2026-07-22T16:49:14.071
ATTEMPT 27 DONE  n=9 d=2 seed=916543 nsol=512  0.97s  2026-07-22T16:49:15.039
ATTEMPT 28 START n=7 d=3 seed=916544 neq=7 2026-07-22T16:49:15.060
ATTEMPT 28 DONE  n=7 d=3 seed=916544 nsol=2187  9.30s  2026-07-22T16:49:24.361
ATTEMPT 29 START n=11 d=2 seed=916545 neq=11 2026-07-22T16:49:24.372
ATTEMPT 29 DONE  n=11 d=2 seed=916545 nsol=2048  6.16s  2026-07-22T16:49:30.534
ATTEMPT 30 START n=6 d=3 seed=916546 neq=6 2026-07-22T16:49:30.539
ATTEMPT 30 DONE  n=6 d=3 seed=916546 nsol=729  0.96s  2026-07-22T16:49:31.498
ATTEMPT 31 START n=8 d=2 seed=916547 neq=8 2026-07-22T16:49:31.501
ATTEMPT 31 DONE  n=8 d=2 seed=916547 nsol=256  0.29s  2026-07-22T16:49:31.794
ATTEMPT 32 START n=10 d=2 seed=916548 neq=10 2026-07-22T16:49:31.796
ATTEMPT 32 DONE  n=10 d=2 seed=916548 nsol=1024  1.82s  2026-07-22T16:49:33.613
ATTEMPT 33 START n=9 d=2 seed=916549 neq=9 2026-07-22T16:49:33.627
ATTEMPT 33 DONE  n=9 d=2 seed=916549 nsol=512  0.96s  2026-07-22T16:49:34.585
ATTEMPT 34 START n=7 d=3 seed=916550 neq=7 2026-07-22T16:49:34.592
ATTEMPT 34 DONE  n=7 d=3 seed=916550 nsol=2187  3.19s  2026-07-22T16:49:37.782
ATTEMPT 35 START n=11 d=2 seed=916551 neq=11 2026-07-22T16:49:37.788
ATTEMPT 35 DONE  n=11 d=2 seed=916551 nsol=2048  4.36s  2026-07-22T16:49:42.146
ATTEMPT 36 START n=6 d=3 seed=916552 neq=6 2026-07-22T16:49:42.153
ATTEMPT 36 DONE  n=6 d=3 seed=916552 nsol=729  0.79s  2026-07-22T16:49:42.942
ATTEMPT 37 START n=8 d=2 seed=916553 neq=8 2026-07-22T16:49:42.946
ATTEMPT 37 DONE  n=8 d=2 seed=916553 nsol=256  0.25s  2026-07-22T16:49:43.194
ATTEMPT 38 START n=10 d=2 seed=916554 neq=10 2026-07-22T16:49:43.196
ATTEMPT 38 DONE  n=10 d=2 seed=916554 nsol=1024  1.97s  2026-07-22T16:49:45.167
ATTEMPT 39 START n=9 d=2 seed=916555 neq=9 2026-07-22T16:49:45.170
ATTEMPT 39 DONE  n=9 d=2 seed=916555 nsol=512  0.56s  2026-07-22T16:49:45.735
ATTEMPT 40 START n=7 d=3 seed=916556 neq=7 2026-07-22T16:49:45.743
ATTEMPT 40 DONE  n=7 d=3 seed=916556 nsol=2187  3.31s  2026-07-22T16:49:49.049
HUNT complete  2026-07-22T16:49:49.060
