HUNT start  nthreads=14  nsolves=40  seed_base=1507974  shape=mix  pid=2285320  2026-07-22T17:27:46.327
ATTEMPT 1 START n=8 d=2 seed=1507975 neq=8 2026-07-22T17:28:43.697
Computing mixed cells... 2    Time: 0:00:01[K
   mixed_volume: 8[K[A
[K[AComputing mixed cells... 49    Time: 0:00:01[K
   mixed_volume: 256[K
ATTEMPT 1 DONE  n=8 d=2 seed=1507975 nsol=256  145.78s  2026-07-22T17:31:10.389
ATTEMPT 2 START n=10 d=2 seed=1507976 neq=10 2026-07-22T17:31:10.684
ATTEMPT 2 DONE  n=10 d=2 seed=1507976 nsol=1024  74.96s  2026-07-22T17:32:25.644
ATTEMPT 3 START n=9 d=2 seed=1507977 neq=9 2026-07-22T17:32:25.646
ATTEMPT 3 DONE  n=9 d=2 seed=1507977 nsol=512  45.81s  2026-07-22T17:33:11.455
ATTEMPT 4 START n=7 d=3 seed=1507978 neq=7 2026-07-22T17:33:11.466
ATTEMPT 4 DONE  n=7 d=3 seed=1507978 nsol=2187  107.18s  2026-07-22T17:34:58.646
ATTEMPT 5 START n=11 d=2 seed=1507979 neq=11 2026-07-22T17:34:58.656
ATTEMPT 5 DONE  n=11 d=2 seed=1507979 nsol=2048  80.18s  2026-07-22T17:36:18.832
ATTEMPT 6 START n=6 d=3 seed=1507980 neq=6 2026-07-22T17:36:18.834
ATTEMPT 6 DONE  n=6 d=3 seed=1507980 nsol=729  55.18s  2026-07-22T17:37:14.013
ATTEMPT 7 START n=8 d=2 seed=1507981 neq=8 2026-07-22T17:37:14.016
ATTEMPT 7 DONE  n=8 d=2 seed=1507981 nsol=256  0.50s  2026-07-22T17:37:14.518
ATTEMPT 8 START n=10 d=2 seed=1507982 neq=10 2026-07-22T17:37:14.520
ATTEMPT 8 DONE  n=10 d=2 seed=1507982 nsol=1024  3.49s  2026-07-22T17:37:18.008
ATTEMPT 9 START n=9 d=2 seed=1507983 neq=9 2026-07-22T17:37:18.011
ATTEMPT 9 DONE  n=9 d=2 seed=1507983 nsol=512  1.11s  2026-07-22T17:37:19.120
ATTEMPT 10 START n=7 d=3 seed=1507984 neq=7 2026-07-22T17:37:19.144
ATTEMPT 10 DONE  n=7 d=3 seed=1507984 nsol=2187  8.48s  2026-07-22T17:37:27.626
ATTEMPT 11 START n=11 d=2 seed=1507985 neq=11 2026-07-22T17:37:27.635
ATTEMPT 11 DONE  n=11 d=2 seed=1507985 nsol=2048  15.77s  2026-07-22T17:37:43.404
ATTEMPT 12 START n=6 d=3 seed=1507986 neq=6 2026-07-22T17:37:43.408
ATTEMPT 12 DONE  n=6 d=3 seed=1507986 nsol=729  1.19s  2026-07-22T17:37:44.598
ATTEMPT 13 START n=8 d=2 seed=1507987 neq=8 2026-07-22T17:37:44.600
ATTEMPT 13 DONE  n=8 d=2 seed=1507987 nsol=256  0.48s  2026-07-22T17:37:45.082
ATTEMPT 14 START n=10 d=2 seed=1507988 neq=10 2026-07-22T17:37:45.085
ATTEMPT 14 DONE  n=10 d=2 seed=1507988 nsol=1024  3.38s  2026-07-22T17:37:48.461
ATTEMPT 15 START n=9 d=2 seed=1507989 neq=9 2026-07-22T17:37:48.468
ATTEMPT 15 DONE  n=9 d=2 seed=1507989 nsol=512  1.21s  2026-07-22T17:37:49.677
ATTEMPT 16 START n=7 d=3 seed=1507990 neq=7 2026-07-22T17:37:49.694
ATTEMPT 16 DONE  n=7 d=3 seed=1507990 nsol=2187  6.56s  2026-07-22T17:37:56.257
ATTEMPT 17 START n=11 d=2 seed=1507991 neq=11 2026-07-22T17:37:56.275
ATTEMPT 17 DONE  n=11 d=2 seed=1507991 nsol=2048  9.76s  2026-07-22T17:38:06.042
ATTEMPT 18 START n=6 d=3 seed=1507992 neq=6 2026-07-22T17:38:06.050
ATTEMPT 18 DONE  n=6 d=3 seed=1507992 nsol=729  1.32s  2026-07-22T17:38:07.378
ATTEMPT 19 START n=8 d=2 seed=1507993 neq=8 2026-07-22T17:38:07.379
ATTEMPT 19 DONE  n=8 d=2 seed=1507993 nsol=256  0.43s  2026-07-22T17:38:07.807
ATTEMPT 20 START n=10 d=2 seed=1507994 neq=10 2026-07-22T17:38:07.813
ATTEMPT 20 DONE  n=10 d=2 seed=1507994 nsol=1024  2.56s  2026-07-22T17:38:10.376
ATTEMPT 21 START n=9 d=2 seed=1507995 neq=9 2026-07-22T17:38:10.378
ATTEMPT 21 DONE  n=9 d=2 seed=1507995 nsol=512  4.53s  2026-07-22T17:38:14.906
ATTEMPT 22 START n=7 d=3 seed=1507996 neq=7 2026-07-22T17:38:14.909
ATTEMPT 22 DONE  n=7 d=3 seed=1507996 nsol=2187  6.85s  2026-07-22T17:38:21.757
ATTEMPT 23 START n=11 d=2 seed=1507997 neq=11 2026-07-22T17:38:21.778
ATTEMPT 23 DONE  n=11 d=2 seed=1507997 nsol=2048  9.65s  2026-07-22T17:38:31.441
ATTEMPT 24 START n=6 d=3 seed=1507998 neq=6 2026-07-22T17:38:31.451
ATTEMPT 24 DONE  n=6 d=3 seed=1507998 nsol=729  1.21s  2026-07-22T17:38:32.665
ATTEMPT 25 START n=8 d=2 seed=1507999 neq=8 2026-07-22T17:38:32.679
ATTEMPT 25 DONE  n=8 d=2 seed=1507999 nsol=256  0.53s  2026-07-22T17:38:33.212
ATTEMPT 26 START n=10 d=2 seed=1508000 neq=10 2026-07-22T17:38:33.215
ATTEMPT 26 DONE  n=10 d=2 seed=1508000 nsol=1024  3.91s  2026-07-22T17:38:37.127
ATTEMPT 27 START n=9 d=2 seed=1508001 neq=9 2026-07-22T17:38:37.136
ATTEMPT 27 DONE  n=9 d=2 seed=1508001 nsol=512  1.36s  2026-07-22T17:38:38.500
ATTEMPT 28 START n=7 d=3 seed=1508002 neq=7 2026-07-22T17:38:38.525
ATTEMPT 28 DONE  n=7 d=3 seed=1508002 nsol=2187  19.31s  2026-07-22T17:38:57.840
ATTEMPT 29 START n=11 d=2 seed=1508003 neq=11 2026-07-22T17:38:57.850
ATTEMPT 29 DONE  n=11 d=2 seed=1508003 nsol=2048  10.31s  2026-07-22T17:39:08.167
ATTEMPT 30 START n=6 d=3 seed=1508004 neq=6 2026-07-22T17:39:08.170
ATTEMPT 30 DONE  n=6 d=3 seed=1508004 nsol=729  0.93s  2026-07-22T17:39:09.105
ATTEMPT 31 START n=8 d=2 seed=1508005 neq=8 2026-07-22T17:39:09.107
ATTEMPT 31 DONE  n=8 d=2 seed=1508005 nsol=256  0.42s  2026-07-22T17:39:09.534
ATTEMPT 32 START n=10 d=2 seed=1508006 neq=10 2026-07-22T17:39:09.549
ATTEMPT 32 DONE  n=10 d=2 seed=1508006 nsol=1024  2.94s  2026-07-22T17:39:12.499
ATTEMPT 33 START n=9 d=2 seed=1508007 neq=9 2026-07-22T17:39:12.503
ATTEMPT 33 DONE  n=9 d=2 seed=1508007 nsol=512  1.08s  2026-07-22T17:39:13.579
ATTEMPT 34 START n=7 d=3 seed=1508008 neq=7 2026-07-22T17:39:13.585
ATTEMPT 34 DONE  n=7 d=3 seed=1508008 nsol=2187  4.92s  2026-07-22T17:39:18.501
ATTEMPT 35 START n=11 d=2 seed=1508009 neq=11 2026-07-22T17:39:18.506
ATTEMPT 35 DONE  n=11 d=2 seed=1508009 nsol=2048  10.56s  2026-07-22T17:39:29.067
ATTEMPT 36 START n=6 d=3 seed=1508010 neq=6 2026-07-22T17:39:29.071
ATTEMPT 36 DONE  n=6 d=3 seed=1508010 nsol=729  1.09s  2026-07-22T17:39:30.165
ATTEMPT 37 START n=8 d=2 seed=1508011 neq=8 2026-07-22T17:39:30.168
ATTEMPT 37 DONE  n=8 d=2 seed=1508011 nsol=256  0.42s  2026-07-22T17:39:30.589
ATTEMPT 38 START n=10 d=2 seed=1508012 neq=10 2026-07-22T17:39:30.598
ATTEMPT 38 DONE  n=10 d=2 seed=1508012 nsol=1024  2.70s  2026-07-22T17:39:33.293
ATTEMPT 39 START n=9 d=2 seed=1508013 neq=9 2026-07-22T17:39:33.303
ATTEMPT 39 DONE  n=9 d=2 seed=1508013 nsol=512  1.08s  2026-07-22T17:39:34.384
ATTEMPT 40 START n=7 d=3 seed=1508014 neq=7 2026-07-22T17:39:34.394
ATTEMPT 40 DONE  n=7 d=3 seed=1508014 nsol=2187  6.26s  2026-07-22T17:39:40.655
HUNT complete  2026-07-22T17:39:40.664
