HUNT start  nthreads=14  nsolves=40  seed_base=1125705  shape=mix  pid=2071904  2026-07-22T16:57:19.549
ATTEMPT 1 START n=8 d=2 seed=1125706 neq=8 2026-07-22T16:57:34.670
Computing mixed cells... 2    Time: 0:00:01[K
   mixed_volume: 18[K[A
[K[AComputing mixed cells... 115    Time: 0:00:01[K
   mixed_volume: 256[K
ATTEMPT 1 DONE  n=8 d=2 seed=1125706 nsol=256  57.58s  2026-07-22T16:58:32.528
ATTEMPT 2 START n=10 d=2 seed=1125707 neq=10 2026-07-22T16:58:32.842
ATTEMPT 2 DONE  n=10 d=2 seed=1125707 nsol=1024  38.07s  2026-07-22T16:59:10.913
ATTEMPT 3 START n=9 d=2 seed=1125708 neq=9 2026-07-22T16:59:10.915
ATTEMPT 3 DONE  n=9 d=2 seed=1125708 nsol=512  19.70s  2026-07-22T16:59:30.618
ATTEMPT 4 START n=7 d=3 seed=1125709 neq=7 2026-07-22T16:59:30.624
ATTEMPT 4 DONE  n=7 d=3 seed=1125709 nsol=2187  43.76s  2026-07-22T17:00:14.386
ATTEMPT 5 START n=11 d=2 seed=1125710 neq=11 2026-07-22T17:00:14.393
ATTEMPT 5 DONE  n=11 d=2 seed=1125710 nsol=2048  41.48s  2026-07-22T17:00:55.877
ATTEMPT 6 START n=6 d=3 seed=1125711 neq=6 2026-07-22T17:00:55.880
ATTEMPT 6 DONE  n=6 d=3 seed=1125711 nsol=729  26.63s  2026-07-22T17:01:22.512
ATTEMPT 7 START n=8 d=2 seed=1125712 neq=8 2026-07-22T17:01:22.515
ATTEMPT 7 DONE  n=8 d=2 seed=1125712 nsol=256  0.26s  2026-07-22T17:01:22.776
ATTEMPT 8 START n=10 d=2 seed=1125713 neq=10 2026-07-22T17:01:22.779
ATTEMPT 8 DONE  n=10 d=2 seed=1125713 nsol=1024  1.66s  2026-07-22T17:01:24.436
ATTEMPT 9 START n=9 d=2 seed=1125714 neq=9 2026-07-22T17:01:24.439
ATTEMPT 9 DONE  n=9 d=2 seed=1125714 nsol=512  0.67s  2026-07-22T17:01:25.111
ATTEMPT 10 START n=7 d=3 seed=1125715 neq=7 2026-07-22T17:01:25.121
ATTEMPT 10 DONE  n=7 d=3 seed=1125715 nsol=2187  5.06s  2026-07-22T17:01:30.182
ATTEMPT 11 START n=11 d=2 seed=1125716 neq=11 2026-07-22T17:01:30.210
ATTEMPT 11 DONE  n=11 d=2 seed=1125716 nsol=2048  7.98s  2026-07-22T17:01:38.187
ATTEMPT 12 START n=6 d=3 seed=1125717 neq=6 2026-07-22T17:01:38.208
ATTEMPT 12 DONE  n=6 d=3 seed=1125717 nsol=729  1.14s  2026-07-22T17:01:39.353
ATTEMPT 13 START n=8 d=2 seed=1125718 neq=8 2026-07-22T17:01:39.383
ATTEMPT 13 DONE  n=8 d=2 seed=1125718 nsol=256  0.55s  2026-07-22T17:01:39.931
ATTEMPT 14 START n=10 d=2 seed=1125719 neq=10 2026-07-22T17:01:39.938
ATTEMPT 14 DONE  n=10 d=2 seed=1125719 nsol=1024  2.58s  2026-07-22T17:01:42.520
ATTEMPT 15 START n=9 d=2 seed=1125720 neq=9 2026-07-22T17:01:42.525
ATTEMPT 15 DONE  n=9 d=2 seed=1125720 nsol=512  0.92s  2026-07-22T17:01:43.449
ATTEMPT 16 START n=7 d=3 seed=1125721 neq=7 2026-07-22T17:01:43.455
ATTEMPT 16 DONE  n=7 d=3 seed=1125721 nsol=2187  9.24s  2026-07-22T17:01:52.695
ATTEMPT 17 START n=11 d=2 seed=1125722 neq=11 2026-07-22T17:01:52.718
ATTEMPT 17 DONE  n=11 d=2 seed=1125722 nsol=2048  8.56s  2026-07-22T17:02:01.276
ATTEMPT 18 START n=6 d=3 seed=1125723 neq=6 2026-07-22T17:02:01.289
ATTEMPT 18 DONE  n=6 d=3 seed=1125723 nsol=729  1.89s  2026-07-22T17:02:03.179
ATTEMPT 19 START n=8 d=2 seed=1125724 neq=8 2026-07-22T17:02:03.182
ATTEMPT 19 DONE  n=8 d=2 seed=1125724 nsol=256  0.76s  2026-07-22T17:02:03.940
ATTEMPT 20 START n=10 d=2 seed=1125725 neq=10 2026-07-22T17:02:03.942
ATTEMPT 20 DONE  n=10 d=2 seed=1125725 nsol=1024  4.25s  2026-07-22T17:02:08.197
ATTEMPT 21 START n=9 d=2 seed=1125726 neq=9 2026-07-22T17:02:08.209
ATTEMPT 21 DONE  n=9 d=2 seed=1125726 nsol=512  0.97s  2026-07-22T17:02:09.176
ATTEMPT 22 START n=7 d=3 seed=1125727 neq=7 2026-07-22T17:02:09.179
ATTEMPT 22 DONE  n=7 d=3 seed=1125727 nsol=2187  4.67s  2026-07-22T17:02:13.846
ATTEMPT 23 START n=11 d=2 seed=1125728 neq=11 2026-07-22T17:02:13.862
Computing mixed cells... 275    Time: 0:00:00[K
   mixed_volume: 1629[K[A
[K[AComputing mixed cells... 362    Time: 0:00:00[K
   mixed_volume: 2048[K
ATTEMPT 23 DONE  n=11 d=2 seed=1125728 nsol=2048  11.83s  2026-07-22T17:02:25.695
ATTEMPT 24 START n=6 d=3 seed=1125729 neq=6 2026-07-22T17:02:25.700
ATTEMPT 24 DONE  n=6 d=3 seed=1125729 nsol=729  0.83s  2026-07-22T17:02:26.531
ATTEMPT 25 START n=8 d=2 seed=1125730 neq=8 2026-07-22T17:02:26.533
ATTEMPT 25 DONE  n=8 d=2 seed=1125730 nsol=256  0.51s  2026-07-22T17:02:27.038
ATTEMPT 26 START n=10 d=2 seed=1125731 neq=10 2026-07-22T17:02:27.069
ATTEMPT 26 DONE  n=10 d=2 seed=1125731 nsol=1024  2.46s  2026-07-22T17:02:29.525
ATTEMPT 27 START n=9 d=2 seed=1125732 neq=9 2026-07-22T17:02:29.531
ATTEMPT 27 DONE  n=9 d=2 seed=1125732 nsol=512  1.35s  2026-07-22T17:02:30.886
ATTEMPT 28 START n=7 d=3 seed=1125733 neq=7 2026-07-22T17:02:30.911
ATTEMPT 28 DONE  n=7 d=3 seed=1125733 nsol=2187  6.22s  2026-07-22T17:02:37.127
ATTEMPT 29 START n=11 d=2 seed=1125734 neq=11 2026-07-22T17:02:37.146
ATTEMPT 29 DONE  n=11 d=2 seed=1125734 nsol=2048  8.57s  2026-07-22T17:02:45.716
ATTEMPT 30 START n=6 d=3 seed=1125735 neq=6 2026-07-22T17:02:45.725
ATTEMPT 30 DONE  n=6 d=3 seed=1125735 nsol=729  2.48s  2026-07-22T17:02:48.205
ATTEMPT 31 START n=8 d=2 seed=1125736 neq=8 2026-07-22T17:02:48.227
ATTEMPT 31 DONE  n=8 d=2 seed=1125736 nsol=256  1.10s  2026-07-22T17:02:49.332
ATTEMPT 32 START n=10 d=2 seed=1125737 neq=10 2026-07-22T17:02:49.343
ATTEMPT 32 DONE  n=10 d=2 seed=1125737 nsol=1024  3.20s  2026-07-22T17:02:52.540
ATTEMPT 33 START n=9 d=2 seed=1125738 neq=9 2026-07-22T17:02:52.548
ATTEMPT 33 DONE  n=9 d=2 seed=1125738 nsol=512  0.74s  2026-07-22T17:02:53.288
ATTEMPT 34 START n=7 d=3 seed=1125739 neq=7 2026-07-22T17:02:53.300
ATTEMPT 34 DONE  n=7 d=3 seed=1125739 nsol=2187  7.39s  2026-07-22T17:03:00.695
ATTEMPT 35 START n=11 d=2 seed=1125740 neq=11 2026-07-22T17:03:00.702
ATTEMPT 35 DONE  n=11 d=2 seed=1125740 nsol=2048  5.13s  2026-07-22T17:03:05.834
ATTEMPT 36 START n=6 d=3 seed=1125741 neq=6 2026-07-22T17:03:05.838
ATTEMPT 36 DONE  n=6 d=3 seed=1125741 nsol=729  0.84s  2026-07-22T17:03:06.673
ATTEMPT 37 START n=8 d=2 seed=1125742 neq=8 2026-07-22T17:03:06.676
ATTEMPT 37 DONE  n=8 d=2 seed=1125742 nsol=256  0.30s  2026-07-22T17:03:06.977
ATTEMPT 38 START n=10 d=2 seed=1125743 neq=10 2026-07-22T17:03:06.988
ATTEMPT 38 DONE  n=10 d=2 seed=1125743 nsol=1024  1.84s  2026-07-22T17:03:08.826
ATTEMPT 39 START n=9 d=2 seed=1125744 neq=9 2026-07-22T17:03:08.840
ATTEMPT 39 DONE  n=9 d=2 seed=1125744 nsol=512  0.61s  2026-07-22T17:03:09.455
ATTEMPT 40 START n=7 d=3 seed=1125745 neq=7 2026-07-22T17:03:09.460
ATTEMPT 40 DONE  n=7 d=3 seed=1125745 nsol=2187  3.78s  2026-07-22T17:03:13.243
HUNT complete  2026-07-22T17:03:13.251
