HUNT start  nthreads=14  nsolves=40  seed_base=1620444  shape=mix  pid=2361544  2026-07-22T17:39:56.510
ATTEMPT 1 START n=8 d=2 seed=1620445 neq=8 2026-07-22T17:40:38.896
Computing mixed cells... 2    Time: 0:00:03[K
   mixed_volume: 10[K[A
[K[AComputing mixed cells... 78    Time: 0:00:04[K
   mixed_volume: 256[K
ATTEMPT 1 DONE  n=8 d=2 seed=1620445 nsol=256  89.47s  2026-07-22T17:42:08.939
ATTEMPT 2 START n=10 d=2 seed=1620446 neq=10 2026-07-22T17:42:09.313
ATTEMPT 2 DONE  n=10 d=2 seed=1620446 nsol=1024  99.40s  2026-07-22T17:43:48.714
ATTEMPT 3 START n=9 d=2 seed=1620447 neq=9 2026-07-22T17:43:48.725
ATTEMPT 3 DONE  n=9 d=2 seed=1620447 nsol=512  46.92s  2026-07-22T17:44:35.647
ATTEMPT 4 START n=7 d=3 seed=1620448 neq=7 2026-07-22T17:44:35.659
ATTEMPT 4 DONE  n=7 d=3 seed=1620448 nsol=2187  86.78s  2026-07-22T17:46:02.437
ATTEMPT 5 START n=11 d=2 seed=1620449 neq=11 2026-07-22T17:46:03.996
ATTEMPT 5 DONE  n=11 d=2 seed=1620449 nsol=2048  155.32s  2026-07-22T17:48:39.322
ATTEMPT 6 START n=6 d=3 seed=1620450 neq=6 2026-07-22T17:48:39.325
ATTEMPT 6 DONE  n=6 d=3 seed=1620450 nsol=729  36.19s  2026-07-22T17:49:15.518
ATTEMPT 7 START n=8 d=2 seed=1620451 neq=8 2026-07-22T17:49:15.526
ATTEMPT 7 DONE  n=8 d=2 seed=1620451 nsol=256  0.70s  2026-07-22T17:49:16.235
ATTEMPT 8 START n=10 d=2 seed=1620452 neq=10 2026-07-22T17:49:16.237
ATTEMPT 8 DONE  n=10 d=2 seed=1620452 nsol=1024  3.14s  2026-07-22T17:49:19.375
ATTEMPT 9 START n=9 d=2 seed=1620453 neq=9 2026-07-22T17:49:19.379
ATTEMPT 9 DONE  n=9 d=2 seed=1620453 nsol=512  1.08s  2026-07-22T17:49:20.460
ATTEMPT 10 START n=7 d=3 seed=1620454 neq=7 2026-07-22T17:49:20.464
ATTEMPT 10 DONE  n=7 d=3 seed=1620454 nsol=2187  6.48s  2026-07-22T17:49:26.946
ATTEMPT 11 START n=11 d=2 seed=1620455 neq=11 2026-07-22T17:49:26.951
ATTEMPT 11 DONE  n=11 d=2 seed=1620455 nsol=2048  12.89s  2026-07-22T17:49:39.846
ATTEMPT 12 START n=6 d=3 seed=1620456 neq=6 2026-07-22T17:49:39.849
ATTEMPT 12 DONE  n=6 d=3 seed=1620456 nsol=729  1.31s  2026-07-22T17:49:41.161
ATTEMPT 13 START n=8 d=2 seed=1620457 neq=8 2026-07-22T17:49:41.162
ATTEMPT 13 DONE  n=8 d=2 seed=1620457 nsol=256  1.25s  2026-07-22T17:49:42.417
ATTEMPT 14 START n=10 d=2 seed=1620458 neq=10 2026-07-22T17:49:42.420
ATTEMPT 14 DONE  n=10 d=2 seed=1620458 nsol=1024  5.25s  2026-07-22T17:49:47.672
ATTEMPT 15 START n=9 d=2 seed=1620459 neq=9 2026-07-22T17:49:47.714
ATTEMPT 15 DONE  n=9 d=2 seed=1620459 nsol=512  4.35s  2026-07-22T17:49:52.063
ATTEMPT 16 START n=7 d=3 seed=1620460 neq=7 2026-07-22T17:49:52.098
ATTEMPT 16 DONE  n=7 d=3 seed=1620460 nsol=2187  10.03s  2026-07-22T17:50:02.125
ATTEMPT 17 START n=11 d=2 seed=1620461 neq=11 2026-07-22T17:50:02.151
ATTEMPT 17 DONE  n=11 d=2 seed=1620461 nsol=2048  14.16s  2026-07-22T17:50:16.314
ATTEMPT 18 START n=6 d=3 seed=1620462 neq=6 2026-07-22T17:50:16.316
ATTEMPT 18 DONE  n=6 d=3 seed=1620462 nsol=729  1.71s  2026-07-22T17:50:18.030
ATTEMPT 19 START n=8 d=2 seed=1620463 neq=8 2026-07-22T17:50:18.032
ATTEMPT 19 DONE  n=8 d=2 seed=1620463 nsol=256  0.67s  2026-07-22T17:50:18.698
ATTEMPT 20 START n=10 d=2 seed=1620464 neq=10 2026-07-22T17:50:18.714
ATTEMPT 20 DONE  n=10 d=2 seed=1620464 nsol=1024  4.27s  2026-07-22T17:50:22.988
ATTEMPT 21 START n=9 d=2 seed=1620465 neq=9 2026-07-22T17:50:22.992
ATTEMPT 21 DONE  n=9 d=2 seed=1620465 nsol=512  1.36s  2026-07-22T17:50:24.360
ATTEMPT 22 START n=7 d=3 seed=1620466 neq=7 2026-07-22T17:50:24.372
ATTEMPT 22 DONE  n=7 d=3 seed=1620466 nsol=2187  7.27s  2026-07-22T17:50:31.651
ATTEMPT 23 START n=11 d=2 seed=1620467 neq=11 2026-07-22T17:50:31.670
Computing mixed cells... 288    Time: 0:00:00[K
   mixed_volume: 1618[K[A
[K[AComputing mixed cells... 378    Time: 0:00:00[K
   mixed_volume: 2048[K
ATTEMPT 23 DONE  n=11 d=2 seed=1620467 nsol=2048  8.66s  2026-07-22T17:50:40.330
ATTEMPT 24 START n=6 d=3 seed=1620468 neq=6 2026-07-22T17:50:40.333
ATTEMPT 24 DONE  n=6 d=3 seed=1620468 nsol=729  1.25s  2026-07-22T17:50:41.585
ATTEMPT 25 START n=8 d=2 seed=1620469 neq=8 2026-07-22T17:50:41.588
ATTEMPT 25 DONE  n=8 d=2 seed=1620469 nsol=256  0.41s  2026-07-22T17:50:42.002
ATTEMPT 26 START n=10 d=2 seed=1620470 neq=10 2026-07-22T17:50:42.008
ATTEMPT 26 DONE  n=10 d=2 seed=1620470 nsol=1024  6.65s  2026-07-22T17:50:48.653
ATTEMPT 27 START n=9 d=2 seed=1620471 neq=9 2026-07-22T17:50:48.658
ATTEMPT 27 DONE  n=9 d=2 seed=1620471 nsol=512  0.82s  2026-07-22T17:50:49.481
ATTEMPT 28 START n=7 d=3 seed=1620472 neq=7 2026-07-22T17:50:49.509
ATTEMPT 28 DONE  n=7 d=3 seed=1620472 nsol=2187  5.06s  2026-07-22T17:50:54.573
ATTEMPT 29 START n=11 d=2 seed=1620473 neq=11 2026-07-22T17:50:54.586
ATTEMPT 29 DONE  n=11 d=2 seed=1620473 nsol=2048  6.54s  2026-07-22T17:51:01.130
ATTEMPT 30 START n=6 d=3 seed=1620474 neq=6 2026-07-22T17:51:01.145
ATTEMPT 30 DONE  n=6 d=3 seed=1620474 nsol=729  1.26s  2026-07-22T17:51:02.407
ATTEMPT 31 START n=8 d=2 seed=1620475 neq=8 2026-07-22T17:51:02.409
ATTEMPT 31 DONE  n=8 d=2 seed=1620475 nsol=256  0.38s  2026-07-22T17:51:02.794
ATTEMPT 32 START n=10 d=2 seed=1620476 neq=10 2026-07-22T17:51:02.798
ATTEMPT 32 DONE  n=10 d=2 seed=1620476 nsol=1024  2.38s  2026-07-22T17:51:05.179
ATTEMPT 33 START n=9 d=2 seed=1620477 neq=9 2026-07-22T17:51:05.187
ATTEMPT 33 DONE  n=9 d=2 seed=1620477 nsol=512  0.97s  2026-07-22T17:51:06.159
ATTEMPT 34 START n=7 d=3 seed=1620478 neq=7 2026-07-22T17:51:06.175
ATTEMPT 34 DONE  n=7 d=3 seed=1620478 nsol=2187  9.16s  2026-07-22T17:51:15.337
ATTEMPT 35 START n=11 d=2 seed=1620479 neq=11 2026-07-22T17:51:15.368
ATTEMPT 35 DONE  n=11 d=2 seed=1620479 nsol=2048  15.91s  2026-07-22T17:51:31.280
ATTEMPT 36 START n=6 d=3 seed=1620480 neq=6 2026-07-22T17:51:31.285
ATTEMPT 36 DONE  n=6 d=3 seed=1620480 nsol=729  15.79s  2026-07-22T17:51:47.074
ATTEMPT 37 START n=8 d=2 seed=1620481 neq=8 2026-07-22T17:51:47.090
ATTEMPT 37 DONE  n=8 d=2 seed=1620481 nsol=256  0.56s  2026-07-22T17:51:47.650
ATTEMPT 38 START n=10 d=2 seed=1620482 neq=10 2026-07-22T17:51:47.652
ATTEMPT 38 DONE  n=10 d=2 seed=1620482 nsol=1024  16.49s  2026-07-22T17:52:04.142
ATTEMPT 39 START n=9 d=2 seed=1620483 neq=9 2026-07-22T17:52:04.146
ATTEMPT 39 DONE  n=9 d=2 seed=1620483 nsol=512  0.94s  2026-07-22T17:52:05.083
ATTEMPT 40 START n=7 d=3 seed=1620484 neq=7 2026-07-22T17:52:05.086
ATTEMPT 40 DONE  n=7 d=3 seed=1620484 nsol=2187  7.23s  2026-07-22T17:52:12.319
HUNT complete  2026-07-22T17:52:12.332
