HUNT start  nthreads=14  nsolves=40  seed_base=801083  shape=mix  pid=1913155  2026-07-22T16:35:44.484
ATTEMPT 1 START n=8 d=2 seed=801084 neq=8 2026-07-22T16:35:58.376
Computing mixed cells... 2    Time: 0:00:01[K
   mixed_volume: 18[K[A
[K[AComputing mixed cells... 53    Time: 0:00:01[K
   mixed_volume: 256[K
ATTEMPT 1 DONE  n=8 d=2 seed=801084 nsol=256  65.83s  2026-07-22T16:37:04.510
ATTEMPT 2 START n=10 d=2 seed=801085 neq=10 2026-07-22T16:37:04.843
ATTEMPT 2 DONE  n=10 d=2 seed=801085 nsol=1024  29.08s  2026-07-22T16:37:33.922
ATTEMPT 3 START n=9 d=2 seed=801086 neq=9 2026-07-22T16:37:33.927
ATTEMPT 3 DONE  n=9 d=2 seed=801086 nsol=512  18.24s  2026-07-22T16:37:52.166
ATTEMPT 4 START n=7 d=3 seed=801087 neq=7 2026-07-22T16:37:52.172
ATTEMPT 4 DONE  n=7 d=3 seed=801087 nsol=2187  47.18s  2026-07-22T16:38:39.351
ATTEMPT 5 START n=11 d=2 seed=801088 neq=11 2026-07-22T16:38:39.355
ATTEMPT 5 DONE  n=11 d=2 seed=801088 nsol=2048  50.51s  2026-07-22T16:39:29.869
ATTEMPT 6 START n=6 d=3 seed=801089 neq=6 2026-07-22T16:39:29.872
ATTEMPT 6 DONE  n=6 d=3 seed=801089 nsol=729  24.05s  2026-07-22T16:39:53.923
ATTEMPT 7 START n=8 d=2 seed=801090 neq=8 2026-07-22T16:39:53.925
ATTEMPT 7 DONE  n=8 d=2 seed=801090 nsol=256  0.20s  2026-07-22T16:39:54.120
ATTEMPT 8 START n=10 d=2 seed=801091 neq=10 2026-07-22T16:39:54.123
ATTEMPT 8 DONE  n=10 d=2 seed=801091 nsol=1024  2.52s  2026-07-22T16:39:56.647
ATTEMPT 9 START n=9 d=2 seed=801092 neq=9 2026-07-22T16:39:56.653
ATTEMPT 9 DONE  n=9 d=2 seed=801092 nsol=512  0.73s  2026-07-22T16:39:57.386
ATTEMPT 10 START n=7 d=3 seed=801093 neq=7 2026-07-22T16:39:57.390
ATTEMPT 10 DONE  n=7 d=3 seed=801093 nsol=2187  5.78s  2026-07-22T16:40:03.168
ATTEMPT 11 START n=11 d=2 seed=801094 neq=11 2026-07-22T16:40:03.178
ATTEMPT 11 DONE  n=11 d=2 seed=801094 nsol=2048  6.48s  2026-07-22T16:40:09.663
ATTEMPT 12 START n=6 d=3 seed=801095 neq=6 2026-07-22T16:40:09.673
ATTEMPT 12 DONE  n=6 d=3 seed=801095 nsol=729  1.32s  2026-07-22T16:40:10.996
ATTEMPT 13 START n=8 d=2 seed=801096 neq=8 2026-07-22T16:40:11.005
ATTEMPT 13 DONE  n=8 d=2 seed=801096 nsol=256  0.64s  2026-07-22T16:40:11.654
ATTEMPT 14 START n=10 d=2 seed=801097 neq=10 2026-07-22T16:40:11.695
ATTEMPT 14 DONE  n=10 d=2 seed=801097 nsol=1024  3.61s  2026-07-22T16:40:15.311
ATTEMPT 15 START n=9 d=2 seed=801098 neq=9 2026-07-22T16:40:15.333
ATTEMPT 15 DONE  n=9 d=2 seed=801098 nsol=512  1.63s  2026-07-22T16:40:16.961
ATTEMPT 16 START n=7 d=3 seed=801099 neq=7 2026-07-22T16:40:16.971
ATTEMPT 16 DONE  n=7 d=3 seed=801099 nsol=2187  8.59s  2026-07-22T16:40:25.567
ATTEMPT 17 START n=11 d=2 seed=801100 neq=11 2026-07-22T16:40:25.572
ATTEMPT 17 DONE  n=11 d=2 seed=801100 nsol=2048  8.85s  2026-07-22T16:40:34.427
ATTEMPT 18 START n=6 d=3 seed=801101 neq=6 2026-07-22T16:40:34.437
ATTEMPT 18 DONE  n=6 d=3 seed=801101 nsol=729  1.30s  2026-07-22T16:40:35.741
ATTEMPT 19 START n=8 d=2 seed=801102 neq=8 2026-07-22T16:40:35.744
ATTEMPT 19 DONE  n=8 d=2 seed=801102 nsol=256  1.32s  2026-07-22T16:40:37.066
ATTEMPT 20 START n=10 d=2 seed=801103 neq=10 2026-07-22T16:40:37.068
ATTEMPT 20 DONE  n=10 d=2 seed=801103 nsol=1024  3.52s  2026-07-22T16:40:40.588
ATTEMPT 21 START n=9 d=2 seed=801104 neq=9 2026-07-22T16:40:40.592
ATTEMPT 21 DONE  n=9 d=2 seed=801104 nsol=512  1.97s  2026-07-22T16:40:42.562
ATTEMPT 22 START n=7 d=3 seed=801105 neq=7 2026-07-22T16:40:42.572
ATTEMPT 22 DONE  n=7 d=3 seed=801105 nsol=2187  7.27s  2026-07-22T16:40:49.842
ATTEMPT 23 START n=11 d=2 seed=801106 neq=11 2026-07-22T16:40:49.849
ATTEMPT 23 DONE  n=11 d=2 seed=801106 nsol=2048  10.95s  2026-07-22T16:41:00.806
ATTEMPT 24 START n=6 d=3 seed=801107 neq=6 2026-07-22T16:41:00.812
ATTEMPT 24 DONE  n=6 d=3 seed=801107 nsol=729  1.48s  2026-07-22T16:41:02.288
ATTEMPT 25 START n=8 d=2 seed=801108 neq=8 2026-07-22T16:41:02.291
ATTEMPT 25 DONE  n=8 d=2 seed=801108 nsol=256  0.49s  2026-07-22T16:41:02.778
ATTEMPT 26 START n=10 d=2 seed=801109 neq=10 2026-07-22T16:41:02.780
ATTEMPT 26 DONE  n=10 d=2 seed=801109 nsol=1024  3.75s  2026-07-22T16:41:06.530
ATTEMPT 27 START n=9 d=2 seed=801110 neq=9 2026-07-22T16:41:06.542
ATTEMPT 27 DONE  n=9 d=2 seed=801110 nsol=512  1.13s  2026-07-22T16:41:07.670
ATTEMPT 28 START n=7 d=3 seed=801111 neq=7 2026-07-22T16:41:07.687
ATTEMPT 28 DONE  n=7 d=3 seed=801111 nsol=2187  5.08s  2026-07-22T16:41:12.764
ATTEMPT 29 START n=11 d=2 seed=801112 neq=11 2026-07-22T16:41:12.770
ATTEMPT 29 DONE  n=11 d=2 seed=801112 nsol=2048  6.02s  2026-07-22T16:41:18.791
ATTEMPT 30 START n=6 d=3 seed=801113 neq=6 2026-07-22T16:41:18.795
ATTEMPT 30 DONE  n=6 d=3 seed=801113 nsol=729  0.73s  2026-07-22T16:41:19.522
ATTEMPT 31 START n=8 d=2 seed=801114 neq=8 2026-07-22T16:41:19.525
ATTEMPT 31 DONE  n=8 d=2 seed=801114 nsol=256  0.26s  2026-07-22T16:41:19.783
ATTEMPT 32 START n=10 d=2 seed=801115 neq=10 2026-07-22T16:41:19.785
ATTEMPT 32 DONE  n=10 d=2 seed=801115 nsol=1024  1.90s  2026-07-22T16:41:21.687
ATTEMPT 33 START n=9 d=2 seed=801116 neq=9 2026-07-22T16:41:21.690
ATTEMPT 33 DONE  n=9 d=2 seed=801116 nsol=512  0.80s  2026-07-22T16:41:22.487
ATTEMPT 34 START n=7 d=3 seed=801117 neq=7 2026-07-22T16:41:22.494
ATTEMPT 34 DONE  n=7 d=3 seed=801117 nsol=2187  3.79s  2026-07-22T16:41:26.280
ATTEMPT 35 START n=11 d=2 seed=801118 neq=11 2026-07-22T16:41:26.283
ATTEMPT 35 DONE  n=11 d=2 seed=801118 nsol=2048  4.69s  2026-07-22T16:41:30.972
ATTEMPT 36 START n=6 d=3 seed=801119 neq=6 2026-07-22T16:41:30.975
ATTEMPT 36 DONE  n=6 d=3 seed=801119 nsol=729  4.25s  2026-07-22T16:41:35.230
ATTEMPT 37 START n=8 d=2 seed=801120 neq=8 2026-07-22T16:41:35.234
ATTEMPT 37 DONE  n=8 d=2 seed=801120 nsol=256  0.31s  2026-07-22T16:41:35.540
ATTEMPT 38 START n=10 d=2 seed=801121 neq=10 2026-07-22T16:41:35.543
ATTEMPT 38 DONE  n=10 d=2 seed=801121 nsol=1024  2.01s  2026-07-22T16:41:37.550
ATTEMPT 39 START n=9 d=2 seed=801122 neq=9 2026-07-22T16:41:37.554
ATTEMPT 39 DONE  n=9 d=2 seed=801122 nsol=512  0.59s  2026-07-22T16:41:38.139
ATTEMPT 40 START n=7 d=3 seed=801123 neq=7 2026-07-22T16:41:38.144
ATTEMPT 40 DONE  n=7 d=3 seed=801123 nsol=2187  3.08s  2026-07-22T16:41:41.223
HUNT complete  2026-07-22T16:41:41.245
