HUNT start  nthreads=14  nsolves=40  seed_base=716459  shape=mix  pid=1870232  2026-07-22T16:30:24.195
ATTEMPT 1 START n=8 d=2 seed=716460 neq=8 2026-07-22T16:30:50.281
Computing mixed cells... 2    Time: 0:00:01[K
   mixed_volume: 14[K[A
[K[AComputing mixed cells... 49    Time: 0:00:01[K
   mixed_volume: 256[K
ATTEMPT 1 DONE  n=8 d=2 seed=716460 nsol=256  47.97s  2026-07-22T16:31:38.797
ATTEMPT 2 START n=10 d=2 seed=716461 neq=10 2026-07-22T16:31:39.084
ATTEMPT 2 DONE  n=10 d=2 seed=716461 nsol=1024  15.60s  2026-07-22T16:31:54.687
ATTEMPT 3 START n=9 d=2 seed=716462 neq=9 2026-07-22T16:31:54.690
ATTEMPT 3 DONE  n=9 d=2 seed=716462 nsol=512  22.32s  2026-07-22T16:32:17.012
ATTEMPT 4 START n=7 d=3 seed=716463 neq=7 2026-07-22T16:32:17.022
ATTEMPT 4 DONE  n=7 d=3 seed=716463 nsol=2187  44.50s  2026-07-22T16:33:01.520
ATTEMPT 5 START n=11 d=2 seed=716464 neq=11 2026-07-22T16:33:01.537
ATTEMPT 5 DONE  n=11 d=2 seed=716464 nsol=2048  30.60s  2026-07-22T16:33:32.141
ATTEMPT 6 START n=6 d=3 seed=716465 neq=6 2026-07-22T16:33:32.148
ATTEMPT 6 DONE  n=6 d=3 seed=716465 nsol=729  16.55s  2026-07-22T16:33:48.705
ATTEMPT 7 START n=8 d=2 seed=716466 neq=8 2026-07-22T16:33:48.707
ATTEMPT 7 DONE  n=8 d=2 seed=716466 nsol=256  0.25s  2026-07-22T16:33:48.960
ATTEMPT 8 START n=10 d=2 seed=716467 neq=10 2026-07-22T16:33:48.962
ATTEMPT 8 DONE  n=10 d=2 seed=716467 nsol=1024  5.33s  2026-07-22T16:33:54.292
ATTEMPT 9 START n=9 d=2 seed=716468 neq=9 2026-07-22T16:33:54.296
ATTEMPT 9 DONE  n=9 d=2 seed=716468 nsol=512  0.67s  2026-07-22T16:33:54.961
ATTEMPT 10 START n=7 d=3 seed=716469 neq=7 2026-07-22T16:33:54.965
ATTEMPT 10 DONE  n=7 d=3 seed=716469 nsol=2187  5.35s  2026-07-22T16:34:00.318
ATTEMPT 11 START n=11 d=2 seed=716470 neq=11 2026-07-22T16:34:00.323
ATTEMPT 11 DONE  n=11 d=2 seed=716470 nsol=2048  4.83s  2026-07-22T16:34:05.152
ATTEMPT 12 START n=6 d=3 seed=716471 neq=6 2026-07-22T16:34:05.165
ATTEMPT 12 DONE  n=6 d=3 seed=716471 nsol=729  1.28s  2026-07-22T16:34:06.448
ATTEMPT 13 START n=8 d=2 seed=716472 neq=8 2026-07-22T16:34:06.450
ATTEMPT 13 DONE  n=8 d=2 seed=716472 nsol=256  0.52s  2026-07-22T16:34:06.972
ATTEMPT 14 START n=10 d=2 seed=716473 neq=10 2026-07-22T16:34:06.993
ATTEMPT 14 DONE  n=10 d=2 seed=716473 nsol=1024  3.88s  2026-07-22T16:34:10.880
ATTEMPT 15 START n=9 d=2 seed=716474 neq=9 2026-07-22T16:34:10.891
ATTEMPT 15 DONE  n=9 d=2 seed=716474 nsol=512  1.20s  2026-07-22T16:34:12.089
ATTEMPT 16 START n=7 d=3 seed=716475 neq=7 2026-07-22T16:34:12.097
ATTEMPT 16 DONE  n=7 d=3 seed=716475 nsol=2187  3.71s  2026-07-22T16:34:15.808
ATTEMPT 17 START n=11 d=2 seed=716476 neq=11 2026-07-22T16:34:15.813
ATTEMPT 17 DONE  n=11 d=2 seed=716476 nsol=2048  5.01s  2026-07-22T16:34:20.828
ATTEMPT 18 START n=6 d=3 seed=716477 neq=6 2026-07-22T16:34:20.831
ATTEMPT 18 DONE  n=6 d=3 seed=716477 nsol=729  1.05s  2026-07-22T16:34:21.876
ATTEMPT 19 START n=8 d=2 seed=716478 neq=8 2026-07-22T16:34:21.879
ATTEMPT 19 DONE  n=8 d=2 seed=716478 nsol=256  0.44s  2026-07-22T16:34:22.324
ATTEMPT 20 START n=10 d=2 seed=716479 neq=10 2026-07-22T16:34:22.336
ATTEMPT 20 DONE  n=10 d=2 seed=716479 nsol=1024  2.50s  2026-07-22T16:34:24.840
ATTEMPT 21 START n=9 d=2 seed=716480 neq=9 2026-07-22T16:34:24.848
ATTEMPT 21 DONE  n=9 d=2 seed=716480 nsol=512  1.16s  2026-07-22T16:34:26.006
ATTEMPT 22 START n=7 d=3 seed=716481 neq=7 2026-07-22T16:34:26.022
ATTEMPT 22 DONE  n=7 d=3 seed=716481 nsol=2187  9.44s  2026-07-22T16:34:35.463
ATTEMPT 23 START n=11 d=2 seed=716482 neq=11 2026-07-22T16:34:35.468
ATTEMPT 23 DONE  n=11 d=2 seed=716482 nsol=2048  7.25s  2026-07-22T16:34:42.719
ATTEMPT 24 START n=6 d=3 seed=716483 neq=6 2026-07-22T16:34:42.723
ATTEMPT 24 DONE  n=6 d=3 seed=716483 nsol=729  1.09s  2026-07-22T16:34:43.821
ATTEMPT 25 START n=8 d=2 seed=716484 neq=8 2026-07-22T16:34:43.823
ATTEMPT 25 DONE  n=8 d=2 seed=716484 nsol=256  0.23s  2026-07-22T16:34:44.057
ATTEMPT 26 START n=10 d=2 seed=716485 neq=10 2026-07-22T16:34:44.060
ATTEMPT 26 DONE  n=10 d=2 seed=716485 nsol=1024  3.81s  2026-07-22T16:34:47.870
ATTEMPT 27 START n=9 d=2 seed=716486 neq=9 2026-07-22T16:34:47.893
ATTEMPT 27 DONE  n=9 d=2 seed=716486 nsol=512  0.87s  2026-07-22T16:34:48.760
ATTEMPT 28 START n=7 d=3 seed=716487 neq=7 2026-07-22T16:34:48.771
ATTEMPT 28 DONE  n=7 d=3 seed=716487 nsol=2187  5.76s  2026-07-22T16:34:54.536
ATTEMPT 29 START n=11 d=2 seed=716488 neq=11 2026-07-22T16:34:54.551
ATTEMPT 29 DONE  n=11 d=2 seed=716488 nsol=2048  12.07s  2026-07-22T16:35:06.630
ATTEMPT 30 START n=6 d=3 seed=716489 neq=6 2026-07-22T16:35:06.640
ATTEMPT 30 DONE  n=6 d=3 seed=716489 nsol=729  1.10s  2026-07-22T16:35:07.739
ATTEMPT 31 START n=8 d=2 seed=716490 neq=8 2026-07-22T16:35:07.742
ATTEMPT 31 DONE  n=8 d=2 seed=716490 nsol=256  0.42s  2026-07-22T16:35:08.157
ATTEMPT 32 START n=10 d=2 seed=716491 neq=10 2026-07-22T16:35:08.181
ATTEMPT 32 DONE  n=10 d=2 seed=716491 nsol=1024  3.00s  2026-07-22T16:35:11.185
ATTEMPT 33 START n=9 d=2 seed=716492 neq=9 2026-07-22T16:35:11.197
ATTEMPT 33 DONE  n=9 d=2 seed=716492 nsol=512  0.93s  2026-07-22T16:35:12.122
ATTEMPT 34 START n=7 d=3 seed=716493 neq=7 2026-07-22T16:35:12.127
ATTEMPT 34 DONE  n=7 d=3 seed=716493 nsol=2187  5.83s  2026-07-22T16:35:17.953
ATTEMPT 35 START n=11 d=2 seed=716494 neq=11 2026-07-22T16:35:17.957
Computing mixed cells... 101    Time: 0:00:00[K
   mixed_volume: 669[K[A
[K[AComputing mixed cells... 313    Time: 0:00:00[K
   mixed_volume: 2048[K
ATTEMPT 35 DONE  n=11 d=2 seed=716494 nsol=2048  7.16s  2026-07-22T16:35:25.113
ATTEMPT 36 START n=6 d=3 seed=716495 neq=6 2026-07-22T16:35:25.125
ATTEMPT 36 DONE  n=6 d=3 seed=716495 nsol=729  1.86s  2026-07-22T16:35:26.983
ATTEMPT 37 START n=8 d=2 seed=716496 neq=8 2026-07-22T16:35:27.013
ATTEMPT 37 DONE  n=8 d=2 seed=716496 nsol=256  0.71s  2026-07-22T16:35:27.729
ATTEMPT 38 START n=10 d=2 seed=716497 neq=10 2026-07-22T16:35:27.733
ATTEMPT 38 DONE  n=10 d=2 seed=716497 nsol=1024  2.48s  2026-07-22T16:35:30.211
ATTEMPT 39 START n=9 d=2 seed=716498 neq=9 2026-07-22T16:35:30.214
ATTEMPT 39 DONE  n=9 d=2 seed=716498 nsol=512  1.03s  2026-07-22T16:35:31.244
ATTEMPT 40 START n=7 d=3 seed=716499 neq=7 2026-07-22T16:35:31.251
ATTEMPT 40 DONE  n=7 d=3 seed=716499 nsol=2187  5.35s  2026-07-22T16:35:36.608
HUNT complete  2026-07-22T16:35:36.619
