HUNT start  nthreads=14  nsolves=40  seed_base=329172  shape=mix  pid=1725548  2026-07-22T16:13:32.805
ATTEMPT 1 START n=8 d=2 seed=329173 neq=8 2026-07-22T16:13:51.033
Computing mixed cells... 2    Time: 0:00:02[K
   mixed_volume: 16[K[A
[K[AComputing mixed cells... 62    Time: 0:00:02[K
   mixed_volume: 256[K
ATTEMPT 1 DONE  n=8 d=2 seed=329173 nsol=256  52.91s  2026-07-22T16:14:44.516
ATTEMPT 2 START n=10 d=2 seed=329174 neq=10 2026-07-22T16:14:44.790
ATTEMPT 2 DONE  n=10 d=2 seed=329174 nsol=1024  16.30s  2026-07-22T16:15:01.095
ATTEMPT 3 START n=9 d=2 seed=329175 neq=9 2026-07-22T16:15:01.098
ATTEMPT 3 DONE  n=9 d=2 seed=329175 nsol=512  8.66s  2026-07-22T16:15:09.754
ATTEMPT 4 START n=7 d=3 seed=329176 neq=7 2026-07-22T16:15:09.758
ATTEMPT 4 DONE  n=7 d=3 seed=329176 nsol=2187  20.84s  2026-07-22T16:15:30.600
ATTEMPT 5 START n=11 d=2 seed=329177 neq=11 2026-07-22T16:15:30.605
ATTEMPT 5 DONE  n=11 d=2 seed=329177 nsol=2048  27.69s  2026-07-22T16:15:58.298
ATTEMPT 6 START n=6 d=3 seed=329178 neq=6 2026-07-22T16:15:58.302
ATTEMPT 6 DONE  n=6 d=3 seed=329178 nsol=729  17.11s  2026-07-22T16:16:15.411
ATTEMPT 7 START n=8 d=2 seed=329179 neq=8 2026-07-22T16:16:15.414
ATTEMPT 7 DONE  n=8 d=2 seed=329179 nsol=256  0.17s  2026-07-22T16:16:15.580
ATTEMPT 8 START n=10 d=2 seed=329180 neq=10 2026-07-22T16:16:15.583
ATTEMPT 8 DONE  n=10 d=2 seed=329180 nsol=1024  1.12s  2026-07-22T16:16:16.700
ATTEMPT 9 START n=9 d=2 seed=329181 neq=9 2026-07-22T16:16:16.701
ATTEMPT 9 DONE  n=9 d=2 seed=329181 nsol=512  0.45s  2026-07-22T16:16:17.152
ATTEMPT 10 START n=7 d=3 seed=329182 neq=7 2026-07-22T16:16:17.157
ATTEMPT 10 DONE  n=7 d=3 seed=329182 nsol=2187  2.55s  2026-07-22T16:16:19.710
ATTEMPT 11 START n=11 d=2 seed=329183 neq=11 2026-07-22T16:16:19.715
ATTEMPT 11 DONE  n=11 d=2 seed=329183 nsol=2048  3.14s  2026-07-22T16:16:22.851
ATTEMPT 12 START n=6 d=3 seed=329184 neq=6 2026-07-22T16:16:22.855
ATTEMPT 12 DONE  n=6 d=3 seed=329184 nsol=729  0.42s  2026-07-22T16:16:23.276
ATTEMPT 13 START n=8 d=2 seed=329185 neq=8 2026-07-22T16:16:23.278
ATTEMPT 13 DONE  n=8 d=2 seed=329185 nsol=256  0.15s  2026-07-22T16:16:23.427
ATTEMPT 14 START n=10 d=2 seed=329186 neq=10 2026-07-22T16:16:23.431
ATTEMPT 14 DONE  n=10 d=2 seed=329186 nsol=1024  1.14s  2026-07-22T16:16:24.575
ATTEMPT 15 START n=9 d=2 seed=329187 neq=9 2026-07-22T16:16:24.578
ATTEMPT 15 DONE  n=9 d=2 seed=329187 nsol=512  0.39s  2026-07-22T16:16:24.964
ATTEMPT 16 START n=7 d=3 seed=329188 neq=7 2026-07-22T16:16:24.968
ATTEMPT 16 DONE  n=7 d=3 seed=329188 nsol=2187  3.62s  2026-07-22T16:16:28.589
ATTEMPT 17 START n=11 d=2 seed=329189 neq=11 2026-07-22T16:16:28.607
ATTEMPT 17 DONE  n=11 d=2 seed=329189 nsol=2048  10.54s  2026-07-22T16:16:39.143
ATTEMPT 18 START n=6 d=3 seed=329190 neq=6 2026-07-22T16:16:39.164
ATTEMPT 18 DONE  n=6 d=3 seed=329190 nsol=729  1.26s  2026-07-22T16:16:40.425
ATTEMPT 19 START n=8 d=2 seed=329191 neq=8 2026-07-22T16:16:40.428
ATTEMPT 19 DONE  n=8 d=2 seed=329191 nsol=256  0.40s  2026-07-22T16:16:40.835
ATTEMPT 20 START n=10 d=2 seed=329192 neq=10 2026-07-22T16:16:40.838
ATTEMPT 20 DONE  n=10 d=2 seed=329192 nsol=1024  1.49s  2026-07-22T16:16:42.333
ATTEMPT 21 START n=9 d=2 seed=329193 neq=9 2026-07-22T16:16:42.336
ATTEMPT 21 DONE  n=9 d=2 seed=329193 nsol=512  0.50s  2026-07-22T16:16:42.840
ATTEMPT 22 START n=7 d=3 seed=329194 neq=7 2026-07-22T16:16:42.846
ATTEMPT 22 DONE  n=7 d=3 seed=329194 nsol=2187  2.37s  2026-07-22T16:16:45.217
ATTEMPT 23 START n=11 d=2 seed=329195 neq=11 2026-07-22T16:16:45.224
ATTEMPT 23 DONE  n=11 d=2 seed=329195 nsol=2048  3.22s  2026-07-22T16:16:48.445
ATTEMPT 24 START n=6 d=3 seed=329196 neq=6 2026-07-22T16:16:48.449
ATTEMPT 24 DONE  n=6 d=3 seed=329196 nsol=729  0.46s  2026-07-22T16:16:48.910
ATTEMPT 25 START n=8 d=2 seed=329197 neq=8 2026-07-22T16:16:48.915
ATTEMPT 25 DONE  n=8 d=2 seed=329197 nsol=256  0.15s  2026-07-22T16:16:49.065
ATTEMPT 26 START n=10 d=2 seed=329198 neq=10 2026-07-22T16:16:49.068
ATTEMPT 26 DONE  n=10 d=2 seed=329198 nsol=1024  1.16s  2026-07-22T16:16:50.232
ATTEMPT 27 START n=9 d=2 seed=329199 neq=9 2026-07-22T16:16:50.235
ATTEMPT 27 DONE  n=9 d=2 seed=329199 nsol=512  0.46s  2026-07-22T16:16:50.696
ATTEMPT 28 START n=7 d=3 seed=329200 neq=7 2026-07-22T16:16:50.700
ATTEMPT 28 DONE  n=7 d=3 seed=329200 nsol=2187  3.67s  2026-07-22T16:16:54.368
ATTEMPT 29 START n=11 d=2 seed=329201 neq=11 2026-07-22T16:16:54.373
ATTEMPT 29 DONE  n=11 d=2 seed=329201 nsol=2048  2.86s  2026-07-22T16:16:57.234
ATTEMPT 30 START n=6 d=3 seed=329202 neq=6 2026-07-22T16:16:57.238
ATTEMPT 30 DONE  n=6 d=3 seed=329202 nsol=729  0.44s  2026-07-22T16:16:57.677
ATTEMPT 31 START n=8 d=2 seed=329203 neq=8 2026-07-22T16:16:57.681
ATTEMPT 31 DONE  n=8 d=2 seed=329203 nsol=256  0.14s  2026-07-22T16:16:57.820
ATTEMPT 32 START n=10 d=2 seed=329204 neq=10 2026-07-22T16:16:57.822
ATTEMPT 32 DONE  n=10 d=2 seed=329204 nsol=1024  1.47s  2026-07-22T16:16:59.292
ATTEMPT 33 START n=9 d=2 seed=329205 neq=9 2026-07-22T16:16:59.299
ATTEMPT 33 DONE  n=9 d=2 seed=329205 nsol=512  1.00s  2026-07-22T16:17:00.300
ATTEMPT 34 START n=7 d=3 seed=329206 neq=7 2026-07-22T16:17:00.310
ATTEMPT 34 DONE  n=7 d=3 seed=329206 nsol=2187  5.53s  2026-07-22T16:17:05.843
ATTEMPT 35 START n=11 d=2 seed=329207 neq=11 2026-07-22T16:17:05.850
ATTEMPT 35 DONE  n=11 d=2 seed=329207 nsol=2048  8.02s  2026-07-22T16:17:13.870
ATTEMPT 36 START n=6 d=3 seed=329208 neq=6 2026-07-22T16:17:13.874
ATTEMPT 36 DONE  n=6 d=3 seed=329208 nsol=729  0.45s  2026-07-22T16:17:14.326
ATTEMPT 37 START n=8 d=2 seed=329209 neq=8 2026-07-22T16:17:14.329
ATTEMPT 37 DONE  n=8 d=2 seed=329209 nsol=256  0.16s  2026-07-22T16:17:14.488
ATTEMPT 38 START n=10 d=2 seed=329210 neq=10 2026-07-22T16:17:14.491
ATTEMPT 38 DONE  n=10 d=2 seed=329210 nsol=1024  1.33s  2026-07-22T16:17:15.817
ATTEMPT 39 START n=9 d=2 seed=329211 neq=9 2026-07-22T16:17:15.822
ATTEMPT 39 DONE  n=9 d=2 seed=329211 nsol=512  0.48s  2026-07-22T16:17:16.300
ATTEMPT 40 START n=7 d=3 seed=329212 neq=7 2026-07-22T16:17:16.306
ATTEMPT 40 DONE  n=7 d=3 seed=329212 nsol=2187  2.32s  2026-07-22T16:17:18.629
HUNT complete  2026-07-22T16:17:18.634
