HUNT start  nthreads=14  nsolves=40  seed_base=1213012  shape=mix  pid=2117125  2026-07-22T17:03:24.012
ATTEMPT 1 START n=8 d=2 seed=1213013 neq=8 2026-07-22T17:03:45.721
Computing mixed cells... 2    Time: 0:00:02[K
   mixed_volume: 6[K[A
[K[AComputing mixed cells... 62    Time: 0:00:02[K
   mixed_volume: 256[K
ATTEMPT 1 DONE  n=8 d=2 seed=1213013 nsol=256  88.69s  2026-07-22T17:05:15.107
ATTEMPT 2 START n=10 d=2 seed=1213014 neq=10 2026-07-22T17:05:15.962
ATTEMPT 2 DONE  n=10 d=2 seed=1213014 nsol=1024  32.52s  2026-07-22T17:05:48.483
ATTEMPT 3 START n=9 d=2 seed=1213015 neq=9 2026-07-22T17:05:48.492
ATTEMPT 3 DONE  n=9 d=2 seed=1213015 nsol=512  50.44s  2026-07-22T17:06:38.937
ATTEMPT 4 START n=7 d=3 seed=1213016 neq=7 2026-07-22T17:06:38.942
ATTEMPT 4 DONE  n=7 d=3 seed=1213016 nsol=2187  48.49s  2026-07-22T17:07:27.429
ATTEMPT 5 START n=11 d=2 seed=1213017 neq=11 2026-07-22T17:07:27.433
ATTEMPT 5 DONE  n=11 d=2 seed=1213017 nsol=2048  66.16s  2026-07-22T17:08:33.602
ATTEMPT 6 START n=6 d=3 seed=1213018 neq=6 2026-07-22T17:08:33.609
ATTEMPT 6 DONE  n=6 d=3 seed=1213018 nsol=729  60.87s  2026-07-22T17:09:34.478
ATTEMPT 7 START n=8 d=2 seed=1213019 neq=8 2026-07-22T17:09:34.480
ATTEMPT 7 DONE  n=8 d=2 seed=1213019 nsol=256  0.38s  2026-07-22T17:09:34.861
ATTEMPT 8 START n=10 d=2 seed=1213020 neq=10 2026-07-22T17:09:34.864
ATTEMPT 8 DONE  n=10 d=2 seed=1213020 nsol=1024  2.37s  2026-07-22T17:09:37.234
ATTEMPT 9 START n=9 d=2 seed=1213021 neq=9 2026-07-22T17:09:37.253
ATTEMPT 9 DONE  n=9 d=2 seed=1213021 nsol=512  0.73s  2026-07-22T17:09:37.984
ATTEMPT 10 START n=7 d=3 seed=1213022 neq=7 2026-07-22T17:09:37.989
ATTEMPT 10 DONE  n=7 d=3 seed=1213022 nsol=2187  4.28s  2026-07-22T17:09:42.274
ATTEMPT 11 START n=11 d=2 seed=1213023 neq=11 2026-07-22T17:09:42.282
ATTEMPT 11 DONE  n=11 d=2 seed=1213023 nsol=2048  5.06s  2026-07-22T17:09:47.346
ATTEMPT 12 START n=6 d=3 seed=1213024 neq=6 2026-07-22T17:09:47.354
ATTEMPT 12 DONE  n=6 d=3 seed=1213024 nsol=729  0.94s  2026-07-22T17:09:48.298
ATTEMPT 13 START n=8 d=2 seed=1213025 neq=8 2026-07-22T17:09:48.303
ATTEMPT 13 DONE  n=8 d=2 seed=1213025 nsol=256  0.52s  2026-07-22T17:09:48.827
ATTEMPT 14 START n=10 d=2 seed=1213026 neq=10 2026-07-22T17:09:48.844
ATTEMPT 14 DONE  n=10 d=2 seed=1213026 nsol=1024  2.24s  2026-07-22T17:09:51.084
ATTEMPT 15 START n=9 d=2 seed=1213027 neq=9 2026-07-22T17:09:51.087
ATTEMPT 15 DONE  n=9 d=2 seed=1213027 nsol=512  0.69s  2026-07-22T17:09:51.773
ATTEMPT 16 START n=7 d=3 seed=1213028 neq=7 2026-07-22T17:09:51.777
ATTEMPT 16 DONE  n=7 d=3 seed=1213028 nsol=2187  4.21s  2026-07-22T17:09:55.989
ATTEMPT 17 START n=11 d=2 seed=1213029 neq=11 2026-07-22T17:09:55.993
ATTEMPT 17 DONE  n=11 d=2 seed=1213029 nsol=2048  4.93s  2026-07-22T17:10:00.924
ATTEMPT 18 START n=6 d=3 seed=1213030 neq=6 2026-07-22T17:10:00.928
ATTEMPT 18 DONE  n=6 d=3 seed=1213030 nsol=729  0.84s  2026-07-22T17:10:01.765
ATTEMPT 19 START n=8 d=2 seed=1213031 neq=8 2026-07-22T17:10:01.769
ATTEMPT 19 DONE  n=8 d=2 seed=1213031 nsol=256  0.33s  2026-07-22T17:10:02.102
ATTEMPT 20 START n=10 d=2 seed=1213032 neq=10 2026-07-22T17:10:02.104
ATTEMPT 20 DONE  n=10 d=2 seed=1213032 nsol=1024  1.91s  2026-07-22T17:10:04.010
ATTEMPT 21 START n=9 d=2 seed=1213033 neq=9 2026-07-22T17:10:04.014
ATTEMPT 21 DONE  n=9 d=2 seed=1213033 nsol=512  0.93s  2026-07-22T17:10:04.950
ATTEMPT 22 START n=7 d=3 seed=1213034 neq=7 2026-07-22T17:10:04.961
ATTEMPT 22 DONE  n=7 d=3 seed=1213034 nsol=2187  6.80s  2026-07-22T17:10:11.757
ATTEMPT 23 START n=11 d=2 seed=1213035 neq=11 2026-07-22T17:10:11.768
ATTEMPT 23 DONE  n=11 d=2 seed=1213035 nsol=2048  4.32s  2026-07-22T17:10:16.092
ATTEMPT 24 START n=6 d=3 seed=1213036 neq=6 2026-07-22T17:10:16.101
ATTEMPT 24 DONE  n=6 d=3 seed=1213036 nsol=729  0.65s  2026-07-22T17:10:16.759
ATTEMPT 25 START n=8 d=2 seed=1213037 neq=8 2026-07-22T17:10:16.761
ATTEMPT 25 DONE  n=8 d=2 seed=1213037 nsol=256  0.29s  2026-07-22T17:10:17.048
ATTEMPT 26 START n=10 d=2 seed=1213038 neq=10 2026-07-22T17:10:17.052
ATTEMPT 26 DONE  n=10 d=2 seed=1213038 nsol=1024  2.23s  2026-07-22T17:10:19.288
ATTEMPT 27 START n=9 d=2 seed=1213039 neq=9 2026-07-22T17:10:19.292
ATTEMPT 27 DONE  n=9 d=2 seed=1213039 nsol=512  0.72s  2026-07-22T17:10:20.007
ATTEMPT 28 START n=7 d=3 seed=1213040 neq=7 2026-07-22T17:10:20.011
ATTEMPT 28 DONE  n=7 d=3 seed=1213040 nsol=2187  4.09s  2026-07-22T17:10:24.098
ATTEMPT 29 START n=11 d=2 seed=1213041 neq=11 2026-07-22T17:10:24.111
ATTEMPT 29 DONE  n=11 d=2 seed=1213041 nsol=2048  5.15s  2026-07-22T17:10:29.263
ATTEMPT 30 START n=6 d=3 seed=1213042 neq=6 2026-07-22T17:10:29.267
ATTEMPT 30 DONE  n=6 d=3 seed=1213042 nsol=729  0.74s  2026-07-22T17:10:30.011
ATTEMPT 31 START n=8 d=2 seed=1213043 neq=8 2026-07-22T17:10:30.014
ATTEMPT 31 DONE  n=8 d=2 seed=1213043 nsol=256  0.36s  2026-07-22T17:10:30.378
ATTEMPT 32 START n=10 d=2 seed=1213044 neq=10 2026-07-22T17:10:30.380
ATTEMPT 32 DONE  n=10 d=2 seed=1213044 nsol=1024  2.28s  2026-07-22T17:10:32.659
ATTEMPT 33 START n=9 d=2 seed=1213045 neq=9 2026-07-22T17:10:32.662
ATTEMPT 33 DONE  n=9 d=2 seed=1213045 nsol=512  0.83s  2026-07-22T17:10:33.493
ATTEMPT 34 START n=7 d=3 seed=1213046 neq=7 2026-07-22T17:10:33.504
ATTEMPT 34 DONE  n=7 d=3 seed=1213046 nsol=2187  3.81s  2026-07-22T17:10:37.320
ATTEMPT 35 START n=11 d=2 seed=1213047 neq=11 2026-07-22T17:10:37.333
ATTEMPT 35 DONE  n=11 d=2 seed=1213047 nsol=2048  9.22s  2026-07-22T17:10:46.549
ATTEMPT 36 START n=6 d=3 seed=1213048 neq=6 2026-07-22T17:10:46.554
ATTEMPT 36 DONE  n=6 d=3 seed=1213048 nsol=729  0.80s  2026-07-22T17:10:47.355
ATTEMPT 37 START n=8 d=2 seed=1213049 neq=8 2026-07-22T17:10:47.359
ATTEMPT 37 DONE  n=8 d=2 seed=1213049 nsol=256  0.29s  2026-07-22T17:10:47.647
ATTEMPT 38 START n=10 d=2 seed=1213050 neq=10 2026-07-22T17:10:47.658
ATTEMPT 38 DONE  n=10 d=2 seed=1213050 nsol=1024  2.02s  2026-07-22T17:10:49.673
ATTEMPT 39 START n=9 d=2 seed=1213051 neq=9 2026-07-22T17:10:49.682
ATTEMPT 39 DONE  n=9 d=2 seed=1213051 nsol=512  0.75s  2026-07-22T17:10:50.429
ATTEMPT 40 START n=7 d=3 seed=1213052 neq=7 2026-07-22T17:10:50.450
ATTEMPT 40 DONE  n=7 d=3 seed=1213052 nsol=2187  4.38s  2026-07-22T17:10:54.827
HUNT complete  2026-07-22T17:10:54.853
