HUNT start  nthreads=14  nsolves=40  seed_base=1313593  shape=mix  pid=2169338  2026-07-22T17:11:02.012
ATTEMPT 1 START n=8 d=2 seed=1313594 neq=8 2026-07-22T17:11:35.681
Computing mixed cells... 2    Time: 0:00:02[K
   mixed_volume: 3[K[A
[K[AComputing mixed cells... 87    Time: 0:00:02[K
   mixed_volume: 256[K
ATTEMPT 1 DONE  n=8 d=2 seed=1313594 nsol=256  82.21s  2026-07-22T17:12:58.612
ATTEMPT 2 START n=10 d=2 seed=1313595 neq=10 2026-07-22T17:12:58.932
ATTEMPT 2 DONE  n=10 d=2 seed=1313595 nsol=1024  58.47s  2026-07-22T17:13:57.400
ATTEMPT 3 START n=9 d=2 seed=1313596 neq=9 2026-07-22T17:13:57.404
ATTEMPT 3 DONE  n=9 d=2 seed=1313596 nsol=512  51.19s  2026-07-22T17:14:48.594
ATTEMPT 4 START n=7 d=3 seed=1313597 neq=7 2026-07-22T17:14:48.722
ATTEMPT 4 DONE  n=7 d=3 seed=1313597 nsol=2187  95.56s  2026-07-22T17:16:24.278
ATTEMPT 5 START n=11 d=2 seed=1313598 neq=11 2026-07-22T17:16:24.291
Computing mixed cells... 238    Time: 0:00:00[K
   mixed_volume: 1642[K[A
[K[AComputing mixed cells... 323    Time: 0:00:00[K
   mixed_volume: 2048[K
ATTEMPT 5 DONE  n=11 d=2 seed=1313598 nsol=2048  59.29s  2026-07-22T17:17:23.577
ATTEMPT 6 START n=6 d=3 seed=1313599 neq=6 2026-07-22T17:17:23.580
ATTEMPT 6 DONE  n=6 d=3 seed=1313599 nsol=729  20.32s  2026-07-22T17:17:43.898
ATTEMPT 7 START n=8 d=2 seed=1313600 neq=8 2026-07-22T17:17:43.900
ATTEMPT 7 DONE  n=8 d=2 seed=1313600 nsol=256  0.32s  2026-07-22T17:17:44.225
ATTEMPT 8 START n=10 d=2 seed=1313601 neq=10 2026-07-22T17:17:44.232
ATTEMPT 8 DONE  n=10 d=2 seed=1313601 nsol=1024  1.91s  2026-07-22T17:17:46.145
ATTEMPT 9 START n=9 d=2 seed=1313602 neq=9 2026-07-22T17:17:46.154
ATTEMPT 9 DONE  n=9 d=2 seed=1313602 nsol=512  0.71s  2026-07-22T17:17:46.868
ATTEMPT 10 START n=7 d=3 seed=1313603 neq=7 2026-07-22T17:17:46.878
ATTEMPT 10 DONE  n=7 d=3 seed=1313603 nsol=2187  3.04s  2026-07-22T17:17:49.918
ATTEMPT 11 START n=11 d=2 seed=1313604 neq=11 2026-07-22T17:17:49.931
ATTEMPT 11 DONE  n=11 d=2 seed=1313604 nsol=2048  8.28s  2026-07-22T17:17:58.212
ATTEMPT 12 START n=6 d=3 seed=1313605 neq=6 2026-07-22T17:17:58.219
ATTEMPT 12 DONE  n=6 d=3 seed=1313605 nsol=729  0.87s  2026-07-22T17:17:59.085
ATTEMPT 13 START n=8 d=2 seed=1313606 neq=8 2026-07-22T17:17:59.087
ATTEMPT 13 DONE  n=8 d=2 seed=1313606 nsol=256  0.25s  2026-07-22T17:17:59.339
ATTEMPT 14 START n=10 d=2 seed=1313607 neq=10 2026-07-22T17:17:59.341
ATTEMPT 14 DONE  n=10 d=2 seed=1313607 nsol=1024  1.86s  2026-07-22T17:18:01.199
ATTEMPT 15 START n=9 d=2 seed=1313608 neq=9 2026-07-22T17:18:01.208
ATTEMPT 15 DONE  n=9 d=2 seed=1313608 nsol=512  0.98s  2026-07-22T17:18:02.194
ATTEMPT 16 START n=7 d=3 seed=1313609 neq=7 2026-07-22T17:18:02.202
ATTEMPT 16 DONE  n=7 d=3 seed=1313609 nsol=2187  3.37s  2026-07-22T17:18:05.575
ATTEMPT 17 START n=11 d=2 seed=1313610 neq=11 2026-07-22T17:18:05.578
ATTEMPT 17 DONE  n=11 d=2 seed=1313610 nsol=2048  4.92s  2026-07-22T17:18:10.497
ATTEMPT 18 START n=6 d=3 seed=1313611 neq=6 2026-07-22T17:18:10.500
ATTEMPT 18 DONE  n=6 d=3 seed=1313611 nsol=729  0.73s  2026-07-22T17:18:11.230
ATTEMPT 19 START n=8 d=2 seed=1313612 neq=8 2026-07-22T17:18:11.237
ATTEMPT 19 DONE  n=8 d=2 seed=1313612 nsol=256  0.38s  2026-07-22T17:18:11.622
ATTEMPT 20 START n=10 d=2 seed=1313613 neq=10 2026-07-22T17:18:11.640
ATTEMPT 20 DONE  n=10 d=2 seed=1313613 nsol=1024  1.85s  2026-07-22T17:18:13.494
ATTEMPT 21 START n=9 d=2 seed=1313614 neq=9 2026-07-22T17:18:13.497
ATTEMPT 21 DONE  n=9 d=2 seed=1313614 nsol=512  0.93s  2026-07-22T17:18:14.429
ATTEMPT 22 START n=7 d=3 seed=1313615 neq=7 2026-07-22T17:18:14.435
ATTEMPT 22 DONE  n=7 d=3 seed=1313615 nsol=2187  3.56s  2026-07-22T17:18:17.991
ATTEMPT 23 START n=11 d=2 seed=1313616 neq=11 2026-07-22T17:18:17.994
ATTEMPT 23 DONE  n=11 d=2 seed=1313616 nsol=2048  4.64s  2026-07-22T17:18:22.636
ATTEMPT 24 START n=6 d=3 seed=1313617 neq=6 2026-07-22T17:18:22.650
ATTEMPT 24 DONE  n=6 d=3 seed=1313617 nsol=729  0.79s  2026-07-22T17:18:23.443
ATTEMPT 25 START n=8 d=2 seed=1313618 neq=8 2026-07-22T17:18:23.448
ATTEMPT 25 DONE  n=8 d=2 seed=1313618 nsol=256  0.27s  2026-07-22T17:18:23.716
ATTEMPT 26 START n=10 d=2 seed=1313619 neq=10 2026-07-22T17:18:23.719
ATTEMPT 26 DONE  n=10 d=2 seed=1313619 nsol=1024  1.53s  2026-07-22T17:18:25.251
ATTEMPT 27 START n=9 d=2 seed=1313620 neq=9 2026-07-22T17:18:25.261
ATTEMPT 27 DONE  n=9 d=2 seed=1313620 nsol=512  0.75s  2026-07-22T17:18:26.009
ATTEMPT 28 START n=7 d=3 seed=1313621 neq=7 2026-07-22T17:18:26.014
ATTEMPT 28 DONE  n=7 d=3 seed=1313621 nsol=2187  6.93s  2026-07-22T17:18:32.946
ATTEMPT 29 START n=11 d=2 seed=1313622 neq=11 2026-07-22T17:18:32.949
ATTEMPT 29 DONE  n=11 d=2 seed=1313622 nsol=2048  5.11s  2026-07-22T17:18:38.056
ATTEMPT 30 START n=6 d=3 seed=1313623 neq=6 2026-07-22T17:18:38.059
ATTEMPT 30 DONE  n=6 d=3 seed=1313623 nsol=729  0.75s  2026-07-22T17:18:38.809
ATTEMPT 31 START n=8 d=2 seed=1313624 neq=8 2026-07-22T17:18:38.815
ATTEMPT 31 DONE  n=8 d=2 seed=1313624 nsol=256  0.30s  2026-07-22T17:18:39.110
ATTEMPT 32 START n=10 d=2 seed=1313625 neq=10 2026-07-22T17:18:39.115
ATTEMPT 32 DONE  n=10 d=2 seed=1313625 nsol=1024  1.83s  2026-07-22T17:18:40.950
ATTEMPT 33 START n=9 d=2 seed=1313626 neq=9 2026-07-22T17:18:40.958
ATTEMPT 33 DONE  n=9 d=2 seed=1313626 nsol=512  0.70s  2026-07-22T17:18:41.661
ATTEMPT 34 START n=7 d=3 seed=1313627 neq=7 2026-07-22T17:18:41.666
ATTEMPT 34 DONE  n=7 d=3 seed=1313627 nsol=2187  3.29s  2026-07-22T17:18:44.957
ATTEMPT 35 START n=11 d=2 seed=1313628 neq=11 2026-07-22T17:18:44.969
ATTEMPT 35 DONE  n=11 d=2 seed=1313628 nsol=2048  4.81s  2026-07-22T17:18:49.781
ATTEMPT 36 START n=6 d=3 seed=1313629 neq=6 2026-07-22T17:18:49.784
ATTEMPT 36 DONE  n=6 d=3 seed=1313629 nsol=729  0.76s  2026-07-22T17:18:50.542
ATTEMPT 37 START n=8 d=2 seed=1313630 neq=8 2026-07-22T17:18:50.550
ATTEMPT 37 DONE  n=8 d=2 seed=1313630 nsol=256  0.30s  2026-07-22T17:18:50.846
ATTEMPT 38 START n=10 d=2 seed=1313631 neq=10 2026-07-22T17:18:50.849
ATTEMPT 38 DONE  n=10 d=2 seed=1313631 nsol=1024  2.13s  2026-07-22T17:18:52.978
ATTEMPT 39 START n=9 d=2 seed=1313632 neq=9 2026-07-22T17:18:52.986
ATTEMPT 39 DONE  n=9 d=2 seed=1313632 nsol=512  1.10s  2026-07-22T17:18:54.082
ATTEMPT 40 START n=7 d=3 seed=1313633 neq=7 2026-07-22T17:18:54.106
ATTEMPT 40 DONE  n=7 d=3 seed=1313633 nsol=2187  7.06s  2026-07-22T17:19:01.166
HUNT complete  2026-07-22T17:19:01.175
