HUNT start  nthreads=14  nsolves=40  seed_base=1715894  shape=mix  pid=2443153  2026-07-22T17:52:29.180
ATTEMPT 1 START n=8 d=2 seed=1715895 neq=8 2026-07-22T17:53:05.337
Computing mixed cells... 2    Time: 0:00:03[K
   mixed_volume: 2[K[A
[K[AComputing mixed cells... 56    Time: 0:00:03[K
   mixed_volume: 256[K
ATTEMPT 1 DONE  n=8 d=2 seed=1715895 nsol=256  120.93s  2026-07-22T17:55:06.515
ATTEMPT 2 START n=10 d=2 seed=1715896 neq=10 2026-07-22T17:55:06.805
ATTEMPT 2 DONE  n=10 d=2 seed=1715896 nsol=1024  100.48s  2026-07-22T17:56:47.284
ATTEMPT 3 START n=9 d=2 seed=1715897 neq=9 2026-07-22T17:56:47.286
ATTEMPT 3 DONE  n=9 d=2 seed=1715897 nsol=512  36.32s  2026-07-22T17:57:23.605
ATTEMPT 4 START n=7 d=3 seed=1715898 neq=7 2026-07-22T17:57:23.614
ATTEMPT 4 DONE  n=7 d=3 seed=1715898 nsol=2187  83.78s  2026-07-22T17:58:47.390
ATTEMPT 5 START n=11 d=2 seed=1715899 neq=11 2026-07-22T17:58:47.406
ATTEMPT 5 DONE  n=11 d=2 seed=1715899 nsol=2048  99.58s  2026-07-22T18:00:26.986
ATTEMPT 6 START n=6 d=3 seed=1715900 neq=6 2026-07-22T18:00:26.992
ATTEMPT 6 DONE  n=6 d=3 seed=1715900 nsol=729  52.14s  2026-07-22T18:01:19.132
ATTEMPT 7 START n=8 d=2 seed=1715901 neq=8 2026-07-22T18:01:19.134
ATTEMPT 7 DONE  n=8 d=2 seed=1715901 nsol=256  0.39s  2026-07-22T18:01:19.527
ATTEMPT 8 START n=10 d=2 seed=1715902 neq=10 2026-07-22T18:01:19.529
ATTEMPT 8 DONE  n=10 d=2 seed=1715902 nsol=1024  3.33s  2026-07-22T18:01:22.855
ATTEMPT 9 START n=9 d=2 seed=1715903 neq=9 2026-07-22T18:01:22.858
ATTEMPT 9 DONE  n=9 d=2 seed=1715903 nsol=512  1.55s  2026-07-22T18:01:24.412
ATTEMPT 10 START n=7 d=3 seed=1715904 neq=7 2026-07-22T18:01:24.419
ATTEMPT 10 DONE  n=7 d=3 seed=1715904 nsol=2187  11.56s  2026-07-22T18:01:35.976
ATTEMPT 11 START n=11 d=2 seed=1715905 neq=11 2026-07-22T18:01:35.982
ATTEMPT 11 DONE  n=11 d=2 seed=1715905 nsol=2048  7.73s  2026-07-22T18:01:43.712
ATTEMPT 12 START n=6 d=3 seed=1715906 neq=6 2026-07-22T18:01:43.715
ATTEMPT 12 DONE  n=6 d=3 seed=1715906 nsol=729  1.56s  2026-07-22T18:01:45.275
ATTEMPT 13 START n=8 d=2 seed=1715907 neq=8 2026-07-22T18:01:45.281
ATTEMPT 13 DONE  n=8 d=2 seed=1715907 nsol=256  0.58s  2026-07-22T18:01:45.864
ATTEMPT 14 START n=10 d=2 seed=1715908 neq=10 2026-07-22T18:01:45.866
ATTEMPT 14 DONE  n=10 d=2 seed=1715908 nsol=1024  4.81s  2026-07-22T18:01:50.678
ATTEMPT 15 START n=9 d=2 seed=1715909 neq=9 2026-07-22T18:01:50.690
ATTEMPT 15 DONE  n=9 d=2 seed=1715909 nsol=512  0.88s  2026-07-22T18:01:51.577
ATTEMPT 16 START n=7 d=3 seed=1715910 neq=7 2026-07-22T18:01:51.581
ATTEMPT 16 DONE  n=7 d=3 seed=1715910 nsol=2187  6.53s  2026-07-22T18:01:58.113
ATTEMPT 17 START n=11 d=2 seed=1715911 neq=11 2026-07-22T18:01:58.123
ATTEMPT 17 DONE  n=11 d=2 seed=1715911 nsol=2048  12.79s  2026-07-22T18:02:10.917
ATTEMPT 18 START n=6 d=3 seed=1715912 neq=6 2026-07-22T18:02:10.921
ATTEMPT 18 DONE  n=6 d=3 seed=1715912 nsol=729  2.22s  2026-07-22T18:02:13.142
ATTEMPT 19 START n=8 d=2 seed=1715913 neq=8 2026-07-22T18:02:13.158
ATTEMPT 19 DONE  n=8 d=2 seed=1715913 nsol=256  1.03s  2026-07-22T18:02:14.206
ATTEMPT 20 START n=10 d=2 seed=1715914 neq=10 2026-07-22T18:02:14.209
ATTEMPT 20 DONE  n=10 d=2 seed=1715914 nsol=1024  4.74s  2026-07-22T18:02:18.951
ATTEMPT 21 START n=9 d=2 seed=1715915 neq=9 2026-07-22T18:02:18.954
ATTEMPT 21 DONE  n=9 d=2 seed=1715915 nsol=512  1.41s  2026-07-22T18:02:20.380
ATTEMPT 22 START n=7 d=3 seed=1715916 neq=7 2026-07-22T18:02:20.399
ATTEMPT 22 DONE  n=7 d=3 seed=1715916 nsol=2187  7.29s  2026-07-22T18:02:27.687
ATTEMPT 23 START n=11 d=2 seed=1715917 neq=11 2026-07-22T18:02:27.696
Computing mixed cells... 179    Time: 0:00:00[K
   mixed_volume: 945[K[A
[K[AComputing mixed cells... 373    Time: 0:00:00[K
   mixed_volume: 2048[K
ATTEMPT 23 DONE  n=11 d=2 seed=1715917 nsol=2048  16.30s  2026-07-22T18:02:44.001
ATTEMPT 24 START n=6 d=3 seed=1715918 neq=6 2026-07-22T18:02:44.010
ATTEMPT 24 DONE  n=6 d=3 seed=1715918 nsol=729  2.01s  2026-07-22T18:02:46.030
ATTEMPT 25 START n=8 d=2 seed=1715919 neq=8 2026-07-22T18:02:46.048
ATTEMPT 25 DONE  n=8 d=2 seed=1715919 nsol=256  0.66s  2026-07-22T18:02:46.707
ATTEMPT 26 START n=10 d=2 seed=1715920 neq=10 2026-07-22T18:02:46.709
Computing mixed cells... 2    Time: 0:00:00[K
   mixed_volume: 9[K[A
[K[AComputing mixed cells... 162    Time: 0:00:00[K
   mixed_volume: 1024[K
ATTEMPT 26 DONE  n=10 d=2 seed=1715920 nsol=1024  4.11s  2026-07-22T18:02:50.821
ATTEMPT 27 START n=9 d=2 seed=1715921 neq=9 2026-07-22T18:02:50.828
ATTEMPT 27 DONE  n=9 d=2 seed=1715921 nsol=512  1.54s  2026-07-22T18:02:52.366
ATTEMPT 28 START n=7 d=3 seed=1715922 neq=7 2026-07-22T18:02:52.424
ATTEMPT 28 DONE  n=7 d=3 seed=1715922 nsol=2187  7.19s  2026-07-22T18:02:59.619
ATTEMPT 29 START n=11 d=2 seed=1715923 neq=11 2026-07-22T18:02:59.629
Computing mixed cells... 161    Time: 0:00:00[K
   mixed_volume: 2040[K[A
[K[AComputing mixed cells... 162    Time: 0:00:00[K
   mixed_volume: 2048[K
ATTEMPT 29 DONE  n=11 d=2 seed=1715923 nsol=2048  9.73s  2026-07-22T18:03:09.364
ATTEMPT 30 START n=6 d=3 seed=1715924 neq=6 2026-07-22T18:03:09.368
ATTEMPT 30 DONE  n=6 d=3 seed=1715924 nsol=729  1.50s  2026-07-22T18:03:10.870
ATTEMPT 31 START n=8 d=2 seed=1715925 neq=8 2026-07-22T18:03:10.897
ATTEMPT 31 DONE  n=8 d=2 seed=1715925 nsol=256  0.80s  2026-07-22T18:03:11.700
ATTEMPT 32 START n=10 d=2 seed=1715926 neq=10 2026-07-22T18:03:11.705
ATTEMPT 32 DONE  n=10 d=2 seed=1715926 nsol=1024  3.31s  2026-07-22T18:03:15.014
ATTEMPT 33 START n=9 d=2 seed=1715927 neq=9 2026-07-22T18:03:15.027
ATTEMPT 33 DONE  n=9 d=2 seed=1715927 nsol=512  5.10s  2026-07-22T18:03:20.125
ATTEMPT 34 START n=7 d=3 seed=1715928 neq=7 2026-07-22T18:03:20.143
ATTEMPT 34 DONE  n=7 d=3 seed=1715928 nsol=2187  8.53s  2026-07-22T18:03:28.679
ATTEMPT 35 START n=11 d=2 seed=1715929 neq=11 2026-07-22T18:03:28.693
ATTEMPT 35 DONE  n=11 d=2 seed=1715929 nsol=2048  6.22s  2026-07-22T18:03:34.911
ATTEMPT 36 START n=6 d=3 seed=1715930 neq=6 2026-07-22T18:03:34.914
ATTEMPT 36 DONE  n=6 d=3 seed=1715930 nsol=729  0.91s  2026-07-22T18:03:35.820
ATTEMPT 37 START n=8 d=2 seed=1715931 neq=8 2026-07-22T18:03:35.823
ATTEMPT 37 DONE  n=8 d=2 seed=1715931 nsol=256  0.36s  2026-07-22T18:03:36.181
ATTEMPT 38 START n=10 d=2 seed=1715932 neq=10 2026-07-22T18:03:36.183
ATTEMPT 38 DONE  n=10 d=2 seed=1715932 nsol=1024  2.65s  2026-07-22T18:03:38.836
ATTEMPT 39 START n=9 d=2 seed=1715933 neq=9 2026-07-22T18:03:38.839
ATTEMPT 39 DONE  n=9 d=2 seed=1715933 nsol=512  1.01s  2026-07-22T18:03:39.846
ATTEMPT 40 START n=7 d=3 seed=1715934 neq=7 2026-07-22T18:03:39.877
ATTEMPT 40 DONE  n=7 d=3 seed=1715934 nsol=2187  5.48s  2026-07-22T18:03:45.360
HUNT complete  2026-07-22T18:03:45.365
