HUNT start  nthreads=14  nsolves=40  seed_base=502094  shape=mix  pid=1795725  2026-07-22T16:21:38.714
ATTEMPT 1 START n=8 d=2 seed=502095 neq=8 2026-07-22T16:21:52.633
Computing mixed cells... 2    Time: 0:00:02[K
   mixed_volume: 4[K[A
[K[AComputing mixed cells... 65    Time: 0:00:02[K
   mixed_volume: 256[K
ATTEMPT 1 DONE  n=8 d=2 seed=502095 nsol=256  65.96s  2026-07-22T16:22:58.970
ATTEMPT 2 START n=10 d=2 seed=502096 neq=10 2026-07-22T16:22:59.185
ATTEMPT 2 DONE  n=10 d=2 seed=502096 nsol=1024  18.65s  2026-07-22T16:23:17.832
ATTEMPT 3 START n=9 d=2 seed=502097 neq=9 2026-07-22T16:23:17.835
ATTEMPT 3 DONE  n=9 d=2 seed=502097 nsol=512  8.91s  2026-07-22T16:23:26.745
ATTEMPT 4 START n=7 d=3 seed=502098 neq=7 2026-07-22T16:23:26.751
ATTEMPT 4 DONE  n=7 d=3 seed=502098 nsol=2187  32.08s  2026-07-22T16:23:58.829
ATTEMPT 5 START n=11 d=2 seed=502099 neq=11 2026-07-22T16:23:58.833
ATTEMPT 5 DONE  n=11 d=2 seed=502099 nsol=2048  27.76s  2026-07-22T16:24:26.593
ATTEMPT 6 START n=6 d=3 seed=502100 neq=6 2026-07-22T16:24:26.595
ATTEMPT 6 DONE  n=6 d=3 seed=502100 nsol=729  10.52s  2026-07-22T16:24:37.113
ATTEMPT 7 START n=8 d=2 seed=502101 neq=8 2026-07-22T16:24:37.115
ATTEMPT 7 DONE  n=8 d=2 seed=502101 nsol=256  0.15s  2026-07-22T16:24:37.269
ATTEMPT 8 START n=10 d=2 seed=502102 neq=10 2026-07-22T16:24:37.272
ATTEMPT 8 DONE  n=10 d=2 seed=502102 nsol=1024  1.52s  2026-07-22T16:24:38.788
ATTEMPT 9 START n=9 d=2 seed=502103 neq=9 2026-07-22T16:24:38.791
ATTEMPT 9 DONE  n=9 d=2 seed=502103 nsol=512  0.55s  2026-07-22T16:24:39.340
ATTEMPT 10 START n=7 d=3 seed=502104 neq=7 2026-07-22T16:24:39.345
ATTEMPT 10 DONE  n=7 d=3 seed=502104 nsol=2187  5.15s  2026-07-22T16:24:44.492
ATTEMPT 11 START n=11 d=2 seed=502105 neq=11 2026-07-22T16:24:44.504
ATTEMPT 11 DONE  n=11 d=2 seed=502105 nsol=2048  7.58s  2026-07-22T16:24:52.080
ATTEMPT 12 START n=6 d=3 seed=502106 neq=6 2026-07-22T16:24:52.084
ATTEMPT 12 DONE  n=6 d=3 seed=502106 nsol=729  0.43s  2026-07-22T16:24:52.516
ATTEMPT 13 START n=8 d=2 seed=502107 neq=8 2026-07-22T16:24:52.519
ATTEMPT 13 DONE  n=8 d=2 seed=502107 nsol=256  0.17s  2026-07-22T16:24:52.689
ATTEMPT 14 START n=10 d=2 seed=502108 neq=10 2026-07-22T16:24:52.693
ATTEMPT 14 DONE  n=10 d=2 seed=502108 nsol=1024  1.10s  2026-07-22T16:24:53.794
ATTEMPT 15 START n=9 d=2 seed=502109 neq=9 2026-07-22T16:24:53.799
ATTEMPT 15 DONE  n=9 d=2 seed=502109 nsol=512  0.41s  2026-07-22T16:24:54.213
ATTEMPT 16 START n=7 d=3 seed=502110 neq=7 2026-07-22T16:24:54.222
ATTEMPT 16 DONE  n=7 d=3 seed=502110 nsol=2187  5.97s  2026-07-22T16:25:00.189
ATTEMPT 17 START n=11 d=2 seed=502111 neq=11 2026-07-22T16:25:00.193
ATTEMPT 17 DONE  n=11 d=2 seed=502111 nsol=2048  2.99s  2026-07-22T16:25:03.188
ATTEMPT 18 START n=6 d=3 seed=502112 neq=6 2026-07-22T16:25:03.191
ATTEMPT 18 DONE  n=6 d=3 seed=502112 nsol=729  0.43s  2026-07-22T16:25:03.619
ATTEMPT 19 START n=8 d=2 seed=502113 neq=8 2026-07-22T16:25:03.621
ATTEMPT 19 DONE  n=8 d=2 seed=502113 nsol=256  0.16s  2026-07-22T16:25:03.776
ATTEMPT 20 START n=10 d=2 seed=502114 neq=10 2026-07-22T16:25:03.780
ATTEMPT 20 DONE  n=10 d=2 seed=502114 nsol=1024  1.10s  2026-07-22T16:25:04.881
ATTEMPT 21 START n=9 d=2 seed=502115 neq=9 2026-07-22T16:25:04.884
ATTEMPT 21 DONE  n=9 d=2 seed=502115 nsol=512  0.43s  2026-07-22T16:25:05.314
ATTEMPT 22 START n=7 d=3 seed=502116 neq=7 2026-07-22T16:25:05.320
ATTEMPT 22 DONE  n=7 d=3 seed=502116 nsol=2187  2.28s  2026-07-22T16:25:07.598
ATTEMPT 23 START n=11 d=2 seed=502117 neq=11 2026-07-22T16:25:07.602
ATTEMPT 23 DONE  n=11 d=2 seed=502117 nsol=2048  2.90s  2026-07-22T16:25:10.504
ATTEMPT 24 START n=6 d=3 seed=502118 neq=6 2026-07-22T16:25:10.506
ATTEMPT 24 DONE  n=6 d=3 seed=502118 nsol=729  0.88s  2026-07-22T16:25:11.385
ATTEMPT 25 START n=8 d=2 seed=502119 neq=8 2026-07-22T16:25:11.389
ATTEMPT 25 DONE  n=8 d=2 seed=502119 nsol=256  0.47s  2026-07-22T16:25:11.860
ATTEMPT 26 START n=10 d=2 seed=502120 neq=10 2026-07-22T16:25:11.867
ATTEMPT 26 DONE  n=10 d=2 seed=502120 nsol=1024  1.73s  2026-07-22T16:25:13.593
ATTEMPT 27 START n=9 d=2 seed=502121 neq=9 2026-07-22T16:25:13.595
ATTEMPT 27 DONE  n=9 d=2 seed=502121 nsol=512  0.39s  2026-07-22T16:25:13.984
ATTEMPT 28 START n=7 d=3 seed=502122 neq=7 2026-07-22T16:25:13.989
ATTEMPT 28 DONE  n=7 d=3 seed=502122 nsol=2187  2.24s  2026-07-22T16:25:16.233
ATTEMPT 29 START n=11 d=2 seed=502123 neq=11 2026-07-22T16:25:16.239
ATTEMPT 29 DONE  n=11 d=2 seed=502123 nsol=2048  5.09s  2026-07-22T16:25:21.327
ATTEMPT 30 START n=6 d=3 seed=502124 neq=6 2026-07-22T16:25:21.331
ATTEMPT 30 DONE  n=6 d=3 seed=502124 nsol=729  1.15s  2026-07-22T16:25:22.479
ATTEMPT 31 START n=8 d=2 seed=502125 neq=8 2026-07-22T16:25:22.499
ATTEMPT 31 DONE  n=8 d=2 seed=502125 nsol=256  0.47s  2026-07-22T16:25:22.964
ATTEMPT 32 START n=10 d=2 seed=502126 neq=10 2026-07-22T16:25:22.970
ATTEMPT 32 DONE  n=10 d=2 seed=502126 nsol=1024  2.81s  2026-07-22T16:25:25.779
ATTEMPT 33 START n=9 d=2 seed=502127 neq=9 2026-07-22T16:25:25.791
ATTEMPT 33 DONE  n=9 d=2 seed=502127 nsol=512  1.07s  2026-07-22T16:25:26.865
ATTEMPT 34 START n=7 d=3 seed=502128 neq=7 2026-07-22T16:25:26.868
ATTEMPT 34 DONE  n=7 d=3 seed=502128 nsol=2187  2.68s  2026-07-22T16:25:29.552
ATTEMPT 35 START n=11 d=2 seed=502129 neq=11 2026-07-22T16:25:29.557
ATTEMPT 35 DONE  n=11 d=2 seed=502129 nsol=2048  7.00s  2026-07-22T16:25:36.556
ATTEMPT 36 START n=6 d=3 seed=502130 neq=6 2026-07-22T16:25:36.561
ATTEMPT 36 DONE  n=6 d=3 seed=502130 nsol=729  0.52s  2026-07-22T16:25:37.084
ATTEMPT 37 START n=8 d=2 seed=502131 neq=8 2026-07-22T16:25:37.087
ATTEMPT 37 DONE  n=8 d=2 seed=502131 nsol=256  0.17s  2026-07-22T16:25:37.261
ATTEMPT 38 START n=10 d=2 seed=502132 neq=10 2026-07-22T16:25:37.264
ATTEMPT 38 DONE  n=10 d=2 seed=502132 nsol=1024  1.12s  2026-07-22T16:25:38.385
ATTEMPT 39 START n=9 d=2 seed=502133 neq=9 2026-07-22T16:25:38.388
ATTEMPT 39 DONE  n=9 d=2 seed=502133 nsol=512  0.42s  2026-07-22T16:25:38.809
ATTEMPT 40 START n=7 d=3 seed=502134 neq=7 2026-07-22T16:25:38.816
ATTEMPT 40 DONE  n=7 d=3 seed=502134 nsol=2187  4.45s  2026-07-22T16:25:43.262
HUNT complete  2026-07-22T16:25:43.268
