HUNT start  nthreads=14  nsolves=40  seed_base=108268  shape=mix  pid=1661055  2026-07-22T16:06:29.216
ATTEMPT 1 START n=8 d=2 seed=108269 neq=8 2026-07-22T16:06:43.280
Computing mixed cells... 2    Time: 0:00:00[K
   mixed_volume: 8[K[A
[K[AComputing mixed cells... 45    Time: 0:00:01[K
   mixed_volume: 256[K
ATTEMPT 1 DONE  n=8 d=2 seed=108269 nsol=256  29.79s  2026-07-22T16:07:13.254
ATTEMPT 2 START n=10 d=2 seed=108270 neq=10 2026-07-22T16:07:13.454
ATTEMPT 2 DONE  n=10 d=2 seed=108270 nsol=1024  10.16s  2026-07-22T16:07:23.613
ATTEMPT 3 START n=9 d=2 seed=108271 neq=9 2026-07-22T16:07:23.615
ATTEMPT 3 DONE  n=9 d=2 seed=108271 nsol=512  7.01s  2026-07-22T16:07:30.623
ATTEMPT 4 START n=7 d=3 seed=108272 neq=7 2026-07-22T16:07:30.627
ATTEMPT 4 DONE  n=7 d=3 seed=108272 nsol=2187  19.68s  2026-07-22T16:07:50.305
ATTEMPT 5 START n=11 d=2 seed=108273 neq=11 2026-07-22T16:07:50.309
ATTEMPT 5 DONE  n=11 d=2 seed=108273 nsol=2048  16.83s  2026-07-22T16:08:07.137
ATTEMPT 6 START n=6 d=3 seed=108274 neq=6 2026-07-22T16:08:07.140
ATTEMPT 6 DONE  n=6 d=3 seed=108274 nsol=729  14.07s  2026-07-22T16:08:21.215
ATTEMPT 7 START n=8 d=2 seed=108275 neq=8 2026-07-22T16:08:21.217
ATTEMPT 7 DONE  n=8 d=2 seed=108275 nsol=256  0.47s  2026-07-22T16:08:21.690
ATTEMPT 8 START n=10 d=2 seed=108276 neq=10 2026-07-22T16:08:21.693
ATTEMPT 8 DONE  n=10 d=2 seed=108276 nsol=1024  2.72s  2026-07-22T16:08:24.409
ATTEMPT 9 START n=9 d=2 seed=108277 neq=9 2026-07-22T16:08:24.412
ATTEMPT 9 DONE  n=9 d=2 seed=108277 nsol=512  1.01s  2026-07-22T16:08:25.418
ATTEMPT 10 START n=7 d=3 seed=108278 neq=7 2026-07-22T16:08:25.421
Computing mixed cells... 84    Time: 0:00:00[K
   mixed_volume: 770[K[A
[K[AComputing mixed cells... 198    Time: 0:00:00[K
   mixed_volume: 2187[K
ATTEMPT 10 DONE  n=7 d=3 seed=108278 nsol=2187  4.33s  2026-07-22T16:08:29.752
ATTEMPT 11 START n=11 d=2 seed=108279 neq=11 2026-07-22T16:08:29.756
ATTEMPT 11 DONE  n=11 d=2 seed=108279 nsol=2048  2.99s  2026-07-22T16:08:32.749
ATTEMPT 12 START n=6 d=3 seed=108280 neq=6 2026-07-22T16:08:32.752
ATTEMPT 12 DONE  n=6 d=3 seed=108280 nsol=729  0.44s  2026-07-22T16:08:33.188
ATTEMPT 13 START n=8 d=2 seed=108281 neq=8 2026-07-22T16:08:33.191
ATTEMPT 13 DONE  n=8 d=2 seed=108281 nsol=256  0.16s  2026-07-22T16:08:33.348
ATTEMPT 14 START n=10 d=2 seed=108282 neq=10 2026-07-22T16:08:33.350
ATTEMPT 14 DONE  n=10 d=2 seed=108282 nsol=1024  1.16s  2026-07-22T16:08:34.515
ATTEMPT 15 START n=9 d=2 seed=108283 neq=9 2026-07-22T16:08:34.517
ATTEMPT 15 DONE  n=9 d=2 seed=108283 nsol=512  0.41s  2026-07-22T16:08:34.927
ATTEMPT 16 START n=7 d=3 seed=108284 neq=7 2026-07-22T16:08:34.932
ATTEMPT 16 DONE  n=7 d=3 seed=108284 nsol=2187  2.10s  2026-07-22T16:08:37.033
ATTEMPT 17 START n=11 d=2 seed=108285 neq=11 2026-07-22T16:08:37.037
ATTEMPT 17 DONE  n=11 d=2 seed=108285 nsol=2048  6.12s  2026-07-22T16:08:43.156
ATTEMPT 18 START n=6 d=3 seed=108286 neq=6 2026-07-22T16:08:43.169
ATTEMPT 18 DONE  n=6 d=3 seed=108286 nsol=729  1.13s  2026-07-22T16:08:44.302
ATTEMPT 19 START n=8 d=2 seed=108287 neq=8 2026-07-22T16:08:44.304
ATTEMPT 19 DONE  n=8 d=2 seed=108287 nsol=256  0.45s  2026-07-22T16:08:44.756
ATTEMPT 20 START n=10 d=2 seed=108288 neq=10 2026-07-22T16:08:44.760
ATTEMPT 20 DONE  n=10 d=2 seed=108288 nsol=1024  2.27s  2026-07-22T16:08:47.027
ATTEMPT 21 START n=9 d=2 seed=108289 neq=9 2026-07-22T16:08:47.029
ATTEMPT 21 DONE  n=9 d=2 seed=108289 nsol=512  0.43s  2026-07-22T16:08:47.455
ATTEMPT 22 START n=7 d=3 seed=108290 neq=7 2026-07-22T16:08:47.459
ATTEMPT 22 DONE  n=7 d=3 seed=108290 nsol=2187  2.33s  2026-07-22T16:08:49.793
ATTEMPT 23 START n=11 d=2 seed=108291 neq=11 2026-07-22T16:08:49.798
ATTEMPT 23 DONE  n=11 d=2 seed=108291 nsol=2048  6.28s  2026-07-22T16:08:56.074
ATTEMPT 24 START n=6 d=3 seed=108292 neq=6 2026-07-22T16:08:56.077
ATTEMPT 24 DONE  n=6 d=3 seed=108292 nsol=729  0.42s  2026-07-22T16:08:56.493
ATTEMPT 25 START n=8 d=2 seed=108293 neq=8 2026-07-22T16:08:56.496
ATTEMPT 25 DONE  n=8 d=2 seed=108293 nsol=256  0.17s  2026-07-22T16:08:56.665
ATTEMPT 26 START n=10 d=2 seed=108294 neq=10 2026-07-22T16:08:56.669
ATTEMPT 26 DONE  n=10 d=2 seed=108294 nsol=1024  1.97s  2026-07-22T16:08:58.643
ATTEMPT 27 START n=9 d=2 seed=108295 neq=9 2026-07-22T16:08:58.646
ATTEMPT 27 DONE  n=9 d=2 seed=108295 nsol=512  0.42s  2026-07-22T16:08:59.062
ATTEMPT 28 START n=7 d=3 seed=108296 neq=7 2026-07-22T16:08:59.065
ATTEMPT 28 DONE  n=7 d=3 seed=108296 nsol=2187  2.41s  2026-07-22T16:09:01.471
ATTEMPT 29 START n=11 d=2 seed=108297 neq=11 2026-07-22T16:09:01.479
ATTEMPT 29 DONE  n=11 d=2 seed=108297 nsol=2048  6.87s  2026-07-22T16:09:08.346
ATTEMPT 30 START n=6 d=3 seed=108298 neq=6 2026-07-22T16:09:08.349
ATTEMPT 30 DONE  n=6 d=3 seed=108298 nsol=729  0.53s  2026-07-22T16:09:08.875
ATTEMPT 31 START n=8 d=2 seed=108299 neq=8 2026-07-22T16:09:08.876
ATTEMPT 31 DONE  n=8 d=2 seed=108299 nsol=256  0.16s  2026-07-22T16:09:09.041
ATTEMPT 32 START n=10 d=2 seed=108300 neq=10 2026-07-22T16:09:09.045
ATTEMPT 32 DONE  n=10 d=2 seed=108300 nsol=1024  1.12s  2026-07-22T16:09:10.166
ATTEMPT 33 START n=9 d=2 seed=108301 neq=9 2026-07-22T16:09:10.168
ATTEMPT 33 DONE  n=9 d=2 seed=108301 nsol=512  0.42s  2026-07-22T16:09:10.588
ATTEMPT 34 START n=7 d=3 seed=108302 neq=7 2026-07-22T16:09:10.591
ATTEMPT 34 DONE  n=7 d=3 seed=108302 nsol=2187  2.50s  2026-07-22T16:09:13.088
ATTEMPT 35 START n=11 d=2 seed=108303 neq=11 2026-07-22T16:09:13.094
ATTEMPT 35 DONE  n=11 d=2 seed=108303 nsol=2048  3.28s  2026-07-22T16:09:16.376
ATTEMPT 36 START n=6 d=3 seed=108304 neq=6 2026-07-22T16:09:16.380
ATTEMPT 36 DONE  n=6 d=3 seed=108304 nsol=729  0.53s  2026-07-22T16:09:16.915
ATTEMPT 37 START n=8 d=2 seed=108305 neq=8 2026-07-22T16:09:16.917
ATTEMPT 37 DONE  n=8 d=2 seed=108305 nsol=256  0.17s  2026-07-22T16:09:17.083
ATTEMPT 38 START n=10 d=2 seed=108306 neq=10 2026-07-22T16:09:17.085
ATTEMPT 38 DONE  n=10 d=2 seed=108306 nsol=1024  1.10s  2026-07-22T16:09:18.188
ATTEMPT 39 START n=9 d=2 seed=108307 neq=9 2026-07-22T16:09:18.192
ATTEMPT 39 DONE  n=9 d=2 seed=108307 nsol=512  0.38s  2026-07-22T16:09:18.574
ATTEMPT 40 START n=7 d=3 seed=108308 neq=7 2026-07-22T16:09:18.577
ATTEMPT 40 DONE  n=7 d=3 seed=108308 nsol=2187  5.23s  2026-07-22T16:09:23.803
HUNT complete  2026-07-22T16:09:23.816
