HUNT start  nthreads=14  nsolves=40  seed_base=615517  shape=mix  pid=1832564  2026-07-22T16:25:54.970
ATTEMPT 1 START n=8 d=2 seed=615518 neq=8 2026-07-22T16:26:21.716
Computing mixed cells... 2    Time: 0:00:01[K
   mixed_volume: 4[K[A
[K[AComputing mixed cells... 61    Time: 0:00:01[K
   mixed_volume: 256[K
ATTEMPT 1 DONE  n=8 d=2 seed=615518 nsol=256  41.22s  2026-07-22T16:27:03.142
ATTEMPT 2 START n=10 d=2 seed=615519 neq=10 2026-07-22T16:27:03.361
ATTEMPT 2 DONE  n=10 d=2 seed=615519 nsol=1024  12.18s  2026-07-22T16:27:15.545
ATTEMPT 3 START n=9 d=2 seed=615520 neq=9 2026-07-22T16:27:15.550
ATTEMPT 3 DONE  n=9 d=2 seed=615520 nsol=512  17.50s  2026-07-22T16:27:33.049
ATTEMPT 4 START n=7 d=3 seed=615521 neq=7 2026-07-22T16:27:33.053
ATTEMPT 4 DONE  n=7 d=3 seed=615521 nsol=2187  42.19s  2026-07-22T16:28:15.240
ATTEMPT 5 START n=11 d=2 seed=615522 neq=11 2026-07-22T16:28:15.243
ATTEMPT 5 DONE  n=11 d=2 seed=615522 nsol=2048  35.36s  2026-07-22T16:28:50.600
ATTEMPT 6 START n=6 d=3 seed=615523 neq=6 2026-07-22T16:28:50.602
ATTEMPT 6 DONE  n=6 d=3 seed=615523 nsol=729  11.65s  2026-07-22T16:29:02.250
ATTEMPT 7 START n=8 d=2 seed=615524 neq=8 2026-07-22T16:29:02.252
ATTEMPT 7 DONE  n=8 d=2 seed=615524 nsol=256  0.21s  2026-07-22T16:29:02.462
ATTEMPT 8 START n=10 d=2 seed=615525 neq=10 2026-07-22T16:29:02.466
ATTEMPT 8 DONE  n=10 d=2 seed=615525 nsol=1024  1.51s  2026-07-22T16:29:03.977
ATTEMPT 9 START n=9 d=2 seed=615526 neq=9 2026-07-22T16:29:03.978
ATTEMPT 9 DONE  n=9 d=2 seed=615526 nsol=512  0.51s  2026-07-22T16:29:04.488
ATTEMPT 10 START n=7 d=3 seed=615527 neq=7 2026-07-22T16:29:04.502
ATTEMPT 10 DONE  n=7 d=3 seed=615527 nsol=2187  7.64s  2026-07-22T16:29:12.147
ATTEMPT 11 START n=11 d=2 seed=615528 neq=11 2026-07-22T16:29:12.152
ATTEMPT 11 DONE  n=11 d=2 seed=615528 nsol=2048  3.76s  2026-07-22T16:29:15.910
ATTEMPT 12 START n=6 d=3 seed=615529 neq=6 2026-07-22T16:29:15.913
ATTEMPT 12 DONE  n=6 d=3 seed=615529 nsol=729  0.61s  2026-07-22T16:29:16.520
ATTEMPT 13 START n=8 d=2 seed=615530 neq=8 2026-07-22T16:29:16.521
ATTEMPT 13 DONE  n=8 d=2 seed=615530 nsol=256  0.24s  2026-07-22T16:29:16.763
ATTEMPT 14 START n=10 d=2 seed=615531 neq=10 2026-07-22T16:29:16.765
ATTEMPT 14 DONE  n=10 d=2 seed=615531 nsol=1024  3.37s  2026-07-22T16:29:20.139
ATTEMPT 15 START n=9 d=2 seed=615532 neq=9 2026-07-22T16:29:20.142
ATTEMPT 15 DONE  n=9 d=2 seed=615532 nsol=512  1.49s  2026-07-22T16:29:21.628
ATTEMPT 16 START n=7 d=3 seed=615533 neq=7 2026-07-22T16:29:21.636
ATTEMPT 16 DONE  n=7 d=3 seed=615533 nsol=2187  5.61s  2026-07-22T16:29:27.248
ATTEMPT 17 START n=11 d=2 seed=615534 neq=11 2026-07-22T16:29:27.257
ATTEMPT 17 DONE  n=11 d=2 seed=615534 nsol=2048  4.12s  2026-07-22T16:29:31.375
ATTEMPT 18 START n=6 d=3 seed=615535 neq=6 2026-07-22T16:29:31.377
ATTEMPT 18 DONE  n=6 d=3 seed=615535 nsol=729  0.55s  2026-07-22T16:29:31.926
ATTEMPT 19 START n=8 d=2 seed=615536 neq=8 2026-07-22T16:29:31.928
ATTEMPT 19 DONE  n=8 d=2 seed=615536 nsol=256  0.19s  2026-07-22T16:29:32.118
ATTEMPT 20 START n=10 d=2 seed=615537 neq=10 2026-07-22T16:29:32.120
ATTEMPT 20 DONE  n=10 d=2 seed=615537 nsol=1024  1.46s  2026-07-22T16:29:33.580
ATTEMPT 21 START n=9 d=2 seed=615538 neq=9 2026-07-22T16:29:33.584
ATTEMPT 21 DONE  n=9 d=2 seed=615538 nsol=512  0.53s  2026-07-22T16:29:34.113
ATTEMPT 22 START n=7 d=3 seed=615539 neq=7 2026-07-22T16:29:34.119
ATTEMPT 22 DONE  n=7 d=3 seed=615539 nsol=2187  3.12s  2026-07-22T16:29:37.236
ATTEMPT 23 START n=11 d=2 seed=615540 neq=11 2026-07-22T16:29:37.243
ATTEMPT 23 DONE  n=11 d=2 seed=615540 nsol=2048  3.75s  2026-07-22T16:29:40.998
ATTEMPT 24 START n=6 d=3 seed=615541 neq=6 2026-07-22T16:29:41.002
ATTEMPT 24 DONE  n=6 d=3 seed=615541 nsol=729  4.01s  2026-07-22T16:29:45.009
ATTEMPT 25 START n=8 d=2 seed=615542 neq=8 2026-07-22T16:29:45.011
ATTEMPT 25 DONE  n=8 d=2 seed=615542 nsol=256  0.23s  2026-07-22T16:29:45.239
ATTEMPT 26 START n=10 d=2 seed=615543 neq=10 2026-07-22T16:29:45.241
ATTEMPT 26 DONE  n=10 d=2 seed=615543 nsol=1024  1.47s  2026-07-22T16:29:46.716
ATTEMPT 27 START n=9 d=2 seed=615544 neq=9 2026-07-22T16:29:46.719
ATTEMPT 27 DONE  n=9 d=2 seed=615544 nsol=512  0.51s  2026-07-22T16:29:47.231
ATTEMPT 28 START n=7 d=3 seed=615545 neq=7 2026-07-22T16:29:47.237
ATTEMPT 28 DONE  n=7 d=3 seed=615545 nsol=2187  2.93s  2026-07-22T16:29:50.169
ATTEMPT 29 START n=11 d=2 seed=615546 neq=11 2026-07-22T16:29:50.173
ATTEMPT 29 DONE  n=11 d=2 seed=615546 nsol=2048  3.64s  2026-07-22T16:29:53.816
ATTEMPT 30 START n=6 d=3 seed=615547 neq=6 2026-07-22T16:29:53.820
ATTEMPT 30 DONE  n=6 d=3 seed=615547 nsol=729  0.54s  2026-07-22T16:29:54.361
ATTEMPT 31 START n=8 d=2 seed=615548 neq=8 2026-07-22T16:29:54.362
ATTEMPT 31 DONE  n=8 d=2 seed=615548 nsol=256  0.21s  2026-07-22T16:29:54.568
ATTEMPT 32 START n=10 d=2 seed=615549 neq=10 2026-07-22T16:29:54.572
ATTEMPT 32 DONE  n=10 d=2 seed=615549 nsol=1024  2.06s  2026-07-22T16:29:56.627
ATTEMPT 33 START n=9 d=2 seed=615550 neq=9 2026-07-22T16:29:56.643
ATTEMPT 33 DONE  n=9 d=2 seed=615550 nsol=512  1.29s  2026-07-22T16:29:57.935
ATTEMPT 34 START n=7 d=3 seed=615551 neq=7 2026-07-22T16:29:57.960
ATTEMPT 34 DONE  n=7 d=3 seed=615551 nsol=2187  4.06s  2026-07-22T16:30:02.021
ATTEMPT 35 START n=11 d=2 seed=615552 neq=11 2026-07-22T16:30:02.030
ATTEMPT 35 DONE  n=11 d=2 seed=615552 nsol=2048  6.63s  2026-07-22T16:30:08.663
ATTEMPT 36 START n=6 d=3 seed=615553 neq=6 2026-07-22T16:30:08.670
ATTEMPT 36 DONE  n=6 d=3 seed=615553 nsol=729  1.32s  2026-07-22T16:30:09.991
ATTEMPT 37 START n=8 d=2 seed=615554 neq=8 2026-07-22T16:30:09.994
ATTEMPT 37 DONE  n=8 d=2 seed=615554 nsol=256  0.64s  2026-07-22T16:30:10.637
ATTEMPT 38 START n=10 d=2 seed=615555 neq=10 2026-07-22T16:30:10.640
ATTEMPT 38 DONE  n=10 d=2 seed=615555 nsol=1024  1.55s  2026-07-22T16:30:12.189
ATTEMPT 39 START n=9 d=2 seed=615556 neq=9 2026-07-22T16:30:12.192
ATTEMPT 39 DONE  n=9 d=2 seed=615556 nsol=512  0.51s  2026-07-22T16:30:12.701
ATTEMPT 40 START n=7 d=3 seed=615557 neq=7 2026-07-22T16:30:12.707
ATTEMPT 40 DONE  n=7 d=3 seed=615557 nsol=2187  2.66s  2026-07-22T16:30:15.364
HUNT complete  2026-07-22T16:30:15.370
