HUNT start  nthreads=14  nsolves=40  seed_base=1407842  shape=mix  pid=2224341  2026-07-22T17:19:14.792
ATTEMPT 1 START n=8 d=2 seed=1407843 neq=8 2026-07-22T17:19:53.197
Computing mixed cells... 2    Time: 0:00:01[K
   mixed_volume: 3[K[A
[K[AComputing mixed cells... 65    Time: 0:00:01[K
   mixed_volume: 256[K
ATTEMPT 1 DONE  n=8 d=2 seed=1407843 nsol=256  105.26s  2026-07-22T17:21:38.963
ATTEMPT 2 START n=10 d=2 seed=1407844 neq=10 2026-07-22T17:21:39.415
ATTEMPT 2 DONE  n=10 d=2 seed=1407844 nsol=1024  50.85s  2026-07-22T17:22:30.261
ATTEMPT 3 START n=9 d=2 seed=1407845 neq=9 2026-07-22T17:22:30.265
ATTEMPT 3 DONE  n=9 d=2 seed=1407845 nsol=512  28.04s  2026-07-22T17:22:58.310
ATTEMPT 4 START n=7 d=3 seed=1407846 neq=7 2026-07-22T17:22:58.319
ATTEMPT 4 DONE  n=7 d=3 seed=1407846 nsol=2187  84.83s  2026-07-22T17:24:23.145
ATTEMPT 5 START n=11 d=2 seed=1407847 neq=11 2026-07-22T17:24:23.152
Computing mixed cells... 347    Time: 0:00:00[K
   mixed_volume: 1400[K[A
[K[AComputing mixed cells... 359    Time: 0:00:00[K
   mixed_volume: 2048[K
ATTEMPT 5 DONE  n=11 d=2 seed=1407847 nsol=2048  45.31s  2026-07-22T17:25:08.466
ATTEMPT 6 START n=6 d=3 seed=1407848 neq=6 2026-07-22T17:25:08.469
ATTEMPT 6 DONE  n=6 d=3 seed=1407848 nsol=729  16.99s  2026-07-22T17:25:25.459
ATTEMPT 7 START n=8 d=2 seed=1407849 neq=8 2026-07-22T17:25:25.461
ATTEMPT 7 DONE  n=8 d=2 seed=1407849 nsol=256  0.31s  2026-07-22T17:25:25.772
ATTEMPT 8 START n=10 d=2 seed=1407850 neq=10 2026-07-22T17:25:25.774
ATTEMPT 8 DONE  n=10 d=2 seed=1407850 nsol=1024  3.39s  2026-07-22T17:25:29.164
ATTEMPT 9 START n=9 d=2 seed=1407851 neq=9 2026-07-22T17:25:29.167
ATTEMPT 9 DONE  n=9 d=2 seed=1407851 nsol=512  0.79s  2026-07-22T17:25:29.952
ATTEMPT 10 START n=7 d=3 seed=1407852 neq=7 2026-07-22T17:25:29.970
ATTEMPT 10 DONE  n=7 d=3 seed=1407852 nsol=2187  4.26s  2026-07-22T17:25:34.229
ATTEMPT 11 START n=11 d=2 seed=1407853 neq=11 2026-07-22T17:25:34.240
ATTEMPT 11 DONE  n=11 d=2 seed=1407853 nsol=2048  9.90s  2026-07-22T17:25:44.141
ATTEMPT 12 START n=6 d=3 seed=1407854 neq=6 2026-07-22T17:25:44.154
ATTEMPT 12 DONE  n=6 d=3 seed=1407854 nsol=729  0.99s  2026-07-22T17:25:45.145
ATTEMPT 13 START n=8 d=2 seed=1407855 neq=8 2026-07-22T17:25:45.149
ATTEMPT 13 DONE  n=8 d=2 seed=1407855 nsol=256  0.32s  2026-07-22T17:25:45.470
ATTEMPT 14 START n=10 d=2 seed=1407856 neq=10 2026-07-22T17:25:45.484
ATTEMPT 14 DONE  n=10 d=2 seed=1407856 nsol=1024  2.40s  2026-07-22T17:25:47.882
ATTEMPT 15 START n=9 d=2 seed=1407857 neq=9 2026-07-22T17:25:47.885
ATTEMPT 15 DONE  n=9 d=2 seed=1407857 nsol=512  1.03s  2026-07-22T17:25:48.920
ATTEMPT 16 START n=7 d=3 seed=1407858 neq=7 2026-07-22T17:25:48.928
ATTEMPT 16 DONE  n=7 d=3 seed=1407858 nsol=2187  9.06s  2026-07-22T17:25:57.993
ATTEMPT 17 START n=11 d=2 seed=1407859 neq=11 2026-07-22T17:25:57.998
ATTEMPT 17 DONE  n=11 d=2 seed=1407859 nsol=2048  9.38s  2026-07-22T17:26:07.387
ATTEMPT 18 START n=6 d=3 seed=1407860 neq=6 2026-07-22T17:26:07.398
ATTEMPT 18 DONE  n=6 d=3 seed=1407860 nsol=729  1.27s  2026-07-22T17:26:08.669
ATTEMPT 19 START n=8 d=2 seed=1407861 neq=8 2026-07-22T17:26:08.673
ATTEMPT 19 DONE  n=8 d=2 seed=1407861 nsol=256  0.46s  2026-07-22T17:26:09.137
ATTEMPT 20 START n=10 d=2 seed=1407862 neq=10 2026-07-22T17:26:09.149
ATTEMPT 20 DONE  n=10 d=2 seed=1407862 nsol=1024  3.05s  2026-07-22T17:26:12.207
ATTEMPT 21 START n=9 d=2 seed=1407863 neq=9 2026-07-22T17:26:12.214
ATTEMPT 21 DONE  n=9 d=2 seed=1407863 nsol=512  1.07s  2026-07-22T17:26:13.280
ATTEMPT 22 START n=7 d=3 seed=1407864 neq=7 2026-07-22T17:26:13.291
ATTEMPT 22 DONE  n=7 d=3 seed=1407864 nsol=2187  8.97s  2026-07-22T17:26:22.263
ATTEMPT 23 START n=11 d=2 seed=1407865 neq=11 2026-07-22T17:26:22.276
ATTEMPT 23 DONE  n=11 d=2 seed=1407865 nsol=2048  7.94s  2026-07-22T17:26:30.225
ATTEMPT 24 START n=6 d=3 seed=1407866 neq=6 2026-07-22T17:26:30.246
ATTEMPT 24 DONE  n=6 d=3 seed=1407866 nsol=729  1.54s  2026-07-22T17:26:31.788
ATTEMPT 25 START n=8 d=2 seed=1407867 neq=8 2026-07-22T17:26:31.802
ATTEMPT 25 DONE  n=8 d=2 seed=1407867 nsol=256  0.79s  2026-07-22T17:26:32.591
ATTEMPT 26 START n=10 d=2 seed=1407868 neq=10 2026-07-22T17:26:32.598
ATTEMPT 26 DONE  n=10 d=2 seed=1407868 nsol=1024  3.37s  2026-07-22T17:26:35.964
ATTEMPT 27 START n=9 d=2 seed=1407869 neq=9 2026-07-22T17:26:35.969
ATTEMPT 27 DONE  n=9 d=2 seed=1407869 nsol=512  0.87s  2026-07-22T17:26:36.846
ATTEMPT 28 START n=7 d=3 seed=1407870 neq=7 2026-07-22T17:26:36.855
ATTEMPT 28 DONE  n=7 d=3 seed=1407870 nsol=2187  5.49s  2026-07-22T17:26:42.347
ATTEMPT 29 START n=11 d=2 seed=1407871 neq=11 2026-07-22T17:26:42.356
ATTEMPT 29 DONE  n=11 d=2 seed=1407871 nsol=2048  14.06s  2026-07-22T17:26:56.417
ATTEMPT 30 START n=6 d=3 seed=1407872 neq=6 2026-07-22T17:26:56.420
ATTEMPT 30 DONE  n=6 d=3 seed=1407872 nsol=729  1.97s  2026-07-22T17:26:58.385
ATTEMPT 31 START n=8 d=2 seed=1407873 neq=8 2026-07-22T17:26:58.389
ATTEMPT 31 DONE  n=8 d=2 seed=1407873 nsol=256  0.76s  2026-07-22T17:26:59.153
ATTEMPT 32 START n=10 d=2 seed=1407874 neq=10 2026-07-22T17:26:59.167
ATTEMPT 32 DONE  n=10 d=2 seed=1407874 nsol=1024  4.65s  2026-07-22T17:27:03.814
ATTEMPT 33 START n=9 d=2 seed=1407875 neq=9 2026-07-22T17:27:03.826
ATTEMPT 33 DONE  n=9 d=2 seed=1407875 nsol=512  1.32s  2026-07-22T17:27:05.144
ATTEMPT 34 START n=7 d=3 seed=1407876 neq=7 2026-07-22T17:27:05.157
ATTEMPT 34 DONE  n=7 d=3 seed=1407876 nsol=2187  5.69s  2026-07-22T17:27:10.844
ATTEMPT 35 START n=11 d=2 seed=1407877 neq=11 2026-07-22T17:27:10.877
ATTEMPT 35 DONE  n=11 d=2 seed=1407877 nsol=2048  8.10s  2026-07-22T17:27:18.980
ATTEMPT 36 START n=6 d=3 seed=1407878 neq=6 2026-07-22T17:27:18.983
ATTEMPT 36 DONE  n=6 d=3 seed=1407878 nsol=729  1.01s  2026-07-22T17:27:19.996
ATTEMPT 37 START n=8 d=2 seed=1407879 neq=8 2026-07-22T17:27:20.006
ATTEMPT 37 DONE  n=8 d=2 seed=1407879 nsol=256  0.47s  2026-07-22T17:27:20.473
ATTEMPT 38 START n=10 d=2 seed=1407880 neq=10 2026-07-22T17:27:20.476
ATTEMPT 38 DONE  n=10 d=2 seed=1407880 nsol=1024  3.85s  2026-07-22T17:27:24.323
ATTEMPT 39 START n=9 d=2 seed=1407881 neq=9 2026-07-22T17:27:24.326
ATTEMPT 39 DONE  n=9 d=2 seed=1407881 nsol=512  1.05s  2026-07-22T17:27:25.380
ATTEMPT 40 START n=7 d=3 seed=1407882 neq=7 2026-07-22T17:27:25.393
ATTEMPT 40 DONE  n=7 d=3 seed=1407882 nsol=2187  8.33s  2026-07-22T17:27:33.720
HUNT complete  2026-07-22T17:27:33.732
