HUNT start  nthreads=28  nsolves=40  seed_base=725743  shape=mix  pid=1877795  2026-07-22T16:31:16.825
ATTEMPT 1 START n=8 d=2 seed=725744 neq=8 2026-07-22T16:31:33.907
Computing mixed cells... 2    Time: 0:00:01[K
   mixed_volume: 8[K[A
[K[AComputing mixed cells... 68    Time: 0:00:01[K
   mixed_volume: 256[K
ATTEMPT 1 DONE  n=8 d=2 seed=725744 nsol=256  44.70s  2026-07-22T16:32:18.878
ATTEMPT 2 START n=10 d=2 seed=725745 neq=10 2026-07-22T16:32:19.195
ATTEMPT 2 DONE  n=10 d=2 seed=725745 nsol=1024  17.61s  2026-07-22T16:32:36.801
ATTEMPT 3 START n=9 d=2 seed=725746 neq=9 2026-07-22T16:32:36.804
ATTEMPT 3 DONE  n=9 d=2 seed=725746 nsol=512  17.00s  2026-07-22T16:32:53.808
ATTEMPT 4 START n=7 d=3 seed=725747 neq=7 2026-07-22T16:32:53.813
ATTEMPT 4 DONE  n=7 d=3 seed=725747 nsol=2187  31.36s  2026-07-22T16:33:25.172
ATTEMPT 5 START n=11 d=2 seed=725748 neq=11 2026-07-22T16:33:25.177
ATTEMPT 5 DONE  n=11 d=2 seed=725748 nsol=2048  34.61s  2026-07-22T16:33:59.785
ATTEMPT 6 START n=6 d=3 seed=725749 neq=6 2026-07-22T16:33:59.796
ATTEMPT 6 DONE  n=6 d=3 seed=725749 nsol=729  20.50s  2026-07-22T16:34:20.291
ATTEMPT 7 START n=8 d=2 seed=725750 neq=8 2026-07-22T16:34:20.293
ATTEMPT 7 DONE  n=8 d=2 seed=725750 nsol=256  0.46s  2026-07-22T16:34:20.756
ATTEMPT 8 START n=10 d=2 seed=725751 neq=10 2026-07-22T16:34:20.760
ATTEMPT 8 DONE  n=10 d=2 seed=725751 nsol=1024  1.79s  2026-07-22T16:34:22.550
ATTEMPT 9 START n=9 d=2 seed=725752 neq=9 2026-07-22T16:34:22.552
ATTEMPT 9 DONE  n=9 d=2 seed=725752 nsol=512  0.62s  2026-07-22T16:34:23.173
ATTEMPT 10 START n=7 d=3 seed=725753 neq=7 2026-07-22T16:34:23.177
ATTEMPT 10 DONE  n=7 d=3 seed=725753 nsol=2187  7.39s  2026-07-22T16:34:30.570
ATTEMPT 11 START n=11 d=2 seed=725754 neq=11 2026-07-22T16:34:30.584
ATTEMPT 11 DONE  n=11 d=2 seed=725754 nsol=2048  4.69s  2026-07-22T16:34:35.277
ATTEMPT 12 START n=6 d=3 seed=725755 neq=6 2026-07-22T16:34:35.285
ATTEMPT 12 DONE  n=6 d=3 seed=725755 nsol=729  0.75s  2026-07-22T16:34:36.038
ATTEMPT 13 START n=8 d=2 seed=725756 neq=8 2026-07-22T16:34:36.040
ATTEMPT 13 DONE  n=8 d=2 seed=725756 nsol=256  0.46s  2026-07-22T16:34:36.501
ATTEMPT 14 START n=10 d=2 seed=725757 neq=10 2026-07-22T16:34:36.514
ATTEMPT 14 DONE  n=10 d=2 seed=725757 nsol=1024  2.44s  2026-07-22T16:34:38.960
ATTEMPT 15 START n=9 d=2 seed=725758 neq=9 2026-07-22T16:34:38.968
ATTEMPT 15 DONE  n=9 d=2 seed=725758 nsol=512  0.72s  2026-07-22T16:34:39.684
ATTEMPT 16 START n=7 d=3 seed=725759 neq=7 2026-07-22T16:34:39.688
ATTEMPT 16 DONE  n=7 d=3 seed=725759 nsol=2187  3.69s  2026-07-22T16:34:43.374
ATTEMPT 17 START n=11 d=2 seed=725760 neq=11 2026-07-22T16:34:43.389
ATTEMPT 17 DONE  n=11 d=2 seed=725760 nsol=2048  4.94s  2026-07-22T16:34:48.328
ATTEMPT 18 START n=6 d=3 seed=725761 neq=6 2026-07-22T16:34:48.337
ATTEMPT 18 DONE  n=6 d=3 seed=725761 nsol=729  0.82s  2026-07-22T16:34:49.164
ATTEMPT 19 START n=8 d=2 seed=725762 neq=8 2026-07-22T16:34:49.168
ATTEMPT 19 DONE  n=8 d=2 seed=725762 nsol=256  0.22s  2026-07-22T16:34:49.389
ATTEMPT 20 START n=10 d=2 seed=725763 neq=10 2026-07-22T16:34:49.392
ATTEMPT 20 DONE  n=10 d=2 seed=725763 nsol=1024  1.90s  2026-07-22T16:34:51.288
ATTEMPT 21 START n=9 d=2 seed=725764 neq=9 2026-07-22T16:34:51.291
ATTEMPT 21 DONE  n=9 d=2 seed=725764 nsol=512  1.02s  2026-07-22T16:34:52.312
ATTEMPT 22 START n=7 d=3 seed=725765 neq=7 2026-07-22T16:34:52.318
ATTEMPT 22 DONE  n=7 d=3 seed=725765 nsol=2187  3.34s  2026-07-22T16:34:55.656
ATTEMPT 23 START n=11 d=2 seed=725766 neq=11 2026-07-22T16:34:55.664
ATTEMPT 23 DONE  n=11 d=2 seed=725766 nsol=2048  4.91s  2026-07-22T16:35:00.569
ATTEMPT 24 START n=6 d=3 seed=725767 neq=6 2026-07-22T16:35:00.586
ATTEMPT 24 DONE  n=6 d=3 seed=725767 nsol=729  0.88s  2026-07-22T16:35:01.476
ATTEMPT 25 START n=8 d=2 seed=725768 neq=8 2026-07-22T16:35:01.479
ATTEMPT 25 DONE  n=8 d=2 seed=725768 nsol=256  3.96s  2026-07-22T16:35:05.440
ATTEMPT 26 START n=10 d=2 seed=725769 neq=10 2026-07-22T16:35:05.452
ATTEMPT 26 DONE  n=10 d=2 seed=725769 nsol=1024  2.19s  2026-07-22T16:35:07.645
ATTEMPT 27 START n=9 d=2 seed=725770 neq=9 2026-07-22T16:35:07.647
ATTEMPT 27 DONE  n=9 d=2 seed=725770 nsol=512  0.56s  2026-07-22T16:35:08.208
ATTEMPT 28 START n=7 d=3 seed=725771 neq=7 2026-07-22T16:35:08.212
ATTEMPT 28 DONE  n=7 d=3 seed=725771 nsol=2187  3.46s  2026-07-22T16:35:11.676
ATTEMPT 29 START n=11 d=2 seed=725772 neq=11 2026-07-22T16:35:11.689
ATTEMPT 29 DONE  n=11 d=2 seed=725772 nsol=2048  4.64s  2026-07-22T16:35:16.331
ATTEMPT 30 START n=6 d=3 seed=725773 neq=6 2026-07-22T16:35:16.340
ATTEMPT 30 DONE  n=6 d=3 seed=725773 nsol=729  0.87s  2026-07-22T16:35:17.208
ATTEMPT 31 START n=8 d=2 seed=725774 neq=8 2026-07-22T16:35:17.211
ATTEMPT 31 DONE  n=8 d=2 seed=725774 nsol=256  0.47s  2026-07-22T16:35:17.689
ATTEMPT 32 START n=10 d=2 seed=725775 neq=10 2026-07-22T16:35:17.695
ATTEMPT 32 DONE  n=10 d=2 seed=725775 nsol=1024  1.60s  2026-07-22T16:35:19.302
ATTEMPT 33 START n=9 d=2 seed=725776 neq=9 2026-07-22T16:35:19.306
ATTEMPT 33 DONE  n=9 d=2 seed=725776 nsol=512  0.87s  2026-07-22T16:35:20.188
ATTEMPT 34 START n=7 d=3 seed=725777 neq=7 2026-07-22T16:35:20.191
ATTEMPT 34 DONE  n=7 d=3 seed=725777 nsol=2187  4.29s  2026-07-22T16:35:24.479
ATTEMPT 35 START n=11 d=2 seed=725778 neq=11 2026-07-22T16:35:24.502
ATTEMPT 35 DONE  n=11 d=2 seed=725778 nsol=2048  4.13s  2026-07-22T16:35:28.636
ATTEMPT 36 START n=6 d=3 seed=725779 neq=6 2026-07-22T16:35:28.653
ATTEMPT 36 DONE  n=6 d=3 seed=725779 nsol=729  1.05s  2026-07-22T16:35:29.703
ATTEMPT 37 START n=8 d=2 seed=725780 neq=8 2026-07-22T16:35:29.714
ATTEMPT 37 DONE  n=8 d=2 seed=725780 nsol=256  0.28s  2026-07-22T16:35:29.996
ATTEMPT 38 START n=10 d=2 seed=725781 neq=10 2026-07-22T16:35:29.998
ATTEMPT 38 DONE  n=10 d=2 seed=725781 nsol=1024  1.75s  2026-07-22T16:35:31.755
ATTEMPT 39 START n=9 d=2 seed=725782 neq=9 2026-07-22T16:35:31.758
ATTEMPT 39 DONE  n=9 d=2 seed=725782 nsol=512  0.77s  2026-07-22T16:35:32.532
ATTEMPT 40 START n=7 d=3 seed=725783 neq=7 2026-07-22T16:35:32.542
ATTEMPT 40 DONE  n=7 d=3 seed=725783 nsol=2187  4.42s  2026-07-22T16:35:36.960
HUNT complete  2026-07-22T16:35:36.965
