HUNT start  nthreads=28  nsolves=40  seed_base=1507694  shape=mix  pid=3087405  2026-07-22T19:16:10.949
ATTEMPT 1 START n=8 d=2 seed=1507695 neq=8 2026-07-22T19:16:21.244
Computing mixed cells... 2    Time: 0:00:00[K
   mixed_volume: 32[K[A
[K[AComputing mixed cells... 33    Time: 0:00:00[K
   mixed_volume: 256[K
ATTEMPT 1 DONE  n=8 d=2 seed=1507695 nsol=256  33.66s  2026-07-22T19:16:55.086
ATTEMPT 2 START n=10 d=2 seed=1507696 neq=10 2026-07-22T19:16:55.280
ATTEMPT 2 DONE  n=10 d=2 seed=1507696 nsol=1024  29.04s  2026-07-22T19:17:24.317
ATTEMPT 3 START n=9 d=2 seed=1507697 neq=9 2026-07-22T19:17:24.319
ATTEMPT 3 DONE  n=9 d=2 seed=1507697 nsol=512  9.23s  2026-07-22T19:17:33.552
ATTEMPT 4 START n=7 d=3 seed=1507698 neq=7 2026-07-22T19:17:33.557
ATTEMPT 4 DONE  n=7 d=3 seed=1507698 nsol=2187  19.30s  2026-07-22T19:17:52.853
ATTEMPT 5 START n=11 d=2 seed=1507699 neq=11 2026-07-22T19:17:52.856
ATTEMPT 5 DONE  n=11 d=2 seed=1507699 nsol=2048  21.56s  2026-07-22T19:18:14.416
ATTEMPT 6 START n=6 d=3 seed=1507700 neq=6 2026-07-22T19:18:14.419
ATTEMPT 6 DONE  n=6 d=3 seed=1507700 nsol=729  9.59s  2026-07-22T19:18:24.011
ATTEMPT 7 START n=8 d=2 seed=1507701 neq=8 2026-07-22T19:18:24.013
ATTEMPT 7 DONE  n=8 d=2 seed=1507701 nsol=256  0.17s  2026-07-22T19:18:24.188
ATTEMPT 8 START n=10 d=2 seed=1507702 neq=10 2026-07-22T19:18:24.191
ATTEMPT 8 DONE  n=10 d=2 seed=1507702 nsol=1024  1.06s  2026-07-22T19:18:25.250
ATTEMPT 9 START n=9 d=2 seed=1507703 neq=9 2026-07-22T19:18:25.252
ATTEMPT 9 DONE  n=9 d=2 seed=1507703 nsol=512  0.35s  2026-07-22T19:18:25.602
ATTEMPT 10 START n=7 d=3 seed=1507704 neq=7 2026-07-22T19:18:25.608
ATTEMPT 10 DONE  n=7 d=3 seed=1507704 nsol=2187  1.99s  2026-07-22T19:18:27.601
ATTEMPT 11 START n=11 d=2 seed=1507705 neq=11 2026-07-22T19:18:27.606
ATTEMPT 11 DONE  n=11 d=2 seed=1507705 nsol=2048  6.19s  2026-07-22T19:18:33.800
ATTEMPT 12 START n=6 d=3 seed=1507706 neq=6 2026-07-22T19:18:33.802
ATTEMPT 12 DONE  n=6 d=3 seed=1507706 nsol=729  0.39s  2026-07-22T19:18:34.194
ATTEMPT 13 START n=8 d=2 seed=1507707 neq=8 2026-07-22T19:18:34.196
ATTEMPT 13 DONE  n=8 d=2 seed=1507707 nsol=256  0.14s  2026-07-22T19:18:34.337
ATTEMPT 14 START n=10 d=2 seed=1507708 neq=10 2026-07-22T19:18:34.340
ATTEMPT 14 DONE  n=10 d=2 seed=1507708 nsol=1024  0.99s  2026-07-22T19:18:35.335
ATTEMPT 15 START n=9 d=2 seed=1507709 neq=9 2026-07-22T19:18:35.338
ATTEMPT 15 DONE  n=9 d=2 seed=1507709 nsol=512  0.36s  2026-07-22T19:18:35.703
ATTEMPT 16 START n=7 d=3 seed=1507710 neq=7 2026-07-22T19:18:35.708
ATTEMPT 16 DONE  n=7 d=3 seed=1507710 nsol=2187  2.08s  2026-07-22T19:18:37.783
ATTEMPT 17 START n=11 d=2 seed=1507711 neq=11 2026-07-22T19:18:37.787
ATTEMPT 17 DONE  n=11 d=2 seed=1507711 nsol=2048  2.71s  2026-07-22T19:18:40.493
ATTEMPT 18 START n=6 d=3 seed=1507712 neq=6 2026-07-22T19:18:40.496
ATTEMPT 18 DONE  n=6 d=3 seed=1507712 nsol=729  0.39s  2026-07-22T19:18:40.889
ATTEMPT 19 START n=8 d=2 seed=1507713 neq=8 2026-07-22T19:18:40.891
ATTEMPT 19 DONE  n=8 d=2 seed=1507713 nsol=256  0.15s  2026-07-22T19:18:41.042
ATTEMPT 20 START n=10 d=2 seed=1507714 neq=10 2026-07-22T19:18:41.046
ATTEMPT 20 DONE  n=10 d=2 seed=1507714 nsol=1024  1.01s  2026-07-22T19:18:42.053
ATTEMPT 21 START n=9 d=2 seed=1507715 neq=9 2026-07-22T19:18:42.057
ATTEMPT 21 DONE  n=9 d=2 seed=1507715 nsol=512  0.36s  2026-07-22T19:18:42.419
ATTEMPT 22 START n=7 d=3 seed=1507716 neq=7 2026-07-22T19:18:42.424
ATTEMPT 22 DONE  n=7 d=3 seed=1507716 nsol=2187  2.13s  2026-07-22T19:18:44.552
ATTEMPT 23 START n=11 d=2 seed=1507717 neq=11 2026-07-22T19:18:44.556
ATTEMPT 23 DONE  n=11 d=2 seed=1507717 nsol=2048  2.55s  2026-07-22T19:18:47.107
ATTEMPT 24 START n=6 d=3 seed=1507718 neq=6 2026-07-22T19:18:47.110
ATTEMPT 24 DONE  n=6 d=3 seed=1507718 nsol=729  0.39s  2026-07-22T19:18:47.498
ATTEMPT 25 START n=8 d=2 seed=1507719 neq=8 2026-07-22T19:18:47.500
ATTEMPT 25 DONE  n=8 d=2 seed=1507719 nsol=256  0.16s  2026-07-22T19:18:47.662
ATTEMPT 26 START n=10 d=2 seed=1507720 neq=10 2026-07-22T19:18:47.666
ATTEMPT 26 DONE  n=10 d=2 seed=1507720 nsol=1024  1.05s  2026-07-22T19:18:48.717
ATTEMPT 27 START n=9 d=2 seed=1507721 neq=9 2026-07-22T19:18:48.720
ATTEMPT 27 DONE  n=9 d=2 seed=1507721 nsol=512  0.36s  2026-07-22T19:18:49.081
ATTEMPT 28 START n=7 d=3 seed=1507722 neq=7 2026-07-22T19:18:49.084
ATTEMPT 28 DONE  n=7 d=3 seed=1507722 nsol=2187  2.20s  2026-07-22T19:18:51.287
ATTEMPT 29 START n=11 d=2 seed=1507723 neq=11 2026-07-22T19:18:51.292
ATTEMPT 29 DONE  n=11 d=2 seed=1507723 nsol=2048  2.66s  2026-07-22T19:18:53.948
ATTEMPT 30 START n=6 d=3 seed=1507724 neq=6 2026-07-22T19:18:53.952
ATTEMPT 30 DONE  n=6 d=3 seed=1507724 nsol=729  0.39s  2026-07-22T19:18:54.343
ATTEMPT 31 START n=8 d=2 seed=1507725 neq=8 2026-07-22T19:18:54.345
ATTEMPT 31 DONE  n=8 d=2 seed=1507725 nsol=256  0.18s  2026-07-22T19:18:54.524
ATTEMPT 32 START n=10 d=2 seed=1507726 neq=10 2026-07-22T19:18:54.529
ATTEMPT 32 DONE  n=10 d=2 seed=1507726 nsol=1024  1.09s  2026-07-22T19:18:55.624
ATTEMPT 33 START n=9 d=2 seed=1507727 neq=9 2026-07-22T19:18:55.627
ATTEMPT 33 DONE  n=9 d=2 seed=1507727 nsol=512  0.33s  2026-07-22T19:18:55.961
ATTEMPT 34 START n=7 d=3 seed=1507728 neq=7 2026-07-22T19:18:55.965
ATTEMPT 34 DONE  n=7 d=3 seed=1507728 nsol=2187  1.99s  2026-07-22T19:18:57.957
ATTEMPT 35 START n=11 d=2 seed=1507729 neq=11 2026-07-22T19:18:57.962
ATTEMPT 35 DONE  n=11 d=2 seed=1507729 nsol=2048  2.56s  2026-07-22T19:19:00.519
ATTEMPT 36 START n=6 d=3 seed=1507730 neq=6 2026-07-22T19:19:00.522
ATTEMPT 36 DONE  n=6 d=3 seed=1507730 nsol=729  0.39s  2026-07-22T19:19:00.913
ATTEMPT 37 START n=8 d=2 seed=1507731 neq=8 2026-07-22T19:19:00.915
ATTEMPT 37 DONE  n=8 d=2 seed=1507731 nsol=256  0.13s  2026-07-22T19:19:01.050
ATTEMPT 38 START n=10 d=2 seed=1507732 neq=10 2026-07-22T19:19:01.052
ATTEMPT 38 DONE  n=10 d=2 seed=1507732 nsol=1024  1.00s  2026-07-22T19:19:02.057
ATTEMPT 39 START n=9 d=2 seed=1507733 neq=9 2026-07-22T19:19:02.059
ATTEMPT 39 DONE  n=9 d=2 seed=1507733 nsol=512  0.37s  2026-07-22T19:19:02.431
ATTEMPT 40 START n=7 d=3 seed=1507734 neq=7 2026-07-22T19:19:02.437
ATTEMPT 40 DONE  n=7 d=3 seed=1507734 nsol=2187  2.11s  2026-07-22T19:19:04.550
HUNT complete  2026-07-22T19:19:04.555
