HUNT start  nthreads=28  nsolves=40  seed_base=1412560  shape=mix  pid=3058981  2026-07-22T19:13:12.835
ATTEMPT 1 START n=8 d=2 seed=1412561 neq=8 2026-07-22T19:13:23.194
Computing mixed cells... 2    Time: 0:00:00[K
   mixed_volume: 4[K[A
[K[AComputing mixed cells... 39    Time: 0:00:01[K
   mixed_volume: 256[K
ATTEMPT 1 DONE  n=8 d=2 seed=1412561 nsol=256  32.88s  2026-07-22T19:13:56.267
ATTEMPT 2 START n=10 d=2 seed=1412562 neq=10 2026-07-22T19:13:56.459
ATTEMPT 2 DONE  n=10 d=2 seed=1412562 nsol=1024  14.37s  2026-07-22T19:14:10.830
ATTEMPT 3 START n=9 d=2 seed=1412563 neq=9 2026-07-22T19:14:10.833
ATTEMPT 3 DONE  n=9 d=2 seed=1412563 nsol=512  12.76s  2026-07-22T19:14:23.596
ATTEMPT 4 START n=7 d=3 seed=1412564 neq=7 2026-07-22T19:14:23.603
ATTEMPT 4 DONE  n=7 d=3 seed=1412564 nsol=2187  19.11s  2026-07-22T19:14:42.711
ATTEMPT 5 START n=11 d=2 seed=1412565 neq=11 2026-07-22T19:14:42.714
ATTEMPT 5 DONE  n=11 d=2 seed=1412565 nsol=2048  25.25s  2026-07-22T19:15:07.969
ATTEMPT 6 START n=6 d=3 seed=1412566 neq=6 2026-07-22T19:15:07.972
ATTEMPT 6 DONE  n=6 d=3 seed=1412566 nsol=729  10.46s  2026-07-22T19:15:18.435
ATTEMPT 7 START n=8 d=2 seed=1412567 neq=8 2026-07-22T19:15:18.437
ATTEMPT 7 DONE  n=8 d=2 seed=1412567 nsol=256  0.13s  2026-07-22T19:15:18.565
ATTEMPT 8 START n=10 d=2 seed=1412568 neq=10 2026-07-22T19:15:18.567
ATTEMPT 8 DONE  n=10 d=2 seed=1412568 nsol=1024  1.04s  2026-07-22T19:15:19.606
ATTEMPT 9 START n=9 d=2 seed=1412569 neq=9 2026-07-22T19:15:19.610
ATTEMPT 9 DONE  n=9 d=2 seed=1412569 nsol=512  0.39s  2026-07-22T19:15:19.995
ATTEMPT 10 START n=7 d=3 seed=1412570 neq=7 2026-07-22T19:15:20.001
ATTEMPT 10 DONE  n=7 d=3 seed=1412570 nsol=2187  2.01s  2026-07-22T19:15:22.008
ATTEMPT 11 START n=11 d=2 seed=1412571 neq=11 2026-07-22T19:15:22.011
ATTEMPT 11 DONE  n=11 d=2 seed=1412571 nsol=2048  2.65s  2026-07-22T19:15:24.657
ATTEMPT 12 START n=6 d=3 seed=1412572 neq=6 2026-07-22T19:15:24.661
ATTEMPT 12 DONE  n=6 d=3 seed=1412572 nsol=729  0.41s  2026-07-22T19:15:25.074
ATTEMPT 13 START n=8 d=2 seed=1412573 neq=8 2026-07-22T19:15:25.075
ATTEMPT 13 DONE  n=8 d=2 seed=1412573 nsol=256  0.14s  2026-07-22T19:15:25.219
ATTEMPT 14 START n=10 d=2 seed=1412574 neq=10 2026-07-22T19:15:25.223
ATTEMPT 14 DONE  n=10 d=2 seed=1412574 nsol=1024  0.93s  2026-07-22T19:15:26.148
ATTEMPT 15 START n=9 d=2 seed=1412575 neq=9 2026-07-22T19:15:26.152
ATTEMPT 15 DONE  n=9 d=2 seed=1412575 nsol=512  0.38s  2026-07-22T19:15:26.535
ATTEMPT 16 START n=7 d=3 seed=1412576 neq=7 2026-07-22T19:15:26.542
ATTEMPT 16 DONE  n=7 d=3 seed=1412576 nsol=2187  2.08s  2026-07-22T19:15:28.618
ATTEMPT 17 START n=11 d=2 seed=1412577 neq=11 2026-07-22T19:15:28.621
ATTEMPT 17 DONE  n=11 d=2 seed=1412577 nsol=2048  5.97s  2026-07-22T19:15:34.593
ATTEMPT 18 START n=6 d=3 seed=1412578 neq=6 2026-07-22T19:15:34.596
ATTEMPT 18 DONE  n=6 d=3 seed=1412578 nsol=729  0.39s  2026-07-22T19:15:34.982
ATTEMPT 19 START n=8 d=2 seed=1412579 neq=8 2026-07-22T19:15:34.985
ATTEMPT 19 DONE  n=8 d=2 seed=1412579 nsol=256  0.14s  2026-07-22T19:15:35.123
ATTEMPT 20 START n=10 d=2 seed=1412580 neq=10 2026-07-22T19:15:35.126
ATTEMPT 20 DONE  n=10 d=2 seed=1412580 nsol=1024  1.03s  2026-07-22T19:15:36.152
ATTEMPT 21 START n=9 d=2 seed=1412581 neq=9 2026-07-22T19:15:36.155
ATTEMPT 21 DONE  n=9 d=2 seed=1412581 nsol=512  0.41s  2026-07-22T19:15:36.566
ATTEMPT 22 START n=7 d=3 seed=1412582 neq=7 2026-07-22T19:15:36.572
ATTEMPT 22 DONE  n=7 d=3 seed=1412582 nsol=2187  1.95s  2026-07-22T19:15:38.526
ATTEMPT 23 START n=11 d=2 seed=1412583 neq=11 2026-07-22T19:15:38.531
ATTEMPT 23 DONE  n=11 d=2 seed=1412583 nsol=2048  2.56s  2026-07-22T19:15:41.091
ATTEMPT 24 START n=6 d=3 seed=1412584 neq=6 2026-07-22T19:15:41.094
ATTEMPT 24 DONE  n=6 d=3 seed=1412584 nsol=729  0.40s  2026-07-22T19:15:41.496
ATTEMPT 25 START n=8 d=2 seed=1412585 neq=8 2026-07-22T19:15:41.498
ATTEMPT 25 DONE  n=8 d=2 seed=1412585 nsol=256  0.18s  2026-07-22T19:15:41.677
ATTEMPT 26 START n=10 d=2 seed=1412586 neq=10 2026-07-22T19:15:41.681
ATTEMPT 26 DONE  n=10 d=2 seed=1412586 nsol=1024  1.03s  2026-07-22T19:15:42.712
ATTEMPT 27 START n=9 d=2 seed=1412587 neq=9 2026-07-22T19:15:42.715
ATTEMPT 27 DONE  n=9 d=2 seed=1412587 nsol=512  0.35s  2026-07-22T19:15:43.066
ATTEMPT 28 START n=7 d=3 seed=1412588 neq=7 2026-07-22T19:15:43.071
ATTEMPT 28 DONE  n=7 d=3 seed=1412588 nsol=2187  1.88s  2026-07-22T19:15:44.950
ATTEMPT 29 START n=11 d=2 seed=1412589 neq=11 2026-07-22T19:15:44.954
ATTEMPT 29 DONE  n=11 d=2 seed=1412589 nsol=2048  2.65s  2026-07-22T19:15:47.599
ATTEMPT 30 START n=6 d=3 seed=1412590 neq=6 2026-07-22T19:15:47.602
ATTEMPT 30 DONE  n=6 d=3 seed=1412590 nsol=729  0.40s  2026-07-22T19:15:48.003
ATTEMPT 31 START n=8 d=2 seed=1412591 neq=8 2026-07-22T19:15:48.005
ATTEMPT 31 DONE  n=8 d=2 seed=1412591 nsol=256  0.14s  2026-07-22T19:15:48.145
ATTEMPT 32 START n=10 d=2 seed=1412592 neq=10 2026-07-22T19:15:48.148
ATTEMPT 32 DONE  n=10 d=2 seed=1412592 nsol=1024  0.95s  2026-07-22T19:15:49.101
ATTEMPT 33 START n=9 d=2 seed=1412593 neq=9 2026-07-22T19:15:49.104
ATTEMPT 33 DONE  n=9 d=2 seed=1412593 nsol=512  0.37s  2026-07-22T19:15:49.474
ATTEMPT 34 START n=7 d=3 seed=1412594 neq=7 2026-07-22T19:15:49.478
ATTEMPT 34 DONE  n=7 d=3 seed=1412594 nsol=2186  1.99s  2026-07-22T19:15:51.469
ATTEMPT 35 START n=11 d=2 seed=1412595 neq=11 2026-07-22T19:15:51.474
ATTEMPT 35 DONE  n=11 d=2 seed=1412595 nsol=2048  2.54s  2026-07-22T19:15:54.018
ATTEMPT 36 START n=6 d=3 seed=1412596 neq=6 2026-07-22T19:15:54.021
ATTEMPT 36 DONE  n=6 d=3 seed=1412596 nsol=729  0.37s  2026-07-22T19:15:54.394
ATTEMPT 37 START n=8 d=2 seed=1412597 neq=8 2026-07-22T19:15:54.396
ATTEMPT 37 DONE  n=8 d=2 seed=1412597 nsol=256  0.14s  2026-07-22T19:15:54.534
ATTEMPT 38 START n=10 d=2 seed=1412598 neq=10 2026-07-22T19:15:54.536
ATTEMPT 38 DONE  n=10 d=2 seed=1412598 nsol=1024  1.04s  2026-07-22T19:15:55.573
ATTEMPT 39 START n=9 d=2 seed=1412599 neq=9 2026-07-22T19:15:55.576
ATTEMPT 39 DONE  n=9 d=2 seed=1412599 nsol=512  0.38s  2026-07-22T19:15:55.954
ATTEMPT 40 START n=7 d=3 seed=1412600 neq=7 2026-07-22T19:15:55.960
ATTEMPT 40 DONE  n=7 d=3 seed=1412600 nsol=2187  2.03s  2026-07-22T19:15:57.994
HUNT complete  2026-07-22T19:15:57.998
