HUNT start  nthreads=28  nsolves=40  seed_base=1531040  shape=mix  pid=2261491  2026-07-22T17:24:30.753
ATTEMPT 1 START n=8 d=2 seed=1531041 neq=8 2026-07-22T17:24:50.181
Computing mixed cells... 2    Time: 0:00:01[K
   mixed_volume: 32[K[A
[K[AComputing mixed cells... 35    Time: 0:00:01[K
   mixed_volume: 256[K
ATTEMPT 1 DONE  n=8 d=2 seed=1531041 nsol=256  106.21s  2026-07-22T17:26:36.754
ATTEMPT 2 START n=10 d=2 seed=1531042 neq=10 2026-07-22T17:26:37.442
ATTEMPT 2 DONE  n=10 d=2 seed=1531042 nsol=1024  65.78s  2026-07-22T17:27:43.225
ATTEMPT 3 START n=9 d=2 seed=1531043 neq=9 2026-07-22T17:27:43.235
ATTEMPT 3 DONE  n=9 d=2 seed=1531043 nsol=512  40.14s  2026-07-22T17:28:23.380
ATTEMPT 4 START n=7 d=3 seed=1531044 neq=7 2026-07-22T17:28:23.401
ATTEMPT 4 DONE  n=7 d=3 seed=1531044 nsol=2187  72.61s  2026-07-22T17:29:36.017
ATTEMPT 5 START n=11 d=2 seed=1531045 neq=11 2026-07-22T17:29:36.027
ATTEMPT 5 DONE  n=11 d=2 seed=1531045 nsol=2048  102.64s  2026-07-22T17:31:18.663
ATTEMPT 6 START n=6 d=3 seed=1531046 neq=6 2026-07-22T17:31:18.666
ATTEMPT 6 DONE  n=6 d=3 seed=1531046 nsol=729  44.39s  2026-07-22T17:32:03.053
ATTEMPT 7 START n=8 d=2 seed=1531047 neq=8 2026-07-22T17:32:03.055
ATTEMPT 7 DONE  n=8 d=2 seed=1531047 nsol=256  0.73s  2026-07-22T17:32:03.796
ATTEMPT 8 START n=10 d=2 seed=1531048 neq=10 2026-07-22T17:32:03.799
ATTEMPT 8 DONE  n=10 d=2 seed=1531048 nsol=1024  2.69s  2026-07-22T17:32:06.486
ATTEMPT 9 START n=9 d=2 seed=1531049 neq=9 2026-07-22T17:32:06.501
ATTEMPT 9 DONE  n=9 d=2 seed=1531049 nsol=512  1.12s  2026-07-22T17:32:07.623
ATTEMPT 10 START n=7 d=3 seed=1531050 neq=7 2026-07-22T17:32:07.641
ATTEMPT 10 DONE  n=7 d=3 seed=1531050 nsol=2187  8.58s  2026-07-22T17:32:16.218
ATTEMPT 11 START n=11 d=2 seed=1531051 neq=11 2026-07-22T17:32:16.223
ATTEMPT 11 DONE  n=11 d=2 seed=1531051 nsol=2048  5.95s  2026-07-22T17:32:22.187
ATTEMPT 12 START n=6 d=3 seed=1531052 neq=6 2026-07-22T17:32:22.208
ATTEMPT 12 DONE  n=6 d=3 seed=1531052 nsol=729  1.23s  2026-07-22T17:32:23.451
ATTEMPT 13 START n=8 d=2 seed=1531053 neq=8 2026-07-22T17:32:23.454
ATTEMPT 13 DONE  n=8 d=2 seed=1531053 nsol=256  0.62s  2026-07-22T17:32:24.086
ATTEMPT 14 START n=10 d=2 seed=1531054 neq=10 2026-07-22T17:32:24.107
ATTEMPT 14 DONE  n=10 d=2 seed=1531054 nsol=1024  2.70s  2026-07-22T17:32:26.820
ATTEMPT 15 START n=9 d=2 seed=1531055 neq=9 2026-07-22T17:32:26.837
ATTEMPT 15 DONE  n=9 d=2 seed=1531055 nsol=512  0.98s  2026-07-22T17:32:27.819
ATTEMPT 16 START n=7 d=3 seed=1531056 neq=7 2026-07-22T17:32:27.834
ATTEMPT 16 DONE  n=7 d=3 seed=1531056 nsol=2187  4.33s  2026-07-22T17:32:32.173
ATTEMPT 17 START n=11 d=2 seed=1531057 neq=11 2026-07-22T17:32:32.179
ATTEMPT 17 DONE  n=11 d=2 seed=1531057 nsol=2048  6.76s  2026-07-22T17:32:38.939
ATTEMPT 18 START n=6 d=3 seed=1531058 neq=6 2026-07-22T17:32:38.965
ATTEMPT 18 DONE  n=6 d=3 seed=1531058 nsol=729  1.19s  2026-07-22T17:32:40.158
ATTEMPT 19 START n=8 d=2 seed=1531059 neq=8 2026-07-22T17:32:40.166
ATTEMPT 19 DONE  n=8 d=2 seed=1531059 nsol=256  0.38s  2026-07-22T17:32:40.555
ATTEMPT 20 START n=10 d=2 seed=1531060 neq=10 2026-07-22T17:32:40.557
ATTEMPT 20 DONE  n=10 d=2 seed=1531060 nsol=1024  2.31s  2026-07-22T17:32:42.869
ATTEMPT 21 START n=9 d=2 seed=1531061 neq=9 2026-07-22T17:32:42.871
ATTEMPT 21 DONE  n=9 d=2 seed=1531061 nsol=512  1.01s  2026-07-22T17:32:43.886
ATTEMPT 22 START n=7 d=3 seed=1531062 neq=7 2026-07-22T17:32:43.907
ATTEMPT 22 DONE  n=7 d=3 seed=1531062 nsol=2187  3.74s  2026-07-22T17:32:47.656
ATTEMPT 23 START n=11 d=2 seed=1531063 neq=11 2026-07-22T17:32:47.665
ATTEMPT 23 DONE  n=11 d=2 seed=1531063 nsol=2048  8.57s  2026-07-22T17:32:56.234
ATTEMPT 24 START n=6 d=3 seed=1531064 neq=6 2026-07-22T17:32:56.268
ATTEMPT 24 DONE  n=6 d=3 seed=1531064 nsol=729  0.97s  2026-07-22T17:32:57.234
ATTEMPT 25 START n=8 d=2 seed=1531065 neq=8 2026-07-22T17:32:57.244
ATTEMPT 25 DONE  n=8 d=2 seed=1531065 nsol=256  0.40s  2026-07-22T17:32:57.656
ATTEMPT 26 START n=10 d=2 seed=1531066 neq=10 2026-07-22T17:32:57.658
ATTEMPT 26 DONE  n=10 d=2 seed=1531066 nsol=1024  2.32s  2026-07-22T17:32:59.980
ATTEMPT 27 START n=9 d=2 seed=1531067 neq=9 2026-07-22T17:32:59.984
ATTEMPT 27 DONE  n=9 d=2 seed=1531067 nsol=512  0.89s  2026-07-22T17:33:00.876
ATTEMPT 28 START n=7 d=3 seed=1531068 neq=7 2026-07-22T17:33:00.917
ATTEMPT 28 DONE  n=7 d=3 seed=1531068 nsol=2187  3.95s  2026-07-22T17:33:04.870
ATTEMPT 29 START n=11 d=2 seed=1531069 neq=11 2026-07-22T17:33:04.879
ATTEMPT 29 DONE  n=11 d=2 seed=1531069 nsol=2048  4.98s  2026-07-22T17:33:09.857
ATTEMPT 30 START n=6 d=3 seed=1531070 neq=6 2026-07-22T17:33:09.860
ATTEMPT 30 DONE  n=6 d=3 seed=1531070 nsol=729  0.84s  2026-07-22T17:33:10.700
ATTEMPT 31 START n=8 d=2 seed=1531071 neq=8 2026-07-22T17:33:10.717
ATTEMPT 31 DONE  n=8 d=2 seed=1531071 nsol=256  0.45s  2026-07-22T17:33:11.167
ATTEMPT 32 START n=10 d=2 seed=1531072 neq=10 2026-07-22T17:33:11.170
ATTEMPT 32 DONE  n=10 d=2 seed=1531072 nsol=1024  2.02s  2026-07-22T17:33:13.194
ATTEMPT 33 START n=9 d=2 seed=1531073 neq=9 2026-07-22T17:33:13.198
ATTEMPT 33 DONE  n=9 d=2 seed=1531073 nsol=512  0.92s  2026-07-22T17:33:14.115
ATTEMPT 34 START n=7 d=3 seed=1531074 neq=7 2026-07-22T17:33:14.127
ATTEMPT 34 DONE  n=7 d=3 seed=1531074 nsol=2187  4.84s  2026-07-22T17:33:18.966
ATTEMPT 35 START n=11 d=2 seed=1531075 neq=11 2026-07-22T17:33:18.970
ATTEMPT 35 DONE  n=11 d=2 seed=1531075 nsol=2048  9.79s  2026-07-22T17:33:28.763
ATTEMPT 36 START n=6 d=3 seed=1531076 neq=6 2026-07-22T17:33:28.766
ATTEMPT 36 DONE  n=6 d=3 seed=1531076 nsol=729  0.85s  2026-07-22T17:33:29.618
ATTEMPT 37 START n=8 d=2 seed=1531077 neq=8 2026-07-22T17:33:29.621
ATTEMPT 37 DONE  n=8 d=2 seed=1531077 nsol=256  0.60s  2026-07-22T17:33:30.222
ATTEMPT 38 START n=10 d=2 seed=1531078 neq=10 2026-07-22T17:33:30.249
ATTEMPT 38 DONE  n=10 d=2 seed=1531078 nsol=1024  3.39s  2026-07-22T17:33:33.638
ATTEMPT 39 START n=9 d=2 seed=1531079 neq=9 2026-07-22T17:33:33.689
ATTEMPT 39 DONE  n=9 d=2 seed=1531079 nsol=512  1.25s  2026-07-22T17:33:34.942
ATTEMPT 40 START n=7 d=3 seed=1531080 neq=7 2026-07-22T17:33:34.946
ATTEMPT 40 DONE  n=7 d=3 seed=1531080 nsol=2187  5.10s  2026-07-22T17:33:40.048
HUNT complete  2026-07-22T17:33:40.054
