HUNT start  nthreads=28  nsolves=40  seed_base=327579  shape=mix  pid=2731513  2026-07-22T18:38:19.873
ATTEMPT 1 START n=8 d=2 seed=327580 neq=8 2026-07-22T18:38:36.542
Computing mixed cells... 2    Time: 0:00:01[K
   mixed_volume: 4[K[A
[K[AComputing mixed cells... 46    Time: 0:00:01[K
   mixed_volume: 256[K
ATTEMPT 1 DONE  n=8 d=2 seed=327580 nsol=256  44.88s  2026-07-22T18:39:21.640
ATTEMPT 2 START n=10 d=2 seed=327581 neq=10 2026-07-22T18:39:21.871
ATTEMPT 2 DONE  n=10 d=2 seed=327581 nsol=1024  30.62s  2026-07-22T18:39:52.487
ATTEMPT 3 START n=9 d=2 seed=327582 neq=9 2026-07-22T18:39:52.489
ATTEMPT 3 DONE  n=9 d=2 seed=327582 nsol=512  15.40s  2026-07-22T18:40:07.885
ATTEMPT 4 START n=7 d=3 seed=327583 neq=7 2026-07-22T18:40:07.890
ATTEMPT 4 DONE  n=7 d=3 seed=327583 nsol=2187  31.98s  2026-07-22T18:40:39.873
ATTEMPT 5 START n=11 d=2 seed=327584 neq=11 2026-07-22T18:40:39.876
ATTEMPT 5 DONE  n=11 d=2 seed=327584 nsol=2048  36.77s  2026-07-22T18:41:16.642
ATTEMPT 6 START n=6 d=3 seed=327585 neq=6 2026-07-22T18:41:16.645
ATTEMPT 6 DONE  n=6 d=3 seed=327585 nsol=729  18.61s  2026-07-22T18:41:35.255
ATTEMPT 7 START n=8 d=2 seed=327586 neq=8 2026-07-22T18:41:35.257
ATTEMPT 7 DONE  n=8 d=2 seed=327586 nsol=256  0.27s  2026-07-22T18:41:35.526
ATTEMPT 8 START n=10 d=2 seed=327587 neq=10 2026-07-22T18:41:35.532
ATTEMPT 8 DONE  n=10 d=2 seed=327587 nsol=1024  1.36s  2026-07-22T18:41:36.892
ATTEMPT 9 START n=9 d=2 seed=327588 neq=9 2026-07-22T18:41:36.895
ATTEMPT 9 DONE  n=9 d=2 seed=327588 nsol=512  0.57s  2026-07-22T18:41:37.469
ATTEMPT 10 START n=7 d=3 seed=327589 neq=7 2026-07-22T18:41:37.476
ATTEMPT 10 DONE  n=7 d=3 seed=327589 nsol=2187  2.75s  2026-07-22T18:41:40.229
ATTEMPT 11 START n=11 d=2 seed=327590 neq=11 2026-07-22T18:41:40.239
ATTEMPT 11 DONE  n=11 d=2 seed=327590 nsol=2048  3.66s  2026-07-22T18:41:43.903
ATTEMPT 12 START n=6 d=3 seed=327591 neq=6 2026-07-22T18:41:43.906
ATTEMPT 12 DONE  n=6 d=3 seed=327591 nsol=729  0.59s  2026-07-22T18:41:44.500
ATTEMPT 13 START n=8 d=2 seed=327592 neq=8 2026-07-22T18:41:44.514
ATTEMPT 13 DONE  n=8 d=2 seed=327592 nsol=256  0.21s  2026-07-22T18:41:44.722
ATTEMPT 14 START n=10 d=2 seed=327593 neq=10 2026-07-22T18:41:44.724
ATTEMPT 14 DONE  n=10 d=2 seed=327593 nsol=1024  1.49s  2026-07-22T18:41:46.213
ATTEMPT 15 START n=9 d=2 seed=327594 neq=9 2026-07-22T18:41:46.215
ATTEMPT 15 DONE  n=9 d=2 seed=327594 nsol=512  0.52s  2026-07-22T18:41:46.731
ATTEMPT 16 START n=7 d=3 seed=327595 neq=7 2026-07-22T18:41:46.738
ATTEMPT 16 DONE  n=7 d=3 seed=327595 nsol=2187  2.73s  2026-07-22T18:41:49.464
ATTEMPT 17 START n=11 d=2 seed=327596 neq=11 2026-07-22T18:41:49.469
ATTEMPT 17 DONE  n=11 d=2 seed=327596 nsol=2048  3.77s  2026-07-22T18:41:53.241
ATTEMPT 18 START n=6 d=3 seed=327597 neq=6 2026-07-22T18:41:53.250
ATTEMPT 18 DONE  n=6 d=3 seed=327597 nsol=729  0.60s  2026-07-22T18:41:53.851
ATTEMPT 19 START n=8 d=2 seed=327598 neq=8 2026-07-22T18:41:53.867
ATTEMPT 19 DONE  n=8 d=2 seed=327598 nsol=256  0.24s  2026-07-22T18:41:54.106
ATTEMPT 20 START n=10 d=2 seed=327599 neq=10 2026-07-22T18:41:54.110
ATTEMPT 20 DONE  n=10 d=2 seed=327599 nsol=1024  1.44s  2026-07-22T18:41:55.551
ATTEMPT 21 START n=9 d=2 seed=327600 neq=9 2026-07-22T18:41:55.554
ATTEMPT 21 DONE  n=9 d=2 seed=327600 nsol=512  0.49s  2026-07-22T18:41:56.047
ATTEMPT 22 START n=7 d=3 seed=327601 neq=7 2026-07-22T18:41:56.054
ATTEMPT 22 DONE  n=7 d=3 seed=327601 nsol=2187  2.66s  2026-07-22T18:41:58.717
ATTEMPT 23 START n=11 d=2 seed=327602 neq=11 2026-07-22T18:41:58.723
ATTEMPT 23 DONE  n=11 d=2 seed=327602 nsol=2048  3.74s  2026-07-22T18:42:02.459
ATTEMPT 24 START n=6 d=3 seed=327603 neq=6 2026-07-22T18:42:02.461
ATTEMPT 24 DONE  n=6 d=3 seed=327603 nsol=729  0.38s  2026-07-22T18:42:02.844
ATTEMPT 25 START n=8 d=2 seed=327604 neq=8 2026-07-22T18:42:02.846
ATTEMPT 25 DONE  n=8 d=2 seed=327604 nsol=256  0.17s  2026-07-22T18:42:03.015
ATTEMPT 26 START n=10 d=2 seed=327605 neq=10 2026-07-22T18:42:03.020
ATTEMPT 26 DONE  n=10 d=2 seed=327605 nsol=1024  1.12s  2026-07-22T18:42:04.145
ATTEMPT 27 START n=9 d=2 seed=327606 neq=9 2026-07-22T18:42:04.148
ATTEMPT 27 DONE  n=9 d=2 seed=327606 nsol=512  4.00s  2026-07-22T18:42:08.144
ATTEMPT 28 START n=7 d=3 seed=327607 neq=7 2026-07-22T18:42:08.149
ATTEMPT 28 DONE  n=7 d=3 seed=327607 nsol=2187  2.16s  2026-07-22T18:42:10.312
ATTEMPT 29 START n=11 d=2 seed=327608 neq=11 2026-07-22T18:42:10.315
ATTEMPT 29 DONE  n=11 d=2 seed=327608 nsol=2048  2.59s  2026-07-22T18:42:12.906
ATTEMPT 30 START n=6 d=3 seed=327609 neq=6 2026-07-22T18:42:12.910
ATTEMPT 30 DONE  n=6 d=3 seed=327609 nsol=729  0.46s  2026-07-22T18:42:13.375
ATTEMPT 31 START n=8 d=2 seed=327610 neq=8 2026-07-22T18:42:13.377
ATTEMPT 31 DONE  n=8 d=2 seed=327610 nsol=256  0.14s  2026-07-22T18:42:13.514
ATTEMPT 32 START n=10 d=2 seed=327611 neq=10 2026-07-22T18:42:13.517
ATTEMPT 32 DONE  n=10 d=2 seed=327611 nsol=1024  1.09s  2026-07-22T18:42:14.606
ATTEMPT 33 START n=9 d=2 seed=327612 neq=9 2026-07-22T18:42:14.608
ATTEMPT 33 DONE  n=9 d=2 seed=327612 nsol=512  0.36s  2026-07-22T18:42:14.967
ATTEMPT 34 START n=7 d=3 seed=327613 neq=7 2026-07-22T18:42:14.970
ATTEMPT 34 DONE  n=7 d=3 seed=327613 nsol=2187  1.90s  2026-07-22T18:42:16.870
ATTEMPT 35 START n=11 d=2 seed=327614 neq=11 2026-07-22T18:42:16.874
ATTEMPT 35 DONE  n=11 d=2 seed=327614 nsol=2048  2.51s  2026-07-22T18:42:19.389
ATTEMPT 36 START n=6 d=3 seed=327615 neq=6 2026-07-22T18:42:19.393
ATTEMPT 36 DONE  n=6 d=3 seed=327615 nsol=729  0.40s  2026-07-22T18:42:19.798
ATTEMPT 37 START n=8 d=2 seed=327616 neq=8 2026-07-22T18:42:19.801
ATTEMPT 37 DONE  n=8 d=2 seed=327616 nsol=256  0.18s  2026-07-22T18:42:19.985
ATTEMPT 38 START n=10 d=2 seed=327617 neq=10 2026-07-22T18:42:19.989
ATTEMPT 38 DONE  n=10 d=2 seed=327617 nsol=1024  1.06s  2026-07-22T18:42:21.046
ATTEMPT 39 START n=9 d=2 seed=327618 neq=9 2026-07-22T18:42:21.049
ATTEMPT 39 DONE  n=9 d=2 seed=327618 nsol=512  0.38s  2026-07-22T18:42:21.432
ATTEMPT 40 START n=7 d=3 seed=327619 neq=7 2026-07-22T18:42:21.436
ATTEMPT 40 DONE  n=7 d=3 seed=327619 nsol=2187  1.92s  2026-07-22T18:42:23.352
HUNT complete  2026-07-22T18:42:23.358
