HUNT start  nthreads=28  nsolves=40  seed_base=1627081  shape=mix  pid=3117544  2026-07-22T19:19:19.120
ATTEMPT 1 START n=8 d=2 seed=1627082 neq=8 2026-07-22T19:19:29.359
Computing mixed cells... 2    Time: 0:00:00[K
   mixed_volume: 10[K[A
[K[AComputing mixed cells... 49    Time: 0:00:01[K
   mixed_volume: 256[K
ATTEMPT 1 DONE  n=8 d=2 seed=1627082 nsol=256  33.14s  2026-07-22T19:20:02.681
ATTEMPT 2 START n=10 d=2 seed=1627083 neq=10 2026-07-22T19:20:02.883
ATTEMPT 2 DONE  n=10 d=2 seed=1627083 nsol=1024  12.74s  2026-07-22T19:20:15.628
ATTEMPT 3 START n=9 d=2 seed=1627084 neq=9 2026-07-22T19:20:15.630
ATTEMPT 3 DONE  n=9 d=2 seed=1627084 nsol=512  18.53s  2026-07-22T19:20:34.156
ATTEMPT 4 START n=7 d=3 seed=1627085 neq=7 2026-07-22T19:20:34.160
ATTEMPT 4 DONE  n=7 d=3 seed=1627085 nsol=2187  23.09s  2026-07-22T19:20:57.247
ATTEMPT 5 START n=11 d=2 seed=1627086 neq=11 2026-07-22T19:20:57.251
ATTEMPT 5 DONE  n=11 d=2 seed=1627086 nsol=2048  19.18s  2026-07-22T19:21:16.430
ATTEMPT 6 START n=6 d=3 seed=1627087 neq=6 2026-07-22T19:21:16.432
ATTEMPT 6 DONE  n=6 d=3 seed=1627087 nsol=729  9.66s  2026-07-22T19:21:26.091
ATTEMPT 7 START n=8 d=2 seed=1627088 neq=8 2026-07-22T19:21:26.093
ATTEMPT 7 DONE  n=8 d=2 seed=1627088 nsol=256  0.15s  2026-07-22T19:21:26.240
ATTEMPT 8 START n=10 d=2 seed=1627089 neq=10 2026-07-22T19:21:26.244
ATTEMPT 8 DONE  n=10 d=2 seed=1627089 nsol=1024  0.99s  2026-07-22T19:21:27.233
ATTEMPT 9 START n=9 d=2 seed=1627090 neq=9 2026-07-22T19:21:27.236
ATTEMPT 9 DONE  n=9 d=2 seed=1627090 nsol=512  0.39s  2026-07-22T19:21:27.629
ATTEMPT 10 START n=7 d=3 seed=1627091 neq=7 2026-07-22T19:21:27.634
ATTEMPT 10 DONE  n=7 d=3 seed=1627091 nsol=2187  5.58s  2026-07-22T19:21:33.215
ATTEMPT 11 START n=11 d=2 seed=1627092 neq=11 2026-07-22T19:21:33.219
ATTEMPT 11 DONE  n=11 d=2 seed=1627092 nsol=2048  2.56s  2026-07-22T19:21:35.774
ATTEMPT 12 START n=6 d=3 seed=1627093 neq=6 2026-07-22T19:21:35.776
ATTEMPT 12 DONE  n=6 d=3 seed=1627093 nsol=729  0.38s  2026-07-22T19:21:36.156
ATTEMPT 13 START n=8 d=2 seed=1627094 neq=8 2026-07-22T19:21:36.158
ATTEMPT 13 DONE  n=8 d=2 seed=1627094 nsol=256  0.14s  2026-07-22T19:21:36.302
ATTEMPT 14 START n=10 d=2 seed=1627095 neq=10 2026-07-22T19:21:36.305
ATTEMPT 14 DONE  n=10 d=2 seed=1627095 nsol=1024  0.94s  2026-07-22T19:21:37.241
ATTEMPT 15 START n=9 d=2 seed=1627096 neq=9 2026-07-22T19:21:37.244
ATTEMPT 15 DONE  n=9 d=2 seed=1627096 nsol=512  0.38s  2026-07-22T19:21:37.620
ATTEMPT 16 START n=7 d=3 seed=1627097 neq=7 2026-07-22T19:21:37.625
ATTEMPT 16 DONE  n=7 d=3 seed=1627097 nsol=2187  2.02s  2026-07-22T19:21:39.647
ATTEMPT 17 START n=11 d=2 seed=1627098 neq=11 2026-07-22T19:21:39.651
ATTEMPT 17 DONE  n=11 d=2 seed=1627098 nsol=2048  2.71s  2026-07-22T19:21:42.365
ATTEMPT 18 START n=6 d=3 seed=1627099 neq=6 2026-07-22T19:21:42.367
ATTEMPT 18 DONE  n=6 d=3 seed=1627099 nsol=729  0.38s  2026-07-22T19:21:42.748
ATTEMPT 19 START n=8 d=2 seed=1627100 neq=8 2026-07-22T19:21:42.749
ATTEMPT 19 DONE  n=8 d=2 seed=1627100 nsol=256  0.15s  2026-07-22T19:21:42.899
ATTEMPT 20 START n=10 d=2 seed=1627101 neq=10 2026-07-22T19:21:42.902
ATTEMPT 20 DONE  n=10 d=2 seed=1627101 nsol=1024  1.04s  2026-07-22T19:21:43.945
ATTEMPT 21 START n=9 d=2 seed=1627102 neq=9 2026-07-22T19:21:43.948
ATTEMPT 21 DONE  n=9 d=2 seed=1627102 nsol=512  0.37s  2026-07-22T19:21:44.323
ATTEMPT 22 START n=7 d=3 seed=1627103 neq=7 2026-07-22T19:21:44.326
ATTEMPT 22 DONE  n=7 d=3 seed=1627103 nsol=2187  1.97s  2026-07-22T19:21:46.297
ATTEMPT 23 START n=11 d=2 seed=1627104 neq=11 2026-07-22T19:21:46.301
ATTEMPT 23 DONE  n=11 d=2 seed=1627104 nsol=2048  2.51s  2026-07-22T19:21:48.807
ATTEMPT 24 START n=6 d=3 seed=1627105 neq=6 2026-07-22T19:21:48.810
ATTEMPT 24 DONE  n=6 d=3 seed=1627105 nsol=729  0.39s  2026-07-22T19:21:49.203
ATTEMPT 25 START n=8 d=2 seed=1627106 neq=8 2026-07-22T19:21:49.206
ATTEMPT 25 DONE  n=8 d=2 seed=1627106 nsol=256  0.14s  2026-07-22T19:21:49.348
ATTEMPT 26 START n=10 d=2 seed=1627107 neq=10 2026-07-22T19:21:49.351
ATTEMPT 26 DONE  n=10 d=2 seed=1627107 nsol=1024  1.17s  2026-07-22T19:21:50.520
ATTEMPT 27 START n=9 d=2 seed=1627108 neq=9 2026-07-22T19:21:50.522
ATTEMPT 27 DONE  n=9 d=2 seed=1627108 nsol=512  0.37s  2026-07-22T19:21:50.890
ATTEMPT 28 START n=7 d=3 seed=1627109 neq=7 2026-07-22T19:21:50.895
ATTEMPT 28 DONE  n=7 d=3 seed=1627109 nsol=2187  1.97s  2026-07-22T19:21:52.866
ATTEMPT 29 START n=11 d=2 seed=1627110 neq=11 2026-07-22T19:21:52.872
ATTEMPT 29 DONE  n=11 d=2 seed=1627110 nsol=2048  2.70s  2026-07-22T19:21:55.572
ATTEMPT 30 START n=6 d=3 seed=1627111 neq=6 2026-07-22T19:21:55.575
ATTEMPT 30 DONE  n=6 d=3 seed=1627111 nsol=729  0.38s  2026-07-22T19:21:55.952
ATTEMPT 31 START n=8 d=2 seed=1627112 neq=8 2026-07-22T19:21:55.954
ATTEMPT 31 DONE  n=8 d=2 seed=1627112 nsol=256  0.14s  2026-07-22T19:21:56.096
ATTEMPT 32 START n=10 d=2 seed=1627113 neq=10 2026-07-22T19:21:56.099
ATTEMPT 32 DONE  n=10 d=2 seed=1627113 nsol=1024  0.99s  2026-07-22T19:21:57.088
ATTEMPT 33 START n=9 d=2 seed=1627114 neq=9 2026-07-22T19:21:57.091
ATTEMPT 33 DONE  n=9 d=2 seed=1627114 nsol=512  0.34s  2026-07-22T19:21:57.427
ATTEMPT 34 START n=7 d=3 seed=1627115 neq=7 2026-07-22T19:21:57.431
ATTEMPT 34 DONE  n=7 d=3 seed=1627115 nsol=2187  2.02s  2026-07-22T19:21:59.449
ATTEMPT 35 START n=11 d=2 seed=1627116 neq=11 2026-07-22T19:21:59.455
ATTEMPT 35 DONE  n=11 d=2 seed=1627116 nsol=2048  2.67s  2026-07-22T19:22:02.125
ATTEMPT 36 START n=6 d=3 seed=1627117 neq=6 2026-07-22T19:22:02.129
ATTEMPT 36 DONE  n=6 d=3 seed=1627117 nsol=729  0.39s  2026-07-22T19:22:02.520
ATTEMPT 37 START n=8 d=2 seed=1627118 neq=8 2026-07-22T19:22:02.523
ATTEMPT 37 DONE  n=8 d=2 seed=1627118 nsol=256  0.16s  2026-07-22T19:22:02.678
ATTEMPT 38 START n=10 d=2 seed=1627119 neq=10 2026-07-22T19:22:02.682
ATTEMPT 38 DONE  n=10 d=2 seed=1627119 nsol=1024  1.02s  2026-07-22T19:22:03.701
ATTEMPT 39 START n=9 d=2 seed=1627120 neq=9 2026-07-22T19:22:03.704
ATTEMPT 39 DONE  n=9 d=2 seed=1627120 nsol=512  0.35s  2026-07-22T19:22:04.056
ATTEMPT 40 START n=7 d=3 seed=1627121 neq=7 2026-07-22T19:22:04.061
ATTEMPT 40 DONE  n=7 d=3 seed=1627121 nsol=2187  5.69s  2026-07-22T19:22:09.749
HUNT complete  2026-07-22T19:22:09.753
