HUNT start  nthreads=28  nsolves=40  seed_base=504571  shape=mix  pid=1806939  2026-07-22T16:22:57.851
ATTEMPT 1 START n=8 d=2 seed=504572 neq=8 2026-07-22T16:23:13.551
Computing mixed cells... 2    Time: 0:00:01[K
   mixed_volume: 16[K[A
[K[AComputing mixed cells... 10    Time: 0:00:01[K
   mixed_volume: 256[K
ATTEMPT 1 DONE  n=8 d=2 seed=504572 nsol=256  42.60s  2026-07-22T16:23:56.362
ATTEMPT 2 START n=10 d=2 seed=504573 neq=10 2026-07-22T16:23:56.607
ATTEMPT 2 DONE  n=10 d=2 seed=504573 nsol=1024  21.04s  2026-07-22T16:24:17.647
ATTEMPT 3 START n=9 d=2 seed=504574 neq=9 2026-07-22T16:24:17.649
ATTEMPT 3 DONE  n=9 d=2 seed=504574 nsol=512  17.97s  2026-07-22T16:24:35.623
ATTEMPT 4 START n=7 d=3 seed=504575 neq=7 2026-07-22T16:24:35.627
ATTEMPT 4 DONE  n=7 d=3 seed=504575 nsol=2187  37.18s  2026-07-22T16:25:12.804
ATTEMPT 5 START n=11 d=2 seed=504576 neq=11 2026-07-22T16:25:12.815
ATTEMPT 5 DONE  n=11 d=2 seed=504576 nsol=2048  30.13s  2026-07-22T16:25:42.950
ATTEMPT 6 START n=6 d=3 seed=504577 neq=6 2026-07-22T16:25:42.952
ATTEMPT 6 DONE  n=6 d=3 seed=504577 nsol=729  9.53s  2026-07-22T16:25:52.479
ATTEMPT 7 START n=8 d=2 seed=504578 neq=8 2026-07-22T16:25:52.481
ATTEMPT 7 DONE  n=8 d=2 seed=504578 nsol=256  0.16s  2026-07-22T16:25:52.641
ATTEMPT 8 START n=10 d=2 seed=504579 neq=10 2026-07-22T16:25:52.644
ATTEMPT 8 DONE  n=10 d=2 seed=504579 nsol=1024  1.11s  2026-07-22T16:25:53.753
ATTEMPT 9 START n=9 d=2 seed=504580 neq=9 2026-07-22T16:25:53.757
ATTEMPT 9 DONE  n=9 d=2 seed=504580 nsol=512  0.41s  2026-07-22T16:25:54.166
ATTEMPT 10 START n=7 d=3 seed=504581 neq=7 2026-07-22T16:25:54.172
ATTEMPT 10 DONE  n=7 d=3 seed=504581 nsol=2187  2.07s  2026-07-22T16:25:56.244
ATTEMPT 11 START n=11 d=2 seed=504582 neq=11 2026-07-22T16:25:56.247
ATTEMPT 11 DONE  n=11 d=2 seed=504582 nsol=2048  2.62s  2026-07-22T16:25:58.866
ATTEMPT 12 START n=6 d=3 seed=504583 neq=6 2026-07-22T16:25:58.868
ATTEMPT 12 DONE  n=6 d=3 seed=504583 nsol=729  0.42s  2026-07-22T16:25:59.293
ATTEMPT 13 START n=8 d=2 seed=504584 neq=8 2026-07-22T16:25:59.295
ATTEMPT 13 DONE  n=8 d=2 seed=504584 nsol=256  0.16s  2026-07-22T16:25:59.452
ATTEMPT 14 START n=10 d=2 seed=504585 neq=10 2026-07-22T16:25:59.455
ATTEMPT 14 DONE  n=10 d=2 seed=504585 nsol=1024  1.11s  2026-07-22T16:26:00.564
ATTEMPT 15 START n=9 d=2 seed=504586 neq=9 2026-07-22T16:26:00.570
ATTEMPT 15 DONE  n=9 d=2 seed=504586 nsol=512  0.39s  2026-07-22T16:26:00.957
ATTEMPT 16 START n=7 d=3 seed=504587 neq=7 2026-07-22T16:26:00.962
ATTEMPT 16 DONE  n=7 d=3 seed=504587 nsol=2187  2.16s  2026-07-22T16:26:03.126
ATTEMPT 17 START n=11 d=2 seed=504588 neq=11 2026-07-22T16:26:03.130
ATTEMPT 17 DONE  n=11 d=2 seed=504588 nsol=2048  2.82s  2026-07-22T16:26:05.953
ATTEMPT 18 START n=6 d=3 seed=504589 neq=6 2026-07-22T16:26:05.956
ATTEMPT 18 DONE  n=6 d=3 seed=504589 nsol=729  0.44s  2026-07-22T16:26:06.392
ATTEMPT 19 START n=8 d=2 seed=504590 neq=8 2026-07-22T16:26:06.395
ATTEMPT 19 DONE  n=8 d=2 seed=504590 nsol=256  3.77s  2026-07-22T16:26:10.168
ATTEMPT 20 START n=10 d=2 seed=504591 neq=10 2026-07-22T16:26:10.172
ATTEMPT 20 DONE  n=10 d=2 seed=504591 nsol=1024  1.30s  2026-07-22T16:26:11.476
ATTEMPT 21 START n=9 d=2 seed=504592 neq=9 2026-07-22T16:26:11.481
ATTEMPT 21 DONE  n=9 d=2 seed=504592 nsol=512  0.46s  2026-07-22T16:26:11.944
ATTEMPT 22 START n=7 d=3 seed=504593 neq=7 2026-07-22T16:26:11.952
ATTEMPT 22 DONE  n=7 d=3 seed=504593 nsol=2187  2.42s  2026-07-22T16:26:14.376
ATTEMPT 23 START n=11 d=2 seed=504594 neq=11 2026-07-22T16:26:14.381
ATTEMPT 23 DONE  n=11 d=2 seed=504594 nsol=2048  2.81s  2026-07-22T16:26:17.187
ATTEMPT 24 START n=6 d=3 seed=504595 neq=6 2026-07-22T16:26:17.189
ATTEMPT 24 DONE  n=6 d=3 seed=504595 nsol=729  0.41s  2026-07-22T16:26:17.600
ATTEMPT 25 START n=8 d=2 seed=504596 neq=8 2026-07-22T16:26:17.602
ATTEMPT 25 DONE  n=8 d=2 seed=504596 nsol=256  0.17s  2026-07-22T16:26:17.774
ATTEMPT 26 START n=10 d=2 seed=504597 neq=10 2026-07-22T16:26:17.779
ATTEMPT 26 DONE  n=10 d=2 seed=504597 nsol=1024  1.16s  2026-07-22T16:26:18.938
ATTEMPT 27 START n=9 d=2 seed=504598 neq=9 2026-07-22T16:26:18.942
ATTEMPT 27 DONE  n=9 d=2 seed=504598 nsol=512  0.42s  2026-07-22T16:26:19.358
ATTEMPT 28 START n=7 d=3 seed=504599 neq=7 2026-07-22T16:26:19.366
ATTEMPT 28 DONE  n=7 d=3 seed=504599 nsol=2187  2.25s  2026-07-22T16:26:21.619
ATTEMPT 29 START n=11 d=2 seed=504600 neq=11 2026-07-22T16:26:21.624
ATTEMPT 29 DONE  n=11 d=2 seed=504600 nsol=2048  2.80s  2026-07-22T16:26:24.425
ATTEMPT 30 START n=6 d=3 seed=504601 neq=6 2026-07-22T16:26:24.430
ATTEMPT 30 DONE  n=6 d=3 seed=504601 nsol=729  0.45s  2026-07-22T16:26:24.880
ATTEMPT 31 START n=8 d=2 seed=504602 neq=8 2026-07-22T16:26:24.883
ATTEMPT 31 DONE  n=8 d=2 seed=504602 nsol=256  0.16s  2026-07-22T16:26:25.043
ATTEMPT 32 START n=10 d=2 seed=504603 neq=10 2026-07-22T16:26:25.047
ATTEMPT 32 DONE  n=10 d=2 seed=504603 nsol=1024  1.07s  2026-07-22T16:26:26.122
ATTEMPT 33 START n=9 d=2 seed=504604 neq=9 2026-07-22T16:26:26.126
ATTEMPT 33 DONE  n=9 d=2 seed=504604 nsol=512  0.42s  2026-07-22T16:26:26.545
ATTEMPT 34 START n=7 d=3 seed=504605 neq=7 2026-07-22T16:26:26.552
ATTEMPT 34 DONE  n=7 d=3 seed=504605 nsol=2187  2.34s  2026-07-22T16:26:28.894
ATTEMPT 35 START n=11 d=2 seed=504606 neq=11 2026-07-22T16:26:28.899
ATTEMPT 35 DONE  n=11 d=2 seed=504606 nsol=2048  2.77s  2026-07-22T16:26:31.668
ATTEMPT 36 START n=6 d=3 seed=504607 neq=6 2026-07-22T16:26:31.672
ATTEMPT 36 DONE  n=6 d=3 seed=504607 nsol=729  0.39s  2026-07-22T16:26:32.066
ATTEMPT 37 START n=8 d=2 seed=504608 neq=8 2026-07-22T16:26:32.068
ATTEMPT 37 DONE  n=8 d=2 seed=504608 nsol=256  0.16s  2026-07-22T16:26:32.228
ATTEMPT 38 START n=10 d=2 seed=504609 neq=10 2026-07-22T16:26:32.232
ATTEMPT 38 DONE  n=10 d=2 seed=504609 nsol=1024  1.07s  2026-07-22T16:26:33.302
ATTEMPT 39 START n=9 d=2 seed=504610 neq=9 2026-07-22T16:26:33.306
ATTEMPT 39 DONE  n=9 d=2 seed=504610 nsol=512  0.40s  2026-07-22T16:26:33.701
ATTEMPT 40 START n=7 d=3 seed=504611 neq=7 2026-07-22T16:26:33.707
ATTEMPT 40 DONE  n=7 d=3 seed=504611 nsol=2187  2.33s  2026-07-22T16:26:36.032
HUNT complete  2026-07-22T16:26:36.038
