HUNT start  nthreads=28  nsolves=40  seed_base=1202609  shape=mix  pid=2999590  2026-07-22T19:07:03.012
ATTEMPT 1 START n=8 d=2 seed=1202610 neq=8 2026-07-22T19:07:16.846
Computing mixed cells... 2    Time: 0:00:00[K
   mixed_volume: 26[K[A
[K[AComputing mixed cells... 32    Time: 0:00:00[K
   mixed_volume: 256[K
ATTEMPT 1 DONE  n=8 d=2 seed=1202610 nsol=256  32.82s  2026-07-22T19:07:49.853
ATTEMPT 2 START n=10 d=2 seed=1202611 neq=10 2026-07-22T19:07:50.090
ATTEMPT 2 DONE  n=10 d=2 seed=1202611 nsol=1024  16.30s  2026-07-22T19:08:06.388
ATTEMPT 3 START n=9 d=2 seed=1202612 neq=9 2026-07-22T19:08:06.391
ATTEMPT 3 DONE  n=9 d=2 seed=1202612 nsol=512  10.12s  2026-07-22T19:08:16.510
ATTEMPT 4 START n=7 d=3 seed=1202613 neq=7 2026-07-22T19:08:16.513
ATTEMPT 4 DONE  n=7 d=3 seed=1202613 nsol=2187  25.65s  2026-07-22T19:08:42.160
ATTEMPT 5 START n=11 d=2 seed=1202614 neq=11 2026-07-22T19:08:42.164
ATTEMPT 5 DONE  n=11 d=2 seed=1202614 nsol=2048  24.52s  2026-07-22T19:09:06.681
ATTEMPT 6 START n=6 d=3 seed=1202615 neq=6 2026-07-22T19:09:06.683
ATTEMPT 6 DONE  n=6 d=3 seed=1202615 nsol=729  9.87s  2026-07-22T19:09:16.552
ATTEMPT 7 START n=8 d=2 seed=1202616 neq=8 2026-07-22T19:09:16.553
ATTEMPT 7 DONE  n=8 d=2 seed=1202616 nsol=256  0.16s  2026-07-22T19:09:16.713
ATTEMPT 8 START n=10 d=2 seed=1202617 neq=10 2026-07-22T19:09:16.716
ATTEMPT 8 DONE  n=10 d=2 seed=1202617 nsol=1024  1.18s  2026-07-22T19:09:17.901
ATTEMPT 9 START n=9 d=2 seed=1202618 neq=9 2026-07-22T19:09:17.904
ATTEMPT 9 DONE  n=9 d=2 seed=1202618 nsol=512  0.37s  2026-07-22T19:09:18.274
ATTEMPT 10 START n=7 d=3 seed=1202619 neq=7 2026-07-22T19:09:18.278
ATTEMPT 10 DONE  n=7 d=3 seed=1202619 nsol=2187  1.98s  2026-07-22T19:09:20.258
ATTEMPT 11 START n=11 d=2 seed=1202620 neq=11 2026-07-22T19:09:20.262
ATTEMPT 11 DONE  n=11 d=2 seed=1202620 nsol=2048  2.52s  2026-07-22T19:09:22.778
ATTEMPT 12 START n=6 d=3 seed=1202621 neq=6 2026-07-22T19:09:22.782
ATTEMPT 12 DONE  n=6 d=3 seed=1202621 nsol=729  0.40s  2026-07-22T19:09:23.179
ATTEMPT 13 START n=8 d=2 seed=1202622 neq=8 2026-07-22T19:09:23.182
ATTEMPT 13 DONE  n=8 d=2 seed=1202622 nsol=256  0.14s  2026-07-22T19:09:23.324
ATTEMPT 14 START n=10 d=2 seed=1202623 neq=10 2026-07-22T19:09:23.327
ATTEMPT 14 DONE  n=10 d=2 seed=1202623 nsol=1024  1.04s  2026-07-22T19:09:24.364
ATTEMPT 15 START n=9 d=2 seed=1202624 neq=9 2026-07-22T19:09:24.367
ATTEMPT 15 DONE  n=9 d=2 seed=1202624 nsol=512  0.35s  2026-07-22T19:09:24.715
ATTEMPT 16 START n=7 d=3 seed=1202625 neq=7 2026-07-22T19:09:24.718
ATTEMPT 16 DONE  n=7 d=3 seed=1202625 nsol=2187  2.21s  2026-07-22T19:09:26.926
ATTEMPT 17 START n=11 d=2 seed=1202626 neq=11 2026-07-22T19:09:26.931
ATTEMPT 17 DONE  n=11 d=2 seed=1202626 nsol=2048  2.65s  2026-07-22T19:09:29.585
ATTEMPT 18 START n=6 d=3 seed=1202627 neq=6 2026-07-22T19:09:29.588
ATTEMPT 18 DONE  n=6 d=3 seed=1202627 nsol=729  0.41s  2026-07-22T19:09:29.993
ATTEMPT 19 START n=8 d=2 seed=1202628 neq=8 2026-07-22T19:09:29.996
ATTEMPT 19 DONE  n=8 d=2 seed=1202628 nsol=256  0.21s  2026-07-22T19:09:30.201
ATTEMPT 20 START n=10 d=2 seed=1202629 neq=10 2026-07-22T19:09:30.204
ATTEMPT 20 DONE  n=10 d=2 seed=1202629 nsol=1024  0.96s  2026-07-22T19:09:31.169
ATTEMPT 21 START n=9 d=2 seed=1202630 neq=9 2026-07-22T19:09:31.171
ATTEMPT 21 DONE  n=9 d=2 seed=1202630 nsol=512  0.38s  2026-07-22T19:09:31.546
ATTEMPT 22 START n=7 d=3 seed=1202631 neq=7 2026-07-22T19:09:31.551
ATTEMPT 22 DONE  n=7 d=3 seed=1202631 nsol=2187  5.66s  2026-07-22T19:09:37.211
ATTEMPT 23 START n=11 d=2 seed=1202632 neq=11 2026-07-22T19:09:37.216
ATTEMPT 23 DONE  n=11 d=2 seed=1202632 nsol=2048  2.71s  2026-07-22T19:09:39.923
ATTEMPT 24 START n=6 d=3 seed=1202633 neq=6 2026-07-22T19:09:39.926
ATTEMPT 24 DONE  n=6 d=3 seed=1202633 nsol=729  0.38s  2026-07-22T19:09:40.307
ATTEMPT 25 START n=8 d=2 seed=1202634 neq=8 2026-07-22T19:09:40.309
ATTEMPT 25 DONE  n=8 d=2 seed=1202634 nsol=256  0.14s  2026-07-22T19:09:40.447
ATTEMPT 26 START n=10 d=2 seed=1202635 neq=10 2026-07-22T19:09:40.451
ATTEMPT 26 DONE  n=10 d=2 seed=1202635 nsol=1024  0.98s  2026-07-22T19:09:41.430
ATTEMPT 27 START n=9 d=2 seed=1202636 neq=9 2026-07-22T19:09:41.433
ATTEMPT 27 DONE  n=9 d=2 seed=1202636 nsol=512  0.41s  2026-07-22T19:09:41.841
ATTEMPT 28 START n=7 d=3 seed=1202637 neq=7 2026-07-22T19:09:41.846
ATTEMPT 28 DONE  n=7 d=3 seed=1202637 nsol=2187  2.08s  2026-07-22T19:09:43.923
ATTEMPT 29 START n=11 d=2 seed=1202638 neq=11 2026-07-22T19:09:43.926
ATTEMPT 29 DONE  n=11 d=2 seed=1202638 nsol=2048  2.84s  2026-07-22T19:09:46.765
ATTEMPT 30 START n=6 d=3 seed=1202639 neq=6 2026-07-22T19:09:46.767
ATTEMPT 30 DONE  n=6 d=3 seed=1202639 nsol=729  0.42s  2026-07-22T19:09:47.186
ATTEMPT 31 START n=8 d=2 seed=1202640 neq=8 2026-07-22T19:09:47.189
ATTEMPT 31 DONE  n=8 d=2 seed=1202640 nsol=256  0.16s  2026-07-22T19:09:47.350
ATTEMPT 32 START n=10 d=2 seed=1202641 neq=10 2026-07-22T19:09:47.353
ATTEMPT 32 DONE  n=10 d=2 seed=1202641 nsol=1024  1.03s  2026-07-22T19:09:48.379
ATTEMPT 33 START n=9 d=2 seed=1202642 neq=9 2026-07-22T19:09:48.382
ATTEMPT 33 DONE  n=9 d=2 seed=1202642 nsol=512  0.44s  2026-07-22T19:09:48.822
ATTEMPT 34 START n=7 d=3 seed=1202643 neq=7 2026-07-22T19:09:48.827
ATTEMPT 34 DONE  n=7 d=3 seed=1202643 nsol=2187  2.35s  2026-07-22T19:09:51.179
ATTEMPT 35 START n=11 d=2 seed=1202644 neq=11 2026-07-22T19:09:51.183
ATTEMPT 35 DONE  n=11 d=2 seed=1202644 nsol=2048  2.65s  2026-07-22T19:09:53.833
ATTEMPT 36 START n=6 d=3 seed=1202645 neq=6 2026-07-22T19:09:53.837
ATTEMPT 36 DONE  n=6 d=3 seed=1202645 nsol=729  0.42s  2026-07-22T19:09:54.254
ATTEMPT 37 START n=8 d=2 seed=1202646 neq=8 2026-07-22T19:09:54.256
ATTEMPT 37 DONE  n=8 d=2 seed=1202646 nsol=256  0.16s  2026-07-22T19:09:54.412
ATTEMPT 38 START n=10 d=2 seed=1202647 neq=10 2026-07-22T19:09:54.415
ATTEMPT 38 DONE  n=10 d=2 seed=1202647 nsol=1024  1.04s  2026-07-22T19:09:55.457
ATTEMPT 39 START n=9 d=2 seed=1202648 neq=9 2026-07-22T19:09:55.460
ATTEMPT 39 DONE  n=9 d=2 seed=1202648 nsol=512  0.41s  2026-07-22T19:09:55.872
ATTEMPT 40 START n=7 d=3 seed=1202649 neq=7 2026-07-22T19:09:55.878
ATTEMPT 40 DONE  n=7 d=3 seed=1202649 nsol=2187  2.23s  2026-07-22T19:09:58.104
HUNT complete  2026-07-22T19:09:58.109
