HUNT start  nthreads=28  nsolves=40  seed_base=1021824  shape=mix  pid=2939871  2026-07-22T19:00:57.049
ATTEMPT 1 START n=8 d=2 seed=1021825 neq=8 2026-07-22T19:01:08.065
Computing mixed cells... 2    Time: 0:00:00[K
   mixed_volume: 50[K[A
[K[AComputing mixed cells... 39    Time: 0:00:01[K
   mixed_volume: 256[K
ATTEMPT 1 DONE  n=8 d=2 seed=1021825 nsol=256  35.34s  2026-07-22T19:01:43.591
ATTEMPT 2 START n=10 d=2 seed=1021826 neq=10 2026-07-22T19:01:43.781
ATTEMPT 2 DONE  n=10 d=2 seed=1021826 nsol=1024  18.30s  2026-07-22T19:02:02.082
ATTEMPT 3 START n=9 d=2 seed=1021827 neq=9 2026-07-22T19:02:02.084
ATTEMPT 3 DONE  n=9 d=2 seed=1021827 nsol=512  11.45s  2026-07-22T19:02:13.531
ATTEMPT 4 START n=7 d=3 seed=1021828 neq=7 2026-07-22T19:02:13.536
ATTEMPT 4 DONE  n=7 d=3 seed=1021828 nsol=2187  22.63s  2026-07-22T19:02:36.167
ATTEMPT 5 START n=11 d=2 seed=1021829 neq=11 2026-07-22T19:02:36.170
ATTEMPT 5 DONE  n=11 d=2 seed=1021829 nsol=2048  20.11s  2026-07-22T19:02:56.278
ATTEMPT 6 START n=6 d=3 seed=1021830 neq=6 2026-07-22T19:02:56.281
ATTEMPT 6 DONE  n=6 d=3 seed=1021830 nsol=729  15.65s  2026-07-22T19:03:11.935
ATTEMPT 7 START n=8 d=2 seed=1021831 neq=8 2026-07-22T19:03:11.937
ATTEMPT 7 DONE  n=8 d=2 seed=1021831 nsol=256  0.21s  2026-07-22T19:03:12.142
ATTEMPT 8 START n=10 d=2 seed=1021832 neq=10 2026-07-22T19:03:12.148
ATTEMPT 8 DONE  n=10 d=2 seed=1021832 nsol=1024  1.11s  2026-07-22T19:03:13.259
ATTEMPT 9 START n=9 d=2 seed=1021833 neq=9 2026-07-22T19:03:13.261
ATTEMPT 9 DONE  n=9 d=2 seed=1021833 nsol=512  0.37s  2026-07-22T19:03:13.631
ATTEMPT 10 START n=7 d=3 seed=1021834 neq=7 2026-07-22T19:03:13.637
ATTEMPT 10 DONE  n=7 d=3 seed=1021834 nsol=2187  2.12s  2026-07-22T19:03:15.759
ATTEMPT 11 START n=11 d=2 seed=1021835 neq=11 2026-07-22T19:03:15.764
ATTEMPT 11 DONE  n=11 d=2 seed=1021835 nsol=2048  2.86s  2026-07-22T19:03:18.621
ATTEMPT 12 START n=6 d=3 seed=1021836 neq=6 2026-07-22T19:03:18.624
ATTEMPT 12 DONE  n=6 d=3 seed=1021836 nsol=729  0.43s  2026-07-22T19:03:19.052
ATTEMPT 13 START n=8 d=2 seed=1021837 neq=8 2026-07-22T19:03:19.054
ATTEMPT 13 DONE  n=8 d=2 seed=1021837 nsol=256  0.15s  2026-07-22T19:03:19.205
ATTEMPT 14 START n=10 d=2 seed=1021838 neq=10 2026-07-22T19:03:19.207
ATTEMPT 14 DONE  n=10 d=2 seed=1021838 nsol=1024  0.99s  2026-07-22T19:03:20.200
ATTEMPT 15 START n=9 d=2 seed=1021839 neq=9 2026-07-22T19:03:20.204
ATTEMPT 15 DONE  n=9 d=2 seed=1021839 nsol=512  0.43s  2026-07-22T19:03:20.632
ATTEMPT 16 START n=7 d=3 seed=1021840 neq=7 2026-07-22T19:03:20.639
ATTEMPT 16 DONE  n=7 d=3 seed=1021840 nsol=2187  2.24s  2026-07-22T19:03:22.877
ATTEMPT 17 START n=11 d=2 seed=1021841 neq=11 2026-07-22T19:03:22.882
ATTEMPT 17 DONE  n=11 d=2 seed=1021841 nsol=2048  2.58s  2026-07-22T19:03:25.458
ATTEMPT 18 START n=6 d=3 seed=1021842 neq=6 2026-07-22T19:03:25.463
ATTEMPT 18 DONE  n=6 d=3 seed=1021842 nsol=729  0.45s  2026-07-22T19:03:25.915
ATTEMPT 19 START n=8 d=2 seed=1021843 neq=8 2026-07-22T19:03:25.919
ATTEMPT 19 DONE  n=8 d=2 seed=1021843 nsol=256  0.16s  2026-07-22T19:03:26.084
ATTEMPT 20 START n=10 d=2 seed=1021844 neq=10 2026-07-22T19:03:26.087
ATTEMPT 20 DONE  n=10 d=2 seed=1021844 nsol=1024  1.03s  2026-07-22T19:03:27.121
ATTEMPT 21 START n=9 d=2 seed=1021845 neq=9 2026-07-22T19:03:27.125
ATTEMPT 21 DONE  n=9 d=2 seed=1021845 nsol=512  0.36s  2026-07-22T19:03:27.484
ATTEMPT 22 START n=7 d=3 seed=1021846 neq=7 2026-07-22T19:03:27.489
ATTEMPT 22 DONE  n=7 d=3 seed=1021846 nsol=2187  2.15s  2026-07-22T19:03:29.641
ATTEMPT 23 START n=11 d=2 seed=1021847 neq=11 2026-07-22T19:03:29.645
ATTEMPT 23 DONE  n=11 d=2 seed=1021847 nsol=2048  2.63s  2026-07-22T19:03:32.279
ATTEMPT 24 START n=6 d=3 seed=1021848 neq=6 2026-07-22T19:03:32.283
ATTEMPT 24 DONE  n=6 d=3 seed=1021848 nsol=729  0.49s  2026-07-22T19:03:32.768
ATTEMPT 25 START n=8 d=2 seed=1021849 neq=8 2026-07-22T19:03:32.770
ATTEMPT 25 DONE  n=8 d=2 seed=1021849 nsol=256  0.17s  2026-07-22T19:03:32.938
ATTEMPT 26 START n=10 d=2 seed=1021850 neq=10 2026-07-22T19:03:32.942
ATTEMPT 26 DONE  n=10 d=2 seed=1021850 nsol=1024  4.71s  2026-07-22T19:03:37.647
ATTEMPT 27 START n=9 d=2 seed=1021851 neq=9 2026-07-22T19:03:37.650
ATTEMPT 27 DONE  n=9 d=2 seed=1021851 nsol=512  0.40s  2026-07-22T19:03:38.049
ATTEMPT 28 START n=7 d=3 seed=1021852 neq=7 2026-07-22T19:03:38.056
ATTEMPT 28 DONE  n=7 d=3 seed=1021852 nsol=2187  2.09s  2026-07-22T19:03:40.148
ATTEMPT 29 START n=11 d=2 seed=1021853 neq=11 2026-07-22T19:03:40.151
ATTEMPT 29 DONE  n=11 d=2 seed=1021853 nsol=2048  2.53s  2026-07-22T19:03:42.685
ATTEMPT 30 START n=6 d=3 seed=1021854 neq=6 2026-07-22T19:03:42.690
ATTEMPT 30 DONE  n=6 d=3 seed=1021854 nsol=729  0.43s  2026-07-22T19:03:43.120
ATTEMPT 31 START n=8 d=2 seed=1021855 neq=8 2026-07-22T19:03:43.123
ATTEMPT 31 DONE  n=8 d=2 seed=1021855 nsol=256  0.18s  2026-07-22T19:03:43.301
ATTEMPT 32 START n=10 d=2 seed=1021856 neq=10 2026-07-22T19:03:43.306
ATTEMPT 32 DONE  n=10 d=2 seed=1021856 nsol=1024  1.14s  2026-07-22T19:03:44.450
ATTEMPT 33 START n=9 d=2 seed=1021857 neq=9 2026-07-22T19:03:44.453
ATTEMPT 33 DONE  n=9 d=2 seed=1021857 nsol=512  0.46s  2026-07-22T19:03:44.909
ATTEMPT 34 START n=7 d=3 seed=1021858 neq=7 2026-07-22T19:03:44.914
ATTEMPT 34 DONE  n=7 d=3 seed=1021858 nsol=2187  2.05s  2026-07-22T19:03:46.962
ATTEMPT 35 START n=11 d=2 seed=1021859 neq=11 2026-07-22T19:03:46.968
ATTEMPT 35 DONE  n=11 d=2 seed=1021859 nsol=2048  2.83s  2026-07-22T19:03:49.797
ATTEMPT 36 START n=6 d=3 seed=1021860 neq=6 2026-07-22T19:03:49.801
ATTEMPT 36 DONE  n=6 d=3 seed=1021860 nsol=729  0.50s  2026-07-22T19:03:50.305
ATTEMPT 37 START n=8 d=2 seed=1021861 neq=8 2026-07-22T19:03:50.309
ATTEMPT 37 DONE  n=8 d=2 seed=1021861 nsol=256  0.16s  2026-07-22T19:03:50.470
ATTEMPT 38 START n=10 d=2 seed=1021862 neq=10 2026-07-22T19:03:50.474
ATTEMPT 38 DONE  n=10 d=2 seed=1021862 nsol=1024  1.14s  2026-07-22T19:03:51.611
ATTEMPT 39 START n=9 d=2 seed=1021863 neq=9 2026-07-22T19:03:51.615
ATTEMPT 39 DONE  n=9 d=2 seed=1021863 nsol=512  0.38s  2026-07-22T19:03:51.995
ATTEMPT 40 START n=7 d=3 seed=1021864 neq=7 2026-07-22T19:03:51.999
ATTEMPT 40 DONE  n=7 d=3 seed=1021864 nsol=2187  1.99s  2026-07-22T19:03:53.986
HUNT complete  2026-07-22T19:03:53.993
