HUNT start  nthreads=28  nsolves=40  seed_base=923085  shape=mix  pid=1956523  2026-07-22T16:41:26.402
ATTEMPT 1 START n=8 d=2 seed=923086 neq=8 2026-07-22T16:41:49.146
Computing mixed cells... 2    Time: 0:00:01[K
   mixed_volume: 10[K[A
[K[AComputing mixed cells... 61    Time: 0:00:02[K
   mixed_volume: 256[K
ATTEMPT 1 DONE  n=8 d=2 seed=923086 nsol=256  70.51s  2026-07-22T16:42:59.876
ATTEMPT 2 START n=10 d=2 seed=923087 neq=10 2026-07-22T16:43:00.125
ATTEMPT 2 DONE  n=10 d=2 seed=923087 nsol=1024  48.56s  2026-07-22T16:43:48.684
ATTEMPT 3 START n=9 d=2 seed=923088 neq=9 2026-07-22T16:43:48.687
ATTEMPT 3 DONE  n=9 d=2 seed=923088 nsol=512  72.69s  2026-07-22T16:45:01.388
ATTEMPT 4 START n=7 d=3 seed=923089 neq=7 2026-07-22T16:45:01.392
ATTEMPT 4 DONE  n=7 d=3 seed=923089 nsol=2187  92.74s  2026-07-22T16:46:34.137
ATTEMPT 5 START n=11 d=2 seed=923090 neq=11 2026-07-22T16:46:34.143
ATTEMPT 5 DONE  n=11 d=2 seed=923090 nsol=2048  44.49s  2026-07-22T16:47:18.631
ATTEMPT 6 START n=6 d=3 seed=923091 neq=6 2026-07-22T16:47:18.642
ATTEMPT 6 DONE  n=6 d=3 seed=923091 nsol=729  27.47s  2026-07-22T16:47:46.109
ATTEMPT 7 START n=8 d=2 seed=923092 neq=8 2026-07-22T16:47:46.123
ATTEMPT 7 DONE  n=8 d=2 seed=923092 nsol=256  0.40s  2026-07-22T16:47:46.525
ATTEMPT 8 START n=10 d=2 seed=923093 neq=10 2026-07-22T16:47:46.527
ATTEMPT 8 DONE  n=10 d=2 seed=923093 nsol=1024  2.39s  2026-07-22T16:47:48.916
ATTEMPT 9 START n=9 d=2 seed=923094 neq=9 2026-07-22T16:47:48.921
ATTEMPT 9 DONE  n=9 d=2 seed=923094 nsol=512  0.79s  2026-07-22T16:47:49.715
ATTEMPT 10 START n=7 d=3 seed=923095 neq=7 2026-07-22T16:47:49.744
ATTEMPT 10 DONE  n=7 d=3 seed=923095 nsol=2187  4.25s  2026-07-22T16:47:54.002
ATTEMPT 11 START n=11 d=2 seed=923096 neq=11 2026-07-22T16:47:54.019
ATTEMPT 11 DONE  n=11 d=2 seed=923096 nsol=2048  5.83s  2026-07-22T16:47:59.851
ATTEMPT 12 START n=6 d=3 seed=923097 neq=6 2026-07-22T16:47:59.873
ATTEMPT 12 DONE  n=6 d=3 seed=923097 nsol=729  1.07s  2026-07-22T16:48:00.941
ATTEMPT 13 START n=8 d=2 seed=923098 neq=8 2026-07-22T16:48:00.944
ATTEMPT 13 DONE  n=8 d=2 seed=923098 nsol=256  0.42s  2026-07-22T16:48:01.367
ATTEMPT 14 START n=10 d=2 seed=923099 neq=10 2026-07-22T16:48:01.379
ATTEMPT 14 DONE  n=10 d=2 seed=923099 nsol=1024  2.60s  2026-07-22T16:48:03.977
ATTEMPT 15 START n=9 d=2 seed=923100 neq=9 2026-07-22T16:48:03.985
ATTEMPT 15 DONE  n=9 d=2 seed=923100 nsol=512  4.46s  2026-07-22T16:48:08.448
ATTEMPT 16 START n=7 d=3 seed=923101 neq=7 2026-07-22T16:48:08.457
ATTEMPT 16 DONE  n=7 d=3 seed=923101 nsol=2187  4.42s  2026-07-22T16:48:12.882
ATTEMPT 17 START n=11 d=2 seed=923102 neq=11 2026-07-22T16:48:12.897
ATTEMPT 17 DONE  n=11 d=2 seed=923102 nsol=2048  6.04s  2026-07-22T16:48:18.943
ATTEMPT 18 START n=6 d=3 seed=923103 neq=6 2026-07-22T16:48:18.953
ATTEMPT 18 DONE  n=6 d=3 seed=923103 nsol=729  1.03s  2026-07-22T16:48:19.983
ATTEMPT 19 START n=8 d=2 seed=923104 neq=8 2026-07-22T16:48:19.988
ATTEMPT 19 DONE  n=8 d=2 seed=923104 nsol=256  0.29s  2026-07-22T16:48:20.280
ATTEMPT 20 START n=10 d=2 seed=923105 neq=10 2026-07-22T16:48:20.291
ATTEMPT 20 DONE  n=10 d=2 seed=923105 nsol=1024  2.51s  2026-07-22T16:48:22.797
ATTEMPT 21 START n=9 d=2 seed=923106 neq=9 2026-07-22T16:48:22.803
ATTEMPT 21 DONE  n=9 d=2 seed=923106 nsol=512  1.06s  2026-07-22T16:48:23.862
ATTEMPT 22 START n=7 d=3 seed=923107 neq=7 2026-07-22T16:48:23.873
ATTEMPT 22 DONE  n=7 d=3 seed=923107 nsol=2187  6.07s  2026-07-22T16:48:29.952
ATTEMPT 23 START n=11 d=2 seed=923108 neq=11 2026-07-22T16:48:29.982
ATTEMPT 23 DONE  n=11 d=2 seed=923108 nsol=2048  6.74s  2026-07-22T16:48:36.725
ATTEMPT 24 START n=6 d=3 seed=923109 neq=6 2026-07-22T16:48:36.731
ATTEMPT 24 DONE  n=6 d=3 seed=923109 nsol=729  1.14s  2026-07-22T16:48:37.871
ATTEMPT 25 START n=8 d=2 seed=923110 neq=8 2026-07-22T16:48:37.875
ATTEMPT 25 DONE  n=8 d=2 seed=923110 nsol=256  0.58s  2026-07-22T16:48:38.459
ATTEMPT 26 START n=10 d=2 seed=923111 neq=10 2026-07-22T16:48:38.461
ATTEMPT 26 DONE  n=10 d=2 seed=923111 nsol=1024  6.77s  2026-07-22T16:48:45.230
ATTEMPT 27 START n=9 d=2 seed=923112 neq=9 2026-07-22T16:48:45.233
ATTEMPT 27 DONE  n=9 d=2 seed=923112 nsol=512  1.37s  2026-07-22T16:48:46.600
ATTEMPT 28 START n=7 d=3 seed=923113 neq=7 2026-07-22T16:48:46.646
ATTEMPT 28 DONE  n=7 d=3 seed=923113 nsol=2187  6.36s  2026-07-22T16:48:53.007
ATTEMPT 29 START n=11 d=2 seed=923114 neq=11 2026-07-22T16:48:53.025
ATTEMPT 29 DONE  n=11 d=2 seed=923114 nsol=2048  6.24s  2026-07-22T16:48:59.261
ATTEMPT 30 START n=6 d=3 seed=923115 neq=6 2026-07-22T16:48:59.281
ATTEMPT 30 DONE  n=6 d=3 seed=923115 nsol=729  0.68s  2026-07-22T16:48:59.959
ATTEMPT 31 START n=8 d=2 seed=923116 neq=8 2026-07-22T16:48:59.962
ATTEMPT 31 DONE  n=8 d=2 seed=923116 nsol=256  0.26s  2026-07-22T16:49:00.226
ATTEMPT 32 START n=10 d=2 seed=923117 neq=10 2026-07-22T16:49:00.236
ATTEMPT 32 DONE  n=10 d=2 seed=923117 nsol=1024  2.65s  2026-07-22T16:49:02.883
ATTEMPT 33 START n=9 d=2 seed=923118 neq=9 2026-07-22T16:49:02.890
ATTEMPT 33 DONE  n=9 d=2 seed=923118 nsol=512  0.75s  2026-07-22T16:49:03.644
ATTEMPT 34 START n=7 d=3 seed=923119 neq=7 2026-07-22T16:49:03.659
ATTEMPT 34 DONE  n=7 d=3 seed=923119 nsol=2187  4.99s  2026-07-22T16:49:08.660
ATTEMPT 35 START n=11 d=2 seed=923120 neq=11 2026-07-22T16:49:08.673
ATTEMPT 35 DONE  n=11 d=2 seed=923120 nsol=2048  5.40s  2026-07-22T16:49:14.079
ATTEMPT 36 START n=6 d=3 seed=923121 neq=6 2026-07-22T16:49:14.085
ATTEMPT 36 DONE  n=6 d=3 seed=923121 nsol=729  1.06s  2026-07-22T16:49:15.146
ATTEMPT 37 START n=8 d=2 seed=923122 neq=8 2026-07-22T16:49:15.149
ATTEMPT 37 DONE  n=8 d=2 seed=923122 nsol=256  0.24s  2026-07-22T16:49:15.394
ATTEMPT 38 START n=10 d=2 seed=923123 neq=10 2026-07-22T16:49:15.396
ATTEMPT 38 DONE  n=10 d=2 seed=923123 nsol=1024  5.74s  2026-07-22T16:49:21.136
ATTEMPT 39 START n=9 d=2 seed=923124 neq=9 2026-07-22T16:49:21.139
ATTEMPT 39 DONE  n=9 d=2 seed=923124 nsol=512  1.02s  2026-07-22T16:49:22.158
ATTEMPT 40 START n=7 d=3 seed=923125 neq=7 2026-07-22T16:49:22.187
ATTEMPT 40 DONE  n=7 d=3 seed=923125 nsol=2187  4.97s  2026-07-22T16:49:27.156
HUNT complete  2026-07-22T16:49:27.167
