HUNT start  nthreads=28  nsolves=40  seed_base=1023825  shape=mix  pid=3534151  2026-07-22T20:02:30.788
ATTEMPT 1 START n=8 d=2 seed=1023826 neq=8 2026-07-22T20:02:41.070
Computing mixed cells... 2    Time: 0:00:01[K
   mixed_volume: 5[K[A
[K[AComputing mixed cells... 60    Time: 0:00:01[K
   mixed_volume: 256[K
ATTEMPT 1 DONE  n=8 d=2 seed=1023826 nsol=256  54.81s  2026-07-22T20:03:39.561
ATTEMPT 2 START n=10 d=2 seed=1023827 neq=10 2026-07-22T20:03:39.753
ATTEMPT 2 DONE  n=10 d=2 seed=1023827 nsol=1024  17.34s  2026-07-22T20:03:57.090
ATTEMPT 3 START n=9 d=2 seed=1023828 neq=9 2026-07-22T20:03:57.092
ATTEMPT 3 DONE  n=9 d=2 seed=1023828 nsol=512  11.51s  2026-07-22T20:04:08.603
ATTEMPT 4 START n=7 d=3 seed=1023829 neq=7 2026-07-22T20:04:08.607
ATTEMPT 4 DONE  n=7 d=3 seed=1023829 nsol=2187  23.60s  2026-07-22T20:04:32.211
ATTEMPT 5 START n=11 d=2 seed=1023830 neq=11 2026-07-22T20:04:32.214
ATTEMPT 5 DONE  n=11 d=2 seed=1023830 nsol=2048  16.68s  2026-07-22T20:04:48.898
ATTEMPT 6 START n=6 d=3 seed=1023831 neq=6 2026-07-22T20:04:48.900
ATTEMPT 6 DONE  n=6 d=3 seed=1023831 nsol=729  9.55s  2026-07-22T20:04:58.446
ATTEMPT 7 START n=8 d=2 seed=1023832 neq=8 2026-07-22T20:04:58.447
ATTEMPT 7 DONE  n=8 d=2 seed=1023832 nsol=256  0.15s  2026-07-22T20:04:58.593
ATTEMPT 8 START n=10 d=2 seed=1023833 neq=10 2026-07-22T20:04:58.596
ATTEMPT 8 DONE  n=10 d=2 seed=1023833 nsol=1024  1.00s  2026-07-22T20:04:59.592
ATTEMPT 9 START n=9 d=2 seed=1023834 neq=9 2026-07-22T20:04:59.594
ATTEMPT 9 DONE  n=9 d=2 seed=1023834 nsol=512  0.35s  2026-07-22T20:04:59.943
ATTEMPT 10 START n=7 d=3 seed=1023835 neq=7 2026-07-22T20:04:59.949
ATTEMPT 10 DONE  n=7 d=3 seed=1023835 nsol=2187  1.98s  2026-07-22T20:05:01.926
ATTEMPT 11 START n=11 d=2 seed=1023836 neq=11 2026-07-22T20:05:01.929
ATTEMPT 11 DONE  n=11 d=2 seed=1023836 nsol=2048  6.10s  2026-07-22T20:05:08.024
ATTEMPT 12 START n=6 d=3 seed=1023837 neq=6 2026-07-22T20:05:08.027
ATTEMPT 12 DONE  n=6 d=3 seed=1023837 nsol=729  0.36s  2026-07-22T20:05:08.388
ATTEMPT 13 START n=8 d=2 seed=1023838 neq=8 2026-07-22T20:05:08.391
ATTEMPT 13 DONE  n=8 d=2 seed=1023838 nsol=256  0.15s  2026-07-22T20:05:08.539
ATTEMPT 14 START n=10 d=2 seed=1023839 neq=10 2026-07-22T20:05:08.543
ATTEMPT 14 DONE  n=10 d=2 seed=1023839 nsol=1024  1.00s  2026-07-22T20:05:09.543
ATTEMPT 15 START n=9 d=2 seed=1023840 neq=9 2026-07-22T20:05:09.546
ATTEMPT 15 DONE  n=9 d=2 seed=1023840 nsol=512  0.41s  2026-07-22T20:05:09.956
ATTEMPT 16 START n=7 d=3 seed=1023841 neq=7 2026-07-22T20:05:09.962
ATTEMPT 16 DONE  n=7 d=3 seed=1023841 nsol=2187  2.01s  2026-07-22T20:05:11.977
ATTEMPT 17 START n=11 d=2 seed=1023842 neq=11 2026-07-22T20:05:11.982
ATTEMPT 17 DONE  n=11 d=2 seed=1023842 nsol=2048  2.68s  2026-07-22T20:05:14.659
ATTEMPT 18 START n=6 d=3 seed=1023843 neq=6 2026-07-22T20:05:14.662
ATTEMPT 18 DONE  n=6 d=3 seed=1023843 nsol=729  0.38s  2026-07-22T20:05:15.041
ATTEMPT 19 START n=8 d=2 seed=1023844 neq=8 2026-07-22T20:05:15.043
ATTEMPT 19 DONE  n=8 d=2 seed=1023844 nsol=256  0.14s  2026-07-22T20:05:15.181
ATTEMPT 20 START n=10 d=2 seed=1023845 neq=10 2026-07-22T20:05:15.185
ATTEMPT 20 DONE  n=10 d=2 seed=1023845 nsol=1024  1.05s  2026-07-22T20:05:16.238
ATTEMPT 21 START n=9 d=2 seed=1023846 neq=9 2026-07-22T20:05:16.240
ATTEMPT 21 DONE  n=9 d=2 seed=1023846 nsol=512  0.36s  2026-07-22T20:05:16.598
ATTEMPT 22 START n=7 d=3 seed=1023847 neq=7 2026-07-22T20:05:16.602
ATTEMPT 22 DONE  n=7 d=3 seed=1023847 nsol=2187  1.95s  2026-07-22T20:05:18.556
ATTEMPT 23 START n=11 d=2 seed=1023848 neq=11 2026-07-22T20:05:18.560
ATTEMPT 23 DONE  n=11 d=2 seed=1023848 nsol=2048  2.62s  2026-07-22T20:05:21.179
ATTEMPT 24 START n=6 d=3 seed=1023849 neq=6 2026-07-22T20:05:21.184
ATTEMPT 24 DONE  n=6 d=3 seed=1023849 nsol=729  0.39s  2026-07-22T20:05:21.576
ATTEMPT 25 START n=8 d=2 seed=1023850 neq=8 2026-07-22T20:05:21.579
ATTEMPT 25 DONE  n=8 d=2 seed=1023850 nsol=256  0.14s  2026-07-22T20:05:21.717
ATTEMPT 26 START n=10 d=2 seed=1023851 neq=10 2026-07-22T20:05:21.721
ATTEMPT 26 DONE  n=10 d=2 seed=1023851 nsol=1024  1.05s  2026-07-22T20:05:22.768
ATTEMPT 27 START n=9 d=2 seed=1023852 neq=9 2026-07-22T20:05:22.770
ATTEMPT 27 DONE  n=9 d=2 seed=1023852 nsol=512  0.36s  2026-07-22T20:05:23.131
ATTEMPT 28 START n=7 d=3 seed=1023853 neq=7 2026-07-22T20:05:23.135
ATTEMPT 28 DONE  n=7 d=3 seed=1023853 nsol=2187  2.03s  2026-07-22T20:05:25.162
ATTEMPT 29 START n=11 d=2 seed=1023854 neq=11 2026-07-22T20:05:25.166
ATTEMPT 29 DONE  n=11 d=2 seed=1023854 nsol=2048  2.44s  2026-07-22T20:05:27.603
ATTEMPT 30 START n=6 d=3 seed=1023855 neq=6 2026-07-22T20:05:27.607
ATTEMPT 30 DONE  n=6 d=3 seed=1023855 nsol=729  0.40s  2026-07-22T20:05:28.007
ATTEMPT 31 START n=8 d=2 seed=1023856 neq=8 2026-07-22T20:05:28.009
ATTEMPT 31 DONE  n=8 d=2 seed=1023856 nsol=256  0.13s  2026-07-22T20:05:28.135
ATTEMPT 32 START n=10 d=2 seed=1023857 neq=10 2026-07-22T20:05:28.137
ATTEMPT 32 DONE  n=10 d=2 seed=1023857 nsol=1024  1.09s  2026-07-22T20:05:29.226
ATTEMPT 33 START n=9 d=2 seed=1023858 neq=9 2026-07-22T20:05:29.228
ATTEMPT 33 DONE  n=9 d=2 seed=1023858 nsol=512  0.36s  2026-07-22T20:05:29.592
ATTEMPT 34 START n=7 d=3 seed=1023859 neq=7 2026-07-22T20:05:29.596
ATTEMPT 34 DONE  n=7 d=3 seed=1023859 nsol=2187  1.95s  2026-07-22T20:05:31.544
ATTEMPT 35 START n=11 d=2 seed=1023860 neq=11 2026-07-22T20:05:31.549
ATTEMPT 35 DONE  n=11 d=2 seed=1023860 nsol=2048  2.73s  2026-07-22T20:05:34.282
ATTEMPT 36 START n=6 d=3 seed=1023861 neq=6 2026-07-22T20:05:34.286
ATTEMPT 36 DONE  n=6 d=3 seed=1023861 nsol=729  0.38s  2026-07-22T20:05:34.666
ATTEMPT 37 START n=8 d=2 seed=1023862 neq=8 2026-07-22T20:05:34.668
ATTEMPT 37 DONE  n=8 d=2 seed=1023862 nsol=256  0.13s  2026-07-22T20:05:34.793
ATTEMPT 38 START n=10 d=2 seed=1023863 neq=10 2026-07-22T20:05:34.796
ATTEMPT 38 DONE  n=10 d=2 seed=1023863 nsol=1024  0.96s  2026-07-22T20:05:35.754
ATTEMPT 39 START n=9 d=2 seed=1023864 neq=9 2026-07-22T20:05:35.756
ATTEMPT 39 DONE  n=9 d=2 seed=1023864 nsol=512  0.35s  2026-07-22T20:05:36.102
ATTEMPT 40 START n=7 d=3 seed=1023865 neq=7 2026-07-22T20:05:36.107
ATTEMPT 40 DONE  n=7 d=3 seed=1023865 nsol=2187  2.00s  2026-07-22T20:05:38.106
HUNT complete  2026-07-22T20:05:38.111
