HUNT start  nthreads=28  nsolves=40  seed_base=1205414  shape=mix  pid=3594858  2026-07-22T20:08:49.730
ATTEMPT 1 START n=8 d=2 seed=1205415 neq=8 2026-07-22T20:08:59.660
Computing mixed cells... 2    Time: 0:00:00[K
   mixed_volume: 14[K[A
[K[AComputing mixed cells... 44    Time: 0:00:00[K
   mixed_volume: 256[K
ATTEMPT 1 DONE  n=8 d=2 seed=1205415 nsol=256  31.99s  2026-07-22T20:09:31.825
ATTEMPT 2 START n=10 d=2 seed=1205416 neq=10 2026-07-22T20:09:32.010
ATTEMPT 2 DONE  n=10 d=2 seed=1205416 nsol=1024  14.20s  2026-07-22T20:09:46.212
ATTEMPT 3 START n=9 d=2 seed=1205417 neq=9 2026-07-22T20:09:46.215
ATTEMPT 3 DONE  n=9 d=2 seed=1205417 nsol=512  12.01s  2026-07-22T20:09:58.224
ATTEMPT 4 START n=7 d=3 seed=1205418 neq=7 2026-07-22T20:09:58.228
ATTEMPT 4 DONE  n=7 d=3 seed=1205418 nsol=2187  18.31s  2026-07-22T20:10:16.536
ATTEMPT 5 START n=11 d=2 seed=1205419 neq=11 2026-07-22T20:10:16.540
ATTEMPT 5 DONE  n=11 d=2 seed=1205419 nsol=2048  21.07s  2026-07-22T20:10:37.612
ATTEMPT 6 START n=6 d=3 seed=1205420 neq=6 2026-07-22T20:10:37.615
ATTEMPT 6 DONE  n=6 d=3 seed=1205420 nsol=729  11.39s  2026-07-22T20:10:49.003
ATTEMPT 7 START n=8 d=2 seed=1205421 neq=8 2026-07-22T20:10:49.005
ATTEMPT 7 DONE  n=8 d=2 seed=1205421 nsol=256  0.20s  2026-07-22T20:10:49.209
ATTEMPT 8 START n=10 d=2 seed=1205422 neq=10 2026-07-22T20:10:49.213
ATTEMPT 8 DONE  n=10 d=2 seed=1205422 nsol=1024  1.21s  2026-07-22T20:10:50.425
ATTEMPT 9 START n=9 d=2 seed=1205423 neq=9 2026-07-22T20:10:50.429
ATTEMPT 9 DONE  n=9 d=2 seed=1205423 nsol=512  0.38s  2026-07-22T20:10:50.813
ATTEMPT 10 START n=7 d=3 seed=1205424 neq=7 2026-07-22T20:10:50.817
ATTEMPT 10 DONE  n=7 d=3 seed=1205424 nsol=2187  2.03s  2026-07-22T20:10:52.846
ATTEMPT 11 START n=11 d=2 seed=1205425 neq=11 2026-07-22T20:10:52.851
ATTEMPT 11 DONE  n=11 d=2 seed=1205425 nsol=2048  2.75s  2026-07-22T20:10:55.599
ATTEMPT 12 START n=6 d=3 seed=1205426 neq=6 2026-07-22T20:10:55.602
ATTEMPT 12 DONE  n=6 d=3 seed=1205426 nsol=729  0.43s  2026-07-22T20:10:56.030
ATTEMPT 13 START n=8 d=2 seed=1205427 neq=8 2026-07-22T20:10:56.033
ATTEMPT 13 DONE  n=8 d=2 seed=1205427 nsol=256  0.15s  2026-07-22T20:10:56.187
ATTEMPT 14 START n=10 d=2 seed=1205428 neq=10 2026-07-22T20:10:56.190
ATTEMPT 14 DONE  n=10 d=2 seed=1205428 nsol=1024  1.13s  2026-07-22T20:10:57.324
ATTEMPT 15 START n=9 d=2 seed=1205429 neq=9 2026-07-22T20:10:57.327
ATTEMPT 15 DONE  n=9 d=2 seed=1205429 nsol=512  0.46s  2026-07-22T20:10:57.791
ATTEMPT 16 START n=7 d=3 seed=1205430 neq=7 2026-07-22T20:10:57.797
ATTEMPT 16 DONE  n=7 d=3 seed=1205430 nsol=2187  2.18s  2026-07-22T20:10:59.976
ATTEMPT 17 START n=11 d=2 seed=1205431 neq=11 2026-07-22T20:10:59.980
ATTEMPT 17 DONE  n=11 d=2 seed=1205431 nsol=2048  2.75s  2026-07-22T20:11:02.728
ATTEMPT 18 START n=6 d=3 seed=1205432 neq=6 2026-07-22T20:11:06.313
ATTEMPT 18 DONE  n=6 d=3 seed=1205432 nsol=729  0.45s  2026-07-22T20:11:06.761
ATTEMPT 19 START n=8 d=2 seed=1205433 neq=8 2026-07-22T20:11:06.766
ATTEMPT 19 DONE  n=8 d=2 seed=1205433 nsol=256  0.19s  2026-07-22T20:11:06.956
ATTEMPT 20 START n=10 d=2 seed=1205434 neq=10 2026-07-22T20:11:06.960
ATTEMPT 20 DONE  n=10 d=2 seed=1205434 nsol=1024  1.15s  2026-07-22T20:11:08.108
ATTEMPT 21 START n=9 d=2 seed=1205435 neq=9 2026-07-22T20:11:08.112
ATTEMPT 21 DONE  n=9 d=2 seed=1205435 nsol=512  0.40s  2026-07-22T20:11:08.511
ATTEMPT 22 START n=7 d=3 seed=1205436 neq=7 2026-07-22T20:11:08.515
ATTEMPT 22 DONE  n=7 d=3 seed=1205436 nsol=2187  2.12s  2026-07-22T20:11:10.640
ATTEMPT 23 START n=11 d=2 seed=1205437 neq=11 2026-07-22T20:11:10.644
ATTEMPT 23 DONE  n=11 d=2 seed=1205437 nsol=2048  2.68s  2026-07-22T20:11:13.325
ATTEMPT 24 START n=6 d=3 seed=1205438 neq=6 2026-07-22T20:11:13.328
ATTEMPT 24 DONE  n=6 d=3 seed=1205438 nsol=729  0.42s  2026-07-22T20:11:13.749
ATTEMPT 25 START n=8 d=2 seed=1205439 neq=8 2026-07-22T20:11:13.752
ATTEMPT 25 DONE  n=8 d=2 seed=1205439 nsol=256  0.15s  2026-07-22T20:11:13.900
ATTEMPT 26 START n=10 d=2 seed=1205440 neq=10 2026-07-22T20:11:13.903
ATTEMPT 26 DONE  n=10 d=2 seed=1205440 nsol=1024  1.20s  2026-07-22T20:11:15.106
ATTEMPT 27 START n=9 d=2 seed=1205441 neq=9 2026-07-22T20:11:15.109
ATTEMPT 27 DONE  n=9 d=2 seed=1205441 nsol=512  0.41s  2026-07-22T20:11:15.520
ATTEMPT 28 START n=7 d=3 seed=1205442 neq=7 2026-07-22T20:11:15.525
ATTEMPT 28 DONE  n=7 d=3 seed=1205442 nsol=2187  2.05s  2026-07-22T20:11:17.579
ATTEMPT 29 START n=11 d=2 seed=1205443 neq=11 2026-07-22T20:11:17.584
ATTEMPT 29 DONE  n=11 d=2 seed=1205443 nsol=2048  2.64s  2026-07-22T20:11:20.223
ATTEMPT 30 START n=6 d=3 seed=1205444 neq=6 2026-07-22T20:11:20.226
ATTEMPT 30 DONE  n=6 d=3 seed=1205444 nsol=729  0.46s  2026-07-22T20:11:20.690
ATTEMPT 31 START n=8 d=2 seed=1205445 neq=8 2026-07-22T20:11:20.693
ATTEMPT 31 DONE  n=8 d=2 seed=1205445 nsol=256  0.15s  2026-07-22T20:11:20.846
ATTEMPT 32 START n=10 d=2 seed=1205446 neq=10 2026-07-22T20:11:20.849
ATTEMPT 32 DONE  n=10 d=2 seed=1205446 nsol=1024  1.14s  2026-07-22T20:11:21.993
ATTEMPT 33 START n=9 d=2 seed=1205447 neq=9 2026-07-22T20:11:21.995
ATTEMPT 33 DONE  n=9 d=2 seed=1205447 nsol=512  0.39s  2026-07-22T20:11:22.383
ATTEMPT 34 START n=7 d=3 seed=1205448 neq=7 2026-07-22T20:11:22.387
ATTEMPT 34 DONE  n=7 d=3 seed=1205448 nsol=2187  2.10s  2026-07-22T20:11:24.488
ATTEMPT 35 START n=11 d=2 seed=1205449 neq=11 2026-07-22T20:11:24.493
ATTEMPT 35 DONE  n=11 d=2 seed=1205449 nsol=2048  2.85s  2026-07-22T20:11:27.345
ATTEMPT 36 START n=6 d=3 seed=1205450 neq=6 2026-07-22T20:11:27.348
ATTEMPT 36 DONE  n=6 d=3 seed=1205450 nsol=729  0.39s  2026-07-22T20:11:27.736
ATTEMPT 37 START n=8 d=2 seed=1205451 neq=8 2026-07-22T20:11:27.737
ATTEMPT 37 DONE  n=8 d=2 seed=1205451 nsol=256  0.14s  2026-07-22T20:11:27.874
ATTEMPT 38 START n=10 d=2 seed=1205452 neq=10 2026-07-22T20:11:27.876
ATTEMPT 38 DONE  n=10 d=2 seed=1205452 nsol=1024  1.00s  2026-07-22T20:11:28.877
ATTEMPT 39 START n=9 d=2 seed=1205453 neq=9 2026-07-22T20:11:28.879
ATTEMPT 39 DONE  n=9 d=2 seed=1205453 nsol=512  0.37s  2026-07-22T20:11:29.253
ATTEMPT 40 START n=7 d=3 seed=1205454 neq=7 2026-07-22T20:11:29.258
ATTEMPT 40 DONE  n=7 d=3 seed=1205454 nsol=2187  2.19s  2026-07-22T20:11:31.452
HUNT complete  2026-07-22T20:11:31.458
