HUNT start  nthreads=28  nsolves=40  seed_base=1327304  shape=mix  pid=3622084  2026-07-22T20:11:34.459
ATTEMPT 1 START n=8 d=2 seed=1327305 neq=8 2026-07-22T20:11:49.794
Computing mixed cells... 2    Time: 0:00:00[K
   mixed_volume: 10[K[A
[K[AComputing mixed cells... 53    Time: 0:00:01[K
   mixed_volume: 256[K
ATTEMPT 1 DONE  n=8 d=2 seed=1327305 nsol=256  37.78s  2026-07-22T20:12:27.771
ATTEMPT 2 START n=10 d=2 seed=1327306 neq=10 2026-07-22T20:12:28.009
ATTEMPT 2 DONE  n=10 d=2 seed=1327306 nsol=1024  29.70s  2026-07-22T20:12:57.714
ATTEMPT 3 START n=9 d=2 seed=1327307 neq=9 2026-07-22T20:12:57.716
ATTEMPT 3 DONE  n=9 d=2 seed=1327307 nsol=512  11.61s  2026-07-22T20:13:09.325
ATTEMPT 4 START n=7 d=3 seed=1327308 neq=7 2026-07-22T20:13:09.330
ATTEMPT 4 DONE  n=7 d=3 seed=1327308 nsol=2187  24.23s  2026-07-22T20:13:33.559
ATTEMPT 5 START n=11 d=2 seed=1327309 neq=11 2026-07-22T20:13:33.563
ATTEMPT 5 DONE  n=11 d=2 seed=1327309 nsol=2048  20.89s  2026-07-22T20:13:54.454
ATTEMPT 6 START n=6 d=3 seed=1327310 neq=6 2026-07-22T20:13:54.458
ATTEMPT 6 DONE  n=6 d=3 seed=1327310 nsol=729  14.61s  2026-07-22T20:14:09.067
ATTEMPT 7 START n=8 d=2 seed=1327311 neq=8 2026-07-22T20:14:09.070
ATTEMPT 7 DONE  n=8 d=2 seed=1327311 nsol=256  0.20s  2026-07-22T20:14:09.267
ATTEMPT 8 START n=10 d=2 seed=1327312 neq=10 2026-07-22T20:14:09.269
ATTEMPT 8 DONE  n=10 d=2 seed=1327312 nsol=1024  1.03s  2026-07-22T20:14:10.299
ATTEMPT 9 START n=9 d=2 seed=1327313 neq=9 2026-07-22T20:14:10.302
ATTEMPT 9 DONE  n=9 d=2 seed=1327313 nsol=512  0.40s  2026-07-22T20:14:10.698
ATTEMPT 10 START n=7 d=3 seed=1327314 neq=7 2026-07-22T20:14:10.705
ATTEMPT 10 DONE  n=7 d=3 seed=1327314 nsol=2187  2.02s  2026-07-22T20:14:12.723
ATTEMPT 11 START n=11 d=2 seed=1327315 neq=11 2026-07-22T20:14:12.728
ATTEMPT 11 DONE  n=11 d=2 seed=1327315 nsol=2048  2.72s  2026-07-22T20:14:15.446
ATTEMPT 12 START n=6 d=3 seed=1327316 neq=6 2026-07-22T20:14:15.449
ATTEMPT 12 DONE  n=6 d=3 seed=1327316 nsol=729  0.38s  2026-07-22T20:14:15.834
ATTEMPT 13 START n=8 d=2 seed=1327317 neq=8 2026-07-22T20:14:15.836
ATTEMPT 13 DONE  n=8 d=2 seed=1327317 nsol=256  0.14s  2026-07-22T20:14:15.978
ATTEMPT 14 START n=10 d=2 seed=1327318 neq=10 2026-07-22T20:14:15.980
ATTEMPT 14 DONE  n=10 d=2 seed=1327318 nsol=1024  1.08s  2026-07-22T20:14:17.061
ATTEMPT 15 START n=9 d=2 seed=1327319 neq=9 2026-07-22T20:14:17.063
ATTEMPT 15 DONE  n=9 d=2 seed=1327319 nsol=512  0.38s  2026-07-22T20:14:17.440
ATTEMPT 16 START n=7 d=3 seed=1327320 neq=7 2026-07-22T20:14:17.445
ATTEMPT 16 DONE  n=7 d=3 seed=1327320 nsol=2187  2.04s  2026-07-22T20:14:19.489
ATTEMPT 17 START n=11 d=2 seed=1327321 neq=11 2026-07-22T20:14:19.494
ATTEMPT 17 DONE  n=11 d=2 seed=1327321 nsol=2048  2.76s  2026-07-22T20:14:22.250
ATTEMPT 18 START n=6 d=3 seed=1327322 neq=6 2026-07-22T20:14:22.254
ATTEMPT 18 DONE  n=6 d=3 seed=1327322 nsol=729  0.40s  2026-07-22T20:14:22.653
ATTEMPT 19 START n=8 d=2 seed=1327323 neq=8 2026-07-22T20:14:22.655
ATTEMPT 19 DONE  n=8 d=2 seed=1327323 nsol=256  0.16s  2026-07-22T20:14:22.811
ATTEMPT 20 START n=10 d=2 seed=1327324 neq=10 2026-07-22T20:14:22.815
ATTEMPT 20 DONE  n=10 d=2 seed=1327324 nsol=1024  1.02s  2026-07-22T20:14:23.837
ATTEMPT 21 START n=9 d=2 seed=1327325 neq=9 2026-07-22T20:14:23.840
ATTEMPT 21 DONE  n=9 d=2 seed=1327325 nsol=512  0.40s  2026-07-22T20:14:24.237
ATTEMPT 22 START n=7 d=3 seed=1327326 neq=7 2026-07-22T20:14:24.243
ATTEMPT 22 DONE  n=7 d=3 seed=1327326 nsol=2187  1.93s  2026-07-22T20:14:26.172
ATTEMPT 23 START n=11 d=2 seed=1327327 neq=11 2026-07-22T20:14:26.178
ATTEMPT 23 DONE  n=11 d=2 seed=1327327 nsol=2048  2.78s  2026-07-22T20:14:28.957
ATTEMPT 24 START n=6 d=3 seed=1327328 neq=6 2026-07-22T20:14:28.959
ATTEMPT 24 DONE  n=6 d=3 seed=1327328 nsol=729  0.46s  2026-07-22T20:14:29.414
ATTEMPT 25 START n=8 d=2 seed=1327329 neq=8 2026-07-22T20:14:29.417
ATTEMPT 25 DONE  n=8 d=2 seed=1327329 nsol=256  0.16s  2026-07-22T20:14:29.575
ATTEMPT 26 START n=10 d=2 seed=1327330 neq=10 2026-07-22T20:14:29.577
ATTEMPT 26 DONE  n=10 d=2 seed=1327330 nsol=1024  1.14s  2026-07-22T20:14:30.721
ATTEMPT 27 START n=9 d=2 seed=1327331 neq=9 2026-07-22T20:14:30.723
ATTEMPT 27 DONE  n=9 d=2 seed=1327331 nsol=512  0.37s  2026-07-22T20:14:31.096
ATTEMPT 28 START n=7 d=3 seed=1327332 neq=7 2026-07-22T20:14:31.099
ATTEMPT 28 DONE  n=7 d=3 seed=1327332 nsol=2187  1.98s  2026-07-22T20:14:33.077
ATTEMPT 29 START n=11 d=2 seed=1327333 neq=11 2026-07-22T20:14:33.082
ATTEMPT 29 DONE  n=11 d=2 seed=1327333 nsol=2048  2.68s  2026-07-22T20:14:35.758
ATTEMPT 30 START n=6 d=3 seed=1327334 neq=6 2026-07-22T20:14:35.762
ATTEMPT 30 DONE  n=6 d=3 seed=1327334 nsol=729  0.44s  2026-07-22T20:14:36.206
ATTEMPT 31 START n=8 d=2 seed=1327335 neq=8 2026-07-22T20:14:36.209
ATTEMPT 31 DONE  n=8 d=2 seed=1327335 nsol=256  0.19s  2026-07-22T20:14:36.400
ATTEMPT 32 START n=10 d=2 seed=1327336 neq=10 2026-07-22T20:14:36.404
ATTEMPT 32 DONE  n=10 d=2 seed=1327336 nsol=1024  1.09s  2026-07-22T20:14:37.489
ATTEMPT 33 START n=9 d=2 seed=1327337 neq=9 2026-07-22T20:14:37.492
ATTEMPT 33 DONE  n=9 d=2 seed=1327337 nsol=512  4.00s  2026-07-22T20:14:41.497
ATTEMPT 34 START n=7 d=3 seed=1327338 neq=7 2026-07-22T20:14:41.503
ATTEMPT 34 DONE  n=7 d=3 seed=1327338 nsol=2187  1.97s  2026-07-22T20:14:43.469
ATTEMPT 35 START n=11 d=2 seed=1327339 neq=11 2026-07-22T20:14:43.475
ATTEMPT 35 DONE  n=11 d=2 seed=1327339 nsol=2048  2.78s  2026-07-22T20:14:46.259
ATTEMPT 36 START n=6 d=3 seed=1327340 neq=6 2026-07-22T20:14:46.261
ATTEMPT 36 DONE  n=6 d=3 seed=1327340 nsol=729  0.41s  2026-07-22T20:14:46.668
ATTEMPT 37 START n=8 d=2 seed=1327341 neq=8 2026-07-22T20:14:46.671
ATTEMPT 37 DONE  n=8 d=2 seed=1327341 nsol=256  0.16s  2026-07-22T20:14:46.828
ATTEMPT 38 START n=10 d=2 seed=1327342 neq=10 2026-07-22T20:14:46.830
ATTEMPT 38 DONE  n=10 d=2 seed=1327342 nsol=1024  1.11s  2026-07-22T20:14:47.938
ATTEMPT 39 START n=9 d=2 seed=1327343 neq=9 2026-07-22T20:14:47.941
ATTEMPT 39 DONE  n=9 d=2 seed=1327343 nsol=512  0.40s  2026-07-22T20:14:48.343
ATTEMPT 40 START n=7 d=3 seed=1327344 neq=7 2026-07-22T20:14:48.348
ATTEMPT 40 DONE  n=7 d=3 seed=1327344 nsol=2187  2.04s  2026-07-22T20:14:50.387
HUNT complete  2026-07-22T20:14:50.392
