HUNT start  nthreads=28  nsolves=40  seed_base=406378  shape=mix  pid=3356834  2026-07-22T19:44:21.252
ATTEMPT 1 START n=8 d=2 seed=406379 neq=8 2026-07-22T19:44:32.085
Computing mixed cells... 2    Time: 0:00:00[K
   mixed_volume: 8[K[A
[K[AComputing mixed cells... 47    Time: 0:00:01[K
   mixed_volume: 256[K
ATTEMPT 1 DONE  n=8 d=2 seed=406379 nsol=256  34.19s  2026-07-22T19:45:06.465
ATTEMPT 2 START n=10 d=2 seed=406380 neq=10 2026-07-22T19:45:06.659
ATTEMPT 2 DONE  n=10 d=2 seed=406380 nsol=1024  19.09s  2026-07-22T19:45:25.745
ATTEMPT 3 START n=9 d=2 seed=406381 neq=9 2026-07-22T19:45:25.747
ATTEMPT 3 DONE  n=9 d=2 seed=406381 nsol=512  10.23s  2026-07-22T19:45:35.981
ATTEMPT 4 START n=7 d=3 seed=406382 neq=7 2026-07-22T19:45:35.985
ATTEMPT 4 DONE  n=7 d=3 seed=406382 nsol=2187  20.53s  2026-07-22T19:45:56.511
ATTEMPT 5 START n=11 d=2 seed=406383 neq=11 2026-07-22T19:45:56.515
ATTEMPT 5 DONE  n=11 d=2 seed=406383 nsol=2048  24.10s  2026-07-22T19:46:20.618
ATTEMPT 6 START n=6 d=3 seed=406384 neq=6 2026-07-22T19:46:20.621
ATTEMPT 6 DONE  n=6 d=3 seed=406384 nsol=729  12.53s  2026-07-22T19:46:33.152
ATTEMPT 7 START n=8 d=2 seed=406385 neq=8 2026-07-22T19:46:33.154
ATTEMPT 7 DONE  n=8 d=2 seed=406385 nsol=256  0.13s  2026-07-22T19:46:33.288
ATTEMPT 8 START n=10 d=2 seed=406386 neq=10 2026-07-22T19:46:33.290
ATTEMPT 8 DONE  n=10 d=2 seed=406386 nsol=1024  4.63s  2026-07-22T19:46:37.923
ATTEMPT 9 START n=9 d=2 seed=406387 neq=9 2026-07-22T19:46:37.925
ATTEMPT 9 DONE  n=9 d=2 seed=406387 nsol=512  0.41s  2026-07-22T19:46:38.340
ATTEMPT 10 START n=7 d=3 seed=406388 neq=7 2026-07-22T19:46:38.346
ATTEMPT 10 DONE  n=7 d=3 seed=406388 nsol=2187  1.95s  2026-07-22T19:46:40.291
ATTEMPT 11 START n=11 d=2 seed=406389 neq=11 2026-07-22T19:46:40.296
ATTEMPT 11 DONE  n=11 d=2 seed=406389 nsol=2048  2.64s  2026-07-22T19:46:42.940
ATTEMPT 12 START n=6 d=3 seed=406390 neq=6 2026-07-22T19:46:42.942
ATTEMPT 12 DONE  n=6 d=3 seed=406390 nsol=729  0.39s  2026-07-22T19:46:43.330
ATTEMPT 13 START n=8 d=2 seed=406391 neq=8 2026-07-22T19:46:43.333
ATTEMPT 13 DONE  n=8 d=2 seed=406391 nsol=256  0.13s  2026-07-22T19:46:43.463
ATTEMPT 14 START n=10 d=2 seed=406392 neq=10 2026-07-22T19:46:43.465
ATTEMPT 14 DONE  n=10 d=2 seed=406392 nsol=1024  1.03s  2026-07-22T19:46:44.500
ATTEMPT 15 START n=9 d=2 seed=406393 neq=9 2026-07-22T19:46:44.503
ATTEMPT 15 DONE  n=9 d=2 seed=406393 nsol=512  0.38s  2026-07-22T19:46:44.883
ATTEMPT 16 START n=7 d=3 seed=406394 neq=7 2026-07-22T19:46:44.887
ATTEMPT 16 DONE  n=7 d=3 seed=406394 nsol=2187  2.12s  2026-07-22T19:46:47.009
ATTEMPT 17 START n=11 d=2 seed=406395 neq=11 2026-07-22T19:46:47.013
ATTEMPT 17 DONE  n=11 d=2 seed=406395 nsol=2048  2.71s  2026-07-22T19:46:49.719
ATTEMPT 18 START n=6 d=3 seed=406396 neq=6 2026-07-22T19:46:49.722
ATTEMPT 18 DONE  n=6 d=3 seed=406396 nsol=729  0.40s  2026-07-22T19:46:50.124
ATTEMPT 19 START n=8 d=2 seed=406397 neq=8 2026-07-22T19:46:50.126
ATTEMPT 19 DONE  n=8 d=2 seed=406397 nsol=256  0.15s  2026-07-22T19:46:50.279
ATTEMPT 20 START n=10 d=2 seed=406398 neq=10 2026-07-22T19:46:50.284
ATTEMPT 20 DONE  n=10 d=2 seed=406398 nsol=1024  0.99s  2026-07-22T19:46:51.270
ATTEMPT 21 START n=9 d=2 seed=406399 neq=9 2026-07-22T19:46:51.273
ATTEMPT 21 DONE  n=9 d=2 seed=406399 nsol=512  0.40s  2026-07-22T19:46:51.676
ATTEMPT 22 START n=7 d=3 seed=406400 neq=7 2026-07-22T19:46:51.682
ATTEMPT 22 DONE  n=7 d=3 seed=406400 nsol=2187  2.04s  2026-07-22T19:46:53.725
ATTEMPT 23 START n=11 d=2 seed=406401 neq=11 2026-07-22T19:46:53.729
ATTEMPT 23 DONE  n=11 d=2 seed=406401 nsol=2048  2.55s  2026-07-22T19:46:56.275
ATTEMPT 24 START n=6 d=3 seed=406402 neq=6 2026-07-22T19:46:56.279
ATTEMPT 24 DONE  n=6 d=3 seed=406402 nsol=729  0.40s  2026-07-22T19:46:56.681
ATTEMPT 25 START n=8 d=2 seed=406403 neq=8 2026-07-22T19:46:56.684
ATTEMPT 25 DONE  n=8 d=2 seed=406403 nsol=256  0.15s  2026-07-22T19:46:56.837
ATTEMPT 26 START n=10 d=2 seed=406404 neq=10 2026-07-22T19:46:56.841
ATTEMPT 26 DONE  n=10 d=2 seed=406404 nsol=1024  1.00s  2026-07-22T19:46:57.844
ATTEMPT 27 START n=9 d=2 seed=406405 neq=9 2026-07-22T19:46:57.847
ATTEMPT 27 DONE  n=9 d=2 seed=406405 nsol=512  0.38s  2026-07-22T19:46:58.230
ATTEMPT 28 START n=7 d=3 seed=406406 neq=7 2026-07-22T19:46:58.235
ATTEMPT 28 DONE  n=7 d=3 seed=406406 nsol=2187  1.93s  2026-07-22T19:47:00.167
ATTEMPT 29 START n=11 d=2 seed=406407 neq=11 2026-07-22T19:47:00.172
ATTEMPT 29 DONE  n=11 d=2 seed=406407 nsol=2048  2.46s  2026-07-22T19:47:02.632
ATTEMPT 30 START n=6 d=3 seed=406408 neq=6 2026-07-22T19:47:02.636
ATTEMPT 30 DONE  n=6 d=3 seed=406408 nsol=729  0.41s  2026-07-22T19:47:03.046
ATTEMPT 31 START n=8 d=2 seed=406409 neq=8 2026-07-22T19:47:03.052
ATTEMPT 31 DONE  n=8 d=2 seed=406409 nsol=256  0.17s  2026-07-22T19:47:03.226
ATTEMPT 32 START n=10 d=2 seed=406410 neq=10 2026-07-22T19:47:03.230
ATTEMPT 32 DONE  n=10 d=2 seed=406410 nsol=1024  1.11s  2026-07-22T19:47:04.338
ATTEMPT 33 START n=9 d=2 seed=406411 neq=9 2026-07-22T19:47:04.340
ATTEMPT 33 DONE  n=9 d=2 seed=406411 nsol=512  0.35s  2026-07-22T19:47:04.689
ATTEMPT 34 START n=7 d=3 seed=406412 neq=7 2026-07-22T19:47:04.692
ATTEMPT 34 DONE  n=7 d=3 seed=406412 nsol=2187  1.88s  2026-07-22T19:47:06.568
ATTEMPT 35 START n=11 d=2 seed=406413 neq=11 2026-07-22T19:47:06.572
ATTEMPT 35 DONE  n=11 d=2 seed=406413 nsol=2048  2.45s  2026-07-22T19:47:09.021
ATTEMPT 36 START n=6 d=3 seed=406414 neq=6 2026-07-22T19:47:09.025
ATTEMPT 36 DONE  n=6 d=3 seed=406414 nsol=729  0.39s  2026-07-22T19:47:09.414
ATTEMPT 37 START n=8 d=2 seed=406415 neq=8 2026-07-22T19:47:09.416
ATTEMPT 37 DONE  n=8 d=2 seed=406415 nsol=256  3.76s  2026-07-22T19:47:13.174
ATTEMPT 38 START n=10 d=2 seed=406416 neq=10 2026-07-22T19:47:13.177
ATTEMPT 38 DONE  n=10 d=2 seed=406416 nsol=1024  1.02s  2026-07-22T19:47:14.193
ATTEMPT 39 START n=9 d=2 seed=406417 neq=9 2026-07-22T19:47:14.196
ATTEMPT 39 DONE  n=9 d=2 seed=406417 nsol=512  0.37s  2026-07-22T19:47:14.566
ATTEMPT 40 START n=7 d=3 seed=406418 neq=7 2026-07-22T19:47:14.570
ATTEMPT 40 DONE  n=7 d=3 seed=406418 nsol=2187  1.94s  2026-07-22T19:47:16.512
HUNT complete  2026-07-22T19:47:16.517
