HUNT start  nthreads=28  nsolves=40  seed_base=1802037  shape=mix  pid=2457895  2026-07-22T17:54:45.077
ATTEMPT 1 START n=8 d=2 seed=1802038 neq=8 2026-07-22T17:55:50.006
Computing mixed cells... 2    Time: 0:00:05[K
   mixed_volume: 6[K[A
[K[AComputing mixed cells... 93    Time: 0:00:05[K
   mixed_volume: 256[K
ATTEMPT 1 DONE  n=8 d=2 seed=1802038 nsol=256  144.76s  2026-07-22T17:58:15.269
ATTEMPT 2 START n=10 d=2 seed=1802039 neq=10 2026-07-22T17:58:15.997
ATTEMPT 2 DONE  n=10 d=2 seed=1802039 nsol=1024  78.87s  2026-07-22T17:59:34.874
ATTEMPT 3 START n=9 d=2 seed=1802040 neq=9 2026-07-22T17:59:34.877
ATTEMPT 3 DONE  n=9 d=2 seed=1802040 nsol=512  57.53s  2026-07-22T18:00:32.407
ATTEMPT 4 START n=7 d=3 seed=1802041 neq=7 2026-07-22T18:00:32.412
ATTEMPT 4 DONE  n=7 d=3 seed=1802041 nsol=2187  79.27s  2026-07-22T18:01:51.681
ATTEMPT 5 START n=11 d=2 seed=1802042 neq=11 2026-07-22T18:01:51.686
ATTEMPT 5 DONE  n=11 d=2 seed=1802042 nsol=2048  134.10s  2026-07-22T18:04:05.789
ATTEMPT 6 START n=6 d=3 seed=1802043 neq=6 2026-07-22T18:04:05.801
ATTEMPT 6 DONE  n=6 d=3 seed=1802043 nsol=729  19.51s  2026-07-22T18:04:25.311
ATTEMPT 7 START n=8 d=2 seed=1802044 neq=8 2026-07-22T18:04:25.312
ATTEMPT 7 DONE  n=8 d=2 seed=1802044 nsol=256  0.22s  2026-07-22T18:04:25.532
ATTEMPT 8 START n=10 d=2 seed=1802045 neq=10 2026-07-22T18:04:25.534
ATTEMPT 8 DONE  n=10 d=2 seed=1802045 nsol=1024  1.47s  2026-07-22T18:04:27.003
ATTEMPT 9 START n=9 d=2 seed=1802046 neq=9 2026-07-22T18:04:27.006
ATTEMPT 9 DONE  n=9 d=2 seed=1802046 nsol=512  4.17s  2026-07-22T18:04:31.177
ATTEMPT 10 START n=7 d=3 seed=1802047 neq=7 2026-07-22T18:04:31.183
ATTEMPT 10 DONE  n=7 d=3 seed=1802047 nsol=2187  2.90s  2026-07-22T18:04:34.083
ATTEMPT 11 START n=11 d=2 seed=1802048 neq=11 2026-07-22T18:04:34.094
ATTEMPT 11 DONE  n=11 d=2 seed=1802048 nsol=2048  4.01s  2026-07-22T18:04:38.113
ATTEMPT 12 START n=6 d=3 seed=1802049 neq=6 2026-07-22T18:04:38.118
ATTEMPT 12 DONE  n=6 d=3 seed=1802049 nsol=729  0.69s  2026-07-22T18:04:38.805
ATTEMPT 13 START n=8 d=2 seed=1802050 neq=8 2026-07-22T18:04:38.814
ATTEMPT 13 DONE  n=8 d=2 seed=1802050 nsol=256  0.34s  2026-07-22T18:04:39.156
ATTEMPT 14 START n=10 d=2 seed=1802051 neq=10 2026-07-22T18:04:39.177
ATTEMPT 14 DONE  n=10 d=2 seed=1802051 nsol=1024  1.57s  2026-07-22T18:04:40.752
ATTEMPT 15 START n=9 d=2 seed=1802052 neq=9 2026-07-22T18:04:40.756
ATTEMPT 15 DONE  n=9 d=2 seed=1802052 nsol=512  0.72s  2026-07-22T18:04:41.478
ATTEMPT 16 START n=7 d=3 seed=1802053 neq=7 2026-07-22T18:04:41.492
ATTEMPT 16 DONE  n=7 d=3 seed=1802053 nsol=2187  4.25s  2026-07-22T18:04:45.741
ATTEMPT 17 START n=11 d=2 seed=1802054 neq=11 2026-07-22T18:04:45.753
ATTEMPT 17 DONE  n=11 d=2 seed=1802054 nsol=2048  4.86s  2026-07-22T18:04:50.615
ATTEMPT 18 START n=6 d=3 seed=1802055 neq=6 2026-07-22T18:04:50.620
ATTEMPT 18 DONE  n=6 d=3 seed=1802055 nsol=729  0.92s  2026-07-22T18:04:51.545
ATTEMPT 19 START n=8 d=2 seed=1802056 neq=8 2026-07-22T18:04:51.554
ATTEMPT 19 DONE  n=8 d=2 seed=1802056 nsol=256  0.47s  2026-07-22T18:04:52.037
ATTEMPT 20 START n=10 d=2 seed=1802057 neq=10 2026-07-22T18:04:52.067
ATTEMPT 20 DONE  n=10 d=2 seed=1802057 nsol=1024  2.01s  2026-07-22T18:04:54.081
ATTEMPT 21 START n=9 d=2 seed=1802058 neq=9 2026-07-22T18:04:54.086
ATTEMPT 21 DONE  n=9 d=2 seed=1802058 nsol=512  0.85s  2026-07-22T18:04:54.933
ATTEMPT 22 START n=7 d=3 seed=1802059 neq=7 2026-07-22T18:04:54.965
ATTEMPT 22 DONE  n=7 d=3 seed=1802059 nsol=2187  4.37s  2026-07-22T18:04:59.340
ATTEMPT 23 START n=11 d=2 seed=1802060 neq=11 2026-07-22T18:04:59.346
ATTEMPT 23 DONE  n=11 d=2 seed=1802060 nsol=2048  8.89s  2026-07-22T18:05:08.237
ATTEMPT 24 START n=6 d=3 seed=1802061 neq=6 2026-07-22T18:05:08.275
ATTEMPT 24 DONE  n=6 d=3 seed=1802061 nsol=729  0.95s  2026-07-22T18:05:09.226
ATTEMPT 25 START n=8 d=2 seed=1802062 neq=8 2026-07-22T18:05:09.229
ATTEMPT 25 DONE  n=8 d=2 seed=1802062 nsol=256  0.45s  2026-07-22T18:05:09.681
ATTEMPT 26 START n=10 d=2 seed=1802063 neq=10 2026-07-22T18:05:09.684
ATTEMPT 26 DONE  n=10 d=2 seed=1802063 nsol=1022  2.03s  2026-07-22T18:05:11.719
ATTEMPT 27 START n=9 d=2 seed=1802064 neq=9 2026-07-22T18:05:11.720
ATTEMPT 27 DONE  n=9 d=2 seed=1802064 nsol=512  0.96s  2026-07-22T18:05:12.683
ATTEMPT 28 START n=7 d=3 seed=1802065 neq=7 2026-07-22T18:05:12.704
ATTEMPT 28 DONE  n=7 d=3 seed=1802065 nsol=2187  4.26s  2026-07-22T18:05:16.963
ATTEMPT 29 START n=11 d=2 seed=1802066 neq=11 2026-07-22T18:05:16.970
ATTEMPT 29 DONE  n=11 d=2 seed=1802066 nsol=2048  5.76s  2026-07-22T18:05:22.728
ATTEMPT 30 START n=6 d=3 seed=1802067 neq=6 2026-07-22T18:05:22.736
ATTEMPT 30 DONE  n=6 d=3 seed=1802067 nsol=729  0.99s  2026-07-22T18:05:23.730
ATTEMPT 31 START n=8 d=2 seed=1802068 neq=8 2026-07-22T18:05:23.732
ATTEMPT 31 DONE  n=8 d=2 seed=1802068 nsol=256  0.45s  2026-07-22T18:05:24.182
ATTEMPT 32 START n=10 d=2 seed=1802069 neq=10 2026-07-22T18:05:24.195
ATTEMPT 32 DONE  n=10 d=2 seed=1802069 nsol=1024  2.01s  2026-07-22T18:05:26.207
ATTEMPT 33 START n=9 d=2 seed=1802070 neq=9 2026-07-22T18:05:26.209
ATTEMPT 33 DONE  n=9 d=2 seed=1802070 nsol=512  0.86s  2026-07-22T18:05:27.073
ATTEMPT 34 START n=7 d=3 seed=1802071 neq=7 2026-07-22T18:05:27.105
ATTEMPT 34 DONE  n=7 d=3 seed=1802071 nsol=2187  3.99s  2026-07-22T18:05:31.095
ATTEMPT 35 START n=11 d=2 seed=1802072 neq=11 2026-07-22T18:05:31.105
ATTEMPT 35 DONE  n=11 d=2 seed=1802072 nsol=2048  4.25s  2026-07-22T18:05:35.360
ATTEMPT 36 START n=6 d=3 seed=1802073 neq=6 2026-07-22T18:05:35.373
ATTEMPT 36 DONE  n=6 d=3 seed=1802073 nsol=729  0.96s  2026-07-22T18:05:36.347
ATTEMPT 37 START n=8 d=2 seed=1802074 neq=8 2026-07-22T18:05:36.350
ATTEMPT 37 DONE  n=8 d=2 seed=1802074 nsol=256  0.28s  2026-07-22T18:05:36.629
ATTEMPT 38 START n=10 d=2 seed=1802075 neq=10 2026-07-22T18:05:36.637
ATTEMPT 38 DONE  n=10 d=2 seed=1802075 nsol=1024  1.60s  2026-07-22T18:05:38.236
ATTEMPT 39 START n=9 d=2 seed=1802076 neq=9 2026-07-22T18:05:38.238
ATTEMPT 39 DONE  n=9 d=2 seed=1802076 nsol=512  4.42s  2026-07-22T18:05:42.658
ATTEMPT 40 START n=7 d=3 seed=1802077 neq=7 2026-07-22T18:05:42.668
ATTEMPT 40 DONE  n=7 d=3 seed=1802077 nsol=2187  4.20s  2026-07-22T18:05:46.869
HUNT complete  2026-07-22T18:05:46.875
