HUNT start  nthreads=28  nsolves=40  seed_base=1110330  shape=mix  pid=2072174  2026-07-22T16:57:21.021
ATTEMPT 1 START n=8 d=2 seed=1110331 neq=8 2026-07-22T16:57:39.384
Computing mixed cells... 2    Time: 0:00:01[K
   mixed_volume: 16[K[A
[K[AComputing mixed cells... 18    Time: 0:00:01[K
   mixed_volume: 256[K
ATTEMPT 1 DONE  n=8 d=2 seed=1110331 nsol=256  53.94s  2026-07-22T16:58:33.555
ATTEMPT 2 START n=10 d=2 seed=1110332 neq=10 2026-07-22T16:58:33.789
ATTEMPT 2 DONE  n=10 d=2 seed=1110332 nsol=1024  29.32s  2026-07-22T16:59:03.108
ATTEMPT 3 START n=9 d=2 seed=1110333 neq=9 2026-07-22T16:59:03.111
ATTEMPT 3 DONE  n=9 d=2 seed=1110333 nsol=512  22.65s  2026-07-22T16:59:25.760
ATTEMPT 4 START n=7 d=3 seed=1110334 neq=7 2026-07-22T16:59:25.767
ATTEMPT 4 DONE  n=7 d=3 seed=1110334 nsol=2187  58.02s  2026-07-22T17:00:23.786
ATTEMPT 5 START n=11 d=2 seed=1110335 neq=11 2026-07-22T17:00:23.795
ATTEMPT 5 DONE  n=11 d=2 seed=1110335 nsol=2048  42.40s  2026-07-22T17:01:06.194
ATTEMPT 6 START n=6 d=3 seed=1110336 neq=6 2026-07-22T17:01:06.202
ATTEMPT 6 DONE  n=6 d=3 seed=1110336 nsol=729  20.81s  2026-07-22T17:01:27.012
ATTEMPT 7 START n=8 d=2 seed=1110337 neq=8 2026-07-22T17:01:27.013
ATTEMPT 7 DONE  n=8 d=2 seed=1110337 nsol=256  0.34s  2026-07-22T17:01:27.351
ATTEMPT 8 START n=10 d=2 seed=1110338 neq=10 2026-07-22T17:01:27.361
ATTEMPT 8 DONE  n=10 d=2 seed=1110338 nsol=1024  2.38s  2026-07-22T17:01:29.744
ATTEMPT 9 START n=9 d=2 seed=1110339 neq=9 2026-07-22T17:01:29.748
ATTEMPT 9 DONE  n=9 d=2 seed=1110339 nsol=512  0.60s  2026-07-22T17:01:30.350
ATTEMPT 10 START n=7 d=3 seed=1110340 neq=7 2026-07-22T17:01:30.353
ATTEMPT 10 DONE  n=7 d=3 seed=1110340 nsol=2187  3.56s  2026-07-22T17:01:33.909
ATTEMPT 11 START n=11 d=2 seed=1110341 neq=11 2026-07-22T17:01:33.916
ATTEMPT 11 DONE  n=11 d=2 seed=1110341 nsol=2048  5.01s  2026-07-22T17:01:38.928
ATTEMPT 12 START n=6 d=3 seed=1110342 neq=6 2026-07-22T17:01:38.933
ATTEMPT 12 DONE  n=6 d=3 seed=1110342 nsol=729  0.84s  2026-07-22T17:01:39.785
ATTEMPT 13 START n=8 d=2 seed=1110343 neq=8 2026-07-22T17:01:39.806
ATTEMPT 13 DONE  n=8 d=2 seed=1110343 nsol=256  0.32s  2026-07-22T17:01:40.129
ATTEMPT 14 START n=10 d=2 seed=1110344 neq=10 2026-07-22T17:01:40.133
ATTEMPT 14 DONE  n=10 d=2 seed=1110344 nsol=1024  1.92s  2026-07-22T17:01:42.050
ATTEMPT 15 START n=9 d=2 seed=1110345 neq=9 2026-07-22T17:01:42.061
ATTEMPT 15 DONE  n=9 d=2 seed=1110345 nsol=512  0.91s  2026-07-22T17:01:42.971
ATTEMPT 16 START n=7 d=3 seed=1110346 neq=7 2026-07-22T17:01:42.987
ATTEMPT 16 DONE  n=7 d=3 seed=1110346 nsol=2187  7.40s  2026-07-22T17:01:50.388
ATTEMPT 17 START n=11 d=2 seed=1110347 neq=11 2026-07-22T17:01:50.404
ATTEMPT 17 DONE  n=11 d=2 seed=1110347 nsol=2048  4.80s  2026-07-22T17:01:55.200
ATTEMPT 18 START n=6 d=3 seed=1110348 neq=6 2026-07-22T17:01:55.203
ATTEMPT 18 DONE  n=6 d=3 seed=1110348 nsol=729  0.80s  2026-07-22T17:01:56.006
ATTEMPT 19 START n=8 d=2 seed=1110349 neq=8 2026-07-22T17:01:56.018
ATTEMPT 19 DONE  n=8 d=2 seed=1110349 nsol=256  0.38s  2026-07-22T17:01:56.403
ATTEMPT 20 START n=10 d=2 seed=1110350 neq=10 2026-07-22T17:01:56.405
ATTEMPT 20 DONE  n=10 d=2 seed=1110350 nsol=1024  2.12s  2026-07-22T17:01:58.521
ATTEMPT 21 START n=9 d=2 seed=1110351 neq=9 2026-07-22T17:01:58.543
ATTEMPT 21 DONE  n=9 d=2 seed=1110351 nsol=512  1.18s  2026-07-22T17:01:59.724
ATTEMPT 22 START n=7 d=3 seed=1110352 neq=7 2026-07-22T17:01:59.730
ATTEMPT 22 DONE  n=7 d=3 seed=1110352 nsol=2187  4.20s  2026-07-22T17:02:03.933
ATTEMPT 23 START n=11 d=2 seed=1110353 neq=11 2026-07-22T17:02:03.947
ATTEMPT 23 DONE  n=11 d=2 seed=1110353 nsol=2048  4.94s  2026-07-22T17:02:08.890
ATTEMPT 24 START n=6 d=3 seed=1110354 neq=6 2026-07-22T17:02:08.912
ATTEMPT 24 DONE  n=6 d=3 seed=1110354 nsol=729  0.78s  2026-07-22T17:02:09.692
ATTEMPT 25 START n=8 d=2 seed=1110355 neq=8 2026-07-22T17:02:09.695
ATTEMPT 25 DONE  n=8 d=2 seed=1110355 nsol=256  0.28s  2026-07-22T17:02:09.973
ATTEMPT 26 START n=10 d=2 seed=1110356 neq=10 2026-07-22T17:02:09.985
ATTEMPT 26 DONE  n=10 d=2 seed=1110356 nsol=1024  2.37s  2026-07-22T17:02:12.352
ATTEMPT 27 START n=9 d=2 seed=1110357 neq=9 2026-07-22T17:02:12.364
ATTEMPT 27 DONE  n=9 d=2 seed=1110357 nsol=512  1.05s  2026-07-22T17:02:13.419
ATTEMPT 28 START n=7 d=3 seed=1110358 neq=7 2026-07-22T17:02:13.439
ATTEMPT 28 DONE  n=7 d=3 seed=1110358 nsol=2187  2.99s  2026-07-22T17:02:16.432
ATTEMPT 29 START n=11 d=2 seed=1110359 neq=11 2026-07-22T17:02:16.437
ATTEMPT 29 DONE  n=11 d=2 seed=1110359 nsol=2048  8.38s  2026-07-22T17:02:24.820
ATTEMPT 30 START n=6 d=3 seed=1110360 neq=6 2026-07-22T17:02:24.825
ATTEMPT 30 DONE  n=6 d=3 seed=1110360 nsol=729  0.91s  2026-07-22T17:02:25.738
ATTEMPT 31 START n=8 d=2 seed=1110361 neq=8 2026-07-22T17:02:25.740
ATTEMPT 31 DONE  n=8 d=2 seed=1110361 nsol=256  0.30s  2026-07-22T17:02:26.037
ATTEMPT 32 START n=10 d=2 seed=1110362 neq=10 2026-07-22T17:02:26.046
ATTEMPT 32 DONE  n=10 d=2 seed=1110362 nsol=1024  1.83s  2026-07-22T17:02:27.880
ATTEMPT 33 START n=9 d=2 seed=1110363 neq=9 2026-07-22T17:02:27.885
ATTEMPT 33 DONE  n=9 d=2 seed=1110363 nsol=512  0.86s  2026-07-22T17:02:28.741
ATTEMPT 34 START n=7 d=3 seed=1110364 neq=7 2026-07-22T17:02:28.750
ATTEMPT 34 DONE  n=7 d=3 seed=1110364 nsol=2187  3.88s  2026-07-22T17:02:32.635
ATTEMPT 35 START n=11 d=2 seed=1110365 neq=11 2026-07-22T17:02:32.640
ATTEMPT 35 DONE  n=11 d=2 seed=1110365 nsol=2048  5.01s  2026-07-22T17:02:37.655
ATTEMPT 36 START n=6 d=3 seed=1110366 neq=6 2026-07-22T17:02:37.662
ATTEMPT 36 DONE  n=6 d=3 seed=1110366 nsol=729  0.73s  2026-07-22T17:02:38.388
ATTEMPT 37 START n=8 d=2 seed=1110367 neq=8 2026-07-22T17:02:38.392
ATTEMPT 37 DONE  n=8 d=2 seed=1110367 nsol=256  0.61s  2026-07-22T17:02:39.008
ATTEMPT 38 START n=10 d=2 seed=1110368 neq=10 2026-07-22T17:02:39.033
ATTEMPT 38 DONE  n=10 d=2 seed=1110368 nsol=1024  2.83s  2026-07-22T17:02:41.860
ATTEMPT 39 START n=9 d=2 seed=1110369 neq=9 2026-07-22T17:02:41.864
ATTEMPT 39 DONE  n=9 d=2 seed=1110369 nsol=512  1.16s  2026-07-22T17:02:43.028
ATTEMPT 40 START n=7 d=3 seed=1110370 neq=7 2026-07-22T17:02:43.082
ATTEMPT 40 DONE  n=7 d=3 seed=1110370 nsol=2187  7.00s  2026-07-22T17:02:50.087
HUNT complete  2026-07-22T17:02:50.120
