HUNT start  nthreads=28  nsolves=40  seed_base=18039  shape=mix  pid=3863707  2026-07-22T20:36:37.264
ATTEMPT 1 START n=8 d=2 seed=18040 neq=8 2026-07-22T20:36:52.704
Computing mixed cells... 2    Time: 0:00:01[K
   mixed_volume: 9[K[A
[K[AComputing mixed cells... 96    Time: 0:00:01[K
   mixed_volume: 256[K
ATTEMPT 1 DONE  n=8 d=2 seed=18040 nsol=256  37.91s  2026-07-22T20:37:30.848
ATTEMPT 2 START n=10 d=2 seed=18041 neq=10 2026-07-22T20:37:31.065
ATTEMPT 2 DONE  n=10 d=2 seed=18041 nsol=1024  16.84s  2026-07-22T20:37:47.901
ATTEMPT 3 START n=9 d=2 seed=18042 neq=9 2026-07-22T20:37:47.903
ATTEMPT 3 DONE  n=9 d=2 seed=18042 nsol=512  16.16s  2026-07-22T20:38:04.065
ATTEMPT 4 START n=7 d=3 seed=18043 neq=7 2026-07-22T20:38:04.069
ATTEMPT 4 DONE  n=7 d=3 seed=18043 nsol=2187  39.01s  2026-07-22T20:38:43.079
ATTEMPT 5 START n=11 d=2 seed=18044 neq=11 2026-07-22T20:38:43.083
ATTEMPT 5 DONE  n=11 d=2 seed=18044 nsol=2048  22.62s  2026-07-22T20:39:05.703
ATTEMPT 6 START n=6 d=3 seed=18045 neq=6 2026-07-22T20:39:05.707
ATTEMPT 6 DONE  n=6 d=3 seed=18045 nsol=729  13.63s  2026-07-22T20:39:19.340
ATTEMPT 7 START n=8 d=2 seed=18046 neq=8 2026-07-22T20:39:19.342
ATTEMPT 7 DONE  n=8 d=2 seed=18046 nsol=256  0.15s  2026-07-22T20:39:19.495
ATTEMPT 8 START n=10 d=2 seed=18047 neq=10 2026-07-22T20:39:19.497
ATTEMPT 8 DONE  n=10 d=2 seed=18047 nsol=1024  1.14s  2026-07-22T20:39:20.634
ATTEMPT 9 START n=9 d=2 seed=18048 neq=9 2026-07-22T20:39:20.637
ATTEMPT 9 DONE  n=9 d=2 seed=18048 nsol=512  0.42s  2026-07-22T20:39:21.054
ATTEMPT 10 START n=7 d=3 seed=18049 neq=7 2026-07-22T20:39:21.059
ATTEMPT 10 DONE  n=7 d=3 seed=18049 nsol=2185  2.46s  2026-07-22T20:39:23.517
ATTEMPT 11 START n=11 d=2 seed=18050 neq=11 2026-07-22T20:39:23.521
ATTEMPT 11 DONE  n=11 d=2 seed=18050 nsol=2048  2.95s  2026-07-22T20:39:26.472
ATTEMPT 12 START n=6 d=3 seed=18051 neq=6 2026-07-22T20:39:26.475
ATTEMPT 12 DONE  n=6 d=3 seed=18051 nsol=729  0.42s  2026-07-22T20:39:26.894
ATTEMPT 13 START n=8 d=2 seed=18052 neq=8 2026-07-22T20:39:26.896
ATTEMPT 13 DONE  n=8 d=2 seed=18052 nsol=256  0.17s  2026-07-22T20:39:27.066
ATTEMPT 14 START n=10 d=2 seed=18053 neq=10 2026-07-22T20:39:27.070
ATTEMPT 14 DONE  n=10 d=2 seed=18053 nsol=1024  1.22s  2026-07-22T20:39:28.294
ATTEMPT 15 START n=9 d=2 seed=18054 neq=9 2026-07-22T20:39:28.298
ATTEMPT 15 DONE  n=9 d=2 seed=18054 nsol=512  0.47s  2026-07-22T20:39:28.763
ATTEMPT 16 START n=7 d=3 seed=18055 neq=7 2026-07-22T20:39:28.770
ATTEMPT 16 DONE  n=7 d=3 seed=18055 nsol=2187  2.67s  2026-07-22T20:39:31.441
ATTEMPT 17 START n=11 d=2 seed=18056 neq=11 2026-07-22T20:39:31.446
ATTEMPT 17 DONE  n=11 d=2 seed=18056 nsol=2048  3.19s  2026-07-22T20:39:34.638
ATTEMPT 18 START n=6 d=3 seed=18057 neq=6 2026-07-22T20:39:34.642
ATTEMPT 18 DONE  n=6 d=3 seed=18057 nsol=729  0.44s  2026-07-22T20:39:35.086
ATTEMPT 19 START n=8 d=2 seed=18058 neq=8 2026-07-22T20:39:35.088
ATTEMPT 19 DONE  n=8 d=2 seed=18058 nsol=256  0.17s  2026-07-22T20:39:35.256
ATTEMPT 20 START n=10 d=2 seed=18059 neq=10 2026-07-22T20:39:35.261
ATTEMPT 20 DONE  n=10 d=2 seed=18059 nsol=1024  1.21s  2026-07-22T20:39:36.472
ATTEMPT 21 START n=9 d=2 seed=18060 neq=9 2026-07-22T20:39:36.476
ATTEMPT 21 DONE  n=9 d=2 seed=18060 nsol=512  0.46s  2026-07-22T20:39:36.937
ATTEMPT 22 START n=7 d=3 seed=18061 neq=7 2026-07-22T20:39:36.943
ATTEMPT 22 DONE  n=7 d=3 seed=18061 nsol=2187  2.26s  2026-07-22T20:39:39.206
ATTEMPT 23 START n=11 d=2 seed=18062 neq=11 2026-07-22T20:39:39.210
ATTEMPT 23 DONE  n=11 d=2 seed=18062 nsol=2048  3.06s  2026-07-22T20:39:42.271
ATTEMPT 24 START n=6 d=3 seed=18063 neq=6 2026-07-22T20:39:42.275
ATTEMPT 24 DONE  n=6 d=3 seed=18063 nsol=729  4.04s  2026-07-22T20:39:46.319
ATTEMPT 25 START n=8 d=2 seed=18064 neq=8 2026-07-22T20:39:46.322
ATTEMPT 25 DONE  n=8 d=2 seed=18064 nsol=256  0.18s  2026-07-22T20:39:46.499
ATTEMPT 26 START n=10 d=2 seed=18065 neq=10 2026-07-22T20:39:46.504
ATTEMPT 26 DONE  n=10 d=2 seed=18065 nsol=1024  1.21s  2026-07-22T20:39:47.717
ATTEMPT 27 START n=9 d=2 seed=18066 neq=9 2026-07-22T20:39:47.720
ATTEMPT 27 DONE  n=9 d=2 seed=18066 nsol=512  0.42s  2026-07-22T20:39:48.142
ATTEMPT 28 START n=7 d=3 seed=18067 neq=7 2026-07-22T20:39:48.146
ATTEMPT 28 DONE  n=7 d=3 seed=18067 nsol=2187  2.03s  2026-07-22T20:39:50.176
ATTEMPT 29 START n=11 d=2 seed=18068 neq=11 2026-07-22T20:39:50.181
ATTEMPT 29 DONE  n=11 d=2 seed=18068 nsol=2048  2.92s  2026-07-22T20:39:53.101
ATTEMPT 30 START n=6 d=3 seed=18069 neq=6 2026-07-22T20:39:53.104
ATTEMPT 30 DONE  n=6 d=3 seed=18069 nsol=729  0.43s  2026-07-22T20:39:53.539
ATTEMPT 31 START n=8 d=2 seed=18070 neq=8 2026-07-22T20:39:53.541
ATTEMPT 31 DONE  n=8 d=2 seed=18070 nsol=256  0.16s  2026-07-22T20:39:53.702
ATTEMPT 32 START n=10 d=2 seed=18071 neq=10 2026-07-22T20:39:53.704
ATTEMPT 32 DONE  n=10 d=2 seed=18071 nsol=1024  1.17s  2026-07-22T20:39:54.872
ATTEMPT 33 START n=9 d=2 seed=18072 neq=9 2026-07-22T20:39:54.875
ATTEMPT 33 DONE  n=9 d=2 seed=18072 nsol=512  0.40s  2026-07-22T20:39:55.278
ATTEMPT 34 START n=7 d=3 seed=18073 neq=7 2026-07-22T20:39:55.283
ATTEMPT 34 DONE  n=7 d=3 seed=18073 nsol=2187  2.06s  2026-07-22T20:39:57.347
ATTEMPT 35 START n=11 d=2 seed=18074 neq=11 2026-07-22T20:39:57.352
ATTEMPT 35 DONE  n=11 d=2 seed=18074 nsol=2048  2.83s  2026-07-22T20:40:00.180
ATTEMPT 36 START n=6 d=3 seed=18075 neq=6 2026-07-22T20:40:00.182
ATTEMPT 36 DONE  n=6 d=3 seed=18075 nsol=729  0.40s  2026-07-22T20:40:00.585
ATTEMPT 37 START n=8 d=2 seed=18076 neq=8 2026-07-22T20:40:00.586
ATTEMPT 37 DONE  n=8 d=2 seed=18076 nsol=256  0.15s  2026-07-22T20:40:00.737
ATTEMPT 38 START n=10 d=2 seed=18077 neq=10 2026-07-22T20:40:00.769
ATTEMPT 38 DONE  n=10 d=2 seed=18077 nsol=1024  1.07s  2026-07-22T20:40:01.844
ATTEMPT 39 START n=9 d=2 seed=18078 neq=9 2026-07-22T20:40:01.849
ATTEMPT 39 DONE  n=9 d=2 seed=18078 nsol=512  0.43s  2026-07-22T20:40:02.282
ATTEMPT 40 START n=7 d=3 seed=18079 neq=7 2026-07-22T20:40:02.287
ATTEMPT 40 DONE  n=7 d=3 seed=18079 nsol=2187  2.13s  2026-07-22T20:40:04.415
HUNT complete  2026-07-22T20:40:04.420
