HUNT start  nthreads=28  nsolves=40  seed_base=1228535  shape=mix  pid=2114499  2026-07-22T17:03:07.800
ATTEMPT 1 START n=8 d=2 seed=1228536 neq=8 2026-07-22T17:03:26.427
Computing mixed cells... 2    Time: 0:00:01[K
   mixed_volume: 5[K[A
[K[AComputing mixed cells... 111    Time: 0:00:01[K
   mixed_volume: 256[K
ATTEMPT 1 DONE  n=8 d=2 seed=1228536 nsol=256  93.56s  2026-07-22T17:05:00.919
ATTEMPT 2 START n=10 d=2 seed=1228537 neq=10 2026-07-22T17:05:01.792
ATTEMPT 2 DONE  n=10 d=2 seed=1228537 nsol=1024  34.15s  2026-07-22T17:05:35.937
ATTEMPT 3 START n=9 d=2 seed=1228538 neq=9 2026-07-22T17:05:35.944
ATTEMPT 3 DONE  n=9 d=2 seed=1228538 nsol=512  19.36s  2026-07-22T17:05:55.303
ATTEMPT 4 START n=7 d=3 seed=1228539 neq=7 2026-07-22T17:05:55.320
ATTEMPT 4 DONE  n=7 d=3 seed=1228539 nsol=2187  59.68s  2026-07-22T17:06:55.006
ATTEMPT 5 START n=11 d=2 seed=1228540 neq=11 2026-07-22T17:06:55.016
ATTEMPT 5 DONE  n=11 d=2 seed=1228540 nsol=2048  44.48s  2026-07-22T17:07:39.500
ATTEMPT 6 START n=6 d=3 seed=1228541 neq=6 2026-07-22T17:07:39.512
ATTEMPT 6 DONE  n=6 d=3 seed=1228541 nsol=729  29.83s  2026-07-22T17:08:09.344
ATTEMPT 7 START n=8 d=2 seed=1228542 neq=8 2026-07-22T17:08:09.347
ATTEMPT 7 DONE  n=8 d=2 seed=1228542 nsol=256  0.29s  2026-07-22T17:08:09.634
ATTEMPT 8 START n=10 d=2 seed=1228543 neq=10 2026-07-22T17:08:09.647
ATTEMPT 8 DONE  n=10 d=2 seed=1228543 nsol=1024  1.86s  2026-07-22T17:08:11.505
ATTEMPT 9 START n=9 d=2 seed=1228544 neq=9 2026-07-22T17:08:11.519
ATTEMPT 9 DONE  n=9 d=2 seed=1228544 nsol=512  0.87s  2026-07-22T17:08:12.392
ATTEMPT 10 START n=7 d=3 seed=1228545 neq=7 2026-07-22T17:08:12.417
ATTEMPT 10 DONE  n=7 d=3 seed=1228545 nsol=2187  3.33s  2026-07-22T17:08:15.750
ATTEMPT 11 START n=11 d=2 seed=1228546 neq=11 2026-07-22T17:08:15.756
ATTEMPT 11 DONE  n=11 d=2 seed=1228546 nsol=2048  7.60s  2026-07-22T17:08:23.360
ATTEMPT 12 START n=6 d=3 seed=1228547 neq=6 2026-07-22T17:08:23.364
ATTEMPT 12 DONE  n=6 d=3 seed=1228547 nsol=729  0.69s  2026-07-22T17:08:24.056
ATTEMPT 13 START n=8 d=2 seed=1228548 neq=8 2026-07-22T17:08:24.059
ATTEMPT 13 DONE  n=8 d=2 seed=1228548 nsol=256  0.30s  2026-07-22T17:08:24.362
ATTEMPT 14 START n=10 d=2 seed=1228549 neq=10 2026-07-22T17:08:24.374
ATTEMPT 14 DONE  n=10 d=2 seed=1228549 nsol=1024  1.98s  2026-07-22T17:08:26.357
ATTEMPT 15 START n=9 d=2 seed=1228550 neq=9 2026-07-22T17:08:26.370
ATTEMPT 15 DONE  n=9 d=2 seed=1228550 nsol=512  0.98s  2026-07-22T17:08:27.348
ATTEMPT 16 START n=7 d=3 seed=1228551 neq=7 2026-07-22T17:08:27.358
ATTEMPT 16 DONE  n=7 d=3 seed=1228551 nsol=2187  4.24s  2026-07-22T17:08:31.594
ATTEMPT 17 START n=11 d=2 seed=1228552 neq=11 2026-07-22T17:08:31.603
ATTEMPT 17 DONE  n=11 d=2 seed=1228552 nsol=2048  4.82s  2026-07-22T17:08:36.429
ATTEMPT 18 START n=6 d=3 seed=1228553 neq=6 2026-07-22T17:08:36.433
ATTEMPT 18 DONE  n=6 d=3 seed=1228553 nsol=729  0.65s  2026-07-22T17:08:37.084
ATTEMPT 19 START n=8 d=2 seed=1228554 neq=8 2026-07-22T17:08:37.086
ATTEMPT 19 DONE  n=8 d=2 seed=1228554 nsol=256  0.28s  2026-07-22T17:08:37.368
ATTEMPT 20 START n=10 d=2 seed=1228555 neq=10 2026-07-22T17:08:37.379
ATTEMPT 20 DONE  n=10 d=2 seed=1228555 nsol=1024  1.70s  2026-07-22T17:08:39.076
ATTEMPT 21 START n=9 d=2 seed=1228556 neq=9 2026-07-22T17:08:39.080
ATTEMPT 21 DONE  n=9 d=2 seed=1228556 nsol=512  0.71s  2026-07-22T17:08:39.787
ATTEMPT 22 START n=7 d=3 seed=1228557 neq=7 2026-07-22T17:08:39.809
ATTEMPT 22 DONE  n=7 d=3 seed=1228557 nsol=2187  3.71s  2026-07-22T17:08:43.516
ATTEMPT 23 START n=11 d=2 seed=1228558 neq=11 2026-07-22T17:08:43.525
ATTEMPT 23 DONE  n=11 d=2 seed=1228558 nsol=2048  6.90s  2026-07-22T17:08:50.424
ATTEMPT 24 START n=6 d=3 seed=1228559 neq=6 2026-07-22T17:08:50.429
ATTEMPT 24 DONE  n=6 d=3 seed=1228559 nsol=729  1.25s  2026-07-22T17:08:51.676
ATTEMPT 25 START n=8 d=2 seed=1228560 neq=8 2026-07-22T17:08:51.684
ATTEMPT 25 DONE  n=8 d=2 seed=1228560 nsol=256  0.50s  2026-07-22T17:08:52.180
ATTEMPT 26 START n=10 d=2 seed=1228561 neq=10 2026-07-22T17:08:52.195
ATTEMPT 26 DONE  n=10 d=2 seed=1228561 nsol=1024  6.01s  2026-07-22T17:08:58.206
ATTEMPT 27 START n=9 d=2 seed=1228562 neq=9 2026-07-22T17:08:58.221
ATTEMPT 27 DONE  n=9 d=2 seed=1228562 nsol=512  0.63s  2026-07-22T17:08:58.855
ATTEMPT 28 START n=7 d=3 seed=1228563 neq=7 2026-07-22T17:08:58.859
ATTEMPT 28 DONE  n=7 d=3 seed=1228563 nsol=2187  3.94s  2026-07-22T17:09:02.802
ATTEMPT 29 START n=11 d=2 seed=1228564 neq=11 2026-07-22T17:09:02.817
ATTEMPT 29 DONE  n=11 d=2 seed=1228564 nsol=2048  4.35s  2026-07-22T17:09:07.166
ATTEMPT 30 START n=6 d=3 seed=1228565 neq=6 2026-07-22T17:09:07.171
ATTEMPT 30 DONE  n=6 d=3 seed=1228565 nsol=729  0.87s  2026-07-22T17:09:08.037
ATTEMPT 31 START n=8 d=2 seed=1228566 neq=8 2026-07-22T17:09:08.039
ATTEMPT 31 DONE  n=8 d=2 seed=1228566 nsol=256  0.22s  2026-07-22T17:09:08.256
ATTEMPT 32 START n=10 d=2 seed=1228567 neq=10 2026-07-22T17:09:08.258
ATTEMPT 32 DONE  n=10 d=2 seed=1228567 nsol=1024  1.41s  2026-07-22T17:09:09.669
ATTEMPT 33 START n=9 d=2 seed=1228568 neq=9 2026-07-22T17:09:09.674
ATTEMPT 33 DONE  n=9 d=2 seed=1228568 nsol=512  1.16s  2026-07-22T17:09:10.839
ATTEMPT 34 START n=7 d=3 seed=1228569 neq=7 2026-07-22T17:09:10.844
ATTEMPT 34 DONE  n=7 d=3 seed=1228569 nsol=2187  2.75s  2026-07-22T17:09:13.596
ATTEMPT 35 START n=11 d=2 seed=1228570 neq=11 2026-07-22T17:09:13.599
ATTEMPT 35 DONE  n=11 d=2 seed=1228570 nsol=2048  5.20s  2026-07-22T17:09:18.803
ATTEMPT 36 START n=6 d=3 seed=1228571 neq=6 2026-07-22T17:09:18.807
ATTEMPT 36 DONE  n=6 d=3 seed=1228571 nsol=729  0.95s  2026-07-22T17:09:19.759
ATTEMPT 37 START n=8 d=2 seed=1228572 neq=8 2026-07-22T17:09:19.761
ATTEMPT 37 DONE  n=8 d=2 seed=1228572 nsol=256  0.56s  2026-07-22T17:09:20.320
ATTEMPT 38 START n=10 d=2 seed=1228573 neq=10 2026-07-22T17:09:20.328
ATTEMPT 38 DONE  n=10 d=2 seed=1228573 nsol=1024  2.56s  2026-07-22T17:09:22.893
ATTEMPT 39 START n=9 d=2 seed=1228574 neq=9 2026-07-22T17:09:22.897
ATTEMPT 39 DONE  n=9 d=2 seed=1228574 nsol=512  1.23s  2026-07-22T17:09:24.130
ATTEMPT 40 START n=7 d=3 seed=1228575 neq=7 2026-07-22T17:09:24.148
ATTEMPT 40 DONE  n=7 d=3 seed=1228575 nsol=2187  4.03s  2026-07-22T17:09:28.176
HUNT complete  2026-07-22T17:09:28.232
