HUNT start  nthreads=28  nsolves=40  seed_base=1010693  shape=mix  pid=2016280  2026-07-22T16:49:36.490
ATTEMPT 1 START n=8 d=2 seed=1010694 neq=8 2026-07-22T16:50:00.262
Computing mixed cells... 2    Time: 0:00:01[K
   mixed_volume: 6[K[A
[K[AComputing mixed cells... 54    Time: 0:00:02[K
   mixed_volume: 256[K
ATTEMPT 1 DONE  n=8 d=2 seed=1010694 nsol=256  84.71s  2026-07-22T16:51:25.273
ATTEMPT 2 START n=10 d=2 seed=1010695 neq=10 2026-07-22T16:51:25.651
ATTEMPT 2 DONE  n=10 d=2 seed=1010695 nsol=1024  55.15s  2026-07-22T16:52:20.799
ATTEMPT 3 START n=9 d=2 seed=1010696 neq=9 2026-07-22T16:52:20.811
ATTEMPT 3 DONE  n=9 d=2 seed=1010696 nsol=512  52.08s  2026-07-22T16:53:12.892
ATTEMPT 4 START n=7 d=3 seed=1010697 neq=7 2026-07-22T16:53:12.904
ATTEMPT 4 DONE  n=7 d=3 seed=1010697 nsol=2187  96.63s  2026-07-22T16:54:49.537
ATTEMPT 5 START n=11 d=2 seed=1010698 neq=11 2026-07-22T16:54:49.549
ATTEMPT 5 DONE  n=11 d=2 seed=1010698 nsol=2048  36.71s  2026-07-22T16:55:26.254
ATTEMPT 6 START n=6 d=3 seed=1010699 neq=6 2026-07-22T16:55:26.257
ATTEMPT 6 DONE  n=6 d=3 seed=1010699 nsol=729  17.49s  2026-07-22T16:55:43.751
ATTEMPT 7 START n=8 d=2 seed=1010700 neq=8 2026-07-22T16:55:43.753
ATTEMPT 7 DONE  n=8 d=2 seed=1010700 nsol=256  0.15s  2026-07-22T16:55:43.907
ATTEMPT 8 START n=10 d=2 seed=1010701 neq=10 2026-07-22T16:55:43.910
ATTEMPT 8 DONE  n=10 d=2 seed=1010701 nsol=1024  1.73s  2026-07-22T16:55:45.638
ATTEMPT 9 START n=9 d=2 seed=1010702 neq=9 2026-07-22T16:55:45.640
ATTEMPT 9 DONE  n=9 d=2 seed=1010702 nsol=512  0.73s  2026-07-22T16:55:46.365
ATTEMPT 10 START n=7 d=3 seed=1010703 neq=7 2026-07-22T16:55:46.371
ATTEMPT 10 DONE  n=7 d=3 seed=1010703 nsol=2187  7.01s  2026-07-22T16:55:53.384
ATTEMPT 11 START n=11 d=2 seed=1010704 neq=11 2026-07-22T16:55:53.396
ATTEMPT 11 DONE  n=11 d=2 seed=1010704 nsol=2048  4.22s  2026-07-22T16:55:57.619
ATTEMPT 12 START n=6 d=3 seed=1010705 neq=6 2026-07-22T16:55:57.623
ATTEMPT 12 DONE  n=6 d=3 seed=1010705 nsol=729  0.59s  2026-07-22T16:55:58.215
ATTEMPT 13 START n=8 d=2 seed=1010706 neq=8 2026-07-22T16:55:58.218
ATTEMPT 13 DONE  n=8 d=2 seed=1010706 nsol=256  0.20s  2026-07-22T16:55:58.420
ATTEMPT 14 START n=10 d=2 seed=1010707 neq=10 2026-07-22T16:55:58.422
ATTEMPT 14 DONE  n=10 d=2 seed=1010707 nsol=1024  1.58s  2026-07-22T16:56:00.003
ATTEMPT 15 START n=9 d=2 seed=1010708 neq=9 2026-07-22T16:56:00.012
ATTEMPT 15 DONE  n=9 d=2 seed=1010708 nsol=512  0.69s  2026-07-22T16:56:00.701
ATTEMPT 16 START n=7 d=3 seed=1010709 neq=7 2026-07-22T16:56:00.718
ATTEMPT 16 DONE  n=7 d=3 seed=1010709 nsol=2187  3.35s  2026-07-22T16:56:04.077
ATTEMPT 17 START n=11 d=2 seed=1010710 neq=11 2026-07-22T16:56:04.090
Computing mixed cells... 328    Time: 0:00:00[K
   mixed_volume: 1881[K[A
[K[AComputing mixed cells... 351    Time: 0:00:00[K
   mixed_volume: 2048[K
ATTEMPT 17 DONE  n=11 d=2 seed=1010710 nsol=2048  5.41s  2026-07-22T16:56:09.507
ATTEMPT 18 START n=6 d=3 seed=1010711 neq=6 2026-07-22T16:56:09.511
ATTEMPT 18 DONE  n=6 d=3 seed=1010711 nsol=729  0.92s  2026-07-22T16:56:10.429
ATTEMPT 19 START n=8 d=2 seed=1010712 neq=8 2026-07-22T16:56:10.439
ATTEMPT 19 DONE  n=8 d=2 seed=1010712 nsol=256  0.36s  2026-07-22T16:56:10.802
ATTEMPT 20 START n=10 d=2 seed=1010713 neq=10 2026-07-22T16:56:10.806
ATTEMPT 20 DONE  n=10 d=2 seed=1010713 nsol=1024  1.50s  2026-07-22T16:56:12.307
ATTEMPT 21 START n=9 d=2 seed=1010714 neq=9 2026-07-22T16:56:12.320
ATTEMPT 21 DONE  n=9 d=2 seed=1010714 nsol=512  0.79s  2026-07-22T16:56:13.108
ATTEMPT 22 START n=7 d=3 seed=1010715 neq=7 2026-07-22T16:56:13.134
ATTEMPT 22 DONE  n=7 d=3 seed=1010715 nsol=2187  3.70s  2026-07-22T16:56:16.837
ATTEMPT 23 START n=11 d=2 seed=1010716 neq=11 2026-07-22T16:56:16.856
ATTEMPT 23 DONE  n=11 d=2 seed=1010716 nsol=2048  5.10s  2026-07-22T16:56:21.952
ATTEMPT 24 START n=6 d=3 seed=1010717 neq=6 2026-07-22T16:56:21.959
ATTEMPT 24 DONE  n=6 d=3 seed=1010717 nsol=729  0.77s  2026-07-22T16:56:22.729
ATTEMPT 25 START n=8 d=2 seed=1010718 neq=8 2026-07-22T16:56:22.733
ATTEMPT 25 DONE  n=8 d=2 seed=1010718 nsol=256  0.40s  2026-07-22T16:56:23.135
ATTEMPT 26 START n=10 d=2 seed=1010719 neq=10 2026-07-22T16:56:23.138
ATTEMPT 26 DONE  n=10 d=2 seed=1010719 nsol=1024  5.40s  2026-07-22T16:56:28.542
ATTEMPT 27 START n=9 d=2 seed=1010720 neq=9 2026-07-22T16:56:28.547
ATTEMPT 27 DONE  n=9 d=2 seed=1010720 nsol=512  0.93s  2026-07-22T16:56:29.476
ATTEMPT 28 START n=7 d=3 seed=1010721 neq=7 2026-07-22T16:56:29.486
ATTEMPT 28 DONE  n=7 d=3 seed=1010721 nsol=2187  5.06s  2026-07-22T16:56:34.549
ATTEMPT 29 START n=11 d=2 seed=1010722 neq=11 2026-07-22T16:56:34.560
ATTEMPT 29 DONE  n=11 d=2 seed=1010722 nsol=2048  5.96s  2026-07-22T16:56:40.522
ATTEMPT 30 START n=6 d=3 seed=1010723 neq=6 2026-07-22T16:56:40.530
ATTEMPT 30 DONE  n=6 d=3 seed=1010723 nsol=729  0.81s  2026-07-22T16:56:41.338
ATTEMPT 31 START n=8 d=2 seed=1010724 neq=8 2026-07-22T16:56:41.342
ATTEMPT 31 DONE  n=8 d=2 seed=1010724 nsol=256  0.43s  2026-07-22T16:56:41.771
ATTEMPT 32 START n=10 d=2 seed=1010725 neq=10 2026-07-22T16:56:41.774
ATTEMPT 32 DONE  n=10 d=2 seed=1010725 nsol=1024  2.65s  2026-07-22T16:56:44.424
ATTEMPT 33 START n=9 d=2 seed=1010726 neq=9 2026-07-22T16:56:44.432
ATTEMPT 33 DONE  n=9 d=2 seed=1010726 nsol=512  1.00s  2026-07-22T16:56:45.436
ATTEMPT 34 START n=7 d=3 seed=1010727 neq=7 2026-07-22T16:56:45.443
ATTEMPT 34 DONE  n=7 d=3 seed=1010727 nsol=2187  4.11s  2026-07-22T16:56:49.553
ATTEMPT 35 START n=11 d=2 seed=1010728 neq=11 2026-07-22T16:56:49.566
ATTEMPT 35 DONE  n=11 d=2 seed=1010728 nsol=2048  6.15s  2026-07-22T16:56:55.724
ATTEMPT 36 START n=6 d=3 seed=1010729 neq=6 2026-07-22T16:56:55.732
ATTEMPT 36 DONE  n=6 d=3 seed=1010729 nsol=729  0.99s  2026-07-22T16:56:56.718
ATTEMPT 37 START n=8 d=2 seed=1010730 neq=8 2026-07-22T16:56:56.727
ATTEMPT 37 DONE  n=8 d=2 seed=1010730 nsol=256  0.36s  2026-07-22T16:56:57.092
ATTEMPT 38 START n=10 d=2 seed=1010731 neq=10 2026-07-22T16:56:57.096
ATTEMPT 38 DONE  n=10 d=2 seed=1010731 nsol=1024  1.82s  2026-07-22T16:56:58.921
ATTEMPT 39 START n=9 d=2 seed=1010732 neq=9 2026-07-22T16:56:58.924
ATTEMPT 39 DONE  n=9 d=2 seed=1010732 nsol=512  4.21s  2026-07-22T16:57:03.131
ATTEMPT 40 START n=7 d=3 seed=1010733 neq=7 2026-07-22T16:57:03.141
ATTEMPT 40 DONE  n=7 d=3 seed=1010733 nsol=2187  3.76s  2026-07-22T16:57:06.904
HUNT complete  2026-07-22T16:57:06.911
