HUNT start  nthreads=28  nsolves=40  seed_base=202384  shape=mix  pid=3291465  2026-07-22T19:37:28.292
ATTEMPT 1 START n=8 d=2 seed=202385 neq=8 2026-07-22T19:37:43.568
Computing mixed cells... 2    Time: 0:00:01[K
   mixed_volume: 8[K[A
[K[AComputing mixed cells... 55    Time: 0:00:01[K
   mixed_volume: 256[K
ATTEMPT 1 DONE  n=8 d=2 seed=202385 nsol=256  36.42s  2026-07-22T19:38:20.202
ATTEMPT 2 START n=10 d=2 seed=202386 neq=10 2026-07-22T19:38:20.432
ATTEMPT 2 DONE  n=10 d=2 seed=202386 nsol=1024  16.35s  2026-07-22T19:38:36.784
ATTEMPT 3 START n=9 d=2 seed=202387 neq=9 2026-07-22T19:38:36.786
ATTEMPT 3 DONE  n=9 d=2 seed=202387 nsol=512  29.66s  2026-07-22T19:39:06.450
ATTEMPT 4 START n=7 d=3 seed=202388 neq=7 2026-07-22T19:39:06.455
ATTEMPT 4 DONE  n=7 d=3 seed=202388 nsol=2187  29.87s  2026-07-22T19:39:36.329
ATTEMPT 5 START n=11 d=2 seed=202389 neq=11 2026-07-22T19:39:36.333
ATTEMPT 5 DONE  n=11 d=2 seed=202389 nsol=2048  20.63s  2026-07-22T19:39:56.959
ATTEMPT 6 START n=6 d=3 seed=202390 neq=6 2026-07-22T19:39:56.962
ATTEMPT 6 DONE  n=6 d=3 seed=202390 nsol=729  13.67s  2026-07-22T19:40:10.632
ATTEMPT 7 START n=8 d=2 seed=202391 neq=8 2026-07-22T19:40:10.634
ATTEMPT 7 DONE  n=8 d=2 seed=202391 nsol=256  0.16s  2026-07-22T19:40:10.793
ATTEMPT 8 START n=10 d=2 seed=202392 neq=10 2026-07-22T19:40:10.796
ATTEMPT 8 DONE  n=10 d=2 seed=202392 nsol=1024  1.15s  2026-07-22T19:40:11.949
ATTEMPT 9 START n=9 d=2 seed=202393 neq=9 2026-07-22T19:40:11.952
ATTEMPT 9 DONE  n=9 d=2 seed=202393 nsol=512  0.46s  2026-07-22T19:40:12.410
ATTEMPT 10 START n=7 d=3 seed=202394 neq=7 2026-07-22T19:40:12.415
ATTEMPT 10 DONE  n=7 d=3 seed=202394 nsol=2187  2.09s  2026-07-22T19:40:14.509
ATTEMPT 11 START n=11 d=2 seed=202395 neq=11 2026-07-22T19:40:14.513
ATTEMPT 11 DONE  n=11 d=2 seed=202395 nsol=2048  2.52s  2026-07-22T19:40:17.031
ATTEMPT 12 START n=6 d=3 seed=202396 neq=6 2026-07-22T19:40:17.034
ATTEMPT 12 DONE  n=6 d=3 seed=202396 nsol=729  0.40s  2026-07-22T19:40:17.439
ATTEMPT 13 START n=8 d=2 seed=202397 neq=8 2026-07-22T19:40:17.441
ATTEMPT 13 DONE  n=8 d=2 seed=202397 nsol=256  0.15s  2026-07-22T19:40:17.588
ATTEMPT 14 START n=10 d=2 seed=202398 neq=10 2026-07-22T19:40:17.590
ATTEMPT 14 DONE  n=10 d=2 seed=202398 nsol=1024  1.08s  2026-07-22T19:40:18.673
ATTEMPT 15 START n=9 d=2 seed=202399 neq=9 2026-07-22T19:40:18.676
ATTEMPT 15 DONE  n=9 d=2 seed=202399 nsol=512  0.41s  2026-07-22T19:40:19.085
ATTEMPT 16 START n=7 d=3 seed=202400 neq=7 2026-07-22T19:40:19.090
ATTEMPT 16 DONE  n=7 d=3 seed=202400 nsol=2187  2.13s  2026-07-22T19:40:21.215
ATTEMPT 17 START n=11 d=2 seed=202401 neq=11 2026-07-22T19:40:21.220
ATTEMPT 17 DONE  n=11 d=2 seed=202401 nsol=2048  2.94s  2026-07-22T19:40:24.164
ATTEMPT 18 START n=6 d=3 seed=202402 neq=6 2026-07-22T19:40:24.168
ATTEMPT 18 DONE  n=6 d=3 seed=202402 nsol=729  0.42s  2026-07-22T19:40:24.588
ATTEMPT 19 START n=8 d=2 seed=202403 neq=8 2026-07-22T19:40:24.591
ATTEMPT 19 DONE  n=8 d=2 seed=202403 nsol=256  0.20s  2026-07-22T19:40:24.788
ATTEMPT 20 START n=10 d=2 seed=202404 neq=10 2026-07-22T19:40:24.792
ATTEMPT 20 DONE  n=10 d=2 seed=202404 nsol=1024  1.09s  2026-07-22T19:40:25.880
ATTEMPT 21 START n=9 d=2 seed=202405 neq=9 2026-07-22T19:40:25.883
ATTEMPT 21 DONE  n=9 d=2 seed=202405 nsol=512  0.37s  2026-07-22T19:40:26.253
ATTEMPT 22 START n=7 d=3 seed=202406 neq=7 2026-07-22T19:40:26.258
ATTEMPT 22 DONE  n=7 d=3 seed=202406 nsol=2187  2.09s  2026-07-22T19:40:28.344
ATTEMPT 23 START n=11 d=2 seed=202407 neq=11 2026-07-22T19:40:28.350
ATTEMPT 23 DONE  n=11 d=2 seed=202407 nsol=2048  2.90s  2026-07-22T19:40:31.249
ATTEMPT 24 START n=6 d=3 seed=202408 neq=6 2026-07-22T19:40:31.251
ATTEMPT 24 DONE  n=6 d=3 seed=202408 nsol=729  0.39s  2026-07-22T19:40:31.644
ATTEMPT 25 START n=8 d=2 seed=202409 neq=8 2026-07-22T19:40:31.645
ATTEMPT 25 DONE  n=8 d=2 seed=202409 nsol=256  0.14s  2026-07-22T19:40:31.784
ATTEMPT 26 START n=10 d=2 seed=202410 neq=10 2026-07-22T19:40:31.786
ATTEMPT 26 DONE  n=10 d=2 seed=202410 nsol=1024  1.16s  2026-07-22T19:40:32.946
ATTEMPT 27 START n=9 d=2 seed=202411 neq=9 2026-07-22T19:40:32.948
ATTEMPT 27 DONE  n=9 d=2 seed=202411 nsol=512  0.42s  2026-07-22T19:40:33.367
ATTEMPT 28 START n=7 d=3 seed=202412 neq=7 2026-07-22T19:40:33.373
ATTEMPT 28 DONE  n=7 d=3 seed=202412 nsol=2187  5.84s  2026-07-22T19:40:39.213
ATTEMPT 29 START n=11 d=2 seed=202413 neq=11 2026-07-22T19:40:39.217
ATTEMPT 29 DONE  n=11 d=2 seed=202413 nsol=2048  2.66s  2026-07-22T19:40:41.881
ATTEMPT 30 START n=6 d=3 seed=202414 neq=6 2026-07-22T19:40:41.885
ATTEMPT 30 DONE  n=6 d=3 seed=202414 nsol=729  0.43s  2026-07-22T19:40:42.319
ATTEMPT 31 START n=8 d=2 seed=202415 neq=8 2026-07-22T19:40:42.321
ATTEMPT 31 DONE  n=8 d=2 seed=202415 nsol=256  0.14s  2026-07-22T19:40:42.460
ATTEMPT 32 START n=10 d=2 seed=202416 neq=10 2026-07-22T19:40:42.462
ATTEMPT 32 DONE  n=10 d=2 seed=202416 nsol=1024  1.01s  2026-07-22T19:40:43.473
ATTEMPT 33 START n=9 d=2 seed=202417 neq=9 2026-07-22T19:40:43.476
ATTEMPT 33 DONE  n=9 d=2 seed=202417 nsol=512  0.41s  2026-07-22T19:40:43.884
ATTEMPT 34 START n=7 d=3 seed=202418 neq=7 2026-07-22T19:40:43.890
ATTEMPT 34 DONE  n=7 d=3 seed=202418 nsol=2187  2.28s  2026-07-22T19:40:46.171
ATTEMPT 35 START n=11 d=2 seed=202419 neq=11 2026-07-22T19:40:46.174
ATTEMPT 35 DONE  n=11 d=2 seed=202419 nsol=2048  2.75s  2026-07-22T19:40:48.925
ATTEMPT 36 START n=6 d=3 seed=202420 neq=6 2026-07-22T19:40:48.928
ATTEMPT 36 DONE  n=6 d=3 seed=202420 nsol=729  0.46s  2026-07-22T19:40:49.385
ATTEMPT 37 START n=8 d=2 seed=202421 neq=8 2026-07-22T19:40:49.388
ATTEMPT 37 DONE  n=8 d=2 seed=202421 nsol=256  0.15s  2026-07-22T19:40:49.533
ATTEMPT 38 START n=10 d=2 seed=202422 neq=10 2026-07-22T19:40:49.536
ATTEMPT 38 DONE  n=10 d=2 seed=202422 nsol=1024  1.23s  2026-07-22T19:40:50.765
ATTEMPT 39 START n=9 d=2 seed=202423 neq=9 2026-07-22T19:40:50.767
ATTEMPT 39 DONE  n=9 d=2 seed=202423 nsol=512  0.35s  2026-07-22T19:40:51.114
ATTEMPT 40 START n=7 d=3 seed=202424 neq=7 2026-07-22T19:40:51.117
ATTEMPT 40 DONE  n=7 d=3 seed=202424 nsol=2187  2.05s  2026-07-22T19:40:53.165
HUNT complete  2026-07-22T19:40:53.171
