HUNT start  nthreads=28  nsolves=40  seed_base=1620  shape=mix  pid=3232553  2026-07-22T19:31:11.602
ATTEMPT 1 START n=8 d=2 seed=1621 neq=8 2026-07-22T19:31:21.705
Computing mixed cells... 2    Time: 0:00:00[K
   mixed_volume: 16[K[A
[K[AComputing mixed cells... 20    Time: 0:00:00[K
   mixed_volume: 256[K
ATTEMPT 1 DONE  n=8 d=2 seed=1621 nsol=256  34.32s  2026-07-22T19:31:56.195
ATTEMPT 2 START n=10 d=2 seed=1622 neq=10 2026-07-22T19:31:56.377
ATTEMPT 2 DONE  n=10 d=2 seed=1622 nsol=1024  24.00s  2026-07-22T19:32:20.373
ATTEMPT 3 START n=9 d=2 seed=1623 neq=9 2026-07-22T19:32:20.376
ATTEMPT 3 DONE  n=9 d=2 seed=1623 nsol=512  9.46s  2026-07-22T19:32:29.839
ATTEMPT 4 START n=7 d=3 seed=1624 neq=7 2026-07-22T19:32:29.842
ATTEMPT 4 DONE  n=7 d=3 seed=1624 nsol=2187  39.92s  2026-07-22T19:33:09.759
ATTEMPT 5 START n=11 d=2 seed=1625 neq=11 2026-07-22T19:33:09.762
ATTEMPT 5 DONE  n=11 d=2 seed=1625 nsol=2048  23.17s  2026-07-22T19:33:32.928
ATTEMPT 6 START n=6 d=3 seed=1626 neq=6 2026-07-22T19:33:32.930
ATTEMPT 6 DONE  n=6 d=3 seed=1626 nsol=729  9.41s  2026-07-22T19:33:42.343
ATTEMPT 7 START n=8 d=2 seed=1627 neq=8 2026-07-22T19:33:42.345
ATTEMPT 7 DONE  n=8 d=2 seed=1627 nsol=256  0.18s  2026-07-22T19:33:42.526
ATTEMPT 8 START n=10 d=2 seed=1628 neq=10 2026-07-22T19:33:42.528
ATTEMPT 8 DONE  n=10 d=2 seed=1628 nsol=1024  1.04s  2026-07-22T19:33:43.568
ATTEMPT 9 START n=9 d=2 seed=1629 neq=9 2026-07-22T19:33:43.570
ATTEMPT 9 DONE  n=9 d=2 seed=1629 nsol=512  0.36s  2026-07-22T19:33:43.930
ATTEMPT 10 START n=7 d=3 seed=1630 neq=7 2026-07-22T19:33:43.934
ATTEMPT 10 DONE  n=7 d=3 seed=1630 nsol=2187  1.86s  2026-07-22T19:33:45.796
ATTEMPT 11 START n=11 d=2 seed=1631 neq=11 2026-07-22T19:33:45.801
ATTEMPT 11 DONE  n=11 d=2 seed=1631 nsol=2048  2.71s  2026-07-22T19:33:48.510
ATTEMPT 12 START n=6 d=3 seed=1632 neq=6 2026-07-22T19:33:48.513
ATTEMPT 12 DONE  n=6 d=3 seed=1632 nsol=729  0.41s  2026-07-22T19:33:48.922
ATTEMPT 13 START n=8 d=2 seed=1633 neq=8 2026-07-22T19:33:48.924
ATTEMPT 13 DONE  n=8 d=2 seed=1633 nsol=256  0.15s  2026-07-22T19:33:49.073
ATTEMPT 14 START n=10 d=2 seed=1634 neq=10 2026-07-22T19:33:49.075
ATTEMPT 14 DONE  n=10 d=2 seed=1634 nsol=1024  0.94s  2026-07-22T19:33:50.014
ATTEMPT 15 START n=9 d=2 seed=1635 neq=9 2026-07-22T19:33:50.017
ATTEMPT 15 DONE  n=9 d=2 seed=1635 nsol=512  0.38s  2026-07-22T19:33:50.399
ATTEMPT 16 START n=7 d=3 seed=1636 neq=7 2026-07-22T19:33:50.404
ATTEMPT 16 DONE  n=7 d=3 seed=1636 nsol=2187  2.03s  2026-07-22T19:33:52.432
ATTEMPT 17 START n=11 d=2 seed=1637 neq=11 2026-07-22T19:33:52.436
ATTEMPT 17 DONE  n=11 d=2 seed=1637 nsol=2048  2.55s  2026-07-22T19:33:54.985
ATTEMPT 18 START n=6 d=3 seed=1638 neq=6 2026-07-22T19:33:54.988
ATTEMPT 18 DONE  n=6 d=3 seed=1638 nsol=729  0.41s  2026-07-22T19:33:55.400
ATTEMPT 19 START n=8 d=2 seed=1639 neq=8 2026-07-22T19:33:55.403
ATTEMPT 19 DONE  n=8 d=2 seed=1639 nsol=256  0.15s  2026-07-22T19:33:55.557
ATTEMPT 20 START n=10 d=2 seed=1640 neq=10 2026-07-22T19:33:55.560
ATTEMPT 20 DONE  n=10 d=2 seed=1640 nsol=1024  1.02s  2026-07-22T19:33:56.576
ATTEMPT 21 START n=9 d=2 seed=1641 neq=9 2026-07-22T19:33:56.579
ATTEMPT 21 DONE  n=9 d=2 seed=1641 nsol=512  0.39s  2026-07-22T19:33:56.964
ATTEMPT 22 START n=7 d=3 seed=1642 neq=7 2026-07-22T19:33:56.969
ATTEMPT 22 DONE  n=7 d=3 seed=1642 nsol=2187  2.04s  2026-07-22T19:33:59.008
ATTEMPT 23 START n=11 d=2 seed=1643 neq=11 2026-07-22T19:33:59.012
ATTEMPT 23 DONE  n=11 d=2 seed=1643 nsol=2048  6.06s  2026-07-22T19:34:05.069
ATTEMPT 24 START n=6 d=3 seed=1644 neq=6 2026-07-22T19:34:05.072
ATTEMPT 24 DONE  n=6 d=3 seed=1644 nsol=729  0.39s  2026-07-22T19:34:05.464
ATTEMPT 25 START n=8 d=2 seed=1645 neq=8 2026-07-22T19:34:05.467
ATTEMPT 25 DONE  n=8 d=2 seed=1645 nsol=256  0.14s  2026-07-22T19:34:05.611
ATTEMPT 26 START n=10 d=2 seed=1646 neq=10 2026-07-22T19:34:05.615
ATTEMPT 26 DONE  n=10 d=2 seed=1646 nsol=1024  1.08s  2026-07-22T19:34:06.694
ATTEMPT 27 START n=9 d=2 seed=1647 neq=9 2026-07-22T19:34:06.696
ATTEMPT 27 DONE  n=9 d=2 seed=1647 nsol=512  0.36s  2026-07-22T19:34:07.052
ATTEMPT 28 START n=7 d=3 seed=1648 neq=7 2026-07-22T19:34:07.055
ATTEMPT 28 DONE  n=7 d=3 seed=1648 nsol=2187  1.94s  2026-07-22T19:34:08.993
ATTEMPT 29 START n=11 d=2 seed=1649 neq=11 2026-07-22T19:34:08.996
ATTEMPT 29 DONE  n=11 d=2 seed=1649 nsol=2048  2.63s  2026-07-22T19:34:11.628
ATTEMPT 30 START n=6 d=3 seed=1650 neq=6 2026-07-22T19:34:11.632
ATTEMPT 30 DONE  n=6 d=3 seed=1650 nsol=729  0.39s  2026-07-22T19:34:12.018
ATTEMPT 31 START n=8 d=2 seed=1651 neq=8 2026-07-22T19:34:12.020
ATTEMPT 31 DONE  n=8 d=2 seed=1651 nsol=256  0.16s  2026-07-22T19:34:12.177
ATTEMPT 32 START n=10 d=2 seed=1652 neq=10 2026-07-22T19:34:12.180
ATTEMPT 32 DONE  n=10 d=2 seed=1652 nsol=1024  1.01s  2026-07-22T19:34:13.187
ATTEMPT 33 START n=9 d=2 seed=1653 neq=9 2026-07-22T19:34:13.189
ATTEMPT 33 DONE  n=9 d=2 seed=1653 nsol=512  0.37s  2026-07-22T19:34:13.556
ATTEMPT 34 START n=7 d=3 seed=1654 neq=7 2026-07-22T19:34:13.560
ATTEMPT 34 DONE  n=7 d=3 seed=1654 nsol=2187  1.99s  2026-07-22T19:34:15.551
ATTEMPT 35 START n=11 d=2 seed=1655 neq=11 2026-07-22T19:34:15.556
ATTEMPT 35 DONE  n=11 d=2 seed=1655 nsol=2048  2.65s  2026-07-22T19:34:18.202
ATTEMPT 36 START n=6 d=3 seed=1656 neq=6 2026-07-22T19:34:18.205
ATTEMPT 36 DONE  n=6 d=3 seed=1656 nsol=729  0.40s  2026-07-22T19:34:18.602
ATTEMPT 37 START n=8 d=2 seed=1657 neq=8 2026-07-22T19:34:18.604
ATTEMPT 37 DONE  n=8 d=2 seed=1657 nsol=256  0.15s  2026-07-22T19:34:18.750
ATTEMPT 38 START n=10 d=2 seed=1658 neq=10 2026-07-22T19:34:18.752
ATTEMPT 38 DONE  n=10 d=2 seed=1658 nsol=1024  0.98s  2026-07-22T19:34:19.728
ATTEMPT 39 START n=9 d=2 seed=1659 neq=9 2026-07-22T19:34:19.731
ATTEMPT 39 DONE  n=9 d=2 seed=1659 nsol=512  0.37s  2026-07-22T19:34:20.098
ATTEMPT 40 START n=7 d=3 seed=1660 neq=7 2026-07-22T19:34:20.103
ATTEMPT 40 DONE  n=7 d=3 seed=1660 nsol=2187  1.88s  2026-07-22T19:34:21.985
HUNT complete  2026-07-22T19:34:21.990
