HUNT start  nthreads=28  nsolves=40  seed_base=1613512  shape=mix  pid=3720721  2026-07-22T20:21:59.811
ATTEMPT 1 START n=8 d=2 seed=1613513 neq=8 2026-07-22T20:22:10.956
Computing mixed cells... 2    Time: 0:00:00[K
   mixed_volume: 32[K[A
[K[AComputing mixed cells... 33    Time: 0:00:01[K
   mixed_volume: 256[K
ATTEMPT 1 DONE  n=8 d=2 seed=1613513 nsol=256  37.60s  2026-07-22T20:22:48.733
ATTEMPT 2 START n=10 d=2 seed=1613514 neq=10 2026-07-22T20:22:48.922
ATTEMPT 2 DONE  n=10 d=2 seed=1613514 nsol=1024  19.43s  2026-07-22T20:23:08.356
ATTEMPT 3 START n=9 d=2 seed=1613515 neq=9 2026-07-22T20:23:08.359
ATTEMPT 3 DONE  n=9 d=2 seed=1613515 nsol=512  11.49s  2026-07-22T20:23:19.851
ATTEMPT 4 START n=7 d=3 seed=1613516 neq=7 2026-07-22T20:23:19.855
ATTEMPT 4 DONE  n=7 d=3 seed=1613516 nsol=2187  25.84s  2026-07-22T20:23:45.699
ATTEMPT 5 START n=11 d=2 seed=1613517 neq=11 2026-07-22T20:23:45.703
ATTEMPT 5 DONE  n=11 d=2 seed=1613517 nsol=2048  20.00s  2026-07-22T20:24:05.699
ATTEMPT 6 START n=6 d=3 seed=1613518 neq=6 2026-07-22T20:24:05.701
ATTEMPT 6 DONE  n=6 d=3 seed=1613518 nsol=729  13.14s  2026-07-22T20:24:18.844
ATTEMPT 7 START n=8 d=2 seed=1613519 neq=8 2026-07-22T20:24:18.846
ATTEMPT 7 DONE  n=8 d=2 seed=1613519 nsol=256  0.22s  2026-07-22T20:24:19.064
ATTEMPT 8 START n=10 d=2 seed=1613520 neq=10 2026-07-22T20:24:19.068
ATTEMPT 8 DONE  n=10 d=2 seed=1613520 nsol=1024  1.06s  2026-07-22T20:24:20.125
ATTEMPT 9 START n=9 d=2 seed=1613521 neq=9 2026-07-22T20:24:20.127
ATTEMPT 9 DONE  n=9 d=2 seed=1613521 nsol=512  0.40s  2026-07-22T20:24:20.531
ATTEMPT 10 START n=7 d=3 seed=1613522 neq=7 2026-07-22T20:24:20.535
ATTEMPT 10 DONE  n=7 d=3 seed=1613522 nsol=2187  2.41s  2026-07-22T20:24:22.947
ATTEMPT 11 START n=11 d=2 seed=1613523 neq=11 2026-07-22T20:24:22.952
ATTEMPT 11 DONE  n=11 d=2 seed=1613523 nsol=2048  3.06s  2026-07-22T20:24:26.017
ATTEMPT 12 START n=6 d=3 seed=1613524 neq=6 2026-07-22T20:24:26.019
ATTEMPT 12 DONE  n=6 d=3 seed=1613524 nsol=729  0.45s  2026-07-22T20:24:26.468
ATTEMPT 13 START n=8 d=2 seed=1613525 neq=8 2026-07-22T20:24:26.470
ATTEMPT 13 DONE  n=8 d=2 seed=1613525 nsol=256  0.15s  2026-07-22T20:24:26.625
ATTEMPT 14 START n=10 d=2 seed=1613526 neq=10 2026-07-22T20:24:26.627
ATTEMPT 14 DONE  n=10 d=2 seed=1613526 nsol=1024  1.15s  2026-07-22T20:24:27.774
ATTEMPT 15 START n=9 d=2 seed=1613527 neq=9 2026-07-22T20:24:27.777
ATTEMPT 15 DONE  n=9 d=2 seed=1613527 nsol=512  0.42s  2026-07-22T20:24:28.197
ATTEMPT 16 START n=7 d=3 seed=1613528 neq=7 2026-07-22T20:24:28.203
ATTEMPT 16 DONE  n=7 d=3 seed=1613528 nsol=2187  2.27s  2026-07-22T20:24:30.469
ATTEMPT 17 START n=11 d=2 seed=1613529 neq=11 2026-07-22T20:24:30.473
ATTEMPT 17 DONE  n=11 d=2 seed=1613529 nsol=2048  2.89s  2026-07-22T20:24:33.358
ATTEMPT 18 START n=6 d=3 seed=1613530 neq=6 2026-07-22T20:24:33.362
ATTEMPT 18 DONE  n=6 d=3 seed=1613530 nsol=729  0.42s  2026-07-22T20:24:33.786
ATTEMPT 19 START n=8 d=2 seed=1613531 neq=8 2026-07-22T20:24:33.788
ATTEMPT 19 DONE  n=8 d=2 seed=1613531 nsol=256  0.16s  2026-07-22T20:24:33.945
ATTEMPT 20 START n=10 d=2 seed=1613532 neq=10 2026-07-22T20:24:33.949
ATTEMPT 20 DONE  n=10 d=2 seed=1613532 nsol=1024  1.10s  2026-07-22T20:24:35.054
ATTEMPT 21 START n=9 d=2 seed=1613533 neq=9 2026-07-22T20:24:35.057
ATTEMPT 21 DONE  n=9 d=2 seed=1613533 nsol=512  0.42s  2026-07-22T20:24:35.473
ATTEMPT 22 START n=7 d=3 seed=1613534 neq=7 2026-07-22T20:24:35.478
ATTEMPT 22 DONE  n=7 d=3 seed=1613534 nsol=2187  2.35s  2026-07-22T20:24:37.830
ATTEMPT 23 START n=11 d=2 seed=1613535 neq=11 2026-07-22T20:24:37.834
ATTEMPT 23 DONE  n=11 d=2 seed=1613535 nsol=2048  3.21s  2026-07-22T20:24:41.044
ATTEMPT 24 START n=6 d=3 seed=1613536 neq=6 2026-07-22T20:24:41.047
ATTEMPT 24 DONE  n=6 d=3 seed=1613536 nsol=729  0.44s  2026-07-22T20:24:41.490
ATTEMPT 25 START n=8 d=2 seed=1613537 neq=8 2026-07-22T20:24:41.492
ATTEMPT 25 DONE  n=8 d=2 seed=1613537 nsol=256  0.17s  2026-07-22T20:24:41.663
ATTEMPT 26 START n=10 d=2 seed=1613538 neq=10 2026-07-22T20:24:41.667
ATTEMPT 26 DONE  n=10 d=2 seed=1613538 nsol=1024  1.12s  2026-07-22T20:24:42.782
ATTEMPT 27 START n=9 d=2 seed=1613539 neq=9 2026-07-22T20:24:42.786
ATTEMPT 27 DONE  n=9 d=2 seed=1613539 nsol=512  0.43s  2026-07-22T20:24:43.215
ATTEMPT 28 START n=7 d=3 seed=1613540 neq=7 2026-07-22T20:24:43.221
ATTEMPT 28 DONE  n=7 d=3 seed=1613540 nsol=2187  2.25s  2026-07-22T20:24:45.470
ATTEMPT 29 START n=11 d=2 seed=1613541 neq=11 2026-07-22T20:24:45.474
ATTEMPT 29 DONE  n=11 d=2 seed=1613541 nsol=2048  6.38s  2026-07-22T20:24:51.853
ATTEMPT 30 START n=6 d=3 seed=1613542 neq=6 2026-07-22T20:24:51.856
ATTEMPT 30 DONE  n=6 d=3 seed=1613542 nsol=729  0.47s  2026-07-22T20:24:52.325
ATTEMPT 31 START n=8 d=2 seed=1613543 neq=8 2026-07-22T20:24:52.328
ATTEMPT 31 DONE  n=8 d=2 seed=1613543 nsol=256  0.18s  2026-07-22T20:24:52.508
ATTEMPT 32 START n=10 d=2 seed=1613544 neq=10 2026-07-22T20:24:52.512
ATTEMPT 32 DONE  n=10 d=2 seed=1613544 nsol=1024  1.12s  2026-07-22T20:24:53.631
ATTEMPT 33 START n=9 d=2 seed=1613545 neq=9 2026-07-22T20:24:53.633
ATTEMPT 33 DONE  n=9 d=2 seed=1613545 nsol=512  0.43s  2026-07-22T20:24:54.060
ATTEMPT 34 START n=7 d=3 seed=1613546 neq=7 2026-07-22T20:24:54.066
ATTEMPT 34 DONE  n=7 d=3 seed=1613546 nsol=2187  2.05s  2026-07-22T20:24:56.115
ATTEMPT 35 START n=11 d=2 seed=1613547 neq=11 2026-07-22T20:24:56.121
ATTEMPT 35 DONE  n=11 d=2 seed=1613547 nsol=2048  2.75s  2026-07-22T20:24:58.868
ATTEMPT 36 START n=6 d=3 seed=1613548 neq=6 2026-07-22T20:24:58.872
ATTEMPT 36 DONE  n=6 d=3 seed=1613548 nsol=729  0.48s  2026-07-22T20:24:59.350
ATTEMPT 37 START n=8 d=2 seed=1613549 neq=8 2026-07-22T20:24:59.353
ATTEMPT 37 DONE  n=8 d=2 seed=1613549 nsol=256  0.16s  2026-07-22T20:24:59.518
ATTEMPT 38 START n=10 d=2 seed=1613550 neq=10 2026-07-22T20:24:59.522
ATTEMPT 38 DONE  n=10 d=2 seed=1613550 nsol=1024  1.18s  2026-07-22T20:25:00.699
ATTEMPT 39 START n=9 d=2 seed=1613551 neq=9 2026-07-22T20:25:00.702
ATTEMPT 39 DONE  n=9 d=2 seed=1613551 nsol=512  0.39s  2026-07-22T20:25:01.093
ATTEMPT 40 START n=7 d=3 seed=1613552 neq=7 2026-07-22T20:25:01.096
ATTEMPT 40 DONE  n=7 d=3 seed=1613552 nsol=2187  2.13s  2026-07-22T20:25:03.222
HUNT complete  2026-07-22T20:25:03.227
