HUNT start  nthreads=28  nsolves=40  seed_base=430362  shape=mix  pid=1769396  2026-07-22T16:18:33.161
ATTEMPT 1 START n=8 d=2 seed=430363 neq=8 2026-07-22T16:18:45.787
Computing mixed cells... 2    Time: 0:00:01[K
   mixed_volume: 2[K[A
[K[AComputing mixed cells... 100    Time: 0:00:01[K
   mixed_volume: 256[K
ATTEMPT 1 DONE  n=8 d=2 seed=430363 nsol=256  60.24s  2026-07-22T16:19:46.278
ATTEMPT 2 START n=10 d=2 seed=430364 neq=10 2026-07-22T16:19:46.557
ATTEMPT 2 DONE  n=10 d=2 seed=430364 nsol=1024  20.09s  2026-07-22T16:20:06.651
ATTEMPT 3 START n=9 d=2 seed=430365 neq=9 2026-07-22T16:20:06.655
ATTEMPT 3 DONE  n=9 d=2 seed=430365 nsol=512  18.18s  2026-07-22T16:20:24.838
ATTEMPT 4 START n=7 d=3 seed=430366 neq=7 2026-07-22T16:20:24.843
ATTEMPT 4 DONE  n=7 d=3 seed=430366 nsol=2187  33.54s  2026-07-22T16:20:58.379
ATTEMPT 5 START n=11 d=2 seed=430367 neq=11 2026-07-22T16:20:58.384
ATTEMPT 5 DONE  n=11 d=2 seed=430367 nsol=2048  50.08s  2026-07-22T16:21:48.460
ATTEMPT 6 START n=6 d=3 seed=430368 neq=6 2026-07-22T16:21:48.462
ATTEMPT 6 DONE  n=6 d=3 seed=430368 nsol=729  13.96s  2026-07-22T16:22:02.424
ATTEMPT 7 START n=8 d=2 seed=430369 neq=8 2026-07-22T16:22:02.425
ATTEMPT 7 DONE  n=8 d=2 seed=430369 nsol=256  0.19s  2026-07-22T16:22:02.618
ATTEMPT 8 START n=10 d=2 seed=430370 neq=10 2026-07-22T16:22:02.622
ATTEMPT 8 DONE  n=10 d=2 seed=430370 nsol=1024  1.05s  2026-07-22T16:22:03.676
ATTEMPT 9 START n=9 d=2 seed=430371 neq=9 2026-07-22T16:22:03.680
ATTEMPT 9 DONE  n=9 d=2 seed=430371 nsol=512  0.38s  2026-07-22T16:22:04.058
ATTEMPT 10 START n=7 d=3 seed=430372 neq=7 2026-07-22T16:22:04.064
ATTEMPT 10 DONE  n=7 d=3 seed=430372 nsol=2187  2.33s  2026-07-22T16:22:06.391
ATTEMPT 11 START n=11 d=2 seed=430373 neq=11 2026-07-22T16:22:06.394
ATTEMPT 11 DONE  n=11 d=2 seed=430373 nsol=2048  3.06s  2026-07-22T16:22:09.457
ATTEMPT 12 START n=6 d=3 seed=430374 neq=6 2026-07-22T16:22:09.461
ATTEMPT 12 DONE  n=6 d=3 seed=430374 nsol=729  0.45s  2026-07-22T16:22:09.909
ATTEMPT 13 START n=8 d=2 seed=430375 neq=8 2026-07-22T16:22:09.912
ATTEMPT 13 DONE  n=8 d=2 seed=430375 nsol=256  0.18s  2026-07-22T16:22:10.087
ATTEMPT 14 START n=10 d=2 seed=430376 neq=10 2026-07-22T16:22:10.092
ATTEMPT 14 DONE  n=10 d=2 seed=430376 nsol=1024  1.10s  2026-07-22T16:22:11.193
ATTEMPT 15 START n=9 d=2 seed=430377 neq=9 2026-07-22T16:22:11.196
ATTEMPT 15 DONE  n=9 d=2 seed=430377 nsol=512  0.40s  2026-07-22T16:22:11.599
ATTEMPT 16 START n=7 d=3 seed=430378 neq=7 2026-07-22T16:22:11.603
ATTEMPT 16 DONE  n=7 d=3 seed=430378 nsol=2187  2.20s  2026-07-22T16:22:13.799
ATTEMPT 17 START n=11 d=2 seed=430379 neq=11 2026-07-22T16:22:13.803
ATTEMPT 17 DONE  n=11 d=2 seed=430379 nsol=2048  2.97s  2026-07-22T16:22:16.777
ATTEMPT 18 START n=6 d=3 seed=430380 neq=6 2026-07-22T16:22:16.781
ATTEMPT 18 DONE  n=6 d=3 seed=430380 nsol=729  0.44s  2026-07-22T16:22:17.222
ATTEMPT 19 START n=8 d=2 seed=430381 neq=8 2026-07-22T16:22:17.226
ATTEMPT 19 DONE  n=8 d=2 seed=430381 nsol=256  0.16s  2026-07-22T16:22:17.390
ATTEMPT 20 START n=10 d=2 seed=430382 neq=10 2026-07-22T16:22:17.395
ATTEMPT 20 DONE  n=10 d=2 seed=430382 nsol=1024  1.07s  2026-07-22T16:22:18.467
ATTEMPT 21 START n=9 d=2 seed=430383 neq=9 2026-07-22T16:22:18.471
ATTEMPT 21 DONE  n=9 d=2 seed=430383 nsol=512  0.41s  2026-07-22T16:22:18.876
ATTEMPT 22 START n=7 d=3 seed=430384 neq=7 2026-07-22T16:22:18.881
ATTEMPT 22 DONE  n=7 d=3 seed=430384 nsol=2187  2.29s  2026-07-22T16:22:21.168
ATTEMPT 23 START n=11 d=2 seed=430385 neq=11 2026-07-22T16:22:21.175
ATTEMPT 23 DONE  n=11 d=2 seed=430385 nsol=2048  2.78s  2026-07-22T16:22:23.960
ATTEMPT 24 START n=6 d=3 seed=430386 neq=6 2026-07-22T16:22:23.963
ATTEMPT 24 DONE  n=6 d=3 seed=430386 nsol=729  0.43s  2026-07-22T16:22:24.395
ATTEMPT 25 START n=8 d=2 seed=430387 neq=8 2026-07-22T16:22:24.398
ATTEMPT 25 DONE  n=8 d=2 seed=430387 nsol=256  0.16s  2026-07-22T16:22:24.556
ATTEMPT 26 START n=10 d=2 seed=430388 neq=10 2026-07-22T16:22:24.560
ATTEMPT 26 DONE  n=10 d=2 seed=430388 nsol=1024  1.14s  2026-07-22T16:22:25.700
ATTEMPT 27 START n=9 d=2 seed=430389 neq=9 2026-07-22T16:22:25.703
ATTEMPT 27 DONE  n=9 d=2 seed=430389 nsol=512  0.41s  2026-07-22T16:22:26.116
ATTEMPT 28 START n=7 d=3 seed=430390 neq=7 2026-07-22T16:22:26.122
ATTEMPT 28 DONE  n=7 d=3 seed=430390 nsol=2187  2.34s  2026-07-22T16:22:28.464
ATTEMPT 29 START n=11 d=2 seed=430391 neq=11 2026-07-22T16:22:28.468
ATTEMPT 29 DONE  n=11 d=2 seed=430391 nsol=2048  2.81s  2026-07-22T16:22:31.275
ATTEMPT 30 START n=6 d=3 seed=430392 neq=6 2026-07-22T16:22:31.280
ATTEMPT 30 DONE  n=6 d=3 seed=430392 nsol=729  3.92s  2026-07-22T16:22:35.196
ATTEMPT 31 START n=8 d=2 seed=430393 neq=8 2026-07-22T16:22:35.199
ATTEMPT 31 DONE  n=8 d=2 seed=430393 nsol=256  0.19s  2026-07-22T16:22:35.388
ATTEMPT 32 START n=10 d=2 seed=430394 neq=10 2026-07-22T16:22:35.392
ATTEMPT 32 DONE  n=10 d=2 seed=430394 nsol=1024  1.13s  2026-07-22T16:22:36.518
ATTEMPT 33 START n=9 d=2 seed=430395 neq=9 2026-07-22T16:22:36.523
ATTEMPT 33 DONE  n=9 d=2 seed=430395 nsol=512  0.40s  2026-07-22T16:22:36.920
ATTEMPT 34 START n=7 d=3 seed=430396 neq=7 2026-07-22T16:22:36.923
ATTEMPT 34 DONE  n=7 d=3 seed=430396 nsol=2187  2.23s  2026-07-22T16:22:39.153
ATTEMPT 35 START n=11 d=2 seed=430397 neq=11 2026-07-22T16:22:39.159
ATTEMPT 35 DONE  n=11 d=2 seed=430397 nsol=2048  4.14s  2026-07-22T16:22:43.304
ATTEMPT 36 START n=6 d=3 seed=430398 neq=6 2026-07-22T16:22:43.316
ATTEMPT 36 DONE  n=6 d=3 seed=430398 nsol=729  0.66s  2026-07-22T16:22:43.978
ATTEMPT 37 START n=8 d=2 seed=430399 neq=8 2026-07-22T16:22:43.993
ATTEMPT 37 DONE  n=8 d=2 seed=430399 nsol=256  0.37s  2026-07-22T16:22:44.364
ATTEMPT 38 START n=10 d=2 seed=430400 neq=10 2026-07-22T16:22:44.368
ATTEMPT 38 DONE  n=10 d=2 seed=430400 nsol=1024  1.52s  2026-07-22T16:22:45.890
ATTEMPT 39 START n=9 d=2 seed=430401 neq=9 2026-07-22T16:22:45.897
ATTEMPT 39 DONE  n=9 d=2 seed=430401 nsol=512  0.67s  2026-07-22T16:22:46.567
ATTEMPT 40 START n=7 d=3 seed=430402 neq=7 2026-07-22T16:22:46.577
ATTEMPT 40 DONE  n=7 d=3 seed=430402 nsol=2187  3.62s  2026-07-22T16:22:50.201
HUNT complete  2026-07-22T16:22:50.213
