HUNT start  nthreads=28  nsolves=40  seed_base=715788  shape=mix  pid=2849934  2026-07-22T18:51:29.213
ATTEMPT 1 START n=8 d=2 seed=715789 neq=8 2026-07-22T18:51:43.079
Computing mixed cells... 2    Time: 0:00:00[K
   mixed_volume: 10[K[A
[K[AComputing mixed cells... 49    Time: 0:00:01[K
   mixed_volume: 256[K
ATTEMPT 1 DONE  n=8 d=2 seed=715789 nsol=256  37.61s  2026-07-22T18:52:20.866
ATTEMPT 2 START n=10 d=2 seed=715790 neq=10 2026-07-22T18:52:21.056
ATTEMPT 2 DONE  n=10 d=2 seed=715790 nsol=1024  13.75s  2026-07-22T18:52:34.809
ATTEMPT 3 START n=9 d=2 seed=715791 neq=9 2026-07-22T18:52:34.810
ATTEMPT 3 DONE  n=9 d=2 seed=715791 nsol=512  10.43s  2026-07-22T18:52:45.240
ATTEMPT 4 START n=7 d=3 seed=715792 neq=7 2026-07-22T18:52:45.243
ATTEMPT 4 DONE  n=7 d=3 seed=715792 nsol=2187  21.69s  2026-07-22T18:53:06.930
ATTEMPT 5 START n=11 d=2 seed=715793 neq=11 2026-07-22T18:53:06.934
ATTEMPT 5 DONE  n=11 d=2 seed=715793 nsol=2048  16.87s  2026-07-22T18:53:23.802
ATTEMPT 6 START n=6 d=3 seed=715794 neq=6 2026-07-22T18:53:23.804
ATTEMPT 6 DONE  n=6 d=3 seed=715794 nsol=729  14.24s  2026-07-22T18:53:38.048
ATTEMPT 7 START n=8 d=2 seed=715795 neq=8 2026-07-22T18:53:38.050
ATTEMPT 7 DONE  n=8 d=2 seed=715795 nsol=256  0.16s  2026-07-22T18:53:38.210
ATTEMPT 8 START n=10 d=2 seed=715796 neq=10 2026-07-22T18:53:38.213
ATTEMPT 8 DONE  n=10 d=2 seed=715796 nsol=1024  0.95s  2026-07-22T18:53:39.160
ATTEMPT 9 START n=9 d=2 seed=715797 neq=9 2026-07-22T18:53:39.162
ATTEMPT 9 DONE  n=9 d=2 seed=715797 nsol=512  0.35s  2026-07-22T18:53:39.512
ATTEMPT 10 START n=7 d=3 seed=715798 neq=7 2026-07-22T18:53:39.517
ATTEMPT 10 DONE  n=7 d=3 seed=715798 nsol=2185  2.12s  2026-07-22T18:53:41.641
ATTEMPT 11 START n=11 d=2 seed=715799 neq=11 2026-07-22T18:53:41.645
ATTEMPT 11 DONE  n=11 d=2 seed=715799 nsol=2048  2.50s  2026-07-22T18:53:44.149
ATTEMPT 12 START n=6 d=3 seed=715800 neq=6 2026-07-22T18:53:44.152
ATTEMPT 12 DONE  n=6 d=3 seed=715800 nsol=729  0.42s  2026-07-22T18:53:44.568
ATTEMPT 13 START n=8 d=2 seed=715801 neq=8 2026-07-22T18:53:44.570
ATTEMPT 13 DONE  n=8 d=2 seed=715801 nsol=256  0.15s  2026-07-22T18:53:44.723
ATTEMPT 14 START n=10 d=2 seed=715802 neq=10 2026-07-22T18:53:44.727
ATTEMPT 14 DONE  n=10 d=2 seed=715802 nsol=1024  0.98s  2026-07-22T18:53:45.712
ATTEMPT 15 START n=9 d=2 seed=715803 neq=9 2026-07-22T18:53:45.715
ATTEMPT 15 DONE  n=9 d=2 seed=715803 nsol=512  0.35s  2026-07-22T18:53:46.061
ATTEMPT 16 START n=7 d=3 seed=715804 neq=7 2026-07-22T18:53:46.066
ATTEMPT 16 DONE  n=7 d=3 seed=715804 nsol=2187  2.06s  2026-07-22T18:53:48.122
ATTEMPT 17 START n=11 d=2 seed=715805 neq=11 2026-07-22T18:53:48.125
ATTEMPT 17 DONE  n=11 d=2 seed=715805 nsol=2048  2.66s  2026-07-22T18:53:50.786
ATTEMPT 18 START n=6 d=3 seed=715806 neq=6 2026-07-22T18:53:50.790
ATTEMPT 18 DONE  n=6 d=3 seed=715806 nsol=729  0.41s  2026-07-22T18:53:51.203
ATTEMPT 19 START n=8 d=2 seed=715807 neq=8 2026-07-22T18:53:51.206
ATTEMPT 19 DONE  n=8 d=2 seed=715807 nsol=256  0.16s  2026-07-22T18:53:51.361
ATTEMPT 20 START n=10 d=2 seed=715808 neq=10 2026-07-22T18:53:51.365
ATTEMPT 20 DONE  n=10 d=2 seed=715808 nsol=1024  1.06s  2026-07-22T18:53:52.422
ATTEMPT 21 START n=9 d=2 seed=715809 neq=9 2026-07-22T18:53:52.425
ATTEMPT 21 DONE  n=9 d=2 seed=715809 nsol=512  0.40s  2026-07-22T18:53:52.821
ATTEMPT 22 START n=7 d=3 seed=715810 neq=7 2026-07-22T18:53:52.825
ATTEMPT 22 DONE  n=7 d=3 seed=715810 nsol=2187  1.95s  2026-07-22T18:53:54.775
ATTEMPT 23 START n=11 d=2 seed=715811 neq=11 2026-07-22T18:53:54.780
ATTEMPT 23 DONE  n=11 d=2 seed=715811 nsol=2048  2.62s  2026-07-22T18:53:57.401
ATTEMPT 24 START n=6 d=3 seed=715812 neq=6 2026-07-22T18:53:57.404
ATTEMPT 24 DONE  n=6 d=3 seed=715812 nsol=729  0.39s  2026-07-22T18:53:57.799
ATTEMPT 25 START n=8 d=2 seed=715813 neq=8 2026-07-22T18:53:57.801
ATTEMPT 25 DONE  n=8 d=2 seed=715813 nsol=256  0.19s  2026-07-22T18:53:57.988
ATTEMPT 26 START n=10 d=2 seed=715814 neq=10 2026-07-22T18:53:57.992
ATTEMPT 26 DONE  n=10 d=2 seed=715814 nsol=1024  1.07s  2026-07-22T18:53:59.065
ATTEMPT 27 START n=9 d=2 seed=715815 neq=9 2026-07-22T18:53:59.068
ATTEMPT 27 DONE  n=9 d=2 seed=715815 nsol=512  0.38s  2026-07-22T18:53:59.448
ATTEMPT 28 START n=7 d=3 seed=715816 neq=7 2026-07-22T18:53:59.453
ATTEMPT 28 DONE  n=7 d=3 seed=715816 nsol=2187  5.36s  2026-07-22T18:54:04.812
ATTEMPT 29 START n=11 d=2 seed=715817 neq=11 2026-07-22T18:54:04.816
ATTEMPT 29 DONE  n=11 d=2 seed=715817 nsol=2048  2.54s  2026-07-22T18:54:07.352
ATTEMPT 30 START n=6 d=3 seed=715818 neq=6 2026-07-22T18:54:07.355
ATTEMPT 30 DONE  n=6 d=3 seed=715818 nsol=729  0.37s  2026-07-22T18:54:07.727
ATTEMPT 31 START n=8 d=2 seed=715819 neq=8 2026-07-22T18:54:07.729
ATTEMPT 31 DONE  n=8 d=2 seed=715819 nsol=256  0.14s  2026-07-22T18:54:07.866
ATTEMPT 32 START n=10 d=2 seed=715820 neq=10 2026-07-22T18:54:07.868
ATTEMPT 32 DONE  n=10 d=2 seed=715820 nsol=1024  0.97s  2026-07-22T18:54:08.838
ATTEMPT 33 START n=9 d=2 seed=715821 neq=9 2026-07-22T18:54:08.840
ATTEMPT 33 DONE  n=9 d=2 seed=715821 nsol=512  0.40s  2026-07-22T18:54:09.236
ATTEMPT 34 START n=7 d=3 seed=715822 neq=7 2026-07-22T18:54:09.241
ATTEMPT 34 DONE  n=7 d=3 seed=715822 nsol=2187  2.03s  2026-07-22T18:54:11.274
ATTEMPT 35 START n=11 d=2 seed=715823 neq=11 2026-07-22T18:54:11.278
ATTEMPT 35 DONE  n=11 d=2 seed=715823 nsol=2048  2.66s  2026-07-22T18:54:13.935
ATTEMPT 36 START n=6 d=3 seed=715824 neq=6 2026-07-22T18:54:13.937
ATTEMPT 36 DONE  n=6 d=3 seed=715824 nsol=729  0.40s  2026-07-22T18:54:14.333
ATTEMPT 37 START n=8 d=2 seed=715825 neq=8 2026-07-22T18:54:14.335
ATTEMPT 37 DONE  n=8 d=2 seed=715825 nsol=256  0.16s  2026-07-22T18:54:14.491
ATTEMPT 38 START n=10 d=2 seed=715826 neq=10 2026-07-22T18:54:14.495
ATTEMPT 38 DONE  n=10 d=2 seed=715826 nsol=1024  0.99s  2026-07-22T18:54:15.484
ATTEMPT 39 START n=9 d=2 seed=715827 neq=9 2026-07-22T18:54:15.488
ATTEMPT 39 DONE  n=9 d=2 seed=715827 nsol=512  0.37s  2026-07-22T18:54:15.862
ATTEMPT 40 START n=7 d=3 seed=715828 neq=7 2026-07-22T18:54:15.867
ATTEMPT 40 DONE  n=7 d=3 seed=715828 nsol=2187  1.97s  2026-07-22T18:54:17.835
HUNT complete  2026-07-22T18:54:17.840
