HUNT start  nthreads=28  nsolves=40  seed_base=927226  shape=mix  pid=2909902  2026-07-22T18:57:48.683
ATTEMPT 1 START n=8 d=2 seed=927227 neq=8 2026-07-22T18:57:59.360
Computing mixed cells... 2    Time: 0:00:00[K
   mixed_volume: 7[K[A
[K[AComputing mixed cells... 32    Time: 0:00:01[K
   mixed_volume: 256[K
ATTEMPT 1 DONE  n=8 d=2 seed=927227 nsol=256  37.70s  2026-07-22T18:58:37.244
ATTEMPT 2 START n=10 d=2 seed=927228 neq=10 2026-07-22T18:58:37.435
ATTEMPT 2 DONE  n=10 d=2 seed=927228 nsol=1024  17.41s  2026-07-22T18:58:54.843
ATTEMPT 3 START n=9 d=2 seed=927229 neq=9 2026-07-22T18:58:54.845
ATTEMPT 3 DONE  n=9 d=2 seed=927229 nsol=512  10.08s  2026-07-22T18:59:04.926
ATTEMPT 4 START n=7 d=3 seed=927230 neq=7 2026-07-22T18:59:04.930
ATTEMPT 4 DONE  n=7 d=3 seed=927230 nsol=2187  32.28s  2026-07-22T18:59:37.205
ATTEMPT 5 START n=11 d=2 seed=927231 neq=11 2026-07-22T18:59:37.209
ATTEMPT 5 DONE  n=11 d=2 seed=927231 nsol=2048  20.20s  2026-07-22T18:59:57.411
ATTEMPT 6 START n=6 d=3 seed=927232 neq=6 2026-07-22T18:59:57.413
ATTEMPT 6 DONE  n=6 d=3 seed=927232 nsol=729  13.75s  2026-07-22T19:00:11.164
ATTEMPT 7 START n=8 d=2 seed=927233 neq=8 2026-07-22T19:00:11.165
ATTEMPT 7 DONE  n=8 d=2 seed=927233 nsol=256  0.16s  2026-07-22T19:00:11.323
ATTEMPT 8 START n=10 d=2 seed=927234 neq=10 2026-07-22T19:00:11.325
ATTEMPT 8 DONE  n=10 d=2 seed=927234 nsol=1024  1.10s  2026-07-22T19:00:12.421
ATTEMPT 9 START n=9 d=2 seed=927235 neq=9 2026-07-22T19:00:12.424
ATTEMPT 9 DONE  n=9 d=2 seed=927235 nsol=512  0.43s  2026-07-22T19:00:12.858
ATTEMPT 10 START n=7 d=3 seed=927236 neq=7 2026-07-22T19:00:12.864
ATTEMPT 10 DONE  n=7 d=3 seed=927236 nsol=2187  2.13s  2026-07-22T19:00:14.993
ATTEMPT 11 START n=11 d=2 seed=927237 neq=11 2026-07-22T19:00:14.997
ATTEMPT 11 DONE  n=11 d=2 seed=927237 nsol=2048  2.82s  2026-07-22T19:00:17.817
ATTEMPT 12 START n=6 d=3 seed=927238 neq=6 2026-07-22T19:00:17.821
ATTEMPT 12 DONE  n=6 d=3 seed=927238 nsol=729  0.41s  2026-07-22T19:00:18.233
ATTEMPT 13 START n=8 d=2 seed=927239 neq=8 2026-07-22T19:00:18.236
ATTEMPT 13 DONE  n=8 d=2 seed=927239 nsol=256  0.19s  2026-07-22T19:00:18.423
ATTEMPT 14 START n=10 d=2 seed=927240 neq=10 2026-07-22T19:00:18.427
ATTEMPT 14 DONE  n=10 d=2 seed=927240 nsol=1024  1.08s  2026-07-22T19:00:19.511
ATTEMPT 15 START n=9 d=2 seed=927241 neq=9 2026-07-22T19:00:19.514
ATTEMPT 15 DONE  n=9 d=2 seed=927241 nsol=512  0.40s  2026-07-22T19:00:19.915
ATTEMPT 16 START n=7 d=3 seed=927242 neq=7 2026-07-22T19:00:19.919
ATTEMPT 16 DONE  n=7 d=3 seed=927242 nsol=2187  2.21s  2026-07-22T19:00:22.126
ATTEMPT 17 START n=11 d=2 seed=927243 neq=11 2026-07-22T19:00:22.132
ATTEMPT 17 DONE  n=11 d=2 seed=927243 nsol=2048  3.02s  2026-07-22T19:00:25.154
ATTEMPT 18 START n=6 d=3 seed=927244 neq=6 2026-07-22T19:00:25.156
ATTEMPT 18 DONE  n=6 d=3 seed=927244 nsol=729  0.41s  2026-07-22T19:00:25.569
ATTEMPT 19 START n=8 d=2 seed=927245 neq=8 2026-07-22T19:00:25.571
ATTEMPT 19 DONE  n=8 d=2 seed=927245 nsol=256  0.15s  2026-07-22T19:00:25.724
ATTEMPT 20 START n=10 d=2 seed=927246 neq=10 2026-07-22T19:00:25.726
ATTEMPT 20 DONE  n=10 d=2 seed=927246 nsol=1024  1.06s  2026-07-22T19:00:26.790
ATTEMPT 21 START n=9 d=2 seed=927247 neq=9 2026-07-22T19:00:26.793
ATTEMPT 21 DONE  n=9 d=2 seed=927247 nsol=512  0.41s  2026-07-22T19:00:27.203
ATTEMPT 22 START n=7 d=3 seed=927248 neq=7 2026-07-22T19:00:27.209
ATTEMPT 22 DONE  n=7 d=3 seed=927248 nsol=2187  2.19s  2026-07-22T19:00:29.402
ATTEMPT 23 START n=11 d=2 seed=927249 neq=11 2026-07-22T19:00:29.408
ATTEMPT 23 DONE  n=11 d=2 seed=927249 nsol=2048  2.76s  2026-07-22T19:00:32.165
ATTEMPT 24 START n=6 d=3 seed=927250 neq=6 2026-07-22T19:00:32.167
ATTEMPT 24 DONE  n=6 d=3 seed=927250 nsol=729  0.40s  2026-07-22T19:00:32.571
ATTEMPT 25 START n=8 d=2 seed=927251 neq=8 2026-07-22T19:00:32.573
ATTEMPT 25 DONE  n=8 d=2 seed=927251 nsol=256  0.14s  2026-07-22T19:00:32.717
ATTEMPT 26 START n=10 d=2 seed=927252 neq=10 2026-07-22T19:00:32.719
ATTEMPT 26 DONE  n=10 d=2 seed=927252 nsol=1024  1.04s  2026-07-22T19:00:33.759
ATTEMPT 27 START n=9 d=2 seed=927253 neq=9 2026-07-22T19:00:33.762
ATTEMPT 27 DONE  n=9 d=2 seed=927253 nsol=512  0.39s  2026-07-22T19:00:34.152
ATTEMPT 28 START n=7 d=3 seed=927254 neq=7 2026-07-22T19:00:34.157
ATTEMPT 28 DONE  n=7 d=3 seed=927254 nsol=2187  5.75s  2026-07-22T19:00:39.906
ATTEMPT 29 START n=11 d=2 seed=927255 neq=11 2026-07-22T19:00:39.910
ATTEMPT 29 DONE  n=11 d=2 seed=927255 nsol=2048  2.98s  2026-07-22T19:00:42.892
ATTEMPT 30 START n=6 d=3 seed=927256 neq=6 2026-07-22T19:00:42.895
ATTEMPT 30 DONE  n=6 d=3 seed=927256 nsol=729  0.44s  2026-07-22T19:00:43.335
ATTEMPT 31 START n=8 d=2 seed=927257 neq=8 2026-07-22T19:00:43.338
ATTEMPT 31 DONE  n=8 d=2 seed=927257 nsol=256  0.16s  2026-07-22T19:00:43.495
ATTEMPT 32 START n=10 d=2 seed=927258 neq=10 2026-07-22T19:00:43.498
ATTEMPT 32 DONE  n=10 d=2 seed=927258 nsol=1024  1.11s  2026-07-22T19:00:44.605
ATTEMPT 33 START n=9 d=2 seed=927259 neq=9 2026-07-22T19:00:44.608
ATTEMPT 33 DONE  n=9 d=2 seed=927259 nsol=512  0.43s  2026-07-22T19:00:45.037
ATTEMPT 34 START n=7 d=3 seed=927260 neq=7 2026-07-22T19:00:45.043
ATTEMPT 34 DONE  n=7 d=3 seed=927260 nsol=2187  2.05s  2026-07-22T19:00:47.098
ATTEMPT 35 START n=11 d=2 seed=927261 neq=11 2026-07-22T19:00:47.103
ATTEMPT 35 DONE  n=11 d=2 seed=927261 nsol=2048  2.75s  2026-07-22T19:00:49.854
ATTEMPT 36 START n=6 d=3 seed=927262 neq=6 2026-07-22T19:00:49.858
ATTEMPT 36 DONE  n=6 d=3 seed=927262 nsol=729  0.44s  2026-07-22T19:00:50.295
ATTEMPT 37 START n=8 d=2 seed=927263 neq=8 2026-07-22T19:00:50.298
ATTEMPT 37 DONE  n=8 d=2 seed=927263 nsol=256  0.15s  2026-07-22T19:00:50.446
ATTEMPT 38 START n=10 d=2 seed=927264 neq=10 2026-07-22T19:00:50.448
ATTEMPT 38 DONE  n=10 d=2 seed=927264 nsol=1024  1.08s  2026-07-22T19:00:51.533
ATTEMPT 39 START n=9 d=2 seed=927265 neq=9 2026-07-22T19:00:51.536
ATTEMPT 39 DONE  n=9 d=2 seed=927265 nsol=512  0.37s  2026-07-22T19:00:51.907
ATTEMPT 40 START n=7 d=3 seed=927266 neq=7 2026-07-22T19:00:51.910
ATTEMPT 40 DONE  n=7 d=3 seed=927266 nsol=2187  2.13s  2026-07-22T19:00:54.043
HUNT complete  2026-07-22T19:00:54.048
