HUNT start  nthreads=28  nsolves=40  seed_base=607763  shape=mix  pid=3413053  2026-07-22T19:50:03.804
ATTEMPT 1 START n=8 d=2 seed=607764 neq=8 2026-07-22T19:50:17.492
Computing mixed cells... 2    Time: 0:00:00[K
   mixed_volume: 24[K[A
[K[AComputing mixed cells... 20    Time: 0:00:01[K
   mixed_volume: 256[K
ATTEMPT 1 DONE  n=8 d=2 seed=607764 nsol=256  31.89s  2026-07-22T19:50:49.564
ATTEMPT 2 START n=10 d=2 seed=607765 neq=10 2026-07-22T19:50:49.773
ATTEMPT 2 DONE  n=10 d=2 seed=607765 nsol=1024  19.61s  2026-07-22T19:51:09.387
ATTEMPT 3 START n=9 d=2 seed=607766 neq=9 2026-07-22T19:51:09.389
ATTEMPT 3 DONE  n=9 d=2 seed=607766 nsol=512  10.96s  2026-07-22T19:51:20.351
ATTEMPT 4 START n=7 d=3 seed=607767 neq=7 2026-07-22T19:51:20.358
ATTEMPT 4 DONE  n=7 d=3 seed=607767 nsol=2187  22.92s  2026-07-22T19:51:43.277
ATTEMPT 5 START n=11 d=2 seed=607768 neq=11 2026-07-22T19:51:43.280
ATTEMPT 5 DONE  n=11 d=2 seed=607768 nsol=2048  22.30s  2026-07-22T19:52:05.583
ATTEMPT 6 START n=6 d=3 seed=607769 neq=6 2026-07-22T19:52:05.586
ATTEMPT 6 DONE  n=6 d=3 seed=607769 nsol=729  10.07s  2026-07-22T19:52:15.660
ATTEMPT 7 START n=8 d=2 seed=607770 neq=8 2026-07-22T19:52:15.661
ATTEMPT 7 DONE  n=8 d=2 seed=607770 nsol=256  0.19s  2026-07-22T19:52:15.855
ATTEMPT 8 START n=10 d=2 seed=607771 neq=10 2026-07-22T19:52:15.858
ATTEMPT 8 DONE  n=10 d=2 seed=607771 nsol=1024  0.94s  2026-07-22T19:52:16.794
ATTEMPT 9 START n=9 d=2 seed=607772 neq=9 2026-07-22T19:52:16.796
ATTEMPT 9 DONE  n=9 d=2 seed=607772 nsol=512  0.36s  2026-07-22T19:52:17.156
ATTEMPT 10 START n=7 d=3 seed=607773 neq=7 2026-07-22T19:52:17.160
ATTEMPT 10 DONE  n=7 d=3 seed=607773 nsol=2187  1.83s  2026-07-22T19:52:18.988
ATTEMPT 11 START n=11 d=2 seed=607774 neq=11 2026-07-22T19:52:18.992
ATTEMPT 11 DONE  n=11 d=2 seed=607774 nsol=2048  2.62s  2026-07-22T19:52:21.608
ATTEMPT 12 START n=6 d=3 seed=607775 neq=6 2026-07-22T19:52:21.611
ATTEMPT 12 DONE  n=6 d=3 seed=607775 nsol=729  0.40s  2026-07-22T19:52:22.006
ATTEMPT 13 START n=8 d=2 seed=607776 neq=8 2026-07-22T19:52:22.009
ATTEMPT 13 DONE  n=8 d=2 seed=607776 nsol=256  0.16s  2026-07-22T19:52:22.173
ATTEMPT 14 START n=10 d=2 seed=607777 neq=10 2026-07-22T19:52:22.176
ATTEMPT 14 DONE  n=10 d=2 seed=607777 nsol=1024  0.97s  2026-07-22T19:52:23.150
ATTEMPT 15 START n=9 d=2 seed=607778 neq=9 2026-07-22T19:52:23.152
ATTEMPT 15 DONE  n=9 d=2 seed=607778 nsol=512  0.35s  2026-07-22T19:52:23.507
ATTEMPT 16 START n=7 d=3 seed=607779 neq=7 2026-07-22T19:52:23.512
ATTEMPT 16 DONE  n=7 d=3 seed=607779 nsol=2187  2.13s  2026-07-22T19:52:25.640
ATTEMPT 17 START n=11 d=2 seed=607780 neq=11 2026-07-22T19:52:25.647
ATTEMPT 17 DONE  n=11 d=2 seed=607780 nsol=2046  2.55s  2026-07-22T19:52:28.199
ATTEMPT 18 START n=6 d=3 seed=607781 neq=6 2026-07-22T19:52:28.203
ATTEMPT 18 DONE  n=6 d=3 seed=607781 nsol=729  0.44s  2026-07-22T19:52:28.638
ATTEMPT 19 START n=8 d=2 seed=607782 neq=8 2026-07-22T19:52:28.641
ATTEMPT 19 DONE  n=8 d=2 seed=607782 nsol=256  0.16s  2026-07-22T19:52:28.798
ATTEMPT 20 START n=10 d=2 seed=607783 neq=10 2026-07-22T19:52:28.803
ATTEMPT 20 DONE  n=10 d=2 seed=607783 nsol=1024  1.00s  2026-07-22T19:52:29.800
ATTEMPT 21 START n=9 d=2 seed=607784 neq=9 2026-07-22T19:52:29.802
ATTEMPT 21 DONE  n=9 d=2 seed=607784 nsol=512  0.37s  2026-07-22T19:52:30.172
ATTEMPT 22 START n=7 d=3 seed=607785 neq=7 2026-07-22T19:52:30.177
ATTEMPT 22 DONE  n=7 d=3 seed=607785 nsol=2187  5.54s  2026-07-22T19:52:35.721
ATTEMPT 23 START n=11 d=2 seed=607786 neq=11 2026-07-22T19:52:35.725
ATTEMPT 23 DONE  n=11 d=2 seed=607786 nsol=2048  2.55s  2026-07-22T19:52:38.274
ATTEMPT 24 START n=6 d=3 seed=607787 neq=6 2026-07-22T19:52:38.277
ATTEMPT 24 DONE  n=6 d=3 seed=607787 nsol=729  0.36s  2026-07-22T19:52:38.638
ATTEMPT 25 START n=8 d=2 seed=607788 neq=8 2026-07-22T19:52:38.642
ATTEMPT 25 DONE  n=8 d=2 seed=607788 nsol=256  0.14s  2026-07-22T19:52:38.783
ATTEMPT 26 START n=10 d=2 seed=607789 neq=10 2026-07-22T19:52:38.788
ATTEMPT 26 DONE  n=10 d=2 seed=607789 nsol=1024  1.05s  2026-07-22T19:52:39.842
ATTEMPT 27 START n=9 d=2 seed=607790 neq=9 2026-07-22T19:52:39.844
ATTEMPT 27 DONE  n=9 d=2 seed=607790 nsol=512  0.33s  2026-07-22T19:52:40.172
ATTEMPT 28 START n=7 d=3 seed=607791 neq=7 2026-07-22T19:52:40.175
ATTEMPT 28 DONE  n=7 d=3 seed=607791 nsol=2187  1.88s  2026-07-22T19:52:42.053
ATTEMPT 29 START n=11 d=2 seed=607792 neq=11 2026-07-22T19:52:42.057
ATTEMPT 29 DONE  n=11 d=2 seed=607792 nsol=2048  2.47s  2026-07-22T19:52:44.529
ATTEMPT 30 START n=6 d=3 seed=607793 neq=6 2026-07-22T19:52:44.532
ATTEMPT 30 DONE  n=6 d=3 seed=607793 nsol=729  0.39s  2026-07-22T19:52:44.923
ATTEMPT 31 START n=8 d=2 seed=607794 neq=8 2026-07-22T19:52:44.926
ATTEMPT 31 DONE  n=8 d=2 seed=607794 nsol=256  0.18s  2026-07-22T19:52:45.109
ATTEMPT 32 START n=10 d=2 seed=607795 neq=10 2026-07-22T19:52:45.113
ATTEMPT 32 DONE  n=10 d=2 seed=607795 nsol=1024  0.96s  2026-07-22T19:52:46.070
ATTEMPT 33 START n=9 d=2 seed=607796 neq=9 2026-07-22T19:52:46.073
ATTEMPT 33 DONE  n=9 d=2 seed=607796 nsol=512  0.37s  2026-07-22T19:52:46.446
ATTEMPT 34 START n=7 d=3 seed=607797 neq=7 2026-07-22T19:52:46.450
ATTEMPT 34 DONE  n=7 d=3 seed=607797 nsol=2187  1.85s  2026-07-22T19:52:48.300
ATTEMPT 35 START n=11 d=2 seed=607798 neq=11 2026-07-22T19:52:48.304
ATTEMPT 35 DONE  n=11 d=2 seed=607798 nsol=2048  2.55s  2026-07-22T19:52:50.856
ATTEMPT 36 START n=6 d=3 seed=607799 neq=6 2026-07-22T19:52:50.858
ATTEMPT 36 DONE  n=6 d=3 seed=607799 nsol=729  0.38s  2026-07-22T19:52:51.239
ATTEMPT 37 START n=8 d=2 seed=607800 neq=8 2026-07-22T19:52:51.241
ATTEMPT 37 DONE  n=8 d=2 seed=607800 nsol=256  0.14s  2026-07-22T19:52:51.380
ATTEMPT 38 START n=10 d=2 seed=607801 neq=10 2026-07-22T19:52:51.384
ATTEMPT 38 DONE  n=10 d=2 seed=607801 nsol=1024  0.94s  2026-07-22T19:52:52.328
ATTEMPT 39 START n=9 d=2 seed=607802 neq=9 2026-07-22T19:52:52.331
ATTEMPT 39 DONE  n=9 d=2 seed=607802 nsol=512  0.35s  2026-07-22T19:52:52.676
ATTEMPT 40 START n=7 d=3 seed=607803 neq=7 2026-07-22T19:52:52.681
ATTEMPT 40 DONE  n=7 d=3 seed=607803 nsol=2187  2.02s  2026-07-22T19:52:54.701
HUNT complete  2026-07-22T19:52:54.706
