HUNT start  nthreads=28  nsolves=40  seed_base=1430065  shape=mix  pid=3654346  2026-07-22T20:14:56.071
ATTEMPT 1 START n=8 d=2 seed=1430066 neq=8 2026-07-22T20:15:07.373
Computing mixed cells... 2    Time: 0:00:01[K
   mixed_volume: 6[K[A
[K[AComputing mixed cells... 78    Time: 0:00:01[K
   mixed_volume: 256[K
ATTEMPT 1 DONE  n=8 d=2 seed=1430066 nsol=256  36.63s  2026-07-22T20:15:44.196
ATTEMPT 2 START n=10 d=2 seed=1430067 neq=10 2026-07-22T20:15:44.416
ATTEMPT 2 DONE  n=10 d=2 seed=1430067 nsol=1024  16.83s  2026-07-22T20:16:01.247
ATTEMPT 3 START n=9 d=2 seed=1430068 neq=9 2026-07-22T20:16:01.249
ATTEMPT 3 DONE  n=9 d=2 seed=1430068 nsol=512  9.87s  2026-07-22T20:16:11.115
ATTEMPT 4 START n=7 d=3 seed=1430069 neq=7 2026-07-22T20:16:11.120
ATTEMPT 4 DONE  n=7 d=3 seed=1430069 nsol=2187  27.84s  2026-07-22T20:16:38.963
ATTEMPT 5 START n=11 d=2 seed=1430070 neq=11 2026-07-22T20:16:38.969
ATTEMPT 5 DONE  n=11 d=2 seed=1430070 nsol=2048  21.40s  2026-07-22T20:17:00.370
ATTEMPT 6 START n=6 d=3 seed=1430071 neq=6 2026-07-22T20:17:00.374
ATTEMPT 6 DONE  n=6 d=3 seed=1430071 nsol=729  15.09s  2026-07-22T20:17:15.460
ATTEMPT 7 START n=8 d=2 seed=1430072 neq=8 2026-07-22T20:17:15.462
ATTEMPT 7 DONE  n=8 d=2 seed=1430072 nsol=256  0.22s  2026-07-22T20:17:15.680
ATTEMPT 8 START n=10 d=2 seed=1430073 neq=10 2026-07-22T20:17:15.684
ATTEMPT 8 DONE  n=10 d=2 seed=1430073 nsol=1024  1.02s  2026-07-22T20:17:16.701
ATTEMPT 9 START n=9 d=2 seed=1430074 neq=9 2026-07-22T20:17:16.704
ATTEMPT 9 DONE  n=9 d=2 seed=1430074 nsol=512  0.36s  2026-07-22T20:17:17.069
ATTEMPT 10 START n=7 d=3 seed=1430075 neq=7 2026-07-22T20:17:17.072
ATTEMPT 10 DONE  n=7 d=3 seed=1430075 nsol=2187  2.03s  2026-07-22T20:17:19.103
ATTEMPT 11 START n=11 d=2 seed=1430076 neq=11 2026-07-22T20:17:19.108
ATTEMPT 11 DONE  n=11 d=2 seed=1430076 nsol=2048  2.79s  2026-07-22T20:17:21.900
ATTEMPT 12 START n=6 d=3 seed=1430077 neq=6 2026-07-22T20:17:21.903
ATTEMPT 12 DONE  n=6 d=3 seed=1430077 nsol=729  0.40s  2026-07-22T20:17:22.305
ATTEMPT 13 START n=8 d=2 seed=1430078 neq=8 2026-07-22T20:17:22.308
ATTEMPT 13 DONE  n=8 d=2 seed=1430078 nsol=256  0.15s  2026-07-22T20:17:22.454
ATTEMPT 14 START n=10 d=2 seed=1430079 neq=10 2026-07-22T20:17:22.456
ATTEMPT 14 DONE  n=10 d=2 seed=1430079 nsol=1024  1.03s  2026-07-22T20:17:23.482
ATTEMPT 15 START n=9 d=2 seed=1430080 neq=9 2026-07-22T20:17:23.485
ATTEMPT 15 DONE  n=9 d=2 seed=1430080 nsol=512  0.50s  2026-07-22T20:17:23.987
ATTEMPT 16 START n=7 d=3 seed=1430081 neq=7 2026-07-22T20:17:23.992
ATTEMPT 16 DONE  n=7 d=3 seed=1430081 nsol=2187  2.00s  2026-07-22T20:17:25.996
ATTEMPT 17 START n=11 d=2 seed=1430082 neq=11 2026-07-22T20:17:26.001
ATTEMPT 17 DONE  n=11 d=2 seed=1430082 nsol=2048  2.63s  2026-07-22T20:17:28.633
ATTEMPT 18 START n=6 d=3 seed=1430083 neq=6 2026-07-22T20:17:28.636
ATTEMPT 18 DONE  n=6 d=3 seed=1430083 nsol=729  0.41s  2026-07-22T20:17:29.045
ATTEMPT 19 START n=8 d=2 seed=1430084 neq=8 2026-07-22T20:17:29.047
ATTEMPT 19 DONE  n=8 d=2 seed=1430084 nsol=256  0.15s  2026-07-22T20:17:29.197
ATTEMPT 20 START n=10 d=2 seed=1430085 neq=10 2026-07-22T20:17:29.201
ATTEMPT 20 DONE  n=10 d=2 seed=1430085 nsol=1024  1.12s  2026-07-22T20:17:30.320
ATTEMPT 21 START n=9 d=2 seed=1430086 neq=9 2026-07-22T20:17:30.325
ATTEMPT 21 DONE  n=9 d=2 seed=1430086 nsol=512  0.40s  2026-07-22T20:17:30.722
ATTEMPT 22 START n=7 d=3 seed=1430087 neq=7 2026-07-22T20:17:30.728
ATTEMPT 22 DONE  n=7 d=3 seed=1430087 nsol=2187  2.11s  2026-07-22T20:17:32.834
ATTEMPT 23 START n=11 d=2 seed=1430088 neq=11 2026-07-22T20:17:32.838
ATTEMPT 23 DONE  n=11 d=2 seed=1430088 nsol=2048  2.49s  2026-07-22T20:17:35.326
ATTEMPT 24 START n=6 d=3 seed=1430089 neq=6 2026-07-22T20:17:35.329
ATTEMPT 24 DONE  n=6 d=3 seed=1430089 nsol=729  0.42s  2026-07-22T20:17:35.753
ATTEMPT 25 START n=8 d=2 seed=1430090 neq=8 2026-07-22T20:17:35.756
ATTEMPT 25 DONE  n=8 d=2 seed=1430090 nsol=256  0.16s  2026-07-22T20:17:35.914
ATTEMPT 26 START n=10 d=2 seed=1430091 neq=10 2026-07-22T20:17:35.918
ATTEMPT 26 DONE  n=10 d=2 seed=1430091 nsol=1024  4.76s  2026-07-22T20:17:40.676
ATTEMPT 27 START n=9 d=2 seed=1430092 neq=9 2026-07-22T20:17:40.680
ATTEMPT 27 DONE  n=9 d=2 seed=1430092 nsol=512  0.39s  2026-07-22T20:17:41.073
ATTEMPT 28 START n=7 d=3 seed=1430093 neq=7 2026-07-22T20:17:41.079
ATTEMPT 28 DONE  n=7 d=3 seed=1430093 nsol=2187  2.21s  2026-07-22T20:17:43.292
ATTEMPT 29 START n=11 d=2 seed=1430094 neq=11 2026-07-22T20:17:43.297
ATTEMPT 29 DONE  n=11 d=2 seed=1430094 nsol=2048  2.70s  2026-07-22T20:17:45.995
ATTEMPT 30 START n=6 d=3 seed=1430095 neq=6 2026-07-22T20:17:45.998
ATTEMPT 30 DONE  n=6 d=3 seed=1430095 nsol=728  0.40s  2026-07-22T20:17:46.394
ATTEMPT 31 START n=8 d=2 seed=1430096 neq=8 2026-07-22T20:17:46.396
ATTEMPT 31 DONE  n=8 d=2 seed=1430096 nsol=256  0.16s  2026-07-22T20:17:46.553
ATTEMPT 32 START n=10 d=2 seed=1430097 neq=10 2026-07-22T20:17:46.557
ATTEMPT 32 DONE  n=10 d=2 seed=1430097 nsol=1024  1.03s  2026-07-22T20:17:47.585
ATTEMPT 33 START n=9 d=2 seed=1430098 neq=9 2026-07-22T20:17:47.588
ATTEMPT 33 DONE  n=9 d=2 seed=1430098 nsol=512  0.37s  2026-07-22T20:17:47.958
ATTEMPT 34 START n=7 d=3 seed=1430099 neq=7 2026-07-22T20:17:47.962
ATTEMPT 34 DONE  n=7 d=3 seed=1430099 nsol=2187  2.17s  2026-07-22T20:17:50.137
ATTEMPT 35 START n=11 d=2 seed=1430100 neq=11 2026-07-22T20:17:50.141
ATTEMPT 35 DONE  n=11 d=2 seed=1430100 nsol=2048  2.74s  2026-07-22T20:17:52.885
ATTEMPT 36 START n=6 d=3 seed=1430101 neq=6 2026-07-22T20:17:52.889
ATTEMPT 36 DONE  n=6 d=3 seed=1430101 nsol=729  0.42s  2026-07-22T20:17:53.307
ATTEMPT 37 START n=8 d=2 seed=1430102 neq=8 2026-07-22T20:17:53.310
ATTEMPT 37 DONE  n=8 d=2 seed=1430102 nsol=256  0.18s  2026-07-22T20:17:53.493
ATTEMPT 38 START n=10 d=2 seed=1430103 neq=10 2026-07-22T20:17:53.497
ATTEMPT 38 DONE  n=10 d=2 seed=1430103 nsol=1024  1.01s  2026-07-22T20:17:54.502
ATTEMPT 39 START n=9 d=2 seed=1430104 neq=9 2026-07-22T20:17:54.505
ATTEMPT 39 DONE  n=9 d=2 seed=1430104 nsol=512  0.41s  2026-07-22T20:17:54.914
ATTEMPT 40 START n=7 d=3 seed=1430105 neq=7 2026-07-22T20:17:54.920
ATTEMPT 40 DONE  n=7 d=3 seed=1430105 nsol=2187  2.08s  2026-07-22T20:17:57.005
HUNT complete  2026-07-22T20:17:57.010
