HUNT start  nthreads=28  nsolves=40  seed_base=1808567  shape=mix  pid=3174367  2026-07-22T19:25:15.281
ATTEMPT 1 START n=8 d=2 seed=1808568 neq=8 2026-07-22T19:25:25.566
Computing mixed cells... 2    Time: 0:00:01[K
   mixed_volume: 10[K[A
[K[AComputing mixed cells... 26    Time: 0:00:01[K
   mixed_volume: 256[K
ATTEMPT 1 DONE  n=8 d=2 seed=1808568 nsol=256  36.75s  2026-07-22T19:26:02.508
ATTEMPT 2 START n=10 d=2 seed=1808569 neq=10 2026-07-22T19:26:02.706
ATTEMPT 2 DONE  n=10 d=2 seed=1808569 nsol=1024  18.48s  2026-07-22T19:26:21.186
ATTEMPT 3 START n=9 d=2 seed=1808570 neq=9 2026-07-22T19:26:21.188
ATTEMPT 3 DONE  n=9 d=2 seed=1808570 nsol=512  10.34s  2026-07-22T19:26:31.524
ATTEMPT 4 START n=7 d=3 seed=1808571 neq=7 2026-07-22T19:26:31.528
ATTEMPT 4 DONE  n=7 d=3 seed=1808571 nsol=2187  17.97s  2026-07-22T19:26:49.499
ATTEMPT 5 START n=11 d=2 seed=1808572 neq=11 2026-07-22T19:26:49.503
ATTEMPT 5 DONE  n=11 d=2 seed=1808572 nsol=2048  20.84s  2026-07-22T19:27:10.340
ATTEMPT 6 START n=6 d=3 seed=1808573 neq=6 2026-07-22T19:27:10.342
ATTEMPT 6 DONE  n=6 d=3 seed=1808573 nsol=729  9.52s  2026-07-22T19:27:19.859
ATTEMPT 7 START n=8 d=2 seed=1808574 neq=8 2026-07-22T19:27:19.861
ATTEMPT 7 DONE  n=8 d=2 seed=1808574 nsol=256  0.14s  2026-07-22T19:27:19.999
ATTEMPT 8 START n=10 d=2 seed=1808575 neq=10 2026-07-22T19:27:20.002
ATTEMPT 8 DONE  n=10 d=2 seed=1808575 nsol=1024  1.06s  2026-07-22T19:27:21.059
ATTEMPT 9 START n=9 d=2 seed=1808576 neq=9 2026-07-22T19:27:21.062
ATTEMPT 9 DONE  n=9 d=2 seed=1808576 nsol=512  0.37s  2026-07-22T19:27:21.435
ATTEMPT 10 START n=7 d=3 seed=1808577 neq=7 2026-07-22T19:27:21.441
ATTEMPT 10 DONE  n=7 d=3 seed=1808577 nsol=2187  1.95s  2026-07-22T19:27:23.391
ATTEMPT 11 START n=11 d=2 seed=1808578 neq=11 2026-07-22T19:27:23.395
ATTEMPT 11 DONE  n=11 d=2 seed=1808578 nsol=2048  2.46s  2026-07-22T19:27:25.854
ATTEMPT 12 START n=6 d=3 seed=1808579 neq=6 2026-07-22T19:27:25.856
ATTEMPT 12 DONE  n=6 d=3 seed=1808579 nsol=729  0.39s  2026-07-22T19:27:26.245
ATTEMPT 13 START n=8 d=2 seed=1808580 neq=8 2026-07-22T19:27:26.246
ATTEMPT 13 DONE  n=8 d=2 seed=1808580 nsol=256  0.17s  2026-07-22T19:27:26.418
ATTEMPT 14 START n=10 d=2 seed=1808581 neq=10 2026-07-22T19:27:26.421
ATTEMPT 14 DONE  n=10 d=2 seed=1808581 nsol=1024  4.57s  2026-07-22T19:27:30.993
ATTEMPT 15 START n=9 d=2 seed=1808582 neq=9 2026-07-22T19:27:30.996
ATTEMPT 15 DONE  n=9 d=2 seed=1808582 nsol=512  0.35s  2026-07-22T19:27:31.344
ATTEMPT 16 START n=7 d=3 seed=1808583 neq=7 2026-07-22T19:27:31.349
ATTEMPT 16 DONE  n=7 d=3 seed=1808583 nsol=2187  2.03s  2026-07-22T19:27:33.382
ATTEMPT 17 START n=11 d=2 seed=1808584 neq=11 2026-07-22T19:27:33.385
ATTEMPT 17 DONE  n=11 d=2 seed=1808584 nsol=2048  2.58s  2026-07-22T19:27:35.963
ATTEMPT 18 START n=6 d=3 seed=1808585 neq=6 2026-07-22T19:27:35.967
ATTEMPT 18 DONE  n=6 d=3 seed=1808585 nsol=729  0.40s  2026-07-22T19:27:36.371
ATTEMPT 19 START n=8 d=2 seed=1808586 neq=8 2026-07-22T19:27:36.374
ATTEMPT 19 DONE  n=8 d=2 seed=1808586 nsol=256  0.16s  2026-07-22T19:27:36.536
ATTEMPT 20 START n=10 d=2 seed=1808587 neq=10 2026-07-22T19:27:36.540
ATTEMPT 20 DONE  n=10 d=2 seed=1808587 nsol=1024  0.95s  2026-07-22T19:27:37.487
ATTEMPT 21 START n=9 d=2 seed=1808588 neq=9 2026-07-22T19:27:37.490
ATTEMPT 21 DONE  n=9 d=2 seed=1808588 nsol=512  0.36s  2026-07-22T19:27:37.855
ATTEMPT 22 START n=7 d=3 seed=1808589 neq=7 2026-07-22T19:27:37.861
ATTEMPT 22 DONE  n=7 d=3 seed=1808589 nsol=2187  1.93s  2026-07-22T19:27:39.794
ATTEMPT 23 START n=11 d=2 seed=1808590 neq=11 2026-07-22T19:27:39.797
ATTEMPT 23 DONE  n=11 d=2 seed=1808590 nsol=2048  2.38s  2026-07-22T19:27:42.179
ATTEMPT 24 START n=6 d=3 seed=1808591 neq=6 2026-07-22T19:27:42.182
ATTEMPT 24 DONE  n=6 d=3 seed=1808591 nsol=729  0.38s  2026-07-22T19:27:42.560
ATTEMPT 25 START n=8 d=2 seed=1808592 neq=8 2026-07-22T19:27:42.561
ATTEMPT 25 DONE  n=8 d=2 seed=1808592 nsol=256  0.16s  2026-07-22T19:27:42.717
ATTEMPT 26 START n=10 d=2 seed=1808593 neq=10 2026-07-22T19:27:42.721
ATTEMPT 26 DONE  n=10 d=2 seed=1808593 nsol=1024  1.05s  2026-07-22T19:27:43.771
ATTEMPT 27 START n=9 d=2 seed=1808594 neq=9 2026-07-22T19:27:43.774
ATTEMPT 27 DONE  n=9 d=2 seed=1808594 nsol=512  0.33s  2026-07-22T19:27:44.108
ATTEMPT 28 START n=7 d=3 seed=1808595 neq=7 2026-07-22T19:27:44.111
ATTEMPT 28 DONE  n=7 d=3 seed=1808595 nsol=2187  2.11s  2026-07-22T19:27:46.218
ATTEMPT 29 START n=11 d=2 seed=1808596 neq=11 2026-07-22T19:27:46.222
ATTEMPT 29 DONE  n=11 d=2 seed=1808596 nsol=2048  2.59s  2026-07-22T19:27:48.812
ATTEMPT 30 START n=6 d=3 seed=1808597 neq=6 2026-07-22T19:27:48.815
ATTEMPT 30 DONE  n=6 d=3 seed=1808597 nsol=729  0.43s  2026-07-22T19:27:49.241
ATTEMPT 31 START n=8 d=2 seed=1808598 neq=8 2026-07-22T19:27:49.244
ATTEMPT 31 DONE  n=8 d=2 seed=1808598 nsol=256  0.13s  2026-07-22T19:27:49.372
ATTEMPT 32 START n=10 d=2 seed=1808599 neq=10 2026-07-22T19:27:49.374
ATTEMPT 32 DONE  n=10 d=2 seed=1808599 nsol=1024  1.04s  2026-07-22T19:27:50.417
ATTEMPT 33 START n=9 d=2 seed=1808600 neq=9 2026-07-22T19:27:50.419
ATTEMPT 33 DONE  n=9 d=2 seed=1808600 nsol=512  0.36s  2026-07-22T19:27:50.780
ATTEMPT 34 START n=7 d=3 seed=1808601 neq=7 2026-07-22T19:27:50.785
ATTEMPT 34 DONE  n=7 d=3 seed=1808601 nsol=2184  2.00s  2026-07-22T19:27:52.782
ATTEMPT 35 START n=11 d=2 seed=1808602 neq=11 2026-07-22T19:27:52.787
ATTEMPT 35 DONE  n=11 d=2 seed=1808602 nsol=2048  2.49s  2026-07-22T19:27:55.275
ATTEMPT 36 START n=6 d=3 seed=1808603 neq=6 2026-07-22T19:27:55.278
ATTEMPT 36 DONE  n=6 d=3 seed=1808603 nsol=729  0.38s  2026-07-22T19:27:55.658
ATTEMPT 37 START n=8 d=2 seed=1808604 neq=8 2026-07-22T19:27:55.660
ATTEMPT 37 DONE  n=8 d=2 seed=1808604 nsol=256  0.14s  2026-07-22T19:27:55.801
ATTEMPT 38 START n=10 d=2 seed=1808605 neq=10 2026-07-22T19:27:55.804
ATTEMPT 38 DONE  n=10 d=2 seed=1808605 nsol=1024  0.94s  2026-07-22T19:27:56.743
ATTEMPT 39 START n=9 d=2 seed=1808606 neq=9 2026-07-22T19:27:56.746
ATTEMPT 39 DONE  n=9 d=2 seed=1808606 nsol=512  0.39s  2026-07-22T19:27:57.138
ATTEMPT 40 START n=7 d=3 seed=1808607 neq=7 2026-07-22T19:27:57.143
ATTEMPT 40 DONE  n=7 d=3 seed=1808607 nsol=2187  2.09s  2026-07-22T19:27:59.230
HUNT complete  2026-07-22T19:27:59.236
