HUNT start  nthreads=28  nsolves=40  seed_base=1322862  shape=mix  pid=3028593  2026-07-22T19:10:02.068
ATTEMPT 1 START n=8 d=2 seed=1322863 neq=8 2026-07-22T19:10:16.129
Computing mixed cells... 2    Time: 0:00:00[K
   mixed_volume: 2[K[A
[K[AComputing mixed cells... 44    Time: 0:00:01[K
   mixed_volume: 256[K
ATTEMPT 1 DONE  n=8 d=2 seed=1322863 nsol=256  34.18s  2026-07-22T19:10:50.507
ATTEMPT 2 START n=10 d=2 seed=1322864 neq=10 2026-07-22T19:10:50.770
ATTEMPT 2 DONE  n=10 d=2 seed=1322864 nsol=1024  23.63s  2026-07-22T19:11:14.401
ATTEMPT 3 START n=9 d=2 seed=1322865 neq=9 2026-07-22T19:11:14.404
ATTEMPT 3 DONE  n=9 d=2 seed=1322865 nsol=512  13.85s  2026-07-22T19:11:28.255
ATTEMPT 4 START n=7 d=3 seed=1322866 neq=7 2026-07-22T19:11:28.259
ATTEMPT 4 DONE  n=7 d=3 seed=1322866 nsol=2187  18.49s  2026-07-22T19:11:46.750
ATTEMPT 5 START n=11 d=2 seed=1322867 neq=11 2026-07-22T19:11:46.753
ATTEMPT 5 DONE  n=11 d=2 seed=1322867 nsol=2048  21.94s  2026-07-22T19:12:08.692
ATTEMPT 6 START n=6 d=3 seed=1322868 neq=6 2026-07-22T19:12:08.695
ATTEMPT 6 DONE  n=6 d=3 seed=1322868 nsol=729  9.21s  2026-07-22T19:12:17.905
ATTEMPT 7 START n=8 d=2 seed=1322869 neq=8 2026-07-22T19:12:17.907
ATTEMPT 7 DONE  n=8 d=2 seed=1322869 nsol=256  0.14s  2026-07-22T19:12:18.042
ATTEMPT 8 START n=10 d=2 seed=1322870 neq=10 2026-07-22T19:12:18.045
ATTEMPT 8 DONE  n=10 d=2 seed=1322870 nsol=1024  1.02s  2026-07-22T19:12:19.069
ATTEMPT 9 START n=9 d=2 seed=1322871 neq=9 2026-07-22T19:12:19.071
ATTEMPT 9 DONE  n=9 d=2 seed=1322871 nsol=512  0.39s  2026-07-22T19:12:19.459
ATTEMPT 10 START n=7 d=3 seed=1322872 neq=7 2026-07-22T19:12:19.464
ATTEMPT 10 DONE  n=7 d=3 seed=1322872 nsol=2187  2.02s  2026-07-22T19:12:21.482
ATTEMPT 11 START n=11 d=2 seed=1322873 neq=11 2026-07-22T19:12:21.488
ATTEMPT 11 DONE  n=11 d=2 seed=1322873 nsol=2048  2.64s  2026-07-22T19:12:24.127
ATTEMPT 12 START n=6 d=3 seed=1322874 neq=6 2026-07-22T19:12:24.130
ATTEMPT 12 DONE  n=6 d=3 seed=1322874 nsol=729  0.39s  2026-07-22T19:12:24.523
ATTEMPT 13 START n=8 d=2 seed=1322875 neq=8 2026-07-22T19:12:24.525
ATTEMPT 13 DONE  n=8 d=2 seed=1322875 nsol=256  0.14s  2026-07-22T19:12:24.661
ATTEMPT 14 START n=10 d=2 seed=1322876 neq=10 2026-07-22T19:12:24.663
ATTEMPT 14 DONE  n=10 d=2 seed=1322876 nsol=1024  0.98s  2026-07-22T19:12:25.643
ATTEMPT 15 START n=9 d=2 seed=1322877 neq=9 2026-07-22T19:12:25.645
ATTEMPT 15 DONE  n=9 d=2 seed=1322877 nsol=512  0.39s  2026-07-22T19:12:26.039
ATTEMPT 16 START n=7 d=3 seed=1322878 neq=7 2026-07-22T19:12:26.043
ATTEMPT 16 DONE  n=7 d=3 seed=1322878 nsol=2187  2.07s  2026-07-22T19:12:28.117
ATTEMPT 17 START n=11 d=2 seed=1322879 neq=11 2026-07-22T19:12:28.120
ATTEMPT 17 DONE  n=11 d=2 seed=1322879 nsol=2048  2.49s  2026-07-22T19:12:30.615
ATTEMPT 18 START n=6 d=3 seed=1322880 neq=6 2026-07-22T19:12:30.618
ATTEMPT 18 DONE  n=6 d=3 seed=1322880 nsol=729  0.40s  2026-07-22T19:12:31.019
ATTEMPT 19 START n=8 d=2 seed=1322881 neq=8 2026-07-22T19:12:31.021
ATTEMPT 19 DONE  n=8 d=2 seed=1322881 nsol=256  0.14s  2026-07-22T19:12:31.164
ATTEMPT 20 START n=10 d=2 seed=1322882 neq=10 2026-07-22T19:12:31.167
ATTEMPT 20 DONE  n=10 d=2 seed=1322882 nsol=1024  4.58s  2026-07-22T19:12:35.745
ATTEMPT 21 START n=9 d=2 seed=1322883 neq=9 2026-07-22T19:12:35.749
ATTEMPT 21 DONE  n=9 d=2 seed=1322883 nsol=512  0.46s  2026-07-22T19:12:36.211
ATTEMPT 22 START n=7 d=3 seed=1322884 neq=7 2026-07-22T19:12:36.218
ATTEMPT 22 DONE  n=7 d=3 seed=1322884 nsol=2187  2.18s  2026-07-22T19:12:38.399
ATTEMPT 23 START n=11 d=2 seed=1322885 neq=11 2026-07-22T19:12:38.402
ATTEMPT 23 DONE  n=11 d=2 seed=1322885 nsol=2048  2.66s  2026-07-22T19:12:41.063
ATTEMPT 24 START n=6 d=3 seed=1322886 neq=6 2026-07-22T19:12:41.066
ATTEMPT 24 DONE  n=6 d=3 seed=1322886 nsol=729  0.38s  2026-07-22T19:12:41.442
ATTEMPT 25 START n=8 d=2 seed=1322887 neq=8 2026-07-22T19:12:41.444
ATTEMPT 25 DONE  n=8 d=2 seed=1322887 nsol=256  0.15s  2026-07-22T19:12:41.596
ATTEMPT 26 START n=10 d=2 seed=1322888 neq=10 2026-07-22T19:12:41.599
ATTEMPT 26 DONE  n=10 d=2 seed=1322888 nsol=1024  1.07s  2026-07-22T19:12:42.673
ATTEMPT 27 START n=9 d=2 seed=1322889 neq=9 2026-07-22T19:12:42.675
ATTEMPT 27 DONE  n=9 d=2 seed=1322889 nsol=512  0.32s  2026-07-22T19:12:42.994
ATTEMPT 28 START n=7 d=3 seed=1322890 neq=7 2026-07-22T19:12:42.997
ATTEMPT 28 DONE  n=7 d=3 seed=1322890 nsol=2187  1.98s  2026-07-22T19:12:44.972
ATTEMPT 29 START n=11 d=2 seed=1322891 neq=11 2026-07-22T19:12:44.977
ATTEMPT 29 DONE  n=11 d=2 seed=1322891 nsol=2048  2.72s  2026-07-22T19:12:47.701
ATTEMPT 30 START n=6 d=3 seed=1322892 neq=6 2026-07-22T19:12:47.704
ATTEMPT 30 DONE  n=6 d=3 seed=1322892 nsol=729  0.39s  2026-07-22T19:12:48.095
ATTEMPT 31 START n=8 d=2 seed=1322893 neq=8 2026-07-22T19:12:48.097
ATTEMPT 31 DONE  n=8 d=2 seed=1322893 nsol=256  0.18s  2026-07-22T19:12:48.278
ATTEMPT 32 START n=10 d=2 seed=1322894 neq=10 2026-07-22T19:12:48.282
ATTEMPT 32 DONE  n=10 d=2 seed=1322894 nsol=1024  1.03s  2026-07-22T19:12:49.315
ATTEMPT 33 START n=9 d=2 seed=1322895 neq=9 2026-07-22T19:12:49.319
ATTEMPT 33 DONE  n=9 d=2 seed=1322895 nsol=512  0.39s  2026-07-22T19:12:49.704
ATTEMPT 34 START n=7 d=3 seed=1322896 neq=7 2026-07-22T19:12:49.707
ATTEMPT 34 DONE  n=7 d=3 seed=1322896 nsol=2187  2.01s  2026-07-22T19:12:51.722
ATTEMPT 35 START n=11 d=2 seed=1322897 neq=11 2026-07-22T19:12:51.726
ATTEMPT 35 DONE  n=11 d=2 seed=1322897 nsol=2048  2.56s  2026-07-22T19:12:54.288
ATTEMPT 36 START n=6 d=3 seed=1322898 neq=6 2026-07-22T19:12:54.291
ATTEMPT 36 DONE  n=6 d=3 seed=1322898 nsol=729  0.39s  2026-07-22T19:12:54.676
ATTEMPT 37 START n=8 d=2 seed=1322899 neq=8 2026-07-22T19:12:54.678
ATTEMPT 37 DONE  n=8 d=2 seed=1322899 nsol=256  0.14s  2026-07-22T19:12:54.814
ATTEMPT 38 START n=10 d=2 seed=1322900 neq=10 2026-07-22T19:12:54.816
ATTEMPT 38 DONE  n=10 d=2 seed=1322900 nsol=1024  0.99s  2026-07-22T19:12:55.808
ATTEMPT 39 START n=9 d=2 seed=1322901 neq=9 2026-07-22T19:12:55.811
ATTEMPT 39 DONE  n=9 d=2 seed=1322901 nsol=512  0.35s  2026-07-22T19:12:56.164
ATTEMPT 40 START n=7 d=3 seed=1322902 neq=7 2026-07-22T19:12:56.168
ATTEMPT 40 DONE  n=7 d=3 seed=1322902 nsol=2187  2.07s  2026-07-22T19:12:58.243
HUNT complete  2026-07-22T19:12:58.248
