HUNT start  nthreads=28  nsolves=40  seed_base=629282  shape=mix  pid=1838845  2026-07-22T16:26:38.832
ATTEMPT 1 START n=8 d=2 seed=629283 neq=8 2026-07-22T16:26:53.736
Computing mixed cells... 2    Time: 0:00:01[K
   mixed_volume: 20[K[A
[K[AComputing mixed cells... 48    Time: 0:00:01[K
   mixed_volume: 256[K
ATTEMPT 1 DONE  n=8 d=2 seed=629283 nsol=256  38.61s  2026-07-22T16:27:32.543
ATTEMPT 2 START n=10 d=2 seed=629284 neq=10 2026-07-22T16:27:32.764
ATTEMPT 2 DONE  n=10 d=2 seed=629284 nsol=1024  47.21s  2026-07-22T16:28:19.969
ATTEMPT 3 START n=9 d=2 seed=629285 neq=9 2026-07-22T16:28:19.972
Computing mixed cells... 43    Time: 0:00:00[K
   mixed_volume: 305[K[A
[K[AComputing mixed cells... 77    Time: 0:00:00[K
   mixed_volume: 512[K
ATTEMPT 3 DONE  n=9 d=2 seed=629285 nsol=512  18.77s  2026-07-22T16:28:38.744
ATTEMPT 4 START n=7 d=3 seed=629286 neq=7 2026-07-22T16:28:38.748
ATTEMPT 4 DONE  n=7 d=3 seed=629286 nsol=2187  33.01s  2026-07-22T16:29:11.755
ATTEMPT 5 START n=11 d=2 seed=629287 neq=11 2026-07-22T16:29:11.761
ATTEMPT 5 DONE  n=11 d=2 seed=629287 nsol=2048  47.45s  2026-07-22T16:29:59.215
ATTEMPT 6 START n=6 d=3 seed=629288 neq=6 2026-07-22T16:29:59.226
ATTEMPT 6 DONE  n=6 d=3 seed=629288 nsol=729  21.14s  2026-07-22T16:30:20.368
ATTEMPT 7 START n=8 d=2 seed=629289 neq=8 2026-07-22T16:30:20.370
ATTEMPT 7 DONE  n=8 d=2 seed=629289 nsol=256  0.18s  2026-07-22T16:30:20.545
ATTEMPT 8 START n=10 d=2 seed=629290 neq=10 2026-07-22T16:30:20.547
ATTEMPT 8 DONE  n=10 d=2 seed=629290 nsol=1024  1.35s  2026-07-22T16:30:21.901
ATTEMPT 9 START n=9 d=2 seed=629291 neq=9 2026-07-22T16:30:21.904
ATTEMPT 9 DONE  n=9 d=2 seed=629291 nsol=512  0.52s  2026-07-22T16:30:22.424
ATTEMPT 10 START n=7 d=3 seed=629292 neq=7 2026-07-22T16:30:22.429
ATTEMPT 10 DONE  n=7 d=3 seed=629292 nsol=2187  2.69s  2026-07-22T16:30:25.123
ATTEMPT 11 START n=11 d=2 seed=629293 neq=11 2026-07-22T16:30:25.126
ATTEMPT 11 DONE  n=11 d=2 seed=629293 nsol=2048  3.01s  2026-07-22T16:30:28.140
ATTEMPT 12 START n=6 d=3 seed=629294 neq=6 2026-07-22T16:30:28.144
ATTEMPT 12 DONE  n=6 d=3 seed=629294 nsol=729  0.55s  2026-07-22T16:30:28.699
ATTEMPT 13 START n=8 d=2 seed=629295 neq=8 2026-07-22T16:30:28.701
ATTEMPT 13 DONE  n=8 d=2 seed=629295 nsol=256  0.19s  2026-07-22T16:30:28.889
ATTEMPT 14 START n=10 d=2 seed=629296 neq=10 2026-07-22T16:30:28.893
ATTEMPT 14 DONE  n=10 d=2 seed=629296 nsol=1024  1.40s  2026-07-22T16:30:30.295
ATTEMPT 15 START n=9 d=2 seed=629297 neq=9 2026-07-22T16:30:30.303
ATTEMPT 15 DONE  n=9 d=2 seed=629297 nsol=512  0.45s  2026-07-22T16:30:30.757
ATTEMPT 16 START n=7 d=3 seed=629298 neq=7 2026-07-22T16:30:30.764
ATTEMPT 16 DONE  n=7 d=3 seed=629298 nsol=2187  2.66s  2026-07-22T16:30:33.427
ATTEMPT 17 START n=11 d=2 seed=629299 neq=11 2026-07-22T16:30:33.430
ATTEMPT 17 DONE  n=11 d=2 seed=629299 nsol=2048  3.19s  2026-07-22T16:30:36.621
ATTEMPT 18 START n=6 d=3 seed=629300 neq=6 2026-07-22T16:30:36.625
ATTEMPT 18 DONE  n=6 d=3 seed=629300 nsol=729  0.51s  2026-07-22T16:30:37.132
ATTEMPT 19 START n=8 d=2 seed=629301 neq=8 2026-07-22T16:30:37.134
ATTEMPT 19 DONE  n=8 d=2 seed=629301 nsol=256  0.19s  2026-07-22T16:30:37.324
ATTEMPT 20 START n=10 d=2 seed=629302 neq=10 2026-07-22T16:30:37.327
ATTEMPT 20 DONE  n=10 d=2 seed=629302 nsol=1024  1.29s  2026-07-22T16:30:38.619
ATTEMPT 21 START n=9 d=2 seed=629303 neq=9 2026-07-22T16:30:38.622
ATTEMPT 21 DONE  n=9 d=2 seed=629303 nsol=512  0.46s  2026-07-22T16:30:39.078
ATTEMPT 22 START n=7 d=3 seed=629304 neq=7 2026-07-22T16:30:39.084
ATTEMPT 22 DONE  n=7 d=3 seed=629304 nsol=2187  2.47s  2026-07-22T16:30:41.555
ATTEMPT 23 START n=11 d=2 seed=629305 neq=11 2026-07-22T16:30:41.559
ATTEMPT 23 DONE  n=11 d=2 seed=629305 nsol=2048  3.32s  2026-07-22T16:30:44.881
ATTEMPT 24 START n=6 d=3 seed=629306 neq=6 2026-07-22T16:30:44.886
ATTEMPT 24 DONE  n=6 d=3 seed=629306 nsol=729  0.56s  2026-07-22T16:30:45.443
ATTEMPT 25 START n=8 d=2 seed=629307 neq=8 2026-07-22T16:30:45.444
ATTEMPT 25 DONE  n=8 d=2 seed=629307 nsol=256  0.21s  2026-07-22T16:30:45.655
ATTEMPT 26 START n=10 d=2 seed=629308 neq=10 2026-07-22T16:30:45.659
ATTEMPT 26 DONE  n=10 d=2 seed=629308 nsol=1024  1.27s  2026-07-22T16:30:46.932
ATTEMPT 27 START n=9 d=2 seed=629309 neq=9 2026-07-22T16:30:46.935
ATTEMPT 27 DONE  n=9 d=2 seed=629309 nsol=512  0.46s  2026-07-22T16:30:47.391
ATTEMPT 28 START n=7 d=3 seed=629310 neq=7 2026-07-22T16:30:47.395
ATTEMPT 28 DONE  n=7 d=3 seed=629310 nsol=2187  2.53s  2026-07-22T16:30:49.924
ATTEMPT 29 START n=11 d=2 seed=629311 neq=11 2026-07-22T16:30:49.928
ATTEMPT 29 DONE  n=11 d=2 seed=629311 nsol=2048  6.53s  2026-07-22T16:30:56.454
ATTEMPT 30 START n=6 d=3 seed=629312 neq=6 2026-07-22T16:30:56.458
ATTEMPT 30 DONE  n=6 d=3 seed=629312 nsol=729  0.58s  2026-07-22T16:30:57.037
ATTEMPT 31 START n=8 d=2 seed=629313 neq=8 2026-07-22T16:30:57.039
ATTEMPT 31 DONE  n=8 d=2 seed=629313 nsol=256  0.21s  2026-07-22T16:30:57.246
ATTEMPT 32 START n=10 d=2 seed=629314 neq=10 2026-07-22T16:30:57.251
ATTEMPT 32 DONE  n=10 d=2 seed=629314 nsol=1024  1.38s  2026-07-22T16:30:58.631
ATTEMPT 33 START n=9 d=2 seed=629315 neq=9 2026-07-22T16:30:58.635
ATTEMPT 33 DONE  n=9 d=2 seed=629315 nsol=512  0.47s  2026-07-22T16:30:59.106
ATTEMPT 34 START n=7 d=3 seed=629316 neq=7 2026-07-22T16:30:59.112
ATTEMPT 34 DONE  n=7 d=3 seed=629316 nsol=2187  2.49s  2026-07-22T16:31:01.603
ATTEMPT 35 START n=11 d=2 seed=629317 neq=11 2026-07-22T16:31:01.607
ATTEMPT 35 DONE  n=11 d=2 seed=629317 nsol=2048  3.14s  2026-07-22T16:31:04.751
ATTEMPT 36 START n=6 d=3 seed=629318 neq=6 2026-07-22T16:31:04.755
ATTEMPT 36 DONE  n=6 d=3 seed=629318 nsol=729  0.47s  2026-07-22T16:31:05.228
ATTEMPT 37 START n=8 d=2 seed=629319 neq=8 2026-07-22T16:31:05.231
ATTEMPT 37 DONE  n=8 d=2 seed=629319 nsol=256  0.18s  2026-07-22T16:31:05.415
ATTEMPT 38 START n=10 d=2 seed=629320 neq=10 2026-07-22T16:31:05.418
ATTEMPT 38 DONE  n=10 d=2 seed=629320 nsol=1024  1.70s  2026-07-22T16:31:07.116
ATTEMPT 39 START n=9 d=2 seed=629321 neq=9 2026-07-22T16:31:07.121
ATTEMPT 39 DONE  n=9 d=2 seed=629321 nsol=512  0.49s  2026-07-22T16:31:07.613
ATTEMPT 40 START n=7 d=3 seed=629322 neq=7 2026-07-22T16:31:07.621
ATTEMPT 40 DONE  n=7 d=3 seed=629322 nsol=2187  2.68s  2026-07-22T16:31:10.301
HUNT complete  2026-07-22T16:31:10.306
