HUNT start  nthreads=28  nsolves=40  seed_base=1127680  shape=mix  pid=2970618  2026-07-22T19:04:04.949
ATTEMPT 1 START n=8 d=2 seed=1127681 neq=8 2026-07-22T19:04:19.045
Computing mixed cells... 2    Time: 0:00:00[K
   mixed_volume: 10[K[A
[K[AComputing mixed cells... 53    Time: 0:00:01[K
   mixed_volume: 256[K
ATTEMPT 1 DONE  n=8 d=2 seed=1127681 nsol=256  33.28s  2026-07-22T19:04:52.509
ATTEMPT 2 START n=10 d=2 seed=1127682 neq=10 2026-07-22T19:04:52.709
ATTEMPT 2 DONE  n=10 d=2 seed=1127682 nsol=1024  15.88s  2026-07-22T19:05:08.589
ATTEMPT 3 START n=9 d=2 seed=1127683 neq=9 2026-07-22T19:05:08.590
ATTEMPT 3 DONE  n=9 d=2 seed=1127683 nsol=512  9.56s  2026-07-22T19:05:18.147
ATTEMPT 4 START n=7 d=3 seed=1127684 neq=7 2026-07-22T19:05:18.152
ATTEMPT 4 DONE  n=7 d=3 seed=1127684 nsol=2187  21.51s  2026-07-22T19:05:39.659
ATTEMPT 5 START n=11 d=2 seed=1127685 neq=11 2026-07-22T19:05:39.664
ATTEMPT 5 DONE  n=11 d=2 seed=1127685 nsol=2048  23.96s  2026-07-22T19:06:03.623
ATTEMPT 6 START n=6 d=3 seed=1127686 neq=6 2026-07-22T19:06:03.626
ATTEMPT 6 DONE  n=6 d=3 seed=1127686 nsol=729  9.82s  2026-07-22T19:06:13.448
ATTEMPT 7 START n=8 d=2 seed=1127687 neq=8 2026-07-22T19:06:13.450
ATTEMPT 7 DONE  n=8 d=2 seed=1127687 nsol=256  0.14s  2026-07-22T19:06:13.593
ATTEMPT 8 START n=10 d=2 seed=1127688 neq=10 2026-07-22T19:06:13.596
ATTEMPT 8 DONE  n=10 d=2 seed=1127688 nsol=1024  1.16s  2026-07-22T19:06:14.754
ATTEMPT 9 START n=9 d=2 seed=1127689 neq=9 2026-07-22T19:06:14.756
ATTEMPT 9 DONE  n=9 d=2 seed=1127689 nsol=512  0.38s  2026-07-22T19:06:15.138
ATTEMPT 10 START n=7 d=3 seed=1127690 neq=7 2026-07-22T19:06:15.142
ATTEMPT 10 DONE  n=7 d=3 seed=1127690 nsol=2187  2.07s  2026-07-22T19:06:17.217
ATTEMPT 11 START n=11 d=2 seed=1127691 neq=11 2026-07-22T19:06:17.221
ATTEMPT 11 DONE  n=11 d=2 seed=1127691 nsol=2048  2.75s  2026-07-22T19:06:19.974
ATTEMPT 12 START n=6 d=3 seed=1127692 neq=6 2026-07-22T19:06:19.978
ATTEMPT 12 DONE  n=6 d=3 seed=1127692 nsol=729  0.43s  2026-07-22T19:06:20.404
ATTEMPT 13 START n=8 d=2 seed=1127693 neq=8 2026-07-22T19:06:20.407
ATTEMPT 13 DONE  n=8 d=2 seed=1127693 nsol=256  0.15s  2026-07-22T19:06:20.560
ATTEMPT 14 START n=10 d=2 seed=1127694 neq=10 2026-07-22T19:06:20.565
ATTEMPT 14 DONE  n=10 d=2 seed=1127694 nsol=1024  1.20s  2026-07-22T19:06:21.765
ATTEMPT 15 START n=9 d=2 seed=1127695 neq=9 2026-07-22T19:06:21.768
ATTEMPT 15 DONE  n=9 d=2 seed=1127695 nsol=512  0.40s  2026-07-22T19:06:22.165
ATTEMPT 16 START n=7 d=3 seed=1127696 neq=7 2026-07-22T19:06:22.170
ATTEMPT 16 DONE  n=7 d=3 seed=1127696 nsol=2187  2.03s  2026-07-22T19:06:24.198
ATTEMPT 17 START n=11 d=2 seed=1127697 neq=11 2026-07-22T19:06:24.203
ATTEMPT 17 DONE  n=11 d=2 seed=1127697 nsol=2048  2.61s  2026-07-22T19:06:26.811
ATTEMPT 18 START n=6 d=3 seed=1127698 neq=6 2026-07-22T19:06:26.814
ATTEMPT 18 DONE  n=6 d=3 seed=1127698 nsol=729  0.41s  2026-07-22T19:06:27.227
ATTEMPT 19 START n=8 d=2 seed=1127699 neq=8 2026-07-22T19:06:27.230
ATTEMPT 19 DONE  n=8 d=2 seed=1127699 nsol=256  0.14s  2026-07-22T19:06:27.371
ATTEMPT 20 START n=10 d=2 seed=1127700 neq=10 2026-07-22T19:06:27.373
ATTEMPT 20 DONE  n=10 d=2 seed=1127700 nsol=1024  1.04s  2026-07-22T19:06:28.418
ATTEMPT 21 START n=9 d=2 seed=1127701 neq=9 2026-07-22T19:06:28.421
ATTEMPT 21 DONE  n=9 d=2 seed=1127701 nsol=512  0.40s  2026-07-22T19:06:28.823
ATTEMPT 22 START n=7 d=3 seed=1127702 neq=7 2026-07-22T19:06:28.829
ATTEMPT 22 DONE  n=7 d=3 seed=1127702 nsol=2187  2.02s  2026-07-22T19:06:30.852
ATTEMPT 23 START n=11 d=2 seed=1127703 neq=11 2026-07-22T19:06:30.857
ATTEMPT 23 DONE  n=11 d=2 seed=1127703 nsol=2048  6.29s  2026-07-22T19:06:37.145
ATTEMPT 24 START n=6 d=3 seed=1127704 neq=6 2026-07-22T19:06:37.147
ATTEMPT 24 DONE  n=6 d=3 seed=1127704 nsol=729  0.42s  2026-07-22T19:06:37.566
ATTEMPT 25 START n=8 d=2 seed=1127705 neq=8 2026-07-22T19:06:37.567
ATTEMPT 25 DONE  n=8 d=2 seed=1127705 nsol=256  0.16s  2026-07-22T19:06:37.724
ATTEMPT 26 START n=10 d=2 seed=1127706 neq=10 2026-07-22T19:06:37.726
ATTEMPT 26 DONE  n=10 d=2 seed=1127706 nsol=1024  1.02s  2026-07-22T19:06:38.746
ATTEMPT 27 START n=9 d=2 seed=1127707 neq=9 2026-07-22T19:06:38.749
ATTEMPT 27 DONE  n=9 d=2 seed=1127707 nsol=512  0.38s  2026-07-22T19:06:39.124
ATTEMPT 28 START n=7 d=3 seed=1127708 neq=7 2026-07-22T19:06:39.130
ATTEMPT 28 DONE  n=7 d=3 seed=1127708 nsol=2187  1.96s  2026-07-22T19:06:41.094
ATTEMPT 29 START n=11 d=2 seed=1127709 neq=11 2026-07-22T19:06:41.098
ATTEMPT 29 DONE  n=11 d=2 seed=1127709 nsol=2048  2.65s  2026-07-22T19:06:43.747
ATTEMPT 30 START n=6 d=3 seed=1127710 neq=6 2026-07-22T19:06:43.750
ATTEMPT 30 DONE  n=6 d=3 seed=1127710 nsol=729  0.40s  2026-07-22T19:06:44.154
ATTEMPT 31 START n=8 d=2 seed=1127711 neq=8 2026-07-22T19:06:44.160
ATTEMPT 31 DONE  n=8 d=2 seed=1127711 nsol=256  0.17s  2026-07-22T19:06:44.335
ATTEMPT 32 START n=10 d=2 seed=1127712 neq=10 2026-07-22T19:06:44.338
ATTEMPT 32 DONE  n=10 d=2 seed=1127712 nsol=1024  1.01s  2026-07-22T19:06:45.345
ATTEMPT 33 START n=9 d=2 seed=1127713 neq=9 2026-07-22T19:06:45.349
ATTEMPT 33 DONE  n=9 d=2 seed=1127713 nsol=512  0.46s  2026-07-22T19:06:45.806
ATTEMPT 34 START n=7 d=3 seed=1127714 neq=7 2026-07-22T19:06:45.813
ATTEMPT 34 DONE  n=7 d=3 seed=1127714 nsol=2187  2.09s  2026-07-22T19:06:47.907
ATTEMPT 35 START n=11 d=2 seed=1127715 neq=11 2026-07-22T19:06:47.913
ATTEMPT 35 DONE  n=11 d=2 seed=1127715 nsol=2048  2.75s  2026-07-22T19:06:50.662
ATTEMPT 36 START n=6 d=3 seed=1127716 neq=6 2026-07-22T19:06:50.664
ATTEMPT 36 DONE  n=6 d=3 seed=1127716 nsol=729  0.38s  2026-07-22T19:06:51.047
ATTEMPT 37 START n=8 d=2 seed=1127717 neq=8 2026-07-22T19:06:51.050
ATTEMPT 37 DONE  n=8 d=2 seed=1127717 nsol=256  0.15s  2026-07-22T19:06:51.202
ATTEMPT 38 START n=10 d=2 seed=1127718 neq=10 2026-07-22T19:06:51.206
ATTEMPT 38 DONE  n=10 d=2 seed=1127718 nsol=1024  1.07s  2026-07-22T19:06:52.277
ATTEMPT 39 START n=9 d=2 seed=1127719 neq=9 2026-07-22T19:06:52.281
ATTEMPT 39 DONE  n=9 d=2 seed=1127719 nsol=512  0.40s  2026-07-22T19:06:52.678
ATTEMPT 40 START n=7 d=3 seed=1127720 neq=7 2026-07-22T19:06:52.684
ATTEMPT 40 DONE  n=7 d=3 seed=1127720 nsol=2187  1.93s  2026-07-22T19:06:54.609
HUNT complete  2026-07-22T19:06:54.615
