HUNT start  nthreads=28  nsolves=40  seed_base=618130  shape=mix  pid=2821262  2026-07-22T18:48:30.958
ATTEMPT 1 START n=8 d=2 seed=618131 neq=8 2026-07-22T18:48:44.873
Computing mixed cells... 2    Time: 0:00:00[K
   mixed_volume: 9[K[A
[K[AComputing mixed cells... 60    Time: 0:00:01[K
   mixed_volume: 256[K
ATTEMPT 1 DONE  n=8 d=2 seed=618131 nsol=256  35.74s  2026-07-22T18:49:20.814
ATTEMPT 2 START n=10 d=2 seed=618132 neq=10 2026-07-22T18:49:21.031
ATTEMPT 2 DONE  n=10 d=2 seed=618132 nsol=1024  15.04s  2026-07-22T18:49:36.068
ATTEMPT 3 START n=9 d=2 seed=618133 neq=9 2026-07-22T18:49:36.070
ATTEMPT 3 DONE  n=9 d=2 seed=618133 nsol=512  9.34s  2026-07-22T18:49:45.405
ATTEMPT 4 START n=7 d=3 seed=618134 neq=7 2026-07-22T18:49:45.410
ATTEMPT 4 DONE  n=7 d=3 seed=618134 nsol=2187  23.46s  2026-07-22T18:50:08.874
ATTEMPT 5 START n=11 d=2 seed=618135 neq=11 2026-07-22T18:50:08.879
ATTEMPT 5 DONE  n=11 d=2 seed=618135 nsol=2048  16.64s  2026-07-22T18:50:25.522
ATTEMPT 6 START n=6 d=3 seed=618136 neq=6 2026-07-22T18:50:25.524
Computing mixed cells... 101    Time: 0:00:03[K
   mixed_volume: 709[K[A
[K[AComputing mixed cells... 104    Time: 0:00:03[K
   mixed_volume: 729[K
ATTEMPT 6 DONE  n=6 d=3 seed=618136 nsol=729  13.41s  2026-07-22T18:50:38.933
ATTEMPT 7 START n=8 d=2 seed=618137 neq=8 2026-07-22T18:50:38.935
ATTEMPT 7 DONE  n=8 d=2 seed=618137 nsol=256  0.13s  2026-07-22T18:50:39.067
ATTEMPT 8 START n=10 d=2 seed=618138 neq=10 2026-07-22T18:50:39.069
ATTEMPT 8 DONE  n=10 d=2 seed=618138 nsol=1024  1.06s  2026-07-22T18:50:40.124
ATTEMPT 9 START n=9 d=2 seed=618139 neq=9 2026-07-22T18:50:40.126
ATTEMPT 9 DONE  n=9 d=2 seed=618139 nsol=512  0.36s  2026-07-22T18:50:40.486
ATTEMPT 10 START n=7 d=3 seed=618140 neq=7 2026-07-22T18:50:40.490
ATTEMPT 10 DONE  n=7 d=3 seed=618140 nsol=2187  1.94s  2026-07-22T18:50:42.434
ATTEMPT 11 START n=11 d=2 seed=618141 neq=11 2026-07-22T18:50:42.439
ATTEMPT 11 DONE  n=11 d=2 seed=618141 nsol=2048  2.64s  2026-07-22T18:50:45.077
ATTEMPT 12 START n=6 d=3 seed=618142 neq=6 2026-07-22T18:50:45.079
ATTEMPT 12 DONE  n=6 d=3 seed=618142 nsol=729  0.38s  2026-07-22T18:50:45.463
ATTEMPT 13 START n=8 d=2 seed=618143 neq=8 2026-07-22T18:50:45.466
ATTEMPT 13 DONE  n=8 d=2 seed=618143 nsol=256  0.15s  2026-07-22T18:50:45.616
ATTEMPT 14 START n=10 d=2 seed=618144 neq=10 2026-07-22T18:50:45.620
ATTEMPT 14 DONE  n=10 d=2 seed=618144 nsol=1024  0.95s  2026-07-22T18:50:46.572
ATTEMPT 15 START n=9 d=2 seed=618145 neq=9 2026-07-22T18:50:46.575
ATTEMPT 15 DONE  n=9 d=2 seed=618145 nsol=512  0.38s  2026-07-22T18:50:46.957
ATTEMPT 16 START n=7 d=3 seed=618146 neq=7 2026-07-22T18:50:46.963
ATTEMPT 16 DONE  n=7 d=3 seed=618146 nsol=2187  2.03s  2026-07-22T18:50:48.990
ATTEMPT 17 START n=11 d=2 seed=618147 neq=11 2026-07-22T18:50:48.995
ATTEMPT 17 DONE  n=11 d=2 seed=618147 nsol=2048  2.54s  2026-07-22T18:50:51.531
ATTEMPT 18 START n=6 d=3 seed=618148 neq=6 2026-07-22T18:50:51.535
ATTEMPT 18 DONE  n=6 d=3 seed=618148 nsol=729  0.39s  2026-07-22T18:50:51.928
ATTEMPT 19 START n=8 d=2 seed=618149 neq=8 2026-07-22T18:50:51.930
ATTEMPT 19 DONE  n=8 d=2 seed=618149 nsol=256  0.14s  2026-07-22T18:50:52.072
ATTEMPT 20 START n=10 d=2 seed=618150 neq=10 2026-07-22T18:50:52.075
ATTEMPT 20 DONE  n=10 d=2 seed=618150 nsol=1024  1.02s  2026-07-22T18:50:53.097
ATTEMPT 21 START n=9 d=2 seed=618151 neq=9 2026-07-22T18:50:53.101
ATTEMPT 21 DONE  n=9 d=2 seed=618151 nsol=512  0.35s  2026-07-22T18:50:53.454
ATTEMPT 22 START n=7 d=3 seed=618152 neq=7 2026-07-22T18:50:53.458
ATTEMPT 22 DONE  n=7 d=3 seed=618152 nsol=2187  1.99s  2026-07-22T18:50:55.446
ATTEMPT 23 START n=11 d=2 seed=618153 neq=11 2026-07-22T18:50:55.451
ATTEMPT 23 DONE  n=11 d=2 seed=618153 nsol=2048  2.64s  2026-07-22T18:50:58.094
ATTEMPT 24 START n=6 d=3 seed=618154 neq=6 2026-07-22T18:50:58.098
ATTEMPT 24 DONE  n=6 d=3 seed=618154 nsol=729  0.39s  2026-07-22T18:50:58.489
ATTEMPT 25 START n=8 d=2 seed=618155 neq=8 2026-07-22T18:50:58.492
ATTEMPT 25 DONE  n=8 d=2 seed=618155 nsol=256  0.15s  2026-07-22T18:50:58.644
ATTEMPT 26 START n=10 d=2 seed=618156 neq=10 2026-07-22T18:50:58.648
ATTEMPT 26 DONE  n=10 d=2 seed=618156 nsol=1024  1.08s  2026-07-22T18:50:59.728
ATTEMPT 27 START n=9 d=2 seed=618157 neq=9 2026-07-22T18:50:59.732
ATTEMPT 27 DONE  n=9 d=2 seed=618157 nsol=512  0.38s  2026-07-22T18:51:00.112
ATTEMPT 28 START n=7 d=3 seed=618158 neq=7 2026-07-22T18:51:00.115
ATTEMPT 28 DONE  n=7 d=3 seed=618158 nsol=2187  5.53s  2026-07-22T18:51:05.649
ATTEMPT 29 START n=11 d=2 seed=618159 neq=11 2026-07-22T18:51:05.653
ATTEMPT 29 DONE  n=11 d=2 seed=618159 nsol=2048  2.48s  2026-07-22T18:51:08.132
ATTEMPT 30 START n=6 d=3 seed=618160 neq=6 2026-07-22T18:51:08.136
ATTEMPT 30 DONE  n=6 d=3 seed=618160 nsol=729  0.40s  2026-07-22T18:51:08.532
ATTEMPT 31 START n=8 d=2 seed=618161 neq=8 2026-07-22T18:51:08.534
ATTEMPT 31 DONE  n=8 d=2 seed=618161 nsol=256  0.17s  2026-07-22T18:51:08.703
ATTEMPT 32 START n=10 d=2 seed=618162 neq=10 2026-07-22T18:51:08.707
ATTEMPT 32 DONE  n=10 d=2 seed=618162 nsol=1024  1.01s  2026-07-22T18:51:09.717
ATTEMPT 33 START n=9 d=2 seed=618163 neq=9 2026-07-22T18:51:09.720
ATTEMPT 33 DONE  n=9 d=2 seed=618163 nsol=512  0.36s  2026-07-22T18:51:10.084
ATTEMPT 34 START n=7 d=3 seed=618164 neq=7 2026-07-22T18:51:10.089
ATTEMPT 34 DONE  n=7 d=3 seed=618164 nsol=2187  2.07s  2026-07-22T18:51:12.158
ATTEMPT 35 START n=11 d=2 seed=618165 neq=11 2026-07-22T18:51:12.163
ATTEMPT 35 DONE  n=11 d=2 seed=618165 nsol=2048  2.54s  2026-07-22T18:51:14.706
ATTEMPT 36 START n=6 d=3 seed=618166 neq=6 2026-07-22T18:51:14.708
ATTEMPT 36 DONE  n=6 d=3 seed=618166 nsol=729  0.40s  2026-07-22T18:51:15.103
ATTEMPT 37 START n=8 d=2 seed=618167 neq=8 2026-07-22T18:51:15.106
ATTEMPT 37 DONE  n=8 d=2 seed=618167 nsol=256  0.14s  2026-07-22T18:51:15.250
ATTEMPT 38 START n=10 d=2 seed=618168 neq=10 2026-07-22T18:51:15.254
ATTEMPT 38 DONE  n=10 d=2 seed=618168 nsol=1024  1.04s  2026-07-22T18:51:16.297
ATTEMPT 39 START n=9 d=2 seed=618169 neq=9 2026-07-22T18:51:16.300
ATTEMPT 39 DONE  n=9 d=2 seed=618169 nsol=512  0.38s  2026-07-22T18:51:16.675
ATTEMPT 40 START n=7 d=3 seed=618170 neq=7 2026-07-22T18:51:16.681
ATTEMPT 40 DONE  n=7 d=3 seed=618170 nsol=2187  2.05s  2026-07-22T18:51:18.728
HUNT complete  2026-07-22T18:51:18.732
