HUNT start  nthreads=28  nsolves=40  seed_base=910444  shape=mix  pid=3502343  2026-07-22T19:59:11.893
ATTEMPT 1 START n=8 d=2 seed=910445 neq=8 2026-07-22T19:59:22.530
Computing mixed cells... 2    Time: 0:00:00[K
   mixed_volume: 7[K[A
[K[AComputing mixed cells... 55    Time: 0:00:00[K
   mixed_volume: 256[K
ATTEMPT 1 DONE  n=8 d=2 seed=910445 nsol=256  37.71s  2026-07-22T20:00:00.444
ATTEMPT 2 START n=10 d=2 seed=910446 neq=10 2026-07-22T20:00:00.642
ATTEMPT 2 DONE  n=10 d=2 seed=910446 nsol=1024  14.88s  2026-07-22T20:00:15.524
ATTEMPT 3 START n=9 d=2 seed=910447 neq=9 2026-07-22T20:00:15.526
ATTEMPT 3 DONE  n=9 d=2 seed=910447 nsol=512  27.24s  2026-07-22T20:00:42.766
ATTEMPT 4 START n=7 d=3 seed=910448 neq=7 2026-07-22T20:00:42.771
ATTEMPT 4 DONE  n=7 d=3 seed=910448 nsol=2187  23.19s  2026-07-22T20:01:05.958
ATTEMPT 5 START n=11 d=2 seed=910449 neq=11 2026-07-22T20:01:05.962
ATTEMPT 5 DONE  n=11 d=2 seed=910449 nsol=2048  21.18s  2026-07-22T20:01:27.139
ATTEMPT 6 START n=6 d=3 seed=910450 neq=6 2026-07-22T20:01:27.142
ATTEMPT 6 DONE  n=6 d=3 seed=910450 nsol=729  12.75s  2026-07-22T20:01:39.890
ATTEMPT 7 START n=8 d=2 seed=910451 neq=8 2026-07-22T20:01:39.892
ATTEMPT 7 DONE  n=8 d=2 seed=910451 nsol=256  0.21s  2026-07-22T20:01:40.099
ATTEMPT 8 START n=10 d=2 seed=910452 neq=10 2026-07-22T20:01:40.102
ATTEMPT 8 DONE  n=10 d=2 seed=910452 nsol=1024  1.04s  2026-07-22T20:01:41.140
ATTEMPT 9 START n=9 d=2 seed=910453 neq=9 2026-07-22T20:01:41.142
ATTEMPT 9 DONE  n=9 d=2 seed=910453 nsol=512  0.39s  2026-07-22T20:01:41.531
ATTEMPT 10 START n=7 d=3 seed=910454 neq=7 2026-07-22T20:01:41.536
ATTEMPT 10 DONE  n=7 d=3 seed=910454 nsol=2187  2.07s  2026-07-22T20:01:43.610
ATTEMPT 11 START n=11 d=2 seed=910455 neq=11 2026-07-22T20:01:43.615
ATTEMPT 11 DONE  n=11 d=2 seed=910455 nsol=2048  2.71s  2026-07-22T20:01:46.324
ATTEMPT 12 START n=6 d=3 seed=910456 neq=6 2026-07-22T20:01:46.327
ATTEMPT 12 DONE  n=6 d=3 seed=910456 nsol=729  0.40s  2026-07-22T20:01:46.727
ATTEMPT 13 START n=8 d=2 seed=910457 neq=8 2026-07-22T20:01:46.728
ATTEMPT 13 DONE  n=8 d=2 seed=910457 nsol=256  0.17s  2026-07-22T20:01:46.900
ATTEMPT 14 START n=10 d=2 seed=910458 neq=10 2026-07-22T20:01:46.903
ATTEMPT 14 DONE  n=10 d=2 seed=910458 nsol=1024  1.07s  2026-07-22T20:01:47.972
ATTEMPT 15 START n=9 d=2 seed=910459 neq=9 2026-07-22T20:01:47.976
ATTEMPT 15 DONE  n=9 d=2 seed=910459 nsol=512  0.40s  2026-07-22T20:01:48.380
ATTEMPT 16 START n=7 d=3 seed=910460 neq=7 2026-07-22T20:01:48.386
ATTEMPT 16 DONE  n=7 d=3 seed=910460 nsol=2187  2.28s  2026-07-22T20:01:50.670
ATTEMPT 17 START n=11 d=2 seed=910461 neq=11 2026-07-22T20:01:50.675
ATTEMPT 17 DONE  n=11 d=2 seed=910461 nsol=2048  2.61s  2026-07-22T20:01:53.287
ATTEMPT 18 START n=6 d=3 seed=910462 neq=6 2026-07-22T20:01:53.290
ATTEMPT 18 DONE  n=6 d=3 seed=910462 nsol=729  0.41s  2026-07-22T20:01:53.699
ATTEMPT 19 START n=8 d=2 seed=910463 neq=8 2026-07-22T20:01:53.702
ATTEMPT 19 DONE  n=8 d=2 seed=910463 nsol=256  0.16s  2026-07-22T20:01:53.863
ATTEMPT 20 START n=10 d=2 seed=910464 neq=10 2026-07-22T20:01:53.868
ATTEMPT 20 DONE  n=10 d=2 seed=910464 nsol=1024  1.08s  2026-07-22T20:01:54.948
ATTEMPT 21 START n=9 d=2 seed=910465 neq=9 2026-07-22T20:01:54.952
ATTEMPT 21 DONE  n=9 d=2 seed=910465 nsol=512  0.39s  2026-07-22T20:01:55.338
ATTEMPT 22 START n=7 d=3 seed=910466 neq=7 2026-07-22T20:01:55.344
ATTEMPT 22 DONE  n=7 d=3 seed=910466 nsol=2187  2.19s  2026-07-22T20:01:57.535
ATTEMPT 23 START n=11 d=2 seed=910467 neq=11 2026-07-22T20:01:57.539
ATTEMPT 23 DONE  n=11 d=2 seed=910467 nsol=2048  2.89s  2026-07-22T20:02:00.430
ATTEMPT 24 START n=6 d=3 seed=910468 neq=6 2026-07-22T20:02:00.432
ATTEMPT 24 DONE  n=6 d=3 seed=910468 nsol=729  0.44s  2026-07-22T20:02:00.876
ATTEMPT 25 START n=8 d=2 seed=910469 neq=8 2026-07-22T20:02:00.878
ATTEMPT 25 DONE  n=8 d=2 seed=910469 nsol=256  0.15s  2026-07-22T20:02:01.025
ATTEMPT 26 START n=10 d=2 seed=910470 neq=10 2026-07-22T20:02:01.029
ATTEMPT 26 DONE  n=10 d=2 seed=910470 nsol=1024  1.05s  2026-07-22T20:02:02.081
ATTEMPT 27 START n=9 d=2 seed=910471 neq=9 2026-07-22T20:02:02.084
ATTEMPT 27 DONE  n=9 d=2 seed=910471 nsol=512  0.38s  2026-07-22T20:02:02.468
ATTEMPT 28 START n=7 d=3 seed=910472 neq=7 2026-07-22T20:02:02.474
ATTEMPT 28 DONE  n=7 d=3 seed=910472 nsol=2187  2.24s  2026-07-22T20:02:04.719
ATTEMPT 29 START n=11 d=2 seed=910473 neq=11 2026-07-22T20:02:04.722
ATTEMPT 29 DONE  n=11 d=2 seed=910473 nsol=2048  6.15s  2026-07-22T20:02:10.868
ATTEMPT 30 START n=6 d=3 seed=910474 neq=6 2026-07-22T20:02:10.872
ATTEMPT 30 DONE  n=6 d=3 seed=910474 nsol=729  0.44s  2026-07-22T20:02:11.309
ATTEMPT 31 START n=8 d=2 seed=910475 neq=8 2026-07-22T20:02:11.312
ATTEMPT 31 DONE  n=8 d=2 seed=910475 nsol=256  0.18s  2026-07-22T20:02:11.487
ATTEMPT 32 START n=10 d=2 seed=910476 neq=10 2026-07-22T20:02:11.490
ATTEMPT 32 DONE  n=10 d=2 seed=910476 nsol=1024  1.05s  2026-07-22T20:02:12.540
ATTEMPT 33 START n=9 d=2 seed=910477 neq=9 2026-07-22T20:02:12.544
ATTEMPT 33 DONE  n=9 d=2 seed=910477 nsol=512  0.39s  2026-07-22T20:02:12.929
ATTEMPT 34 START n=7 d=3 seed=910478 neq=7 2026-07-22T20:02:12.935
ATTEMPT 34 DONE  n=7 d=3 seed=910478 nsol=2187  2.18s  2026-07-22T20:02:15.117
ATTEMPT 35 START n=11 d=2 seed=910479 neq=11 2026-07-22T20:02:15.121
ATTEMPT 35 DONE  n=11 d=2 seed=910479 nsol=2048  2.65s  2026-07-22T20:02:17.774
ATTEMPT 36 START n=6 d=3 seed=910480 neq=6 2026-07-22T20:02:17.777
ATTEMPT 36 DONE  n=6 d=3 seed=910480 nsol=729  0.42s  2026-07-22T20:02:18.199
ATTEMPT 37 START n=8 d=2 seed=910481 neq=8 2026-07-22T20:02:18.202
ATTEMPT 37 DONE  n=8 d=2 seed=910481 nsol=256  0.15s  2026-07-22T20:02:18.353
ATTEMPT 38 START n=10 d=2 seed=910482 neq=10 2026-07-22T20:02:18.356
ATTEMPT 38 DONE  n=10 d=2 seed=910482 nsol=1024  1.06s  2026-07-22T20:02:19.414
ATTEMPT 39 START n=9 d=2 seed=910483 neq=9 2026-07-22T20:02:19.417
ATTEMPT 39 DONE  n=9 d=2 seed=910483 nsol=512  0.41s  2026-07-22T20:02:19.830
ATTEMPT 40 START n=7 d=3 seed=910484 neq=7 2026-07-22T20:02:19.837
ATTEMPT 40 DONE  n=7 d=3 seed=910484 nsol=2187  2.10s  2026-07-22T20:02:21.934
HUNT complete  2026-07-22T20:02:21.940
