HUNT start  nthreads=28  nsolves=40  seed_base=101213  shape=mix  pid=3263446  2026-07-22T19:34:29.733
ATTEMPT 1 START n=8 d=2 seed=101214 neq=8 2026-07-22T19:34:43.595
Computing mixed cells... 2    Time: 0:00:01[K
   mixed_volume: 14[K[A
[K[AComputing mixed cells... 29    Time: 0:00:01[K
   mixed_volume: 256[K
ATTEMPT 1 DONE  n=8 d=2 seed=101214 nsol=256  37.11s  2026-07-22T19:35:20.876
ATTEMPT 2 START n=10 d=2 seed=101215 neq=10 2026-07-22T19:35:21.066
ATTEMPT 2 DONE  n=10 d=2 seed=101215 nsol=1024  12.83s  2026-07-22T19:35:33.898
ATTEMPT 3 START n=9 d=2 seed=101216 neq=9 2026-07-22T19:35:33.900
ATTEMPT 3 DONE  n=9 d=2 seed=101216 nsol=512  10.14s  2026-07-22T19:35:44.038
ATTEMPT 4 START n=7 d=3 seed=101217 neq=7 2026-07-22T19:35:44.042
ATTEMPT 4 DONE  n=7 d=3 seed=101217 nsol=2187  22.26s  2026-07-22T19:36:06.305
ATTEMPT 5 START n=11 d=2 seed=101218 neq=11 2026-07-22T19:36:06.308
ATTEMPT 5 DONE  n=11 d=2 seed=101218 nsol=2048  23.77s  2026-07-22T19:36:30.081
ATTEMPT 6 START n=6 d=3 seed=101219 neq=6 2026-07-22T19:36:30.087
ATTEMPT 6 DONE  n=6 d=3 seed=101219 nsol=729  10.16s  2026-07-22T19:36:40.243
ATTEMPT 7 START n=8 d=2 seed=101220 neq=8 2026-07-22T19:36:40.246
ATTEMPT 7 DONE  n=8 d=2 seed=101220 nsol=256  0.17s  2026-07-22T19:36:40.418
ATTEMPT 8 START n=10 d=2 seed=101221 neq=10 2026-07-22T19:36:40.420
ATTEMPT 8 DONE  n=10 d=2 seed=101221 nsol=1024  1.16s  2026-07-22T19:36:41.580
ATTEMPT 9 START n=9 d=2 seed=101222 neq=9 2026-07-22T19:36:41.583
ATTEMPT 9 DONE  n=9 d=2 seed=101222 nsol=512  0.45s  2026-07-22T19:36:42.037
ATTEMPT 10 START n=7 d=3 seed=101223 neq=7 2026-07-22T19:36:42.042
ATTEMPT 10 DONE  n=7 d=3 seed=101223 nsol=2187  2.12s  2026-07-22T19:36:44.161
ATTEMPT 11 START n=11 d=2 seed=101224 neq=11 2026-07-22T19:36:44.165
ATTEMPT 11 DONE  n=11 d=2 seed=101224 nsol=2048  2.97s  2026-07-22T19:36:47.136
ATTEMPT 12 START n=6 d=3 seed=101225 neq=6 2026-07-22T19:36:47.140
ATTEMPT 12 DONE  n=6 d=3 seed=101225 nsol=729  0.49s  2026-07-22T19:36:47.627
ATTEMPT 13 START n=8 d=2 seed=101226 neq=8 2026-07-22T19:36:47.629
ATTEMPT 13 DONE  n=8 d=2 seed=101226 nsol=256  0.20s  2026-07-22T19:36:47.828
ATTEMPT 14 START n=10 d=2 seed=101227 neq=10 2026-07-22T19:36:47.832
ATTEMPT 14 DONE  n=10 d=2 seed=101227 nsol=1024  1.16s  2026-07-22T19:36:48.989
ATTEMPT 15 START n=9 d=2 seed=101228 neq=9 2026-07-22T19:36:48.991
ATTEMPT 15 DONE  n=9 d=2 seed=101228 nsol=512  0.38s  2026-07-22T19:36:49.375
ATTEMPT 16 START n=7 d=3 seed=101229 neq=7 2026-07-22T19:36:49.381
ATTEMPT 16 DONE  n=7 d=3 seed=101229 nsol=2187  2.08s  2026-07-22T19:36:51.458
ATTEMPT 17 START n=11 d=2 seed=101230 neq=11 2026-07-22T19:36:51.463
ATTEMPT 17 DONE  n=11 d=2 seed=101230 nsol=2048  2.98s  2026-07-22T19:36:54.440
ATTEMPT 18 START n=6 d=3 seed=101231 neq=6 2026-07-22T19:36:54.442
ATTEMPT 18 DONE  n=6 d=3 seed=101231 nsol=729  0.43s  2026-07-22T19:36:54.873
ATTEMPT 19 START n=8 d=2 seed=101232 neq=8 2026-07-22T19:36:54.877
ATTEMPT 19 DONE  n=8 d=2 seed=101232 nsol=256  0.17s  2026-07-22T19:36:55.048
ATTEMPT 20 START n=10 d=2 seed=101233 neq=10 2026-07-22T19:36:55.051
ATTEMPT 20 DONE  n=10 d=2 seed=101233 nsol=1024  1.12s  2026-07-22T19:36:56.168
ATTEMPT 21 START n=9 d=2 seed=101234 neq=9 2026-07-22T19:36:56.172
ATTEMPT 21 DONE  n=9 d=2 seed=101234 nsol=512  0.38s  2026-07-22T19:36:56.552
ATTEMPT 22 START n=7 d=3 seed=101235 neq=7 2026-07-22T19:36:56.560
ATTEMPT 22 DONE  n=7 d=3 seed=101235 nsol=2187  2.21s  2026-07-22T19:36:58.766
ATTEMPT 23 START n=11 d=2 seed=101236 neq=11 2026-07-22T19:36:58.770
ATTEMPT 23 DONE  n=11 d=2 seed=101236 nsol=2048  6.29s  2026-07-22T19:37:05.060
ATTEMPT 24 START n=6 d=3 seed=101237 neq=6 2026-07-22T19:37:05.064
ATTEMPT 24 DONE  n=6 d=3 seed=101237 nsol=729  0.41s  2026-07-22T19:37:05.472
ATTEMPT 25 START n=8 d=2 seed=101238 neq=8 2026-07-22T19:37:05.475
ATTEMPT 25 DONE  n=8 d=2 seed=101238 nsol=256  0.15s  2026-07-22T19:37:05.627
ATTEMPT 26 START n=10 d=2 seed=101239 neq=10 2026-07-22T19:37:05.630
ATTEMPT 26 DONE  n=10 d=2 seed=101239 nsol=1024  1.03s  2026-07-22T19:37:06.664
ATTEMPT 27 START n=9 d=2 seed=101240 neq=9 2026-07-22T19:37:06.667
ATTEMPT 27 DONE  n=9 d=2 seed=101240 nsol=512  0.40s  2026-07-22T19:37:07.067
ATTEMPT 28 START n=7 d=3 seed=101241 neq=7 2026-07-22T19:37:07.071
ATTEMPT 28 DONE  n=7 d=3 seed=101241 nsol=2187  2.24s  2026-07-22T19:37:09.308
ATTEMPT 29 START n=11 d=2 seed=101242 neq=11 2026-07-22T19:37:09.312
ATTEMPT 29 DONE  n=11 d=2 seed=101242 nsol=2048  2.84s  2026-07-22T19:37:12.157
ATTEMPT 30 START n=6 d=3 seed=101243 neq=6 2026-07-22T19:37:12.161
ATTEMPT 30 DONE  n=6 d=3 seed=101243 nsol=729  0.43s  2026-07-22T19:37:12.589
ATTEMPT 31 START n=8 d=2 seed=101244 neq=8 2026-07-22T19:37:12.591
ATTEMPT 31 DONE  n=8 d=2 seed=101244 nsol=256  0.15s  2026-07-22T19:37:12.744
ATTEMPT 32 START n=10 d=2 seed=101245 neq=10 2026-07-22T19:37:12.748
ATTEMPT 32 DONE  n=10 d=2 seed=101245 nsol=1024  1.16s  2026-07-22T19:37:13.906
ATTEMPT 33 START n=9 d=2 seed=101246 neq=9 2026-07-22T19:37:13.908
ATTEMPT 33 DONE  n=9 d=2 seed=101246 nsol=512  0.34s  2026-07-22T19:37:14.251
ATTEMPT 34 START n=7 d=3 seed=101247 neq=7 2026-07-22T19:37:14.255
ATTEMPT 34 DONE  n=7 d=3 seed=101247 nsol=2187  1.99s  2026-07-22T19:37:16.243
ATTEMPT 35 START n=11 d=2 seed=101248 neq=11 2026-07-22T19:37:16.248
ATTEMPT 35 DONE  n=11 d=2 seed=101248 nsol=2048  3.19s  2026-07-22T19:37:19.435
ATTEMPT 36 START n=6 d=3 seed=101249 neq=6 2026-07-22T19:37:19.439
ATTEMPT 36 DONE  n=6 d=3 seed=101249 nsol=729  0.44s  2026-07-22T19:37:19.879
ATTEMPT 37 START n=8 d=2 seed=101250 neq=8 2026-07-22T19:37:19.882
ATTEMPT 37 DONE  n=8 d=2 seed=101250 nsol=256  0.19s  2026-07-22T19:37:20.072
ATTEMPT 38 START n=10 d=2 seed=101251 neq=10 2026-07-22T19:37:20.076
ATTEMPT 38 DONE  n=10 d=2 seed=101251 nsol=1024  1.06s  2026-07-22T19:37:21.140
ATTEMPT 39 START n=9 d=2 seed=101252 neq=9 2026-07-22T19:37:21.143
ATTEMPT 39 DONE  n=9 d=2 seed=101252 nsol=512  0.39s  2026-07-22T19:37:21.530
ATTEMPT 40 START n=7 d=3 seed=101253 neq=7 2026-07-22T19:37:21.533
ATTEMPT 40 DONE  n=7 d=3 seed=101253 nsol=2187  2.02s  2026-07-22T19:37:23.558
HUNT complete  2026-07-22T19:37:23.563
