HUNT start  nthreads=28  nsolves=40  seed_base=1632704  shape=mix  pid=2324644  2026-07-22T17:33:54.628
ATTEMPT 1 START n=8 d=2 seed=1632705 neq=8 2026-07-22T17:34:45.112
Computing mixed cells... 2    Time: 0:00:03[K
   mixed_volume: 12[K[A
[K[AComputing mixed cells... 37    Time: 0:00:04[K
   mixed_volume: 256[K
ATTEMPT 1 DONE  n=8 d=2 seed=1632705 nsol=256  138.75s  2026-07-22T17:37:04.687
ATTEMPT 2 START n=10 d=2 seed=1632706 neq=10 2026-07-22T17:37:05.303
ATTEMPT 2 DONE  n=10 d=2 seed=1632706 nsol=1024  85.35s  2026-07-22T17:38:30.652
ATTEMPT 3 START n=9 d=2 seed=1632707 neq=9 2026-07-22T17:38:30.654
ATTEMPT 3 DONE  n=9 d=2 seed=1632707 nsol=512  56.78s  2026-07-22T17:39:27.434
ATTEMPT 4 START n=7 d=3 seed=1632708 neq=7 2026-07-22T17:39:27.447
ATTEMPT 4 DONE  n=7 d=3 seed=1632708 nsol=2187  83.05s  2026-07-22T17:40:50.500
ATTEMPT 5 START n=11 d=2 seed=1632709 neq=11 2026-07-22T17:40:50.503
ATTEMPT 5 DONE  n=11 d=2 seed=1632709 nsol=2048  54.88s  2026-07-22T17:41:45.380
ATTEMPT 6 START n=6 d=3 seed=1632710 neq=6 2026-07-22T17:41:45.383
ATTEMPT 6 DONE  n=6 d=3 seed=1632710 nsol=729  29.54s  2026-07-22T17:42:14.922
ATTEMPT 7 START n=8 d=2 seed=1632711 neq=8 2026-07-22T17:42:14.925
ATTEMPT 7 DONE  n=8 d=2 seed=1632711 nsol=256  0.63s  2026-07-22T17:42:15.551
ATTEMPT 8 START n=10 d=2 seed=1632712 neq=10 2026-07-22T17:42:15.560
ATTEMPT 8 DONE  n=10 d=2 seed=1632712 nsol=1024  2.20s  2026-07-22T17:42:17.757
ATTEMPT 9 START n=9 d=2 seed=1632713 neq=9 2026-07-22T17:42:17.773
ATTEMPT 9 DONE  n=9 d=2 seed=1632713 nsol=512  1.17s  2026-07-22T17:42:18.953
ATTEMPT 10 START n=7 d=3 seed=1632714 neq=7 2026-07-22T17:42:18.969
ATTEMPT 10 DONE  n=7 d=3 seed=1632714 nsol=2187  8.07s  2026-07-22T17:42:27.041
ATTEMPT 11 START n=11 d=2 seed=1632715 neq=11 2026-07-22T17:42:27.054
ATTEMPT 11 DONE  n=11 d=2 seed=1632715 nsol=2048  6.70s  2026-07-22T17:42:33.759
ATTEMPT 12 START n=6 d=3 seed=1632716 neq=6 2026-07-22T17:42:33.763
ATTEMPT 12 DONE  n=6 d=3 seed=1632716 nsol=729  1.12s  2026-07-22T17:42:34.887
ATTEMPT 13 START n=8 d=2 seed=1632717 neq=8 2026-07-22T17:42:34.890
ATTEMPT 13 DONE  n=8 d=2 seed=1632717 nsol=256  0.42s  2026-07-22T17:42:35.309
ATTEMPT 14 START n=10 d=2 seed=1632718 neq=10 2026-07-22T17:42:35.311
ATTEMPT 14 DONE  n=10 d=2 seed=1632718 nsol=1024  2.68s  2026-07-22T17:42:37.989
ATTEMPT 15 START n=9 d=2 seed=1632719 neq=9 2026-07-22T17:42:37.992
ATTEMPT 15 DONE  n=9 d=2 seed=1632719 nsol=512  1.20s  2026-07-22T17:42:39.199
ATTEMPT 16 START n=7 d=3 seed=1632720 neq=7 2026-07-22T17:42:39.212
ATTEMPT 16 DONE  n=7 d=3 seed=1632720 nsol=2187  4.12s  2026-07-22T17:42:43.334
ATTEMPT 17 START n=11 d=2 seed=1632721 neq=11 2026-07-22T17:42:43.360
ATTEMPT 17 DONE  n=11 d=2 seed=1632721 nsol=2048  6.62s  2026-07-22T17:42:49.989
ATTEMPT 18 START n=6 d=3 seed=1632722 neq=6 2026-07-22T17:42:49.993
ATTEMPT 18 DONE  n=6 d=3 seed=1632722 nsol=729  1.07s  2026-07-22T17:42:51.064
ATTEMPT 19 START n=8 d=2 seed=1632723 neq=8 2026-07-22T17:42:51.069
ATTEMPT 19 DONE  n=8 d=2 seed=1632723 nsol=256  0.42s  2026-07-22T17:42:51.494
ATTEMPT 20 START n=10 d=2 seed=1632724 neq=10 2026-07-22T17:42:51.498
ATTEMPT 20 DONE  n=10 d=2 seed=1632724 nsol=1024  2.49s  2026-07-22T17:42:53.993
ATTEMPT 21 START n=9 d=2 seed=1632725 neq=9 2026-07-22T17:42:53.997
ATTEMPT 21 DONE  n=9 d=2 seed=1632725 nsol=512  1.05s  2026-07-22T17:42:55.047
ATTEMPT 22 START n=7 d=3 seed=1632726 neq=7 2026-07-22T17:42:55.081
ATTEMPT 22 DONE  n=7 d=3 seed=1632726 nsol=2187  9.31s  2026-07-22T17:43:04.396
ATTEMPT 23 START n=11 d=2 seed=1632727 neq=11 2026-07-22T17:43:04.405
ATTEMPT 23 DONE  n=11 d=2 seed=1632727 nsol=2048  4.60s  2026-07-22T17:43:09.001
ATTEMPT 24 START n=6 d=3 seed=1632728 neq=6 2026-07-22T17:43:09.007
ATTEMPT 24 DONE  n=6 d=3 seed=1632728 nsol=729  1.13s  2026-07-22T17:43:10.145
ATTEMPT 25 START n=8 d=2 seed=1632729 neq=8 2026-07-22T17:43:10.152
ATTEMPT 25 DONE  n=8 d=2 seed=1632729 nsol=256  0.43s  2026-07-22T17:43:10.587
ATTEMPT 26 START n=10 d=2 seed=1632730 neq=10 2026-07-22T17:43:10.591
ATTEMPT 26 DONE  n=10 d=2 seed=1632730 nsol=1024  2.38s  2026-07-22T17:43:12.968
ATTEMPT 27 START n=9 d=2 seed=1632731 neq=9 2026-07-22T17:43:12.995
ATTEMPT 27 DONE  n=9 d=2 seed=1632731 nsol=512  1.00s  2026-07-22T17:43:13.994
ATTEMPT 28 START n=7 d=3 seed=1632732 neq=7 2026-07-22T17:43:14.011
ATTEMPT 28 DONE  n=7 d=3 seed=1632732 nsol=2187  4.44s  2026-07-22T17:43:18.454
ATTEMPT 29 START n=11 d=2 seed=1632733 neq=11 2026-07-22T17:43:18.485
ATTEMPT 29 DONE  n=11 d=2 seed=1632733 nsol=2048  6.52s  2026-07-22T17:43:25.001
ATTEMPT 30 START n=6 d=3 seed=1632734 neq=6 2026-07-22T17:43:25.006
ATTEMPT 30 DONE  n=6 d=3 seed=1632734 nsol=729  1.27s  2026-07-22T17:43:26.280
ATTEMPT 31 START n=8 d=2 seed=1632735 neq=8 2026-07-22T17:43:26.282
ATTEMPT 31 DONE  n=8 d=2 seed=1632735 nsol=256  0.52s  2026-07-22T17:43:26.805
ATTEMPT 32 START n=10 d=2 seed=1632736 neq=10 2026-07-22T17:43:26.807
ATTEMPT 32 DONE  n=10 d=2 seed=1632736 nsol=1024  2.98s  2026-07-22T17:43:29.790
ATTEMPT 33 START n=9 d=2 seed=1632737 neq=9 2026-07-22T17:43:29.807
ATTEMPT 33 DONE  n=9 d=2 seed=1632737 nsol=512  1.03s  2026-07-22T17:43:30.847
ATTEMPT 34 START n=7 d=3 seed=1632738 neq=7 2026-07-22T17:43:30.878
ATTEMPT 34 DONE  n=7 d=3 seed=1632738 nsol=2187  9.24s  2026-07-22T17:43:40.125
ATTEMPT 35 START n=11 d=2 seed=1632739 neq=11 2026-07-22T17:43:40.130
ATTEMPT 35 DONE  n=11 d=2 seed=1632739 nsol=2048  6.19s  2026-07-22T17:43:46.321
ATTEMPT 36 START n=6 d=3 seed=1632740 neq=6 2026-07-22T17:43:46.340
ATTEMPT 36 DONE  n=6 d=3 seed=1632740 nsol=729  1.06s  2026-07-22T17:43:47.410
ATTEMPT 37 START n=8 d=2 seed=1632741 neq=8 2026-07-22T17:43:47.411
ATTEMPT 37 DONE  n=8 d=2 seed=1632741 nsol=256  0.46s  2026-07-22T17:43:47.873
ATTEMPT 38 START n=10 d=2 seed=1632742 neq=10 2026-07-22T17:43:47.878
ATTEMPT 38 DONE  n=10 d=2 seed=1632742 nsol=1024  2.28s  2026-07-22T17:43:50.155
ATTEMPT 39 START n=9 d=2 seed=1632743 neq=9 2026-07-22T17:43:50.164
ATTEMPT 39 DONE  n=9 d=2 seed=1632743 nsol=512  0.88s  2026-07-22T17:43:51.053
ATTEMPT 40 START n=7 d=3 seed=1632744 neq=7 2026-07-22T17:43:51.093
ATTEMPT 40 DONE  n=7 d=3 seed=1632744 nsol=2186  4.64s  2026-07-22T17:43:55.729
HUNT complete  2026-07-22T17:43:55.743
