HUNT start  nthreads=28  nsolves=40  seed_base=1928084  shape=mix  pid=3203515  2026-07-22T19:28:13.385
ATTEMPT 1 START n=8 d=2 seed=1928085 neq=8 2026-07-22T19:28:23.371
Computing mixed cells... 2    Time: 0:00:00[K
   mixed_volume: 5[K[A
[K[AComputing mixed cells... 51    Time: 0:00:00[K
   mixed_volume: 256[K
ATTEMPT 1 DONE  n=8 d=2 seed=1928085 nsol=256  31.71s  2026-07-22T19:28:55.256
ATTEMPT 2 START n=10 d=2 seed=1928086 neq=10 2026-07-22T19:28:55.465
ATTEMPT 2 DONE  n=10 d=2 seed=1928086 nsol=1024  13.95s  2026-07-22T19:29:09.419
ATTEMPT 3 START n=9 d=2 seed=1928087 neq=9 2026-07-22T19:29:09.421
ATTEMPT 3 DONE  n=9 d=2 seed=1928087 nsol=512  15.50s  2026-07-22T19:29:24.918
ATTEMPT 4 START n=7 d=3 seed=1928088 neq=7 2026-07-22T19:29:24.922
ATTEMPT 4 DONE  n=7 d=3 seed=1928088 nsol=2187  18.36s  2026-07-22T19:29:43.280
ATTEMPT 5 START n=11 d=2 seed=1928089 neq=11 2026-07-22T19:29:43.283
ATTEMPT 5 DONE  n=11 d=2 seed=1928089 nsol=2048  26.09s  2026-07-22T19:30:09.375
ATTEMPT 6 START n=6 d=3 seed=1928090 neq=6 2026-07-22T19:30:09.377
ATTEMPT 6 DONE  n=6 d=3 seed=1928090 nsol=729  10.75s  2026-07-22T19:30:20.128
ATTEMPT 7 START n=8 d=2 seed=1928091 neq=8 2026-07-22T19:30:20.130
ATTEMPT 7 DONE  n=8 d=2 seed=1928091 nsol=256  0.17s  2026-07-22T19:30:20.301
ATTEMPT 8 START n=10 d=2 seed=1928092 neq=10 2026-07-22T19:30:20.304
ATTEMPT 8 DONE  n=10 d=2 seed=1928092 nsol=1024  0.92s  2026-07-22T19:30:21.227
ATTEMPT 9 START n=9 d=2 seed=1928093 neq=9 2026-07-22T19:30:21.230
ATTEMPT 9 DONE  n=9 d=2 seed=1928093 nsol=512  0.38s  2026-07-22T19:30:21.614
ATTEMPT 10 START n=7 d=3 seed=1928094 neq=7 2026-07-22T19:30:21.619
ATTEMPT 10 DONE  n=7 d=3 seed=1928094 nsol=2187  1.89s  2026-07-22T19:30:23.514
ATTEMPT 11 START n=11 d=2 seed=1928095 neq=11 2026-07-22T19:30:23.518
ATTEMPT 11 DONE  n=11 d=2 seed=1928095 nsol=2048  2.51s  2026-07-22T19:30:26.032
ATTEMPT 12 START n=6 d=3 seed=1928096 neq=6 2026-07-22T19:30:26.035
ATTEMPT 12 DONE  n=6 d=3 seed=1928096 nsol=729  0.39s  2026-07-22T19:30:26.427
ATTEMPT 13 START n=8 d=2 seed=1928097 neq=8 2026-07-22T19:30:26.430
ATTEMPT 13 DONE  n=8 d=2 seed=1928097 nsol=256  3.73s  2026-07-22T19:30:30.156
ATTEMPT 14 START n=10 d=2 seed=1928098 neq=10 2026-07-22T19:30:30.159
ATTEMPT 14 DONE  n=10 d=2 seed=1928098 nsol=1024  0.98s  2026-07-22T19:30:31.136
ATTEMPT 15 START n=9 d=2 seed=1928099 neq=9 2026-07-22T19:30:31.139
ATTEMPT 15 DONE  n=9 d=2 seed=1928099 nsol=512  0.40s  2026-07-22T19:30:31.539
ATTEMPT 16 START n=7 d=3 seed=1928100 neq=7 2026-07-22T19:30:31.542
ATTEMPT 16 DONE  n=7 d=3 seed=1928100 nsol=2187  1.90s  2026-07-22T19:30:33.442
ATTEMPT 17 START n=11 d=2 seed=1928101 neq=11 2026-07-22T19:30:33.446
ATTEMPT 17 DONE  n=11 d=2 seed=1928101 nsol=2048  2.49s  2026-07-22T19:30:35.934
ATTEMPT 18 START n=6 d=3 seed=1928102 neq=6 2026-07-22T19:30:35.937
ATTEMPT 18 DONE  n=6 d=3 seed=1928102 nsol=729  0.38s  2026-07-22T19:30:36.317
ATTEMPT 19 START n=8 d=2 seed=1928103 neq=8 2026-07-22T19:30:36.320
ATTEMPT 19 DONE  n=8 d=2 seed=1928103 nsol=256  0.16s  2026-07-22T19:30:36.485
ATTEMPT 20 START n=10 d=2 seed=1928104 neq=10 2026-07-22T19:30:36.488
ATTEMPT 20 DONE  n=10 d=2 seed=1928104 nsol=1024  1.09s  2026-07-22T19:30:37.582
ATTEMPT 21 START n=9 d=2 seed=1928105 neq=9 2026-07-22T19:30:37.585
ATTEMPT 21 DONE  n=9 d=2 seed=1928105 nsol=512  0.36s  2026-07-22T19:30:37.942
ATTEMPT 22 START n=7 d=3 seed=1928106 neq=7 2026-07-22T19:30:37.946
ATTEMPT 22 DONE  n=7 d=3 seed=1928106 nsol=2187  1.93s  2026-07-22T19:30:39.878
ATTEMPT 23 START n=11 d=2 seed=1928107 neq=11 2026-07-22T19:30:39.883
ATTEMPT 23 DONE  n=11 d=2 seed=1928107 nsol=2048  2.82s  2026-07-22T19:30:42.704
ATTEMPT 24 START n=6 d=3 seed=1928108 neq=6 2026-07-22T19:30:42.707
ATTEMPT 24 DONE  n=6 d=3 seed=1928108 nsol=729  0.50s  2026-07-22T19:30:43.208
ATTEMPT 25 START n=8 d=2 seed=1928109 neq=8 2026-07-22T19:30:43.209
ATTEMPT 25 DONE  n=8 d=2 seed=1928109 nsol=256  0.14s  2026-07-22T19:30:43.352
ATTEMPT 26 START n=10 d=2 seed=1928110 neq=10 2026-07-22T19:30:43.355
ATTEMPT 26 DONE  n=10 d=2 seed=1928110 nsol=1024  0.99s  2026-07-22T19:30:44.344
ATTEMPT 27 START n=9 d=2 seed=1928111 neq=9 2026-07-22T19:30:44.347
ATTEMPT 27 DONE  n=9 d=2 seed=1928111 nsol=512  0.40s  2026-07-22T19:30:44.752
ATTEMPT 28 START n=7 d=3 seed=1928112 neq=7 2026-07-22T19:30:44.757
ATTEMPT 28 DONE  n=7 d=3 seed=1928112 nsol=2187  2.06s  2026-07-22T19:30:46.813
ATTEMPT 29 START n=11 d=2 seed=1928113 neq=11 2026-07-22T19:30:46.817
ATTEMPT 29 DONE  n=11 d=2 seed=1928113 nsol=2048  2.58s  2026-07-22T19:30:49.397
ATTEMPT 30 START n=6 d=3 seed=1928114 neq=6 2026-07-22T19:30:49.400
ATTEMPT 30 DONE  n=6 d=3 seed=1928114 nsol=729  0.37s  2026-07-22T19:30:49.772
ATTEMPT 31 START n=8 d=2 seed=1928115 neq=8 2026-07-22T19:30:49.774
ATTEMPT 31 DONE  n=8 d=2 seed=1928115 nsol=256  0.15s  2026-07-22T19:30:49.920
ATTEMPT 32 START n=10 d=2 seed=1928116 neq=10 2026-07-22T19:30:49.923
ATTEMPT 32 DONE  n=10 d=2 seed=1928116 nsol=1024  1.02s  2026-07-22T19:30:50.941
ATTEMPT 33 START n=9 d=2 seed=1928117 neq=9 2026-07-22T19:30:50.944
ATTEMPT 33 DONE  n=9 d=2 seed=1928117 nsol=512  0.39s  2026-07-22T19:30:51.330
ATTEMPT 34 START n=7 d=3 seed=1928118 neq=7 2026-07-22T19:30:51.336
ATTEMPT 34 DONE  n=7 d=3 seed=1928118 nsol=2187  2.07s  2026-07-22T19:30:53.410
ATTEMPT 35 START n=11 d=2 seed=1928119 neq=11 2026-07-22T19:30:53.414
ATTEMPT 35 DONE  n=11 d=2 seed=1928119 nsol=2048  2.62s  2026-07-22T19:30:56.031
ATTEMPT 36 START n=6 d=3 seed=1928120 neq=6 2026-07-22T19:30:56.035
ATTEMPT 36 DONE  n=6 d=3 seed=1928120 nsol=729  0.42s  2026-07-22T19:30:56.459
ATTEMPT 37 START n=8 d=2 seed=1928121 neq=8 2026-07-22T19:30:56.460
ATTEMPT 37 DONE  n=8 d=2 seed=1928121 nsol=256  0.15s  2026-07-22T19:30:56.606
ATTEMPT 38 START n=10 d=2 seed=1928122 neq=10 2026-07-22T19:30:56.610
ATTEMPT 38 DONE  n=10 d=2 seed=1928122 nsol=1024  1.03s  2026-07-22T19:30:57.643
ATTEMPT 39 START n=9 d=2 seed=1928123 neq=9 2026-07-22T19:30:57.646
ATTEMPT 39 DONE  n=9 d=2 seed=1928123 nsol=512  0.38s  2026-07-22T19:30:58.031
ATTEMPT 40 START n=7 d=3 seed=1928124 neq=7 2026-07-22T19:30:58.035
ATTEMPT 40 DONE  n=7 d=3 seed=1928124 nsol=2187  1.98s  2026-07-22T19:31:00.017
HUNT complete  2026-07-22T19:31:00.025
