HUNT start  nthreads=28  nsolves=40  seed_base=24532  shape=mix  pid=2606111  2026-07-22T18:20:38.474
ATTEMPT 1 START n=8 d=2 seed=24533 neq=8 2026-07-22T18:22:20.308
Computing mixed cells... 2    Time: 0:00:03[K
   mixed_volume: 12[K[A
[K[AComputing mixed cells... 33    Time: 0:00:03[K
   mixed_volume: 256[K
ATTEMPT 1 DONE  n=8 d=2 seed=24533 nsol=256  191.27s  2026-07-22T18:25:32.460
ATTEMPT 2 START n=10 d=2 seed=24534 neq=10 2026-07-22T18:25:33.034
ATTEMPT 2 DONE  n=10 d=2 seed=24534 nsol=1024  52.66s  2026-07-22T18:26:25.695
ATTEMPT 3 START n=9 d=2 seed=24535 neq=9 2026-07-22T18:26:25.700
ATTEMPT 3 DONE  n=9 d=2 seed=24535 nsol=512  67.03s  2026-07-22T18:27:32.731
ATTEMPT 4 START n=7 d=3 seed=24536 neq=7 2026-07-22T18:27:32.754
ATTEMPT 4 DONE  n=7 d=3 seed=24536 nsol=2187  73.24s  2026-07-22T18:28:45.991
ATTEMPT 5 START n=11 d=2 seed=24537 neq=11 2026-07-22T18:28:45.994
ATTEMPT 5 DONE  n=11 d=2 seed=24537 nsol=2048  27.69s  2026-07-22T18:29:13.687
ATTEMPT 6 START n=6 d=3 seed=24538 neq=6 2026-07-22T18:29:13.695
ATTEMPT 6 DONE  n=6 d=3 seed=24538 nsol=729  35.17s  2026-07-22T18:29:48.860
ATTEMPT 7 START n=8 d=2 seed=24539 neq=8 2026-07-22T18:29:48.862
ATTEMPT 7 DONE  n=8 d=2 seed=24539 nsol=256  0.13s  2026-07-22T18:29:48.997
ATTEMPT 8 START n=10 d=2 seed=24540 neq=10 2026-07-22T18:29:48.999
ATTEMPT 8 DONE  n=10 d=2 seed=24540 nsol=1024  1.03s  2026-07-22T18:29:50.033
ATTEMPT 9 START n=9 d=2 seed=24541 neq=9 2026-07-22T18:29:50.035
ATTEMPT 9 DONE  n=9 d=2 seed=24541 nsol=512  0.38s  2026-07-22T18:29:50.416
ATTEMPT 10 START n=7 d=3 seed=24542 neq=7 2026-07-22T18:29:50.422
ATTEMPT 10 DONE  n=7 d=3 seed=24542 nsol=2187  1.99s  2026-07-22T18:29:52.414
ATTEMPT 11 START n=11 d=2 seed=24543 neq=11 2026-07-22T18:29:52.417
ATTEMPT 11 DONE  n=11 d=2 seed=24543 nsol=2048  2.56s  2026-07-22T18:29:54.973
ATTEMPT 12 START n=6 d=3 seed=24544 neq=6 2026-07-22T18:29:54.977
ATTEMPT 12 DONE  n=6 d=3 seed=24544 nsol=729  0.41s  2026-07-22T18:29:55.390
ATTEMPT 13 START n=8 d=2 seed=24545 neq=8 2026-07-22T18:29:55.393
ATTEMPT 13 DONE  n=8 d=2 seed=24545 nsol=256  0.16s  2026-07-22T18:29:55.554
ATTEMPT 14 START n=10 d=2 seed=24546 neq=10 2026-07-22T18:29:55.558
ATTEMPT 14 DONE  n=10 d=2 seed=24546 nsol=1024  0.98s  2026-07-22T18:29:56.536
ATTEMPT 15 START n=9 d=2 seed=24547 neq=9 2026-07-22T18:29:56.541
ATTEMPT 15 DONE  n=9 d=2 seed=24547 nsol=512  0.39s  2026-07-22T18:29:56.928
ATTEMPT 16 START n=7 d=3 seed=24548 neq=7 2026-07-22T18:29:56.933
ATTEMPT 16 DONE  n=7 d=3 seed=24548 nsol=2187  1.99s  2026-07-22T18:29:58.922
ATTEMPT 17 START n=11 d=2 seed=24549 neq=11 2026-07-22T18:29:58.927
ATTEMPT 17 DONE  n=11 d=2 seed=24549 nsol=2048  2.61s  2026-07-22T18:30:01.538
ATTEMPT 18 START n=6 d=3 seed=24550 neq=6 2026-07-22T18:30:01.541
ATTEMPT 18 DONE  n=6 d=3 seed=24550 nsol=729  0.39s  2026-07-22T18:30:01.930
ATTEMPT 19 START n=8 d=2 seed=24551 neq=8 2026-07-22T18:30:01.931
ATTEMPT 19 DONE  n=8 d=2 seed=24551 nsol=256  0.17s  2026-07-22T18:30:02.101
ATTEMPT 20 START n=10 d=2 seed=24552 neq=10 2026-07-22T18:30:02.105
ATTEMPT 20 DONE  n=10 d=2 seed=24552 nsol=1024  1.11s  2026-07-22T18:30:03.217
ATTEMPT 21 START n=9 d=2 seed=24553 neq=9 2026-07-22T18:30:03.221
ATTEMPT 21 DONE  n=9 d=2 seed=24553 nsol=512  0.41s  2026-07-22T18:30:03.634
ATTEMPT 22 START n=7 d=3 seed=24554 neq=7 2026-07-22T18:30:03.638
ATTEMPT 22 DONE  n=7 d=3 seed=24554 nsol=2187  2.11s  2026-07-22T18:30:05.750
ATTEMPT 23 START n=11 d=2 seed=24555 neq=11 2026-07-22T18:30:05.755
ATTEMPT 23 DONE  n=11 d=2 seed=24555 nsol=2048  6.13s  2026-07-22T18:30:11.883
ATTEMPT 24 START n=6 d=3 seed=24556 neq=6 2026-07-22T18:30:11.886
ATTEMPT 24 DONE  n=6 d=3 seed=24556 nsol=729  0.41s  2026-07-22T18:30:12.296
ATTEMPT 25 START n=8 d=2 seed=24557 neq=8 2026-07-22T18:30:12.298
ATTEMPT 25 DONE  n=8 d=2 seed=24557 nsol=256  0.12s  2026-07-22T18:30:12.421
ATTEMPT 26 START n=10 d=2 seed=24558 neq=10 2026-07-22T18:30:12.423
ATTEMPT 26 DONE  n=10 d=2 seed=24558 nsol=1024  1.05s  2026-07-22T18:30:13.474
ATTEMPT 27 START n=9 d=2 seed=24559 neq=9 2026-07-22T18:30:13.478
ATTEMPT 27 DONE  n=9 d=2 seed=24559 nsol=512  0.34s  2026-07-22T18:30:13.818
ATTEMPT 28 START n=7 d=3 seed=24560 neq=7 2026-07-22T18:30:13.823
ATTEMPT 28 DONE  n=7 d=3 seed=24560 nsol=2187  2.10s  2026-07-22T18:30:15.926
ATTEMPT 29 START n=11 d=2 seed=24561 neq=11 2026-07-22T18:30:15.932
ATTEMPT 29 DONE  n=11 d=2 seed=24561 nsol=2048  2.57s  2026-07-22T18:30:18.503
ATTEMPT 30 START n=6 d=3 seed=24562 neq=6 2026-07-22T18:30:18.508
ATTEMPT 30 DONE  n=6 d=3 seed=24562 nsol=729  0.40s  2026-07-22T18:30:18.912
ATTEMPT 31 START n=8 d=2 seed=24563 neq=8 2026-07-22T18:30:18.914
ATTEMPT 31 DONE  n=8 d=2 seed=24563 nsol=256  0.16s  2026-07-22T18:30:19.073
ATTEMPT 32 START n=10 d=2 seed=24564 neq=10 2026-07-22T18:30:19.077
ATTEMPT 32 DONE  n=10 d=2 seed=24564 nsol=1024  1.05s  2026-07-22T18:30:20.125
ATTEMPT 33 START n=9 d=2 seed=24565 neq=9 2026-07-22T18:30:20.128
ATTEMPT 33 DONE  n=9 d=2 seed=24565 nsol=512  0.41s  2026-07-22T18:30:20.536
ATTEMPT 34 START n=7 d=3 seed=24566 neq=7 2026-07-22T18:30:20.541
ATTEMPT 34 DONE  n=7 d=3 seed=24566 nsol=2187  2.02s  2026-07-22T18:30:22.567
ATTEMPT 35 START n=11 d=2 seed=24567 neq=11 2026-07-22T18:30:22.572
ATTEMPT 35 DONE  n=11 d=2 seed=24567 nsol=2048  2.52s  2026-07-22T18:30:25.094
ATTEMPT 36 START n=6 d=3 seed=24568 neq=6 2026-07-22T18:30:25.098
ATTEMPT 36 DONE  n=6 d=3 seed=24568 nsol=729  0.40s  2026-07-22T18:30:25.500
ATTEMPT 37 START n=8 d=2 seed=24569 neq=8 2026-07-22T18:30:25.502
ATTEMPT 37 DONE  n=8 d=2 seed=24569 nsol=256  0.14s  2026-07-22T18:30:25.646
ATTEMPT 38 START n=10 d=2 seed=24570 neq=10 2026-07-22T18:30:25.649
ATTEMPT 38 DONE  n=10 d=2 seed=24570 nsol=1024  0.98s  2026-07-22T18:30:26.625
ATTEMPT 39 START n=9 d=2 seed=24571 neq=9 2026-07-22T18:30:26.629
ATTEMPT 39 DONE  n=9 d=2 seed=24571 nsol=512  0.39s  2026-07-22T18:30:27.018
ATTEMPT 40 START n=7 d=3 seed=24572 neq=7 2026-07-22T18:30:27.023
ATTEMPT 40 DONE  n=7 d=3 seed=24572 nsol=2187  2.14s  2026-07-22T18:30:29.164
HUNT complete  2026-07-22T18:30:29.169
