HUNT start  nthreads=28  nsolves=40  seed_base=802322  shape=mix  pid=2878394  2026-07-22T18:54:27.081
ATTEMPT 1 START n=8 d=2 seed=802323 neq=8 2026-07-22T18:54:40.792
Computing mixed cells... 2    Time: 0:00:00[K
   mixed_volume: 20[K[A
[K[AComputing mixed cells... 36    Time: 0:00:00[K
   mixed_volume: 256[K
ATTEMPT 1 DONE  n=8 d=2 seed=802323 nsol=256  35.01s  2026-07-22T18:55:15.996
ATTEMPT 2 START n=10 d=2 seed=802324 neq=10 2026-07-22T18:55:16.207
ATTEMPT 2 DONE  n=10 d=2 seed=802324 nsol=1024  19.74s  2026-07-22T18:55:35.946
ATTEMPT 3 START n=9 d=2 seed=802325 neq=9 2026-07-22T18:55:35.948
ATTEMPT 3 DONE  n=9 d=2 seed=802325 nsol=512  10.85s  2026-07-22T18:55:46.802
ATTEMPT 4 START n=7 d=3 seed=802326 neq=7 2026-07-22T18:55:46.807
ATTEMPT 4 DONE  n=7 d=3 seed=802326 nsol=2187  42.89s  2026-07-22T18:56:29.693
ATTEMPT 5 START n=11 d=2 seed=802327 neq=11 2026-07-22T18:56:29.699
ATTEMPT 5 DONE  n=11 d=2 seed=802327 nsol=2048  17.53s  2026-07-22T18:56:47.229
ATTEMPT 6 START n=6 d=3 seed=802328 neq=6 2026-07-22T18:56:47.232
ATTEMPT 6 DONE  n=6 d=3 seed=802328 nsol=729  8.28s  2026-07-22T18:56:55.515
ATTEMPT 7 START n=8 d=2 seed=802329 neq=8 2026-07-22T18:56:55.517
ATTEMPT 7 DONE  n=8 d=2 seed=802329 nsol=256  0.19s  2026-07-22T18:56:55.709
ATTEMPT 8 START n=10 d=2 seed=802330 neq=10 2026-07-22T18:56:55.712
ATTEMPT 8 DONE  n=10 d=2 seed=802330 nsol=1024  0.95s  2026-07-22T18:56:56.664
ATTEMPT 9 START n=9 d=2 seed=802331 neq=9 2026-07-22T18:56:56.667
ATTEMPT 9 DONE  n=9 d=2 seed=802331 nsol=512  0.37s  2026-07-22T18:56:57.042
ATTEMPT 10 START n=7 d=3 seed=802332 neq=7 2026-07-22T18:56:57.046
ATTEMPT 10 DONE  n=7 d=3 seed=802332 nsol=2187  2.01s  2026-07-22T18:56:59.052
ATTEMPT 11 START n=11 d=2 seed=802333 neq=11 2026-07-22T18:56:59.057
ATTEMPT 11 DONE  n=11 d=2 seed=802333 nsol=2048  6.33s  2026-07-22T18:57:05.391
ATTEMPT 12 START n=6 d=3 seed=802334 neq=6 2026-07-22T18:57:05.393
ATTEMPT 12 DONE  n=6 d=3 seed=802334 nsol=729  0.40s  2026-07-22T18:57:05.795
ATTEMPT 13 START n=8 d=2 seed=802335 neq=8 2026-07-22T18:57:05.797
ATTEMPT 13 DONE  n=8 d=2 seed=802335 nsol=256  0.14s  2026-07-22T18:57:05.940
ATTEMPT 14 START n=10 d=2 seed=802336 neq=10 2026-07-22T18:57:05.943
ATTEMPT 14 DONE  n=10 d=2 seed=802336 nsol=1024  1.05s  2026-07-22T18:57:06.988
ATTEMPT 15 START n=9 d=2 seed=802337 neq=9 2026-07-22T18:57:06.992
ATTEMPT 15 DONE  n=9 d=2 seed=802337 nsol=512  0.36s  2026-07-22T18:57:07.350
ATTEMPT 16 START n=7 d=3 seed=802338 neq=7 2026-07-22T18:57:07.356
ATTEMPT 16 DONE  n=7 d=3 seed=802338 nsol=2187  2.10s  2026-07-22T18:57:09.453
ATTEMPT 17 START n=11 d=2 seed=802339 neq=11 2026-07-22T18:57:09.457
ATTEMPT 17 DONE  n=11 d=2 seed=802339 nsol=2048  2.53s  2026-07-22T18:57:11.984
ATTEMPT 18 START n=6 d=3 seed=802340 neq=6 2026-07-22T18:57:11.987
ATTEMPT 18 DONE  n=6 d=3 seed=802340 nsol=729  0.37s  2026-07-22T18:57:12.357
ATTEMPT 19 START n=8 d=2 seed=802341 neq=8 2026-07-22T18:57:12.360
ATTEMPT 19 DONE  n=8 d=2 seed=802341 nsol=256  0.16s  2026-07-22T18:57:12.519
ATTEMPT 20 START n=10 d=2 seed=802342 neq=10 2026-07-22T18:57:12.522
ATTEMPT 20 DONE  n=10 d=2 seed=802342 nsol=1024  1.01s  2026-07-22T18:57:13.535
ATTEMPT 21 START n=9 d=2 seed=802343 neq=9 2026-07-22T18:57:13.538
ATTEMPT 21 DONE  n=9 d=2 seed=802343 nsol=512  0.36s  2026-07-22T18:57:13.898
ATTEMPT 22 START n=7 d=3 seed=802344 neq=7 2026-07-22T18:57:13.904
ATTEMPT 22 DONE  n=7 d=3 seed=802344 nsol=2187  1.96s  2026-07-22T18:57:15.868
ATTEMPT 23 START n=11 d=2 seed=802345 neq=11 2026-07-22T18:57:15.872
ATTEMPT 23 DONE  n=11 d=2 seed=802345 nsol=2048  2.55s  2026-07-22T18:57:18.419
ATTEMPT 24 START n=6 d=3 seed=802346 neq=6 2026-07-22T18:57:18.422
ATTEMPT 24 DONE  n=6 d=3 seed=802346 nsol=729  0.40s  2026-07-22T18:57:18.823
ATTEMPT 25 START n=8 d=2 seed=802347 neq=8 2026-07-22T18:57:18.826
ATTEMPT 25 DONE  n=8 d=2 seed=802347 nsol=256  0.15s  2026-07-22T18:57:18.973
ATTEMPT 26 START n=10 d=2 seed=802348 neq=10 2026-07-22T18:57:18.976
ATTEMPT 26 DONE  n=10 d=2 seed=802348 nsol=1024  1.07s  2026-07-22T18:57:20.047
ATTEMPT 27 START n=9 d=2 seed=802349 neq=9 2026-07-22T18:57:20.050
ATTEMPT 27 DONE  n=9 d=2 seed=802349 nsol=512  0.35s  2026-07-22T18:57:20.402
ATTEMPT 28 START n=7 d=3 seed=802350 neq=7 2026-07-22T18:57:20.406
ATTEMPT 28 DONE  n=7 d=3 seed=802350 nsol=2187  1.90s  2026-07-22T18:57:22.307
ATTEMPT 29 START n=11 d=2 seed=802351 neq=11 2026-07-22T18:57:22.311
ATTEMPT 29 DONE  n=11 d=2 seed=802351 nsol=2048  2.49s  2026-07-22T18:57:24.798
ATTEMPT 30 START n=6 d=3 seed=802352 neq=6 2026-07-22T18:57:24.801
ATTEMPT 30 DONE  n=6 d=3 seed=802352 nsol=729  0.38s  2026-07-22T18:57:25.185
ATTEMPT 31 START n=8 d=2 seed=802353 neq=8 2026-07-22T18:57:25.187
ATTEMPT 31 DONE  n=8 d=2 seed=802353 nsol=256  0.17s  2026-07-22T18:57:25.361
ATTEMPT 32 START n=10 d=2 seed=802354 neq=10 2026-07-22T18:57:25.366
ATTEMPT 32 DONE  n=10 d=2 seed=802354 nsol=1024  1.03s  2026-07-22T18:57:26.396
ATTEMPT 33 START n=9 d=2 seed=802355 neq=9 2026-07-22T18:57:26.399
ATTEMPT 33 DONE  n=9 d=2 seed=802355 nsol=512  0.34s  2026-07-22T18:57:26.736
ATTEMPT 34 START n=7 d=3 seed=802356 neq=7 2026-07-22T18:57:26.740
ATTEMPT 34 DONE  n=7 d=3 seed=802356 nsol=2187  1.93s  2026-07-22T18:57:28.670
ATTEMPT 35 START n=11 d=2 seed=802357 neq=11 2026-07-22T18:57:28.674
ATTEMPT 35 DONE  n=11 d=2 seed=802357 nsol=2048  2.61s  2026-07-22T18:57:31.282
ATTEMPT 36 START n=6 d=3 seed=802358 neq=6 2026-07-22T18:57:31.284
ATTEMPT 36 DONE  n=6 d=3 seed=802358 nsol=729  0.35s  2026-07-22T18:57:31.634
ATTEMPT 37 START n=8 d=2 seed=802359 neq=8 2026-07-22T18:57:31.635
ATTEMPT 37 DONE  n=8 d=2 seed=802359 nsol=256  0.13s  2026-07-22T18:57:31.763
ATTEMPT 38 START n=10 d=2 seed=802360 neq=10 2026-07-22T18:57:31.766
ATTEMPT 38 DONE  n=10 d=2 seed=802360 nsol=1024  0.98s  2026-07-22T18:57:32.743
ATTEMPT 39 START n=9 d=2 seed=802361 neq=9 2026-07-22T18:57:32.746
ATTEMPT 39 DONE  n=9 d=2 seed=802361 nsol=512  0.36s  2026-07-22T18:57:33.110
ATTEMPT 40 START n=7 d=3 seed=802362 neq=7 2026-07-22T18:57:33.115
ATTEMPT 40 DONE  n=7 d=3 seed=802362 nsol=2187  2.03s  2026-07-22T18:57:35.149
HUNT complete  2026-07-22T18:57:35.154
