HUNT start  nthreads=28  nsolves=40  seed_base=531533  shape=mix  pid=3385675  2026-07-22T19:47:19.305
ATTEMPT 1 START n=8 d=2 seed=531534 neq=8 2026-07-22T19:47:29.847
Computing mixed cells... 2    Time: 0:00:01[K
   mixed_volume: 7[K[A
[K[AComputing mixed cells... 49    Time: 0:00:01[K
   mixed_volume: 256[K
ATTEMPT 1 DONE  n=8 d=2 seed=531534 nsol=256  35.01s  2026-07-22T19:48:05.041
ATTEMPT 2 START n=10 d=2 seed=531535 neq=10 2026-07-22T19:48:05.237
ATTEMPT 2 DONE  n=10 d=2 seed=531535 nsol=1024  13.53s  2026-07-22T19:48:18.765
ATTEMPT 3 START n=9 d=2 seed=531536 neq=9 2026-07-22T19:48:18.768
ATTEMPT 3 DONE  n=9 d=2 seed=531536 nsol=512  13.29s  2026-07-22T19:48:32.053
ATTEMPT 4 START n=7 d=3 seed=531537 neq=7 2026-07-22T19:48:32.058
ATTEMPT 4 DONE  n=7 d=3 seed=531537 nsol=2187  18.82s  2026-07-22T19:48:50.880
ATTEMPT 5 START n=11 d=2 seed=531538 neq=11 2026-07-22T19:48:50.884
ATTEMPT 5 DONE  n=11 d=2 seed=531538 nsol=2048  20.96s  2026-07-22T19:49:11.844
ATTEMPT 6 START n=6 d=3 seed=531539 neq=6 2026-07-22T19:49:11.847
ATTEMPT 6 DONE  n=6 d=3 seed=531539 nsol=729  8.78s  2026-07-22T19:49:20.624
ATTEMPT 7 START n=8 d=2 seed=531540 neq=8 2026-07-22T19:49:20.626
ATTEMPT 7 DONE  n=8 d=2 seed=531540 nsol=256  0.16s  2026-07-22T19:49:20.783
ATTEMPT 8 START n=10 d=2 seed=531541 neq=10 2026-07-22T19:49:20.786
ATTEMPT 8 DONE  n=10 d=2 seed=531541 nsol=1024  1.07s  2026-07-22T19:49:21.859
ATTEMPT 9 START n=9 d=2 seed=531542 neq=9 2026-07-22T19:49:21.861
ATTEMPT 9 DONE  n=9 d=2 seed=531542 nsol=512  0.37s  2026-07-22T19:49:22.235
ATTEMPT 10 START n=7 d=3 seed=531543 neq=7 2026-07-22T19:49:22.239
ATTEMPT 10 DONE  n=7 d=3 seed=531543 nsol=2187  1.92s  2026-07-22T19:49:24.162
ATTEMPT 11 START n=11 d=2 seed=531544 neq=11 2026-07-22T19:49:24.167
ATTEMPT 11 DONE  n=11 d=2 seed=531544 nsol=2048  2.68s  2026-07-22T19:49:26.844
ATTEMPT 12 START n=6 d=3 seed=531545 neq=6 2026-07-22T19:49:26.848
ATTEMPT 12 DONE  n=6 d=3 seed=531545 nsol=729  0.38s  2026-07-22T19:49:27.229
ATTEMPT 13 START n=8 d=2 seed=531546 neq=8 2026-07-22T19:49:27.231
ATTEMPT 13 DONE  n=8 d=2 seed=531546 nsol=256  0.18s  2026-07-22T19:49:27.409
ATTEMPT 14 START n=10 d=2 seed=531547 neq=10 2026-07-22T19:49:27.414
ATTEMPT 14 DONE  n=10 d=2 seed=531547 nsol=1024  1.17s  2026-07-22T19:49:28.582
ATTEMPT 15 START n=9 d=2 seed=531548 neq=9 2026-07-22T19:49:28.585
ATTEMPT 15 DONE  n=9 d=2 seed=531548 nsol=512  0.39s  2026-07-22T19:49:28.975
ATTEMPT 16 START n=7 d=3 seed=531549 neq=7 2026-07-22T19:49:28.979
ATTEMPT 16 DONE  n=7 d=3 seed=531549 nsol=2187  1.91s  2026-07-22T19:49:30.891
ATTEMPT 17 START n=11 d=2 seed=531550 neq=11 2026-07-22T19:49:30.896
ATTEMPT 17 DONE  n=11 d=2 seed=531550 nsol=2048  6.15s  2026-07-22T19:49:37.050
ATTEMPT 18 START n=6 d=3 seed=531551 neq=6 2026-07-22T19:49:37.053
ATTEMPT 18 DONE  n=6 d=3 seed=531551 nsol=729  0.38s  2026-07-22T19:49:37.437
ATTEMPT 19 START n=8 d=2 seed=531552 neq=8 2026-07-22T19:49:37.439
ATTEMPT 19 DONE  n=8 d=2 seed=531552 nsol=256  0.14s  2026-07-22T19:49:37.578
ATTEMPT 20 START n=10 d=2 seed=531553 neq=10 2026-07-22T19:49:37.580
ATTEMPT 20 DONE  n=10 d=2 seed=531553 nsol=1024  0.98s  2026-07-22T19:49:38.561
ATTEMPT 21 START n=9 d=2 seed=531554 neq=9 2026-07-22T19:49:38.564
ATTEMPT 21 DONE  n=9 d=2 seed=531554 nsol=512  0.38s  2026-07-22T19:49:38.941
ATTEMPT 22 START n=7 d=3 seed=531555 neq=7 2026-07-22T19:49:38.947
ATTEMPT 22 DONE  n=7 d=3 seed=531555 nsol=2187  2.05s  2026-07-22T19:49:41
ATTEMPT 23 START n=11 d=2 seed=531556 neq=11 2026-07-22T19:49:41.004
ATTEMPT 23 DONE  n=11 d=2 seed=531556 nsol=2048  2.62s  2026-07-22T19:49:43.629
ATTEMPT 24 START n=6 d=3 seed=531557 neq=6 2026-07-22T19:49:43.633
ATTEMPT 24 DONE  n=6 d=3 seed=531557 nsol=729  0.41s  2026-07-22T19:49:44.044
ATTEMPT 25 START n=8 d=2 seed=531558 neq=8 2026-07-22T19:49:44.047
ATTEMPT 25 DONE  n=8 d=2 seed=531558 nsol=256  0.15s  2026-07-22T19:49:44.198
ATTEMPT 26 START n=10 d=2 seed=531559 neq=10 2026-07-22T19:49:44.201
ATTEMPT 26 DONE  n=10 d=2 seed=531559 nsol=1024  1.04s  2026-07-22T19:49:45.239
ATTEMPT 27 START n=9 d=2 seed=531560 neq=9 2026-07-22T19:49:45.243
ATTEMPT 27 DONE  n=9 d=2 seed=531560 nsol=512  0.37s  2026-07-22T19:49:45.616
ATTEMPT 28 START n=7 d=3 seed=531561 neq=7 2026-07-22T19:49:45.621
ATTEMPT 28 DONE  n=7 d=3 seed=531561 nsol=2187  2.07s  2026-07-22T19:49:47.689
ATTEMPT 29 START n=11 d=2 seed=531562 neq=11 2026-07-22T19:49:47.694
ATTEMPT 29 DONE  n=11 d=2 seed=531562 nsol=2048  2.69s  2026-07-22T19:49:50.383
ATTEMPT 30 START n=6 d=3 seed=531563 neq=6 2026-07-22T19:49:50.387
ATTEMPT 30 DONE  n=6 d=3 seed=531563 nsol=729  0.38s  2026-07-22T19:49:50.763
ATTEMPT 31 START n=8 d=2 seed=531564 neq=8 2026-07-22T19:49:50.766
ATTEMPT 31 DONE  n=8 d=2 seed=531564 nsol=256  0.16s  2026-07-22T19:49:50.924
ATTEMPT 32 START n=10 d=2 seed=531565 neq=10 2026-07-22T19:49:50.928
ATTEMPT 32 DONE  n=10 d=2 seed=531565 nsol=1024  1.08s  2026-07-22T19:49:52.012
ATTEMPT 33 START n=9 d=2 seed=531566 neq=9 2026-07-22T19:49:52.015
ATTEMPT 33 DONE  n=9 d=2 seed=531566 nsol=512  0.42s  2026-07-22T19:49:52.438
ATTEMPT 34 START n=7 d=3 seed=531567 neq=7 2026-07-22T19:49:52.444
ATTEMPT 34 DONE  n=7 d=3 seed=531567 nsol=2187  1.95s  2026-07-22T19:49:54.390
ATTEMPT 35 START n=11 d=2 seed=531568 neq=11 2026-07-22T19:49:54.395
ATTEMPT 35 DONE  n=11 d=2 seed=531568 nsol=2048  2.44s  2026-07-22T19:49:56.832
ATTEMPT 36 START n=6 d=3 seed=531569 neq=6 2026-07-22T19:49:56.835
ATTEMPT 36 DONE  n=6 d=3 seed=531569 nsol=729  0.39s  2026-07-22T19:49:57.225
ATTEMPT 37 START n=8 d=2 seed=531570 neq=8 2026-07-22T19:49:57.228
ATTEMPT 37 DONE  n=8 d=2 seed=531570 nsol=256  0.17s  2026-07-22T19:49:57.402
ATTEMPT 38 START n=10 d=2 seed=531571 neq=10 2026-07-22T19:49:57.406
ATTEMPT 38 DONE  n=10 d=2 seed=531571 nsol=1024  1.01s  2026-07-22T19:49:58.415
ATTEMPT 39 START n=9 d=2 seed=531572 neq=9 2026-07-22T19:49:58.418
ATTEMPT 39 DONE  n=9 d=2 seed=531572 nsol=512  0.36s  2026-07-22T19:49:58.778
ATTEMPT 40 START n=7 d=3 seed=531573 neq=7 2026-07-22T19:49:58.782
ATTEMPT 40 DONE  n=7 d=3 seed=531573 nsol=2187  1.99s  2026-07-22T19:50:00.769
HUNT complete  2026-07-22T19:50:00.776
