HUNT start  nthreads=28  nsolves=40  seed_base=521593  shape=mix  pid=2791607  2026-07-22T18:45:32.898
ATTEMPT 1 START n=8 d=2 seed=521594 neq=8 2026-07-22T18:45:47.098
Computing mixed cells... 2    Time: 0:00:00[K
   mixed_volume: 24[K[A
[K[AComputing mixed cells... 73    Time: 0:00:01[K
   mixed_volume: 256[K
ATTEMPT 1 DONE  n=8 d=2 seed=521594 nsol=256  32.61s  2026-07-22T18:46:19.888
ATTEMPT 2 START n=10 d=2 seed=521595 neq=10 2026-07-22T18:46:20.081
ATTEMPT 2 DONE  n=10 d=2 seed=521595 nsol=1024  13.58s  2026-07-22T18:46:33.656
ATTEMPT 3 START n=9 d=2 seed=521596 neq=9 2026-07-22T18:46:33.658
ATTEMPT 3 DONE  n=9 d=2 seed=521596 nsol=512  10.38s  2026-07-22T18:46:44.039
ATTEMPT 4 START n=7 d=3 seed=521597 neq=7 2026-07-22T18:46:44.044
ATTEMPT 4 DONE  n=7 d=3 seed=521597 nsol=2187  19.98s  2026-07-22T18:47:04.028
ATTEMPT 5 START n=11 d=2 seed=521598 neq=11 2026-07-22T18:47:04.031
ATTEMPT 5 DONE  n=11 d=2 seed=521598 nsol=2048  18.60s  2026-07-22T18:47:22.633
ATTEMPT 6 START n=6 d=3 seed=521599 neq=6 2026-07-22T18:47:22.636
ATTEMPT 6 DONE  n=6 d=3 seed=521599 nsol=729  16.21s  2026-07-22T18:47:38.843
ATTEMPT 7 START n=8 d=2 seed=521600 neq=8 2026-07-22T18:47:38.845
ATTEMPT 7 DONE  n=8 d=2 seed=521600 nsol=256  0.16s  2026-07-22T18:47:39.002
ATTEMPT 8 START n=10 d=2 seed=521601 neq=10 2026-07-22T18:47:39.005
ATTEMPT 8 DONE  n=10 d=2 seed=521601 nsol=1024  0.97s  2026-07-22T18:47:39.978
ATTEMPT 9 START n=9 d=2 seed=521602 neq=9 2026-07-22T18:47:39.982
ATTEMPT 9 DONE  n=9 d=2 seed=521602 nsol=512  0.39s  2026-07-22T18:47:40.376
ATTEMPT 10 START n=7 d=3 seed=521603 neq=7 2026-07-22T18:47:40.382
ATTEMPT 10 DONE  n=7 d=3 seed=521603 nsol=2187  2.17s  2026-07-22T18:47:42.555
ATTEMPT 11 START n=11 d=2 seed=521604 neq=11 2026-07-22T18:47:42.559
ATTEMPT 11 DONE  n=11 d=2 seed=521604 nsol=2048  2.60s  2026-07-22T18:47:45.158
ATTEMPT 12 START n=6 d=3 seed=521605 neq=6 2026-07-22T18:47:45.162
ATTEMPT 12 DONE  n=6 d=3 seed=521605 nsol=729  0.42s  2026-07-22T18:47:45.587
ATTEMPT 13 START n=8 d=2 seed=521606 neq=8 2026-07-22T18:47:45.590
ATTEMPT 13 DONE  n=8 d=2 seed=521606 nsol=256  0.17s  2026-07-22T18:47:45.762
ATTEMPT 14 START n=10 d=2 seed=521607 neq=10 2026-07-22T18:47:45.766
ATTEMPT 14 DONE  n=10 d=2 seed=521607 nsol=1024  1.00s  2026-07-22T18:47:46.765
ATTEMPT 15 START n=9 d=2 seed=521608 neq=9 2026-07-22T18:47:46.768
ATTEMPT 15 DONE  n=9 d=2 seed=521608 nsol=512  0.38s  2026-07-22T18:47:47.153
ATTEMPT 16 START n=7 d=3 seed=521609 neq=7 2026-07-22T18:47:47.159
ATTEMPT 16 DONE  n=7 d=3 seed=521609 nsol=2187  2.11s  2026-07-22T18:47:49.265
ATTEMPT 17 START n=11 d=2 seed=521610 neq=11 2026-07-22T18:47:49.269
ATTEMPT 17 DONE  n=11 d=2 seed=521610 nsol=2048  2.69s  2026-07-22T18:47:51.961
ATTEMPT 18 START n=6 d=3 seed=521611 neq=6 2026-07-22T18:47:51.964
ATTEMPT 18 DONE  n=6 d=3 seed=521611 nsol=729  0.39s  2026-07-22T18:47:52.356
ATTEMPT 19 START n=8 d=2 seed=521612 neq=8 2026-07-22T18:47:52.357
ATTEMPT 19 DONE  n=8 d=2 seed=521612 nsol=256  0.14s  2026-07-22T18:47:52.501
ATTEMPT 20 START n=10 d=2 seed=521613 neq=10 2026-07-22T18:47:52.505
ATTEMPT 20 DONE  n=10 d=2 seed=521613 nsol=1024  1.21s  2026-07-22T18:47:53.720
ATTEMPT 21 START n=9 d=2 seed=521614 neq=9 2026-07-22T18:47:53.723
ATTEMPT 21 DONE  n=9 d=2 seed=521614 nsol=512  0.38s  2026-07-22T18:47:54.100
ATTEMPT 22 START n=7 d=3 seed=521615 neq=7 2026-07-22T18:47:54.106
ATTEMPT 22 DONE  n=7 d=3 seed=521615 nsol=2187  2.10s  2026-07-22T18:47:56.207
ATTEMPT 23 START n=11 d=2 seed=521616 neq=11 2026-07-22T18:47:56.210
ATTEMPT 23 DONE  n=11 d=2 seed=521616 nsol=2048  2.57s  2026-07-22T18:47:58.776
ATTEMPT 24 START n=6 d=3 seed=521617 neq=6 2026-07-22T18:47:58.780
ATTEMPT 24 DONE  n=6 d=3 seed=521617 nsol=729  0.39s  2026-07-22T18:47:59.174
ATTEMPT 25 START n=8 d=2 seed=521618 neq=8 2026-07-22T18:47:59.176
ATTEMPT 25 DONE  n=8 d=2 seed=521618 nsol=256  0.16s  2026-07-22T18:47:59.340
ATTEMPT 26 START n=10 d=2 seed=521619 neq=10 2026-07-22T18:47:59.344
ATTEMPT 26 DONE  n=10 d=2 seed=521619 nsol=1024  1.00s  2026-07-22T18:48:00.348
ATTEMPT 27 START n=9 d=2 seed=521620 neq=9 2026-07-22T18:48:00.351
ATTEMPT 27 DONE  n=9 d=2 seed=521620 nsol=512  0.40s  2026-07-22T18:48:00.755
ATTEMPT 28 START n=7 d=3 seed=521621 neq=7 2026-07-22T18:48:00.760
ATTEMPT 28 DONE  n=7 d=3 seed=521621 nsol=2187  5.52s  2026-07-22T18:48:06.276
ATTEMPT 29 START n=11 d=2 seed=521622 neq=11 2026-07-22T18:48:06.281
ATTEMPT 29 DONE  n=11 d=2 seed=521622 nsol=2048  2.41s  2026-07-22T18:48:08.686
ATTEMPT 30 START n=6 d=3 seed=521623 neq=6 2026-07-22T18:48:08.691
ATTEMPT 30 DONE  n=6 d=3 seed=521623 nsol=729  0.43s  2026-07-22T18:48:09.125
ATTEMPT 31 START n=8 d=2 seed=521624 neq=8 2026-07-22T18:48:09.127
ATTEMPT 31 DONE  n=8 d=2 seed=521624 nsol=256  0.16s  2026-07-22T18:48:09.288
ATTEMPT 32 START n=10 d=2 seed=521625 neq=10 2026-07-22T18:48:09.292
ATTEMPT 32 DONE  n=10 d=2 seed=521625 nsol=1024  1.18s  2026-07-22T18:48:10.474
ATTEMPT 33 START n=9 d=2 seed=521626 neq=9 2026-07-22T18:48:10.478
ATTEMPT 33 DONE  n=9 d=2 seed=521626 nsol=512  0.36s  2026-07-22T18:48:10.836
ATTEMPT 34 START n=7 d=3 seed=521627 neq=7 2026-07-22T18:48:10.840
ATTEMPT 34 DONE  n=7 d=3 seed=521627 nsol=2187  1.95s  2026-07-22T18:48:12.790
ATTEMPT 35 START n=11 d=2 seed=521628 neq=11 2026-07-22T18:48:12.795
ATTEMPT 35 DONE  n=11 d=2 seed=521628 nsol=2048  2.67s  2026-07-22T18:48:15.462
ATTEMPT 36 START n=6 d=3 seed=521629 neq=6 2026-07-22T18:48:15.465
ATTEMPT 36 DONE  n=6 d=3 seed=521629 nsol=729  0.39s  2026-07-22T18:48:15.856
ATTEMPT 37 START n=8 d=2 seed=521630 neq=8 2026-07-22T18:48:15.859
ATTEMPT 37 DONE  n=8 d=2 seed=521630 nsol=256  0.14s  2026-07-22T18:48:15.999
ATTEMPT 38 START n=10 d=2 seed=521631 neq=10 2026-07-22T18:48:16.002
ATTEMPT 38 DONE  n=10 d=2 seed=521631 nsol=1024  1.14s  2026-07-22T18:48:17.145
ATTEMPT 39 START n=9 d=2 seed=521632 neq=9 2026-07-22T18:48:17.147
ATTEMPT 39 DONE  n=9 d=2 seed=521632 nsol=512  0.38s  2026-07-22T18:48:17.531
ATTEMPT 40 START n=7 d=3 seed=521633 neq=7 2026-07-22T18:48:17.535
ATTEMPT 40 DONE  n=7 d=3 seed=521633 nsol=2187  1.92s  2026-07-22T18:48:19.458
HUNT complete  2026-07-22T18:48:19.464
