HUNT start  nthreads=28  nsolves=40  seed_base=308209  shape=mix  pid=3324869  2026-07-22T19:40:59.564
ATTEMPT 1 START n=8 d=2 seed=308210 neq=8 2026-07-22T19:41:11.039
Computing mixed cells... 2    Time: 0:00:01[K
   mixed_volume: 10[K[A
[K[AComputing mixed cells... 39    Time: 0:00:01[K
   mixed_volume: 256[K
ATTEMPT 1 DONE  n=8 d=2 seed=308210 nsol=256  44.45s  2026-07-22T19:41:55.698
ATTEMPT 2 START n=10 d=2 seed=308211 neq=10 2026-07-22T19:41:55.914
ATTEMPT 2 DONE  n=10 d=2 seed=308211 nsol=1024  16.63s  2026-07-22T19:42:12.545
ATTEMPT 3 START n=9 d=2 seed=308212 neq=9 2026-07-22T19:42:12.548
ATTEMPT 3 DONE  n=9 d=2 seed=308212 nsol=512  15.08s  2026-07-22T19:42:27.631
ATTEMPT 4 START n=7 d=3 seed=308213 neq=7 2026-07-22T19:42:27.636
ATTEMPT 4 DONE  n=7 d=3 seed=308213 nsol=2187  20.21s  2026-07-22T19:42:47.846
ATTEMPT 5 START n=11 d=2 seed=308214 neq=11 2026-07-22T19:42:47.850
ATTEMPT 5 DONE  n=11 d=2 seed=308214 nsol=2048  23.71s  2026-07-22T19:43:11.560
ATTEMPT 6 START n=6 d=3 seed=308215 neq=6 2026-07-22T19:43:11.563
ATTEMPT 6 DONE  n=6 d=3 seed=308215 nsol=729  13.85s  2026-07-22T19:43:25.412
ATTEMPT 7 START n=8 d=2 seed=308216 neq=8 2026-07-22T19:43:25.414
ATTEMPT 7 DONE  n=8 d=2 seed=308216 nsol=256  0.14s  2026-07-22T19:43:25.556
ATTEMPT 8 START n=10 d=2 seed=308217 neq=10 2026-07-22T19:43:25.558
ATTEMPT 8 DONE  n=10 d=2 seed=308217 nsol=1024  1.04s  2026-07-22T19:43:26.594
ATTEMPT 9 START n=9 d=2 seed=308218 neq=9 2026-07-22T19:43:26.597
ATTEMPT 9 DONE  n=9 d=2 seed=308218 nsol=512  0.39s  2026-07-22T19:43:26.986
ATTEMPT 10 START n=7 d=3 seed=308219 neq=7 2026-07-22T19:43:26.990
ATTEMPT 10 DONE  n=7 d=3 seed=308219 nsol=2187  2.11s  2026-07-22T19:43:29.100
ATTEMPT 11 START n=11 d=2 seed=308220 neq=11 2026-07-22T19:43:29.104
ATTEMPT 11 DONE  n=11 d=2 seed=308220 nsol=2048  2.62s  2026-07-22T19:43:31.720
ATTEMPT 12 START n=6 d=3 seed=308221 neq=6 2026-07-22T19:43:31.724
ATTEMPT 12 DONE  n=6 d=3 seed=308221 nsol=729  0.44s  2026-07-22T19:43:32.168
ATTEMPT 13 START n=8 d=2 seed=308222 neq=8 2026-07-22T19:43:32.170
ATTEMPT 13 DONE  n=8 d=2 seed=308222 nsol=256  0.15s  2026-07-22T19:43:32.319
ATTEMPT 14 START n=10 d=2 seed=308223 neq=10 2026-07-22T19:43:32.322
ATTEMPT 14 DONE  n=10 d=2 seed=308223 nsol=1024  0.98s  2026-07-22T19:43:33.300
ATTEMPT 15 START n=9 d=2 seed=308224 neq=9 2026-07-22T19:43:33.304
ATTEMPT 15 DONE  n=9 d=2 seed=308224 nsol=512  0.40s  2026-07-22T19:43:33.703
ATTEMPT 16 START n=7 d=3 seed=308225 neq=7 2026-07-22T19:43:33.709
ATTEMPT 16 DONE  n=7 d=3 seed=308225 nsol=2187  5.57s  2026-07-22T19:43:39.282
ATTEMPT 17 START n=11 d=2 seed=308226 neq=11 2026-07-22T19:43:39.287
ATTEMPT 17 DONE  n=11 d=2 seed=308226 nsol=2048  2.83s  2026-07-22T19:43:42.119
ATTEMPT 18 START n=6 d=3 seed=308227 neq=6 2026-07-22T19:43:42.123
ATTEMPT 18 DONE  n=6 d=3 seed=308227 nsol=727  0.50s  2026-07-22T19:43:42.623
ATTEMPT 19 START n=8 d=2 seed=308228 neq=8 2026-07-22T19:43:42.628
ATTEMPT 19 DONE  n=8 d=2 seed=308228 nsol=256  0.17s  2026-07-22T19:43:42.802
ATTEMPT 20 START n=10 d=2 seed=308229 neq=10 2026-07-22T19:43:42.807
ATTEMPT 20 DONE  n=10 d=2 seed=308229 nsol=1024  1.14s  2026-07-22T19:43:43.948
ATTEMPT 21 START n=9 d=2 seed=308230 neq=9 2026-07-22T19:43:43.951
ATTEMPT 21 DONE  n=9 d=2 seed=308230 nsol=512  0.34s  2026-07-22T19:43:44.294
ATTEMPT 22 START n=7 d=3 seed=308231 neq=7 2026-07-22T19:43:44.299
ATTEMPT 22 DONE  n=7 d=3 seed=308231 nsol=2187  2.16s  2026-07-22T19:43:46.463
ATTEMPT 23 START n=11 d=2 seed=308232 neq=11 2026-07-22T19:43:46.468
ATTEMPT 23 DONE  n=11 d=2 seed=308232 nsol=2048  2.66s  2026-07-22T19:43:49.126
ATTEMPT 24 START n=6 d=3 seed=308233 neq=6 2026-07-22T19:43:49.129
ATTEMPT 24 DONE  n=6 d=3 seed=308233 nsol=729  0.41s  2026-07-22T19:43:49.538
ATTEMPT 25 START n=8 d=2 seed=308234 neq=8 2026-07-22T19:43:49.541
ATTEMPT 25 DONE  n=8 d=2 seed=308234 nsol=256  0.17s  2026-07-22T19:43:49.715
ATTEMPT 26 START n=10 d=2 seed=308235 neq=10 2026-07-22T19:43:49.718
ATTEMPT 26 DONE  n=10 d=2 seed=308235 nsol=1024  1.17s  2026-07-22T19:43:50.889
ATTEMPT 27 START n=9 d=2 seed=308236 neq=9 2026-07-22T19:43:50.892
ATTEMPT 27 DONE  n=9 d=2 seed=308236 nsol=512  0.39s  2026-07-22T19:43:51.278
ATTEMPT 28 START n=7 d=3 seed=308237 neq=7 2026-07-22T19:43:51.282
ATTEMPT 28 DONE  n=7 d=3 seed=308237 nsol=2187  2.02s  2026-07-22T19:43:53.301
ATTEMPT 29 START n=11 d=2 seed=308238 neq=11 2026-07-22T19:43:53.307
ATTEMPT 29 DONE  n=11 d=2 seed=308238 nsol=2048  2.55s  2026-07-22T19:43:55.857
ATTEMPT 30 START n=6 d=3 seed=308239 neq=6 2026-07-22T19:43:55.861
ATTEMPT 30 DONE  n=6 d=3 seed=308239 nsol=729  0.48s  2026-07-22T19:43:56.345
ATTEMPT 31 START n=8 d=2 seed=308240 neq=8 2026-07-22T19:43:56.348
ATTEMPT 31 DONE  n=8 d=2 seed=308240 nsol=256  0.22s  2026-07-22T19:43:56.565
ATTEMPT 32 START n=10 d=2 seed=308241 neq=10 2026-07-22T19:43:56.569
ATTEMPT 32 DONE  n=10 d=2 seed=308241 nsol=1024  1.05s  2026-07-22T19:43:57.615
ATTEMPT 33 START n=9 d=2 seed=308242 neq=9 2026-07-22T19:43:57.617
ATTEMPT 33 DONE  n=9 d=2 seed=308242 nsol=512  0.41s  2026-07-22T19:43:58.028
ATTEMPT 34 START n=7 d=3 seed=308243 neq=7 2026-07-22T19:43:58.033
ATTEMPT 34 DONE  n=7 d=3 seed=308243 nsol=2187  2.12s  2026-07-22T19:44:00.153
ATTEMPT 35 START n=11 d=2 seed=308244 neq=11 2026-07-22T19:44:00.157
ATTEMPT 35 DONE  n=11 d=2 seed=308244 nsol=2048  2.63s  2026-07-22T19:44:02.783
ATTEMPT 36 START n=6 d=3 seed=308245 neq=6 2026-07-22T19:44:02.787
ATTEMPT 36 DONE  n=6 d=3 seed=308245 nsol=729  0.47s  2026-07-22T19:44:03.254
ATTEMPT 37 START n=8 d=2 seed=308246 neq=8 2026-07-22T19:44:03.257
ATTEMPT 37 DONE  n=8 d=2 seed=308246 nsol=256  0.22s  2026-07-22T19:44:03.478
ATTEMPT 38 START n=10 d=2 seed=308247 neq=10 2026-07-22T19:44:03.482
ATTEMPT 38 DONE  n=10 d=2 seed=308247 nsol=1024  1.04s  2026-07-22T19:44:04.521
ATTEMPT 39 START n=9 d=2 seed=308248 neq=9 2026-07-22T19:44:04.523
ATTEMPT 39 DONE  n=9 d=2 seed=308248 nsol=512  0.36s  2026-07-22T19:44:04.880
ATTEMPT 40 START n=7 d=3 seed=308249 neq=7 2026-07-22T19:44:04.885
ATTEMPT 40 DONE  n=7 d=3 seed=308249 nsol=2187  2.08s  2026-07-22T19:44:06.968
HUNT complete  2026-07-22T19:44:06.973
