HUNT start  nthreads=28  nsolves=40  seed_base=1706030  shape=mix  pid=3751582  2026-07-22T20:25:07.797
ATTEMPT 1 START n=8 d=2 seed=1706031 neq=8 2026-07-22T20:25:19.157
Computing mixed cells... 2    Time: 0:00:00[K
   mixed_volume: 6[K[A
[K[AComputing mixed cells... 58    Time: 0:00:01[K
   mixed_volume: 256[K
ATTEMPT 1 DONE  n=8 d=2 seed=1706031 nsol=256  37.37s  2026-07-22T20:25:56.720
ATTEMPT 2 START n=10 d=2 seed=1706032 neq=10 2026-07-22T20:25:56.917
ATTEMPT 2 DONE  n=10 d=2 seed=1706032 nsol=1024  20.08s  2026-07-22T20:26:16.995
ATTEMPT 3 START n=9 d=2 seed=1706033 neq=9 2026-07-22T20:26:16.998
ATTEMPT 3 DONE  n=9 d=2 seed=1706033 nsol=512  10.65s  2026-07-22T20:26:27.648
ATTEMPT 4 START n=7 d=3 seed=1706034 neq=7 2026-07-22T20:26:27.652
ATTEMPT 4 DONE  n=7 d=3 seed=1706034 nsol=2187  21.91s  2026-07-22T20:26:49.566
ATTEMPT 5 START n=11 d=2 seed=1706035 neq=11 2026-07-22T20:26:49.570
ATTEMPT 5 DONE  n=11 d=2 seed=1706035 nsol=2048  18.56s  2026-07-22T20:27:08.127
ATTEMPT 6 START n=6 d=3 seed=1706036 neq=6 2026-07-22T20:27:08.130
ATTEMPT 6 DONE  n=6 d=3 seed=1706036 nsol=729  11.90s  2026-07-22T20:27:20.033
ATTEMPT 7 START n=8 d=2 seed=1706037 neq=8 2026-07-22T20:27:20.036
ATTEMPT 7 DONE  n=8 d=2 seed=1706037 nsol=256  0.15s  2026-07-22T20:27:20.183
ATTEMPT 8 START n=10 d=2 seed=1706038 neq=10 2026-07-22T20:27:20.186
ATTEMPT 8 DONE  n=10 d=2 seed=1706038 nsol=1024  1.01s  2026-07-22T20:27:21.198
ATTEMPT 9 START n=9 d=2 seed=1706039 neq=9 2026-07-22T20:27:21.200
ATTEMPT 9 DONE  n=9 d=2 seed=1706039 nsol=512  0.38s  2026-07-22T20:27:21.580
ATTEMPT 10 START n=7 d=3 seed=1706040 neq=7 2026-07-22T20:27:21.584
ATTEMPT 10 DONE  n=7 d=3 seed=1706040 nsol=2187  2.01s  2026-07-22T20:27:23.594
ATTEMPT 11 START n=11 d=2 seed=1706041 neq=11 2026-07-22T20:27:23.597
ATTEMPT 11 DONE  n=11 d=2 seed=1706041 nsol=2048  2.73s  2026-07-22T20:27:26.326
ATTEMPT 12 START n=6 d=3 seed=1706042 neq=6 2026-07-22T20:27:26.329
ATTEMPT 12 DONE  n=6 d=3 seed=1706042 nsol=729  0.41s  2026-07-22T20:27:26.742
ATTEMPT 13 START n=8 d=2 seed=1706043 neq=8 2026-07-22T20:27:26.744
ATTEMPT 13 DONE  n=8 d=2 seed=1706043 nsol=256  0.15s  2026-07-22T20:27:26.893
ATTEMPT 14 START n=10 d=2 seed=1706044 neq=10 2026-07-22T20:27:26.897
ATTEMPT 14 DONE  n=10 d=2 seed=1706044 nsol=1024  1.12s  2026-07-22T20:27:28.015
ATTEMPT 15 START n=9 d=2 seed=1706045 neq=9 2026-07-22T20:27:28.018
ATTEMPT 15 DONE  n=9 d=2 seed=1706045 nsol=512  0.41s  2026-07-22T20:27:28.429
ATTEMPT 16 START n=7 d=3 seed=1706046 neq=7 2026-07-22T20:27:28.433
ATTEMPT 16 DONE  n=7 d=3 seed=1706046 nsol=2187  1.92s  2026-07-22T20:27:30.351
ATTEMPT 17 START n=11 d=2 seed=1706047 neq=11 2026-07-22T20:27:30.355
ATTEMPT 17 DONE  n=11 d=2 seed=1706047 nsol=2048  2.68s  2026-07-22T20:27:33.031
ATTEMPT 18 START n=6 d=3 seed=1706048 neq=6 2026-07-22T20:27:33.034
ATTEMPT 18 DONE  n=6 d=3 seed=1706048 nsol=729  0.42s  2026-07-22T20:27:33.455
ATTEMPT 19 START n=8 d=2 seed=1706049 neq=8 2026-07-22T20:27:33.457
ATTEMPT 19 DONE  n=8 d=2 seed=1706049 nsol=256  0.16s  2026-07-22T20:27:33.621
ATTEMPT 20 START n=10 d=2 seed=1706050 neq=10 2026-07-22T20:27:33.624
ATTEMPT 20 DONE  n=10 d=2 seed=1706050 nsol=1024  1.09s  2026-07-22T20:27:34.712
ATTEMPT 21 START n=9 d=2 seed=1706051 neq=9 2026-07-22T20:27:34.714
ATTEMPT 21 DONE  n=9 d=2 seed=1706051 nsol=512  0.44s  2026-07-22T20:27:35.152
ATTEMPT 22 START n=7 d=3 seed=1706052 neq=7 2026-07-22T20:27:35.156
ATTEMPT 22 DONE  n=7 d=3 seed=1706052 nsol=2187  1.99s  2026-07-22T20:27:37.145
ATTEMPT 23 START n=11 d=2 seed=1706053 neq=11 2026-07-22T20:27:37.148
ATTEMPT 23 DONE  n=11 d=2 seed=1706053 nsol=2048  2.57s  2026-07-22T20:27:39.715
ATTEMPT 24 START n=6 d=3 seed=1706054 neq=6 2026-07-22T20:27:39.719
ATTEMPT 24 DONE  n=6 d=3 seed=1706054 nsol=729  0.39s  2026-07-22T20:27:40.104
ATTEMPT 25 START n=8 d=2 seed=1706055 neq=8 2026-07-22T20:27:40.105
ATTEMPT 25 DONE  n=8 d=2 seed=1706055 nsol=256  0.14s  2026-07-22T20:27:40.249
ATTEMPT 26 START n=10 d=2 seed=1706056 neq=10 2026-07-22T20:27:40.253
ATTEMPT 26 DONE  n=10 d=2 seed=1706056 nsol=1024  1.14s  2026-07-22T20:27:41.396
ATTEMPT 27 START n=9 d=2 seed=1706057 neq=9 2026-07-22T20:27:41.398
ATTEMPT 27 DONE  n=9 d=2 seed=1706057 nsol=512  0.35s  2026-07-22T20:27:41.749
ATTEMPT 28 START n=7 d=3 seed=1706058 neq=7 2026-07-22T20:27:41.753
ATTEMPT 28 DONE  n=7 d=3 seed=1706058 nsol=2187  2.03s  2026-07-22T20:27:43.784
ATTEMPT 29 START n=11 d=2 seed=1706059 neq=11 2026-07-22T20:27:43.788
ATTEMPT 29 DONE  n=11 d=2 seed=1706059 nsol=2048  6.21s  2026-07-22T20:27:50.001
ATTEMPT 30 START n=6 d=3 seed=1706060 neq=6 2026-07-22T20:27:50.004
ATTEMPT 30 DONE  n=6 d=3 seed=1706060 nsol=729  0.40s  2026-07-22T20:27:50.399
ATTEMPT 31 START n=8 d=2 seed=1706061 neq=8 2026-07-22T20:27:50.401
ATTEMPT 31 DONE  n=8 d=2 seed=1706061 nsol=256  0.15s  2026-07-22T20:27:50.561
ATTEMPT 32 START n=10 d=2 seed=1706062 neq=10 2026-07-22T20:27:50.565
ATTEMPT 32 DONE  n=10 d=2 seed=1706062 nsol=1024  1.09s  2026-07-22T20:27:51.655
ATTEMPT 33 START n=9 d=2 seed=1706063 neq=9 2026-07-22T20:27:51.656
ATTEMPT 33 DONE  n=9 d=2 seed=1706063 nsol=512  0.38s  2026-07-22T20:27:52.038
ATTEMPT 34 START n=7 d=3 seed=1706064 neq=7 2026-07-22T20:27:52.041
ATTEMPT 34 DONE  n=7 d=3 seed=1706064 nsol=2187  2.17s  2026-07-22T20:27:54.211
ATTEMPT 35 START n=11 d=2 seed=1706065 neq=11 2026-07-22T20:27:54.214
ATTEMPT 35 DONE  n=11 d=2 seed=1706065 nsol=2048  2.60s  2026-07-22T20:27:56.817
ATTEMPT 36 START n=6 d=3 seed=1706066 neq=6 2026-07-22T20:27:56.820
ATTEMPT 36 DONE  n=6 d=3 seed=1706066 nsol=729  0.40s  2026-07-22T20:27:57.218
ATTEMPT 37 START n=8 d=2 seed=1706067 neq=8 2026-07-22T20:27:57.220
ATTEMPT 37 DONE  n=8 d=2 seed=1706067 nsol=256  0.15s  2026-07-22T20:27:57.369
ATTEMPT 38 START n=10 d=2 seed=1706068 neq=10 2026-07-22T20:27:57.373
ATTEMPT 38 DONE  n=10 d=2 seed=1706068 nsol=1024  1.05s  2026-07-22T20:27:58.422
ATTEMPT 39 START n=9 d=2 seed=1706069 neq=9 2026-07-22T20:27:58.424
ATTEMPT 39 DONE  n=9 d=2 seed=1706069 nsol=512  0.34s  2026-07-22T20:27:58.764
ATTEMPT 40 START n=7 d=3 seed=1706070 neq=7 2026-07-22T20:27:58.768
ATTEMPT 40 DONE  n=7 d=3 seed=1706070 nsol=2187  2.12s  2026-07-22T20:28:00.886
HUNT complete  2026-07-22T20:28:00.892
