HUNT start  nthreads=28  nsolves=40  seed_base=820185  shape=mix  pid=1913365  2026-07-22T16:35:45.444
ATTEMPT 1 START n=8 d=2 seed=820186 neq=8 2026-07-22T16:35:59.319
Computing mixed cells... 2    Time: 0:00:01[K
   mixed_volume: 8[K[A
[K[AComputing mixed cells... 50    Time: 0:00:01[K
   mixed_volume: 256[K
ATTEMPT 1 DONE  n=8 d=2 seed=820186 nsol=256  62.57s  2026-07-22T16:37:02.100
ATTEMPT 2 START n=10 d=2 seed=820187 neq=10 2026-07-22T16:37:02.371
ATTEMPT 2 DONE  n=10 d=2 seed=820187 nsol=1024  35.71s  2026-07-22T16:37:38.086
ATTEMPT 3 START n=9 d=2 seed=820188 neq=9 2026-07-22T16:37:38.097
ATTEMPT 3 DONE  n=9 d=2 seed=820188 nsol=512  33.60s  2026-07-22T16:38:11.695
ATTEMPT 4 START n=7 d=3 seed=820189 neq=7 2026-07-22T16:38:11.713
ATTEMPT 4 DONE  n=7 d=3 seed=820189 nsol=2187  46.11s  2026-07-22T16:38:57.829
ATTEMPT 5 START n=11 d=2 seed=820190 neq=11 2026-07-22T16:38:57.835
ATTEMPT 5 DONE  n=11 d=2 seed=820190 nsol=2048  40.83s  2026-07-22T16:39:38.662
ATTEMPT 6 START n=6 d=3 seed=820191 neq=6 2026-07-22T16:39:38.664
ATTEMPT 6 DONE  n=6 d=3 seed=820191 nsol=729  16.30s  2026-07-22T16:39:54.965
ATTEMPT 7 START n=8 d=2 seed=820192 neq=8 2026-07-22T16:39:54.967
ATTEMPT 7 DONE  n=8 d=2 seed=820192 nsol=256  0.30s  2026-07-22T16:39:55.268
ATTEMPT 8 START n=10 d=2 seed=820193 neq=10 2026-07-22T16:39:55.272
ATTEMPT 8 DONE  n=10 d=2 seed=820193 nsol=1024  1.75s  2026-07-22T16:39:57.017
ATTEMPT 9 START n=9 d=2 seed=820194 neq=9 2026-07-22T16:39:57.025
ATTEMPT 9 DONE  n=9 d=2 seed=820194 nsol=512  0.61s  2026-07-22T16:39:57.636
ATTEMPT 10 START n=7 d=3 seed=820195 neq=7 2026-07-22T16:39:57.640
ATTEMPT 10 DONE  n=7 d=3 seed=820195 nsol=2187  3.23s  2026-07-22T16:40:00.870
ATTEMPT 11 START n=11 d=2 seed=820196 neq=11 2026-07-22T16:40:00.877
ATTEMPT 11 DONE  n=11 d=2 seed=820196 nsol=2048  3.98s  2026-07-22T16:40:04.855
ATTEMPT 12 START n=6 d=3 seed=820197 neq=6 2026-07-22T16:40:04.858
ATTEMPT 12 DONE  n=6 d=3 seed=820197 nsol=729  0.89s  2026-07-22T16:40:05.750
ATTEMPT 13 START n=8 d=2 seed=820198 neq=8 2026-07-22T16:40:05.757
ATTEMPT 13 DONE  n=8 d=2 seed=820198 nsol=256  0.29s  2026-07-22T16:40:06.043
ATTEMPT 14 START n=10 d=2 seed=820199 neq=10 2026-07-22T16:40:06.046
ATTEMPT 14 DONE  n=10 d=2 seed=820199 nsol=1024  1.96s  2026-07-22T16:40:08.002
ATTEMPT 15 START n=9 d=2 seed=820200 neq=9 2026-07-22T16:40:08.006
ATTEMPT 15 DONE  n=9 d=2 seed=820200 nsol=512  1.12s  2026-07-22T16:40:09.126
ATTEMPT 16 START n=7 d=3 seed=820201 neq=7 2026-07-22T16:40:09.160
ATTEMPT 16 DONE  n=7 d=3 seed=820201 nsol=2187  3.77s  2026-07-22T16:40:12.928
ATTEMPT 17 START n=11 d=2 seed=820202 neq=11 2026-07-22T16:40:12.958
ATTEMPT 17 DONE  n=11 d=2 seed=820202 nsol=2048  5.63s  2026-07-22T16:40:18.592
ATTEMPT 18 START n=6 d=3 seed=820203 neq=6 2026-07-22T16:40:18.596
ATTEMPT 18 DONE  n=6 d=3 seed=820203 nsol=729  5.64s  2026-07-22T16:40:24.240
ATTEMPT 19 START n=8 d=2 seed=820204 neq=8 2026-07-22T16:40:24.250
ATTEMPT 19 DONE  n=8 d=2 seed=820204 nsol=256  0.44s  2026-07-22T16:40:24.692
ATTEMPT 20 START n=10 d=2 seed=820205 neq=10 2026-07-22T16:40:24.702
ATTEMPT 20 DONE  n=10 d=2 seed=820205 nsol=1024  1.96s  2026-07-22T16:40:26.660
ATTEMPT 21 START n=9 d=2 seed=820206 neq=9 2026-07-22T16:40:26.667
ATTEMPT 21 DONE  n=9 d=2 seed=820206 nsol=512  1.48s  2026-07-22T16:40:28.148
ATTEMPT 22 START n=7 d=3 seed=820207 neq=7 2026-07-22T16:40:28.159
ATTEMPT 22 DONE  n=7 d=3 seed=820207 nsol=2187  6.17s  2026-07-22T16:40:34.334
ATTEMPT 23 START n=11 d=2 seed=820208 neq=11 2026-07-22T16:40:34.338
ATTEMPT 23 DONE  n=11 d=2 seed=820208 nsol=2048  4.49s  2026-07-22T16:40:38.825
ATTEMPT 24 START n=6 d=3 seed=820209 neq=6 2026-07-22T16:40:38.838
ATTEMPT 24 DONE  n=6 d=3 seed=820209 nsol=729  1.03s  2026-07-22T16:40:39.867
ATTEMPT 25 START n=8 d=2 seed=820210 neq=8 2026-07-22T16:40:39.870
ATTEMPT 25 DONE  n=8 d=2 seed=820210 nsol=256  0.73s  2026-07-22T16:40:40.602
ATTEMPT 26 START n=10 d=2 seed=820211 neq=10 2026-07-22T16:40:40.606
ATTEMPT 26 DONE  n=10 d=2 seed=820211 nsol=1024  1.92s  2026-07-22T16:40:42.530
ATTEMPT 27 START n=9 d=2 seed=820212 neq=9 2026-07-22T16:40:42.534
ATTEMPT 27 DONE  n=9 d=2 seed=820212 nsol=512  0.82s  2026-07-22T16:40:43.352
ATTEMPT 28 START n=7 d=3 seed=820213 neq=7 2026-07-22T16:40:43.361
ATTEMPT 28 DONE  n=7 d=3 seed=820213 nsol=2187  4.00s  2026-07-22T16:40:47.360
ATTEMPT 29 START n=11 d=2 seed=820214 neq=11 2026-07-22T16:40:47.375
ATTEMPT 29 DONE  n=11 d=2 seed=820214 nsol=2048  4.84s  2026-07-22T16:40:52.217
ATTEMPT 30 START n=6 d=3 seed=820215 neq=6 2026-07-22T16:40:52.221
ATTEMPT 30 DONE  n=6 d=3 seed=820215 nsol=729  1.03s  2026-07-22T16:40:53.258
ATTEMPT 31 START n=8 d=2 seed=820216 neq=8 2026-07-22T16:40:53.279
ATTEMPT 31 DONE  n=8 d=2 seed=820216 nsol=256  0.39s  2026-07-22T16:40:53.674
ATTEMPT 32 START n=10 d=2 seed=820217 neq=10 2026-07-22T16:40:53.680
ATTEMPT 32 DONE  n=10 d=2 seed=820217 nsol=1024  2.26s  2026-07-22T16:40:55.946
ATTEMPT 33 START n=9 d=2 seed=820218 neq=9 2026-07-22T16:40:55.962
ATTEMPT 33 DONE  n=9 d=2 seed=820218 nsol=512  4.08s  2026-07-22T16:41:00.046
ATTEMPT 34 START n=7 d=3 seed=820219 neq=7 2026-07-22T16:41:00.053
ATTEMPT 34 DONE  n=7 d=3 seed=820219 nsol=2187  4.07s  2026-07-22T16:41:04.124
ATTEMPT 35 START n=11 d=2 seed=820220 neq=11 2026-07-22T16:41:04.140
ATTEMPT 35 DONE  n=11 d=2 seed=820220 nsol=2048  4.38s  2026-07-22T16:41:08.518
ATTEMPT 36 START n=6 d=3 seed=820221 neq=6 2026-07-22T16:41:08.526
ATTEMPT 36 DONE  n=6 d=3 seed=820221 nsol=729  0.70s  2026-07-22T16:41:09.229
ATTEMPT 37 START n=8 d=2 seed=820222 neq=8 2026-07-22T16:41:09.244
ATTEMPT 37 DONE  n=8 d=2 seed=820222 nsol=256  0.48s  2026-07-22T16:41:09.737
ATTEMPT 38 START n=10 d=2 seed=820223 neq=10 2026-07-22T16:41:09.742
ATTEMPT 38 DONE  n=10 d=2 seed=820223 nsol=1024  1.80s  2026-07-22T16:41:11.544
ATTEMPT 39 START n=9 d=2 seed=820224 neq=9 2026-07-22T16:41:11.554
ATTEMPT 39 DONE  n=9 d=2 seed=820224 nsol=512  0.74s  2026-07-22T16:41:12.297
ATTEMPT 40 START n=7 d=3 seed=820225 neq=7 2026-07-22T16:41:12.325
ATTEMPT 40 DONE  n=7 d=3 seed=820225 nsol=2187  3.37s  2026-07-22T16:41:15.695
HUNT complete  2026-07-22T16:41:15.706
