HUNT start  nthreads=28  nsolves=40  seed_base=1121302  shape=mix  pid=3566066  2026-07-22T20:05:51.522
ATTEMPT 1 START n=8 d=2 seed=1121303 neq=8 2026-07-22T20:06:01.731
Computing mixed cells... 2    Time: 0:00:00[K
   mixed_volume: 4[K[A
[K[AComputing mixed cells... 50    Time: 0:00:01[K
   mixed_volume: 256[K
ATTEMPT 1 DONE  n=8 d=2 seed=1121303 nsol=256  40.32s  2026-07-22T20:06:42.225
ATTEMPT 2 START n=10 d=2 seed=1121304 neq=10 2026-07-22T20:06:42.404
ATTEMPT 2 DONE  n=10 d=2 seed=1121304 nsol=1024  17.02s  2026-07-22T20:06:59.427
ATTEMPT 3 START n=9 d=2 seed=1121305 neq=9 2026-07-22T20:06:59.429
ATTEMPT 3 DONE  n=9 d=2 seed=1121305 nsol=512  10.27s  2026-07-22T20:07:09.703
ATTEMPT 4 START n=7 d=3 seed=1121306 neq=7 2026-07-22T20:07:09.707
ATTEMPT 4 DONE  n=7 d=3 seed=1121306 nsol=2187  17.87s  2026-07-22T20:07:27.578
ATTEMPT 5 START n=11 d=2 seed=1121307 neq=11 2026-07-22T20:07:27.582
ATTEMPT 5 DONE  n=11 d=2 seed=1121307 nsol=2048  21.55s  2026-07-22T20:07:49.134
ATTEMPT 6 START n=6 d=3 seed=1121308 neq=6 2026-07-22T20:07:49.136
ATTEMPT 6 DONE  n=6 d=3 seed=1121308 nsol=729  8.52s  2026-07-22T20:07:57.660
ATTEMPT 7 START n=8 d=2 seed=1121309 neq=8 2026-07-22T20:07:57.662
ATTEMPT 7 DONE  n=8 d=2 seed=1121309 nsol=256  0.13s  2026-07-22T20:07:57.789
ATTEMPT 8 START n=10 d=2 seed=1121310 neq=10 2026-07-22T20:07:57.791
ATTEMPT 8 DONE  n=10 d=2 seed=1121310 nsol=1024  1.06s  2026-07-22T20:07:58.848
ATTEMPT 9 START n=9 d=2 seed=1121311 neq=9 2026-07-22T20:07:58.851
ATTEMPT 9 DONE  n=9 d=2 seed=1121311 nsol=512  0.39s  2026-07-22T20:07:59.244
ATTEMPT 10 START n=7 d=3 seed=1121312 neq=7 2026-07-22T20:07:59.249
ATTEMPT 10 DONE  n=7 d=3 seed=1121312 nsol=2187  1.85s  2026-07-22T20:08:01.098
ATTEMPT 11 START n=11 d=2 seed=1121313 neq=11 2026-07-22T20:08:01.104
ATTEMPT 11 DONE  n=11 d=2 seed=1121313 nsol=2048  6.18s  2026-07-22T20:08:07.282
ATTEMPT 12 START n=6 d=3 seed=1121314 neq=6 2026-07-22T20:08:07.285
ATTEMPT 12 DONE  n=6 d=3 seed=1121314 nsol=729  0.40s  2026-07-22T20:08:07.685
ATTEMPT 13 START n=8 d=2 seed=1121315 neq=8 2026-07-22T20:08:07.688
ATTEMPT 13 DONE  n=8 d=2 seed=1121315 nsol=256  0.16s  2026-07-22T20:08:07.848
ATTEMPT 14 START n=10 d=2 seed=1121316 neq=10 2026-07-22T20:08:07.851
ATTEMPT 14 DONE  n=10 d=2 seed=1121316 nsol=1024  0.97s  2026-07-22T20:08:08.825
ATTEMPT 15 START n=9 d=2 seed=1121317 neq=9 2026-07-22T20:08:08.829
ATTEMPT 15 DONE  n=9 d=2 seed=1121317 nsol=512  0.37s  2026-07-22T20:08:09.195
ATTEMPT 16 START n=7 d=3 seed=1121318 neq=7 2026-07-22T20:08:09.201
ATTEMPT 16 DONE  n=7 d=3 seed=1121318 nsol=2187  2.02s  2026-07-22T20:08:11.219
ATTEMPT 17 START n=11 d=2 seed=1121319 neq=11 2026-07-22T20:08:11.222
ATTEMPT 17 DONE  n=11 d=2 seed=1121319 nsol=2048  2.40s  2026-07-22T20:08:13.623
ATTEMPT 18 START n=6 d=3 seed=1121320 neq=6 2026-07-22T20:08:13.627
ATTEMPT 18 DONE  n=6 d=3 seed=1121320 nsol=729  0.36s  2026-07-22T20:08:13.988
ATTEMPT 19 START n=8 d=2 seed=1121321 neq=8 2026-07-22T20:08:13.990
ATTEMPT 19 DONE  n=8 d=2 seed=1121321 nsol=256  0.14s  2026-07-22T20:08:14.132
ATTEMPT 20 START n=10 d=2 seed=1121322 neq=10 2026-07-22T20:08:14.135
ATTEMPT 20 DONE  n=10 d=2 seed=1121322 nsol=1024  1.00s  2026-07-22T20:08:15.131
ATTEMPT 21 START n=9 d=2 seed=1121323 neq=9 2026-07-22T20:08:15.134
ATTEMPT 21 DONE  n=9 d=2 seed=1121323 nsol=512  0.33s  2026-07-22T20:08:15.469
ATTEMPT 22 START n=7 d=3 seed=1121324 neq=7 2026-07-22T20:08:15.474
ATTEMPT 22 DONE  n=7 d=3 seed=1121324 nsol=2187  1.91s  2026-07-22T20:08:17.386
ATTEMPT 23 START n=11 d=2 seed=1121325 neq=11 2026-07-22T20:08:17.391
ATTEMPT 23 DONE  n=11 d=2 seed=1121325 nsol=2048  2.55s  2026-07-22T20:08:19.943
ATTEMPT 24 START n=6 d=3 seed=1121326 neq=6 2026-07-22T20:08:19.946
ATTEMPT 24 DONE  n=6 d=3 seed=1121326 nsol=729  0.37s  2026-07-22T20:08:20.317
ATTEMPT 25 START n=8 d=2 seed=1121327 neq=8 2026-07-22T20:08:20.319
ATTEMPT 25 DONE  n=8 d=2 seed=1121327 nsol=256  0.14s  2026-07-22T20:08:20.460
ATTEMPT 26 START n=10 d=2 seed=1121328 neq=10 2026-07-22T20:08:20.462
ATTEMPT 26 DONE  n=10 d=2 seed=1121328 nsol=1024  1.00s  2026-07-22T20:08:21.463
ATTEMPT 27 START n=9 d=2 seed=1121329 neq=9 2026-07-22T20:08:21.466
ATTEMPT 27 DONE  n=9 d=2 seed=1121329 nsol=512  0.42s  2026-07-22T20:08:21.887
ATTEMPT 28 START n=7 d=3 seed=1121330 neq=7 2026-07-22T20:08:21.892
ATTEMPT 28 DONE  n=7 d=3 seed=1121330 nsol=2187  1.90s  2026-07-22T20:08:23.788
ATTEMPT 29 START n=11 d=2 seed=1121331 neq=11 2026-07-22T20:08:23.793
ATTEMPT 29 DONE  n=11 d=2 seed=1121331 nsol=2048  2.51s  2026-07-22T20:08:26.304
ATTEMPT 30 START n=6 d=3 seed=1121332 neq=6 2026-07-22T20:08:26.307
ATTEMPT 30 DONE  n=6 d=3 seed=1121332 nsol=729  0.39s  2026-07-22T20:08:26.701
ATTEMPT 31 START n=8 d=2 seed=1121333 neq=8 2026-07-22T20:08:26.704
ATTEMPT 31 DONE  n=8 d=2 seed=1121333 nsol=256  0.18s  2026-07-22T20:08:26.881
ATTEMPT 32 START n=10 d=2 seed=1121334 neq=10 2026-07-22T20:08:26.883
ATTEMPT 32 DONE  n=10 d=2 seed=1121334 nsol=1024  0.88s  2026-07-22T20:08:27.764
ATTEMPT 33 START n=9 d=2 seed=1121335 neq=9 2026-07-22T20:08:27.766
ATTEMPT 33 DONE  n=9 d=2 seed=1121335 nsol=512  0.38s  2026-07-22T20:08:28.147
ATTEMPT 34 START n=7 d=3 seed=1121336 neq=7 2026-07-22T20:08:28.152
ATTEMPT 34 DONE  n=7 d=3 seed=1121336 nsol=2187  1.98s  2026-07-22T20:08:30.131
ATTEMPT 35 START n=11 d=2 seed=1121337 neq=11 2026-07-22T20:08:30.136
ATTEMPT 35 DONE  n=11 d=2 seed=1121337 nsol=2048  2.87s  2026-07-22T20:08:33.003
ATTEMPT 36 START n=6 d=3 seed=1121338 neq=6 2026-07-22T20:08:33.005
ATTEMPT 36 DONE  n=6 d=3 seed=1121338 nsol=729  0.37s  2026-07-22T20:08:33.370
ATTEMPT 37 START n=8 d=2 seed=1121339 neq=8 2026-07-22T20:08:33.374
ATTEMPT 37 DONE  n=8 d=2 seed=1121339 nsol=256  0.15s  2026-07-22T20:08:33.520
ATTEMPT 38 START n=10 d=2 seed=1121340 neq=10 2026-07-22T20:08:33.523
ATTEMPT 38 DONE  n=10 d=2 seed=1121340 nsol=1024  0.95s  2026-07-22T20:08:34.475
ATTEMPT 39 START n=9 d=2 seed=1121341 neq=9 2026-07-22T20:08:34.477
ATTEMPT 39 DONE  n=9 d=2 seed=1121341 nsol=512  0.35s  2026-07-22T20:08:34.826
ATTEMPT 40 START n=7 d=3 seed=1121342 neq=7 2026-07-22T20:08:34.831
ATTEMPT 40 DONE  n=7 d=3 seed=1121342 nsol=2187  2.01s  2026-07-22T20:08:36.842
HUNT complete  2026-07-22T20:08:36.847
