HUNT start  nthreads=28  nsolves=40  seed_base=1908955  shape=mix  pid=3822007  2026-07-22T20:32:01.421
ATTEMPT 1 START n=8 d=2 seed=1908956 neq=8 2026-07-22T20:32:11.825
Computing mixed cells... 2    Time: 0:00:01[K
   mixed_volume: 18[K[A
[K[AComputing mixed cells... 39    Time: 0:00:01[K
   mixed_volume: 256[K
ATTEMPT 1 DONE  n=8 d=2 seed=1908956 nsol=256  35.98s  2026-07-22T20:32:48.003
ATTEMPT 2 START n=10 d=2 seed=1908957 neq=10 2026-07-22T20:32:48.233
ATTEMPT 2 DONE  n=10 d=2 seed=1908957 nsol=1024  25.38s  2026-07-22T20:33:13.612
ATTEMPT 3 START n=9 d=2 seed=1908958 neq=9 2026-07-22T20:33:13.614
ATTEMPT 3 DONE  n=9 d=2 seed=1908958 nsol=512  29.99s  2026-07-22T20:33:43.603
ATTEMPT 4 START n=7 d=3 seed=1908959 neq=7 2026-07-22T20:33:43.607
ATTEMPT 4 DONE  n=7 d=3 seed=1908959 nsol=2187  46.88s  2026-07-22T20:34:30.487
ATTEMPT 5 START n=11 d=2 seed=1908960 neq=11 2026-07-22T20:34:30.491
ATTEMPT 5 DONE  n=11 d=2 seed=1908960 nsol=2048  23.26s  2026-07-22T20:34:53.748
ATTEMPT 6 START n=6 d=3 seed=1908961 neq=6 2026-07-22T20:34:53.750
ATTEMPT 6 DONE  n=6 d=3 seed=1908961 nsol=729  15.55s  2026-07-22T20:35:09.300
ATTEMPT 7 START n=8 d=2 seed=1908962 neq=8 2026-07-22T20:35:09.302
ATTEMPT 7 DONE  n=8 d=2 seed=1908962 nsol=256  0.18s  2026-07-22T20:35:09.485
ATTEMPT 8 START n=10 d=2 seed=1908963 neq=10 2026-07-22T20:35:09.489
ATTEMPT 8 DONE  n=10 d=2 seed=1908963 nsol=1024  1.04s  2026-07-22T20:35:10.526
ATTEMPT 9 START n=9 d=2 seed=1908964 neq=9 2026-07-22T20:35:10.529
ATTEMPT 9 DONE  n=9 d=2 seed=1908964 nsol=512  0.39s  2026-07-22T20:35:10.924
ATTEMPT 10 START n=7 d=3 seed=1908965 neq=7 2026-07-22T20:35:10.927
ATTEMPT 10 DONE  n=7 d=3 seed=1908965 nsol=2187  4.10s  2026-07-22T20:35:15.031
ATTEMPT 11 START n=11 d=2 seed=1908966 neq=11 2026-07-22T20:35:15.041
ATTEMPT 11 DONE  n=11 d=2 seed=1908966 nsol=2048  10.01s  2026-07-22T20:35:25.053
ATTEMPT 12 START n=6 d=3 seed=1908967 neq=6 2026-07-22T20:35:25.086
ATTEMPT 12 DONE  n=6 d=3 seed=1908967 nsol=729  1.28s  2026-07-22T20:35:26.362
ATTEMPT 13 START n=8 d=2 seed=1908968 neq=8 2026-07-22T20:35:26.364
ATTEMPT 13 DONE  n=8 d=2 seed=1908968 nsol=256  0.73s  2026-07-22T20:35:27.094
ATTEMPT 14 START n=10 d=2 seed=1908969 neq=10 2026-07-22T20:35:27.122
ATTEMPT 14 DONE  n=10 d=2 seed=1908969 nsol=1024  4.27s  2026-07-22T20:35:31.395
ATTEMPT 15 START n=9 d=2 seed=1908970 neq=9 2026-07-22T20:35:31.421
ATTEMPT 15 DONE  n=9 d=2 seed=1908970 nsol=512  4.39s  2026-07-22T20:35:35.817
ATTEMPT 16 START n=7 d=3 seed=1908971 neq=7 2026-07-22T20:35:35.823
ATTEMPT 16 DONE  n=7 d=3 seed=1908971 nsol=2187  7.25s  2026-07-22T20:35:43.073
ATTEMPT 17 START n=11 d=2 seed=1908972 neq=11 2026-07-22T20:35:43.079
Computing mixed cells... 97    Time: 0:00:00[K
   mixed_volume: 630[K[A
[K[AComputing mixed cells... 358    Time: 0:00:00[K
   mixed_volume: 2048[K
ATTEMPT 17 DONE  n=11 d=2 seed=1908972 nsol=2048  8.75s  2026-07-22T20:35:51.838
ATTEMPT 18 START n=6 d=3 seed=1908973 neq=6 2026-07-22T20:35:51.840
ATTEMPT 18 DONE  n=6 d=3 seed=1908973 nsol=729  1.12s  2026-07-22T20:35:52.960
ATTEMPT 19 START n=8 d=2 seed=1908974 neq=8 2026-07-22T20:35:52.962
ATTEMPT 19 DONE  n=8 d=2 seed=1908974 nsol=256  0.40s  2026-07-22T20:35:53.363
ATTEMPT 20 START n=10 d=2 seed=1908975 neq=10 2026-07-22T20:35:53.365
ATTEMPT 20 DONE  n=10 d=2 seed=1908975 nsol=1024  3.84s  2026-07-22T20:35:57.204
ATTEMPT 21 START n=9 d=2 seed=1908976 neq=9 2026-07-22T20:35:57.215
ATTEMPT 21 DONE  n=9 d=2 seed=1908976 nsol=512  1.61s  2026-07-22T20:35:58.827
ATTEMPT 22 START n=7 d=3 seed=1908977 neq=7 2026-07-22T20:35:58.830
ATTEMPT 22 DONE  n=7 d=3 seed=1908977 nsol=2187  4.48s  2026-07-22T20:36:03.308
ATTEMPT 23 START n=11 d=2 seed=1908978 neq=11 2026-07-22T20:36:03.313
ATTEMPT 23 DONE  n=11 d=2 seed=1908978 nsol=2048  3.22s  2026-07-22T20:36:06.532
ATTEMPT 24 START n=6 d=3 seed=1908979 neq=6 2026-07-22T20:36:06.535
ATTEMPT 24 DONE  n=6 d=3 seed=1908979 nsol=729  0.40s  2026-07-22T20:36:06.936
ATTEMPT 25 START n=8 d=2 seed=1908980 neq=8 2026-07-22T20:36:06.938
ATTEMPT 25 DONE  n=8 d=2 seed=1908980 nsol=256  0.16s  2026-07-22T20:36:07.094
ATTEMPT 26 START n=10 d=2 seed=1908981 neq=10 2026-07-22T20:36:07.097
ATTEMPT 26 DONE  n=10 d=2 seed=1908981 nsol=1024  4.68s  2026-07-22T20:36:11.777
ATTEMPT 27 START n=9 d=2 seed=1908982 neq=9 2026-07-22T20:36:11.780
ATTEMPT 27 DONE  n=9 d=2 seed=1908982 nsol=512  0.42s  2026-07-22T20:36:12.205
ATTEMPT 28 START n=7 d=3 seed=1908983 neq=7 2026-07-22T20:36:12.211
ATTEMPT 28 DONE  n=7 d=3 seed=1908983 nsol=2187  2.25s  2026-07-22T20:36:14.458
ATTEMPT 29 START n=11 d=2 seed=1908984 neq=11 2026-07-22T20:36:14.464
ATTEMPT 29 DONE  n=11 d=2 seed=1908984 nsol=2048  2.93s  2026-07-22T20:36:17.390
ATTEMPT 30 START n=6 d=3 seed=1908985 neq=6 2026-07-22T20:36:17.395
ATTEMPT 30 DONE  n=6 d=3 seed=1908985 nsol=729  0.47s  2026-07-22T20:36:17.861
ATTEMPT 31 START n=8 d=2 seed=1908986 neq=8 2026-07-22T20:36:17.864
ATTEMPT 31 DONE  n=8 d=2 seed=1908986 nsol=256  0.17s  2026-07-22T20:36:18.035
ATTEMPT 32 START n=10 d=2 seed=1908987 neq=10 2026-07-22T20:36:18.039
ATTEMPT 32 DONE  n=10 d=2 seed=1908987 nsol=1024  1.17s  2026-07-22T20:36:19.208
ATTEMPT 33 START n=9 d=2 seed=1908988 neq=9 2026-07-22T20:36:19.210
ATTEMPT 33 DONE  n=9 d=2 seed=1908988 nsol=512  0.41s  2026-07-22T20:36:19.617
ATTEMPT 34 START n=7 d=3 seed=1908989 neq=7 2026-07-22T20:36:19.621
ATTEMPT 34 DONE  n=7 d=3 seed=1908989 nsol=2187  2.26s  2026-07-22T20:36:21.878
ATTEMPT 35 START n=11 d=2 seed=1908990 neq=11 2026-07-22T20:36:21.883
ATTEMPT 35 DONE  n=11 d=2 seed=1908990 nsol=2048  3.07s  2026-07-22T20:36:24.952
ATTEMPT 36 START n=6 d=3 seed=1908991 neq=6 2026-07-22T20:36:24.957
ATTEMPT 36 DONE  n=6 d=3 seed=1908991 nsol=729  0.47s  2026-07-22T20:36:25.423
ATTEMPT 37 START n=8 d=2 seed=1908992 neq=8 2026-07-22T20:36:25.425
ATTEMPT 37 DONE  n=8 d=2 seed=1908992 nsol=256  0.21s  2026-07-22T20:36:25.631
ATTEMPT 38 START n=10 d=2 seed=1908993 neq=10 2026-07-22T20:36:25.638
ATTEMPT 38 DONE  n=10 d=2 seed=1908993 nsol=1024  1.14s  2026-07-22T20:36:26.774
ATTEMPT 39 START n=9 d=2 seed=1908994 neq=9 2026-07-22T20:36:26.778
ATTEMPT 39 DONE  n=9 d=2 seed=1908994 nsol=512  0.40s  2026-07-22T20:36:27.182
ATTEMPT 40 START n=7 d=3 seed=1908995 neq=7 2026-07-22T20:36:27.189
ATTEMPT 40 DONE  n=7 d=3 seed=1908995 nsol=2187  2.15s  2026-07-22T20:36:29.341
HUNT complete  2026-07-22T20:36:29.347
