HUNT start  nthreads=28  nsolves=40  seed_base=715311  shape=mix  pid=3442162  2026-07-22T19:53:01.951
ATTEMPT 1 START n=8 d=2 seed=715312 neq=8 2026-07-22T19:53:15.672
Computing mixed cells... 2    Time: 0:00:01[K
   mixed_volume: 4[K[A
[K[AComputing mixed cells... 62    Time: 0:00:01[K
   mixed_volume: 256[K
ATTEMPT 1 DONE  n=8 d=2 seed=715312 nsol=256  47.29s  2026-07-22T19:54:03.148
ATTEMPT 2 START n=10 d=2 seed=715313 neq=10 2026-07-22T19:54:03.341
ATTEMPT 2 DONE  n=10 d=2 seed=715313 nsol=1024  14.06s  2026-07-22T19:54:17.403
ATTEMPT 3 START n=9 d=2 seed=715314 neq=9 2026-07-22T19:54:17.406
ATTEMPT 3 DONE  n=9 d=2 seed=715314 nsol=512  12.74s  2026-07-22T19:54:30.150
ATTEMPT 4 START n=7 d=3 seed=715315 neq=7 2026-07-22T19:54:30.154
ATTEMPT 4 DONE  n=7 d=3 seed=715315 nsol=2187  18.76s  2026-07-22T19:54:48.916
ATTEMPT 5 START n=11 d=2 seed=715316 neq=11 2026-07-22T19:54:48.919
ATTEMPT 5 DONE  n=11 d=2 seed=715316 nsol=2048  22.01s  2026-07-22T19:55:10.926
ATTEMPT 6 START n=6 d=3 seed=715317 neq=6 2026-07-22T19:55:10.928
ATTEMPT 6 DONE  n=6 d=3 seed=715317 nsol=729  9.21s  2026-07-22T19:55:20.139
ATTEMPT 7 START n=8 d=2 seed=715318 neq=8 2026-07-22T19:55:20.141
ATTEMPT 7 DONE  n=8 d=2 seed=715318 nsol=256  0.13s  2026-07-22T19:55:20.268
ATTEMPT 8 START n=10 d=2 seed=715319 neq=10 2026-07-22T19:55:20.270
ATTEMPT 8 DONE  n=10 d=2 seed=715319 nsol=1024  1.03s  2026-07-22T19:55:21.298
ATTEMPT 9 START n=9 d=2 seed=715320 neq=9 2026-07-22T19:55:21.300
ATTEMPT 9 DONE  n=9 d=2 seed=715320 nsol=512  0.37s  2026-07-22T19:55:21.667
ATTEMPT 10 START n=7 d=3 seed=715321 neq=7 2026-07-22T19:55:21.670
ATTEMPT 10 DONE  n=7 d=3 seed=715321 nsol=2187  2.07s  2026-07-22T19:55:23.745
ATTEMPT 11 START n=11 d=2 seed=715322 neq=11 2026-07-22T19:55:23.749
ATTEMPT 11 DONE  n=11 d=2 seed=715322 nsol=2048  2.52s  2026-07-22T19:55:26.272
ATTEMPT 12 START n=6 d=3 seed=715323 neq=6 2026-07-22T19:55:26.276
ATTEMPT 12 DONE  n=6 d=3 seed=715323 nsol=729  0.39s  2026-07-22T19:55:26.667
ATTEMPT 13 START n=8 d=2 seed=715324 neq=8 2026-07-22T19:55:26.668
ATTEMPT 13 DONE  n=8 d=2 seed=715324 nsol=256  0.15s  2026-07-22T19:55:26.814
ATTEMPT 14 START n=10 d=2 seed=715325 neq=10 2026-07-22T19:55:26.818
ATTEMPT 14 DONE  n=10 d=2 seed=715325 nsol=1024  1.05s  2026-07-22T19:55:27.871
ATTEMPT 15 START n=9 d=2 seed=715326 neq=9 2026-07-22T19:55:27.873
ATTEMPT 15 DONE  n=9 d=2 seed=715326 nsol=512  0.35s  2026-07-22T19:55:28.226
ATTEMPT 16 START n=7 d=3 seed=715327 neq=7 2026-07-22T19:55:28.229
ATTEMPT 16 DONE  n=7 d=3 seed=715327 nsol=2187  1.92s  2026-07-22T19:55:30.154
ATTEMPT 17 START n=11 d=2 seed=715328 neq=11 2026-07-22T19:55:30.158
ATTEMPT 17 DONE  n=11 d=2 seed=715328 nsol=2048  6.16s  2026-07-22T19:55:36.317
ATTEMPT 18 START n=6 d=3 seed=715329 neq=6 2026-07-22T19:55:36.321
ATTEMPT 18 DONE  n=6 d=3 seed=715329 nsol=729  0.37s  2026-07-22T19:55:36.691
ATTEMPT 19 START n=8 d=2 seed=715330 neq=8 2026-07-22T19:55:36.693
ATTEMPT 19 DONE  n=8 d=2 seed=715330 nsol=256  0.18s  2026-07-22T19:55:36.871
ATTEMPT 20 START n=10 d=2 seed=715331 neq=10 2026-07-22T19:55:36.874
ATTEMPT 20 DONE  n=10 d=2 seed=715331 nsol=1024  1.12s  2026-07-22T19:55:37.999
ATTEMPT 21 START n=9 d=2 seed=715332 neq=9 2026-07-22T19:55:38.002
ATTEMPT 21 DONE  n=9 d=2 seed=715332 nsol=512  0.39s  2026-07-22T19:55:38.395
ATTEMPT 22 START n=7 d=3 seed=715333 neq=7 2026-07-22T19:55:38.398
ATTEMPT 22 DONE  n=7 d=3 seed=715333 nsol=2187  1.84s  2026-07-22T19:55:40.241
ATTEMPT 23 START n=11 d=2 seed=715334 neq=11 2026-07-22T19:55:40.246
ATTEMPT 23 DONE  n=11 d=2 seed=715334 nsol=2048  2.68s  2026-07-22T19:55:42.930
ATTEMPT 24 START n=6 d=3 seed=715335 neq=6 2026-07-22T19:55:42.932
ATTEMPT 24 DONE  n=6 d=3 seed=715335 nsol=729  0.39s  2026-07-22T19:55:43.324
ATTEMPT 25 START n=8 d=2 seed=715336 neq=8 2026-07-22T19:55:43.325
ATTEMPT 25 DONE  n=8 d=2 seed=715336 nsol=256  0.13s  2026-07-22T19:55:43.454
ATTEMPT 26 START n=10 d=2 seed=715337 neq=10 2026-07-22T19:55:43.456
ATTEMPT 26 DONE  n=10 d=2 seed=715337 nsol=1024  1.19s  2026-07-22T19:55:44.645
ATTEMPT 27 START n=9 d=2 seed=715338 neq=9 2026-07-22T19:55:44.647
ATTEMPT 27 DONE  n=9 d=2 seed=715338 nsol=512  0.37s  2026-07-22T19:55:45.014
ATTEMPT 28 START n=7 d=3 seed=715339 neq=7 2026-07-22T19:55:45.019
ATTEMPT 28 DONE  n=7 d=3 seed=715339 nsol=2187  2.04s  2026-07-22T19:55:47.061
ATTEMPT 29 START n=11 d=2 seed=715340 neq=11 2026-07-22T19:55:47.064
ATTEMPT 29 DONE  n=11 d=2 seed=715340 nsol=2048  2.63s  2026-07-22T19:55:49.692
ATTEMPT 30 START n=6 d=3 seed=715341 neq=6 2026-07-22T19:55:49.695
ATTEMPT 30 DONE  n=6 d=3 seed=715341 nsol=729  0.40s  2026-07-22T19:55:50.096
ATTEMPT 31 START n=8 d=2 seed=715342 neq=8 2026-07-22T19:55:50.098
ATTEMPT 31 DONE  n=8 d=2 seed=715342 nsol=256  0.16s  2026-07-22T19:55:50.254
ATTEMPT 32 START n=10 d=2 seed=715343 neq=10 2026-07-22T19:55:50.258
ATTEMPT 32 DONE  n=10 d=2 seed=715343 nsol=1024  1.02s  2026-07-22T19:55:51.276
ATTEMPT 33 START n=9 d=2 seed=715344 neq=9 2026-07-22T19:55:51.279
ATTEMPT 33 DONE  n=9 d=2 seed=715344 nsol=512  0.36s  2026-07-22T19:55:51.637
ATTEMPT 34 START n=7 d=3 seed=715345 neq=7 2026-07-22T19:55:51.641
ATTEMPT 34 DONE  n=7 d=3 seed=715345 nsol=2187  2.08s  2026-07-22T19:55:53.724
ATTEMPT 35 START n=11 d=2 seed=715346 neq=11 2026-07-22T19:55:53.728
ATTEMPT 35 DONE  n=11 d=2 seed=715346 nsol=2048  2.65s  2026-07-22T19:55:56.374
ATTEMPT 36 START n=6 d=3 seed=715347 neq=6 2026-07-22T19:55:56.377
ATTEMPT 36 DONE  n=6 d=3 seed=715347 nsol=729  0.39s  2026-07-22T19:55:56.765
ATTEMPT 37 START n=8 d=2 seed=715348 neq=8 2026-07-22T19:55:56.767
ATTEMPT 37 DONE  n=8 d=2 seed=715348 nsol=256  0.16s  2026-07-22T19:55:56.924
ATTEMPT 38 START n=10 d=2 seed=715349 neq=10 2026-07-22T19:55:56.929
ATTEMPT 38 DONE  n=10 d=2 seed=715349 nsol=1024  1.00s  2026-07-22T19:55:57.933
ATTEMPT 39 START n=9 d=2 seed=715350 neq=9 2026-07-22T19:55:57.937
ATTEMPT 39 DONE  n=9 d=2 seed=715350 nsol=512  0.39s  2026-07-22T19:55:58.330
ATTEMPT 40 START n=7 d=3 seed=715351 neq=7 2026-07-22T19:55:58.336
ATTEMPT 40 DONE  n=7 d=3 seed=715351 nsol=2187  1.96s  2026-07-22T19:56:00.294
HUNT complete  2026-07-22T19:56:00.300
