HUNT start  nthreads=28  nsolves=40  seed_base=1424092  shape=mix  pid=2208556  2026-07-22T17:17:04.949
ATTEMPT 1 START n=8 d=2 seed=1424093 neq=8 2026-07-22T17:17:42.550
Computing mixed cells... 2    Time: 0:00:02[K
   mixed_volume: 18[K[A
[K[AComputing mixed cells... 32    Time: 0:00:02[K
   mixed_volume: 256[K
ATTEMPT 1 DONE  n=8 d=2 seed=1424093 nsol=256  94.72s  2026-07-22T17:19:17.541
ATTEMPT 2 START n=10 d=2 seed=1424094 neq=10 2026-07-22T17:19:17.807
ATTEMPT 2 DONE  n=10 d=2 seed=1424094 nsol=1024  35.57s  2026-07-22T17:19:53.374
ATTEMPT 3 START n=9 d=2 seed=1424095 neq=9 2026-07-22T17:19:53.385
ATTEMPT 3 DONE  n=9 d=2 seed=1424095 nsol=512  43.75s  2026-07-22T17:20:37.131
ATTEMPT 4 START n=7 d=3 seed=1424096 neq=7 2026-07-22T17:20:37.140
ATTEMPT 4 DONE  n=7 d=3 seed=1424096 nsol=2187  55.28s  2026-07-22T17:21:32.419
ATTEMPT 5 START n=11 d=2 seed=1424097 neq=11 2026-07-22T17:21:32.424
ATTEMPT 5 DONE  n=11 d=2 seed=1424097 nsol=2048  56.39s  2026-07-22T17:22:28.815
ATTEMPT 6 START n=6 d=3 seed=1424098 neq=6 2026-07-22T17:22:28.833
ATTEMPT 6 DONE  n=6 d=3 seed=1424098 nsol=729  28.94s  2026-07-22T17:22:57.770
ATTEMPT 7 START n=8 d=2 seed=1424099 neq=8 2026-07-22T17:22:57.773
ATTEMPT 7 DONE  n=8 d=2 seed=1424099 nsol=256  0.29s  2026-07-22T17:22:58.066
ATTEMPT 8 START n=10 d=2 seed=1424100 neq=10 2026-07-22T17:22:58.068
ATTEMPT 8 DONE  n=10 d=2 seed=1424100 nsol=1024  1.91s  2026-07-22T17:22:59.973
ATTEMPT 9 START n=9 d=2 seed=1424101 neq=9 2026-07-22T17:22:59.977
ATTEMPT 9 DONE  n=9 d=2 seed=1424101 nsol=512  0.64s  2026-07-22T17:23:00.617
ATTEMPT 10 START n=7 d=3 seed=1424102 neq=7 2026-07-22T17:23:00.625
ATTEMPT 10 DONE  n=7 d=3 seed=1424102 nsol=2187  3.54s  2026-07-22T17:23:04.169
ATTEMPT 11 START n=11 d=2 seed=1424103 neq=11 2026-07-22T17:23:04.176
ATTEMPT 11 DONE  n=11 d=2 seed=1424103 nsol=2048  5.49s  2026-07-22T17:23:09.676
ATTEMPT 12 START n=6 d=3 seed=1424104 neq=6 2026-07-22T17:23:09.693
ATTEMPT 12 DONE  n=6 d=3 seed=1424104 nsol=729  1.24s  2026-07-22T17:23:10.933
ATTEMPT 13 START n=8 d=2 seed=1424105 neq=8 2026-07-22T17:23:10.963
ATTEMPT 13 DONE  n=8 d=2 seed=1424105 nsol=256  0.50s  2026-07-22T17:23:11.467
ATTEMPT 14 START n=10 d=2 seed=1424106 neq=10 2026-07-22T17:23:11.472
ATTEMPT 14 DONE  n=10 d=2 seed=1424106 nsol=1024  2.20s  2026-07-22T17:23:13.677
ATTEMPT 15 START n=9 d=2 seed=1424107 neq=9 2026-07-22T17:23:13.685
ATTEMPT 15 DONE  n=9 d=2 seed=1424107 nsol=512  1.20s  2026-07-22T17:23:14.881
ATTEMPT 16 START n=7 d=3 seed=1424108 neq=7 2026-07-22T17:23:14.914
ATTEMPT 16 DONE  n=7 d=3 seed=1424108 nsol=2187  8.58s  2026-07-22T17:23:23.497
ATTEMPT 17 START n=11 d=2 seed=1424109 neq=11 2026-07-22T17:23:23.523
ATTEMPT 17 DONE  n=11 d=2 seed=1424109 nsol=2048  5.34s  2026-07-22T17:23:28.862
ATTEMPT 18 START n=6 d=3 seed=1424110 neq=6 2026-07-22T17:23:28.872
ATTEMPT 18 DONE  n=6 d=3 seed=1424110 nsol=729  0.71s  2026-07-22T17:23:29.581
ATTEMPT 19 START n=8 d=2 seed=1424111 neq=8 2026-07-22T17:23:29.593
ATTEMPT 19 DONE  n=8 d=2 seed=1424111 nsol=256  0.35s  2026-07-22T17:23:29.953
ATTEMPT 20 START n=10 d=2 seed=1424112 neq=10 2026-07-22T17:23:29.962
ATTEMPT 20 DONE  n=10 d=2 seed=1424112 nsol=1024  1.56s  2026-07-22T17:23:31.522
ATTEMPT 21 START n=9 d=2 seed=1424113 neq=9 2026-07-22T17:23:31.527
ATTEMPT 21 DONE  n=9 d=2 seed=1424113 nsol=512  0.67s  2026-07-22T17:23:32.198
ATTEMPT 22 START n=7 d=3 seed=1424114 neq=7 2026-07-22T17:23:32.207
ATTEMPT 22 DONE  n=7 d=3 seed=1424114 nsol=2187  3.19s  2026-07-22T17:23:35.397
ATTEMPT 23 START n=11 d=2 seed=1424115 neq=11 2026-07-22T17:23:35.401
ATTEMPT 23 DONE  n=11 d=2 seed=1424115 nsol=2048  4.46s  2026-07-22T17:23:39.871
ATTEMPT 24 START n=6 d=3 seed=1424116 neq=6 2026-07-22T17:23:39.876
ATTEMPT 24 DONE  n=6 d=3 seed=1424116 nsol=729  0.84s  2026-07-22T17:23:40.718
ATTEMPT 25 START n=8 d=2 seed=1424117 neq=8 2026-07-22T17:23:40.720
ATTEMPT 25 DONE  n=8 d=2 seed=1424117 nsol=256  0.24s  2026-07-22T17:23:40.958
ATTEMPT 26 START n=10 d=2 seed=1424118 neq=10 2026-07-22T17:23:40.960
ATTEMPT 26 DONE  n=10 d=2 seed=1424118 nsol=1024  1.53s  2026-07-22T17:23:42.490
ATTEMPT 27 START n=9 d=2 seed=1424119 neq=9 2026-07-22T17:23:42.493
ATTEMPT 27 DONE  n=9 d=2 seed=1424119 nsol=512  0.71s  2026-07-22T17:23:43.202
ATTEMPT 28 START n=7 d=3 seed=1424120 neq=7 2026-07-22T17:23:43.213
ATTEMPT 28 DONE  n=7 d=3 seed=1424120 nsol=2187  3.45s  2026-07-22T17:23:46.667
ATTEMPT 29 START n=11 d=2 seed=1424121 neq=11 2026-07-22T17:23:46.678
ATTEMPT 29 DONE  n=11 d=2 seed=1424121 nsol=2048  4.04s  2026-07-22T17:23:50.718
ATTEMPT 30 START n=6 d=3 seed=1424122 neq=6 2026-07-22T17:23:50.722
ATTEMPT 30 DONE  n=6 d=3 seed=1424122 nsol=729  4.18s  2026-07-22T17:23:54.906
ATTEMPT 31 START n=8 d=2 seed=1424123 neq=8 2026-07-22T17:23:54.910
ATTEMPT 31 DONE  n=8 d=2 seed=1424123 nsol=256  0.30s  2026-07-22T17:23:55.207
ATTEMPT 32 START n=10 d=2 seed=1424124 neq=10 2026-07-22T17:23:55.212
ATTEMPT 32 DONE  n=10 d=2 seed=1424124 nsol=1024  1.47s  2026-07-22T17:23:56.681
ATTEMPT 33 START n=9 d=2 seed=1424125 neq=9 2026-07-22T17:23:56.684
ATTEMPT 33 DONE  n=9 d=2 seed=1424125 nsol=512  0.58s  2026-07-22T17:23:57.266
ATTEMPT 34 START n=7 d=3 seed=1424126 neq=7 2026-07-22T17:23:57.293
ATTEMPT 34 DONE  n=7 d=3 seed=1424126 nsol=2187  3.51s  2026-07-22T17:24:00.808
ATTEMPT 35 START n=11 d=2 seed=1424127 neq=11 2026-07-22T17:24:00.815
ATTEMPT 35 DONE  n=11 d=2 seed=1424127 nsol=2048  4.50s  2026-07-22T17:24:05.316
ATTEMPT 36 START n=6 d=3 seed=1424128 neq=6 2026-07-22T17:24:05.320
ATTEMPT 36 DONE  n=6 d=3 seed=1424128 nsol=729  0.73s  2026-07-22T17:24:06.047
ATTEMPT 37 START n=8 d=2 seed=1424129 neq=8 2026-07-22T17:24:06.049
ATTEMPT 37 DONE  n=8 d=2 seed=1424129 nsol=256  0.31s  2026-07-22T17:24:06.362
ATTEMPT 38 START n=10 d=2 seed=1424130 neq=10 2026-07-22T17:24:06.378
ATTEMPT 38 DONE  n=10 d=2 seed=1424130 nsol=1024  1.59s  2026-07-22T17:24:07.967
ATTEMPT 39 START n=9 d=2 seed=1424131 neq=9 2026-07-22T17:24:07.970
ATTEMPT 39 DONE  n=9 d=2 seed=1424131 nsol=512  0.68s  2026-07-22T17:24:08.651
ATTEMPT 40 START n=7 d=3 seed=1424132 neq=7 2026-07-22T17:24:08.663
ATTEMPT 40 DONE  n=7 d=3 seed=1424132 nsol=2187  3.40s  2026-07-22T17:24:12.067
HUNT complete  2026-07-22T17:24:12.081
