HUNT start  nthreads=28  nsolves=40  seed_base=113642  shape=mix  pid=2670276  2026-07-22T18:30:31.998
ATTEMPT 1 START n=8 d=2 seed=113643 neq=8 2026-07-22T18:30:42.279
Computing mixed cells... 2    Time: 0:00:00[K
   mixed_volume: 5[K[A
[K[AComputing mixed cells... 59    Time: 0:00:00[K
   mixed_volume: 256[K
ATTEMPT 1 DONE  n=8 d=2 seed=113643 nsol=256  33.04s  2026-07-22T18:31:15.500
ATTEMPT 2 START n=10 d=2 seed=113644 neq=10 2026-07-22T18:31:15.692
ATTEMPT 2 DONE  n=10 d=2 seed=113644 nsol=1024  17.47s  2026-07-22T18:31:33.160
ATTEMPT 3 START n=9 d=2 seed=113645 neq=9 2026-07-22T18:31:33.162
ATTEMPT 3 DONE  n=9 d=2 seed=113645 nsol=512  12.25s  2026-07-22T18:31:45.409
ATTEMPT 4 START n=7 d=3 seed=113646 neq=7 2026-07-22T18:31:45.413
ATTEMPT 4 DONE  n=7 d=3 seed=113646 nsol=2187  23.82s  2026-07-22T18:32:09.238
ATTEMPT 5 START n=11 d=2 seed=113647 neq=11 2026-07-22T18:32:09.242
ATTEMPT 5 DONE  n=11 d=2 seed=113647 nsol=2048  36.25s  2026-07-22T18:32:45.491
ATTEMPT 6 START n=6 d=3 seed=113648 neq=6 2026-07-22T18:32:45.497
ATTEMPT 6 DONE  n=6 d=3 seed=113648 nsol=729  14.70s  2026-07-22T18:33:00.200
ATTEMPT 7 START n=8 d=2 seed=113649 neq=8 2026-07-22T18:33:00.202
ATTEMPT 7 DONE  n=8 d=2 seed=113649 nsol=256  0.19s  2026-07-22T18:33:00.388
ATTEMPT 8 START n=10 d=2 seed=113650 neq=10 2026-07-22T18:33:00.391
ATTEMPT 8 DONE  n=10 d=2 seed=113650 nsol=1024  1.42s  2026-07-22T18:33:01.812
ATTEMPT 9 START n=9 d=2 seed=113651 neq=9 2026-07-22T18:33:01.814
ATTEMPT 9 DONE  n=9 d=2 seed=113651 nsol=512  0.53s  2026-07-22T18:33:02.348
ATTEMPT 10 START n=7 d=3 seed=113652 neq=7 2026-07-22T18:33:02.355
ATTEMPT 10 DONE  n=7 d=3 seed=113652 nsol=2187  3.09s  2026-07-22T18:33:05.450
ATTEMPT 11 START n=11 d=2 seed=113653 neq=11 2026-07-22T18:33:05.456
ATTEMPT 11 DONE  n=11 d=2 seed=113653 nsol=2048  7.14s  2026-07-22T18:33:12.596
ATTEMPT 12 START n=6 d=3 seed=113654 neq=6 2026-07-22T18:33:12.603
ATTEMPT 12 DONE  n=6 d=3 seed=113654 nsol=729  0.55s  2026-07-22T18:33:13.151
ATTEMPT 13 START n=8 d=2 seed=113655 neq=8 2026-07-22T18:33:13.154
ATTEMPT 13 DONE  n=8 d=2 seed=113655 nsol=256  0.19s  2026-07-22T18:33:13.344
ATTEMPT 14 START n=10 d=2 seed=113656 neq=10 2026-07-22T18:33:13.346
ATTEMPT 14 DONE  n=10 d=2 seed=113656 nsol=1024  1.38s  2026-07-22T18:33:14.722
ATTEMPT 15 START n=9 d=2 seed=113657 neq=9 2026-07-22T18:33:14.725
ATTEMPT 15 DONE  n=9 d=2 seed=113657 nsol=512  0.52s  2026-07-22T18:33:15.241
ATTEMPT 16 START n=7 d=3 seed=113658 neq=7 2026-07-22T18:33:15.246
ATTEMPT 16 DONE  n=7 d=3 seed=113658 nsol=2187  2.93s  2026-07-22T18:33:18.180
ATTEMPT 17 START n=11 d=2 seed=113659 neq=11 2026-07-22T18:33:18.183
ATTEMPT 17 DONE  n=11 d=2 seed=113659 nsol=2048  3.67s  2026-07-22T18:33:21.854
ATTEMPT 18 START n=6 d=3 seed=113660 neq=6 2026-07-22T18:33:21.856
ATTEMPT 18 DONE  n=6 d=3 seed=113660 nsol=729  0.61s  2026-07-22T18:33:22.467
ATTEMPT 19 START n=8 d=2 seed=113661 neq=8 2026-07-22T18:33:22.469
ATTEMPT 19 DONE  n=8 d=2 seed=113661 nsol=256  0.23s  2026-07-22T18:33:22.698
ATTEMPT 20 START n=10 d=2 seed=113662 neq=10 2026-07-22T18:33:22.701
ATTEMPT 20 DONE  n=10 d=2 seed=113662 nsol=1024  1.51s  2026-07-22T18:33:24.207
ATTEMPT 21 START n=9 d=2 seed=113663 neq=9 2026-07-22T18:33:24.210
ATTEMPT 21 DONE  n=9 d=2 seed=113663 nsol=512  0.71s  2026-07-22T18:33:24.916
ATTEMPT 22 START n=7 d=3 seed=113664 neq=7 2026-07-22T18:33:24.922
ATTEMPT 22 DONE  n=7 d=3 seed=113664 nsol=2187  2.75s  2026-07-22T18:33:27.671
ATTEMPT 23 START n=11 d=2 seed=113665 neq=11 2026-07-22T18:33:27.683
ATTEMPT 23 DONE  n=11 d=2 seed=113665 nsol=2048  3.75s  2026-07-22T18:33:31.436
ATTEMPT 24 START n=6 d=3 seed=113666 neq=6 2026-07-22T18:33:31.439
ATTEMPT 24 DONE  n=6 d=3 seed=113666 nsol=729  0.58s  2026-07-22T18:33:32.019
ATTEMPT 25 START n=8 d=2 seed=113667 neq=8 2026-07-22T18:33:32.021
ATTEMPT 25 DONE  n=8 d=2 seed=113667 nsol=256  0.24s  2026-07-22T18:33:32.264
ATTEMPT 26 START n=10 d=2 seed=113668 neq=10 2026-07-22T18:33:32.271
ATTEMPT 26 DONE  n=10 d=2 seed=113668 nsol=1024  1.33s  2026-07-22T18:33:33.605
ATTEMPT 27 START n=9 d=2 seed=113669 neq=9 2026-07-22T18:33:33.608
ATTEMPT 27 DONE  n=9 d=2 seed=113669 nsol=512  0.60s  2026-07-22T18:33:34.208
ATTEMPT 28 START n=7 d=3 seed=113670 neq=7 2026-07-22T18:33:34.214
ATTEMPT 28 DONE  n=7 d=3 seed=113670 nsol=2187  2.74s  2026-07-22T18:33:36.958
ATTEMPT 29 START n=11 d=2 seed=113671 neq=11 2026-07-22T18:33:36.967
ATTEMPT 29 DONE  n=11 d=2 seed=113671 nsol=2048  3.78s  2026-07-22T18:33:40.745
ATTEMPT 30 START n=6 d=3 seed=113672 neq=6 2026-07-22T18:33:40.748
ATTEMPT 30 DONE  n=6 d=3 seed=113672 nsol=729  0.56s  2026-07-22T18:33:41.304
ATTEMPT 31 START n=8 d=2 seed=113673 neq=8 2026-07-22T18:33:41.310
ATTEMPT 31 DONE  n=8 d=2 seed=113673 nsol=256  0.19s  2026-07-22T18:33:41.495
ATTEMPT 32 START n=10 d=2 seed=113674 neq=10 2026-07-22T18:33:41.498
ATTEMPT 32 DONE  n=10 d=2 seed=113674 nsol=1024  5.08s  2026-07-22T18:33:46.573
ATTEMPT 33 START n=9 d=2 seed=113675 neq=9 2026-07-22T18:33:46.578
ATTEMPT 33 DONE  n=9 d=2 seed=113675 nsol=512  0.52s  2026-07-22T18:33:47.101
ATTEMPT 34 START n=7 d=3 seed=113676 neq=7 2026-07-22T18:33:47.104
ATTEMPT 34 DONE  n=7 d=3 seed=113676 nsol=2187  2.92s  2026-07-22T18:33:50.028
ATTEMPT 35 START n=11 d=2 seed=113677 neq=11 2026-07-22T18:33:50.034
ATTEMPT 35 DONE  n=11 d=2 seed=113677 nsol=2048  3.80s  2026-07-22T18:33:53.833
ATTEMPT 36 START n=6 d=3 seed=113678 neq=6 2026-07-22T18:33:53.837
ATTEMPT 36 DONE  n=6 d=3 seed=113678 nsol=729  0.54s  2026-07-22T18:33:54.380
ATTEMPT 37 START n=8 d=2 seed=113679 neq=8 2026-07-22T18:33:54.384
ATTEMPT 37 DONE  n=8 d=2 seed=113679 nsol=256  0.21s  2026-07-22T18:33:54.596
ATTEMPT 38 START n=10 d=2 seed=113680 neq=10 2026-07-22T18:33:54.603
ATTEMPT 38 DONE  n=10 d=2 seed=113680 nsol=1024  1.60s  2026-07-22T18:33:56.202
ATTEMPT 39 START n=9 d=2 seed=113681 neq=9 2026-07-22T18:33:56.206
ATTEMPT 39 DONE  n=9 d=2 seed=113681 nsol=512  0.59s  2026-07-22T18:33:56.792
ATTEMPT 40 START n=7 d=3 seed=113682 neq=7 2026-07-22T18:33:56.795
ATTEMPT 40 DONE  n=7 d=3 seed=113682 nsol=2187  2.86s  2026-07-22T18:33:59.654
HUNT complete  2026-07-22T18:33:59.664
