HUNT start  nthreads=28  nsolves=40  seed_base=1817894  shape=mix  pid=3782073  2026-07-22T20:28:05.625
ATTEMPT 1 START n=8 d=2 seed=1817895 neq=8 2026-07-22T20:28:16.346
Computing mixed cells... 2    Time: 0:00:00[K
   mixed_volume: 8[K[A
[K[AComputing mixed cells... 41    Time: 0:00:01[K
   mixed_volume: 256[K
ATTEMPT 1 DONE  n=8 d=2 seed=1817895 nsol=256  38.43s  2026-07-22T20:28:55.010
ATTEMPT 2 START n=10 d=2 seed=1817896 neq=10 2026-07-22T20:28:55.209
ATTEMPT 2 DONE  n=10 d=2 seed=1817896 nsol=1024  18.53s  2026-07-22T20:29:13.743
ATTEMPT 3 START n=9 d=2 seed=1817897 neq=9 2026-07-22T20:29:13.746
ATTEMPT 3 DONE  n=9 d=2 seed=1817897 nsol=512  10.81s  2026-07-22T20:29:24.553
ATTEMPT 4 START n=7 d=3 seed=1817898 neq=7 2026-07-22T20:29:24.557
ATTEMPT 4 DONE  n=7 d=3 seed=1817898 nsol=2187  26.37s  2026-07-22T20:29:50.924
ATTEMPT 5 START n=11 d=2 seed=1817899 neq=11 2026-07-22T20:29:50.927
ATTEMPT 5 DONE  n=11 d=2 seed=1817899 nsol=2048  25.81s  2026-07-22T20:30:16.738
ATTEMPT 6 START n=6 d=3 seed=1817900 neq=6 2026-07-22T20:30:16.741
ATTEMPT 6 DONE  n=6 d=3 seed=1817900 nsol=729  11.99s  2026-07-22T20:30:28.727
ATTEMPT 7 START n=8 d=2 seed=1817901 neq=8 2026-07-22T20:30:28.729
ATTEMPT 7 DONE  n=8 d=2 seed=1817901 nsol=256  0.15s  2026-07-22T20:30:28.880
ATTEMPT 8 START n=10 d=2 seed=1817902 neq=10 2026-07-22T20:30:28.883
ATTEMPT 8 DONE  n=10 d=2 seed=1817902 nsol=1024  1.10s  2026-07-22T20:30:29.979
ATTEMPT 9 START n=9 d=2 seed=1817903 neq=9 2026-07-22T20:30:29.982
ATTEMPT 9 DONE  n=9 d=2 seed=1817903 nsol=512  0.38s  2026-07-22T20:30:30.359
ATTEMPT 10 START n=7 d=3 seed=1817904 neq=7 2026-07-22T20:30:30.364
ATTEMPT 10 DONE  n=7 d=3 seed=1817904 nsol=2187  2.22s  2026-07-22T20:30:32.588
ATTEMPT 11 START n=11 d=2 seed=1817905 neq=11 2026-07-22T20:30:32.592
ATTEMPT 11 DONE  n=11 d=2 seed=1817905 nsol=2048  2.90s  2026-07-22T20:30:35.495
ATTEMPT 12 START n=6 d=3 seed=1817906 neq=6 2026-07-22T20:30:35.498
ATTEMPT 12 DONE  n=6 d=3 seed=1817906 nsol=729  0.43s  2026-07-22T20:30:35.924
ATTEMPT 13 START n=8 d=2 seed=1817907 neq=8 2026-07-22T20:30:35.926
ATTEMPT 13 DONE  n=8 d=2 seed=1817907 nsol=256  0.17s  2026-07-22T20:30:36.092
ATTEMPT 14 START n=10 d=2 seed=1817908 neq=10 2026-07-22T20:30:36.095
ATTEMPT 14 DONE  n=10 d=2 seed=1817908 nsol=1024  1.09s  2026-07-22T20:30:37.181
ATTEMPT 15 START n=9 d=2 seed=1817909 neq=9 2026-07-22T20:30:37.183
ATTEMPT 15 DONE  n=9 d=2 seed=1817909 nsol=512  0.38s  2026-07-22T20:30:37.562
ATTEMPT 16 START n=7 d=3 seed=1817910 neq=7 2026-07-22T20:30:37.565
ATTEMPT 16 DONE  n=7 d=3 seed=1817910 nsol=2187  2.19s  2026-07-22T20:30:39.759
ATTEMPT 17 START n=11 d=2 seed=1817911 neq=11 2026-07-22T20:30:39.762
ATTEMPT 17 DONE  n=11 d=2 seed=1817911 nsol=2048  3.13s  2026-07-22T20:30:42.890
ATTEMPT 18 START n=6 d=3 seed=1817912 neq=6 2026-07-22T20:30:42.894
ATTEMPT 18 DONE  n=6 d=3 seed=1817912 nsol=729  0.50s  2026-07-22T20:30:43.389
ATTEMPT 19 START n=8 d=2 seed=1817913 neq=8 2026-07-22T20:30:43.391
ATTEMPT 19 DONE  n=8 d=2 seed=1817913 nsol=256  0.20s  2026-07-22T20:30:43.595
ATTEMPT 20 START n=10 d=2 seed=1817914 neq=10 2026-07-22T20:30:43.598
ATTEMPT 20 DONE  n=10 d=2 seed=1817914 nsol=1024  1.11s  2026-07-22T20:30:44.704
ATTEMPT 21 START n=9 d=2 seed=1817915 neq=9 2026-07-22T20:30:44.707
ATTEMPT 21 DONE  n=9 d=2 seed=1817915 nsol=512  3.98s  2026-07-22T20:30:48.685
ATTEMPT 22 START n=7 d=3 seed=1817916 neq=7 2026-07-22T20:30:48.690
ATTEMPT 22 DONE  n=7 d=3 seed=1817916 nsol=2187  1.98s  2026-07-22T20:30:50.667
ATTEMPT 23 START n=11 d=2 seed=1817917 neq=11 2026-07-22T20:30:50.672
ATTEMPT 23 DONE  n=11 d=2 seed=1817917 nsol=2048  3.66s  2026-07-22T20:30:54.335
ATTEMPT 24 START n=6 d=3 seed=1817918 neq=6 2026-07-22T20:30:54.338
ATTEMPT 24 DONE  n=6 d=3 seed=1817918 nsol=729  1.11s  2026-07-22T20:30:55.452
ATTEMPT 25 START n=8 d=2 seed=1817919 neq=8 2026-07-22T20:30:55.455
ATTEMPT 25 DONE  n=8 d=2 seed=1817919 nsol=256  0.38s  2026-07-22T20:30:55.836
ATTEMPT 26 START n=10 d=2 seed=1817920 neq=10 2026-07-22T20:30:55.838
ATTEMPT 26 DONE  n=10 d=2 seed=1817920 nsol=1024  3.23s  2026-07-22T20:30:59.064
ATTEMPT 27 START n=9 d=2 seed=1817921 neq=9 2026-07-22T20:30:59.067
ATTEMPT 27 DONE  n=9 d=2 seed=1817921 nsol=512  0.99s  2026-07-22T20:31:00.053
ATTEMPT 28 START n=7 d=3 seed=1817922 neq=7 2026-07-22T20:31:00.057
ATTEMPT 28 DONE  n=7 d=3 seed=1817922 nsol=2187  5.77s  2026-07-22T20:31:05.831
ATTEMPT 29 START n=11 d=2 seed=1817923 neq=11 2026-07-22T20:31:05.835
ATTEMPT 29 DONE  n=11 d=2 seed=1817923 nsol=2048  7.32s  2026-07-22T20:31:13.156
ATTEMPT 30 START n=6 d=3 seed=1817924 neq=6 2026-07-22T20:31:13.162
ATTEMPT 30 DONE  n=6 d=3 seed=1817924 nsol=729  1.15s  2026-07-22T20:31:14.314
ATTEMPT 31 START n=8 d=2 seed=1817925 neq=8 2026-07-22T20:31:14.317
ATTEMPT 31 DONE  n=8 d=2 seed=1817925 nsol=256  0.49s  2026-07-22T20:31:14.809
ATTEMPT 32 START n=10 d=2 seed=1817926 neq=10 2026-07-22T20:31:14.825
ATTEMPT 32 DONE  n=10 d=2 seed=1817926 nsol=1024  3.22s  2026-07-22T20:31:18.040
ATTEMPT 33 START n=9 d=2 seed=1817927 neq=9 2026-07-22T20:31:18.044
ATTEMPT 33 DONE  n=9 d=2 seed=1817927 nsol=512  1.18s  2026-07-22T20:31:19.219
ATTEMPT 34 START n=7 d=3 seed=1817928 neq=7 2026-07-22T20:31:19.225
ATTEMPT 34 DONE  n=7 d=3 seed=1817928 nsol=2187  9.94s  2026-07-22T20:31:29.164
ATTEMPT 35 START n=11 d=2 seed=1817929 neq=11 2026-07-22T20:31:29.205
ATTEMPT 35 DONE  n=11 d=2 seed=1817929 nsol=2047  8.23s  2026-07-22T20:31:37.448
ATTEMPT 36 START n=6 d=3 seed=1817930 neq=6 2026-07-22T20:31:37.451
ATTEMPT 36 DONE  n=6 d=3 seed=1817930 nsol=729  1.17s  2026-07-22T20:31:38.624
ATTEMPT 37 START n=8 d=2 seed=1817931 neq=8 2026-07-22T20:31:38.626
ATTEMPT 37 DONE  n=8 d=2 seed=1817931 nsol=256  0.40s  2026-07-22T20:31:39.027
ATTEMPT 38 START n=10 d=2 seed=1817932 neq=10 2026-07-22T20:31:39.029
ATTEMPT 38 DONE  n=10 d=2 seed=1817932 nsol=1024  3.14s  2026-07-22T20:31:42.168
ATTEMPT 39 START n=9 d=2 seed=1817933 neq=9 2026-07-22T20:31:42.172
ATTEMPT 39 DONE  n=9 d=2 seed=1817933 nsol=512  1.25s  2026-07-22T20:31:43.425
ATTEMPT 40 START n=7 d=3 seed=1817934 neq=7 2026-07-22T20:31:43.430
ATTEMPT 40 DONE  n=7 d=3 seed=1817934 nsol=2187  5.72s  2026-07-22T20:31:49.146
HUNT complete  2026-07-22T20:31:49.152
