HUNT start  nthreads=28  nsolves=40  seed_base=424350  shape=mix  pid=2762513  2026-07-22T18:42:34.833
ATTEMPT 1 START n=8 d=2 seed=424351 neq=8 2026-07-22T18:42:49.401
Computing mixed cells... 2    Time: 0:00:00[K
   mixed_volume: 22[K[A
[K[AComputing mixed cells... 51    Time: 0:00:01[K
   mixed_volume: 256[K
ATTEMPT 1 DONE  n=8 d=2 seed=424351 nsol=256  34.57s  2026-07-22T18:43:24.165
ATTEMPT 2 START n=10 d=2 seed=424352 neq=10 2026-07-22T18:43:24.382
ATTEMPT 2 DONE  n=10 d=2 seed=424352 nsol=1024  13.65s  2026-07-22T18:43:38.035
ATTEMPT 3 START n=9 d=2 seed=424353 neq=9 2026-07-22T18:43:38.037
ATTEMPT 3 DONE  n=9 d=2 seed=424353 nsol=512  12.33s  2026-07-22T18:43:50.365
ATTEMPT 4 START n=7 d=3 seed=424354 neq=7 2026-07-22T18:43:50.369
ATTEMPT 4 DONE  n=7 d=3 seed=424354 nsol=2187  24.29s  2026-07-22T18:44:14.663
ATTEMPT 5 START n=11 d=2 seed=424355 neq=11 2026-07-22T18:44:14.668
ATTEMPT 5 DONE  n=11 d=2 seed=424355 nsol=2048  25.65s  2026-07-22T18:44:40.319
ATTEMPT 6 START n=6 d=3 seed=424356 neq=6 2026-07-22T18:44:40.322
ATTEMPT 6 DONE  n=6 d=3 seed=424356 nsol=729  9.74s  2026-07-22T18:44:50.058
ATTEMPT 7 START n=8 d=2 seed=424357 neq=8 2026-07-22T18:44:50.060
ATTEMPT 7 DONE  n=8 d=2 seed=424357 nsol=256  0.13s  2026-07-22T18:44:50.193
ATTEMPT 8 START n=10 d=2 seed=424358 neq=10 2026-07-22T18:44:50.195
ATTEMPT 8 DONE  n=10 d=2 seed=424358 nsol=1024  1.04s  2026-07-22T18:44:51.232
ATTEMPT 9 START n=9 d=2 seed=424359 neq=9 2026-07-22T18:44:51.234
ATTEMPT 9 DONE  n=9 d=2 seed=424359 nsol=512  0.38s  2026-07-22T18:44:51.609
ATTEMPT 10 START n=7 d=3 seed=424360 neq=7 2026-07-22T18:44:51.612
ATTEMPT 10 DONE  n=7 d=3 seed=424360 nsol=2187  1.92s  2026-07-22T18:44:53.530
ATTEMPT 11 START n=11 d=2 seed=424361 neq=11 2026-07-22T18:44:53.534
ATTEMPT 11 DONE  n=11 d=2 seed=424361 nsol=2048  2.63s  2026-07-22T18:44:56.166
ATTEMPT 12 START n=6 d=3 seed=424362 neq=6 2026-07-22T18:44:56.168
ATTEMPT 12 DONE  n=6 d=3 seed=424362 nsol=729  0.41s  2026-07-22T18:44:56.579
ATTEMPT 13 START n=8 d=2 seed=424363 neq=8 2026-07-22T18:44:56.581
ATTEMPT 13 DONE  n=8 d=2 seed=424363 nsol=256  0.15s  2026-07-22T18:44:56.736
ATTEMPT 14 START n=10 d=2 seed=424364 neq=10 2026-07-22T18:44:56.738
ATTEMPT 14 DONE  n=10 d=2 seed=424364 nsol=1024  0.99s  2026-07-22T18:44:57.727
ATTEMPT 15 START n=9 d=2 seed=424365 neq=9 2026-07-22T18:44:57.730
ATTEMPT 15 DONE  n=9 d=2 seed=424365 nsol=512  0.37s  2026-07-22T18:44:58.102
ATTEMPT 16 START n=7 d=3 seed=424366 neq=7 2026-07-22T18:44:58.111
ATTEMPT 16 DONE  n=7 d=3 seed=424366 nsol=2187  1.99s  2026-07-22T18:45:00.102
ATTEMPT 17 START n=11 d=2 seed=424367 neq=11 2026-07-22T18:45:00.105
ATTEMPT 17 DONE  n=11 d=2 seed=424367 nsol=2048  2.43s  2026-07-22T18:45:02.531
ATTEMPT 18 START n=6 d=3 seed=424368 neq=6 2026-07-22T18:45:02.534
ATTEMPT 18 DONE  n=6 d=3 seed=424368 nsol=729  0.40s  2026-07-22T18:45:02.935
ATTEMPT 19 START n=8 d=2 seed=424369 neq=8 2026-07-22T18:45:02.937
ATTEMPT 19 DONE  n=8 d=2 seed=424369 nsol=256  0.15s  2026-07-22T18:45:03.086
ATTEMPT 20 START n=10 d=2 seed=424370 neq=10 2026-07-22T18:45:03.089
ATTEMPT 20 DONE  n=10 d=2 seed=424370 nsol=1024  4.49s  2026-07-22T18:45:07.581
ATTEMPT 21 START n=9 d=2 seed=424371 neq=9 2026-07-22T18:45:07.584
ATTEMPT 21 DONE  n=9 d=2 seed=424371 nsol=512  0.37s  2026-07-22T18:45:07.955
ATTEMPT 22 START n=7 d=3 seed=424372 neq=7 2026-07-22T18:45:07.960
ATTEMPT 22 DONE  n=7 d=3 seed=424372 nsol=2187  1.97s  2026-07-22T18:45:09.929
ATTEMPT 23 START n=11 d=2 seed=424373 neq=11 2026-07-22T18:45:09.933
ATTEMPT 23 DONE  n=11 d=2 seed=424373 nsol=2048  2.52s  2026-07-22T18:45:12.449
ATTEMPT 24 START n=6 d=3 seed=424374 neq=6 2026-07-22T18:45:12.453
ATTEMPT 24 DONE  n=6 d=3 seed=424374 nsol=729  0.41s  2026-07-22T18:45:12.864
ATTEMPT 25 START n=8 d=2 seed=424375 neq=8 2026-07-22T18:45:12.867
ATTEMPT 25 DONE  n=8 d=2 seed=424375 nsol=256  0.15s  2026-07-22T18:45:13.021
ATTEMPT 26 START n=10 d=2 seed=424376 neq=10 2026-07-22T18:45:13.025
ATTEMPT 26 DONE  n=10 d=2 seed=424376 nsol=1024  1.04s  2026-07-22T18:45:14.064
ATTEMPT 27 START n=9 d=2 seed=424377 neq=9 2026-07-22T18:45:14.067
ATTEMPT 27 DONE  n=9 d=2 seed=424377 nsol=512  0.37s  2026-07-22T18:45:14.435
ATTEMPT 28 START n=7 d=3 seed=424378 neq=7 2026-07-22T18:45:14.438
ATTEMPT 28 DONE  n=7 d=3 seed=424378 nsol=2187  1.89s  2026-07-22T18:45:16.331
ATTEMPT 29 START n=11 d=2 seed=424379 neq=11 2026-07-22T18:45:16.335
ATTEMPT 29 DONE  n=11 d=2 seed=424379 nsol=2048  2.65s  2026-07-22T18:45:18.985
ATTEMPT 30 START n=6 d=3 seed=424380 neq=6 2026-07-22T18:45:18.987
ATTEMPT 30 DONE  n=6 d=3 seed=424380 nsol=729  0.40s  2026-07-22T18:45:19.386
ATTEMPT 31 START n=8 d=2 seed=424381 neq=8 2026-07-22T18:45:19.389
ATTEMPT 31 DONE  n=8 d=2 seed=424381 nsol=256  0.17s  2026-07-22T18:45:19.558
ATTEMPT 32 START n=10 d=2 seed=424382 neq=10 2026-07-22T18:45:19.562
ATTEMPT 32 DONE  n=10 d=2 seed=424382 nsol=1024  1.04s  2026-07-22T18:45:20.605
ATTEMPT 33 START n=9 d=2 seed=424383 neq=9 2026-07-22T18:45:20.608
ATTEMPT 33 DONE  n=9 d=2 seed=424383 nsol=512  0.39s  2026-07-22T18:45:21.001
ATTEMPT 34 START n=7 d=3 seed=424384 neq=7 2026-07-22T18:45:21.005
ATTEMPT 34 DONE  n=7 d=3 seed=424384 nsol=2187  2.04s  2026-07-22T18:45:23.045
ATTEMPT 35 START n=11 d=2 seed=424385 neq=11 2026-07-22T18:45:23.050
ATTEMPT 35 DONE  n=11 d=2 seed=424385 nsol=2032  2.55s  2026-07-22T18:45:25.596
ATTEMPT 36 START n=6 d=3 seed=424386 neq=6 2026-07-22T18:45:25.599
ATTEMPT 36 DONE  n=6 d=3 seed=424386 nsol=729  0.41s  2026-07-22T18:45:26.012
ATTEMPT 37 START n=8 d=2 seed=424387 neq=8 2026-07-22T18:45:26.014
ATTEMPT 37 DONE  n=8 d=2 seed=424387 nsol=256  0.17s  2026-07-22T18:45:26.184
ATTEMPT 38 START n=10 d=2 seed=424388 neq=10 2026-07-22T18:45:26.188
ATTEMPT 38 DONE  n=10 d=2 seed=424388 nsol=1024  1.03s  2026-07-22T18:45:27.219
ATTEMPT 39 START n=9 d=2 seed=424389 neq=9 2026-07-22T18:45:27.222
ATTEMPT 39 DONE  n=9 d=2 seed=424389 nsol=512  0.36s  2026-07-22T18:45:27.585
ATTEMPT 40 START n=7 d=3 seed=424390 neq=7 2026-07-22T18:45:27.588
ATTEMPT 40 DONE  n=7 d=3 seed=424390 nsol=2187  2.12s  2026-07-22T18:45:29.704
HUNT complete  2026-07-22T18:45:29.709
