HUNT start  nthreads=28  nsolves=40  seed_base=1900705  shape=mix  pid=2526471  2026-07-22T18:05:53.423
ATTEMPT 1 START n=8 d=2 seed=1900706 neq=8 2026-07-22T18:06:45.258
Computing mixed cells... 2    Time: 0:00:03[K
   mixed_volume: 20[K[A
[K[AComputing mixed cells... 37    Time: 0:00:04[K
   mixed_volume: 256[K
ATTEMPT 1 DONE  n=8 d=2 seed=1900706 nsol=256  206.68s  2026-07-22T18:10:12.619
ATTEMPT 2 START n=10 d=2 seed=1900707 neq=10 2026-07-22T18:10:14.019
ATTEMPT 2 DONE  n=10 d=2 seed=1900707 nsol=1024  80.18s  2026-07-22T18:11:34.212
ATTEMPT 3 START n=9 d=2 seed=1900708 neq=9 2026-07-22T18:11:34.237
ATTEMPT 3 DONE  n=9 d=2 seed=1900708 nsol=512  66.71s  2026-07-22T18:12:40.948
ATTEMPT 4 START n=7 d=3 seed=1900709 neq=7 2026-07-22T18:12:40.952
ATTEMPT 4 DONE  n=7 d=3 seed=1900709 nsol=2187  124.31s  2026-07-22T18:14:45.265
ATTEMPT 5 START n=11 d=2 seed=1900710 neq=11 2026-07-22T18:14:45.270
Computing mixed cells... 127    Time: 0:00:00[K
   mixed_volume: 1170[K[A
[K[AComputing mixed cells... 215    Time: 0:00:00[K
   mixed_volume: 2048[K
ATTEMPT 5 DONE  n=11 d=2 seed=1900710 nsol=2048  103.52s  2026-07-22T18:16:28.791
ATTEMPT 6 START n=6 d=3 seed=1900711 neq=6 2026-07-22T18:16:28.800
ATTEMPT 6 DONE  n=6 d=3 seed=1900711 nsol=729  80.24s  2026-07-22T18:17:49.062
ATTEMPT 7 START n=8 d=2 seed=1900712 neq=8 2026-07-22T18:17:49.064
ATTEMPT 7 DONE  n=8 d=2 seed=1900712 nsol=256  0.58s  2026-07-22T18:17:49.641
ATTEMPT 8 START n=10 d=2 seed=1900713 neq=10 2026-07-22T18:17:49.654
ATTEMPT 8 DONE  n=10 d=2 seed=1900713 nsol=1024  3.42s  2026-07-22T18:17:53.072
ATTEMPT 9 START n=9 d=2 seed=1900714 neq=9 2026-07-22T18:17:53.074
ATTEMPT 9 DONE  n=9 d=2 seed=1900714 nsol=512  3.56s  2026-07-22T18:17:56.637
ATTEMPT 10 START n=7 d=3 seed=1900715 neq=7 2026-07-22T18:17:56.660
ATTEMPT 10 DONE  n=7 d=3 seed=1900715 nsol=2187  5.76s  2026-07-22T18:18:02.434
ATTEMPT 11 START n=11 d=2 seed=1900716 neq=11 2026-07-22T18:18:02.436
ATTEMPT 11 DONE  n=11 d=2 seed=1900716 nsol=2048  7.98s  2026-07-22T18:18:10.421
ATTEMPT 12 START n=6 d=3 seed=1900717 neq=6 2026-07-22T18:18:10.454
ATTEMPT 12 DONE  n=6 d=3 seed=1900717 nsol=729  5.15s  2026-07-22T18:18:15.607
ATTEMPT 13 START n=8 d=2 seed=1900718 neq=8 2026-07-22T18:18:15.608
ATTEMPT 13 DONE  n=8 d=2 seed=1900718 nsol=256  0.67s  2026-07-22T18:18:16.278
ATTEMPT 14 START n=10 d=2 seed=1900719 neq=10 2026-07-22T18:18:16.280
ATTEMPT 14 DONE  n=10 d=2 seed=1900719 nsol=1024  3.69s  2026-07-22T18:18:19.970
ATTEMPT 15 START n=9 d=2 seed=1900720 neq=9 2026-07-22T18:18:19.982
ATTEMPT 15 DONE  n=9 d=2 seed=1900720 nsol=512  1.35s  2026-07-22T18:18:21.346
ATTEMPT 16 START n=7 d=3 seed=1900721 neq=7 2026-07-22T18:18:21.380
ATTEMPT 16 DONE  n=7 d=3 seed=1900721 nsol=2187  3.77s  2026-07-22T18:18:25.153
ATTEMPT 17 START n=11 d=2 seed=1900722 neq=11 2026-07-22T18:18:25.213
ATTEMPT 17 DONE  n=11 d=2 seed=1900722 nsol=2048  8.90s  2026-07-22T18:18:34.142
ATTEMPT 18 START n=6 d=3 seed=1900723 neq=6 2026-07-22T18:18:34.146
ATTEMPT 18 DONE  n=6 d=3 seed=1900723 nsol=729  1.67s  2026-07-22T18:18:35.814
ATTEMPT 19 START n=8 d=2 seed=1900724 neq=8 2026-07-22T18:18:35.817
ATTEMPT 19 DONE  n=8 d=2 seed=1900724 nsol=256  0.63s  2026-07-22T18:18:36.442
ATTEMPT 20 START n=10 d=2 seed=1900725 neq=10 2026-07-22T18:18:36.454
ATTEMPT 20 DONE  n=10 d=2 seed=1900725 nsol=1024  15.12s  2026-07-22T18:18:51.575
ATTEMPT 21 START n=9 d=2 seed=1900726 neq=9 2026-07-22T18:18:51.578
ATTEMPT 21 DONE  n=9 d=2 seed=1900726 nsol=512  1.41s  2026-07-22T18:18:52.985
ATTEMPT 22 START n=7 d=3 seed=1900727 neq=7 2026-07-22T18:18:52.988
ATTEMPT 22 DONE  n=7 d=3 seed=1900727 nsol=2187  5.92s  2026-07-22T18:18:58.905
ATTEMPT 23 START n=11 d=2 seed=1900728 neq=11 2026-07-22T18:18:58.913
ATTEMPT 23 DONE  n=11 d=2 seed=1900728 nsol=2048  6.94s  2026-07-22T18:19:05.855
ATTEMPT 24 START n=6 d=3 seed=1900729 neq=6 2026-07-22T18:19:05.865
ATTEMPT 24 DONE  n=6 d=3 seed=1900729 nsol=729  0.81s  2026-07-22T18:19:06.673
ATTEMPT 25 START n=8 d=2 seed=1900730 neq=8 2026-07-22T18:19:06.675
ATTEMPT 25 DONE  n=8 d=2 seed=1900730 nsol=256  0.51s  2026-07-22T18:19:07.180
ATTEMPT 26 START n=10 d=2 seed=1900731 neq=10 2026-07-22T18:19:07.183
ATTEMPT 26 DONE  n=10 d=2 seed=1900731 nsol=1024  10.69s  2026-07-22T18:19:17.875
ATTEMPT 27 START n=9 d=2 seed=1900732 neq=9 2026-07-22T18:19:17.877
ATTEMPT 27 DONE  n=9 d=2 seed=1900732 nsol=512  1.70s  2026-07-22T18:19:19.574
ATTEMPT 28 START n=7 d=3 seed=1900733 neq=7 2026-07-22T18:19:19.580
ATTEMPT 28 DONE  n=7 d=3 seed=1900733 nsol=2187  8.95s  2026-07-22T18:19:28.540
ATTEMPT 29 START n=11 d=2 seed=1900734 neq=11 2026-07-22T18:19:28.552
ATTEMPT 29 DONE  n=11 d=2 seed=1900734 nsol=2048  8.24s  2026-07-22T18:19:36.788
ATTEMPT 30 START n=6 d=3 seed=1900735 neq=6 2026-07-22T18:19:36.806
ATTEMPT 30 DONE  n=6 d=3 seed=1900735 nsol=729  4.10s  2026-07-22T18:19:40.904
ATTEMPT 31 START n=8 d=2 seed=1900736 neq=8 2026-07-22T18:19:40.906
ATTEMPT 31 DONE  n=8 d=2 seed=1900736 nsol=256  0.71s  2026-07-22T18:19:41.618
ATTEMPT 32 START n=10 d=2 seed=1900737 neq=10 2026-07-22T18:19:41.643
ATTEMPT 32 DONE  n=10 d=2 seed=1900737 nsol=1024  7.61s  2026-07-22T18:19:49.258
ATTEMPT 33 START n=9 d=2 seed=1900738 neq=9 2026-07-22T18:19:49.266
ATTEMPT 33 DONE  n=9 d=2 seed=1900738 nsol=512  1.55s  2026-07-22T18:19:50.817
ATTEMPT 34 START n=7 d=3 seed=1900739 neq=7 2026-07-22T18:19:50.824
ATTEMPT 34 DONE  n=7 d=3 seed=1900739 nsol=2187  11.16s  2026-07-22T18:20:01.995
ATTEMPT 35 START n=11 d=2 seed=1900740 neq=11 2026-07-22T18:20:02.012
Computing mixed cells... 285    Time: 0:00:00[K
   mixed_volume: 2044[K[A
[K[AComputing mixed cells... 286    Time: 0:00:00[K
   mixed_volume: 2048[K
ATTEMPT 35 DONE  n=11 d=2 seed=1900740 nsol=2048  8.07s  2026-07-22T18:20:10.085
ATTEMPT 36 START n=6 d=3 seed=1900741 neq=6 2026-07-22T18:20:10.092
ATTEMPT 36 DONE  n=6 d=3 seed=1900741 nsol=729  1.29s  2026-07-22T18:20:11.385
ATTEMPT 37 START n=8 d=2 seed=1900742 neq=8 2026-07-22T18:20:11.388
ATTEMPT 37 DONE  n=8 d=2 seed=1900742 nsol=256  0.53s  2026-07-22T18:20:11.921
ATTEMPT 38 START n=10 d=2 seed=1900743 neq=10 2026-07-22T18:20:11.928
ATTEMPT 38 DONE  n=10 d=2 seed=1900743 nsol=1024  2.78s  2026-07-22T18:20:14.709
ATTEMPT 39 START n=9 d=2 seed=1900744 neq=9 2026-07-22T18:20:14.725
ATTEMPT 39 DONE  n=9 d=2 seed=1900744 nsol=512  1.41s  2026-07-22T18:20:16.136
ATTEMPT 40 START n=7 d=3 seed=1900745 neq=7 2026-07-22T18:20:16.175
ATTEMPT 40 DONE  n=7 d=3 seed=1900745 nsol=2187  5.69s  2026-07-22T18:20:21.869
HUNT complete  2026-07-22T18:20:21.875
