HUNT start  nthreads=28  nsolves=40  seed_base=1300378  shape=mix  pid=2159989  2026-07-22T17:09:48.351
ATTEMPT 1 START n=8 d=2 seed=1300379 neq=8 2026-07-22T17:10:25.594
Computing mixed cells... 2    Time: 0:00:02[K
   mixed_volume: 4[K[A
[K[AComputing mixed cells... 49    Time: 0:00:02[K
   mixed_volume: 256[K
ATTEMPT 1 DONE  n=8 d=2 seed=1300379 nsol=256  76.00s  2026-07-22T17:11:42.147
ATTEMPT 2 START n=10 d=2 seed=1300380 neq=10 2026-07-22T17:11:42.487
ATTEMPT 2 DONE  n=10 d=2 seed=1300380 nsol=1024  28.24s  2026-07-22T17:12:10.731
ATTEMPT 3 START n=9 d=2 seed=1300381 neq=9 2026-07-22T17:12:10.736
ATTEMPT 3 DONE  n=9 d=2 seed=1300381 nsol=512  26.07s  2026-07-22T17:12:36.804
ATTEMPT 4 START n=7 d=3 seed=1300382 neq=7 2026-07-22T17:12:36.817
ATTEMPT 4 DONE  n=7 d=3 seed=1300382 nsol=2187  38.70s  2026-07-22T17:13:15.523
ATTEMPT 5 START n=11 d=2 seed=1300383 neq=11 2026-07-22T17:13:15.528
ATTEMPT 5 DONE  n=11 d=2 seed=1300383 nsol=2048  49.50s  2026-07-22T17:14:05.031
ATTEMPT 6 START n=6 d=3 seed=1300384 neq=6 2026-07-22T17:14:05.056
ATTEMPT 6 DONE  n=6 d=3 seed=1300384 nsol=729  81.96s  2026-07-22T17:15:27.018
ATTEMPT 7 START n=8 d=2 seed=1300385 neq=8 2026-07-22T17:15:27.035
ATTEMPT 7 DONE  n=8 d=2 seed=1300385 nsol=256  0.47s  2026-07-22T17:15:27.504
ATTEMPT 8 START n=10 d=2 seed=1300386 neq=10 2026-07-22T17:15:27.513
ATTEMPT 8 DONE  n=10 d=2 seed=1300386 nsol=1024  6.13s  2026-07-22T17:15:33.641
ATTEMPT 9 START n=9 d=2 seed=1300387 neq=9 2026-07-22T17:15:33.648
ATTEMPT 9 DONE  n=9 d=2 seed=1300387 nsol=512  1.37s  2026-07-22T17:15:35.023
ATTEMPT 10 START n=7 d=3 seed=1300388 neq=7 2026-07-22T17:15:35.026
ATTEMPT 10 DONE  n=7 d=3 seed=1300388 nsol=2187  6.70s  2026-07-22T17:15:41.722
ATTEMPT 11 START n=11 d=2 seed=1300389 neq=11 2026-07-22T17:15:41.735
ATTEMPT 11 DONE  n=11 d=2 seed=1300389 nsol=2048  6.65s  2026-07-22T17:15:48.387
ATTEMPT 12 START n=6 d=3 seed=1300390 neq=6 2026-07-22T17:15:48.395
ATTEMPT 12 DONE  n=6 d=3 seed=1300390 nsol=729  0.79s  2026-07-22T17:15:49.188
ATTEMPT 13 START n=8 d=2 seed=1300391 neq=8 2026-07-22T17:15:49.199
ATTEMPT 13 DONE  n=8 d=2 seed=1300391 nsol=256  0.41s  2026-07-22T17:15:49.616
ATTEMPT 14 START n=10 d=2 seed=1300392 neq=10 2026-07-22T17:15:49.619
ATTEMPT 14 DONE  n=10 d=2 seed=1300392 nsol=1024  2.02s  2026-07-22T17:15:51.637
ATTEMPT 15 START n=9 d=2 seed=1300393 neq=9 2026-07-22T17:15:51.639
ATTEMPT 15 DONE  n=9 d=2 seed=1300393 nsol=512  0.88s  2026-07-22T17:15:52.523
ATTEMPT 16 START n=7 d=3 seed=1300394 neq=7 2026-07-22T17:15:52.530
ATTEMPT 16 DONE  n=7 d=3 seed=1300394 nsol=2187  3.45s  2026-07-22T17:15:55.984
ATTEMPT 17 START n=11 d=2 seed=1300395 neq=11 2026-07-22T17:15:55.994
ATTEMPT 17 DONE  n=11 d=2 seed=1300395 nsol=2048  4.03s  2026-07-22T17:16:00.028
ATTEMPT 18 START n=6 d=3 seed=1300396 neq=6 2026-07-22T17:16:00.032
ATTEMPT 18 DONE  n=6 d=3 seed=1300396 nsol=729  0.54s  2026-07-22T17:16:00.573
ATTEMPT 19 START n=8 d=2 seed=1300397 neq=8 2026-07-22T17:16:00.575
ATTEMPT 19 DONE  n=8 d=2 seed=1300397 nsol=256  0.27s  2026-07-22T17:16:00.843
ATTEMPT 20 START n=10 d=2 seed=1300398 neq=10 2026-07-22T17:16:00.848
ATTEMPT 20 DONE  n=10 d=2 seed=1300398 nsol=1024  2.00s  2026-07-22T17:16:02.847
ATTEMPT 21 START n=9 d=2 seed=1300399 neq=9 2026-07-22T17:16:02.852
ATTEMPT 21 DONE  n=9 d=2 seed=1300399 nsol=512  0.77s  2026-07-22T17:16:03.623
ATTEMPT 22 START n=7 d=3 seed=1300400 neq=7 2026-07-22T17:16:03.638
ATTEMPT 22 DONE  n=7 d=3 seed=1300400 nsol=2187  6.92s  2026-07-22T17:16:10.561
ATTEMPT 23 START n=11 d=2 seed=1300401 neq=11 2026-07-22T17:16:10.566
ATTEMPT 23 DONE  n=11 d=2 seed=1300401 nsol=2048  4.92s  2026-07-22T17:16:15.488
ATTEMPT 24 START n=6 d=3 seed=1300402 neq=6 2026-07-22T17:16:15.500
ATTEMPT 24 DONE  n=6 d=3 seed=1300402 nsol=729  0.84s  2026-07-22T17:16:16.336
ATTEMPT 25 START n=8 d=2 seed=1300403 neq=8 2026-07-22T17:16:16.338
ATTEMPT 25 DONE  n=8 d=2 seed=1300403 nsol=256  0.33s  2026-07-22T17:16:16.672
ATTEMPT 26 START n=10 d=2 seed=1300404 neq=10 2026-07-22T17:16:16.678
ATTEMPT 26 DONE  n=10 d=2 seed=1300404 nsol=1024  1.88s  2026-07-22T17:16:18.561
ATTEMPT 27 START n=9 d=2 seed=1300405 neq=9 2026-07-22T17:16:18.570
ATTEMPT 27 DONE  n=9 d=2 seed=1300405 nsol=512  0.75s  2026-07-22T17:16:19.321
ATTEMPT 28 START n=7 d=3 seed=1300406 neq=7 2026-07-22T17:16:19.324
ATTEMPT 28 DONE  n=7 d=3 seed=1300406 nsol=2187  4.39s  2026-07-22T17:16:23.717
ATTEMPT 29 START n=11 d=2 seed=1300407 neq=11 2026-07-22T17:16:23.740
ATTEMPT 29 DONE  n=11 d=2 seed=1300407 nsol=2048  4.03s  2026-07-22T17:16:27.773
ATTEMPT 30 START n=6 d=3 seed=1300408 neq=6 2026-07-22T17:16:27.781
ATTEMPT 30 DONE  n=6 d=3 seed=1300408 nsol=729  0.66s  2026-07-22T17:16:28.443
ATTEMPT 31 START n=8 d=2 seed=1300409 neq=8 2026-07-22T17:16:28.445
ATTEMPT 31 DONE  n=8 d=2 seed=1300409 nsol=256  0.29s  2026-07-22T17:16:28.736
ATTEMPT 32 START n=10 d=2 seed=1300410 neq=10 2026-07-22T17:16:28.739
ATTEMPT 32 DONE  n=10 d=2 seed=1300410 nsol=1024  1.67s  2026-07-22T17:16:30.411
ATTEMPT 33 START n=9 d=2 seed=1300411 neq=9 2026-07-22T17:16:30.420
ATTEMPT 33 DONE  n=9 d=2 seed=1300411 nsol=512  0.61s  2026-07-22T17:16:31.033
ATTEMPT 34 START n=7 d=3 seed=1300412 neq=7 2026-07-22T17:16:31.046
ATTEMPT 34 DONE  n=7 d=3 seed=1300412 nsol=2187  3.14s  2026-07-22T17:16:34.194
ATTEMPT 35 START n=11 d=2 seed=1300413 neq=11 2026-07-22T17:16:34.205
ATTEMPT 35 DONE  n=11 d=2 seed=1300413 nsol=2048  4.72s  2026-07-22T17:16:38.932
ATTEMPT 36 START n=6 d=3 seed=1300414 neq=6 2026-07-22T17:16:38.940
ATTEMPT 36 DONE  n=6 d=3 seed=1300414 nsol=729  0.83s  2026-07-22T17:16:39.767
ATTEMPT 37 START n=8 d=2 seed=1300415 neq=8 2026-07-22T17:16:39.768
ATTEMPT 37 DONE  n=8 d=2 seed=1300415 nsol=256  0.40s  2026-07-22T17:16:40.167
ATTEMPT 38 START n=10 d=2 seed=1300416 neq=10 2026-07-22T17:16:40.179
ATTEMPT 38 DONE  n=10 d=2 seed=1300416 nsol=1024  5.60s  2026-07-22T17:16:45.782
ATTEMPT 39 START n=9 d=2 seed=1300417 neq=9 2026-07-22T17:16:45.788
ATTEMPT 39 DONE  n=9 d=2 seed=1300417 nsol=512  1.01s  2026-07-22T17:16:46.798
ATTEMPT 40 START n=7 d=3 seed=1300418 neq=7 2026-07-22T17:16:46.804
ATTEMPT 40 DONE  n=7 d=3 seed=1300418 nsol=2187  3.91s  2026-07-22T17:16:50.718
HUNT complete  2026-07-22T17:16:50.729
