HUNT start  nthreads=28  nsolves=40  seed_base=1729545  shape=mix  pid=3145508  2026-07-22T19:22:17.247
ATTEMPT 1 START n=8 d=2 seed=1729546 neq=8 2026-07-22T19:22:27.396
Computing mixed cells... 2    Time: 0:00:01[K
   mixed_volume: 2[K[A
[K[AComputing mixed cells... 44    Time: 0:00:01[K
   mixed_volume: 256[K
ATTEMPT 1 DONE  n=8 d=2 seed=1729546 nsol=256  32.65s  2026-07-22T19:23:00.222
ATTEMPT 2 START n=10 d=2 seed=1729547 neq=10 2026-07-22T19:23:00.417
ATTEMPT 2 DONE  n=10 d=2 seed=1729547 nsol=1024  19.80s  2026-07-22T19:23:20.212
ATTEMPT 3 START n=9 d=2 seed=1729548 neq=9 2026-07-22T19:23:20.214
ATTEMPT 3 DONE  n=9 d=2 seed=1729548 nsol=512  10.65s  2026-07-22T19:23:30.862
ATTEMPT 4 START n=7 d=3 seed=1729549 neq=7 2026-07-22T19:23:30.866
ATTEMPT 4 DONE  n=7 d=3 seed=1729549 nsol=2187  17.98s  2026-07-22T19:23:48.849
ATTEMPT 5 START n=11 d=2 seed=1729550 neq=11 2026-07-22T19:23:48.853
ATTEMPT 5 DONE  n=11 d=2 seed=1729550 nsol=2048  22.99s  2026-07-22T19:24:11.847
ATTEMPT 6 START n=6 d=3 seed=1729551 neq=6 2026-07-22T19:24:11.850
ATTEMPT 6 DONE  n=6 d=3 seed=1729551 nsol=729  9.20s  2026-07-22T19:24:21.052
ATTEMPT 7 START n=8 d=2 seed=1729552 neq=8 2026-07-22T19:24:21.054
ATTEMPT 7 DONE  n=8 d=2 seed=1729552 nsol=256  0.15s  2026-07-22T19:24:21.204
ATTEMPT 8 START n=10 d=2 seed=1729553 neq=10 2026-07-22T19:24:21.206
ATTEMPT 8 DONE  n=10 d=2 seed=1729553 nsol=1024  1.02s  2026-07-22T19:24:22.224
ATTEMPT 9 START n=9 d=2 seed=1729554 neq=9 2026-07-22T19:24:22.226
ATTEMPT 9 DONE  n=9 d=2 seed=1729554 nsol=512  0.39s  2026-07-22T19:24:22.620
ATTEMPT 10 START n=7 d=3 seed=1729555 neq=7 2026-07-22T19:24:22.624
ATTEMPT 10 DONE  n=7 d=3 seed=1729555 nsol=2187  2.02s  2026-07-22T19:24:24.649
ATTEMPT 11 START n=11 d=2 seed=1729556 neq=11 2026-07-22T19:24:24.653
ATTEMPT 11 DONE  n=11 d=2 seed=1729556 nsol=2048  2.84s  2026-07-22T19:24:27.494
ATTEMPT 12 START n=6 d=3 seed=1729557 neq=6 2026-07-22T19:24:27.497
ATTEMPT 12 DONE  n=6 d=3 seed=1729557 nsol=729  0.39s  2026-07-22T19:24:27.887
ATTEMPT 13 START n=8 d=2 seed=1729558 neq=8 2026-07-22T19:24:27.889
ATTEMPT 13 DONE  n=8 d=2 seed=1729558 nsol=256  0.14s  2026-07-22T19:24:28.031
ATTEMPT 14 START n=10 d=2 seed=1729559 neq=10 2026-07-22T19:24:28.034
ATTEMPT 14 DONE  n=10 d=2 seed=1729559 nsol=1024  4.61s  2026-07-22T19:24:32.643
ATTEMPT 15 START n=9 d=2 seed=1729560 neq=9 2026-07-22T19:24:32.646
ATTEMPT 15 DONE  n=9 d=2 seed=1729560 nsol=512  0.39s  2026-07-22T19:24:33.033
ATTEMPT 16 START n=7 d=3 seed=1729561 neq=7 2026-07-22T19:24:33.038
ATTEMPT 16 DONE  n=7 d=3 seed=1729561 nsol=2187  2.10s  2026-07-22T19:24:35.142
ATTEMPT 17 START n=11 d=2 seed=1729562 neq=11 2026-07-22T19:24:35.146
ATTEMPT 17 DONE  n=11 d=2 seed=1729562 nsol=2048  2.53s  2026-07-22T19:24:37.671
ATTEMPT 18 START n=6 d=3 seed=1729563 neq=6 2026-07-22T19:24:37.674
ATTEMPT 18 DONE  n=6 d=3 seed=1729563 nsol=729  0.40s  2026-07-22T19:24:38.070
ATTEMPT 19 START n=8 d=2 seed=1729564 neq=8 2026-07-22T19:24:38.072
ATTEMPT 19 DONE  n=8 d=2 seed=1729564 nsol=256  0.18s  2026-07-22T19:24:38.249
ATTEMPT 20 START n=10 d=2 seed=1729565 neq=10 2026-07-22T19:24:38.253
ATTEMPT 20 DONE  n=10 d=2 seed=1729565 nsol=1024  1.04s  2026-07-22T19:24:39.288
ATTEMPT 21 START n=9 d=2 seed=1729566 neq=9 2026-07-22T19:24:39.290
ATTEMPT 21 DONE  n=9 d=2 seed=1729566 nsol=512  0.36s  2026-07-22T19:24:39.646
ATTEMPT 22 START n=7 d=3 seed=1729567 neq=7 2026-07-22T19:24:39.651
ATTEMPT 22 DONE  n=7 d=3 seed=1729567 nsol=2187  1.97s  2026-07-22T19:24:41.624
ATTEMPT 23 START n=11 d=2 seed=1729568 neq=11 2026-07-22T19:24:41.628
ATTEMPT 23 DONE  n=11 d=2 seed=1729568 nsol=2048  2.66s  2026-07-22T19:24:44.288
ATTEMPT 24 START n=6 d=3 seed=1729569 neq=6 2026-07-22T19:24:44.291
ATTEMPT 24 DONE  n=6 d=3 seed=1729569 nsol=729  0.39s  2026-07-22T19:24:44.680
ATTEMPT 25 START n=8 d=2 seed=1729570 neq=8 2026-07-22T19:24:44.682
ATTEMPT 25 DONE  n=8 d=2 seed=1729570 nsol=256  0.15s  2026-07-22T19:24:44.836
ATTEMPT 26 START n=10 d=2 seed=1729571 neq=10 2026-07-22T19:24:44.840
ATTEMPT 26 DONE  n=10 d=2 seed=1729571 nsol=1024  0.99s  2026-07-22T19:24:45.828
ATTEMPT 27 START n=9 d=2 seed=1729572 neq=9 2026-07-22T19:24:45.831
ATTEMPT 27 DONE  n=9 d=2 seed=1729572 nsol=512  0.37s  2026-07-22T19:24:46.198
ATTEMPT 28 START n=7 d=3 seed=1729573 neq=7 2026-07-22T19:24:46.203
ATTEMPT 28 DONE  n=7 d=3 seed=1729573 nsol=2187  2.06s  2026-07-22T19:24:48.265
ATTEMPT 29 START n=11 d=2 seed=1729574 neq=11 2026-07-22T19:24:48.268
ATTEMPT 29 DONE  n=11 d=2 seed=1729574 nsol=2048  2.50s  2026-07-22T19:24:50.769
ATTEMPT 30 START n=6 d=3 seed=1729575 neq=6 2026-07-22T19:24:50.774
ATTEMPT 30 DONE  n=6 d=3 seed=1729575 nsol=729  0.41s  2026-07-22T19:24:51.187
ATTEMPT 31 START n=8 d=2 seed=1729576 neq=8 2026-07-22T19:24:51.189
ATTEMPT 31 DONE  n=8 d=2 seed=1729576 nsol=256  0.14s  2026-07-22T19:24:51.331
ATTEMPT 32 START n=10 d=2 seed=1729577 neq=10 2026-07-22T19:24:51.334
ATTEMPT 32 DONE  n=10 d=2 seed=1729577 nsol=1024  1.04s  2026-07-22T19:24:52.369
ATTEMPT 33 START n=9 d=2 seed=1729578 neq=9 2026-07-22T19:24:52.372
ATTEMPT 33 DONE  n=9 d=2 seed=1729578 nsol=512  0.36s  2026-07-22T19:24:52.734
ATTEMPT 34 START n=7 d=3 seed=1729579 neq=7 2026-07-22T19:24:52.739
ATTEMPT 34 DONE  n=7 d=3 seed=1729579 nsol=2187  2.08s  2026-07-22T19:24:54.815
ATTEMPT 35 START n=11 d=2 seed=1729580 neq=11 2026-07-22T19:24:54.819
ATTEMPT 35 DONE  n=11 d=2 seed=1729580 nsol=2048  2.57s  2026-07-22T19:24:57.384
ATTEMPT 36 START n=6 d=3 seed=1729581 neq=6 2026-07-22T19:24:57.387
ATTEMPT 36 DONE  n=6 d=3 seed=1729581 nsol=729  0.41s  2026-07-22T19:24:57.793
ATTEMPT 37 START n=8 d=2 seed=1729582 neq=8 2026-07-22T19:24:57.794
ATTEMPT 37 DONE  n=8 d=2 seed=1729582 nsol=256  0.15s  2026-07-22T19:24:57.940
ATTEMPT 38 START n=10 d=2 seed=1729583 neq=10 2026-07-22T19:24:57.943
ATTEMPT 38 DONE  n=10 d=2 seed=1729583 nsol=1024  1.02s  2026-07-22T19:24:58.961
ATTEMPT 39 START n=9 d=2 seed=1729584 neq=9 2026-07-22T19:24:58.963
ATTEMPT 39 DONE  n=9 d=2 seed=1729584 nsol=512  0.39s  2026-07-22T19:24:59.354
ATTEMPT 40 START n=7 d=3 seed=1729585 neq=7 2026-07-22T19:24:59.360
ATTEMPT 40 DONE  n=7 d=3 seed=1729585 nsol=2187  2.00s  2026-07-22T19:25:01.363
HUNT complete  2026-07-22T19:25:01.367
