HUNT start  nthreads=28  nsolves=40  seed_base=1721550  shape=mix  pid=2389260  2026-07-22T17:44:14.837
ATTEMPT 1 START n=8 d=2 seed=1721551 neq=8 2026-07-22T17:44:41.628
Computing mixed cells... 2    Time: 0:00:02[K
   mixed_volume: 4[K[A
[K[AComputing mixed cells... 45    Time: 0:00:02[K
   mixed_volume: 256[K
ATTEMPT 1 DONE  n=8 d=2 seed=1721551 nsol=256  139.08s  2026-07-22T17:47:01.309
ATTEMPT 2 START n=10 d=2 seed=1721552 neq=10 2026-07-22T17:47:02.296
ATTEMPT 2 DONE  n=10 d=2 seed=1721552 nsol=1024  56.89s  2026-07-22T17:47:59.186
ATTEMPT 3 START n=9 d=2 seed=1721553 neq=9 2026-07-22T17:47:59.190
ATTEMPT 3 DONE  n=9 d=2 seed=1721553 nsol=512  77.33s  2026-07-22T17:49:16.529
ATTEMPT 4 START n=7 d=3 seed=1721554 neq=7 2026-07-22T17:49:16.539
ATTEMPT 4 DONE  n=7 d=3 seed=1721554 nsol=2187  100.21s  2026-07-22T17:50:56.751
ATTEMPT 5 START n=11 d=2 seed=1721555 neq=11 2026-07-22T17:50:56.785
ATTEMPT 5 DONE  n=11 d=2 seed=1721555 nsol=2048  106.97s  2026-07-22T17:52:43.773
ATTEMPT 6 START n=6 d=3 seed=1721556 neq=6 2026-07-22T17:52:43.781
ATTEMPT 6 DONE  n=6 d=3 seed=1721556 nsol=729  32.35s  2026-07-22T17:53:16.131
ATTEMPT 7 START n=8 d=2 seed=1721557 neq=8 2026-07-22T17:53:16.139
ATTEMPT 7 DONE  n=8 d=2 seed=1721557 nsol=256  0.27s  2026-07-22T17:53:16.411
ATTEMPT 8 START n=10 d=2 seed=1721558 neq=10 2026-07-22T17:53:16.422
ATTEMPT 8 DONE  n=10 d=2 seed=1721558 nsol=1024  1.26s  2026-07-22T17:53:17.679
ATTEMPT 9 START n=9 d=2 seed=1721559 neq=9 2026-07-22T17:53:17.682
ATTEMPT 9 DONE  n=9 d=2 seed=1721559 nsol=512  0.49s  2026-07-22T17:53:18.167
ATTEMPT 10 START n=7 d=3 seed=1721560 neq=7 2026-07-22T17:53:18.174
ATTEMPT 10 DONE  n=7 d=3 seed=1721560 nsol=2187  2.89s  2026-07-22T17:53:21.066
ATTEMPT 11 START n=11 d=2 seed=1721561 neq=11 2026-07-22T17:53:21.071
ATTEMPT 11 DONE  n=11 d=2 seed=1721561 nsol=2048  4.20s  2026-07-22T17:53:25.275
ATTEMPT 12 START n=6 d=3 seed=1721562 neq=6 2026-07-22T17:53:25.279
ATTEMPT 12 DONE  n=6 d=3 seed=1721562 nsol=729  0.62s  2026-07-22T17:53:25.894
ATTEMPT 13 START n=8 d=2 seed=1721563 neq=8 2026-07-22T17:53:25.901
ATTEMPT 13 DONE  n=8 d=2 seed=1721563 nsol=256  0.30s  2026-07-22T17:53:26.200
ATTEMPT 14 START n=10 d=2 seed=1721564 neq=10 2026-07-22T17:53:26.203
ATTEMPT 14 DONE  n=10 d=2 seed=1721564 nsol=1024  1.65s  2026-07-22T17:53:27.854
ATTEMPT 15 START n=9 d=2 seed=1721565 neq=9 2026-07-22T17:53:27.858
ATTEMPT 15 DONE  n=9 d=2 seed=1721565 nsol=512  0.75s  2026-07-22T17:53:28.610
ATTEMPT 16 START n=7 d=3 seed=1721566 neq=7 2026-07-22T17:53:28.615
ATTEMPT 16 DONE  n=7 d=3 seed=1721566 nsol=2187  2.82s  2026-07-22T17:53:31.437
ATTEMPT 17 START n=11 d=2 seed=1721567 neq=11 2026-07-22T17:53:31.442
ATTEMPT 17 DONE  n=11 d=2 seed=1721567 nsol=2048  3.87s  2026-07-22T17:53:35.315
ATTEMPT 18 START n=6 d=3 seed=1721568 neq=6 2026-07-22T17:53:35.318
ATTEMPT 18 DONE  n=6 d=3 seed=1721568 nsol=729  0.64s  2026-07-22T17:53:35.956
ATTEMPT 19 START n=8 d=2 seed=1721569 neq=8 2026-07-22T17:53:35.963
ATTEMPT 19 DONE  n=8 d=2 seed=1721569 nsol=256  0.26s  2026-07-22T17:53:36.219
ATTEMPT 20 START n=10 d=2 seed=1721570 neq=10 2026-07-22T17:53:36.223
ATTEMPT 20 DONE  n=10 d=2 seed=1721570 nsol=1024  1.80s  2026-07-22T17:53:38.024
ATTEMPT 21 START n=9 d=2 seed=1721571 neq=9 2026-07-22T17:53:38.030
ATTEMPT 21 DONE  n=9 d=2 seed=1721571 nsol=512  0.66s  2026-07-22T17:53:38.686
ATTEMPT 22 START n=7 d=3 seed=1721572 neq=7 2026-07-22T17:53:38.700
ATTEMPT 22 DONE  n=7 d=3 seed=1721572 nsol=2187  3.31s  2026-07-22T17:53:42.008
ATTEMPT 23 START n=11 d=2 seed=1721573 neq=11 2026-07-22T17:53:42.025
ATTEMPT 23 DONE  n=11 d=2 seed=1721573 nsol=2048  8.11s  2026-07-22T17:53:50.135
ATTEMPT 24 START n=6 d=3 seed=1721574 neq=6 2026-07-22T17:53:50.143
ATTEMPT 24 DONE  n=6 d=3 seed=1721574 nsol=729  0.72s  2026-07-22T17:53:50.866
ATTEMPT 25 START n=8 d=2 seed=1721575 neq=8 2026-07-22T17:53:50.869
ATTEMPT 25 DONE  n=8 d=2 seed=1721575 nsol=256  0.43s  2026-07-22T17:53:51.299
ATTEMPT 26 START n=10 d=2 seed=1721576 neq=10 2026-07-22T17:53:51.308
ATTEMPT 26 DONE  n=10 d=2 seed=1721576 nsol=1024  2.22s  2026-07-22T17:53:53.535
ATTEMPT 27 START n=9 d=2 seed=1721577 neq=9 2026-07-22T17:53:53.547
ATTEMPT 27 DONE  n=9 d=2 seed=1721577 nsol=512  0.70s  2026-07-22T17:53:54.248
ATTEMPT 28 START n=7 d=3 seed=1721578 neq=7 2026-07-22T17:53:54.251
ATTEMPT 28 DONE  n=7 d=3 seed=1721578 nsol=2187  4.06s  2026-07-22T17:53:58.307
ATTEMPT 29 START n=11 d=2 seed=1721579 neq=11 2026-07-22T17:53:58.323
ATTEMPT 29 DONE  n=11 d=2 seed=1721579 nsol=2048  5.99s  2026-07-22T17:54:04.319
ATTEMPT 30 START n=6 d=3 seed=1721580 neq=6 2026-07-22T17:54:04.323
ATTEMPT 30 DONE  n=6 d=3 seed=1721580 nsol=729  1.20s  2026-07-22T17:54:05.524
ATTEMPT 31 START n=8 d=2 seed=1721581 neq=8 2026-07-22T17:54:05.533
ATTEMPT 31 DONE  n=8 d=2 seed=1721581 nsol=256  0.46s  2026-07-22T17:54:05.995
ATTEMPT 32 START n=10 d=2 seed=1721582 neq=10 2026-07-22T17:54:06.006
ATTEMPT 32 DONE  n=10 d=2 seed=1721582 nsol=1024  2.66s  2026-07-22T17:54:08.669
ATTEMPT 33 START n=9 d=2 seed=1721583 neq=9 2026-07-22T17:54:08.672
ATTEMPT 33 DONE  n=9 d=2 seed=1721583 nsol=512  1.02s  2026-07-22T17:54:09.697
ATTEMPT 34 START n=7 d=3 seed=1721584 neq=7 2026-07-22T17:54:09.706
ATTEMPT 34 DONE  n=7 d=3 seed=1721584 nsol=2187  4.73s  2026-07-22T17:54:14.437
ATTEMPT 35 START n=11 d=2 seed=1721585 neq=11 2026-07-22T17:54:14.450
ATTEMPT 35 DONE  n=11 d=2 seed=1721585 nsol=2048  9.72s  2026-07-22T17:54:24.167
ATTEMPT 36 START n=6 d=3 seed=1721586 neq=6 2026-07-22T17:54:24.171
ATTEMPT 36 DONE  n=6 d=3 seed=1721586 nsol=729  1.13s  2026-07-22T17:54:25.297
ATTEMPT 37 START n=8 d=2 seed=1721587 neq=8 2026-07-22T17:54:25.299
ATTEMPT 37 DONE  n=8 d=2 seed=1721587 nsol=256  0.45s  2026-07-22T17:54:25.754
ATTEMPT 38 START n=10 d=2 seed=1721588 neq=10 2026-07-22T17:54:25.757
ATTEMPT 38 DONE  n=10 d=2 seed=1721588 nsol=1024  3.60s  2026-07-22T17:54:29.362
ATTEMPT 39 START n=9 d=2 seed=1721589 neq=9 2026-07-22T17:54:29.367
ATTEMPT 39 DONE  n=9 d=2 seed=1721589 nsol=512  1.34s  2026-07-22T17:54:30.702
ATTEMPT 40 START n=7 d=3 seed=1721590 neq=7 2026-07-22T17:54:30.716
ATTEMPT 40 DONE  n=7 d=3 seed=1721590 nsol=2187  4.66s  2026-07-22T17:54:35.378
HUNT complete  2026-07-22T17:54:35.393
