HUNT start  nthreads=28  nsolves=40  seed_base=827394  shape=mix  pid=3472456  2026-07-22T19:56:13.661
ATTEMPT 1 START n=8 d=2 seed=827395 neq=8 2026-07-22T19:56:23.664
Computing mixed cells... 2    Time: 0:00:00[K
   mixed_volume: 4[K[A
[K[AComputing mixed cells... 60    Time: 0:00:01[K
   mixed_volume: 256[K
ATTEMPT 1 DONE  n=8 d=2 seed=827395 nsol=256  32.92s  2026-07-22T19:56:56.804
ATTEMPT 2 START n=10 d=2 seed=827396 neq=10 2026-07-22T19:56:57.134
ATTEMPT 2 DONE  n=10 d=2 seed=827396 nsol=1024  15.45s  2026-07-22T19:57:12.585
ATTEMPT 3 START n=9 d=2 seed=827397 neq=9 2026-07-22T19:57:12.587
ATTEMPT 3 DONE  n=9 d=2 seed=827397 nsol=512  13.77s  2026-07-22T19:57:26.354
ATTEMPT 4 START n=7 d=3 seed=827398 neq=7 2026-07-22T19:57:26.358
ATTEMPT 4 DONE  n=7 d=3 seed=827398 nsol=2187  20.51s  2026-07-22T19:57:46.866
ATTEMPT 5 START n=11 d=2 seed=827399 neq=11 2026-07-22T19:57:46.870
ATTEMPT 5 DONE  n=11 d=2 seed=827399 nsol=2048  20.67s  2026-07-22T19:58:07.537
ATTEMPT 6 START n=6 d=3 seed=827400 neq=6 2026-07-22T19:58:07.540
ATTEMPT 6 DONE  n=6 d=3 seed=827400 nsol=729  9.20s  2026-07-22T19:58:16.742
ATTEMPT 7 START n=8 d=2 seed=827401 neq=8 2026-07-22T19:58:16.744
ATTEMPT 7 DONE  n=8 d=2 seed=827401 nsol=256  0.13s  2026-07-22T19:58:16.870
ATTEMPT 8 START n=10 d=2 seed=827402 neq=10 2026-07-22T19:58:16.872
ATTEMPT 8 DONE  n=10 d=2 seed=827402 nsol=1024  1.09s  2026-07-22T19:58:17.965
ATTEMPT 9 START n=9 d=2 seed=827403 neq=9 2026-07-22T19:58:17.968
ATTEMPT 9 DONE  n=9 d=2 seed=827403 nsol=512  0.43s  2026-07-22T19:58:18.395
ATTEMPT 10 START n=7 d=3 seed=827404 neq=7 2026-07-22T19:58:18.398
ATTEMPT 10 DONE  n=7 d=3 seed=827404 nsol=2187  1.85s  2026-07-22T19:58:20.253
ATTEMPT 11 START n=11 d=2 seed=827405 neq=11 2026-07-22T19:58:20.258
ATTEMPT 11 DONE  n=11 d=2 seed=827405 nsol=2048  2.57s  2026-07-22T19:58:22.825
ATTEMPT 12 START n=6 d=3 seed=827406 neq=6 2026-07-22T19:58:22.829
ATTEMPT 12 DONE  n=6 d=3 seed=827406 nsol=729  0.39s  2026-07-22T19:58:23.218
ATTEMPT 13 START n=8 d=2 seed=827407 neq=8 2026-07-22T19:58:23.221
ATTEMPT 13 DONE  n=8 d=2 seed=827407 nsol=256  0.20s  2026-07-22T19:58:23.417
ATTEMPT 14 START n=10 d=2 seed=827408 neq=10 2026-07-22T19:58:23.422
ATTEMPT 14 DONE  n=10 d=2 seed=827408 nsol=1024  1.08s  2026-07-22T19:58:24.501
ATTEMPT 15 START n=9 d=2 seed=827409 neq=9 2026-07-22T19:58:24.505
ATTEMPT 15 DONE  n=9 d=2 seed=827409 nsol=512  0.42s  2026-07-22T19:58:24.922
ATTEMPT 16 START n=7 d=3 seed=827410 neq=7 2026-07-22T19:58:24.926
ATTEMPT 16 DONE  n=7 d=3 seed=827410 nsol=2187  2.14s  2026-07-22T19:58:27.062
ATTEMPT 17 START n=11 d=2 seed=827411 neq=11 2026-07-22T19:58:27.069
ATTEMPT 17 DONE  n=11 d=2 seed=827411 nsol=2048  2.86s  2026-07-22T19:58:29.927
ATTEMPT 18 START n=6 d=3 seed=827412 neq=6 2026-07-22T19:58:29.942
ATTEMPT 18 DONE  n=6 d=3 seed=827412 nsol=729  0.39s  2026-07-22T19:58:30.335
ATTEMPT 19 START n=8 d=2 seed=827413 neq=8 2026-07-22T19:58:30.337
ATTEMPT 19 DONE  n=8 d=2 seed=827413 nsol=256  3.73s  2026-07-22T19:58:34.064
ATTEMPT 20 START n=10 d=2 seed=827414 neq=10 2026-07-22T19:58:34.066
ATTEMPT 20 DONE  n=10 d=2 seed=827414 nsol=1024  1.00s  2026-07-22T19:58:35.066
ATTEMPT 21 START n=9 d=2 seed=827415 neq=9 2026-07-22T19:58:35.069
ATTEMPT 21 DONE  n=9 d=2 seed=827415 nsol=512  0.37s  2026-07-22T19:58:35.442
ATTEMPT 22 START n=7 d=3 seed=827416 neq=7 2026-07-22T19:58:35.448
ATTEMPT 22 DONE  n=7 d=3 seed=827416 nsol=2187  2.15s  2026-07-22T19:58:37.602
ATTEMPT 23 START n=11 d=2 seed=827417 neq=11 2026-07-22T19:58:37.606
ATTEMPT 23 DONE  n=11 d=2 seed=827417 nsol=2048  2.75s  2026-07-22T19:58:40.353
ATTEMPT 24 START n=6 d=3 seed=827418 neq=6 2026-07-22T19:58:40.359
ATTEMPT 24 DONE  n=6 d=3 seed=827418 nsol=729  0.49s  2026-07-22T19:58:40.853
ATTEMPT 25 START n=8 d=2 seed=827419 neq=8 2026-07-22T19:58:40.855
ATTEMPT 25 DONE  n=8 d=2 seed=827419 nsol=256  0.19s  2026-07-22T19:58:41.043
ATTEMPT 26 START n=10 d=2 seed=827420 neq=10 2026-07-22T19:58:41.047
ATTEMPT 26 DONE  n=10 d=2 seed=827420 nsol=1024  1.18s  2026-07-22T19:58:42.227
ATTEMPT 27 START n=9 d=2 seed=827421 neq=9 2026-07-22T19:58:42.229
ATTEMPT 27 DONE  n=9 d=2 seed=827421 nsol=512  0.43s  2026-07-22T19:58:42.664
ATTEMPT 28 START n=7 d=3 seed=827422 neq=7 2026-07-22T19:58:42.668
ATTEMPT 28 DONE  n=7 d=3 seed=827422 nsol=2187  2.31s  2026-07-22T19:58:44.975
ATTEMPT 29 START n=11 d=2 seed=827423 neq=11 2026-07-22T19:58:44.979
ATTEMPT 29 DONE  n=11 d=2 seed=827423 nsol=2048  2.93s  2026-07-22T19:58:47.909
ATTEMPT 30 START n=6 d=3 seed=827424 neq=6 2026-07-22T19:58:47.912
ATTEMPT 30 DONE  n=6 d=3 seed=827424 nsol=729  0.53s  2026-07-22T19:58:48.438
ATTEMPT 31 START n=8 d=2 seed=827425 neq=8 2026-07-22T19:58:48.443
ATTEMPT 31 DONE  n=8 d=2 seed=827425 nsol=256  0.18s  2026-07-22T19:58:48.620
ATTEMPT 32 START n=10 d=2 seed=827426 neq=10 2026-07-22T19:58:48.625
ATTEMPT 32 DONE  n=10 d=2 seed=827426 nsol=1024  1.26s  2026-07-22T19:58:49.885
ATTEMPT 33 START n=9 d=2 seed=827427 neq=9 2026-07-22T19:58:49.888
ATTEMPT 33 DONE  n=9 d=2 seed=827427 nsol=512  0.36s  2026-07-22T19:58:50.249
ATTEMPT 34 START n=7 d=3 seed=827428 neq=7 2026-07-22T19:58:50.253
ATTEMPT 34 DONE  n=7 d=3 seed=827428 nsol=2187  2.15s  2026-07-22T19:58:52.403
ATTEMPT 35 START n=11 d=2 seed=827429 neq=11 2026-07-22T19:58:52.407
ATTEMPT 35 DONE  n=11 d=2 seed=827429 nsol=2048  2.71s  2026-07-22T19:58:55.117
ATTEMPT 36 START n=6 d=3 seed=827430 neq=6 2026-07-22T19:58:55.121
ATTEMPT 36 DONE  n=6 d=3 seed=827430 nsol=729  0.44s  2026-07-22T19:58:55.557
ATTEMPT 37 START n=8 d=2 seed=827431 neq=8 2026-07-22T19:58:55.558
ATTEMPT 37 DONE  n=8 d=2 seed=827431 nsol=256  0.17s  2026-07-22T19:58:55.731
ATTEMPT 38 START n=10 d=2 seed=827432 neq=10 2026-07-22T19:58:55.734
ATTEMPT 38 DONE  n=10 d=2 seed=827432 nsol=1024  1.04s  2026-07-22T19:58:56.776
ATTEMPT 39 START n=9 d=2 seed=827433 neq=9 2026-07-22T19:58:56.779
ATTEMPT 39 DONE  n=9 d=2 seed=827433 nsol=512  0.38s  2026-07-22T19:58:57.157
ATTEMPT 40 START n=7 d=3 seed=827434 neq=7 2026-07-22T19:58:57.160
ATTEMPT 40 DONE  n=7 d=3 seed=827434 nsol=2187  2.12s  2026-07-22T19:58:59.276
HUNT complete  2026-07-22T19:58:59.281
