HUNT start  nthreads=28  nsolves=40  seed_base=224407  shape=mix  pid=2701557  2026-07-22T18:34:04.190
ATTEMPT 1 START n=8 d=2 seed=224408 neq=8 2026-07-22T18:34:17.342
Computing mixed cells... 2    Time: 0:00:01[K
   mixed_volume: 5[K[A
[K[AComputing mixed cells... 83    Time: 0:00:01[K
   mixed_volume: 256[K
ATTEMPT 1 DONE  n=8 d=2 seed=224408 nsol=256  55.45s  2026-07-22T18:35:13.016
ATTEMPT 2 START n=10 d=2 seed=224409 neq=10 2026-07-22T18:35:13.238
ATTEMPT 2 DONE  n=10 d=2 seed=224409 nsol=1024  33.49s  2026-07-22T18:35:46.730
ATTEMPT 3 START n=9 d=2 seed=224410 neq=9 2026-07-22T18:35:46.733
ATTEMPT 3 DONE  n=9 d=2 seed=224410 nsol=512  13.94s  2026-07-22T18:36:00.673
ATTEMPT 4 START n=7 d=3 seed=224411 neq=7 2026-07-22T18:36:00.678
ATTEMPT 4 DONE  n=7 d=3 seed=224411 nsol=2187  28.22s  2026-07-22T18:36:28.897
ATTEMPT 5 START n=11 d=2 seed=224412 neq=11 2026-07-22T18:36:28.905
ATTEMPT 5 DONE  n=11 d=2 seed=224412 nsol=2048  32.11s  2026-07-22T18:37:01.024
ATTEMPT 6 START n=6 d=3 seed=224413 neq=6 2026-07-22T18:37:01.027
ATTEMPT 6 DONE  n=6 d=3 seed=224413 nsol=729  14.54s  2026-07-22T18:37:15.567
ATTEMPT 7 START n=8 d=2 seed=224414 neq=8 2026-07-22T18:37:15.569
ATTEMPT 7 DONE  n=8 d=2 seed=224414 nsol=256  0.25s  2026-07-22T18:37:15.818
ATTEMPT 8 START n=10 d=2 seed=224415 neq=10 2026-07-22T18:37:15.823
ATTEMPT 8 DONE  n=10 d=2 seed=224415 nsol=1024  1.54s  2026-07-22T18:37:17.363
ATTEMPT 9 START n=9 d=2 seed=224416 neq=9 2026-07-22T18:37:17.366
ATTEMPT 9 DONE  n=9 d=2 seed=224416 nsol=512  4.30s  2026-07-22T18:37:21.662
ATTEMPT 10 START n=7 d=3 seed=224417 neq=7 2026-07-22T18:37:21.676
ATTEMPT 10 DONE  n=7 d=3 seed=224417 nsol=2187  2.74s  2026-07-22T18:37:24.417
ATTEMPT 11 START n=11 d=2 seed=224418 neq=11 2026-07-22T18:37:24.421
ATTEMPT 11 DONE  n=11 d=2 seed=224418 nsol=2048  3.66s  2026-07-22T18:37:28.078
ATTEMPT 12 START n=6 d=3 seed=224419 neq=6 2026-07-22T18:37:28.082
ATTEMPT 12 DONE  n=6 d=3 seed=224419 nsol=729  0.58s  2026-07-22T18:37:28.658
ATTEMPT 13 START n=8 d=2 seed=224420 neq=8 2026-07-22T18:37:28.661
ATTEMPT 13 DONE  n=8 d=2 seed=224420 nsol=256  0.24s  2026-07-22T18:37:28.900
ATTEMPT 14 START n=10 d=2 seed=224421 neq=10 2026-07-22T18:37:28.907
ATTEMPT 14 DONE  n=10 d=2 seed=224421 nsol=1024  1.62s  2026-07-22T18:37:30.530
ATTEMPT 15 START n=9 d=2 seed=224422 neq=9 2026-07-22T18:37:30.532
ATTEMPT 15 DONE  n=9 d=2 seed=224422 nsol=512  0.48s  2026-07-22T18:37:31.008
ATTEMPT 16 START n=7 d=3 seed=224423 neq=7 2026-07-22T18:37:31.012
ATTEMPT 16 DONE  n=7 d=3 seed=224423 nsol=2187  2.75s  2026-07-22T18:37:33.767
ATTEMPT 17 START n=11 d=2 seed=224424 neq=11 2026-07-22T18:37:33.773
ATTEMPT 17 DONE  n=11 d=2 seed=224424 nsol=2048  4.09s  2026-07-22T18:37:37.862
ATTEMPT 18 START n=6 d=3 seed=224425 neq=6 2026-07-22T18:37:37.869
ATTEMPT 18 DONE  n=6 d=3 seed=224425 nsol=729  0.60s  2026-07-22T18:37:38.467
ATTEMPT 19 START n=8 d=2 seed=224426 neq=8 2026-07-22T18:37:38.469
ATTEMPT 19 DONE  n=8 d=2 seed=224426 nsol=256  0.23s  2026-07-22T18:37:38.694
ATTEMPT 20 START n=10 d=2 seed=224427 neq=10 2026-07-22T18:37:38.703
ATTEMPT 20 DONE  n=10 d=2 seed=224427 nsol=1024  1.47s  2026-07-22T18:37:40.175
ATTEMPT 21 START n=9 d=2 seed=224428 neq=9 2026-07-22T18:37:40.179
ATTEMPT 21 DONE  n=9 d=2 seed=224428 nsol=512  0.51s  2026-07-22T18:37:40.690
ATTEMPT 22 START n=7 d=3 seed=224429 neq=7 2026-07-22T18:37:40.701
ATTEMPT 22 DONE  n=7 d=3 seed=224429 nsol=2187  3.00s  2026-07-22T18:37:43.699
ATTEMPT 23 START n=11 d=2 seed=224430 neq=11 2026-07-22T18:37:43.703
ATTEMPT 23 DONE  n=11 d=2 seed=224430 nsol=2048  3.78s  2026-07-22T18:37:47.482
ATTEMPT 24 START n=6 d=3 seed=224431 neq=6 2026-07-22T18:37:47.486
ATTEMPT 24 DONE  n=6 d=3 seed=224431 nsol=729  0.55s  2026-07-22T18:37:48.039
ATTEMPT 25 START n=8 d=2 seed=224432 neq=8 2026-07-22T18:37:48.044
ATTEMPT 25 DONE  n=8 d=2 seed=224432 nsol=256  0.19s  2026-07-22T18:37:48.242
ATTEMPT 26 START n=10 d=2 seed=224433 neq=10 2026-07-22T18:37:48.244
ATTEMPT 26 DONE  n=10 d=2 seed=224433 nsol=1024  1.46s  2026-07-22T18:37:49.702
ATTEMPT 27 START n=9 d=2 seed=224434 neq=9 2026-07-22T18:37:49.709
ATTEMPT 27 DONE  n=9 d=2 seed=224434 nsol=512  0.51s  2026-07-22T18:37:50.218
ATTEMPT 28 START n=7 d=3 seed=224435 neq=7 2026-07-22T18:37:50.230
ATTEMPT 28 DONE  n=7 d=3 seed=224435 nsol=2187  3.01s  2026-07-22T18:37:53.241
ATTEMPT 29 START n=11 d=2 seed=224436 neq=11 2026-07-22T18:37:53.258
ATTEMPT 29 DONE  n=11 d=2 seed=224436 nsol=2048  7.36s  2026-07-22T18:38:00.615
ATTEMPT 30 START n=6 d=3 seed=224437 neq=6 2026-07-22T18:38:00.617
ATTEMPT 30 DONE  n=6 d=3 seed=224437 nsol=729  0.53s  2026-07-22T18:38:01.147
ATTEMPT 31 START n=8 d=2 seed=224438 neq=8 2026-07-22T18:38:01.149
ATTEMPT 31 DONE  n=8 d=2 seed=224438 nsol=256  0.21s  2026-07-22T18:38:01.363
ATTEMPT 32 START n=10 d=2 seed=224439 neq=10 2026-07-22T18:38:01.366
ATTEMPT 32 DONE  n=10 d=2 seed=224439 nsol=1024  1.52s  2026-07-22T18:38:02.886
ATTEMPT 33 START n=9 d=2 seed=224440 neq=9 2026-07-22T18:38:02.889
ATTEMPT 33 DONE  n=9 d=2 seed=224440 nsol=512  0.56s  2026-07-22T18:38:03.452
ATTEMPT 34 START n=7 d=3 seed=224441 neq=7 2026-07-22T18:38:03.458
ATTEMPT 34 DONE  n=7 d=3 seed=224441 nsol=2187  2.88s  2026-07-22T18:38:06.338
ATTEMPT 35 START n=11 d=2 seed=224442 neq=11 2026-07-22T18:38:06.341
ATTEMPT 35 DONE  n=11 d=2 seed=224442 nsol=2048  3.73s  2026-07-22T18:38:10.075
ATTEMPT 36 START n=6 d=3 seed=224443 neq=6 2026-07-22T18:38:10.077
ATTEMPT 36 DONE  n=6 d=3 seed=224443 nsol=729  0.56s  2026-07-22T18:38:10.638
ATTEMPT 37 START n=8 d=2 seed=224444 neq=8 2026-07-22T18:38:10.640
ATTEMPT 37 DONE  n=8 d=2 seed=224444 nsol=256  0.23s  2026-07-22T18:38:10.869
ATTEMPT 38 START n=10 d=2 seed=224445 neq=10 2026-07-22T18:38:10.874
ATTEMPT 38 DONE  n=10 d=2 seed=224445 nsol=1024  1.50s  2026-07-22T18:38:12.379
ATTEMPT 39 START n=9 d=2 seed=224446 neq=9 2026-07-22T18:38:12.383
ATTEMPT 39 DONE  n=9 d=2 seed=224446 nsol=512  0.52s  2026-07-22T18:38:12.905
ATTEMPT 40 START n=7 d=3 seed=224447 neq=7 2026-07-22T18:38:12.913
ATTEMPT 40 DONE  n=7 d=3 seed=224447 nsol=2187  2.99s  2026-07-22T18:38:15.907
HUNT complete  2026-07-22T18:38:15.913
