HUNT start  nthreads=28  nsolves=40  seed_base=1511118  shape=mix  pid=3684615  2026-07-22T20:18:04.422
ATTEMPT 1 START n=8 d=2 seed=1511119 neq=8 2026-07-22T20:18:19.194
Computing mixed cells... 2    Time: 0:00:01[K
   mixed_volume: 9[K[A
[K[AComputing mixed cells... 71    Time: 0:00:01[K
   mixed_volume: 256[K
ATTEMPT 1 DONE  n=8 d=2 seed=1511119 nsol=256  35.00s  2026-07-22T20:18:54.400
ATTEMPT 2 START n=10 d=2 seed=1511120 neq=10 2026-07-22T20:18:54.620
ATTEMPT 2 DONE  n=10 d=2 seed=1511120 nsol=1024  16.10s  2026-07-22T20:19:10.716
ATTEMPT 3 START n=9 d=2 seed=1511121 neq=9 2026-07-22T20:19:10.718
ATTEMPT 3 DONE  n=9 d=2 seed=1511121 nsol=512  38.62s  2026-07-22T20:19:49.342
ATTEMPT 4 START n=7 d=3 seed=1511122 neq=7 2026-07-22T20:19:49.347
ATTEMPT 4 DONE  n=7 d=3 seed=1511122 nsol=2187  22.53s  2026-07-22T20:20:11.881
ATTEMPT 5 START n=11 d=2 seed=1511123 neq=11 2026-07-22T20:20:11.885
ATTEMPT 5 DONE  n=11 d=2 seed=1511123 nsol=2048  42.83s  2026-07-22T20:20:54.716
ATTEMPT 6 START n=6 d=3 seed=1511124 neq=6 2026-07-22T20:20:54.719
ATTEMPT 6 DONE  n=6 d=3 seed=1511124 nsol=729  9.74s  2026-07-22T20:21:04.457
ATTEMPT 7 START n=8 d=2 seed=1511125 neq=8 2026-07-22T20:21:04.459
ATTEMPT 7 DONE  n=8 d=2 seed=1511125 nsol=256  0.13s  2026-07-22T20:21:04.592
ATTEMPT 8 START n=10 d=2 seed=1511126 neq=10 2026-07-22T20:21:04.594
ATTEMPT 8 DONE  n=10 d=2 seed=1511126 nsol=1024  1.12s  2026-07-22T20:21:05.714
ATTEMPT 9 START n=9 d=2 seed=1511127 neq=9 2026-07-22T20:21:05.716
ATTEMPT 9 DONE  n=9 d=2 seed=1511127 nsol=512  0.45s  2026-07-22T20:21:06.163
ATTEMPT 10 START n=7 d=3 seed=1511128 neq=7 2026-07-22T20:21:06.171
ATTEMPT 10 DONE  n=7 d=3 seed=1511128 nsol=2187  2.38s  2026-07-22T20:21:08.551
ATTEMPT 11 START n=11 d=2 seed=1511129 neq=11 2026-07-22T20:21:08.556
ATTEMPT 11 DONE  n=11 d=2 seed=1511129 nsol=2048  3.08s  2026-07-22T20:21:11.632
ATTEMPT 12 START n=6 d=3 seed=1511130 neq=6 2026-07-22T20:21:11.634
ATTEMPT 12 DONE  n=6 d=3 seed=1511130 nsol=729  3.97s  2026-07-22T20:21:15.603
ATTEMPT 13 START n=8 d=2 seed=1511131 neq=8 2026-07-22T20:21:15.604
ATTEMPT 13 DONE  n=8 d=2 seed=1511131 nsol=256  0.15s  2026-07-22T20:21:15.755
ATTEMPT 14 START n=10 d=2 seed=1511132 neq=10 2026-07-22T20:21:15.759
ATTEMPT 14 DONE  n=10 d=2 seed=1511132 nsol=1024  0.99s  2026-07-22T20:21:16.745
ATTEMPT 15 START n=9 d=2 seed=1511133 neq=9 2026-07-22T20:21:16.748
ATTEMPT 15 DONE  n=9 d=2 seed=1511133 nsol=512  0.36s  2026-07-22T20:21:17.110
ATTEMPT 16 START n=7 d=3 seed=1511134 neq=7 2026-07-22T20:21:17.115
ATTEMPT 16 DONE  n=7 d=3 seed=1511134 nsol=2187  2.12s  2026-07-22T20:21:19.235
ATTEMPT 17 START n=11 d=2 seed=1511135 neq=11 2026-07-22T20:21:19.239
ATTEMPT 17 DONE  n=11 d=2 seed=1511135 nsol=2048  2.65s  2026-07-22T20:21:21.891
ATTEMPT 18 START n=6 d=3 seed=1511136 neq=6 2026-07-22T20:21:21.895
ATTEMPT 18 DONE  n=6 d=3 seed=1511136 nsol=729  0.42s  2026-07-22T20:21:22.313
ATTEMPT 19 START n=8 d=2 seed=1511137 neq=8 2026-07-22T20:21:22.315
ATTEMPT 19 DONE  n=8 d=2 seed=1511137 nsol=256  0.15s  2026-07-22T20:21:22.466
ATTEMPT 20 START n=10 d=2 seed=1511138 neq=10 2026-07-22T20:21:22.470
ATTEMPT 20 DONE  n=10 d=2 seed=1511138 nsol=1024  0.97s  2026-07-22T20:21:23.442
ATTEMPT 21 START n=9 d=2 seed=1511139 neq=9 2026-07-22T20:21:23.445
ATTEMPT 21 DONE  n=9 d=2 seed=1511139 nsol=512  0.40s  2026-07-22T20:21:23.842
ATTEMPT 22 START n=7 d=3 seed=1511140 neq=7 2026-07-22T20:21:23.848
ATTEMPT 22 DONE  n=7 d=3 seed=1511140 nsol=2187  2.19s  2026-07-22T20:21:26.037
ATTEMPT 23 START n=11 d=2 seed=1511141 neq=11 2026-07-22T20:21:26.042
ATTEMPT 23 DONE  n=11 d=2 seed=1511141 nsol=2048  2.55s  2026-07-22T20:21:28.591
ATTEMPT 24 START n=6 d=3 seed=1511142 neq=6 2026-07-22T20:21:28.596
ATTEMPT 24 DONE  n=6 d=3 seed=1511142 nsol=729  0.43s  2026-07-22T20:21:29.022
ATTEMPT 25 START n=8 d=2 seed=1511143 neq=8 2026-07-22T20:21:29.023
ATTEMPT 25 DONE  n=8 d=2 seed=1511143 nsol=256  0.16s  2026-07-22T20:21:29.187
ATTEMPT 26 START n=10 d=2 seed=1511144 neq=10 2026-07-22T20:21:29.193
ATTEMPT 26 DONE  n=10 d=2 seed=1511144 nsol=1024  1.08s  2026-07-22T20:21:30.276
ATTEMPT 27 START n=9 d=2 seed=1511145 neq=9 2026-07-22T20:21:30.279
ATTEMPT 27 DONE  n=9 d=2 seed=1511145 nsol=512  0.40s  2026-07-22T20:21:30.678
ATTEMPT 28 START n=7 d=3 seed=1511146 neq=7 2026-07-22T20:21:30.682
ATTEMPT 28 DONE  n=7 d=3 seed=1511146 nsol=2187  1.99s  2026-07-22T20:21:32.673
ATTEMPT 29 START n=11 d=2 seed=1511147 neq=11 2026-07-22T20:21:32.678
ATTEMPT 29 DONE  n=11 d=2 seed=1511147 nsol=2048  2.61s  2026-07-22T20:21:35.286
ATTEMPT 30 START n=6 d=3 seed=1511148 neq=6 2026-07-22T20:21:35.289
ATTEMPT 30 DONE  n=6 d=3 seed=1511148 nsol=729  0.42s  2026-07-22T20:21:35.709
ATTEMPT 31 START n=8 d=2 seed=1511149 neq=8 2026-07-22T20:21:35.713
ATTEMPT 31 DONE  n=8 d=2 seed=1511149 nsol=256  0.18s  2026-07-22T20:21:35.896
ATTEMPT 32 START n=10 d=2 seed=1511150 neq=10 2026-07-22T20:21:35.901
ATTEMPT 32 DONE  n=10 d=2 seed=1511150 nsol=1024  1.02s  2026-07-22T20:21:36.916
ATTEMPT 33 START n=9 d=2 seed=1511151 neq=9 2026-07-22T20:21:36.919
ATTEMPT 33 DONE  n=9 d=2 seed=1511151 nsol=512  0.37s  2026-07-22T20:21:37.287
ATTEMPT 34 START n=7 d=3 seed=1511152 neq=7 2026-07-22T20:21:37.291
ATTEMPT 34 DONE  n=7 d=3 seed=1511152 nsol=2187  2.03s  2026-07-22T20:21:39.318
ATTEMPT 35 START n=11 d=2 seed=1511153 neq=11 2026-07-22T20:21:39.323
ATTEMPT 35 DONE  n=11 d=2 seed=1511153 nsol=2048  2.65s  2026-07-22T20:21:41.970
ATTEMPT 36 START n=6 d=3 seed=1511154 neq=6 2026-07-22T20:21:41.972
ATTEMPT 36 DONE  n=6 d=3 seed=1511154 nsol=729  0.39s  2026-07-22T20:21:42.366
ATTEMPT 37 START n=8 d=2 seed=1511155 neq=8 2026-07-22T20:21:42.368
ATTEMPT 37 DONE  n=8 d=2 seed=1511155 nsol=256  0.15s  2026-07-22T20:21:42.522
ATTEMPT 38 START n=10 d=2 seed=1511156 neq=10 2026-07-22T20:21:42.526
ATTEMPT 38 DONE  n=10 d=2 seed=1511156 nsol=1024  1.01s  2026-07-22T20:21:43.541
ATTEMPT 39 START n=9 d=2 seed=1511157 neq=9 2026-07-22T20:21:43.544
ATTEMPT 39 DONE  n=9 d=2 seed=1511157 nsol=512  0.39s  2026-07-22T20:21:43.937
ATTEMPT 40 START n=7 d=3 seed=1511158 neq=7 2026-07-22T20:21:43.943
ATTEMPT 40 DONE  n=7 d=3 seed=1511158 nsol=2187  2.61s  2026-07-22T20:21:46.553
HUNT complete  2026-07-22T20:21:46.559
