HUNT start  nthreads=28  nsolves=40  seed_base=311243  shape=mix  pid=1736878  2026-07-22T16:14:51.590
ATTEMPT 1 START n=8 d=2 seed=311244 neq=8 2026-07-22T16:15:04.283
Computing mixed cells... 2    Time: 0:00:01[K
   mixed_volume: 5[K[A
[K[AComputing mixed cells... 79    Time: 0:00:01[K
   mixed_volume: 256[K
ATTEMPT 1 DONE  n=8 d=2 seed=311244 nsol=256  41.58s  2026-07-22T16:15:46.124
ATTEMPT 2 START n=10 d=2 seed=311245 neq=10 2026-07-22T16:15:46.340
ATTEMPT 2 DONE  n=10 d=2 seed=311245 nsol=1024  21.47s  2026-07-22T16:16:07.813
ATTEMPT 3 START n=9 d=2 seed=311246 neq=9 2026-07-22T16:16:07.815
ATTEMPT 3 DONE  n=9 d=2 seed=311246 nsol=512  13.75s  2026-07-22T16:16:21.566
ATTEMPT 4 START n=7 d=3 seed=311247 neq=7 2026-07-22T16:16:21.572
ATTEMPT 4 DONE  n=7 d=3 seed=311247 nsol=2187  32.26s  2026-07-22T16:16:53.836
ATTEMPT 5 START n=11 d=2 seed=311248 neq=11 2026-07-22T16:16:53.844
ATTEMPT 5 DONE  n=11 d=2 seed=311248 nsol=2048  28.29s  2026-07-22T16:17:22.138
ATTEMPT 6 START n=6 d=3 seed=311249 neq=6 2026-07-22T16:17:22.140
ATTEMPT 6 DONE  n=6 d=3 seed=311249 nsol=729  11.28s  2026-07-22T16:17:33.421
ATTEMPT 7 START n=8 d=2 seed=311250 neq=8 2026-07-22T16:17:33.424
ATTEMPT 7 DONE  n=8 d=2 seed=311250 nsol=256  0.23s  2026-07-22T16:17:33.652
ATTEMPT 8 START n=10 d=2 seed=311251 neq=10 2026-07-22T16:17:33.656
ATTEMPT 8 DONE  n=10 d=2 seed=311251 nsol=1024  1.00s  2026-07-22T16:17:34.659
ATTEMPT 9 START n=9 d=2 seed=311252 neq=9 2026-07-22T16:17:34.662
ATTEMPT 9 DONE  n=9 d=2 seed=311252 nsol=512  0.38s  2026-07-22T16:17:35.045
ATTEMPT 10 START n=7 d=3 seed=311253 neq=7 2026-07-22T16:17:35.051
ATTEMPT 10 DONE  n=7 d=3 seed=311253 nsol=2187  2.27s  2026-07-22T16:17:37.316
ATTEMPT 11 START n=11 d=2 seed=311254 neq=11 2026-07-22T16:17:37.322
ATTEMPT 11 DONE  n=11 d=2 seed=311254 nsol=2048  2.92s  2026-07-22T16:17:40.242
ATTEMPT 12 START n=6 d=3 seed=311255 neq=6 2026-07-22T16:17:40.246
ATTEMPT 12 DONE  n=6 d=3 seed=311255 nsol=729  0.42s  2026-07-22T16:17:40.666
ATTEMPT 13 START n=8 d=2 seed=311256 neq=8 2026-07-22T16:17:40.670
ATTEMPT 13 DONE  n=8 d=2 seed=311256 nsol=256  0.15s  2026-07-22T16:17:40.823
ATTEMPT 14 START n=10 d=2 seed=311257 neq=10 2026-07-22T16:17:40.827
ATTEMPT 14 DONE  n=10 d=2 seed=311257 nsol=1024  1.13s  2026-07-22T16:17:41.955
ATTEMPT 15 START n=9 d=2 seed=311258 neq=9 2026-07-22T16:17:41.958
ATTEMPT 15 DONE  n=9 d=2 seed=311258 nsol=512  0.45s  2026-07-22T16:17:42.406
ATTEMPT 16 START n=7 d=3 seed=311259 neq=7 2026-07-22T16:17:42.411
ATTEMPT 16 DONE  n=7 d=3 seed=311259 nsol=2187  2.13s  2026-07-22T16:17:44.543
ATTEMPT 17 START n=11 d=2 seed=311260 neq=11 2026-07-22T16:17:44.548
ATTEMPT 17 DONE  n=11 d=2 seed=311260 nsol=2048  6.44s  2026-07-22T16:17:50.984
ATTEMPT 18 START n=6 d=3 seed=311261 neq=6 2026-07-22T16:17:50.988
ATTEMPT 18 DONE  n=6 d=3 seed=311261 nsol=729  0.48s  2026-07-22T16:17:51.468
ATTEMPT 19 START n=8 d=2 seed=311262 neq=8 2026-07-22T16:17:51.470
ATTEMPT 19 DONE  n=8 d=2 seed=311262 nsol=256  0.17s  2026-07-22T16:17:51.642
ATTEMPT 20 START n=10 d=2 seed=311263 neq=10 2026-07-22T16:17:51.646
ATTEMPT 20 DONE  n=10 d=2 seed=311263 nsol=1024  1.14s  2026-07-22T16:17:52.784
ATTEMPT 21 START n=9 d=2 seed=311264 neq=9 2026-07-22T16:17:52.787
ATTEMPT 21 DONE  n=9 d=2 seed=311264 nsol=512  0.42s  2026-07-22T16:17:53.209
ATTEMPT 22 START n=7 d=3 seed=311265 neq=7 2026-07-22T16:17:53.215
ATTEMPT 22 DONE  n=7 d=3 seed=311265 nsol=2187  2.21s  2026-07-22T16:17:55.428
ATTEMPT 23 START n=11 d=2 seed=311266 neq=11 2026-07-22T16:17:55.433
ATTEMPT 23 DONE  n=11 d=2 seed=311266 nsol=2048  2.79s  2026-07-22T16:17:58.224
ATTEMPT 24 START n=6 d=3 seed=311267 neq=6 2026-07-22T16:17:58.226
ATTEMPT 24 DONE  n=6 d=3 seed=311267 nsol=729  0.40s  2026-07-22T16:17:58.630
ATTEMPT 25 START n=8 d=2 seed=311268 neq=8 2026-07-22T16:17:58.632
ATTEMPT 25 DONE  n=8 d=2 seed=311268 nsol=256  0.16s  2026-07-22T16:17:58.790
ATTEMPT 26 START n=10 d=2 seed=311269 neq=10 2026-07-22T16:17:58.793
ATTEMPT 26 DONE  n=10 d=2 seed=311269 nsol=1024  1.17s  2026-07-22T16:17:59.962
ATTEMPT 27 START n=9 d=2 seed=311270 neq=9 2026-07-22T16:17:59.966
ATTEMPT 27 DONE  n=9 d=2 seed=311270 nsol=512  0.40s  2026-07-22T16:18:00.362
ATTEMPT 28 START n=7 d=3 seed=311271 neq=7 2026-07-22T16:18:00.367
ATTEMPT 28 DONE  n=7 d=3 seed=311271 nsol=2187  2.15s  2026-07-22T16:18:02.517
ATTEMPT 29 START n=11 d=2 seed=311272 neq=11 2026-07-22T16:18:02.523
ATTEMPT 29 DONE  n=11 d=2 seed=311272 nsol=2048  2.81s  2026-07-22T16:18:05.328
ATTEMPT 30 START n=6 d=3 seed=311273 neq=6 2026-07-22T16:18:05.331
ATTEMPT 30 DONE  n=6 d=3 seed=311273 nsol=729  0.39s  2026-07-22T16:18:05.723
ATTEMPT 31 START n=8 d=2 seed=311274 neq=8 2026-07-22T16:18:05.725
ATTEMPT 31 DONE  n=8 d=2 seed=311274 nsol=256  0.16s  2026-07-22T16:18:05.880
ATTEMPT 32 START n=10 d=2 seed=311275 neq=10 2026-07-22T16:18:05.884
ATTEMPT 32 DONE  n=10 d=2 seed=311275 nsol=1024  1.05s  2026-07-22T16:18:06.932
ATTEMPT 33 START n=9 d=2 seed=311276 neq=9 2026-07-22T16:18:06.936
ATTEMPT 33 DONE  n=9 d=2 seed=311276 nsol=512  0.38s  2026-07-22T16:18:07.317
ATTEMPT 34 START n=7 d=3 seed=311277 neq=7 2026-07-22T16:18:07.321
ATTEMPT 34 DONE  n=7 d=3 seed=311277 nsol=2187  2.17s  2026-07-22T16:18:09.494
ATTEMPT 35 START n=11 d=2 seed=311278 neq=11 2026-07-22T16:18:09.499
ATTEMPT 35 DONE  n=11 d=2 seed=311278 nsol=2048  3.02s  2026-07-22T16:18:12.519
ATTEMPT 36 START n=6 d=3 seed=311279 neq=6 2026-07-22T16:18:12.522
ATTEMPT 36 DONE  n=6 d=3 seed=311279 nsol=729  0.40s  2026-07-22T16:18:12.923
ATTEMPT 37 START n=8 d=2 seed=311280 neq=8 2026-07-22T16:18:12.926
ATTEMPT 37 DONE  n=8 d=2 seed=311280 nsol=256  0.16s  2026-07-22T16:18:13.088
ATTEMPT 38 START n=10 d=2 seed=311281 neq=10 2026-07-22T16:18:13.091
ATTEMPT 38 DONE  n=10 d=2 seed=311281 nsol=1024  1.06s  2026-07-22T16:18:14.146
ATTEMPT 39 START n=9 d=2 seed=311282 neq=9 2026-07-22T16:18:14.150
ATTEMPT 39 DONE  n=9 d=2 seed=311282 nsol=512  0.42s  2026-07-22T16:18:14.573
ATTEMPT 40 START n=7 d=3 seed=311283 neq=7 2026-07-22T16:18:14.579
ATTEMPT 40 DONE  n=7 d=3 seed=311283 nsol=2187  2.24s  2026-07-22T16:18:16.821
HUNT complete  2026-07-22T16:18:16.828
