HUNT start  nthreads=28  nsolves=40  seed_base=208830  shape=mix  pid=1704550  2026-07-22T16:11:08.188
ATTEMPT 1 START n=8 d=2 seed=208831 neq=8 2026-07-22T16:11:23.132
Computing mixed cells... 2    Time: 0:00:01[K
   mixed_volume: 5[K[A
[K[AComputing mixed cells... 33    Time: 0:00:02[K
   mixed_volume: 256[K
ATTEMPT 1 DONE  n=8 d=2 seed=208831 nsol=256  43.88s  2026-07-22T16:12:07.230
ATTEMPT 2 START n=10 d=2 seed=208832 neq=10 2026-07-22T16:12:07.473
ATTEMPT 2 DONE  n=10 d=2 seed=208832 nsol=1024  17.70s  2026-07-22T16:12:25.175
ATTEMPT 3 START n=9 d=2 seed=208833 neq=9 2026-07-22T16:12:25.178
ATTEMPT 3 DONE  n=9 d=2 seed=208833 nsol=512  19.77s  2026-07-22T16:12:44.946
ATTEMPT 4 START n=7 d=3 seed=208834 neq=7 2026-07-22T16:12:44.953
ATTEMPT 4 DONE  n=7 d=3 seed=208834 nsol=2187  34.22s  2026-07-22T16:13:19.173
ATTEMPT 5 START n=11 d=2 seed=208835 neq=11 2026-07-22T16:13:19.183
ATTEMPT 5 DONE  n=11 d=2 seed=208835 nsol=2048  26.96s  2026-07-22T16:13:46.138
ATTEMPT 6 START n=6 d=3 seed=208836 neq=6 2026-07-22T16:13:46.142
ATTEMPT 6 DONE  n=6 d=3 seed=208836 nsol=729  12.01s  2026-07-22T16:13:58.154
ATTEMPT 7 START n=8 d=2 seed=208837 neq=8 2026-07-22T16:13:58.156
ATTEMPT 7 DONE  n=8 d=2 seed=208837 nsol=256  0.18s  2026-07-22T16:13:58.332
ATTEMPT 8 START n=10 d=2 seed=208838 neq=10 2026-07-22T16:13:58.335
ATTEMPT 8 DONE  n=10 d=2 seed=208838 nsol=1024  1.06s  2026-07-22T16:13:59.397
ATTEMPT 9 START n=9 d=2 seed=208839 neq=9 2026-07-22T16:13:59.401
ATTEMPT 9 DONE  n=9 d=2 seed=208839 nsol=512  0.41s  2026-07-22T16:13:59.806
ATTEMPT 10 START n=7 d=3 seed=208840 neq=7 2026-07-22T16:13:59.814
ATTEMPT 10 DONE  n=7 d=3 seed=208840 nsol=2187  2.25s  2026-07-22T16:14:02.063
ATTEMPT 11 START n=11 d=2 seed=208841 neq=11 2026-07-22T16:14:02.067
ATTEMPT 11 DONE  n=11 d=2 seed=208841 nsol=2048  2.70s  2026-07-22T16:14:04.765
ATTEMPT 12 START n=6 d=3 seed=208842 neq=6 2026-07-22T16:14:04.769
ATTEMPT 12 DONE  n=6 d=3 seed=208842 nsol=729  0.45s  2026-07-22T16:14:05.214
ATTEMPT 13 START n=8 d=2 seed=208843 neq=8 2026-07-22T16:14:05.217
ATTEMPT 13 DONE  n=8 d=2 seed=208843 nsol=256  0.17s  2026-07-22T16:14:05.392
ATTEMPT 14 START n=10 d=2 seed=208844 neq=10 2026-07-22T16:14:05.396
ATTEMPT 14 DONE  n=10 d=2 seed=208844 nsol=1024  1.08s  2026-07-22T16:14:06.472
ATTEMPT 15 START n=9 d=2 seed=208845 neq=9 2026-07-22T16:14:06.475
ATTEMPT 15 DONE  n=9 d=2 seed=208845 nsol=512  0.41s  2026-07-22T16:14:06.881
ATTEMPT 16 START n=7 d=3 seed=208846 neq=7 2026-07-22T16:14:06.887
ATTEMPT 16 DONE  n=7 d=3 seed=208846 nsol=2187  2.24s  2026-07-22T16:14:09.130
ATTEMPT 17 START n=11 d=2 seed=208847 neq=11 2026-07-22T16:14:09.134
ATTEMPT 17 DONE  n=11 d=2 seed=208847 nsol=2048  2.80s  2026-07-22T16:14:11.931
ATTEMPT 18 START n=6 d=3 seed=208848 neq=6 2026-07-22T16:14:11.934
ATTEMPT 18 DONE  n=6 d=3 seed=208848 nsol=729  0.44s  2026-07-22T16:14:12.377
ATTEMPT 19 START n=8 d=2 seed=208849 neq=8 2026-07-22T16:14:12.379
ATTEMPT 19 DONE  n=8 d=2 seed=208849 nsol=256  0.15s  2026-07-22T16:14:12.532
ATTEMPT 20 START n=10 d=2 seed=208850 neq=10 2026-07-22T16:14:12.536
ATTEMPT 20 DONE  n=10 d=2 seed=208850 nsol=1024  4.27s  2026-07-22T16:14:16.807
ATTEMPT 21 START n=9 d=2 seed=208851 neq=9 2026-07-22T16:14:16.811
ATTEMPT 21 DONE  n=9 d=2 seed=208851 nsol=512  0.40s  2026-07-22T16:14:17.211
ATTEMPT 22 START n=7 d=3 seed=208852 neq=7 2026-07-22T16:14:17.216
ATTEMPT 22 DONE  n=7 d=3 seed=208852 nsol=2187  2.25s  2026-07-22T16:14:19.462
ATTEMPT 23 START n=11 d=2 seed=208853 neq=11 2026-07-22T16:14:19.467
ATTEMPT 23 DONE  n=11 d=2 seed=208853 nsol=2048  2.80s  2026-07-22T16:14:22.270
ATTEMPT 24 START n=6 d=3 seed=208854 neq=6 2026-07-22T16:14:22.273
ATTEMPT 24 DONE  n=6 d=3 seed=208854 nsol=729  0.39s  2026-07-22T16:14:22.665
ATTEMPT 25 START n=8 d=2 seed=208855 neq=8 2026-07-22T16:14:22.667
ATTEMPT 25 DONE  n=8 d=2 seed=208855 nsol=256  0.16s  2026-07-22T16:14:22.824
ATTEMPT 26 START n=10 d=2 seed=208856 neq=10 2026-07-22T16:14:22.828
ATTEMPT 26 DONE  n=10 d=2 seed=208856 nsol=1024  1.07s  2026-07-22T16:14:23.897
ATTEMPT 27 START n=9 d=2 seed=208857 neq=9 2026-07-22T16:14:23.900
ATTEMPT 27 DONE  n=9 d=2 seed=208857 nsol=512  0.39s  2026-07-22T16:14:24.286
ATTEMPT 28 START n=7 d=3 seed=208858 neq=7 2026-07-22T16:14:24.291
ATTEMPT 28 DONE  n=7 d=3 seed=208858 nsol=2187  2.19s  2026-07-22T16:14:26.483
ATTEMPT 29 START n=11 d=2 seed=208859 neq=11 2026-07-22T16:14:26.488
ATTEMPT 29 DONE  n=11 d=2 seed=208859 nsol=2048  2.73s  2026-07-22T16:14:29.214
ATTEMPT 30 START n=6 d=3 seed=208860 neq=6 2026-07-22T16:14:29.219
ATTEMPT 30 DONE  n=6 d=3 seed=208860 nsol=729  0.44s  2026-07-22T16:14:29.663
ATTEMPT 31 START n=8 d=2 seed=208861 neq=8 2026-07-22T16:14:29.667
ATTEMPT 31 DONE  n=8 d=2 seed=208861 nsol=256  0.18s  2026-07-22T16:14:29.847
ATTEMPT 32 START n=10 d=2 seed=208862 neq=10 2026-07-22T16:14:29.852
ATTEMPT 32 DONE  n=10 d=2 seed=208862 nsol=1024  1.08s  2026-07-22T16:14:30.930
ATTEMPT 33 START n=9 d=2 seed=208863 neq=9 2026-07-22T16:14:30.934
ATTEMPT 33 DONE  n=9 d=2 seed=208863 nsol=512  0.41s  2026-07-22T16:14:31.347
ATTEMPT 34 START n=7 d=3 seed=208864 neq=7 2026-07-22T16:14:31.353
ATTEMPT 34 DONE  n=7 d=3 seed=208864 nsol=2187  2.89s  2026-07-22T16:14:34.244
ATTEMPT 35 START n=11 d=2 seed=208865 neq=11 2026-07-22T16:14:34.255
ATTEMPT 35 DONE  n=11 d=2 seed=208865 nsol=2048  4.08s  2026-07-22T16:14:38.338
ATTEMPT 36 START n=6 d=3 seed=208866 neq=6 2026-07-22T16:14:38.342
ATTEMPT 36 DONE  n=6 d=3 seed=208866 nsol=729  0.49s  2026-07-22T16:14:38.835
ATTEMPT 37 START n=8 d=2 seed=208867 neq=8 2026-07-22T16:14:38.837
ATTEMPT 37 DONE  n=8 d=2 seed=208867 nsol=256  0.16s  2026-07-22T16:14:39.006
ATTEMPT 38 START n=10 d=2 seed=208868 neq=10 2026-07-22T16:14:39.008
ATTEMPT 38 DONE  n=10 d=2 seed=208868 nsol=1024  1.14s  2026-07-22T16:14:40.145
ATTEMPT 39 START n=9 d=2 seed=208869 neq=9 2026-07-22T16:14:40.148
ATTEMPT 39 DONE  n=9 d=2 seed=208869 nsol=512  0.44s  2026-07-22T16:14:40.588
ATTEMPT 40 START n=7 d=3 seed=208870 neq=7 2026-07-22T16:14:40.594
ATTEMPT 40 DONE  n=7 d=3 seed=208870 nsol=2187  2.40s  2026-07-22T16:14:42.996
HUNT complete  2026-07-22T16:14:43.003
