HUNT start  nthreads=28  nsolves=40  seed_base=125140  shape=mix  pid=1674222  2026-07-22T16:07:38.158
ATTEMPT 1 START n=8 d=2 seed=125141 neq=8 2026-07-22T16:07:53.411
Computing mixed cells... 2    Time: 0:00:00[K
   mixed_volume: 2[K[A
[K[AComputing mixed cells... 34    Time: 0:00:01[K
   mixed_volume: 256[K
ATTEMPT 1 DONE  n=8 d=2 seed=125141 nsol=256  40.93s  2026-07-22T16:08:34.549
ATTEMPT 2 START n=10 d=2 seed=125142 neq=10 2026-07-22T16:08:34.798
ATTEMPT 2 DONE  n=10 d=2 seed=125142 nsol=1024  23.85s  2026-07-22T16:08:58.648
ATTEMPT 3 START n=9 d=2 seed=125143 neq=9 2026-07-22T16:08:58.650
ATTEMPT 3 DONE  n=9 d=2 seed=125143 nsol=512  15.52s  2026-07-22T16:09:14.166
ATTEMPT 4 START n=7 d=3 seed=125144 neq=7 2026-07-22T16:09:14.176
ATTEMPT 4 DONE  n=7 d=3 seed=125144 nsol=2187  25.74s  2026-07-22T16:09:39.913
ATTEMPT 5 START n=11 d=2 seed=125145 neq=11 2026-07-22T16:09:39.918
ATTEMPT 5 DONE  n=11 d=2 seed=125145 nsol=2048  20.51s  2026-07-22T16:10:00.428
ATTEMPT 6 START n=6 d=3 seed=125146 neq=6 2026-07-22T16:10:00.432
ATTEMPT 6 DONE  n=6 d=3 seed=125146 nsol=729  14.68s  2026-07-22T16:10:15.116
ATTEMPT 7 START n=8 d=2 seed=125147 neq=8 2026-07-22T16:10:15.119
ATTEMPT 7 DONE  n=8 d=2 seed=125147 nsol=256  0.16s  2026-07-22T16:10:15.282
ATTEMPT 8 START n=10 d=2 seed=125148 neq=10 2026-07-22T16:10:15.285
ATTEMPT 8 DONE  n=10 d=2 seed=125148 nsol=1024  1.09s  2026-07-22T16:10:16.372
ATTEMPT 9 START n=9 d=2 seed=125149 neq=9 2026-07-22T16:10:16.375
ATTEMPT 9 DONE  n=9 d=2 seed=125149 nsol=512  0.41s  2026-07-22T16:10:16.784
ATTEMPT 10 START n=7 d=3 seed=125150 neq=7 2026-07-22T16:10:16.790
ATTEMPT 10 DONE  n=7 d=3 seed=125150 nsol=2187  2.22s  2026-07-22T16:10:19.015
ATTEMPT 11 START n=11 d=2 seed=125151 neq=11 2026-07-22T16:10:19.018
ATTEMPT 11 DONE  n=11 d=2 seed=125151 nsol=2048  2.74s  2026-07-22T16:10:21.754
ATTEMPT 12 START n=6 d=3 seed=125152 neq=6 2026-07-22T16:10:21.756
ATTEMPT 12 DONE  n=6 d=3 seed=125152 nsol=729  0.39s  2026-07-22T16:10:22.149
ATTEMPT 13 START n=8 d=2 seed=125153 neq=8 2026-07-22T16:10:22.151
ATTEMPT 13 DONE  n=8 d=2 seed=125153 nsol=256  0.15s  2026-07-22T16:10:22.297
ATTEMPT 14 START n=10 d=2 seed=125154 neq=10 2026-07-22T16:10:22.299
ATTEMPT 14 DONE  n=10 d=2 seed=125154 nsol=1024  1.01s  2026-07-22T16:10:23.307
ATTEMPT 15 START n=9 d=2 seed=125155 neq=9 2026-07-22T16:10:23.310
ATTEMPT 15 DONE  n=9 d=2 seed=125155 nsol=512  0.38s  2026-07-22T16:10:23.686
ATTEMPT 16 START n=7 d=3 seed=125156 neq=7 2026-07-22T16:10:23.691
ATTEMPT 16 DONE  n=7 d=3 seed=125156 nsol=2187  2.26s  2026-07-22T16:10:25.953
ATTEMPT 17 START n=11 d=2 seed=125157 neq=11 2026-07-22T16:10:25.958
ATTEMPT 17 DONE  n=11 d=2 seed=125157 nsol=2048  2.79s  2026-07-22T16:10:28.749
ATTEMPT 18 START n=6 d=3 seed=125158 neq=6 2026-07-22T16:10:28.754
ATTEMPT 18 DONE  n=6 d=3 seed=125158 nsol=729  0.43s  2026-07-22T16:10:29.185
ATTEMPT 19 START n=8 d=2 seed=125159 neq=8 2026-07-22T16:10:29.188
ATTEMPT 19 DONE  n=8 d=2 seed=125159 nsol=256  0.15s  2026-07-22T16:10:29.339
ATTEMPT 20 START n=10 d=2 seed=125160 neq=10 2026-07-22T16:10:29.342
ATTEMPT 20 DONE  n=10 d=2 seed=125160 nsol=1024  1.04s  2026-07-22T16:10:30.383
ATTEMPT 21 START n=9 d=2 seed=125161 neq=9 2026-07-22T16:10:30.386
ATTEMPT 21 DONE  n=9 d=2 seed=125161 nsol=512  0.35s  2026-07-22T16:10:30.737
ATTEMPT 22 START n=7 d=3 seed=125162 neq=7 2026-07-22T16:10:30.742
ATTEMPT 22 DONE  n=7 d=3 seed=125162 nsol=2187  2.19s  2026-07-22T16:10:32.929
ATTEMPT 23 START n=11 d=2 seed=125163 neq=11 2026-07-22T16:10:32.933
ATTEMPT 23 DONE  n=11 d=2 seed=125163 nsol=2048  2.81s  2026-07-22T16:10:35.741
ATTEMPT 24 START n=6 d=3 seed=125164 neq=6 2026-07-22T16:10:35.745
ATTEMPT 24 DONE  n=6 d=3 seed=125164 nsol=729  0.44s  2026-07-22T16:10:36.186
ATTEMPT 25 START n=8 d=2 seed=125165 neq=8 2026-07-22T16:10:36.188
ATTEMPT 25 DONE  n=8 d=2 seed=125165 nsol=256  0.16s  2026-07-22T16:10:36.345
ATTEMPT 26 START n=10 d=2 seed=125166 neq=10 2026-07-22T16:10:36.349
ATTEMPT 26 DONE  n=10 d=2 seed=125166 nsol=1024  1.02s  2026-07-22T16:10:37.368
ATTEMPT 27 START n=9 d=2 seed=125167 neq=9 2026-07-22T16:10:37.371
ATTEMPT 27 DONE  n=9 d=2 seed=125167 nsol=512  0.43s  2026-07-22T16:10:37.800
ATTEMPT 28 START n=7 d=3 seed=125168 neq=7 2026-07-22T16:10:37.824
ATTEMPT 28 DONE  n=7 d=3 seed=125168 nsol=2187  6.50s  2026-07-22T16:10:44.328
ATTEMPT 29 START n=11 d=2 seed=125169 neq=11 2026-07-22T16:10:44.332
ATTEMPT 29 DONE  n=11 d=2 seed=125169 nsol=2048  3.87s  2026-07-22T16:10:48.203
ATTEMPT 30 START n=6 d=3 seed=125170 neq=6 2026-07-22T16:10:48.205
ATTEMPT 30 DONE  n=6 d=3 seed=125170 nsol=729  0.56s  2026-07-22T16:10:48.764
ATTEMPT 31 START n=8 d=2 seed=125171 neq=8 2026-07-22T16:10:48.766
ATTEMPT 31 DONE  n=8 d=2 seed=125171 nsol=256  0.23s  2026-07-22T16:10:49.003
ATTEMPT 32 START n=10 d=2 seed=125172 neq=10 2026-07-22T16:10:49.015
ATTEMPT 32 DONE  n=10 d=2 seed=125172 nsol=1024  1.50s  2026-07-22T16:10:50.513
ATTEMPT 33 START n=9 d=2 seed=125173 neq=9 2026-07-22T16:10:50.517
ATTEMPT 33 DONE  n=9 d=2 seed=125173 nsol=512  0.65s  2026-07-22T16:10:51.167
ATTEMPT 34 START n=7 d=3 seed=125174 neq=7 2026-07-22T16:10:51.178
ATTEMPT 34 DONE  n=7 d=3 seed=125174 nsol=2187  3.12s  2026-07-22T16:10:54.300
ATTEMPT 35 START n=11 d=2 seed=125175 neq=11 2026-07-22T16:10:54.310
ATTEMPT 35 DONE  n=11 d=2 seed=125175 nsol=2048  3.80s  2026-07-22T16:10:58.111
ATTEMPT 36 START n=6 d=3 seed=125176 neq=6 2026-07-22T16:10:58.114
ATTEMPT 36 DONE  n=6 d=3 seed=125176 nsol=729  0.53s  2026-07-22T16:10:58.648
ATTEMPT 37 START n=8 d=2 seed=125177 neq=8 2026-07-22T16:10:58.651
ATTEMPT 37 DONE  n=8 d=2 seed=125177 nsol=256  0.18s  2026-07-22T16:10:58.835
ATTEMPT 38 START n=10 d=2 seed=125178 neq=10 2026-07-22T16:10:58.838
ATTEMPT 38 DONE  n=10 d=2 seed=125178 nsol=1024  1.09s  2026-07-22T16:10:59.926
ATTEMPT 39 START n=9 d=2 seed=125179 neq=9 2026-07-22T16:10:59.928
ATTEMPT 39 DONE  n=9 d=2 seed=125179 nsol=512  0.39s  2026-07-22T16:11:00.316
ATTEMPT 40 START n=7 d=3 seed=125180 neq=7 2026-07-22T16:11:00.323
ATTEMPT 40 DONE  n=7 d=3 seed=125180 nsol=2187  2.40s  2026-07-22T16:11:02.720
HUNT complete  2026-07-22T16:11:02.726
