HUNT2 start mode=seq hcthr=on nworkers=0 nthreads=14 ngcthreads=14 nsolves=6 seed_base=523208 shape=13x2 pid=2593669 julia=1.12.6 HC=2.20.0 2026-07-22T18:18:24.531
ATTEMPT 1 W0 START 13x2 seed=523209 2026-07-22T18:18:35.967
ATTEMPT 1 W0 SOLVE 13x2 2026-07-22T18:18:55.103
Computing mixed cells... 2    Time: 0:00:10[K
   mixed_volume: 18[K[A
[K[AComputing mixed cells... 401    Time: 0:00:11[K
   mixed_volume: 6781[K[A
[K[AComputing mixed cells... 530    Time: 0:00:12[K
   mixed_volume: 5966[K[A
[K[AComputing mixed cells... 729    Time: 0:00:12[K
   mixed_volume: 7611[K[A
[K[AComputing mixed cells... 793    Time: 0:00:12[K
   mixed_volume: 8192[K

[2593669] signal 15: Terminated
in expression starting at /home/orebas/.julia/dev/ODEParameterEstimation/repro/hc_threading_mwe_2026_07_22/attempt.jl:182
unknown function (ip: 0x77ac9a698d6f) at /lib/x86_64-linux-gnu/libc.so.6
pthread_cond_wait at /lib/x86_64-linux-gnu/libc.so.6 (unknown line)
uv_cond_wait at /workspace/srcdir/libuv/src/unix/thread.c:822
jl_parallel_gc_threadfun at /cache/build/builder-amdci5-4/julialang/julia-release-1-dot-12/src/gc-stock.c:3640
unknown function (ip: 0x77ac9a69caa3) at /lib/x86_64-linux-gnu/libc.so.6
unknown function (ip: 0x77ac9a729c6b) at /lib/x86_64-linux-gnu/libc.so.6
unknown function (ip: (nil)) at (unknown file)
unknown function (ip: 0x77ac9a698d6f) at /lib/x86_64-linux-gnu/libc.so.6
pthread_cond_wait at /lib/x86_64-linux-gnu/libc.so.6 (unknown line)
uv_cond_wait at /workspace/srcdir/libuv/src/unix/thread.c:822
jl_parallel_gc_threadfun at /cache/build/builder-amdci5-4/julialang/julia-release-1-dot-12/src/gc-stock.c:3640
unknown function (ip: 0x77ac9a69caa3) at /lib/x86_64-linux-gnu/libc.so.6
unknown function (ip: 0x77ac9a729c6b) at /lib/x86_64-linux-gnu/libc.so.6
unknown function (ip: (nil)) at (unknown file)
unknown function (ip: 0x77ac9a698d6f) at /lib/x86_64-linux-gnu/libc.so.6
pthread_cond_wait at /lib/x86_64-linux-gnu/libc.so.6 (unknown line)
uv_cond_wait at /workspace/srcdir/libuv/src/unix/thread.c:822
jl_parallel_gc_threadfun at /cache/build/builder-amdci5-4/julialang/julia-release-1-dot-12/src/gc-stock.c:3640
unknown function (ip: 0x77ac9a69caa3) at /lib/x86_64-linux-gnu/libc.so.6
unknown function (ip: 0x77ac9a729c6b) at /lib/x86_64-linux-gnu/libc.so.6
unknown function (ip: (nil)) at (unknown file)
unknown function (ip: 0x77ac9a698d6f) at /lib/x86_64-linux-gnu/libc.so.6
pthread_cond_wait at /lib/x86_64-linux-gnu/libc.so.6 (unknown line)
uv_cond_wait at /workspace/srcdir/libuv/src/unix/thread.c:822
jl_parallel_gc_threadfun at /cache/build/builder-amdci5-4/julialang/julia-release-1-dot-12/src/gc-stock.c:3640
unknown function (ip: 0x77ac9a69caa3) at /lib/x86_64-linux-gnu/libc.so.6
unknown function (ip: 0x77ac9a729c6b) at /lib/x86_64-linux-gnu/libc.so.6
unknown function (ip: (nil)) at (unknown file)
unknown function (ip: 0x77ac9a698d6f) at /lib/x86_64-linux-gnu/libc.so.6
pthread_cond_wait at /lib/x86_64-linux-gnu/libc.so.6 (unknown line)
uv_cond_wait at /workspace/srcdir/libuv/src/unix/thread.c:822
jl_parallel_gc_threadfun at /cache/build/builder-amdci5-4/julialang/julia-release-1-dot-12/src/gc-stock.c:3640
unknown function (ip: 0x77ac9a69caa3) at /lib/x86_64-linux-gnu/libc.so.6
unknown function (ip: 0x77ac9a729c6b) at /lib/x86_64-linux-gnu/libc.so.6
unknown function (ip: (nil)) at (unknown file)
unknown function (ip: 0x77ac9a698d6f) at /lib/x86_64-linux-gnu/libc.so.6
pthread_cond_wait at /lib/x86_64-linux-gnu/libc.so.6 (unknown line)
uv_cond_wait at /workspace/srcdir/libuv/src/unix/thread.c:822
jl_parallel_gc_threadfun at /cache/build/builder-amdci5-4/julialang/julia-release-1-dot-12/src/gc-stock.c:3640
unknown function (ip: 0x77ac9a69caa3) at /lib/x86_64-linux-gnu/libc.so.6
unknown function (ip: 0x77ac9a729c6b) at /lib/x86_64-linux-gnu/libc.so.6
unknown function (ip: (nil)) at (unknown file)
unknown function (ip: 0x77ac9a698d6f) at /lib/x86_64-linux-gnu/libc.so.6
pthread_cond_wait at /lib/x86_64-linux-gnu/libc.so.6 (unknown line)
uv_cond_wait at /workspace/srcdir/libuv/src/unix/thread.c:822
jl_parallel_gc_threadfun at /cache/build/builder-amdci5-4/julialang/julia-release-1-dot-12/src/gc-stock.c:3640
unknown function (ip: 0x77ac9a69caa3) at /lib/x86_64-linux-gnu/libc.so.6
unknown function (ip: 0x77ac9a729c6b) at /lib/x86_64-linux-gnu/libc.so.6
unknown function (ip: (nil)) at (unknown file)
unknown function (ip: 0x77ac9a698d6f) at /lib/x86_64-linux-gnu/libc.so.6
pthread_cond_wait at /lib/x86_64-linux-gnu/libc.so.6 (unknown line)
uv_cond_wait at /workspace/srcdir/libuv/src/unix/thread.c:822
jl_parallel_gc_threadfun at /cache/build/builder-amdci5-4/julialang/julia-release-1-dot-12/src/gc-stock.c:3640
unknown function (ip: 0x77ac9a69caa3) at /lib/x86_64-linux-gnu/libc.so.6
unknown function (ip: 0x77ac9a729c6b) at /lib/x86_64-linux-gnu/libc.so.6
unknown function (ip: (nil)) at (unknown file)
unknown function (ip: 0x77ac9a698d6f) at /lib/x86_64-linux-gnu/libc.so.6
pthread_cond_wait at /lib/x86_64-linux-gnu/libc.so.6 (unknown line)
uv_cond_wait at /workspace/srcdir/libuv/src/unix/thread.c:822
jl_parallel_gc_threadfun at /cache/build/builder-amdci5-4/julialang/julia-release-1-dot-12/src/gc-stock.c:3640
unknown function (ip: 0x77ac9a69caa3) at /lib/x86_64-linux-gnu/libc.so.6
unknown function (ip: 0x77ac9a729c6b) at /lib/x86_64-linux-gnu/libc.so.6
unknown function (ip: (nil)) at (unknown file)
unknown function (ip: 0x77ac9a698d6f) at /lib/x86_64-linux-gnu/libc.so.6
pthread_cond_wait at /lib/x86_64-linux-gnu/libc.so.6 (unknown line)
uv_cond_wait at /workspace/srcdir/libuv/src/unix/thread.c:822
jl_parallel_gc_threadfun at /cache/build/builder-amdci5-4/julialang/julia-release-1-dot-12/src/gc-stock.c:3640
unknown function (ip: 0x77ac9a69caa3) at /lib/x86_64-linux-gnu/libc.so.6
unknown function (ip: 0x77ac9a729c6b) at /lib/x86_64-linux-gnu/libc.so.6
unknown function (ip: (nil)) at (unknown file)
unknown function (ip: 0x77ac9a698d6f) at /lib/x86_64-linux-gnu/libc.so.6
pthread_cond_wait at /lib/x86_64-linux-gnu/libc.so.6 (unknown line)
uv_cond_wait at /workspace/srcdir/libuv/src/unix/thread.c:822
jl_parallel_gc_threadfun at /cache/build/builder-amdci5-4/julialang/julia-release-1-dot-12/src/gc-stock.c:3640
unknown function (ip: 0x77ac9a69caa3) at /lib/x86_64-linux-gnu/libc.so.6
unknown function (ip: 0x77ac9a729c6b) at /lib/x86_64-linux-gnu/libc.so.6
unknown function (ip: (nil)) at (unknown file)
unknown function (ip: 0x77ac9a698d6f) at /lib/x86_64-linux-gnu/libc.so.6
pthread_cond_wait at /lib/x86_64-linux-gnu/libc.so.6 (unknown line)
uv_cond_wait at /workspace/srcdir/libuv/src/unix/thread.c:822
jl_parallel_gc_threadfun at /cache/build/builder-amdci5-4/julialang/julia-release-1-dot-12/src/gc-stock.c:3640
unknown function (ip: 0x77ac9a69caa3) at /lib/x86_64-linux-gnu/libc.so.6
unknown function (ip: 0x77ac9a729c6b) at /lib/x86_64-linux-gnu/libc.so.6
unknown function (ip: (nil)) at (unknown file)
unknown function (ip: 0x77ac9a698d6f) at /lib/x86_64-linux-gnu/libc.so.6
pthread_cond_wait at /lib/x86_64-linux-gnu/libc.so.6 (unknown line)
uv_cond_wait at /workspace/srcdir/libuv/src/unix/thread.c:822
jl_parallel_gc_threadfun at /cache/build/builder-amdci5-4/julialang/julia-release-1-dot-12/src/gc-stock.c:3640
unknown function (ip: 0x77ac9a69caa3) at /lib/x86_64-linux-gnu/libc.so.6
unknown function (ip: 0x77ac9a729c6b) at /lib/x86_64-linux-gnu/libc.so.6
unknown function (ip: (nil)) at (unknown file)
unknown function (ip: 0x77ac9a698d6f) at /lib/x86_64-linux-gnu/libc.so.6
pthread_cond_wait at /lib/x86_64-linux-gnu/libc.so.6 (unknown line)
wait at /cache/build/builder-amdci5-4/julialang/julia-release-1-dot-12/src/julia_locks.h:131 [inlined]
jl_compile_codeinst_now at /cache/build/builder-amdci5-4/julialang/julia-release-1-dot-12/src/jitlayers.cpp:742
jl_compile_codeinst_impl at /cache/build/builder-amdci5-4/julialang/julia-release-1-dot-12/src/jitlayers.cpp:824
jl_compile_method_internal at /cache/build/builder-amdci5-4/julialang/julia-release-1-dot-12/src/gf.c:3528
_jl_invoke at /cache/build/builder-amdci5-4/julialang/julia-release-1-dot-12/src/gf.c:4006 [inlined]
ijl_invoke at /cache/build/builder-amdci5-4/julialang/julia-release-1-dot-12/src/gf.c:4021
unknown function (ip: 0x77abd8dbf619) at (unknown file)
unknown function (ip: 0x77abd8dbe914) at (unknown file)
update_weights! at /home/orebas/.julia/packages/HomotopyContinuation/98yZ2/src/homotopies/toric_homotopy.jl:66 [inlined]
#track#249 at /home/orebas/.julia/packages/HomotopyContinuation/98yZ2/src/polyhedral.jl:436
unknown function (ip: 0x77abd8dbe62b) at (unknown file)
unknown function (ip: 0x77abd8dba529) at (unknown file)
unknown function (ip: 0x77abd8dba4f3) at (unknown file)
track at /home/orebas/.julia/packages/HomotopyContinuation/98yZ2/src/polyhedral.jl:414 [inlined]
#307 at /home/orebas/.julia/packages/HomotopyContinuation/98yZ2/src/solve.jl:669
unknown function (ip: 0x77abd8db9e39) at (unknown file)
jl_apply at /cache/build/builder-amdci5-4/julialang/julia-release-1-dot-12/src/julia.h:2391 [inlined]
start_task at /cache/build/builder-amdci5-4/julialang/julia-release-1-dot-12/src/task.c:1252
unknown function (ip: (nil)) at (unknown file)
unknown function (ip: 0x77ac9a698d6f) at /lib/x86_64-linux-gnu/libc.so.6
pthread_cond_wait at /lib/x86_64-linux-gnu/libc.so.6 (unknown line)
wait at /cache/build/builder-amdci5-4/julialang/julia-release-1-dot-12/src/julia_locks.h:131 [inlined]
jl_compile_codeinst_now at /cache/build/builder-amdci5-4/julialang/julia-release-1-dot-12/src/jitlayers.cpp:742
jl_compile_codeinst_impl at /cache/build/builder-amdci5-4/julialang/julia-release-1-dot-12/src/jitlayers.cpp:824
jl_compile_method_internal at /cache/build/builder-amdci5-4/julialang/julia-release-1-dot-12/src/gf.c:3528
_jl_invoke at /cache/build/builder-amdci5-4/julialang/julia-release-1-dot-12/src/gf.c:4006 [inlined]
ijl_invoke at /cache/build/builder-amdci5-4/julialang/julia-release-1-dot-12/src/gf.c:4021
unknown function (ip: 0x77abd8dbf619) at (unknown file)
unknown function (ip: 0x77abd8dbe914) at (unknown file)
update_weights! at /home/orebas/.julia/packages/HomotopyContinuation/98yZ2/src/homotopies/toric_homotopy.jl:66 [inlined]
#track#249 at /home/orebas/.julia/packages/HomotopyContinuation/98yZ2/src/polyhedral.jl:436
unknown function (ip: 0x77abd8dbe62b) at (unknown file)
unknown function (ip: 0x77abd8dba529) at (unknown file)
unknown function (ip: 0x77abd8dba4f3) at (unknown file)
track at /home/orebas/.julia/packages/HomotopyContinuation/98yZ2/src/polyhedral.jl:414 [inlined]
#307 at /home/orebas/.julia/packages/HomotopyContinuation/98yZ2/src/solve.jl:669
unknown function (ip: 0x77abd8db9e39) at (unknown file)
jl_apply at /cache/build/builder-amdci5-4/julialang/julia-release-1-dot-12/src/julia.h:2391 [inlined]
start_task at /cache/build/builder-amdci5-4/julialang/julia-release-1-dot-12/src/task.c:1252
unknown function (ip: (nil)) at (unknown file)
unknown function (ip: 0x77ac9a698d6f) at /lib/x86_64-linux-gnu/libc.so.6
pthread_cond_wait at /lib/x86_64-linux-gnu/libc.so.6 (unknown line)
wait at /cache/build/builder-amdci5-4/julialang/julia-release-1-dot-12/src/julia_locks.h:131 [inlined]
jl_compile_codeinst_now at /cache/build/builder-amdci5-4/julialang/julia-release-1-dot-12/src/jitlayers.cpp:742
jl_compile_codeinst_impl at /cache/build/builder-amdci5-4/julialang/julia-release-1-dot-12/src/jitlayers.cpp:824
jl_compile_method_internal at /cache/build/builder-amdci5-4/julialang/julia-release-1-dot-12/src/gf.c:3528
_jl_invoke at /cache/build/builder-amdci5-4/julialang/julia-release-1-dot-12/src/gf.c:4006 [inlined]
ijl_invoke at /cache/build/builder-amdci5-4/julialang/julia-release-1-dot-12/src/gf.c:4021
unknown function (ip: 0x77abd8dbf619) at (unknown file)
unknown function (ip: 0x77abd8dbe914) at (unknown file)
update_weights! at /home/orebas/.julia/packages/HomotopyContinuation/98yZ2/src/homotopies/toric_homotopy.jl:66 [inlined]
#track#249 at /home/orebas/.julia/packages/HomotopyContinuation/98yZ2/src/polyhedral.jl:436
unknown function (ip: 0x77abd8dbe62b) at (unknown file)
unknown function (ip: 0x77abd8dba529) at (unknown file)
unknown function (ip: 0x77abd8dba4f3) at (unknown file)
track at /home/orebas/.julia/packages/HomotopyContinuation/98yZ2/src/polyhedral.jl:414 [inlined]
#307 at /home/orebas/.julia/packages/HomotopyContinuation/98yZ2/src/solve.jl:669
unknown function (ip: 0x77abd8db9e39) at (unknown file)
jl_apply at /cache/build/builder-amdci5-4/julialang/julia-release-1-dot-12/src/julia.h:2391 [inlined]
start_task at /cache/build/builder-amdci5-4/julialang/julia-release-1-dot-12/src/task.c:1252
unknown function (ip: (nil)) at (unknown file)
unknown function (ip: 0x77ac9a698d6f) at /lib/x86_64-linux-gnu/libc.so.6
pthread_cond_wait at /lib/x86_64-linux-gnu/libc.so.6 (unknown line)
wait at /cache/build/builder-amdci5-4/julialang/julia-release-1-dot-12/src/julia_locks.h:131 [inlined]
jl_compile_codeinst_now at /cache/build/builder-amdci5-4/julialang/julia-release-1-dot-12/src/jitlayers.cpp:742
jl_compile_codeinst_impl at /cache/build/builder-amdci5-4/julialang/julia-release-1-dot-12/src/jitlayers.cpp:824
jl_compile_method_internal at /cache/build/builder-amdci5-4/julialang/julia-release-1-dot-12/src/gf.c:3528
_jl_invoke at /cache/build/builder-amdci5-4/julialang/julia-release-1-dot-12/src/gf.c:4006 [inlined]
ijl_invoke at /cache/build/builder-amdci5-4/julialang/julia-release-1-dot-12/src/gf.c:4021
unknown function (ip: 0x77abd8dbf619) at (unknown file)
unknown function (ip: 0x77abd8dbe914) at (unknown file)
update_weights! at /home/orebas/.julia/packages/HomotopyContinuation/98yZ2/src/homotopies/toric_homotopy.jl:66 [inlined]
#track#249 at /home/orebas/.julia/packages/HomotopyContinuation/98yZ2/src/polyhedral.jl:436
unknown function (ip: 0x77abd8dbe62b) at (unknown file)
unknown function (ip: 0x77abd8dba529) at (unknown file)
unknown function (ip: 0x77abd8dba4f3) at (unknown file)
track at /home/orebas/.julia/packages/HomotopyContinuation/98yZ2/src/polyhedral.jl:414 [inlined]
#307 at /home/orebas/.julia/packages/HomotopyContinuation/98yZ2/src/solve.jl:669
unknown function (ip: 0x77abd8db9e39) at (unknown file)
jl_apply at /cache/build/builder-amdci5-4/julialang/julia-release-1-dot-12/src/julia.h:2391 [inlined]
start_task at /cache/build/builder-amdci5-4/julialang/julia-release-1-dot-12/src/task.c:1252
unknown function (ip: (nil)) at (unknown file)
unknown function (ip: 0x77ac9a698d6f) at /lib/x86_64-linux-gnu/libc.so.6
pthread_cond_wait at /lib/x86_64-linux-gnu/libc.so.6 (unknown line)
wait at /cache/build/builder-amdci5-4/julialang/julia-release-1-dot-12/src/julia_locks.h:131 [inlined]
jl_compile_codeinst_now at /cache/build/builder-amdci5-4/julialang/julia-release-1-dot-12/src/jitlayers.cpp:742
jl_compile_codeinst_impl at /cache/build/builder-amdci5-4/julialang/julia-release-1-dot-12/src/jitlayers.cpp:824
jl_compile_method_internal at /cache/build/builder-amdci5-4/julialang/julia-release-1-dot-12/src/gf.c:3528
_jl_invoke at /cache/build/builder-amdci5-4/julialang/julia-release-1-dot-12/src/gf.c:4006 [inlined]
ijl_invoke at /cache/build/builder-amdci5-4/julialang/julia-release-1-dot-12/src/gf.c:4021
unknown function (ip: 0x77abd8dbf619) at (unknown file)
unknown function (ip: 0x77abd8dbe914) at (unknown file)
update_weights! at /home/orebas/.julia/packages/HomotopyContinuation/98yZ2/src/homotopies/toric_homotopy.jl:66 [inlined]
#track#249 at /home/orebas/.julia/packages/HomotopyContinuation/98yZ2/src/polyhedral.jl:436
unknown function (ip: 0x77abd8dbe62b) at (unknown file)
unknown function (ip: 0x77abd8dba529) at (unknown file)
unknown function (ip: 0x77abd8dba4f3) at (unknown file)
track at /home/orebas/.julia/packages/HomotopyContinuation/98yZ2/src/polyhedral.jl:414 [inlined]
#307 at /home/orebas/.julia/packages/HomotopyContinuation/98yZ2/src/solve.jl:669
unknown function (ip: 0x77abd8db9e39) at (unknown file)
jl_apply at /cache/build/builder-amdci5-4/julialang/julia-release-1-dot-12/src/julia.h:2391 [inlined]
start_task at /cache/build/builder-amdci5-4/julialang/julia-release-1-dot-12/src/task.c:1252
unknown function (ip: (nil)) at (unknown file)
_jl_mutex_wait at /cache/build/builder-amdci5-4/julialang/julia-release-1-dot-12/src/threading.c:974
_jl_mutex_lock at /cache/build/builder-amdci5-4/julialang/julia-release-1-dot-12/src/threading.c:1002
jl_mutex_lock at /cache/build/builder-amdci5-4/julialang/julia-release-1-dot-12/src/julia_locks.h:65 [inlined]
jl_type_infer at /cache/build/builder-amdci5-4/julialang/julia-release-1-dot-12/src/gf.c:464
jl_compile_method_internal at /cache/build/builder-amdci5-4/julialang/julia-release-1-dot-12/src/gf.c:3516
_jl_invoke at /cache/build/builder-amdci5-4/julialang/julia-release-1-dot-12/src/gf.c:4006 [inlined]
ijl_invoke at /cache/build/builder-amdci5-4/julialang/julia-release-1-dot-12/src/gf.c:4021
unknown function (ip: 0x77abd8dbf619) at (unknown file)
unknown function (ip: 0x77abd8dbe914) at (unknown file)
update_weights! at /home/orebas/.julia/packages/HomotopyContinuation/98yZ2/src/homotopies/toric_homotopy.jl:66 [inlined]
#track#249 at /home/orebas/.julia/packages/HomotopyContinuation/98yZ2/src/polyhedral.jl:436
unknown function (ip: 0x77abd8dbe62b) at (unknown file)
unknown function (ip: 0x77abd8dba529) at (unknown file)
unknown function (ip: 0x77abd8dba4f3) at (unknown file)
track at /home/orebas/.julia/packages/HomotopyContinuation/98yZ2/src/polyhedral.jl:414 [inlined]
#307 at /home/orebas/.julia/packages/HomotopyContinuation/98yZ2/src/solve.jl:669
unknown function (ip: 0x77abd8db9e39) at (unknown file)
jl_apply at /cache/build/builder-amdci5-4/julialang/julia-release-1-dot-12/src/julia.h:2391 [inlined]
start_task at /cache/build/builder-amdci5-4/julialang/julia-release-1-dot-12/src/task.c:1252
unknown function (ip: (nil)) at (unknown file)
_jl_mutex_wait at /cache/build/builder-amdci5-4/julialang/julia-release-1-dot-12/src/threading.c:974
_jl_mutex_lock at /cache/build/builder-amdci5-4/julialang/julia-release-1-dot-12/src/threading.c:1002
jl_mutex_lock at /cache/build/builder-amdci5-4/julialang/julia-release-1-dot-12/src/julia_locks.h:65 [inlined]
jl_type_infer at /cache/build/builder-amdci5-4/julialang/julia-release-1-dot-12/src/gf.c:464
jl_compile_method_internal at /cache/build/builder-amdci5-4/julialang/julia-release-1-dot-12/src/gf.c:3516
_jl_invoke at /cache/build/builder-amdci5-4/julialang/julia-release-1-dot-12/src/gf.c:4006 [inlined]
ijl_invoke at /cache/build/builder-amdci5-4/julialang/julia-release-1-dot-12/src/gf.c:4021
unknown function (ip: 0x77abd8dbf619) at (unknown file)
unknown function (ip: 0x77abd8dbe914) at (unknown file)
update_weights! at /home/orebas/.julia/packages/HomotopyContinuation/98yZ2/src/homotopies/toric_homotopy.jl:66 [inlined]
#track#249 at /home/orebas/.julia/packages/HomotopyContinuation/98yZ2/src/polyhedral.jl:436
unknown function (ip: 0x77abd8dbe62b) at (unknown file)
unknown function (ip: 0x77abd8dba529) at (unknown file)
unknown function (ip: 0x77abd8dba4f3) at (unknown file)
track at /home/orebas/.julia/packages/HomotopyContinuation/98yZ2/src/polyhedral.jl:414 [inlined]
#307 at /home/orebas/.julia/packages/HomotopyContinuation/98yZ2/src/solve.jl:669
unknown function (ip: 0x77abd8db9e39) at (unknown file)
jl_apply at /cache/build/builder-amdci5-4/julialang/julia-release-1-dot-12/src/julia.h:2391 [inlined]
start_task at /cache/build/builder-amdci5-4/julialang/julia-release-1-dot-12/src/task.c:1252
unknown function (ip: (nil)) at (unknown file)
unknown function (ip: 0x77ac9a698d6f) at /lib/x86_64-linux-gnu/libc.so.6
pthread_cond_wait at /lib/x86_64-linux-gnu/libc.so.6 (unknown line)
wait at /cache/build/builder-amdci5-4/julialang/julia-release-1-dot-12/src/julia_locks.h:131 [inlined]
jl_compile_codeinst_now at /cache/build/builder-amdci5-4/julialang/julia-release-1-dot-12/src/jitlayers.cpp:742
jl_compile_codeinst_impl at /cache/build/builder-amdci5-4/julialang/julia-release-1-dot-12/src/jitlayers.cpp:824
jl_compile_method_internal at /cache/build/builder-amdci5-4/julialang/julia-release-1-dot-12/src/gf.c:3528
_jl_invoke at /cache/build/builder-amdci5-4/julialang/julia-release-1-dot-12/src/gf.c:4006 [inlined]
ijl_invoke at /cache/build/builder-amdci5-4/julialang/julia-release-1-dot-12/src/gf.c:4021
unknown function (ip: 0x77abd8dbf619) at (unknown file)
unknown function (ip: 0x77abd8dbe914) at (unknown file)
update_weights! at /home/orebas/.julia/packages/HomotopyContinuation/98yZ2/src/homotopies/toric_homotopy.jl:66 [inlined]
#track#249 at /home/orebas/.julia/packages/HomotopyContinuation/98yZ2/src/polyhedral.jl:436
unknown function (ip: 0x77abd8dbe62b) at (unknown file)
unknown function (ip: 0x77abd8dba529) at (unknown file)
unknown function (ip: 0x77abd8dba4f3) at (unknown file)
track at /home/orebas/.julia/packages/HomotopyContinuation/98yZ2/src/polyhedral.jl:414 [inlined]
#307 at /home/orebas/.julia/packages/HomotopyContinuation/98yZ2/src/solve.jl:669
unknown function (ip: 0x77abd8db9e39) at (unknown file)
jl_apply at /cache/build/builder-amdci5-4/julialang/julia-release-1-dot-12/src/julia.h:2391 [inlined]
start_task at /cache/build/builder-amdci5-4/julialang/julia-release-1-dot-12/src/task.c:1252
unknown function (ip: (nil)) at (unknown file)
_ZN4llvm12RegAllocBase16allocatePhysRegsEv at /home/orebas/.julia/juliaup/julia-1.12.6+0.x64.linux.gnu/bin/../lib/julia/libLLVM.so.18.1jl (unknown line)
_ZN4llvm8RAGreedy20runOnMachineFunctionERNS_15MachineFunctionE at /home/orebas/.julia/juliaup/julia-1.12.6+0.x64.linux.gnu/bin/../lib/julia/libLLVM.so.18.1jl (unknown line)
_ZN4llvm19MachineFunctionPass13runOnFunctionERNS_8FunctionE.part.0 at /home/orebas/.julia/juliaup/julia-1.12.6+0.x64.linux.gnu/bin/../lib/julia/libLLVM.so.18.1jl (unknown line)
_ZN4llvm13FPPassManager13runOnFunctionERNS_8FunctionE at /home/orebas/.julia/juliaup/julia-1.12.6+0.x64.linux.gnu/bin/../lib/julia/libLLVM.so.18.1jl (unknown line)
_ZN4llvm13FPPassManager11runOnModuleERNS_6ModuleE at /home/orebas/.julia/juliaup/julia-1.12.6+0.x64.linux.gnu/bin/../lib/julia/libLLVM.so.18.1jl (unknown line)
_ZN4llvm6legacy15PassManagerImpl3runERNS_6ModuleE at /home/orebas/.julia/juliaup/julia-1.12.6+0.x64.linux.gnu/bin/../lib/julia/libLLVM.so.18.1jl (unknown line)
_ZN4llvm3orc14SimpleCompilerclERNS_6ModuleE at /home/orebas/.julia/juliaup/julia-1.12.6+0.x64.linux.gnu/bin/../lib/julia/libLLVM.so.18.1jl (unknown line)
operator() at /cache/build/builder-amdci5-4/julialang/julia-release-1-dot-12/src/jitlayers.cpp:1561
addModule at /cache/build/builder-amdci5-4/julialang/julia-release-1-dot-12/src/jitlayers.cpp:2044
jl_compile_codeinst_now at /cache/build/builder-amdci5-4/julialang/julia-release-1-dot-12/src/jitlayers.cpp:626
jl_compile_codeinst_impl at /cache/build/builder-amdci5-4/julialang/julia-release-1-dot-12/src/jitlayers.cpp:824
jl_fptr_wait_for_compiled at /cache/build/builder-amdci5-4/julialang/julia-release-1-dot-12/src/gf.c:3611
unknown function (ip: 0x77abd8dbf659) at (unknown file)
unknown function (ip: 0x77abd8dbefb2) at (unknown file)
init! at /home/orebas/.julia/packages/HomotopyContinuation/98yZ2/src/tracker.jl:639 [inlined]
#track!#142 at /home/orebas/.julia/packages/HomotopyContinuation/98yZ2/src/tracker.jl:950 [inlined]
track! at /home/orebas/.julia/packages/HomotopyContinuation/98yZ2/src/tracker.jl:937 [inlined]
#track#249 at /home/orebas/.julia/packages/HomotopyContinuation/98yZ2/src/polyhedral.jl:456
unknown function (ip: 0x77abd8dbe62b) at (unknown file)
unknown function (ip: 0x77abd8dba529) at (unknown file)
unknown function (ip: 0x77abd8dba4f3) at (unknown file)
track at /home/orebas/.julia/packages/HomotopyContinuation/98yZ2/src/polyhedral.jl:414 [inlined]
#307 at /home/orebas/.julia/packages/HomotopyContinuation/98yZ2/src/solve.jl:669
unknown function (ip: 0x77abd8db9e39) at (unknown file)
jl_apply at /cache/build/builder-amdci5-4/julialang/julia-release-1-dot-12/src/julia.h:2391 [inlined]
start_task at /cache/build/builder-amdci5-4/julialang/julia-release-1-dot-12/src/task.c:1252
unknown function (ip: (nil)) at (unknown file)
_jl_mutex_wait at /cache/build/builder-amdci5-4/julialang/julia-release-1-dot-12/src/threading.c:974
_jl_mutex_lock at /cache/build/builder-amdci5-4/julialang/julia-release-1-dot-12/src/threading.c:1002
jl_mutex_lock at /cache/build/builder-amdci5-4/julialang/julia-release-1-dot-12/src/julia_locks.h:65 [inlined]
jl_type_infer at /cache/build/builder-amdci5-4/julialang/julia-release-1-dot-12/src/gf.c:464
jl_compile_method_internal at /cache/build/builder-amdci5-4/julialang/julia-release-1-dot-12/src/gf.c:3516
_jl_invoke at /cache/build/builder-amdci5-4/julialang/julia-release-1-dot-12/src/gf.c:4006 [inlined]
ijl_invoke at /cache/build/builder-amdci5-4/julialang/julia-release-1-dot-12/src/gf.c:4021
unknown function (ip: 0x77abd8dbf619) at (unknown file)
unknown function (ip: 0x77abd8dbe914) at (unknown file)
update_weights! at /home/orebas/.julia/packages/HomotopyContinuation/98yZ2/src/homotopies/toric_homotopy.jl:66 [inlined]
#track#249 at /home/orebas/.julia/packages/HomotopyContinuation/98yZ2/src/polyhedral.jl:436
unknown function (ip: 0x77abd8dbe62b) at (unknown file)
unknown function (ip: 0x77abd8dba529) at (unknown file)
unknown function (ip: 0x77abd8dba4f3) at (unknown file)
track at /home/orebas/.julia/packages/HomotopyContinuation/98yZ2/src/polyhedral.jl:414 [inlined]
#307 at /home/orebas/.julia/packages/HomotopyContinuation/98yZ2/src/solve.jl:669
unknown function (ip: 0x77abd8db9e39) at (unknown file)
jl_apply at /cache/build/builder-amdci5-4/julialang/julia-release-1-dot-12/src/julia.h:2391 [inlined]
start_task at /cache/build/builder-amdci5-4/julialang/julia-release-1-dot-12/src/task.c:1252
unknown function (ip: (nil)) at (unknown file)
unknown function (ip: 0x77ac9a698d6f) at /lib/x86_64-linux-gnu/libc.so.6
pthread_cond_wait at /lib/x86_64-linux-gnu/libc.so.6 (unknown line)
wait at /cache/build/builder-amdci5-4/julialang/julia-release-1-dot-12/src/julia_locks.h:131 [inlined]
jl_compile_codeinst_now at /cache/build/builder-amdci5-4/julialang/julia-release-1-dot-12/src/jitlayers.cpp:742
jl_compile_codeinst_impl at /cache/build/builder-amdci5-4/julialang/julia-release-1-dot-12/src/jitlayers.cpp:824
jl_compile_method_internal at /cache/build/builder-amdci5-4/julialang/julia-release-1-dot-12/src/gf.c:3528
_jl_invoke at /cache/build/builder-amdci5-4/julialang/julia-release-1-dot-12/src/gf.c:4006 [inlined]
ijl_invoke at /cache/build/builder-amdci5-4/julialang/julia-release-1-dot-12/src/gf.c:4021
unknown function (ip: 0x77abd8dbf619) at (unknown file)
unknown function (ip: 0x77abd8dbe914) at (unknown file)
update_weights! at /home/orebas/.julia/packages/HomotopyContinuation/98yZ2/src/homotopies/toric_homotopy.jl:66 [inlined]
#track#249 at /home/orebas/.julia/packages/HomotopyContinuation/98yZ2/src/polyhedral.jl:436
unknown function (ip: 0x77abd8dbe62b) at (unknown file)
unknown function (ip: 0x77abd8dba529) at (unknown file)
unknown function (ip: 0x77abd8dba4f3) at (unknown file)
track at /home/orebas/.julia/packages/HomotopyContinuation/98yZ2/src/polyhedral.jl:414 [inlined]
#307 at /home/orebas/.julia/packages/HomotopyContinuation/98yZ2/src/solve.jl:669
unknown function (ip: 0x77abd8db9e39) at (unknown file)
jl_apply at /cache/build/builder-amdci5-4/julialang/julia-release-1-dot-12/src/julia.h:2391 [inlined]
start_task at /cache/build/builder-amdci5-4/julialang/julia-release-1-dot-12/src/task.c:1252
unknown function (ip: (nil)) at (unknown file)
jl_running_under_rr at /cache/build/builder-amdci5-4/julialang/julia-release-1-dot-12/src/scheduler.c:146
_jl_mutex_lock at /cache/build/builder-amdci5-4/julialang/julia-release-1-dot-12/src/threading.c:1002
jl_mutex_lock at /cache/build/builder-amdci5-4/julialang/julia-release-1-dot-12/src/julia_locks.h:65 [inlined]
jl_type_infer at /cache/build/builder-amdci5-4/julialang/julia-release-1-dot-12/src/gf.c:464
jl_compile_method_internal at /cache/build/builder-amdci5-4/julialang/julia-release-1-dot-12/src/gf.c:3516
_jl_invoke at /cache/build/builder-amdci5-4/julialang/julia-release-1-dot-12/src/gf.c:4006 [inlined]
ijl_invoke at /cache/build/builder-amdci5-4/julialang/julia-release-1-dot-12/src/gf.c:4021
unknown function (ip: 0x77abd8dbf619) at (unknown file)
unknown function (ip: 0x77abd8dbe914) at (unknown file)
update_weights! at /home/orebas/.julia/packages/HomotopyContinuation/98yZ2/src/homotopies/toric_homotopy.jl:66 [inlined]
#track#249 at /home/orebas/.julia/packages/HomotopyContinuation/98yZ2/src/polyhedral.jl:436
unknown function (ip: 0x77abd8dbe62b) at (unknown file)
unknown function (ip: 0x77abd8dba529) at (unknown file)
unknown function (ip: 0x77abd8dba4f3) at (unknown file)
track at /home/orebas/.julia/packages/HomotopyContinuation/98yZ2/src/polyhedral.jl:414 [inlined]
#307 at /home/orebas/.julia/packages/HomotopyContinuation/98yZ2/src/solve.jl:669
unknown function (ip: 0x77abd8db9e39) at (unknown file)
jl_apply at /cache/build/builder-amdci5-4/julialang/julia-release-1-dot-12/src/julia.h:2391 [inlined]
start_task at /cache/build/builder-amdci5-4/julialang/julia-release-1-dot-12/src/task.c:1252
unknown function (ip: (nil)) at (unknown file)
unknown function (ip: 0x77ac9a698d6f) at /lib/x86_64-linux-gnu/libc.so.6
pthread_cond_wait at /lib/x86_64-linux-gnu/libc.so.6 (unknown line)
wait at /cache/build/builder-amdci5-4/julialang/julia-release-1-dot-12/src/julia_locks.h:131 [inlined]
jl_compile_codeinst_now at /cache/build/builder-amdci5-4/julialang/julia-release-1-dot-12/src/jitlayers.cpp:742
jl_compile_codeinst_impl at /cache/build/builder-amdci5-4/julialang/julia-release-1-dot-12/src/jitlayers.cpp:824
jl_compile_method_internal at /cache/build/builder-amdci5-4/julialang/julia-release-1-dot-12/src/gf.c:3528
_jl_invoke at /cache/build/builder-amdci5-4/julialang/julia-release-1-dot-12/src/gf.c:4006 [inlined]
ijl_invoke at /cache/build/builder-amdci5-4/julialang/julia-release-1-dot-12/src/gf.c:4021
unknown function (ip: 0x77abd8dbf619) at (unknown file)
unknown function (ip: 0x77abd8dbe914) at (unknown file)
update_weights! at /home/orebas/.julia/packages/HomotopyContinuation/98yZ2/src/homotopies/toric_homotopy.jl:66 [inlined]
#track#249 at /home/orebas/.julia/packages/HomotopyContinuation/98yZ2/src/polyhedral.jl:436
unknown function (ip: 0x77abd8dbe62b) at (unknown file)
unknown function (ip: 0x77abd8dba529) at (unknown file)
unknown function (ip: 0x77abd8dba4f3) at (unknown file)
track at /home/orebas/.julia/packages/HomotopyContinuation/98yZ2/src/polyhedral.jl:414 [inlined]
#307 at /home/orebas/.julia/packages/HomotopyContinuation/98yZ2/src/solve.jl:669
unknown function (ip: 0x77abd8db9e39) at (unknown file)
jl_apply at /cache/build/builder-amdci5-4/julialang/julia-release-1-dot-12/src/julia.h:2391 [inlined]
start_task at /cache/build/builder-amdci5-4/julialang/julia-release-1-dot-12/src/task.c:1252
unknown function (ip: (nil)) at (unknown file)
unknown function (ip: 0x77ac9a698d6f) at /lib/x86_64-linux-gnu/libc.so.6
pthread_cond_wait at /lib/x86_64-linux-gnu/libc.so.6 (unknown line)
wait at /cache/build/builder-amdci5-4/julialang/julia-release-1-dot-12/src/julia_locks.h:131 [inlined]
jl_compile_codeinst_now at /cache/build/builder-amdci5-4/julialang/julia-release-1-dot-12/src/jitlayers.cpp:742
jl_compile_codeinst_impl at /cache/build/builder-amdci5-4/julialang/julia-release-1-dot-12/src/jitlayers.cpp:824
jl_fptr_wait_for_compiled at /cache/build/builder-amdci5-4/julialang/julia-release-1-dot-12/src/gf.c:3611
unknown function (ip: 0x77abd8dbf619) at (unknown file)
unknown function (ip: 0x77abd8dbe914) at (unknown file)
update_weights! at /home/orebas/.julia/packages/HomotopyContinuation/98yZ2/src/homotopies/toric_homotopy.jl:66 [inlined]
#track#249 at /home/orebas/.julia/packages/HomotopyContinuation/98yZ2/src/polyhedral.jl:436
unknown function (ip: 0x77abd8dbe62b) at (unknown file)
unknown function (ip: 0x77abd8dba529) at (unknown file)
unknown function (ip: 0x77abd8dba4f3) at (unknown file)
track at /home/orebas/.julia/packages/HomotopyContinuation/98yZ2/src/polyhedral.jl:414 [inlined]
#307 at /home/orebas/.julia/packages/HomotopyContinuation/98yZ2/src/solve.jl:669
unknown function (ip: 0x77abd8db9e39) at (unknown file)
jl_apply at /cache/build/builder-amdci5-4/julialang/julia-release-1-dot-12/src/julia.h:2391 [inlined]
start_task at /cache/build/builder-amdci5-4/julialang/julia-release-1-dot-12/src/task.c:1252
unknown function (ip: (nil)) at (unknown file)
unknown function (ip: 0x77ac9a698d6f) at /lib/x86_64-linux-gnu/libc.so.6
pthread_cond_wait at /lib/x86_64-linux-gnu/libc.so.6 (unknown line)
wait at /cache/build/builder-amdci5-4/julialang/julia-release-1-dot-12/src/julia_locks.h:131 [inlined]
jl_compile_codeinst_now at /cache/build/builder-amdci5-4/julialang/julia-release-1-dot-12/src/jitlayers.cpp:742
jl_compile_codeinst_impl at /cache/build/builder-amdci5-4/julialang/julia-release-1-dot-12/src/jitlayers.cpp:824
jl_compile_method_internal at /cache/build/builder-amdci5-4/julialang/julia-release-1-dot-12/src/gf.c:3528
_jl_invoke at /cache/build/builder-amdci5-4/julialang/julia-release-1-dot-12/src/gf.c:4006 [inlined]
ijl_apply_generic at /cache/build/builder-amdci5-4/julialang/julia-release-1-dot-12/src/gf.c:4214
jl_apply at /cache/build/builder-amdci5-4/julialang/julia-release-1-dot-12/src/julia.h:2391 [inlined]
jl_f__call_in_world_total at /cache/build/builder-amdci5-4/julialang/julia-release-1-dot-12/src/builtins.c:919
jl_apply at /cache/build/builder-amdci5-4/julialang/julia-release-1-dot-12/src/julia.h:2391 [inlined]
jl_f__apply_iterate at /cache/build/builder-amdci5-4/julialang/julia-release-1-dot-12/src/builtins.c:868
concrete_eval_call at ./../usr/share/julia/Compiler/src/abstractinterpretation.jl:1009
abstract_call_method_with_const_args at ./../usr/share/julia/Compiler/src/abstractinterpretation.jl:874
abstract_call_method_with_const_args at ./../usr/share/julia/Compiler/src/abstractinterpretation.jl:868
handle1 at ./../usr/share/julia/Compiler/src/abstractinterpretation.jl:178
infercalls at ./../usr/share/julia/Compiler/src/abstractinterpretation.jl:252
abstract_call_gf_by_type at ./../usr/share/julia/Compiler/src/abstractinterpretation.jl:338
abstract_call_known at ./../usr/share/julia/Compiler/src/abstractinterpretation.jl:2796
abstract_call at ./../usr/share/julia/Compiler/src/abstractinterpretation.jl:2903
abstract_call at ./../usr/share/julia/Compiler/src/abstractinterpretation.jl:2896 [inlined]
abstract_call at ./../usr/share/julia/Compiler/src/abstractinterpretation.jl:3056
abstract_eval_call at ./../usr/share/julia/Compiler/src/abstractinterpretation.jl:3074 [inlined]
abstract_eval_statement_expr at ./../usr/share/julia/Compiler/src/abstractinterpretation.jl:3403
abstract_eval_basic_statement at ./../usr/share/julia/Compiler/src/abstractinterpretation.jl:3849 [inlined]
abstract_eval_basic_statement at ./../usr/share/julia/Compiler/src/abstractinterpretation.jl:3806 [inlined]
typeinf_local at ./../usr/share/julia/Compiler/src/abstractinterpretation.jl:4356
jfptr_typeinf_local_82127.1 at /home/orebas/.julia/juliaup/julia-1.12.6+0.x64.linux.gnu/lib/julia/sys.so (unknown line)
typeinf at ./../usr/share/julia/Compiler/src/abstractinterpretation.jl:4514
const_prop_call at ./../usr/share/julia/Compiler/src/abstractinterpretation.jl:1353
abstract_call_method_with_const_args at ./../usr/share/julia/Compiler/src/abstractinterpretation.jl:899
abstract_call_method_with_const_args at ./../usr/share/julia/Compiler/src/abstractinterpretation.jl:868
handle1 at ./../usr/share/julia/Compiler/src/abstractinterpretation.jl:178
infercalls at ./../usr/share/julia/Compiler/src/abstractinterpretation.jl:252
abstract_call_gf_by_type at ./../usr/share/julia/Compiler/src/abstractinterpretation.jl:338
abstract_call_known at ./../usr/share/julia/Compiler/src/abstractinterpretation.jl:2796
abstract_call at ./../usr/share/julia/Compiler/src/abstractinterpretation.jl:2903
abstract_call at ./../usr/share/julia/Compiler/src/abstractinterpretation.jl:2896 [inlined]
abstract_call at ./../usr/share/julia/Compiler/src/abstractinterpretation.jl:3056
abstract_eval_call at ./../usr/share/julia/Compiler/src/abstractinterpretation.jl:3074 [inlined]
abstract_eval_statement_expr at ./../usr/share/julia/Compiler/src/abstractinterpretation.jl:3403
abstract_eval_basic_statement at ./../usr/share/julia/Compiler/src/abstractinterpretation.jl:3849 [inlined]
abstract_eval_basic_statement at ./../usr/share/julia/Compiler/src/abstractinterpretation.jl:3806 [inlined]
typeinf_local at ./../usr/share/julia/Compiler/src/abstractinterpretation.jl:4356
jfptr_typeinf_local_82127.1 at /home/orebas/.julia/juliaup/julia-1.12.6+0.x64.linux.gnu/lib/julia/sys.so (unknown line)
typeinf at ./../usr/share/julia/Compiler/src/abstractinterpretation.jl:4514
const_prop_call at ./../usr/share/julia/Compiler/src/abstractinterpretation.jl:1353
abstract_call_method_with_const_args at ./../usr/share/julia/Compiler/src/abstractinterpretation.jl:899
abstract_call_method_with_const_args at ./../usr/share/julia/Compiler/src/abstractinterpretation.jl:868
handle1 at ./../usr/share/julia/Compiler/src/abstractinterpretation.jl:178
infercalls at ./../usr/share/julia/Compiler/src/abstractinterpretation.jl:252
abstract_call_gf_by_type at ./../usr/share/julia/Compiler/src/abstractinterpretation.jl:338
abstract_call_known at ./../usr/share/julia/Compiler/src/abstractinterpretation.jl:2796
abstract_call at ./../usr/share/julia/Compiler/src/abstractinterpretation.jl:2903
abstract_call at ./../usr/share/julia/Compiler/src/abstractinterpretation.jl:2896 [inlined]
abstract_call at ./../usr/share/julia/Compiler/src/abstractinterpretation.jl:3056
abstract_eval_call at ./../usr/share/julia/Compiler/src/abstractinterpretation.jl:3074 [inlined]
abstract_eval_statement_expr at ./../usr/share/julia/Compiler/src/abstractinterpretation.jl:3403
abstract_eval_basic_statement at ./../usr/share/julia/Compiler/src/abstractinterpretation.jl:3849 [inlined]
abstract_eval_basic_statement at ./../usr/share/julia/Compiler/src/abstractinterpretation.jl:3806 [inlined]
typeinf_local at ./../usr/share/julia/Compiler/src/abstractinterpretation.jl:4356
jfptr_typeinf_local_82127.1 at /home/orebas/.julia/juliaup/julia-1.12.6+0.x64.linux.gnu/lib/julia/sys.so (unknown line)
typeinf at ./../usr/share/julia/Compiler/src/abstractinterpretation.jl:4514
typeinf_ext at ./../usr/share/julia/Compiler/src/typeinfer.jl:1256
typeinf_ext_toplevel at ./../usr/share/julia/Compiler/src/typeinfer.jl:1439 [inlined]
typeinf_ext_toplevel at ./../usr/share/julia/Compiler/src/typeinfer.jl:1448
jfptr_typeinf_ext_toplevel_80206.1 at /home/orebas/.julia/juliaup/julia-1.12.6+0.x64.linux.gnu/lib/julia/sys.so (unknown line)
jl_apply at /cache/build/builder-amdci5-4/julialang/julia-release-1-dot-12/src/julia.h:2391 [inlined]
jl_type_infer at /cache/build/builder-amdci5-4/julialang/julia-release-1-dot-12/src/gf.c:466
jl_compile_method_internal at /cache/build/builder-amdci5-4/julialang/julia-release-1-dot-12/src/gf.c:3516
_jl_invoke at /cache/build/builder-amdci5-4/julialang/julia-release-1-dot-12/src/gf.c:4006 [inlined]
ijl_apply_generic at /cache/build/builder-amdci5-4/julialang/julia-release-1-dot-12/src/gf.c:4214
jl_apply at /cache/build/builder-amdci5-4/julialang/julia-release-1-dot-12/src/julia.h:2391 [inlined]
start_task at /cache/build/builder-amdci5-4/julialang/julia-release-1-dot-12/src/task.c:1252
unknown function (ip: (nil)) at (unknown file)
Allocations: 272315994 (Pool: 272314961; Big: 1033); GC: 56
