HUNT2 start mode=seq PTRACK hcthr=off nworkers=0 nthreads=8 ngcthreads=8 nsolves=12 ntrack=25 seed_base=509813 shape=6x2 pid=2447828 julia=1.12.6 2026-07-22T17:53:05.297
ATTEMPT 1 W0 START ptrack6x2 seed=509814 2026-07-22T17:53:51.162
ATTEMPT 1 W0 SOLVE ptrack fresh 2026-07-22T17:53:58.815
Computing mixed cells... 2    Time: 0:00:02[K
   mixed_volume: 14[K[A
[K[AComputing mixed cells... 11    Time: 0:00:02[K
   mixed_volume: 64[K
ATTEMPT 1 W0 FRESH-DONE nsol=64 156.25s 2026-07-22T17:56:35.255
ATTEMPT 1 W0 TRACK 1 2026-07-22T17:56:35.801
ATTEMPT 1 W0 TRACKED 1 nsol=64 30.92s 2026-07-22T17:57:06.986
ATTEMPT 1 W0 TRACK 2 2026-07-22T17:57:07.582
ATTEMPT 1 W0 TRACKED 2 nsol=64 0.09s 2026-07-22T17:57:07.671
ATTEMPT 1 W0 TRACK 3 2026-07-22T17:57:07.671
ATTEMPT 1 W0 TRACKED 3 nsol=64 0.07s 2026-07-22T17:57:07.745
ATTEMPT 1 W0 TRACK 4 2026-07-22T17:57:07.750
ATTEMPT 1 W0 TRACKED 4 nsol=64 0.05s 2026-07-22T17:57:07.805
ATTEMPT 1 W0 TRACK 5 2026-07-22T17:57:07.805
ATTEMPT 1 W0 TRACKED 5 nsol=64 0.07s 2026-07-22T17:57:07.871
ATTEMPT 1 W0 TRACK 6 2026-07-22T17:57:07.871
ATTEMPT 1 W0 TRACKED 6 nsol=64 0.12s 2026-07-22T17:57:07.991
ATTEMPT 1 W0 TRACK 7 2026-07-22T17:57:07.991
ATTEMPT 1 W0 TRACKED 7 nsol=64 0.09s 2026-07-22T17:57:08.079
ATTEMPT 1 W0 TRACK 8 2026-07-22T17:57:08.080
ATTEMPT 1 W0 TRACKED 8 nsol=64 0.07s 2026-07-22T17:57:08.149
ATTEMPT 1 W0 TRACK 9 2026-07-22T17:57:08.149
ATTEMPT 1 W0 TRACKED 9 nsol=64 0.09s 2026-07-22T17:57:08.235
ATTEMPT 1 W0 TRACK 10 2026-07-22T17:57:08.235
ATTEMPT 1 W0 TRACKED 10 nsol=64 0.09s 2026-07-22T17:57:08.325
ATTEMPT 1 W0 TRACK 11 2026-07-22T17:57:08.330
ATTEMPT 1 W0 TRACKED 11 nsol=64 0.08s 2026-07-22T17:57:08.409
ATTEMPT 1 W0 TRACK 12 2026-07-22T17:57:08.419
ATTEMPT 1 W0 TRACKED 12 nsol=64 0.06s 2026-07-22T17:57:08.486
ATTEMPT 1 W0 TRACK 13 2026-07-22T17:57:08.495
ATTEMPT 1 W0 TRACKED 13 nsol=64 0.08s 2026-07-22T17:57:08.570
ATTEMPT 1 W0 TRACK 14 2026-07-22T17:57:08.578
ATTEMPT 1 W0 TRACKED 14 nsol=64 0.04s 2026-07-22T17:57:08.620
ATTEMPT 1 W0 TRACK 15 2026-07-22T17:57:08.621
ATTEMPT 1 W0 TRACKED 15 nsol=64 0.06s 2026-07-22T17:57:08.678
ATTEMPT 1 W0 TRACK 16 2026-07-22T17:57:08.683
ATTEMPT 1 W0 TRACKED 16 nsol=64 0.06s 2026-07-22T17:57:08.745
ATTEMPT 1 W0 TRACK 17 2026-07-22T17:57:08.745
ATTEMPT 1 W0 TRACKED 17 nsol=64 0.07s 2026-07-22T17:57:08.814
ATTEMPT 1 W0 TRACK 18 2026-07-22T17:57:08.814
ATTEMPT 1 W0 TRACKED 18 nsol=64 0.07s 2026-07-22T17:57:08.885
ATTEMPT 1 W0 TRACK 19 2026-07-22T17:57:08.890
ATTEMPT 1 W0 TRACKED 19 nsol=64 0.05s 2026-07-22T17:57:08.938
ATTEMPT 1 W0 TRACK 20 2026-07-22T17:57:08.942
ATTEMPT 1 W0 TRACKED 20 nsol=64 0.07s 2026-07-22T17:57:09.016
ATTEMPT 1 W0 TRACK 21 2026-07-22T17:57:09.016
ATTEMPT 1 W0 TRACKED 21 nsol=64 0.06s 2026-07-22T17:57:09.076
ATTEMPT 1 W0 TRACK 22 2026-07-22T17:57:09.082
ATTEMPT 1 W0 TRACKED 22 nsol=64 0.04s 2026-07-22T17:57:09.127
ATTEMPT 1 W0 TRACK 23 2026-07-22T17:57:09.131
ATTEMPT 1 W0 TRACKED 23 nsol=64 0.06s 2026-07-22T17:57:09.190
ATTEMPT 1 W0 TRACK 24 2026-07-22T17:57:09.198
ATTEMPT 1 W0 TRACKED 24 nsol=64 0.05s 2026-07-22T17:57:09.248
ATTEMPT 1 W0 TRACK 25 2026-07-22T17:57:09.255
ATTEMPT 1 W0 TRACKED 25 nsol=64 0.05s 2026-07-22T17:57:09.301
ATTEMPT 1 W0 DONE ptrack seed=509814 nsol=64 190.30s 2026-07-22T17:57:09.304
ATTEMPT 2 W0 START ptrack6x2 seed=509815 2026-07-22T17:57:09.304
ATTEMPT 2 W0 SOLVE ptrack fresh 2026-07-22T17:57:09.502
ATTEMPT 2 W0 FRESH-DONE nsol=64 0.24s 2026-07-22T17:57:09.747
ATTEMPT 2 W0 TRACK 1 2026-07-22T17:57:09.747
ATTEMPT 2 W0 TRACKED 1 nsol=64 0.04s 2026-07-22T17:57:09.787
ATTEMPT 2 W0 TRACK 2 2026-07-22T17:57:09.787
ATTEMPT 2 W0 TRACKED 2 nsol=64 0.05s 2026-07-22T17:57:09.837
ATTEMPT 2 W0 TRACK 3 2026-07-22T17:57:09.842
ATTEMPT 2 W0 TRACKED 3 nsol=64 0.09s 2026-07-22T17:57:09.934
ATTEMPT 2 W0 TRACK 4 2026-07-22T17:57:09.934
ATTEMPT 2 W0 TRACKED 4 nsol=64 0.05s 2026-07-22T17:57:09.983
ATTEMPT 2 W0 TRACK 5 2026-07-22T17:57:09.983
ATTEMPT 2 W0 TRACKED 5 nsol=64 0.07s 2026-07-22T17:57:10.050
ATTEMPT 2 W0 TRACK 6 2026-07-22T17:57:10.055
ATTEMPT 2 W0 TRACKED 6 nsol=64 0.06s 2026-07-22T17:57:10.115
ATTEMPT 2 W0 TRACK 7 2026-07-22T17:57:10.118
ATTEMPT 2 W0 TRACKED 7 nsol=64 0.05s 2026-07-22T17:57:10.168
ATTEMPT 2 W0 TRACK 8 2026-07-22T17:57:10.168
ATTEMPT 2 W0 TRACKED 8 nsol=64 0.07s 2026-07-22T17:57:10.235
ATTEMPT 2 W0 TRACK 9 2026-07-22T17:57:10.235
ATTEMPT 2 W0 TRACKED 9 nsol=64 0.10s 2026-07-22T17:57:10.332
ATTEMPT 2 W0 TRACK 10 2026-07-22T17:57:10.332
ATTEMPT 2 W0 TRACKED 10 nsol=64 0.07s 2026-07-22T17:57:10.399
ATTEMPT 2 W0 TRACK 11 2026-07-22T17:57:10.399
ATTEMPT 2 W0 TRACKED 11 nsol=64 0.04s 2026-07-22T17:57:10.443
ATTEMPT 2 W0 TRACK 12 2026-07-22T17:57:10.443
ATTEMPT 2 W0 TRACKED 12 nsol=64 0.04s 2026-07-22T17:57:10.481
ATTEMPT 2 W0 TRACK 13 2026-07-22T17:57:10.486
ATTEMPT 2 W0 TRACKED 13 nsol=64 0.03s 2026-07-22T17:57:10.512
ATTEMPT 2 W0 TRACK 14 2026-07-22T17:57:10.514
ATTEMPT 2 W0 TRACKED 14 nsol=64 0.03s 2026-07-22T17:57:10.545
ATTEMPT 2 W0 TRACK 15 2026-07-22T17:57:10.545
ATTEMPT 2 W0 TRACKED 15 nsol=64 0.07s 2026-07-22T17:57:10.615
ATTEMPT 2 W0 TRACK 16 2026-07-22T17:57:10.615
ATTEMPT 2 W0 TRACKED 16 nsol=64 0.09s 2026-07-22T17:57:10.703
ATTEMPT 2 W0 TRACK 17 2026-07-22T17:57:10.703
ATTEMPT 2 W0 TRACKED 17 nsol=64 0.07s 2026-07-22T17:57:10.774
ATTEMPT 2 W0 TRACK 18 2026-07-22T17:57:10.774
ATTEMPT 2 W0 TRACKED 18 nsol=64 0.10s 2026-07-22T17:57:10.871
ATTEMPT 2 W0 TRACK 19 2026-07-22T17:57:10.871
ATTEMPT 2 W0 TRACKED 19 nsol=64 0.07s 2026-07-22T17:57:10.941
ATTEMPT 2 W0 TRACK 20 2026-07-22T17:57:10.954
ATTEMPT 2 W0 TRACKED 20 nsol=64 0.07s 2026-07-22T17:57:11.026
ATTEMPT 2 W0 TRACK 21 2026-07-22T17:57:11.035
ATTEMPT 2 W0 TRACKED 21 nsol=64 0.10s 2026-07-22T17:57:11.131
ATTEMPT 2 W0 TRACK 22 2026-07-22T17:57:11.131
ATTEMPT 2 W0 TRACKED 22 nsol=64 0.08s 2026-07-22T17:57:11.210
ATTEMPT 2 W0 TRACK 23 2026-07-22T17:57:11.218
ATTEMPT 2 W0 TRACKED 23 nsol=64 0.07s 2026-07-22T17:57:11.289
ATTEMPT 2 W0 TRACK 24 2026-07-22T17:57:11.289
ATTEMPT 2 W0 TRACKED 24 nsol=64 0.07s 2026-07-22T17:57:11.360
ATTEMPT 2 W0 TRACK 25 2026-07-22T17:57:11.360
ATTEMPT 2 W0 TRACKED 25 nsol=64 0.07s 2026-07-22T17:57:11.432
ATTEMPT 2 W0 DONE ptrack seed=509815 nsol=64 1.93s 2026-07-22T17:57:11.432
ATTEMPT 3 W0 START ptrack6x2 seed=509816 2026-07-22T17:57:11.432
ATTEMPT 3 W0 SOLVE ptrack fresh 2026-07-22T17:57:11.660
ATTEMPT 3 W0 FRESH-DONE nsol=64 0.21s 2026-07-22T17:57:11.875
ATTEMPT 3 W0 TRACK 1 2026-07-22T17:57:11.875
ATTEMPT 3 W0 TRACKED 1 nsol=64 0.07s 2026-07-22T17:57:11.947
ATTEMPT 3 W0 TRACK 2 2026-07-22T17:57:11.947
ATTEMPT 3 W0 TRACKED 2 nsol=64 0.07s 2026-07-22T17:57:12.020
ATTEMPT 3 W0 TRACK 3 2026-07-22T17:57:12.020
ATTEMPT 3 W0 TRACKED 3 nsol=64 0.06s 2026-07-22T17:57:12.082
ATTEMPT 3 W0 TRACK 4 2026-07-22T17:57:12.090
ATTEMPT 3 W0 TRACKED 4 nsol=64 0.08s 2026-07-22T17:57:12.171
ATTEMPT 3 W0 TRACK 5 2026-07-22T17:57:12.171
ATTEMPT 3 W0 TRACKED 5 nsol=64 0.08s 2026-07-22T17:57:12.251
ATTEMPT 3 W0 TRACK 6 2026-07-22T17:57:12.252
ATTEMPT 3 W0 TRACKED 6 nsol=64 0.08s 2026-07-22T17:57:12.335
ATTEMPT 3 W0 TRACK 7 2026-07-22T17:57:12.335
ATTEMPT 3 W0 TRACKED 7 nsol=64 0.07s 2026-07-22T17:57:12.407
ATTEMPT 3 W0 TRACK 8 2026-07-22T17:57:12.407
ATTEMPT 3 W0 TRACKED 8 nsol=64 0.07s 2026-07-22T17:57:12.474
ATTEMPT 3 W0 TRACK 9 2026-07-22T17:57:12.474
ATTEMPT 3 W0 TRACKED 9 nsol=64 0.07s 2026-07-22T17:57:12.548
ATTEMPT 3 W0 TRACK 10 2026-07-22T17:57:12.548
ATTEMPT 3 W0 TRACKED 10 nsol=64 0.06s 2026-07-22T17:57:12.604
ATTEMPT 3 W0 TRACK 11 2026-07-22T17:57:12.615
ATTEMPT 3 W0 TRACKED 11 nsol=64 0.07s 2026-07-22T17:57:12.689
ATTEMPT 3 W0 TRACK 12 2026-07-22T17:57:12.689
ATTEMPT 3 W0 TRACKED 12 nsol=64 0.07s 2026-07-22T17:57:12.757
ATTEMPT 3 W0 TRACK 13 2026-07-22T17:57:12.757
ATTEMPT 3 W0 TRACKED 13 nsol=64 0.04s 2026-07-22T17:57:12.799
ATTEMPT 3 W0 TRACK 14 2026-07-22T17:57:12.802
ATTEMPT 3 W0 TRACKED 14 nsol=64 0.04s 2026-07-22T17:57:12.843
ATTEMPT 3 W0 TRACK 15 2026-07-22T17:57:12.843
ATTEMPT 3 W0 TRACKED 15 nsol=64 0.05s 2026-07-22T17:57:12.892
ATTEMPT 3 W0 TRACK 16 2026-07-22T17:57:12.892
ATTEMPT 3 W0 TRACKED 16 nsol=64 0.06s 2026-07-22T17:57:12.951
ATTEMPT 3 W0 TRACK 17 2026-07-22T17:57:12.951
ATTEMPT 3 W0 TRACKED 17 nsol=64 0.03s 2026-07-22T17:57:12.978
ATTEMPT 3 W0 TRACK 18 2026-07-22T17:57:12.978
ATTEMPT 3 W0 TRACKED 18 nsol=64 0.03s 2026-07-22T17:57:13.012
ATTEMPT 3 W0 TRACK 19 2026-07-22T17:57:13.012
ATTEMPT 3 W0 TRACKED 19 nsol=64 0.05s 2026-07-22T17:57:13.066
ATTEMPT 3 W0 TRACK 20 2026-07-22T17:57:13.070
ATTEMPT 3 W0 TRACKED 20 nsol=64 0.05s 2026-07-22T17:57:13.120
ATTEMPT 3 W0 TRACK 21 2026-07-22T17:57:13.120
ATTEMPT 3 W0 TRACKED 21 nsol=64 0.06s 2026-07-22T17:57:13.181
ATTEMPT 3 W0 TRACK 22 2026-07-22T17:57:13.181
ATTEMPT 3 W0 TRACKED 22 nsol=64 0.07s 2026-07-22T17:57:13.251
ATTEMPT 3 W0 TRACK 23 2026-07-22T17:57:13.251
ATTEMPT 3 W0 TRACKED 23 nsol=64 0.07s 2026-07-22T17:57:13.316
ATTEMPT 3 W0 TRACK 24 2026-07-22T17:57:13.316
ATTEMPT 3 W0 TRACKED 24 nsol=64 0.05s 2026-07-22T17:57:13.366
ATTEMPT 3 W0 TRACK 25 2026-07-22T17:57:13.367
ATTEMPT 3 W0 TRACKED 25 nsol=64 0.07s 2026-07-22T17:57:13.433
ATTEMPT 3 W0 DONE ptrack seed=509816 nsol=64 1.77s 2026-07-22T17:57:13.433
ATTEMPT 4 W0 START ptrack6x2 seed=509817 2026-07-22T17:57:13.433
ATTEMPT 4 W0 SOLVE ptrack fresh 2026-07-22T17:57:13.620
ATTEMPT 4 W0 FRESH-DONE nsol=64 0.16s 2026-07-22T17:57:13.781
ATTEMPT 4 W0 TRACK 1 2026-07-22T17:57:13.781
ATTEMPT 4 W0 TRACKED 1 nsol=64 0.05s 2026-07-22T17:57:13.829
ATTEMPT 4 W0 TRACK 2 2026-07-22T17:57:13.829
ATTEMPT 4 W0 TRACKED 2 nsol=64 0.06s 2026-07-22T17:57:13.891
ATTEMPT 4 W0 TRACK 3 2026-07-22T17:57:13.891
ATTEMPT 4 W0 TRACKED 3 nsol=64 0.05s 2026-07-22T17:57:13.939
ATTEMPT 4 W0 TRACK 4 2026-07-22T17:57:13.939
ATTEMPT 4 W0 TRACKED 4 nsol=64 0.05s 2026-07-22T17:57:13.989
ATTEMPT 4 W0 TRACK 5 2026-07-22T17:57:13.990
ATTEMPT 4 W0 TRACKED 5 nsol=64 0.07s 2026-07-22T17:57:14.059
ATTEMPT 4 W0 TRACK 6 2026-07-22T17:57:14.059
ATTEMPT 4 W0 TRACKED 6 nsol=64 0.08s 2026-07-22T17:57:14.137
ATTEMPT 4 W0 TRACK 7 2026-07-22T17:57:14.151
ATTEMPT 4 W0 TRACKED 7 nsol=64 0.08s 2026-07-22T17:57:14.229
ATTEMPT 4 W0 TRACK 8 2026-07-22T17:57:14.238
ATTEMPT 4 W0 TRACKED 8 nsol=64 0.07s 2026-07-22T17:57:14.309
ATTEMPT 4 W0 TRACK 9 2026-07-22T17:57:14.314
ATTEMPT 4 W0 TRACKED 9 nsol=64 0.07s 2026-07-22T17:57:14.381
ATTEMPT 4 W0 TRACK 10 2026-07-22T17:57:14.382
ATTEMPT 4 W0 TRACKED 10 nsol=64 0.09s 2026-07-22T17:57:14.472
ATTEMPT 4 W0 TRACK 11 2026-07-22T17:57:14.472
ATTEMPT 4 W0 TRACKED 11 nsol=64 0.07s 2026-07-22T17:57:14.544
ATTEMPT 4 W0 TRACK 12 2026-07-22T17:57:14.544
ATTEMPT 4 W0 TRACKED 12 nsol=64 0.07s 2026-07-22T17:57:14.615
ATTEMPT 4 W0 TRACK 13 2026-07-22T17:57:14.615
ATTEMPT 4 W0 TRACKED 13 nsol=64 0.07s 2026-07-22T17:57:14.686
ATTEMPT 4 W0 TRACK 14 2026-07-22T17:57:14.695
ATTEMPT 4 W0 TRACKED 14 nsol=64 0.08s 2026-07-22T17:57:14.772
ATTEMPT 4 W0 TRACK 15 2026-07-22T17:57:14.772
ATTEMPT 4 W0 TRACKED 15 nsol=64 0.06s 2026-07-22T17:57:14.834
ATTEMPT 4 W0 TRACK 16 2026-07-22T17:57:14.838
ATTEMPT 4 W0 TRACKED 16 nsol=64 0.09s 2026-07-22T17:57:14.925
ATTEMPT 4 W0 TRACK 17 2026-07-22T17:57:14.934
ATTEMPT 4 W0 TRACKED 17 nsol=64 0.06s 2026-07-22T17:57:14.997
ATTEMPT 4 W0 TRACK 18 2026-07-22T17:57:15.002
ATTEMPT 4 W0 TRACKED 18 nsol=64 0.08s 2026-07-22T17:57:15.086
ATTEMPT 4 W0 TRACK 19 2026-07-22T17:57:15.098
ATTEMPT 4 W0 TRACKED 19 nsol=64 0.10s 2026-07-22T17:57:15.197
ATTEMPT 4 W0 TRACK 20 2026-07-22T17:57:15.202
ATTEMPT 4 W0 TRACKED 20 nsol=64 0.07s 2026-07-22T17:57:15.274
ATTEMPT 4 W0 TRACK 21 2026-07-22T17:57:15.286
ATTEMPT 4 W0 TRACKED 21 nsol=64 0.09s 2026-07-22T17:57:15.376
ATTEMPT 4 W0 TRACK 22 2026-07-22T17:57:15.378
ATTEMPT 4 W0 TRACKED 22 nsol=64 0.08s 2026-07-22T17:57:15.454
ATTEMPT 4 W0 TRACK 23 2026-07-22T17:57:15.458
ATTEMPT 4 W0 TRACKED 23 nsol=64 0.10s 2026-07-22T17:57:15.557
ATTEMPT 4 W0 TRACK 24 2026-07-22T17:57:15.567
ATTEMPT 4 W0 TRACKED 24 nsol=64 0.09s 2026-07-22T17:57:15.653
ATTEMPT 4 W0 TRACK 25 2026-07-22T17:57:15.662
ATTEMPT 4 W0 TRACKED 25 nsol=64 0.08s 2026-07-22T17:57:15.746
ATTEMPT 4 W0 DONE ptrack seed=509817 nsol=64 2.13s 2026-07-22T17:57:15.750
ATTEMPT 5 W0 START ptrack6x2 seed=509818 2026-07-22T17:57:15.751
ATTEMPT 5 W0 SOLVE ptrack fresh 2026-07-22T17:57:16.015
ATTEMPT 5 W0 FRESH-DONE nsol=64 0.14s 2026-07-22T17:57:16.155
ATTEMPT 5 W0 TRACK 1 2026-07-22T17:57:16.156
ATTEMPT 5 W0 TRACKED 1 nsol=64 0.06s 2026-07-22T17:57:16.211
ATTEMPT 5 W0 TRACK 2 2026-07-22T17:57:16.211
ATTEMPT 5 W0 TRACKED 2 nsol=64 0.07s 2026-07-22T17:57:16.285
ATTEMPT 5 W0 TRACK 3 2026-07-22T17:57:16.285
ATTEMPT 5 W0 TRACKED 3 nsol=64 0.06s 2026-07-22T17:57:16.348
ATTEMPT 5 W0 TRACK 4 2026-07-22T17:57:16.348
ATTEMPT 5 W0 TRACKED 4 nsol=64 0.05s 2026-07-22T17:57:16.403
ATTEMPT 5 W0 TRACK 5 2026-07-22T17:57:16.403
ATTEMPT 5 W0 TRACKED 5 nsol=64 0.05s 2026-07-22T17:57:16.457
ATTEMPT 5 W0 TRACK 6 2026-07-22T17:57:16.462
ATTEMPT 5 W0 TRACKED 6 nsol=64 0.06s 2026-07-22T17:57:16.523
ATTEMPT 5 W0 TRACK 7 2026-07-22T17:57:16.523
ATTEMPT 5 W0 TRACKED 7 nsol=64 0.09s 2026-07-22T17:57:16.618
ATTEMPT 5 W0 TRACK 8 2026-07-22T17:57:16.623
ATTEMPT 5 W0 TRACKED 8 nsol=64 0.07s 2026-07-22T17:57:16.692
ATTEMPT 5 W0 TRACK 9 2026-07-22T17:57:16.692
ATTEMPT 5 W0 TRACKED 9 nsol=64 0.07s 2026-07-22T17:57:16.760
ATTEMPT 5 W0 TRACK 10 2026-07-22T17:57:16.760
ATTEMPT 5 W0 TRACKED 10 nsol=64 0.07s 2026-07-22T17:57:16.827
ATTEMPT 5 W0 TRACK 11 2026-07-22T17:57:16.827
ATTEMPT 5 W0 TRACKED 11 nsol=64 0.06s 2026-07-22T17:57:16.889
ATTEMPT 5 W0 TRACK 12 2026-07-22T17:57:16.895
ATTEMPT 5 W0 TRACKED 12 nsol=64 0.06s 2026-07-22T17:57:16.957
ATTEMPT 5 W0 TRACK 13 2026-07-22T17:57:16.957
ATTEMPT 5 W0 TRACKED 13 nsol=64 0.06s 2026-07-22T17:57:17.016
ATTEMPT 5 W0 TRACK 14 2026-07-22T17:57:17.023
ATTEMPT 5 W0 TRACKED 14 nsol=64 0.06s 2026-07-22T17:57:17.078
ATTEMPT 5 W0 TRACK 15 2026-07-22T17:57:17.078
ATTEMPT 5 W0 TRACKED 15 nsol=64 0.07s 2026-07-22T17:57:17.144
ATTEMPT 5 W0 TRACK 16 2026-07-22T17:57:17.144
ATTEMPT 5 W0 TRACKED 16 nsol=64 3.65s 2026-07-22T17:57:20.798
ATTEMPT 5 W0 TRACK 17 2026-07-22T17:57:20.803
ATTEMPT 5 W0 TRACKED 17 nsol=64 0.07s 2026-07-22T17:57:20.870
ATTEMPT 5 W0 TRACK 18 2026-07-22T17:57:20.879
ATTEMPT 5 W0 TRACKED 18 nsol=64 0.07s 2026-07-22T17:57:20.952
ATTEMPT 5 W0 TRACK 19 2026-07-22T17:57:20.952
ATTEMPT 5 W0 TRACKED 19 nsol=64 0.10s 2026-07-22T17:57:21.048
ATTEMPT 5 W0 TRACK 20 2026-07-22T17:57:21.049
ATTEMPT 5 W0 TRACKED 20 nsol=64 0.10s 2026-07-22T17:57:21.149
ATTEMPT 5 W0 TRACK 21 2026-07-22T17:57:21.149
ATTEMPT 5 W0 TRACKED 21 nsol=64 0.08s 2026-07-22T17:57:21.233
ATTEMPT 5 W0 TRACK 22 2026-07-22T17:57:21.233
ATTEMPT 5 W0 TRACKED 22 nsol=64 0.08s 2026-07-22T17:57:21.314
ATTEMPT 5 W0 TRACK 23 2026-07-22T17:57:21.314
ATTEMPT 5 W0 TRACKED 23 nsol=64 0.13s 2026-07-22T17:57:21.445
ATTEMPT 5 W0 TRACK 24 2026-07-22T17:57:21.445
ATTEMPT 5 W0 TRACKED 24 nsol=64 0.10s 2026-07-22T17:57:21.550
ATTEMPT 5 W0 TRACK 25 2026-07-22T17:57:21.550
ATTEMPT 5 W0 TRACKED 25 nsol=64 0.10s 2026-07-22T17:57:21.646
ATTEMPT 5 W0 DONE ptrack seed=509818 nsol=64 5.63s 2026-07-22T17:57:21.647
ATTEMPT 6 W0 START ptrack6x2 seed=509819 2026-07-22T17:57:21.647
ATTEMPT 6 W0 SOLVE ptrack fresh 2026-07-22T17:57:21.860
ATTEMPT 6 W0 FRESH-DONE nsol=64 0.18s 2026-07-22T17:57:22.044
ATTEMPT 6 W0 TRACK 1 2026-07-22T17:57:22.045
ATTEMPT 6 W0 TRACKED 1 nsol=64 0.06s 2026-07-22T17:57:22.106
ATTEMPT 6 W0 TRACK 2 2026-07-22T17:57:22.111
ATTEMPT 6 W0 TRACKED 2 nsol=64 0.07s 2026-07-22T17:57:22.184
ATTEMPT 6 W0 TRACK 3 2026-07-22T17:57:22.185
ATTEMPT 6 W0 TRACKED 3 nsol=64 0.08s 2026-07-22T17:57:22.266
ATTEMPT 6 W0 TRACK 4 2026-07-22T17:57:22.267
ATTEMPT 6 W0 TRACKED 4 nsol=64 0.06s 2026-07-22T17:57:22.327
ATTEMPT 6 W0 TRACK 5 2026-07-22T17:57:22.327
ATTEMPT 6 W0 TRACKED 5 nsol=64 0.06s 2026-07-22T17:57:22.383
ATTEMPT 6 W0 TRACK 6 2026-07-22T17:57:22.384
ATTEMPT 6 W0 TRACKED 6 nsol=64 0.07s 2026-07-22T17:57:22.455
ATTEMPT 6 W0 TRACK 7 2026-07-22T17:57:22.471
ATTEMPT 6 W0 TRACKED 7 nsol=64 0.10s 2026-07-22T17:57:22.570
ATTEMPT 6 W0 TRACK 8 2026-07-22T17:57:22.579
ATTEMPT 6 W0 TRACKED 8 nsol=64 0.11s 2026-07-22T17:57:22.688
ATTEMPT 6 W0 TRACK 9 2026-07-22T17:57:22.688
ATTEMPT 6 W0 TRACKED 9 nsol=64 0.12s 2026-07-22T17:57:22.810
ATTEMPT 6 W0 TRACK 10 2026-07-22T17:57:22.810
ATTEMPT 6 W0 TRACKED 10 nsol=64 0.13s 2026-07-22T17:57:22.936
ATTEMPT 6 W0 TRACK 11 2026-07-22T17:57:22.936
ATTEMPT 6 W0 TRACKED 11 nsol=64 0.11s 2026-07-22T17:57:23.049
ATTEMPT 6 W0 TRACK 12 2026-07-22T17:57:23.059
ATTEMPT 6 W0 TRACKED 12 nsol=64 0.08s 2026-07-22T17:57:23.142
ATTEMPT 6 W0 TRACK 13 2026-07-22T17:57:23.147
ATTEMPT 6 W0 TRACKED 13 nsol=64 0.10s 2026-07-22T17:57:23.246
ATTEMPT 6 W0 TRACK 14 2026-07-22T17:57:23.251
ATTEMPT 6 W0 TRACKED 14 nsol=64 0.05s 2026-07-22T17:57:23.297
ATTEMPT 6 W0 TRACK 15 2026-07-22T17:57:23.297
ATTEMPT 6 W0 TRACKED 15 nsol=64 0.05s 2026-07-22T17:57:23.352
ATTEMPT 6 W0 TRACK 16 2026-07-22T17:57:23.352
ATTEMPT 6 W0 TRACKED 16 nsol=64 0.06s 2026-07-22T17:57:23.411
ATTEMPT 6 W0 TRACK 17 2026-07-22T17:57:23.413
ATTEMPT 6 W0 TRACKED 17 nsol=64 0.05s 2026-07-22T17:57:23.459
ATTEMPT 6 W0 TRACK 18 2026-07-22T17:57:23.459
ATTEMPT 6 W0 TRACKED 18 nsol=64 0.02s 2026-07-22T17:57:23.482
ATTEMPT 6 W0 TRACK 19 2026-07-22T17:57:23.482
ATTEMPT 6 W0 TRACKED 19 nsol=64 0.02s 2026-07-22T17:57:23.505
ATTEMPT 6 W0 TRACK 20 2026-07-22T17:57:23.505
ATTEMPT 6 W0 TRACKED 20 nsol=64 0.02s 2026-07-22T17:57:23.529
ATTEMPT 6 W0 TRACK 21 2026-07-22T17:57:23.530
ATTEMPT 6 W0 TRACKED 21 nsol=64 0.02s 2026-07-22T17:57:23.554
ATTEMPT 6 W0 TRACK 22 2026-07-22T17:57:23.554
ATTEMPT 6 W0 TRACKED 22 nsol=64 0.02s 2026-07-22T17:57:23.575
ATTEMPT 6 W0 TRACK 23 2026-07-22T17:57:23.575
ATTEMPT 6 W0 TRACKED 23 nsol=64 0.05s 2026-07-22T17:57:23.628
ATTEMPT 6 W0 TRACK 24 2026-07-22T17:57:23.628
ATTEMPT 6 W0 TRACKED 24 nsol=64 0.05s 2026-07-22T17:57:23.683
ATTEMPT 6 W0 TRACK 25 2026-07-22T17:57:23.691
ATTEMPT 6 W0 TRACKED 25 nsol=64 0.05s 2026-07-22T17:57:23.744
ATTEMPT 6 W0 DONE ptrack seed=509819 nsol=64 1.88s 2026-07-22T17:57:23.744
ATTEMPT 7 W0 START ptrack6x2 seed=509820 2026-07-22T17:57:23.744
ATTEMPT 7 W0 SOLVE ptrack fresh 2026-07-22T17:57:23.891
ATTEMPT 7 W0 FRESH-DONE nsol=64 0.18s 2026-07-22T17:57:24.072
ATTEMPT 7 W0 TRACK 1 2026-07-22T17:57:24.075
ATTEMPT 7 W0 TRACKED 1 nsol=64 0.05s 2026-07-22T17:57:24.122
ATTEMPT 7 W0 TRACK 2 2026-07-22T17:57:24.127
ATTEMPT 7 W0 TRACKED 2 nsol=64 0.04s 2026-07-22T17:57:24.167
ATTEMPT 7 W0 TRACK 3 2026-07-22T17:57:24.171
ATTEMPT 7 W0 TRACKED 3 nsol=64 0.05s 2026-07-22T17:57:24.220
ATTEMPT 7 W0 TRACK 4 2026-07-22T17:57:24.220
ATTEMPT 7 W0 TRACKED 4 nsol=64 0.04s 2026-07-22T17:57:24.262
ATTEMPT 7 W0 TRACK 5 2026-07-22T17:57:24.262
ATTEMPT 7 W0 TRACKED 5 nsol=64 0.05s 2026-07-22T17:57:24.309
ATTEMPT 7 W0 TRACK 6 2026-07-22T17:57:24.309
ATTEMPT 7 W0 TRACKED 6 nsol=64 0.05s 2026-07-22T17:57:24.358
ATTEMPT 7 W0 TRACK 7 2026-07-22T17:57:24.363
ATTEMPT 7 W0 TRACKED 7 nsol=64 0.05s 2026-07-22T17:57:24.413
ATTEMPT 7 W0 TRACK 8 2026-07-22T17:57:24.413
ATTEMPT 7 W0 TRACKED 8 nsol=64 0.06s 2026-07-22T17:57:24.477
ATTEMPT 7 W0 TRACK 9 2026-07-22T17:57:24.477
ATTEMPT 7 W0 TRACKED 9 nsol=64 0.04s 2026-07-22T17:57:24.519
ATTEMPT 7 W0 TRACK 10 2026-07-22T17:57:24.523
ATTEMPT 7 W0 TRACKED 10 nsol=64 0.04s 2026-07-22T17:57:24.567
ATTEMPT 7 W0 TRACK 11 2026-07-22T17:57:24.571
ATTEMPT 7 W0 TRACKED 11 nsol=64 0.04s 2026-07-22T17:57:24.615
ATTEMPT 7 W0 TRACK 12 2026-07-22T17:57:24.615
ATTEMPT 7 W0 TRACKED 12 nsol=64 0.04s 2026-07-22T17:57:24.659
ATTEMPT 7 W0 TRACK 13 2026-07-22T17:57:24.671
ATTEMPT 7 W0 TRACKED 13 nsol=64 0.07s 2026-07-22T17:57:24.739
ATTEMPT 7 W0 TRACK 14 2026-07-22T17:57:24.739
ATTEMPT 7 W0 TRACKED 14 nsol=64 0.08s 2026-07-22T17:57:24.818
ATTEMPT 7 W0 TRACK 15 2026-07-22T17:57:24.819
ATTEMPT 7 W0 TRACKED 15 nsol=64 0.05s 2026-07-22T17:57:24.868
ATTEMPT 7 W0 TRACK 16 2026-07-22T17:57:24.871
ATTEMPT 7 W0 TRACKED 16 nsol=64 0.07s 2026-07-22T17:57:24.940
ATTEMPT 7 W0 TRACK 17 2026-07-22T17:57:24.940
ATTEMPT 7 W0 TRACKED 17 nsol=64 0.04s 2026-07-22T17:57:24.981
ATTEMPT 7 W0 TRACK 18 2026-07-22T17:57:24.981
ATTEMPT 7 W0 TRACKED 18 nsol=64 0.05s 2026-07-22T17:57:25.027
ATTEMPT 7 W0 TRACK 19 2026-07-22T17:57:25.027
ATTEMPT 7 W0 TRACKED 19 nsol=64 0.06s 2026-07-22T17:57:25.084
ATTEMPT 7 W0 TRACK 20 2026-07-22T17:57:25.084
ATTEMPT 7 W0 TRACKED 20 nsol=64 0.04s 2026-07-22T17:57:25.119
ATTEMPT 7 W0 TRACK 21 2026-07-22T17:57:25.119
┌ Warning: Ingored unsupported keyword arguments: gamma = -0.7307737272930247 - 0.6826197766679925im
└ @ HomotopyContinuation ~/.julia/packages/HomotopyContinuation/98yZ2/src/utils.jl:170
┌ Warning: Ingored unsupported keyword arguments: gamma = -0.8685526178834481 - 0.49559696323505564im
└ @ HomotopyContinuation ~/.julia/packages/HomotopyContinuation/98yZ2/src/utils.jl:170
┌ Warning: Ingored unsupported keyword arguments: gamma = 0.6765040821151392 + 0.7364388819729394im
└ @ HomotopyContinuation ~/.julia/packages/HomotopyContinuation/98yZ2/src/utils.jl:170
┌ Warning: Ingored unsupported keyword arguments: gamma = 0.37539582672406246 + 0.926864592741657im
└ @ HomotopyContinuation ~/.julia/packages/HomotopyContinuation/98yZ2/src/utils.jl:170
┌ Warning: Ingored unsupported keyword arguments: gamma = 0.9780003112822863 - 0.20860343029718176im
└ @ HomotopyContinuation ~/.julia/packages/HomotopyContinuation/98yZ2/src/utils.jl:170
┌ Warning: Ingored unsupported keyword arguments: gamma = -0.8278617730071717 - 0.5609321570327576im
└ @ HomotopyContinuation ~/.julia/packages/HomotopyContinuation/98yZ2/src/utils.jl:170
┌ Warning: Ingored unsupported keyword arguments: gamma = -0.7561123815990676 + 0.6544417975592528im
└ @ HomotopyContinuation ~/.julia/packages/HomotopyContinuation/98yZ2/src/utils.jl:170
┌ Warning: Ingored unsupported keyword arguments: gamma = -0.7438003317923301 + 0.6684018749417298im
└ @ HomotopyContinuation ~/.julia/packages/HomotopyContinuation/98yZ2/src/utils.jl:170
┌ Warning: Ingored unsupported keyword arguments: gamma = -0.9949714322941997 + 0.10015911799945537im
└ @ HomotopyContinuation ~/.julia/packages/HomotopyContinuation/98yZ2/src/utils.jl:170
┌ Warning: Ingored unsupported keyword arguments: gamma = -0.8735316894574915 - 0.486767282706573im
└ @ HomotopyContinuation ~/.julia/packages/HomotopyContinuation/98yZ2/src/utils.jl:170
┌ Warning: Ingored unsupported keyword arguments: gamma = 0.9696584453576049 + 0.24446369740039686im
└ @ HomotopyContinuation ~/.julia/packages/HomotopyContinuation/98yZ2/src/utils.jl:170
┌ Warning: Ingored unsupported keyword arguments: gamma = 0.9864522297045584 + 0.1640487686967058im
└ @ HomotopyContinuation ~/.julia/packages/HomotopyContinuation/98yZ2/src/utils.jl:170
┌ Warning: Ingored unsupported keyword arguments: gamma = 0.1054384529462262 - 0.9944258306381157im
└ @ HomotopyContinuation ~/.julia/packages/HomotopyContinuation/98yZ2/src/utils.jl:170
┌ Warning: Ingored unsupported keyword arguments: gamma = -0.815428341974871 - 0.57885803018021im
└ @ HomotopyContinuation ~/.julia/packages/HomotopyContinuation/98yZ2/src/utils.jl:170
┌ Warning: Ingored unsupported keyword arguments: gamma = 0.9657165711918835 - 0.2595987367561556im
└ @ HomotopyContinuation ~/.julia/packages/HomotopyContinuation/98yZ2/src/utils.jl:170
┌ Warning: Ingored unsupported keyword arguments: gamma = 0.9791280857938705 - 0.203244167467682im
└ @ HomotopyContinuation ~/.julia/packages/HomotopyContinuation/98yZ2/src/utils.jl:170
┌ Warning: Ingored unsupported keyword arguments: gamma = -0.2523750923320145 + 0.9676294811395564im
└ @ HomotopyContinuation ~/.julia/packages/HomotopyContinuation/98yZ2/src/utils.jl:170
┌ Warning: Ingored unsupported keyword arguments: gamma = -0.40708696921805343 - 0.9133894018943178im
└ @ HomotopyContinuation ~/.julia/packages/HomotopyContinuation/98yZ2/src/utils.jl:170
┌ Warning: Ingored unsupported keyword arguments: gamma = 0.9778679647928122 - 0.20922295149424555im
└ @ HomotopyContinuation ~/.julia/packages/HomotopyContinuation/98yZ2/src/utils.jl:170
┌ Warning: Ingored unsupported keyword arguments: gamma = -0.3588777170814139 - 0.9333845853572003im
└ @ HomotopyContinuation ~/.julia/packages/HomotopyContinuation/98yZ2/src/utils.jl:170
┌ Warning: Ingored unsupported keyword arguments: gamma = 0.9925172445844939 + 0.12210454210390373im
└ @ HomotopyContinuation ~/.julia/packages/HomotopyContinuation/98yZ2/src/utils.jl:170
┌ Warning: Ingored unsupported keyword arguments: gamma = -0.7315281084832378 + 0.6818112836400819im
└ @ HomotopyContinuation ~/.julia/packages/HomotopyContinuation/98yZ2/src/utils.jl:170
┌ Warning: Ingored unsupported keyword arguments: gamma = 0.6693118968605989 + 0.742981550727114im
└ @ HomotopyContinuation ~/.julia/packages/HomotopyContinuation/98yZ2/src/utils.jl:170
┌ Warning: Ingored unsupported keyword arguments: gamma = -0.5411238675133024 + 0.8409428993739384im
└ @ HomotopyContinuation ~/.julia/packages/HomotopyContinuation/98yZ2/src/utils.jl:170
┌ Warning: Ingored unsupported keyword arguments: gamma = 0.7231910806898381 + 0.6906480006563865im
└ @ HomotopyContinuation ~/.julia/packages/HomotopyContinuation/98yZ2/src/utils.jl:170
┌ Warning: Ingored unsupported keyword arguments: gamma = 0.8760175336626523 - 0.48227925594576815im
└ @ HomotopyContinuation ~/.julia/packages/HomotopyContinuation/98yZ2/src/utils.jl:170
┌ Warning: Ingored unsupported keyword arguments: gamma = -0.12564088848088753 + 0.9920757869949922im
└ @ HomotopyContinuation ~/.julia/packages/HomotopyContinuation/98yZ2/src/utils.jl:170
┌ Warning: Ingored unsupported keyword arguments: gamma = 0.988134607344957 - 0.15359035701250187im
└ @ HomotopyContinuation ~/.julia/packages/HomotopyContinuation/98yZ2/src/utils.jl:170
┌ Warning: Ingored unsupported keyword arguments: gamma = -0.9363961021333226 + 0.3509449243250573im
└ @ HomotopyContinuation ~/.julia/packages/HomotopyContinuation/98yZ2/src/utils.jl:170
┌ Warning: Ingored unsupported keyword arguments: gamma = -0.2584113374342577 - 0.96603497901755im
└ @ HomotopyContinuation ~/.julia/packages/HomotopyContinuation/98yZ2/src/utils.jl:170
┌ Warning: Ingored unsupported keyword arguments: gamma = 0.581942787978494 - 0.8132297286252007im
└ @ HomotopyContinuation ~/.julia/packages/HomotopyContinuation/98yZ2/src/utils.jl:170
┌ Warning: Ingored unsupported keyword arguments: gamma = -0.7794453939164239 + 0.6264701731945989im
└ @ HomotopyContinuation ~/.julia/packages/HomotopyContinuation/98yZ2/src/utils.jl:170
┌ Warning: Ingored unsupported keyword arguments: gamma = 0.9796351082731822 + 0.20078609174589376im
└ @ HomotopyContinuation ~/.julia/packages/HomotopyContinuation/98yZ2/src/utils.jl:170
┌ Warning: Ingored unsupported keyword arguments: gamma = -0.2808171185914393 - 0.9597612963159129im
└ @ HomotopyContinuation ~/.julia/packages/HomotopyContinuation/98yZ2/src/utils.jl:170
┌ Warning: Ingored unsupported keyword arguments: gamma = 0.07763213593454771 + 0.9969820717897789im
└ @ HomotopyContinuation ~/.julia/packages/HomotopyContinuation/98yZ2/src/utils.jl:170
┌ Warning: Ingored unsupported keyword arguments: gamma = 0.10692726113614484 - 0.9942668458849077im
└ @ HomotopyContinuation ~/.julia/packages/HomotopyContinuation/98yZ2/src/utils.jl:170
┌ Warning: Ingored unsupported keyword arguments: gamma = 0.9808242455129965 + 0.19489432883965918im
└ @ HomotopyContinuation ~/.julia/packages/HomotopyContinuation/98yZ2/src/utils.jl:170
┌ Warning: Ingored unsupported keyword arguments: gamma = -0.04950471344724899 - 0.9987738900003873im
└ @ HomotopyContinuation ~/.julia/packages/HomotopyContinuation/98yZ2/src/utils.jl:170
┌ Warning: Ingored unsupported keyword arguments: gamma = -0.691641046223225 + 0.722241416133998im
└ @ HomotopyContinuation ~/.julia/packages/HomotopyContinuation/98yZ2/src/utils.jl:170
┌ Warning: Ingored unsupported keyword arguments: gamma = -0.7482991799499544 - 0.6633613926708621im
└ @ HomotopyContinuation ~/.julia/packages/HomotopyContinuation/98yZ2/src/utils.jl:170
┌ Warning: Ingored unsupported keyword arguments: gamma = -0.45670032797287186 + 0.8896205991485759im
└ @ HomotopyContinuation ~/.julia/packages/HomotopyContinuation/98yZ2/src/utils.jl:170
┌ Warning: Ingored unsupported keyword arguments: gamma = -0.47509569696034815 - 0.8799341331768878im
└ @ HomotopyContinuation ~/.julia/packages/HomotopyContinuation/98yZ2/src/utils.jl:170
┌ Warning: Ingored unsupported keyword arguments: gamma = 0.358456775312712 + 0.9335463246311947im
└ @ HomotopyContinuation ~/.julia/packages/HomotopyContinuation/98yZ2/src/utils.jl:170
┌ Warning: Ingored unsupported keyword arguments: gamma = -0.06498331119644422 + 0.9978863508766648im
└ @ HomotopyContinuation ~/.julia/packages/HomotopyContinuation/98yZ2/src/utils.jl:170
┌ Warning: Ingored unsupported keyword arguments: gamma = 0.5685009298365932 - 0.822682619711228im
└ @ HomotopyContinuation ~/.julia/packages/HomotopyContinuation/98yZ2/src/utils.jl:170
┌ Warning: Ingored unsupported keyword arguments: gamma = -0.7410382439994807 + 0.6714628217036042im
└ @ HomotopyContinuation ~/.julia/packages/HomotopyContinuation/98yZ2/src/utils.jl:170
┌ Warning: Ingored unsupported keyword arguments: gamma = -0.999976466672683 + 0.006860473804083608im
└ @ HomotopyContinuation ~/.julia/packages/HomotopyContinuation/98yZ2/src/utils.jl:170
┌ Warning: Ingored unsupported keyword arguments: gamma = 0.45642278075056375 - 0.8897630275595423im
└ @ HomotopyContinuation ~/.julia/packages/HomotopyContinuation/98yZ2/src/utils.jl:170
┌ Warning: Ingored unsupported keyword arguments: gamma = 0.6015935540274767 - 0.7988023508682166im
└ @ HomotopyContinuation ~/.julia/packages/HomotopyContinuation/98yZ2/src/utils.jl:170
┌ Warning: Ingored unsupported keyword arguments: gamma = -0.23618836365831042 + 0.9717072897083822im
└ @ HomotopyContinuation ~/.julia/packages/HomotopyContinuation/98yZ2/src/utils.jl:170
┌ Warning: Ingored unsupported keyword arguments: gamma = -0.9741120111412958 - 0.2260658969200357im
└ @ HomotopyContinuation ~/.julia/packages/HomotopyContinuation/98yZ2/src/utils.jl:170
┌ Warning: Ingored unsupported keyword arguments: gamma = -0.008668554224105705 + 0.9999624273779809im
└ @ HomotopyContinuation ~/.julia/packages/HomotopyContinuation/98yZ2/src/utils.jl:170
┌ Warning: Ingored unsupported keyword arguments: gamma = 0.9794795276829499 - 0.20154367975698312im
└ @ HomotopyContinuation ~/.julia/packages/HomotopyContinuation/98yZ2/src/utils.jl:170
┌ Warning: Ingored unsupported keyword arguments: gamma = -0.8445057701271862 + 0.5355464538412034im
└ @ HomotopyContinuation ~/.julia/packages/HomotopyContinuation/98yZ2/src/utils.jl:170
┌ Warning: Ingored unsupported keyword arguments: gamma = -0.5078506443629726 + 0.8614451363958784im
└ @ HomotopyContinuation ~/.julia/packages/HomotopyContinuation/98yZ2/src/utils.jl:170
┌ Warning: Ingored unsupported keyword arguments: gamma = -0.8752183546417729 + 0.4837280555210209im
└ @ HomotopyContinuation ~/.julia/packages/HomotopyContinuation/98yZ2/src/utils.jl:170
┌ Warning: Ingored unsupported keyword arguments: gamma = 0.6864524021084932 + 0.7271747380372062im
└ @ HomotopyContinuation ~/.julia/packages/HomotopyContinuation/98yZ2/src/utils.jl:170
┌ Warning: Ingored unsupported keyword arguments: gamma = -0.90571662120519 - 0.4238837129126976im
└ @ HomotopyContinuation ~/.julia/packages/HomotopyContinuation/98yZ2/src/utils.jl:170
┌ Warning: Ingored unsupported keyword arguments: gamma = -0.16258644718132093 - 0.9866943028075897im
└ @ HomotopyContinuation ~/.julia/packages/HomotopyContinuation/98yZ2/src/utils.jl:170
┌ Warning: Ingored unsupported keyword arguments: gamma = 0.9948865411432058 + 0.10099886262779513im
└ @ HomotopyContinuation ~/.julia/packages/HomotopyContinuation/98yZ2/src/utils.jl:170
┌ Warning: Ingored unsupported keyword arguments: gamma = -0.8882878925402338 - 0.4592870779441004im
└ @ HomotopyContinuation ~/.julia/packages/HomotopyContinuation/98yZ2/src/utils.jl:170
┌ Warning: Ingored unsupported keyword arguments: gamma = -0.6167371267389588 - 0.7871691790852673im
└ @ HomotopyContinuation ~/.julia/packages/HomotopyContinuation/98yZ2/src/utils.jl:170
┌ Warning: Ingored unsupported keyword arguments: gamma = 0.9467571937566069 - 0.3219484680350485im
└ @ HomotopyContinuation ~/.julia/packages/HomotopyContinuation/98yZ2/src/utils.jl:170
┌ Warning: Ingored unsupported keyword arguments: gamma = 0.9779734180036558 - 0.2087294748669839im
└ @ HomotopyContinuation ~/.julia/packages/HomotopyContinuation/98yZ2/src/utils.jl:170
┌ Warning: Ingored unsupported keyword arguments: gamma = -0.19717844580377122 - 0.9803676149845063im
└ @ HomotopyContinuation ~/.julia/packages/HomotopyContinuation/98yZ2/src/utils.jl:170
┌ Warning: Ingored unsupported keyword arguments: gamma = -0.9861907452457308 - 0.16561344749648207im
└ @ HomotopyContinuation ~/.julia/packages/HomotopyContinuation/98yZ2/src/utils.jl:170
┌ Warning: Ingored unsupported keyword arguments: gamma = -0.6778460977304577 - 0.7352038273782249im
└ @ HomotopyContinuation ~/.julia/packages/HomotopyContinuation/98yZ2/src/utils.jl:170
┌ Warning: Ingored unsupported keyword arguments: gamma = 0.9910817409497823 - 0.13325532918404695im
└ @ HomotopyContinuation ~/.julia/packages/HomotopyContinuation/98yZ2/src/utils.jl:170
┌ Warning: Ingored unsupported keyword arguments: gamma = 0.22903749782856228 - 0.97341760030751im
└ @ HomotopyContinuation ~/.julia/packages/HomotopyContinuation/98yZ2/src/utils.jl:170
┌ Warning: Ingored unsupported keyword arguments: gamma = 0.4629355095577541 - 0.8863919640827654im
└ @ HomotopyContinuation ~/.julia/packages/HomotopyContinuation/98yZ2/src/utils.jl:170
┌ Warning: Ingored unsupported keyword arguments: gamma = -0.5214743546153513 + 0.8532669555763324im
└ @ HomotopyContinuation ~/.julia/packages/HomotopyContinuation/98yZ2/src/utils.jl:170
┌ Warning: Ingored unsupported keyword arguments: gamma = 0.029090433015128384 - 0.9995767837975191im
└ @ HomotopyContinuation ~/.julia/packages/HomotopyContinuation/98yZ2/src/utils.jl:170
┌ Warning: Ingored unsupported keyword arguments: gamma = -0.09329422983176987 - 0.995638582358125im
└ @ HomotopyContinuation ~/.julia/packages/HomotopyContinuation/98yZ2/src/utils.jl:170
┌ Warning: Ingored unsupported keyword arguments: gamma = 0.0037870403082998073 + 0.999992829137141im
└ @ HomotopyContinuation ~/.julia/packages/HomotopyContinuation/98yZ2/src/utils.jl:170
┌ Warning: Ingored unsupported keyword arguments: gamma = -0.6975559255361856 + 0.716530341820467im
└ @ HomotopyContinuation ~/.julia/packages/HomotopyContinuation/98yZ2/src/utils.jl:170
┌ Warning: Ingored unsupported keyword arguments: gamma = -0.9604871581844849 - 0.27832430537538805im
└ @ HomotopyContinuation ~/.julia/packages/HomotopyContinuation/98yZ2/src/utils.jl:170
┌ Warning: Ingored unsupported keyword arguments: gamma = -0.3970639028583605 - 0.9177909658777899im
└ @ HomotopyContinuation ~/.julia/packages/HomotopyContinuation/98yZ2/src/utils.jl:170
┌ Warning: Ingored unsupported keyword arguments: gamma = 0.9421219384637783 + 0.3352704178200823im
└ @ HomotopyContinuation ~/.julia/packages/HomotopyContinuation/98yZ2/src/utils.jl:170
┌ Warning: Ingored unsupported keyword arguments: gamma = -0.9626336316975524 - 0.2708071105506298im
└ @ HomotopyContinuation ~/.julia/packages/HomotopyContinuation/98yZ2/src/utils.jl:170
┌ Warning: Ingored unsupported keyword arguments: gamma = 0.47801809518319166 + 0.878349987577522im
└ @ HomotopyContinuation ~/.julia/packages/HomotopyContinuation/98yZ2/src/utils.jl:170
┌ Warning: Ingored unsupported keyword arguments: gamma = -0.13401804070208384 + 0.9909788921901287im
└ @ HomotopyContinuation ~/.julia/packages/HomotopyContinuation/98yZ2/src/utils.jl:170
┌ Warning: Ingored unsupported keyword arguments: gamma = 0.2195182172820942 + 0.9756084010920013im
└ @ HomotopyContinuation ~/.julia/packages/HomotopyContinuation/98yZ2/src/utils.jl:170
┌ Warning: Ingored unsupported keyword arguments: gamma = -0.4925610041699028 + 0.870277919501085im
└ @ HomotopyContinuation ~/.julia/packages/HomotopyContinuation/98yZ2/src/utils.jl:170
┌ Warning: Ingored unsupported keyword arguments: gamma = -0.9464731862161466 - 0.3227824465082564im
└ @ HomotopyContinuation ~/.julia/packages/HomotopyContinuation/98yZ2/src/utils.jl:170
┌ Warning: Ingored unsupported keyword arguments: gamma = -0.5959444096195982 - 0.8030256911476423im
└ @ HomotopyContinuation ~/.julia/packages/HomotopyContinuation/98yZ2/src/utils.jl:170
┌ Warning: Ingored unsupported keyword arguments: gamma = -0.48380715487313486 - 0.8751746322269416im
└ @ HomotopyContinuation ~/.julia/packages/HomotopyContinuation/98yZ2/src/utils.jl:170
┌ Warning: Ingored unsupported keyword arguments: gamma = 0.6050239433892506 + 0.7962072769861633im
└ @ HomotopyContinuation ~/.julia/packages/HomotopyContinuation/98yZ2/src/utils.jl:170
┌ Warning: Ingored unsupported keyword arguments: gamma = 0.32906392844903265 - 0.9443076463704453im
└ @ HomotopyContinuation ~/.julia/packages/HomotopyContinuation/98yZ2/src/utils.jl:170
┌ Warning: Ingored unsupported keyword arguments: gamma = -0.5341634511891447 - 0.8453812201685712im
└ @ HomotopyContinuation ~/.julia/packages/HomotopyContinuation/98yZ2/src/utils.jl:170
┌ Warning: Ingored unsupported keyword arguments: gamma = -0.06873552940901956 + 0.9976349166888967im
└ @ HomotopyContinuation ~/.julia/packages/HomotopyContinuation/98yZ2/src/utils.jl:170
┌ Warning: Ingored unsupported keyword arguments: gamma = 0.8992190568125851 + 0.4374986718437954im
└ @ HomotopyContinuation ~/.julia/packages/HomotopyContinuation/98yZ2/src/utils.jl:170
┌ Warning: Ingored unsupported keyword arguments: gamma = 0.7285280891647058 - 0.685015929229403im
└ @ HomotopyContinuation ~/.julia/packages/HomotopyContinuation/98yZ2/src/utils.jl:170
┌ Warning: Ingored unsupported keyword arguments: gamma = -0.3246155039284047 - 0.9458460628502441im
└ @ HomotopyContinuation ~/.julia/packages/HomotopyContinuation/98yZ2/src/utils.jl:170
┌ Warning: Ingored unsupported keyword arguments: gamma = -0.9385098603133049 + 0.34525243242401793im
└ @ HomotopyContinuation ~/.julia/packages/HomotopyContinuation/98yZ2/src/utils.jl:170
┌ Warning: Ingored unsupported keyword arguments: gamma = -0.9139170484764195 - 0.40590100825712394im
└ @ HomotopyContinuation ~/.julia/packages/HomotopyContinuation/98yZ2/src/utils.jl:170
┌ Warning: Ingored unsupported keyword arguments: gamma = -0.9999662539340339 - 0.008215290203954458im
└ @ HomotopyContinuation ~/.julia/packages/HomotopyContinuation/98yZ2/src/utils.jl:170
┌ Warning: Ingored unsupported keyword arguments: gamma = -0.9011150832579579 + 0.4335799888428935im
└ @ HomotopyContinuation ~/.julia/packages/HomotopyContinuation/98yZ2/src/utils.jl:170
┌ Warning: Ingored unsupported keyword arguments: gamma = -0.8809818339906945 - 0.4731500905404038im
└ @ HomotopyContinuation ~/.julia/packages/HomotopyContinuation/98yZ2/src/utils.jl:170
┌ Warning: Ingored unsupported keyword arguments: gamma = -0.14145956213129543 + 0.9899440349240063im
└ @ HomotopyContinuation ~/.julia/packages/HomotopyContinuation/98yZ2/src/utils.jl:170
┌ Warning: Ingored unsupported keyword arguments: gamma = 0.8436629826660278 - 0.5368731430040635im
└ @ HomotopyContinuation ~/.julia/packages/HomotopyContinuation/98yZ2/src/utils.jl:170
┌ Warning: Ingored unsupported keyword arguments: gamma = -0.5298988562531463 + 0.8480608481362687im
└ @ HomotopyContinuation ~/.julia/packages/HomotopyContinuation/98yZ2/src/utils.jl:170
┌ Warning: Ingored unsupported keyword arguments: gamma = 0.9014106985714128 - 0.4329650707632173im
└ @ HomotopyContinuation ~/.julia/packages/HomotopyContinuation/98yZ2/src/utils.jl:170
┌ Warning: Ingored unsupported keyword arguments: gamma = 0.9941330102394342 - 0.10816449487831428im
└ @ HomotopyContinuation ~/.julia/packages/HomotopyContinuation/98yZ2/src/utils.jl:170
┌ Warning: Ingored unsupported keyword arguments: gamma = -0.923562116196226 + 0.38344884603705454im
└ @ HomotopyContinuation ~/.julia/packages/HomotopyContinuation/98yZ2/src/utils.jl:170
┌ Warning: Ingored unsupported keyword arguments: gamma = 0.2760952569148694 + 0.9611302768663114im
└ @ HomotopyContinuation ~/.julia/packages/HomotopyContinuation/98yZ2/src/utils.jl:170
┌ Warning: Ingored unsupported keyword arguments: gamma = 0.03397468291905307 + 0.9994226938190617im
└ @ HomotopyContinuation ~/.julia/packages/HomotopyContinuation/98yZ2/src/utils.jl:170
┌ Warning: Ingored unsupported keyword arguments: gamma = -0.9982937333343553 - 0.058391968500429395im
└ @ HomotopyContinuation ~/.julia/packages/HomotopyContinuation/98yZ2/src/utils.jl:170
┌ Warning: Ingored unsupported keyword arguments: gamma = -0.4503845027525194 - 0.8928346989674886im
└ @ HomotopyContinuation ~/.julia/packages/HomotopyContinuation/98yZ2/src/utils.jl:170
┌ Warning: Ingored unsupported keyword arguments: gamma = 0.4013929262672488 - 0.9159059551846003im
└ @ HomotopyContinuation ~/.julia/packages/HomotopyContinuation/98yZ2/src/utils.jl:170
┌ Warning: Ingored unsupported keyword arguments: gamma = -0.37566775333441155 + 0.9267544114298435im
└ @ HomotopyContinuation ~/.julia/packages/HomotopyContinuation/98yZ2/src/utils.jl:170
┌ Warning: Ingored unsupported keyword arguments: gamma = -0.778034772845797 - 0.6282212128245822im
└ @ HomotopyContinuation ~/.julia/packages/HomotopyContinuation/98yZ2/src/utils.jl:170
┌ Warning: Ingored unsupported keyword arguments: gamma = 0.257671892044627 + 0.9662324751580967im
└ @ HomotopyContinuation ~/.julia/packages/HomotopyContinuation/98yZ2/src/utils.jl:170
┌ Warning: Ingored unsupported keyword arguments: gamma = 0.19550662299342456 - 0.9807023811359422im
└ @ HomotopyContinuation ~/.julia/packages/HomotopyContinuation/98yZ2/src/utils.jl:170
┌ Warning: Ingored unsupported keyword arguments: gamma = 0.8456586851263573 + 0.5337240750334956im
└ @ HomotopyContinuation ~/.julia/packages/HomotopyContinuation/98yZ2/src/utils.jl:170
┌ Warning: Ingored unsupported keyword arguments: gamma = -0.7284591712457997 + 0.6850892174219958im
└ @ HomotopyContinuation ~/.julia/packages/HomotopyContinuation/98yZ2/src/utils.jl:170
┌ Warning: Ingored unsupported keyword arguments: gamma = -0.05685089058872264 - 0.9983826802580608im
└ @ HomotopyContinuation ~/.julia/packages/HomotopyContinuation/98yZ2/src/utils.jl:170
┌ Warning: Ingored unsupported keyword arguments: gamma = -0.060226742999364515 + 0.9981847220969116im
└ @ HomotopyContinuation ~/.julia/packages/HomotopyContinuation/98yZ2/src/utils.jl:170
┌ Warning: Ingored unsupported keyword arguments: gamma = -0.3779738104960753 + 0.9258162877045731im
└ @ HomotopyContinuation ~/.julia/packages/HomotopyContinuation/98yZ2/src/utils.jl:170
┌ Warning: Ingored unsupported keyword arguments: gamma = 0.931212807050733 + 0.3644759360845301im
└ @ HomotopyContinuation ~/.julia/packages/HomotopyContinuation/98yZ2/src/utils.jl:170
┌ Warning: Ingored unsupported keyword arguments: gamma = 0.6995535502481017 - 0.7145801776814668im
└ @ HomotopyContinuation ~/.julia/packages/HomotopyContinuation/98yZ2/src/utils.jl:170
┌ Warning: Ingored unsupported keyword arguments: gamma = -0.03476959659611263 - 0.9993953547783497im
└ @ HomotopyContinuation ~/.julia/packages/HomotopyContinuation/98yZ2/src/utils.jl:170
┌ Warning: Ingored unsupported keyword arguments: gamma = 0.6267298800117251 - 0.7792365863462063im
└ @ HomotopyContinuation ~/.julia/packages/HomotopyContinuation/98yZ2/src/utils.jl:170
┌ Warning: Ingored unsupported keyword arguments: gamma = -0.8317561219734652 + 0.5551412014610897im
└ @ HomotopyContinuation ~/.julia/packages/HomotopyContinuation/98yZ2/src/utils.jl:170
┌ Warning: Ingored unsupported keyword arguments: gamma = 0.9990291301213499 - 0.04405447955632831im
└ @ HomotopyContinuation ~/.julia/packages/HomotopyContinuation/98yZ2/src/utils.jl:170
┌ Warning: Ingored unsupported keyword arguments: gamma = -0.8423369614515444 + 0.5389512439660749im
└ @ HomotopyContinuation ~/.julia/packages/HomotopyContinuation/98yZ2/src/utils.jl:170
┌ Warning: Ingored unsupported keyword arguments: gamma = 0.5440430379099505 + 0.8390573120482964im
└ @ HomotopyContinuation ~/.julia/packages/HomotopyContinuation/98yZ2/src/utils.jl:170
┌ Warning: Ingored unsupported keyword arguments: gamma = 0.3313397795492732 + 0.9435114999236835im
└ @ HomotopyContinuation ~/.julia/packages/HomotopyContinuation/98yZ2/src/utils.jl:170
┌ Warning: Ingored unsupported keyword arguments: gamma = 0.6896353625164011 + 0.7241567970867028im
└ @ HomotopyContinuation ~/.julia/packages/HomotopyContinuation/98yZ2/src/utils.jl:170
┌ Warning: Ingored unsupported keyword arguments: gamma = -0.8806043539736059 + 0.4738522678670306im
└ @ HomotopyContinuation ~/.julia/packages/HomotopyContinuation/98yZ2/src/utils.jl:170
┌ Warning: Ingored unsupported keyword arguments: gamma = 0.14734944831585675 + 0.9890844959259106im
└ @ HomotopyContinuation ~/.julia/packages/HomotopyContinuation/98yZ2/src/utils.jl:170
┌ Warning: Ingored unsupported keyword arguments: gamma = 0.12706880157481856 - 0.9918939054487327im
└ @ HomotopyContinuation ~/.julia/packages/HomotopyContinuation/98yZ2/src/utils.jl:170
┌ Warning: Ingored unsupported keyword arguments: gamma = -0.4231150087900571 - 0.9060759843062777im
└ @ HomotopyContinuation ~/.julia/packages/HomotopyContinuation/98yZ2/src/utils.jl:170
┌ Warning: Ingored unsupported keyword arguments: gamma = 0.8107623257098688 + 0.5853754788249373im
└ @ HomotopyContinuation ~/.julia/packages/HomotopyContinuation/98yZ2/src/utils.jl:170
┌ Warning: Ingored unsupported keyword arguments: gamma = -0.992210332400272 - 0.12457389886385385im
└ @ HomotopyContinuation ~/.julia/packages/HomotopyContinuation/98yZ2/src/utils.jl:170
┌ Warning: Ingored unsupported keyword arguments: gamma = -0.5910149729257022 + 0.8066605864783722im
└ @ HomotopyContinuation ~/.julia/packages/HomotopyContinuation/98yZ2/src/utils.jl:170
┌ Warning: Ingored unsupported keyword arguments: gamma = -0.7851504523872681 + 0.6193050678914781im
└ @ HomotopyContinuation ~/.julia/packages/HomotopyContinuation/98yZ2/src/utils.jl:170
┌ Warning: Ingored unsupported keyword arguments: gamma = 0.7569690002687661 + 0.6534507882251768im
└ @ HomotopyContinuation ~/.julia/packages/HomotopyContinuation/98yZ2/src/utils.jl:170
┌ Warning: Ingored unsupported keyword arguments: gamma = 0.29341046974449514 - 0.9559865565186128im
└ @ HomotopyContinuation ~/.julia/packages/HomotopyContinuation/98yZ2/src/utils.jl:170
┌ Warning: Ingored unsupported keyword arguments: gamma = 0.9863799829222495 - 0.1644826109055384im
└ @ HomotopyContinuation ~/.julia/packages/HomotopyContinuation/98yZ2/src/utils.jl:170
┌ Warning: Ingored unsupported keyword arguments: gamma = -0.7944846583418504 - 0.6072842231273863im
└ @ HomotopyContinuation ~/.julia/packages/HomotopyContinuation/98yZ2/src/utils.jl:170
┌ Warning: Ingored unsupported keyword arguments: gamma = 0.9292787769673605 - 0.36937914759505136im
└ @ HomotopyContinuation ~/.julia/packages/HomotopyContinuation/98yZ2/src/utils.jl:170
┌ Warning: Ingored unsupported keyword arguments: gamma = -0.8888865027830439 + 0.45812747698662387im
└ @ HomotopyContinuation ~/.julia/packages/HomotopyContinuation/98yZ2/src/utils.jl:170
┌ Warning: Ingored unsupported keyword arguments: gamma = 0.8444383039422567 - 0.535652826777872im
└ @ HomotopyContinuation ~/.julia/packages/HomotopyContinuation/98yZ2/src/utils.jl:170
┌ Warning: Ingored unsupported keyword arguments: gamma = 0.8926575075265022 - 0.4507355924004368im
└ @ HomotopyContinuation ~/.julia/packages/HomotopyContinuation/98yZ2/src/utils.jl:170
┌ Warning: Ingored unsupported keyword arguments: gamma = -0.021314084021273463 - 0.9997728291078599im
└ @ HomotopyContinuation ~/.julia/packages/HomotopyContinuation/98yZ2/src/utils.jl:170
┌ Warning: Ingored unsupported keyword arguments: gamma = 0.414202209830623 - 0.9101848874659635im
└ @ HomotopyContinuation ~/.julia/packages/HomotopyContinuation/98yZ2/src/utils.jl:170
┌ Warning: Ingored unsupported keyword arguments: gamma = 0.7758234093424682 - 0.6309501069943876im
└ @ HomotopyContinuation ~/.julia/packages/HomotopyContinuation/98yZ2/src/utils.jl:170
┌ Warning: Ingored unsupported keyword arguments: gamma = 0.9522009421542929 + 0.30547236497018354im
└ @ HomotopyContinuation ~/.julia/packages/HomotopyContinuation/98yZ2/src/utils.jl:170
┌ Warning: Ingored unsupported keyword arguments: gamma = -0.6437205882230865 + 0.7652606120124852im
└ @ HomotopyContinuation ~/.julia/packages/HomotopyContinuation/98yZ2/src/utils.jl:170
┌ Warning: Ingored unsupported keyword arguments: gamma = 0.11893167248251141 - 0.9929024409681511im
└ @ HomotopyContinuation ~/.julia/packages/HomotopyContinuation/98yZ2/src/utils.jl:170
┌ Warning: Ingored unsupported keyword arguments: gamma = -0.9930849090305941 - 0.11739831112795714im
└ @ HomotopyContinuation ~/.julia/packages/HomotopyContinuation/98yZ2/src/utils.jl:170
┌ Warning: Ingored unsupported keyword arguments: gamma = 0.08848135693689285 + 0.9960778330404739im
└ @ HomotopyContinuation ~/.julia/packages/HomotopyContinuation/98yZ2/src/utils.jl:170
┌ Warning: Ingored unsupported keyword arguments: gamma = -0.9980732461545403 + 0.06204671877334308im
└ @ HomotopyContinuation ~/.julia/packages/HomotopyContinuation/98yZ2/src/utils.jl:170
┌ Warning: Ingored unsupported keyword arguments: gamma = 0.7102168138513579 - 0.7039830092572019im
└ @ HomotopyContinuation ~/.julia/packages/HomotopyContinuation/98yZ2/src/utils.jl:170
┌ Warning: Ingored unsupported keyword arguments: gamma = -0.81807870686209 + 0.5751062765949008im
└ @ HomotopyContinuation ~/.julia/packages/HomotopyContinuation/98yZ2/src/utils.jl:170
┌ Warning: Ingored unsupported keyword arguments: gamma = -0.8582803127227568 + 0.513181161766999im
└ @ HomotopyContinuation ~/.julia/packages/HomotopyContinuation/98yZ2/src/utils.jl:170
┌ Warning: Ingored unsupported keyword arguments: gamma = -0.8422390311383071 - 0.5391042704590696im
└ @ HomotopyContinuation ~/.julia/packages/HomotopyContinuation/98yZ2/src/utils.jl:170
┌ Warning: Ingored unsupported keyword arguments: gamma = 0.9393729261398512 + 0.34289722313756565im
└ @ HomotopyContinuation ~/.julia/packages/HomotopyContinuation/98yZ2/src/utils.jl:170
┌ Warning: Ingored unsupported keyword arguments: gamma = -0.04114530794232409 - 0.9991531732594013im
└ @ HomotopyContinuation ~/.julia/packages/HomotopyContinuation/98yZ2/src/utils.jl:170
┌ Warning: Ingored unsupported keyword arguments: gamma = 0.03752493429480211 + 0.999295691627944im
└ @ HomotopyContinuation ~/.julia/packages/HomotopyContinuation/98yZ2/src/utils.jl:170
┌ Warning: Ingored unsupported keyword arguments: gamma = -0.6319856436141917 + 0.7749800941092332im
└ @ HomotopyContinuation ~/.julia/packages/HomotopyContinuation/98yZ2/src/utils.jl:170
┌ Warning: Ingored unsupported keyword arguments: gamma = -0.9176131018995377 - 0.39747477306403806im
└ @ HomotopyContinuation ~/.julia/packages/HomotopyContinuation/98yZ2/src/utils.jl:170
┌ Warning: Ingored unsupported keyword arguments: gamma = 0.7414423549608977 - 0.671016567805921im
└ @ HomotopyContinuation ~/.julia/packages/HomotopyContinuation/98yZ2/src/utils.jl:170
┌ Warning: Ingored unsupported keyword arguments: gamma = -0.9762224833830428 + 0.21677099191876328im
└ @ HomotopyContinuation ~/.julia/packages/HomotopyContinuation/98yZ2/src/utils.jl:170
┌ Warning: Ingored unsupported keyword arguments: gamma = -0.7420093779763 + 0.670389500958379im
└ @ HomotopyContinuation ~/.julia/packages/HomotopyContinuation/98yZ2/src/utils.jl:170
┌ Warning: Ingored unsupported keyword arguments: gamma = -0.4160958310924911 - 0.9093207681272044im
└ @ HomotopyContinuation ~/.julia/packages/HomotopyContinuation/98yZ2/src/utils.jl:170
┌ Warning: Ingored unsupported keyword arguments: gamma = 0.9971886378088501 + 0.0749321067695944im
└ @ HomotopyContinuation ~/.julia/packages/HomotopyContinuation/98yZ2/src/utils.jl:170
┌ Warning: Ingored unsupported keyword arguments: gamma = -0.8006364155002109 + 0.5991505071140085im
└ @ HomotopyContinuation ~/.julia/packages/HomotopyContinuation/98yZ2/src/utils.jl:170
┌ Warning: Ingored unsupported keyword arguments: gamma = 0.9675565781257954 - 0.2526544441040005im
└ @ HomotopyContinuation ~/.julia/packages/HomotopyContinuation/98yZ2/src/utils.jl:170
┌ Warning: Ingored unsupported keyword arguments: gamma = -0.8958025327016018 + 0.4444522723593564im
└ @ HomotopyContinuation ~/.julia/packages/HomotopyContinuation/98yZ2/src/utils.jl:170
ATTEMPT 7 W0 TRACKED 21 nsol=64 0.05s 2026-07-22T17:57:25.168
ATTEMPT 7 W0 TRACK 22 2026-07-22T17:57:25.168
ATTEMPT 7 W0 TRACKED 22 nsol=64 0.05s 2026-07-22T17:57:25.219
ATTEMPT 7 W0 TRACK 23 2026-07-22T17:57:25.223
ATTEMPT 7 W0 TRACKED 23 nsol=64 0.03s 2026-07-22T17:57:25.250
ATTEMPT 7 W0 TRACK 24 2026-07-22T17:57:25.250
ATTEMPT 7 W0 TRACKED 24 nsol=64 0.06s 2026-07-22T17:57:25.310
ATTEMPT 7 W0 TRACK 25 2026-07-22T17:57:25.310
ATTEMPT 7 W0 TRACKED 25 nsol=64 0.03s 2026-07-22T17:57:25.343
ATTEMPT 7 W0 DONE ptrack seed=509820 nsol=64 1.45s 2026-07-22T17:57:25.347
ATTEMPT 8 W0 START ptrack6x2 seed=509821 2026-07-22T17:57:25.347
ATTEMPT 8 W0 SOLVE ptrack fresh 2026-07-22T17:57:25.443
ATTEMPT 8 W0 FRESH-DONE nsol=64 0.15s 2026-07-22T17:57:25.596
ATTEMPT 8 W0 TRACK 1 2026-07-22T17:57:25.596
ATTEMPT 8 W0 TRACKED 1 nsol=64 0.05s 2026-07-22T17:57:25.648
ATTEMPT 8 W0 TRACK 2 2026-07-22T17:57:25.651
ATTEMPT 8 W0 TRACKED 2 nsol=64 0.04s 2026-07-22T17:57:25.688
ATTEMPT 8 W0 TRACK 3 2026-07-22T17:57:25.688
ATTEMPT 8 W0 TRACKED 3 nsol=64 0.02s 2026-07-22T17:57:25.710
ATTEMPT 8 W0 TRACK 4 2026-07-22T17:57:25.710
ATTEMPT 8 W0 TRACKED 4 nsol=64 0.03s 2026-07-22T17:57:25.736
ATTEMPT 8 W0 TRACK 5 2026-07-22T17:57:25.736
ATTEMPT 8 W0 TRACKED 5 nsol=64 0.04s 2026-07-22T17:57:25.775
ATTEMPT 8 W0 TRACK 6 2026-07-22T17:57:25.775
ATTEMPT 8 W0 TRACKED 6 nsol=64 0.03s 2026-07-22T17:57:25.802
ATTEMPT 8 W0 TRACK 7 2026-07-22T17:57:25.803
ATTEMPT 8 W0 TRACKED 7 nsol=64 0.03s 2026-07-22T17:57:25.832
ATTEMPT 8 W0 TRACK 8 2026-07-22T17:57:25.832
ATTEMPT 8 W0 TRACKED 8 nsol=64 0.03s 2026-07-22T17:57:25.866
ATTEMPT 8 W0 TRACK 9 2026-07-22T17:57:25.871
ATTEMPT 8 W0 TRACKED 9 nsol=64 0.03s 2026-07-22T17:57:25.899
ATTEMPT 8 W0 TRACK 10 2026-07-22T17:57:25.899
ATTEMPT 8 W0 TRACKED 10 nsol=64 0.10s 2026-07-22T17:57:25.994
ATTEMPT 8 W0 TRACK 11 2026-07-22T17:57:25.994
ATTEMPT 8 W0 TRACKED 11 nsol=64 0.12s 2026-07-22T17:57:26.114
ATTEMPT 8 W0 TRACK 12 2026-07-22T17:57:26.114
ATTEMPT 8 W0 TRACKED 12 nsol=64 0.07s 2026-07-22T17:57:26.187
ATTEMPT 8 W0 TRACK 13 2026-07-22T17:57:26.199
ATTEMPT 8 W0 TRACKED 13 nsol=64 0.07s 2026-07-22T17:57:26.271
ATTEMPT 8 W0 TRACK 14 2026-07-22T17:57:26.279
ATTEMPT 8 W0 TRACKED 14 nsol=64 0.07s 2026-07-22T17:57:26.353
ATTEMPT 8 W0 TRACK 15 2026-07-22T17:57:26.353
ATTEMPT 8 W0 TRACKED 15 nsol=64 0.07s 2026-07-22T17:57:26.427
ATTEMPT 8 W0 TRACK 16 2026-07-22T17:57:26.435
ATTEMPT 8 W0 TRACKED 16 nsol=64 0.09s 2026-07-22T17:57:26.526
ATTEMPT 8 W0 TRACK 17 2026-07-22T17:57:26.531
ATTEMPT 8 W0 TRACKED 17 nsol=64 0.07s 2026-07-22T17:57:26.597
ATTEMPT 8 W0 TRACK 18 2026-07-22T17:57:26.603
ATTEMPT 8 W0 TRACKED 18 nsol=64 0.06s 2026-07-22T17:57:26.662
ATTEMPT 8 W0 TRACK 19 2026-07-22T17:57:26.668
ATTEMPT 8 W0 TRACKED 19 nsol=64 0.07s 2026-07-22T17:57:26.734
ATTEMPT 8 W0 TRACK 20 2026-07-22T17:57:26.739
ATTEMPT 8 W0 TRACKED 20 nsol=64 0.06s 2026-07-22T17:57:26.797
ATTEMPT 8 W0 TRACK 21 2026-07-22T17:57:26.807
ATTEMPT 8 W0 TRACKED 21 nsol=64 0.09s 2026-07-22T17:57:26.897
ATTEMPT 8 W0 TRACK 22 2026-07-22T17:57:26.897
ATTEMPT 8 W0 TRACKED 22 nsol=64 0.08s 2026-07-22T17:57:26.976
ATTEMPT 8 W0 TRACK 23 2026-07-22T17:57:26.976
ATTEMPT 8 W0 TRACKED 23 nsol=64 0.08s 2026-07-22T17:57:27.055
ATTEMPT 8 W0 TRACK 24 2026-07-22T17:57:27.063
ATTEMPT 8 W0 TRACKED 24 nsol=64 0.09s 2026-07-22T17:57:27.151
ATTEMPT 8 W0 TRACK 25 2026-07-22T17:57:27.155
ATTEMPT 8 W0 TRACKED 25 nsol=64 0.12s 2026-07-22T17:57:27.279
ATTEMPT 8 W0 DONE ptrack seed=509821 nsol=64 1.84s 2026-07-22T17:57:27.287
ATTEMPT 9 W0 START ptrack6x2 seed=509822 2026-07-22T17:57:27.288
ATTEMPT 9 W0 SOLVE ptrack fresh 2026-07-22T17:57:27.598
ATTEMPT 9 W0 FRESH-DONE nsol=64 0.41s 2026-07-22T17:57:28.012
ATTEMPT 9 W0 TRACK 1 2026-07-22T17:57:28.012
ATTEMPT 9 W0 TRACKED 1 nsol=64 0.12s 2026-07-22T17:57:28.130
ATTEMPT 9 W0 TRACK 2 2026-07-22T17:57:28.130
ATTEMPT 9 W0 TRACKED 2 nsol=64 0.16s 2026-07-22T17:57:28.285
ATTEMPT 9 W0 TRACK 3 2026-07-22T17:57:28.285
ATTEMPT 9 W0 TRACKED 3 nsol=64 0.11s 2026-07-22T17:57:28.399
ATTEMPT 9 W0 TRACK 4 2026-07-22T17:57:28.423
ATTEMPT 9 W0 TRACKED 4 nsol=64 0.14s 2026-07-22T17:57:28.559
ATTEMPT 9 W0 TRACK 5 2026-07-22T17:57:28.571
ATTEMPT 9 W0 TRACKED 5 nsol=64 0.17s 2026-07-22T17:57:28.737
ATTEMPT 9 W0 TRACK 6 2026-07-22T17:57:28.737
ATTEMPT 9 W0 TRACKED 6 nsol=64 0.10s 2026-07-22T17:57:28.842
ATTEMPT 9 W0 TRACK 7 2026-07-22T17:57:28.851
ATTEMPT 9 W0 TRACKED 7 nsol=64 0.08s 2026-07-22T17:57:28.931
ATTEMPT 9 W0 TRACK 8 2026-07-22T17:57:28.943
ATTEMPT 9 W0 TRACKED 8 nsol=64 0.07s 2026-07-22T17:57:29.011
ATTEMPT 9 W0 TRACK 9 2026-07-22T17:57:29.011
ATTEMPT 9 W0 TRACKED 9 nsol=64 0.05s 2026-07-22T17:57:29.060
ATTEMPT 9 W0 TRACK 10 2026-07-22T17:57:29.060
ATTEMPT 9 W0 TRACKED 10 nsol=64 0.08s 2026-07-22T17:57:29.143
ATTEMPT 9 W0 TRACK 11 2026-07-22T17:57:29.167
ATTEMPT 9 W0 TRACKED 11 nsol=64 0.16s 2026-07-22T17:57:29.324
ATTEMPT 9 W0 TRACK 12 2026-07-22T17:57:29.325
ATTEMPT 9 W0 TRACKED 12 nsol=64 0.14s 2026-07-22T17:57:29.465
ATTEMPT 9 W0 TRACK 13 2026-07-22T17:57:29.465
ATTEMPT 9 W0 TRACKED 13 nsol=64 0.14s 2026-07-22T17:57:29.602
ATTEMPT 9 W0 TRACK 14 2026-07-22T17:57:29.611
ATTEMPT 9 W0 TRACKED 14 nsol=64 0.14s 2026-07-22T17:57:29.755
ATTEMPT 9 W0 TRACK 15 2026-07-22T17:57:29.756
ATTEMPT 9 W0 TRACKED 15 nsol=64 0.16s 2026-07-22T17:57:29.914
ATTEMPT 9 W0 TRACK 16 2026-07-22T17:57:29.927
ATTEMPT 9 W0 TRACKED 16 nsol=64 0.15s 2026-07-22T17:57:30.077
ATTEMPT 9 W0 TRACK 17 2026-07-22T17:57:30.082
ATTEMPT 9 W0 TRACKED 17 nsol=64 0.18s 2026-07-22T17:57:30.266
ATTEMPT 9 W0 TRACK 18 2026-07-22T17:57:30.271
ATTEMPT 9 W0 TRACKED 18 nsol=64 0.18s 2026-07-22T17:57:30.447
ATTEMPT 9 W0 TRACK 19 2026-07-22T17:57:30.459
ATTEMPT 9 W0 TRACKED 19 nsol=64 0.08s 2026-07-22T17:57:30.535
ATTEMPT 9 W0 TRACK 20 2026-07-22T17:57:30.540
ATTEMPT 9 W0 TRACKED 20 nsol=64 0.06s 2026-07-22T17:57:30.598
ATTEMPT 9 W0 TRACK 21 2026-07-22T17:57:30.603
ATTEMPT 9 W0 TRACKED 21 nsol=64 0.10s 2026-07-22T17:57:30.704
ATTEMPT 9 W0 TRACK 22 2026-07-22T17:57:30.704
ATTEMPT 9 W0 TRACKED 22 nsol=64 0.16s 2026-07-22T17:57:30.867
ATTEMPT 9 W0 TRACK 23 2026-07-22T17:57:30.867
ATTEMPT 9 W0 TRACKED 23 nsol=64 0.14s 2026-07-22T17:57:31.009
ATTEMPT 9 W0 TRACK 24 2026-07-22T17:57:31.015
ATTEMPT 9 W0 TRACKED 24 nsol=64 0.15s 2026-07-22T17:57:31.168
ATTEMPT 9 W0 TRACK 25 2026-07-22T17:57:31.168
ATTEMPT 9 W0 TRACKED 25 nsol=64 0.16s 2026-07-22T17:57:31.324
ATTEMPT 9 W0 DONE ptrack seed=509822 nsol=64 3.73s 2026-07-22T17:57:31.324
ATTEMPT 10 W0 START ptrack6x2 seed=509823 2026-07-22T17:57:31.324
ATTEMPT 10 W0 SOLVE ptrack fresh 2026-07-22T17:57:31.852
ATTEMPT 10 W0 FRESH-DONE nsol=64 0.50s 2026-07-22T17:57:32.352
ATTEMPT 10 W0 TRACK 1 2026-07-22T17:57:32.352
ATTEMPT 10 W0 TRACKED 1 nsol=64 0.15s 2026-07-22T17:57:32.503
ATTEMPT 10 W0 TRACK 2 2026-07-22T17:57:32.523
ATTEMPT 10 W0 TRACKED 2 nsol=64 0.15s 2026-07-22T17:57:32.674
ATTEMPT 10 W0 TRACK 3 2026-07-22T17:57:32.687
ATTEMPT 10 W0 TRACKED 3 nsol=64 0.13s 2026-07-22T17:57:32.818
ATTEMPT 10 W0 TRACK 4 2026-07-22T17:57:32.839
ATTEMPT 10 W0 TRACKED 4 nsol=64 0.14s 2026-07-22T17:57:32.983
ATTEMPT 10 W0 TRACK 5 2026-07-22T17:57:33.003
ATTEMPT 10 W0 TRACKED 5 nsol=64 0.16s 2026-07-22T17:57:33.163
ATTEMPT 10 W0 TRACK 6 2026-07-22T17:57:33.179
ATTEMPT 10 W0 TRACKED 6 nsol=64 0.14s 2026-07-22T17:57:33.319
ATTEMPT 10 W0 TRACK 7 2026-07-22T17:57:33.319
ATTEMPT 10 W0 TRACKED 7 nsol=64 0.15s 2026-07-22T17:57:33.466
ATTEMPT 10 W0 TRACK 8 2026-07-22T17:57:33.466
ATTEMPT 10 W0 TRACKED 8 nsol=64 0.14s 2026-07-22T17:57:33.609
ATTEMPT 10 W0 TRACK 9 2026-07-22T17:57:33.609
ATTEMPT 10 W0 TRACKED 9 nsol=64 0.12s 2026-07-22T17:57:33.729
ATTEMPT 10 W0 TRACK 10 2026-07-22T17:57:33.729
ATTEMPT 10 W0 TRACKED 10 nsol=64 0.12s 2026-07-22T17:57:33.854
ATTEMPT 10 W0 TRACK 11 2026-07-22T17:57:33.859
ATTEMPT 10 W0 TRACKED 11 nsol=64 0.15s 2026-07-22T17:57:34.005
ATTEMPT 10 W0 TRACK 12 2026-07-22T17:57:34.005
ATTEMPT 10 W0 TRACKED 12 nsol=64 0.15s 2026-07-22T17:57:34.157
ATTEMPT 10 W0 TRACK 13 2026-07-22T17:57:34.157
ATTEMPT 10 W0 TRACKED 13 nsol=64 0.19s 2026-07-22T17:57:34.348
ATTEMPT 10 W0 TRACK 14 2026-07-22T17:57:34.348
ATTEMPT 10 W0 TRACKED 14 nsol=64 0.13s 2026-07-22T17:57:34.477
ATTEMPT 10 W0 TRACK 15 2026-07-22T17:57:34.477
ATTEMPT 10 W0 TRACKED 15 nsol=64 0.15s 2026-07-22T17:57:34.625
ATTEMPT 10 W0 TRACK 16 2026-07-22T17:57:34.625
ATTEMPT 10 W0 TRACKED 16 nsol=64 0.18s 2026-07-22T17:57:34.805
ATTEMPT 10 W0 TRACK 17 2026-07-22T17:57:34.805
ATTEMPT 10 W0 TRACKED 17 nsol=64 0.17s 2026-07-22T17:57:34.972
ATTEMPT 10 W0 TRACK 18 2026-07-22T17:57:34.973
ATTEMPT 10 W0 TRACKED 18 nsol=64 0.12s 2026-07-22T17:57:35.091
ATTEMPT 10 W0 TRACK 19 2026-07-22T17:57:35.115
ATTEMPT 10 W0 TRACKED 19 nsol=64 0.12s 2026-07-22T17:57:35.233
ATTEMPT 10 W0 TRACK 20 2026-07-22T17:57:35.233
ATTEMPT 10 W0 TRACKED 20 nsol=64 0.13s 2026-07-22T17:57:35.361
ATTEMPT 10 W0 TRACK 21 2026-07-22T17:57:35.361
ATTEMPT 10 W0 TRACKED 21 nsol=64 0.11s 2026-07-22T17:57:35.476
ATTEMPT 10 W0 TRACK 22 2026-07-22T17:57:35.476
ATTEMPT 10 W0 TRACKED 22 nsol=64 0.10s 2026-07-22T17:57:35.577
ATTEMPT 10 W0 TRACK 23 2026-07-22T17:57:35.578
ATTEMPT 10 W0 TRACKED 23 nsol=64 0.11s 2026-07-22T17:57:35.683
ATTEMPT 10 W0 TRACK 24 2026-07-22T17:57:35.691
ATTEMPT 10 W0 TRACKED 24 nsol=64 0.10s 2026-07-22T17:57:35.790
ATTEMPT 10 W0 TRACK 25 2026-07-22T17:57:35.804
ATTEMPT 10 W0 TRACKED 25 nsol=64 0.11s 2026-07-22T17:57:35.917
ATTEMPT 10 W0 DONE ptrack seed=509823 nsol=64 4.07s 2026-07-22T17:57:35.917
ATTEMPT 11 W0 START ptrack6x2 seed=509824 2026-07-22T17:57:35.917
ATTEMPT 11 W0 SOLVE ptrack fresh 2026-07-22T17:57:36.180
ATTEMPT 11 W0 FRESH-DONE nsol=64 0.31s 2026-07-22T17:57:36.488
ATTEMPT 11 W0 TRACK 1 2026-07-22T17:57:36.488
ATTEMPT 11 W0 TRACKED 1 nsol=64 0.15s 2026-07-22T17:57:36.637
ATTEMPT 11 W0 TRACK 2 2026-07-22T17:57:36.643
ATTEMPT 11 W0 TRACKED 2 nsol=64 0.13s 2026-07-22T17:57:36.776
ATTEMPT 11 W0 TRACK 3 2026-07-22T17:57:36.776
ATTEMPT 11 W0 TRACKED 3 nsol=64 0.14s 2026-07-22T17:57:36.921
ATTEMPT 11 W0 TRACK 4 2026-07-22T17:57:36.921
ATTEMPT 11 W0 TRACKED 4 nsol=64 0.12s 2026-07-22T17:57:37.036
ATTEMPT 11 W0 TRACK 5 2026-07-22T17:57:37.036
ATTEMPT 11 W0 TRACKED 5 nsol=64 0.12s 2026-07-22T17:57:37.155
ATTEMPT 11 W0 TRACK 6 2026-07-22T17:57:37.167
ATTEMPT 11 W0 TRACKED 6 nsol=64 0.12s 2026-07-22T17:57:37.290
ATTEMPT 11 W0 TRACK 7 2026-07-22T17:57:37.303
ATTEMPT 11 W0 TRACKED 7 nsol=64 0.15s 2026-07-22T17:57:37.449
ATTEMPT 11 W0 TRACK 8 2026-07-22T17:57:37.449
ATTEMPT 11 W0 TRACKED 8 nsol=64 0.16s 2026-07-22T17:57:37.612
ATTEMPT 11 W0 TRACK 9 2026-07-22T17:57:37.612
ATTEMPT 11 W0 TRACKED 9 nsol=64 0.14s 2026-07-22T17:57:37.747
ATTEMPT 11 W0 TRACK 10 2026-07-22T17:57:37.751
ATTEMPT 11 W0 TRACKED 10 nsol=64 0.15s 2026-07-22T17:57:37.906
ATTEMPT 11 W0 TRACK 11 2026-07-22T17:57:37.911
ATTEMPT 11 W0 TRACKED 11 nsol=64 0.20s 2026-07-22T17:57:38.112
ATTEMPT 11 W0 TRACK 12 2026-07-22T17:57:38.112
ATTEMPT 11 W0 TRACKED 12 nsol=64 0.18s 2026-07-22T17:57:38.295
ATTEMPT 11 W0 TRACK 13 2026-07-22T17:57:38.295
ATTEMPT 11 W0 TRACKED 13 nsol=64 0.15s 2026-07-22T17:57:38.448
ATTEMPT 11 W0 TRACK 14 2026-07-22T17:57:38.448
ATTEMPT 11 W0 TRACKED 14 nsol=64 0.18s 2026-07-22T17:57:38.626
ATTEMPT 11 W0 TRACK 15 2026-07-22T17:57:38.626
ATTEMPT 11 W0 TRACKED 15 nsol=64 0.23s 2026-07-22T17:57:38.852
ATTEMPT 11 W0 TRACK 16 2026-07-22T17:57:38.852
ATTEMPT 11 W0 TRACKED 16 nsol=64 0.22s 2026-07-22T17:57:39.077
ATTEMPT 11 W0 TRACK 17 2026-07-22T17:57:39.077
ATTEMPT 11 W0 TRACKED 17 nsol=64 0.18s 2026-07-22T17:57:39.255
ATTEMPT 11 W0 TRACK 18 2026-07-22T17:57:39.271
ATTEMPT 11 W0 TRACKED 18 nsol=64 0.17s 2026-07-22T17:57:39.441
ATTEMPT 11 W0 TRACK 19 2026-07-22T17:57:39.441
ATTEMPT 11 W0 TRACKED 19 nsol=64 0.17s 2026-07-22T17:57:39.614
ATTEMPT 11 W0 TRACK 20 2026-07-22T17:57:39.614
ATTEMPT 11 W0 TRACKED 20 nsol=64 0.12s 2026-07-22T17:57:39.731
ATTEMPT 11 W0 TRACK 21 2026-07-22T17:57:39.735
ATTEMPT 11 W0 TRACKED 21 nsol=64 0.12s 2026-07-22T17:57:39.859
ATTEMPT 11 W0 TRACK 22 2026-07-22T17:57:39.871
ATTEMPT 11 W0 TRACKED 22 nsol=64 0.11s 2026-07-22T17:57:39.983
ATTEMPT 11 W0 TRACK 23 2026-07-22T17:57:39.999
ATTEMPT 11 W0 TRACKED 23 nsol=64 0.18s 2026-07-22T17:57:40.179
ATTEMPT 11 W0 TRACK 24 2026-07-22T17:57:40.179
ATTEMPT 11 W0 TRACKED 24 nsol=64 0.13s 2026-07-22T17:57:40.307
ATTEMPT 11 W0 TRACK 25 2026-07-22T17:57:40.311
ATTEMPT 11 W0 TRACKED 25 nsol=64 0.13s 2026-07-22T17:57:40.437
ATTEMPT 11 W0 DONE ptrack seed=509824 nsol=64 4.27s 2026-07-22T17:57:40.447
ATTEMPT 12 W0 START ptrack6x2 seed=509825 2026-07-22T17:57:40.448
ATTEMPT 12 W0 SOLVE ptrack fresh 2026-07-22T17:57:40.824
ATTEMPT 12 W0 FRESH-DONE nsol=64 0.45s 2026-07-22T17:57:41.277
ATTEMPT 12 W0 TRACK 1 2026-07-22T17:57:41.277
ATTEMPT 12 W0 TRACKED 1 nsol=64 0.17s 2026-07-22T17:57:41.444
ATTEMPT 12 W0 TRACK 2 2026-07-22T17:57:41.444
ATTEMPT 12 W0 TRACKED 2 nsol=64 0.13s 2026-07-22T17:57:41.573
ATTEMPT 12 W0 TRACK 3 2026-07-22T17:57:41.575
ATTEMPT 12 W0 TRACKED 3 nsol=64 0.15s 2026-07-22T17:57:41.728
ATTEMPT 12 W0 TRACK 4 2026-07-22T17:57:41.728
ATTEMPT 12 W0 TRACKED 4 nsol=64 0.15s 2026-07-22T17:57:41.879
ATTEMPT 12 W0 TRACK 5 2026-07-22T17:57:41.879
ATTEMPT 12 W0 TRACKED 5 nsol=64 0.13s 2026-07-22T17:57:42.013
ATTEMPT 12 W0 TRACK 6 2026-07-22T17:57:42.019
ATTEMPT 12 W0 TRACKED 6 nsol=64 0.14s 2026-07-22T17:57:42.155
ATTEMPT 12 W0 TRACK 7 2026-07-22T17:57:42.179
ATTEMPT 12 W0 TRACKED 7 nsol=64 0.12s 2026-07-22T17:57:42.303
ATTEMPT 12 W0 TRACK 8 2026-07-22T17:57:42.315
ATTEMPT 12 W0 TRACKED 8 nsol=64 0.14s 2026-07-22T17:57:42.452
ATTEMPT 12 W0 TRACK 9 2026-07-22T17:57:42.459
ATTEMPT 12 W0 TRACKED 9 nsol=64 0.14s 2026-07-22T17:57:42.599
ATTEMPT 12 W0 TRACK 10 2026-07-22T17:57:42.599
ATTEMPT 12 W0 TRACKED 10 nsol=64 0.18s 2026-07-22T17:57:42.776
ATTEMPT 12 W0 TRACK 11 2026-07-22T17:57:42.776
ATTEMPT 12 W0 TRACKED 11 nsol=64 0.13s 2026-07-22T17:57:42.906
ATTEMPT 12 W0 TRACK 12 2026-07-22T17:57:42.911
ATTEMPT 12 W0 TRACKED 12 nsol=64 0.11s 2026-07-22T17:57:43.021
ATTEMPT 12 W0 TRACK 13 2026-07-22T17:57:43.021
ATTEMPT 12 W0 TRACKED 13 nsol=64 0.11s 2026-07-22T17:57:43.129
ATTEMPT 12 W0 TRACK 14 2026-07-22T17:57:43.129
ATTEMPT 12 W0 TRACKED 14 nsol=64 0.06s 2026-07-22T17:57:43.186
ATTEMPT 12 W0 TRACK 15 2026-07-22T17:57:43.195
ATTEMPT 12 W0 TRACKED 15 nsol=64 0.08s 2026-07-22T17:57:43.273
ATTEMPT 12 W0 TRACK 16 2026-07-22T17:57:43.279
ATTEMPT 12 W0 TRACKED 16 nsol=64 0.13s 2026-07-22T17:57:43.409
ATTEMPT 12 W0 TRACK 17 2026-07-22T17:57:43.409
ATTEMPT 12 W0 TRACKED 17 nsol=64 0.14s 2026-07-22T17:57:43.548
ATTEMPT 12 W0 TRACK 18 2026-07-22T17:57:43.548
ATTEMPT 12 W0 TRACKED 18 nsol=64 0.13s 2026-07-22T17:57:43.677
ATTEMPT 12 W0 TRACK 19 2026-07-22T17:57:43.683
ATTEMPT 12 W0 TRACKED 19 nsol=64 0.11s 2026-07-22T17:57:43.795
ATTEMPT 12 W0 TRACK 20 2026-07-22T17:57:43.799
ATTEMPT 12 W0 TRACKED 20 nsol=64 0.08s 2026-07-22T17:57:43.875
ATTEMPT 12 W0 TRACK 21 2026-07-22T17:57:43.891
ATTEMPT 12 W0 TRACKED 21 nsol=64 0.12s 2026-07-22T17:57:44.011
ATTEMPT 12 W0 TRACK 22 2026-07-22T17:57:44.011
ATTEMPT 12 W0 TRACKED 22 nsol=64 0.19s 2026-07-22T17:57:44.201
ATTEMPT 12 W0 TRACK 23 2026-07-22T17:57:44.207
ATTEMPT 12 W0 TRACKED 23 nsol=64 0.16s 2026-07-22T17:57:44.372
ATTEMPT 12 W0 TRACK 24 2026-07-22T17:57:44.372
ATTEMPT 12 W0 TRACKED 24 nsol=64 0.13s 2026-07-22T17:57:44.503
ATTEMPT 12 W0 TRACK 25 2026-07-22T17:57:44.523
ATTEMPT 12 W0 TRACKED 25 nsol=64 0.16s 2026-07-22T17:57:44.679
ATTEMPT 12 W0 DONE ptrack seed=509825 nsol=64 3.86s 2026-07-22T17:57:44.691
HUNT2 complete 2026-07-22T17:57:44.695
┌ Warning: Ingored unsupported keyword arguments: gamma = 0.8790762207481888 - 0.47668123323147693im
└ @ HomotopyContinuation ~/.julia/packages/HomotopyContinuation/98yZ2/src/utils.jl:170
┌ Warning: Ingored unsupported keyword arguments: gamma = 0.6606110290186754 + 0.7507283585551346im
└ @ HomotopyContinuation ~/.julia/packages/HomotopyContinuation/98yZ2/src/utils.jl:170
┌ Warning: Ingored unsupported keyword arguments: gamma = -0.17606568584202653 - 0.9843784202576653im
└ @ HomotopyContinuation ~/.julia/packages/HomotopyContinuation/98yZ2/src/utils.jl:170
┌ Warning: Ingored unsupported keyword arguments: gamma = 0.4575679405590133 - 0.8891746621292036im
└ @ HomotopyContinuation ~/.julia/packages/HomotopyContinuation/98yZ2/src/utils.jl:170
┌ Warning: Ingored unsupported keyword arguments: gamma = 0.8507767629242262 - 0.5255272587299111im
└ @ HomotopyContinuation ~/.julia/packages/HomotopyContinuation/98yZ2/src/utils.jl:170
┌ Warning: Ingored unsupported keyword arguments: gamma = 0.9683561174221085 - 0.24957249417990704im
└ @ HomotopyContinuation ~/.julia/packages/HomotopyContinuation/98yZ2/src/utils.jl:170
┌ Warning: Ingored unsupported keyword arguments: gamma = 0.14528968003979031 + 0.989389159468576im
└ @ HomotopyContinuation ~/.julia/packages/HomotopyContinuation/98yZ2/src/utils.jl:170
┌ Warning: Ingored unsupported keyword arguments: gamma = 0.4725836593848082 - 0.8812858133899941im
└ @ HomotopyContinuation ~/.julia/packages/HomotopyContinuation/98yZ2/src/utils.jl:170
┌ Warning: Ingored unsupported keyword arguments: gamma = 0.7531574021491537 + 0.657840351139954im
└ @ HomotopyContinuation ~/.julia/packages/HomotopyContinuation/98yZ2/src/utils.jl:170
┌ Warning: Ingored unsupported keyword arguments: gamma = 0.526146131409355 + 0.850394172371242im
└ @ HomotopyContinuation ~/.julia/packages/HomotopyContinuation/98yZ2/src/utils.jl:170
┌ Warning: Ingored unsupported keyword arguments: gamma = -0.31332748246988473 - 0.9496451383169842im
└ @ HomotopyContinuation ~/.julia/packages/HomotopyContinuation/98yZ2/src/utils.jl:170
┌ Warning: Ingored unsupported keyword arguments: gamma = -0.09167633698641346 + 0.9957888577588894im
└ @ HomotopyContinuation ~/.julia/packages/HomotopyContinuation/98yZ2/src/utils.jl:170
┌ Warning: Ingored unsupported keyword arguments: gamma = 0.9396399479731393 + 0.3421648260313091im
└ @ HomotopyContinuation ~/.julia/packages/HomotopyContinuation/98yZ2/src/utils.jl:170
┌ Warning: Ingored unsupported keyword arguments: gamma = -0.3144258376309632 + 0.9492820406128345im
└ @ HomotopyContinuation ~/.julia/packages/HomotopyContinuation/98yZ2/src/utils.jl:170
┌ Warning: Ingored unsupported keyword arguments: gamma = 0.9798714046929621 + 0.19962973291832392im
└ @ HomotopyContinuation ~/.julia/packages/HomotopyContinuation/98yZ2/src/utils.jl:170
┌ Warning: Ingored unsupported keyword arguments: gamma = 0.9881099656295658 + 0.15374880755159817im
└ @ HomotopyContinuation ~/.julia/packages/HomotopyContinuation/98yZ2/src/utils.jl:170
┌ Warning: Ingored unsupported keyword arguments: gamma = 0.6082442856207085 - 0.7937498907147981im
└ @ HomotopyContinuation ~/.julia/packages/HomotopyContinuation/98yZ2/src/utils.jl:170
┌ Warning: Ingored unsupported keyword arguments: gamma = 0.8750626648139795 - 0.4840096410699449im
└ @ HomotopyContinuation ~/.julia/packages/HomotopyContinuation/98yZ2/src/utils.jl:170
┌ Warning: Ingored unsupported keyword arguments: gamma = -0.964579684382416 - 0.26379164595702925im
└ @ HomotopyContinuation ~/.julia/packages/HomotopyContinuation/98yZ2/src/utils.jl:170
┌ Warning: Ingored unsupported keyword arguments: gamma = 0.22318571238720422 + 0.9747759423509672im
└ @ HomotopyContinuation ~/.julia/packages/HomotopyContinuation/98yZ2/src/utils.jl:170
┌ Warning: Ingored unsupported keyword arguments: gamma = -0.9991555888182397 - 0.04108660771196096im
└ @ HomotopyContinuation ~/.julia/packages/HomotopyContinuation/98yZ2/src/utils.jl:170
┌ Warning: Ingored unsupported keyword arguments: gamma = 0.46508103544357565 - 0.885268112195809im
└ @ HomotopyContinuation ~/.julia/packages/HomotopyContinuation/98yZ2/src/utils.jl:170
┌ Warning: Ingored unsupported keyword arguments: gamma = 0.2075517292773153 - 0.9782240437006218im
└ @ HomotopyContinuation ~/.julia/packages/HomotopyContinuation/98yZ2/src/utils.jl:170
┌ Warning: Ingored unsupported keyword arguments: gamma = -0.8539803385393084 + 0.5203052771097831im
└ @ HomotopyContinuation ~/.julia/packages/HomotopyContinuation/98yZ2/src/utils.jl:170
┌ Warning: Ingored unsupported keyword arguments: gamma = -0.5481210034262174 + 0.8363990468687996im
└ @ HomotopyContinuation ~/.julia/packages/HomotopyContinuation/98yZ2/src/utils.jl:170
┌ Warning: Ingored unsupported keyword arguments: gamma = 0.7288898709025468 - 0.6846309634362653im
└ @ HomotopyContinuation ~/.julia/packages/HomotopyContinuation/98yZ2/src/utils.jl:170
┌ Warning: Ingored unsupported keyword arguments: gamma = 0.9993001729072204 + 0.03740540639532492im
└ @ HomotopyContinuation ~/.julia/packages/HomotopyContinuation/98yZ2/src/utils.jl:170
┌ Warning: Ingored unsupported keyword arguments: gamma = 0.8830041420686782 + 0.4693651937346416im
└ @ HomotopyContinuation ~/.julia/packages/HomotopyContinuation/98yZ2/src/utils.jl:170
┌ Warning: Ingored unsupported keyword arguments: gamma = -0.8609512496518853 + 0.508687473526582im
└ @ HomotopyContinuation ~/.julia/packages/HomotopyContinuation/98yZ2/src/utils.jl:170
┌ Warning: Ingored unsupported keyword arguments: gamma = -0.677856818514701 - 0.735193942843062im
└ @ HomotopyContinuation ~/.julia/packages/HomotopyContinuation/98yZ2/src/utils.jl:170
┌ Warning: Ingored unsupported keyword arguments: gamma = -0.8347439401469943 - 0.5506383154011999im
└ @ HomotopyContinuation ~/.julia/packages/HomotopyContinuation/98yZ2/src/utils.jl:170
┌ Warning: Ingored unsupported keyword arguments: gamma = 0.8881524448191513 - 0.4595489470793773im
└ @ HomotopyContinuation ~/.julia/packages/HomotopyContinuation/98yZ2/src/utils.jl:170
┌ Warning: Ingored unsupported keyword arguments: gamma = 0.4152256282955682 + 0.9097184606275452im
└ @ HomotopyContinuation ~/.julia/packages/HomotopyContinuation/98yZ2/src/utils.jl:170
┌ Warning: Ingored unsupported keyword arguments: gamma = -0.961561519683325 + 0.2745895916896606im
└ @ HomotopyContinuation ~/.julia/packages/HomotopyContinuation/98yZ2/src/utils.jl:170
┌ Warning: Ingored unsupported keyword arguments: gamma = 0.7084731612643943 - 0.7057377556628494im
└ @ HomotopyContinuation ~/.julia/packages/HomotopyContinuation/98yZ2/src/utils.jl:170
┌ Warning: Ingored unsupported keyword arguments: gamma = -0.561204793585517 - 0.8276769778462111im
└ @ HomotopyContinuation ~/.julia/packages/HomotopyContinuation/98yZ2/src/utils.jl:170
┌ Warning: Ingored unsupported keyword arguments: gamma = -0.882192583495887 - 0.47088878264920725im
└ @ HomotopyContinuation ~/.julia/packages/HomotopyContinuation/98yZ2/src/utils.jl:170
┌ Warning: Ingored unsupported keyword arguments: gamma = 0.22092185711416637 - 0.9752915118308104im
└ @ HomotopyContinuation ~/.julia/packages/HomotopyContinuation/98yZ2/src/utils.jl:170
┌ Warning: Ingored unsupported keyword arguments: gamma = -0.23689231906271013 + 0.971535912444358im
└ @ HomotopyContinuation ~/.julia/packages/HomotopyContinuation/98yZ2/src/utils.jl:170
┌ Warning: Ingored unsupported keyword arguments: gamma = 0.49810648104899724 - 0.8671158708828856im
└ @ HomotopyContinuation ~/.julia/packages/HomotopyContinuation/98yZ2/src/utils.jl:170
┌ Warning: Ingored unsupported keyword arguments: gamma = -0.48484059152789416 + 0.8746025387608257im
└ @ HomotopyContinuation ~/.julia/packages/HomotopyContinuation/98yZ2/src/utils.jl:170
┌ Warning: Ingored unsupported keyword arguments: gamma = 0.07683533045362854 + 0.9970437964272592im
└ @ HomotopyContinuation ~/.julia/packages/HomotopyContinuation/98yZ2/src/utils.jl:170
┌ Warning: Ingored unsupported keyword arguments: gamma = -0.019389639371244816 + 0.9998120032711415im
└ @ HomotopyContinuation ~/.julia/packages/HomotopyContinuation/98yZ2/src/utils.jl:170
┌ Warning: Ingored unsupported keyword arguments: gamma = 0.697205419968122 - 0.7168713987648514im
└ @ HomotopyContinuation ~/.julia/packages/HomotopyContinuation/98yZ2/src/utils.jl:170
┌ Warning: Ingored unsupported keyword arguments: gamma = -0.9916348357219317 - 0.12907498821513647im
└ @ HomotopyContinuation ~/.julia/packages/HomotopyContinuation/98yZ2/src/utils.jl:170
┌ Warning: Ingored unsupported keyword arguments: gamma = 0.5345406573173246 - 0.8451427605291087im
└ @ HomotopyContinuation ~/.julia/packages/HomotopyContinuation/98yZ2/src/utils.jl:170
┌ Warning: Ingored unsupported keyword arguments: gamma = 0.9412079834020263 + 0.33782766609662246im
└ @ HomotopyContinuation ~/.julia/packages/HomotopyContinuation/98yZ2/src/utils.jl:170
┌ Warning: Ingored unsupported keyword arguments: gamma = 0.9850973836851333 - 0.1719975135189614im
└ @ HomotopyContinuation ~/.julia/packages/HomotopyContinuation/98yZ2/src/utils.jl:170
┌ Warning: Ingored unsupported keyword arguments: gamma = 0.7653576804266284 + 0.6436051747865076im
└ @ HomotopyContinuation ~/.julia/packages/HomotopyContinuation/98yZ2/src/utils.jl:170
┌ Warning: Ingored unsupported keyword arguments: gamma = 0.7477215521874412 - 0.6640124098195783im
└ @ HomotopyContinuation ~/.julia/packages/HomotopyContinuation/98yZ2/src/utils.jl:170
┌ Warning: Ingored unsupported keyword arguments: gamma = -0.10689867282252331 + 0.9942699199657924im
└ @ HomotopyContinuation ~/.julia/packages/HomotopyContinuation/98yZ2/src/utils.jl:170
┌ Warning: Ingored unsupported keyword arguments: gamma = -0.7980655374849537 - 0.602570657996929im
└ @ HomotopyContinuation ~/.julia/packages/HomotopyContinuation/98yZ2/src/utils.jl:170
┌ Warning: Ingored unsupported keyword arguments: gamma = -0.4716863272552857 + 0.8817664138990663im
└ @ HomotopyContinuation ~/.julia/packages/HomotopyContinuation/98yZ2/src/utils.jl:170
┌ Warning: Ingored unsupported keyword arguments: gamma = 0.09388565191011737 + 0.9955829871815871im
└ @ HomotopyContinuation ~/.julia/packages/HomotopyContinuation/98yZ2/src/utils.jl:170
┌ Warning: Ingored unsupported keyword arguments: gamma = -0.5776232042004532 - 0.8163035182878985im
└ @ HomotopyContinuation ~/.julia/packages/HomotopyContinuation/98yZ2/src/utils.jl:170
┌ Warning: Ingored unsupported keyword arguments: gamma = -0.9998723426693931 + 0.015978058856441785im
└ @ HomotopyContinuation ~/.julia/packages/HomotopyContinuation/98yZ2/src/utils.jl:170
┌ Warning: Ingored unsupported keyword arguments: gamma = -0.8858374813551871 + 0.4639956428958126im
└ @ HomotopyContinuation ~/.julia/packages/HomotopyContinuation/98yZ2/src/utils.jl:170
┌ Warning: Ingored unsupported keyword arguments: gamma = 0.9325060606053461 - 0.361154325648051im
└ @ HomotopyContinuation ~/.julia/packages/HomotopyContinuation/98yZ2/src/utils.jl:170
┌ Warning: Ingored unsupported keyword arguments: gamma = 0.9419099407403363 + 0.33586554383344575im
└ @ HomotopyContinuation ~/.julia/packages/HomotopyContinuation/98yZ2/src/utils.jl:170
┌ Warning: Ingored unsupported keyword arguments: gamma = -0.9615276636874435 + 0.2747081214011822im
└ @ HomotopyContinuation ~/.julia/packages/HomotopyContinuation/98yZ2/src/utils.jl:170
┌ Warning: Ingored unsupported keyword arguments: gamma = 0.5994451696848286 - 0.8004158222708537im
└ @ HomotopyContinuation ~/.julia/packages/HomotopyContinuation/98yZ2/src/utils.jl:170
┌ Warning: Ingored unsupported keyword arguments: gamma = -0.7978058272461146 - 0.602914473215018im
└ @ HomotopyContinuation ~/.julia/packages/HomotopyContinuation/98yZ2/src/utils.jl:170
┌ Warning: Ingored unsupported keyword arguments: gamma = 0.9824108370280709 - 0.18673228775389958im
└ @ HomotopyContinuation ~/.julia/packages/HomotopyContinuation/98yZ2/src/utils.jl:170
┌ Warning: Ingored unsupported keyword arguments: gamma = 0.38005479227021577 + 0.9249639749052084im
└ @ HomotopyContinuation ~/.julia/packages/HomotopyContinuation/98yZ2/src/utils.jl:170
┌ Warning: Ingored unsupported keyword arguments: gamma = -0.5031439933000115 + 0.864202593149383im
└ @ HomotopyContinuation ~/.julia/packages/HomotopyContinuation/98yZ2/src/utils.jl:170
┌ Warning: Ingored unsupported keyword arguments: gamma = 0.17363788378460604 + 0.9848095680459261im
└ @ HomotopyContinuation ~/.julia/packages/HomotopyContinuation/98yZ2/src/utils.jl:170
┌ Warning: Ingored unsupported keyword arguments: gamma = -0.5340046919376559 - 0.8454815130968679im
└ @ HomotopyContinuation ~/.julia/packages/HomotopyContinuation/98yZ2/src/utils.jl:170
┌ Warning: Ingored unsupported keyword arguments: gamma = -0.9951067088616965 + 0.0988060624579429im
└ @ HomotopyContinuation ~/.julia/packages/HomotopyContinuation/98yZ2/src/utils.jl:170
┌ Warning: Ingored unsupported keyword arguments: gamma = 0.9431543485049678 + 0.33235504343423117im
└ @ HomotopyContinuation ~/.julia/packages/HomotopyContinuation/98yZ2/src/utils.jl:170
┌ Warning: Ingored unsupported keyword arguments: gamma = -0.3733480943055669 + 0.927691328232835im
└ @ HomotopyContinuation ~/.julia/packages/HomotopyContinuation/98yZ2/src/utils.jl:170
┌ Warning: Ingored unsupported keyword arguments: gamma = -0.20485498955783674 - 0.9787923340797365im
└ @ HomotopyContinuation ~/.julia/packages/HomotopyContinuation/98yZ2/src/utils.jl:170
┌ Warning: Ingored unsupported keyword arguments: gamma = -0.34967535837797553 + 0.9368709322757508im
└ @ HomotopyContinuation ~/.julia/packages/HomotopyContinuation/98yZ2/src/utils.jl:170
┌ Warning: Ingored unsupported keyword arguments: gamma = -0.9891673294507064 + 0.14679235112006908im
└ @ HomotopyContinuation ~/.julia/packages/HomotopyContinuation/98yZ2/src/utils.jl:170
┌ Warning: Ingored unsupported keyword arguments: gamma = -0.7874652165896524 + 0.6163590939228624im
└ @ HomotopyContinuation ~/.julia/packages/HomotopyContinuation/98yZ2/src/utils.jl:170
┌ Warning: Ingored unsupported keyword arguments: gamma = 0.3157071888627344 - 0.9488566650977321im
└ @ HomotopyContinuation ~/.julia/packages/HomotopyContinuation/98yZ2/src/utils.jl:170
┌ Warning: Ingored unsupported keyword arguments: gamma = 0.8789745408203449 - 0.47686869952814465im
└ @ HomotopyContinuation ~/.julia/packages/HomotopyContinuation/98yZ2/src/utils.jl:170
┌ Warning: Ingored unsupported keyword arguments: gamma = -0.537225089113642 + 0.8434389151721893im
└ @ HomotopyContinuation ~/.julia/packages/HomotopyContinuation/98yZ2/src/utils.jl:170
┌ Warning: Ingored unsupported keyword arguments: gamma = -0.3457243246403001 - 0.938336129194655im
└ @ HomotopyContinuation ~/.julia/packages/HomotopyContinuation/98yZ2/src/utils.jl:170
┌ Warning: Ingored unsupported keyword arguments: gamma = 0.8711263478432804 - 0.4910589436037471im
└ @ HomotopyContinuation ~/.julia/packages/HomotopyContinuation/98yZ2/src/utils.jl:170
┌ Warning: Ingored unsupported keyword arguments: gamma = 0.21620711821023686 - 0.9763475211394889im
└ @ HomotopyContinuation ~/.julia/packages/HomotopyContinuation/98yZ2/src/utils.jl:170
┌ Warning: Ingored unsupported keyword arguments: gamma = -0.132345549959701 + 0.9912036397258962im
└ @ HomotopyContinuation ~/.julia/packages/HomotopyContinuation/98yZ2/src/utils.jl:170
┌ Warning: Ingored unsupported keyword arguments: gamma = 0.47133706396286934 + 0.8819531575627256im
└ @ HomotopyContinuation ~/.julia/packages/HomotopyContinuation/98yZ2/src/utils.jl:170
┌ Warning: Ingored unsupported keyword arguments: gamma = -0.22756715477548772 - 0.9737623889159969im
└ @ HomotopyContinuation ~/.julia/packages/HomotopyContinuation/98yZ2/src/utils.jl:170
┌ Warning: Ingored unsupported keyword arguments: gamma = -0.743049187560241 + 0.6692368077639378im
└ @ HomotopyContinuation ~/.julia/packages/HomotopyContinuation/98yZ2/src/utils.jl:170
┌ Warning: Ingored unsupported keyword arguments: gamma = 0.7920489291661241 - 0.6104576101637166im
└ @ HomotopyContinuation ~/.julia/packages/HomotopyContinuation/98yZ2/src/utils.jl:170
┌ Warning: Ingored unsupported keyword arguments: gamma = -0.31259818773035614 + 0.9498854525824137im
└ @ HomotopyContinuation ~/.julia/packages/HomotopyContinuation/98yZ2/src/utils.jl:170
┌ Warning: Ingored unsupported keyword arguments: gamma = 0.8804961363027946 - 0.4740533239582344im
└ @ HomotopyContinuation ~/.julia/packages/HomotopyContinuation/98yZ2/src/utils.jl:170
┌ Warning: Ingored unsupported keyword arguments: gamma = -0.8169894871700919 + 0.5766525625136424im
└ @ HomotopyContinuation ~/.julia/packages/HomotopyContinuation/98yZ2/src/utils.jl:170
┌ Warning: Ingored unsupported keyword arguments: gamma = -0.6065003142745414 - 0.7950832464496297im
└ @ HomotopyContinuation ~/.julia/packages/HomotopyContinuation/98yZ2/src/utils.jl:170
┌ Warning: Ingored unsupported keyword arguments: gamma = 0.9801219116201252 - 0.19839616519003467im
└ @ HomotopyContinuation ~/.julia/packages/HomotopyContinuation/98yZ2/src/utils.jl:170
┌ Warning: Ingored unsupported keyword arguments: gamma = -0.771899444040681 - 0.6357446407872327im
└ @ HomotopyContinuation ~/.julia/packages/HomotopyContinuation/98yZ2/src/utils.jl:170
┌ Warning: Ingored unsupported keyword arguments: gamma = -0.9984437481874867 - 0.055768106524452604im
└ @ HomotopyContinuation ~/.julia/packages/HomotopyContinuation/98yZ2/src/utils.jl:170
┌ Warning: Ingored unsupported keyword arguments: gamma = 0.04172392332336587 + 0.9991291779457279im
└ @ HomotopyContinuation ~/.julia/packages/HomotopyContinuation/98yZ2/src/utils.jl:170
┌ Warning: Ingored unsupported keyword arguments: gamma = 0.10127192676470778 - 0.9948587823652981im
└ @ HomotopyContinuation ~/.julia/packages/HomotopyContinuation/98yZ2/src/utils.jl:170
┌ Warning: Ingored unsupported keyword arguments: gamma = 0.5041389567730796 - 0.8636225519657016im
└ @ HomotopyContinuation ~/.julia/packages/HomotopyContinuation/98yZ2/src/utils.jl:170
┌ Warning: Ingored unsupported keyword arguments: gamma = -0.2794792248844699 + 0.9601517394964069im
└ @ HomotopyContinuation ~/.julia/packages/HomotopyContinuation/98yZ2/src/utils.jl:170
┌ Warning: Ingored unsupported keyword arguments: gamma = -0.6084200935263242 + 0.7936151395943873im
└ @ HomotopyContinuation ~/.julia/packages/HomotopyContinuation/98yZ2/src/utils.jl:170
┌ Warning: Ingored unsupported keyword arguments: gamma = 0.39302000690630157 - 0.9195299202154167im
└ @ HomotopyContinuation ~/.julia/packages/HomotopyContinuation/98yZ2/src/utils.jl:170
┌ Warning: Ingored unsupported keyword arguments: gamma = 0.5090601499046986 + 0.8607309473807746im
└ @ HomotopyContinuation ~/.julia/packages/HomotopyContinuation/98yZ2/src/utils.jl:170
┌ Warning: Ingored unsupported keyword arguments: gamma = -0.8296881771309687 - 0.5582271300546853im
└ @ HomotopyContinuation ~/.julia/packages/HomotopyContinuation/98yZ2/src/utils.jl:170
┌ Warning: Ingored unsupported keyword arguments: gamma = 0.22972679484346947 + 0.9732551565396129im
└ @ HomotopyContinuation ~/.julia/packages/HomotopyContinuation/98yZ2/src/utils.jl:170
┌ Warning: Ingored unsupported keyword arguments: gamma = -0.1093241510853764 - 0.9940061518871308im
└ @ HomotopyContinuation ~/.julia/packages/HomotopyContinuation/98yZ2/src/utils.jl:170
┌ Warning: Ingored unsupported keyword arguments: gamma = -0.9186380993473324 - 0.39510004103710317im
└ @ HomotopyContinuation ~/.julia/packages/HomotopyContinuation/98yZ2/src/utils.jl:170
┌ Warning: Ingored unsupported keyword arguments: gamma = -0.34284542818957237 + 0.9393918311170844im
└ @ HomotopyContinuation ~/.julia/packages/HomotopyContinuation/98yZ2/src/utils.jl:170
┌ Warning: Ingored unsupported keyword arguments: gamma = -0.8627209502390324 - 0.5056802962531376im
└ @ HomotopyContinuation ~/.julia/packages/HomotopyContinuation/98yZ2/src/utils.jl:170
┌ Warning: Ingored unsupported keyword arguments: gamma = 0.9300635094843999 + 0.3673987865052927im
└ @ HomotopyContinuation ~/.julia/packages/HomotopyContinuation/98yZ2/src/utils.jl:170
┌ Warning: Ingored unsupported keyword arguments: gamma = -0.5310430857139186 - 0.8473448183091933im
└ @ HomotopyContinuation ~/.julia/packages/HomotopyContinuation/98yZ2/src/utils.jl:170
┌ Warning: Ingored unsupported keyword arguments: gamma = 0.9653338041091112 + 0.2610184795071648im
└ @ HomotopyContinuation ~/.julia/packages/HomotopyContinuation/98yZ2/src/utils.jl:170
┌ Warning: Ingored unsupported keyword arguments: gamma = 0.29272689194716794 + 0.956196092196026im
└ @ HomotopyContinuation ~/.julia/packages/HomotopyContinuation/98yZ2/src/utils.jl:170
┌ Warning: Ingored unsupported keyword arguments: gamma = -0.30050371926407793 + 0.9537806428673504im
└ @ HomotopyContinuation ~/.julia/packages/HomotopyContinuation/98yZ2/src/utils.jl:170
┌ Warning: Ingored unsupported keyword arguments: gamma = 0.8339168333426819 + 0.5518901295255367im
└ @ HomotopyContinuation ~/.julia/packages/HomotopyContinuation/98yZ2/src/utils.jl:170
┌ Warning: Ingored unsupported keyword arguments: gamma = -0.8717607424844537 + 0.4899318400175212im
└ @ HomotopyContinuation ~/.julia/packages/HomotopyContinuation/98yZ2/src/utils.jl:170
┌ Warning: Ingored unsupported keyword arguments: gamma = 0.4649164245311968 + 0.8853545720224909im
└ @ HomotopyContinuation ~/.julia/packages/HomotopyContinuation/98yZ2/src/utils.jl:170
┌ Warning: Ingored unsupported keyword arguments: gamma = 0.9404755439792799 - 0.33986137052756904im
└ @ HomotopyContinuation ~/.julia/packages/HomotopyContinuation/98yZ2/src/utils.jl:170
┌ Warning: Ingored unsupported keyword arguments: gamma = 0.22969848948962523 - 0.9732618372905538im
└ @ HomotopyContinuation ~/.julia/packages/HomotopyContinuation/98yZ2/src/utils.jl:170
┌ Warning: Ingored unsupported keyword arguments: gamma = -0.24801368695574624 - 0.968756528278709im
└ @ HomotopyContinuation ~/.julia/packages/HomotopyContinuation/98yZ2/src/utils.jl:170
┌ Warning: Ingored unsupported keyword arguments: gamma = -0.22777953929642267 + 0.973712730469264im
└ @ HomotopyContinuation ~/.julia/packages/HomotopyContinuation/98yZ2/src/utils.jl:170
┌ Warning: Ingored unsupported keyword arguments: gamma = -0.6342926223364973 + 0.7730930534220894im
└ @ HomotopyContinuation ~/.julia/packages/HomotopyContinuation/98yZ2/src/utils.jl:170
┌ Warning: Ingored unsupported keyword arguments: gamma = 0.5082931752216866 - 0.8611840964759253im
└ @ HomotopyContinuation ~/.julia/packages/HomotopyContinuation/98yZ2/src/utils.jl:170
┌ Warning: Ingored unsupported keyword arguments: gamma = -0.4322133921757132 - 0.9017713588399019im
└ @ HomotopyContinuation ~/.julia/packages/HomotopyContinuation/98yZ2/src/utils.jl:170
┌ Warning: Ingored unsupported keyword arguments: gamma = 0.4814458927121058 + 0.8764758139222345im
└ @ HomotopyContinuation ~/.julia/packages/HomotopyContinuation/98yZ2/src/utils.jl:170
┌ Warning: Ingored unsupported keyword arguments: gamma = 0.1467146322184116 - 0.9891788598089913im
└ @ HomotopyContinuation ~/.julia/packages/HomotopyContinuation/98yZ2/src/utils.jl:170
┌ Warning: Ingored unsupported keyword arguments: gamma = -0.29812079013532816 + 0.9545281528006849im
└ @ HomotopyContinuation ~/.julia/packages/HomotopyContinuation/98yZ2/src/utils.jl:170
┌ Warning: Ingored unsupported keyword arguments: gamma = 0.43704437245306027 + 0.8994399460259205im
└ @ HomotopyContinuation ~/.julia/packages/HomotopyContinuation/98yZ2/src/utils.jl:170
┌ Warning: Ingored unsupported keyword arguments: gamma = 0.8872937112210878 - 0.4612048026934551im
└ @ HomotopyContinuation ~/.julia/packages/HomotopyContinuation/98yZ2/src/utils.jl:170
┌ Warning: Ingored unsupported keyword arguments: gamma = -0.8584221967367397 - 0.512943790438748im
└ @ HomotopyContinuation ~/.julia/packages/HomotopyContinuation/98yZ2/src/utils.jl:170
┌ Warning: Ingored unsupported keyword arguments: gamma = -0.6022801828568037 + 0.7982847745873493im
└ @ HomotopyContinuation ~/.julia/packages/HomotopyContinuation/98yZ2/src/utils.jl:170
┌ Warning: Ingored unsupported keyword arguments: gamma = -0.8436650161637373 + 0.5368699474746568im
└ @ HomotopyContinuation ~/.julia/packages/HomotopyContinuation/98yZ2/src/utils.jl:170
┌ Warning: Ingored unsupported keyword arguments: gamma = 0.380517954299047 - 0.9247735325235408im
└ @ HomotopyContinuation ~/.julia/packages/HomotopyContinuation/98yZ2/src/utils.jl:170
┌ Warning: Ingored unsupported keyword arguments: gamma = -0.8577477507940471 + 0.5140708083598536im
└ @ HomotopyContinuation ~/.julia/packages/HomotopyContinuation/98yZ2/src/utils.jl:170
