HUNT2 start mode=seq PTRACK hcthr=off nworkers=0 nthreads=8 ngcthreads=8 nsolves=12 ntrack=25 seed_base=429036 shape=6x2 pid=2404490 julia=1.12.6 2026-07-22T17:46:19.510
ATTEMPT 1 W0 START ptrack6x2 seed=429037 2026-07-22T17:48:19.197
ATTEMPT 1 W0 SOLVE ptrack fresh 2026-07-22T17:48:27.813
Computing mixed cells... 2    Time: 0:00:04[K
   mixed_volume: 7[K[A
[K[AComputing mixed cells... 20    Time: 0:00:05[K
   mixed_volume: 64[K
ATTEMPT 1 W0 FRESH-DONE nsol=64 158.14s 2026-07-22T17:51:06.225
ATTEMPT 1 W0 TRACK 1 2026-07-22T17:51:06.492
ATTEMPT 1 W0 TRACKED 1 nsol=64 87.73s 2026-07-22T17:52:34.443
ATTEMPT 1 W0 TRACK 2 2026-07-22T17:52:34.711
ATTEMPT 1 W0 TRACKED 2 nsol=64 0.04s 2026-07-22T17:52:34.746
ATTEMPT 1 W0 TRACK 3 2026-07-22T17:52:34.746
ATTEMPT 1 W0 TRACKED 3 nsol=64 0.02s 2026-07-22T17:52:34.769
ATTEMPT 1 W0 TRACK 4 2026-07-22T17:52:34.769
ATTEMPT 1 W0 TRACKED 4 nsol=64 0.02s 2026-07-22T17:52:34.791
ATTEMPT 1 W0 TRACK 5 2026-07-22T17:52:34.791
ATTEMPT 1 W0 TRACKED 5 nsol=64 0.03s 2026-07-22T17:52:34.819
ATTEMPT 1 W0 TRACK 6 2026-07-22T17:52:34.819
ATTEMPT 1 W0 TRACKED 6 nsol=64 0.02s 2026-07-22T17:52:34.842
ATTEMPT 1 W0 TRACK 7 2026-07-22T17:52:34.842
ATTEMPT 1 W0 TRACKED 7 nsol=64 0.03s 2026-07-22T17:52:34.870
ATTEMPT 1 W0 TRACK 8 2026-07-22T17:52:34.870
ATTEMPT 1 W0 TRACKED 8 nsol=64 0.02s 2026-07-22T17:52:34.893
ATTEMPT 1 W0 TRACK 9 2026-07-22T17:52:34.893
ATTEMPT 1 W0 TRACKED 9 nsol=64 0.03s 2026-07-22T17:52:34.923
ATTEMPT 1 W0 TRACK 10 2026-07-22T17:52:34.923
ATTEMPT 1 W0 TRACKED 10 nsol=64 0.03s 2026-07-22T17:52:34.949
ATTEMPT 1 W0 TRACK 11 2026-07-22T17:52:34.949
ATTEMPT 1 W0 TRACKED 11 nsol=64 0.03s 2026-07-22T17:52:34.975
ATTEMPT 1 W0 TRACK 12 2026-07-22T17:52:34.975
ATTEMPT 1 W0 TRACKED 12 nsol=64 0.02s 2026-07-22T17:52:34.999
ATTEMPT 1 W0 TRACK 13 2026-07-22T17:52:34.999
ATTEMPT 1 W0 TRACKED 13 nsol=64 0.03s 2026-07-22T17:52:35.032
ATTEMPT 1 W0 TRACK 14 2026-07-22T17:52:35.032
ATTEMPT 1 W0 TRACKED 14 nsol=64 0.03s 2026-07-22T17:52:35.063
ATTEMPT 1 W0 TRACK 15 2026-07-22T17:52:35.063
ATTEMPT 1 W0 TRACKED 15 nsol=64 0.03s 2026-07-22T17:52:35.091
ATTEMPT 1 W0 TRACK 16 2026-07-22T17:52:35.092
ATTEMPT 1 W0 TRACKED 16 nsol=64 0.02s 2026-07-22T17:52:35.113
ATTEMPT 1 W0 TRACK 17 2026-07-22T17:52:35.113
ATTEMPT 1 W0 TRACKED 17 nsol=64 0.02s 2026-07-22T17:52:35.136
ATTEMPT 1 W0 TRACK 18 2026-07-22T17:52:35.136
ATTEMPT 1 W0 TRACKED 18 nsol=64 0.03s 2026-07-22T17:52:35.166
ATTEMPT 1 W0 TRACK 19 2026-07-22T17:52:35.166
ATTEMPT 1 W0 TRACKED 19 nsol=64 0.09s 2026-07-22T17:52:35.255
ATTEMPT 1 W0 TRACK 20 2026-07-22T17:52:35.259
ATTEMPT 1 W0 TRACKED 20 nsol=64 0.08s 2026-07-22T17:52:35.336
ATTEMPT 1 W0 TRACK 21 2026-07-22T17:52:35.339
ATTEMPT 1 W0 TRACKED 21 nsol=64 0.04s 2026-07-22T17:52:35.382
ATTEMPT 1 W0 TRACK 22 2026-07-22T17:52:35.387
ATTEMPT 1 W0 TRACKED 22 nsol=64 0.04s 2026-07-22T17:52:35.425
ATTEMPT 1 W0 TRACK 23 2026-07-22T17:52:35.426
ATTEMPT 1 W0 TRACKED 23 nsol=64 0.02s 2026-07-22T17:52:35.446
ATTEMPT 1 W0 TRACK 24 2026-07-22T17:52:35.446
ATTEMPT 1 W0 TRACKED 24 nsol=64 0.02s 2026-07-22T17:52:35.468
ATTEMPT 1 W0 TRACK 25 2026-07-22T17:52:35.468
ATTEMPT 1 W0 TRACKED 25 nsol=64 0.03s 2026-07-22T17:52:35.498
ATTEMPT 1 W0 DONE ptrack seed=429037 nsol=64 247.42s 2026-07-22T17:52:35.498
ATTEMPT 2 W0 START ptrack6x2 seed=429038 2026-07-22T17:52:35.498
ATTEMPT 2 W0 SOLVE ptrack fresh 2026-07-22T17:52:35.596
ATTEMPT 2 W0 FRESH-DONE nsol=64 0.09s 2026-07-22T17:52:35.686
ATTEMPT 2 W0 TRACK 1 2026-07-22T17:52:35.686
ATTEMPT 2 W0 TRACKED 1 nsol=64 0.04s 2026-07-22T17:52:35.721
ATTEMPT 2 W0 TRACK 2 2026-07-22T17:52:35.722
ATTEMPT 2 W0 TRACKED 2 nsol=64 0.06s 2026-07-22T17:52:35.786
ATTEMPT 2 W0 TRACK 3 2026-07-22T17:52:35.786
ATTEMPT 2 W0 TRACKED 3 nsol=64 0.06s 2026-07-22T17:52:35.850
ATTEMPT 2 W0 TRACK 4 2026-07-22T17:52:35.855
ATTEMPT 2 W0 TRACKED 4 nsol=64 0.03s 2026-07-22T17:52:35.890
ATTEMPT 2 W0 TRACK 5 2026-07-22T17:52:35.890
ATTEMPT 2 W0 TRACKED 5 nsol=64 0.06s 2026-07-22T17:52:35.947
ATTEMPT 2 W0 TRACK 6 2026-07-22T17:52:35.951
ATTEMPT 2 W0 TRACKED 6 nsol=64 0.04s 2026-07-22T17:52:35.989
ATTEMPT 2 W0 TRACK 7 2026-07-22T17:52:35.989
ATTEMPT 2 W0 TRACKED 7 nsol=64 0.03s 2026-07-22T17:52:36.017
ATTEMPT 2 W0 TRACK 8 2026-07-22T17:52:36.017
ATTEMPT 2 W0 TRACKED 8 nsol=64 0.02s 2026-07-22T17:52:36.037
ATTEMPT 2 W0 TRACK 9 2026-07-22T17:52:36.037
ATTEMPT 2 W0 TRACKED 9 nsol=64 0.02s 2026-07-22T17:52:36.058
ATTEMPT 2 W0 TRACK 10 2026-07-22T17:52:36.058
ATTEMPT 2 W0 TRACKED 10 nsol=64 0.02s 2026-07-22T17:52:36.080
ATTEMPT 2 W0 TRACK 11 2026-07-22T17:52:36.080
ATTEMPT 2 W0 TRACKED 11 nsol=64 0.02s 2026-07-22T17:52:36.104
ATTEMPT 2 W0 TRACK 12 2026-07-22T17:52:36.104
ATTEMPT 2 W0 TRACKED 12 nsol=64 0.02s 2026-07-22T17:52:36.128
ATTEMPT 2 W0 TRACK 13 2026-07-22T17:52:36.128
ATTEMPT 2 W0 TRACKED 13 nsol=64 0.03s 2026-07-22T17:52:36.153
ATTEMPT 2 W0 TRACK 14 2026-07-22T17:52:36.153
ATTEMPT 2 W0 TRACKED 14 nsol=64 0.03s 2026-07-22T17:52:36.184
ATTEMPT 2 W0 TRACK 15 2026-07-22T17:52:36.184
ATTEMPT 2 W0 TRACKED 15 nsol=64 0.03s 2026-07-22T17:52:36.218
ATTEMPT 2 W0 TRACK 16 2026-07-22T17:52:36.218
ATTEMPT 2 W0 TRACKED 16 nsol=64 0.02s 2026-07-22T17:52:36.241
ATTEMPT 2 W0 TRACK 17 2026-07-22T17:52:36.241
ATTEMPT 2 W0 TRACKED 17 nsol=64 0.03s 2026-07-22T17:52:36.266
ATTEMPT 2 W0 TRACK 18 2026-07-22T17:52:36.266
ATTEMPT 2 W0 TRACKED 18 nsol=64 0.03s 2026-07-22T17:52:36.298
ATTEMPT 2 W0 TRACK 19 2026-07-22T17:52:36.298
ATTEMPT 2 W0 TRACKED 19 nsol=64 0.02s 2026-07-22T17:52:36.322
ATTEMPT 2 W0 TRACK 20 2026-07-22T17:52:36.323
ATTEMPT 2 W0 TRACKED 20 nsol=64 0.02s 2026-07-22T17:52:36.346
ATTEMPT 2 W0 TRACK 21 2026-07-22T17:52:36.347
ATTEMPT 2 W0 TRACKED 21 nsol=64 0.03s 2026-07-22T17:52:36.377
ATTEMPT 2 W0 TRACK 22 2026-07-22T17:52:36.377
ATTEMPT 2 W0 TRACKED 22 nsol=64 0.02s 2026-07-22T17:52:36.400
ATTEMPT 2 W0 TRACK 23 2026-07-22T17:52:36.401
ATTEMPT 2 W0 TRACKED 23 nsol=64 0.03s 2026-07-22T17:52:36.427
ATTEMPT 2 W0 TRACK 24 2026-07-22T17:52:36.428
ATTEMPT 2 W0 TRACKED 24 nsol=64 0.02s 2026-07-22T17:52:36.450
ATTEMPT 2 W0 TRACK 25 2026-07-22T17:52:36.450
ATTEMPT 2 W0 TRACKED 25 nsol=64 0.02s 2026-07-22T17:52:36.470
ATTEMPT 2 W0 DONE ptrack seed=429038 nsol=64 0.87s 2026-07-22T17:52:36.470
ATTEMPT 3 W0 START ptrack6x2 seed=429039 2026-07-22T17:52:36.470
ATTEMPT 3 W0 SOLVE ptrack fresh 2026-07-22T17:52:36.538
ATTEMPT 3 W0 FRESH-DONE nsol=64 0.07s 2026-07-22T17:52:36.612
ATTEMPT 3 W0 TRACK 1 2026-07-22T17:52:36.613
ATTEMPT 3 W0 TRACKED 1 nsol=64 0.02s 2026-07-22T17:52:36.635
ATTEMPT 3 W0 TRACK 2 2026-07-22T17:52:36.635
ATTEMPT 3 W0 TRACKED 2 nsol=64 0.02s 2026-07-22T17:52:36.659
ATTEMPT 3 W0 TRACK 3 2026-07-22T17:52:36.659
ATTEMPT 3 W0 TRACKED 3 nsol=64 0.03s 2026-07-22T17:52:36.684
ATTEMPT 3 W0 TRACK 4 2026-07-22T17:52:36.684
ATTEMPT 3 W0 TRACKED 4 nsol=64 0.02s 2026-07-22T17:52:36.707
ATTEMPT 3 W0 TRACK 5 2026-07-22T17:52:36.707
ATTEMPT 3 W0 TRACKED 5 nsol=64 0.02s 2026-07-22T17:52:36.732
ATTEMPT 3 W0 TRACK 6 2026-07-22T17:52:36.732
ATTEMPT 3 W0 TRACKED 6 nsol=64 0.02s 2026-07-22T17:52:36.754
ATTEMPT 3 W0 TRACK 7 2026-07-22T17:52:36.754
ATTEMPT 3 W0 TRACKED 7 nsol=64 0.02s 2026-07-22T17:52:36.777
ATTEMPT 3 W0 TRACK 8 2026-07-22T17:52:36.777
ATTEMPT 3 W0 TRACKED 8 nsol=64 0.03s 2026-07-22T17:52:36.804
ATTEMPT 3 W0 TRACK 9 2026-07-22T17:52:36.804
ATTEMPT 3 W0 TRACKED 9 nsol=64 0.03s 2026-07-22T17:52:36.838
ATTEMPT 3 W0 TRACK 10 2026-07-22T17:52:36.838
ATTEMPT 3 W0 TRACKED 10 nsol=64 0.03s 2026-07-22T17:52:36.871
ATTEMPT 3 W0 TRACK 11 2026-07-22T17:52:36.871
ATTEMPT 3 W0 TRACKED 11 nsol=64 0.02s 2026-07-22T17:52:36.894
ATTEMPT 3 W0 TRACK 12 2026-07-22T17:52:36.894
ATTEMPT 3 W0 TRACKED 12 nsol=64 0.02s 2026-07-22T17:52:36.917
ATTEMPT 3 W0 TRACK 13 2026-07-22T17:52:36.917
ATTEMPT 3 W0 TRACKED 13 nsol=64 0.03s 2026-07-22T17:52:36.944
ATTEMPT 3 W0 TRACK 14 2026-07-22T17:52:36.944
ATTEMPT 3 W0 TRACKED 14 nsol=64 0.03s 2026-07-22T17:52:36.971
ATTEMPT 3 W0 TRACK 15 2026-07-22T17:52:36.971
ATTEMPT 3 W0 TRACKED 15 nsol=64 0.03s 2026-07-22T17:52:37.002
ATTEMPT 3 W0 TRACK 16 2026-07-22T17:52:37.002
ATTEMPT 3 W0 TRACKED 16 nsol=64 0.02s 2026-07-22T17:52:37.027
ATTEMPT 3 W0 TRACK 17 2026-07-22T17:52:37.027
ATTEMPT 3 W0 TRACKED 17 nsol=64 0.03s 2026-07-22T17:52:37.054
ATTEMPT 3 W0 TRACK 18 2026-07-22T17:52:37.054
ATTEMPT 3 W0 TRACKED 18 nsol=64 0.03s 2026-07-22T17:52:37.084
ATTEMPT 3 W0 TRACK 19 2026-07-22T17:52:37.086
ATTEMPT 3 W0 TRACKED 19 nsol=64 0.02s 2026-07-22T17:52:37.107
ATTEMPT 3 W0 TRACK 20 2026-07-22T17:52:37.107
ATTEMPT 3 W0 TRACKED 20 nsol=64 0.02s 2026-07-22T17:52:37.127
ATTEMPT 3 W0 TRACK 21 2026-07-22T17:52:37.128
ATTEMPT 3 W0 TRACKED 21 nsol=64 0.02s 2026-07-22T17:52:37.152
ATTEMPT 3 W0 TRACK 22 2026-07-22T17:52:37.152
ATTEMPT 3 W0 TRACKED 22 nsol=64 0.03s 2026-07-22T17:52:37.183
ATTEMPT 3 W0 TRACK 23 2026-07-22T17:52:37.187
ATTEMPT 3 W0 TRACKED 23 nsol=64 0.04s 2026-07-22T17:52:37.222
ATTEMPT 3 W0 TRACK 24 2026-07-22T17:52:37.223
ATTEMPT 3 W0 TRACKED 24 nsol=64 0.02s 2026-07-22T17:52:37.247
ATTEMPT 3 W0 TRACK 25 2026-07-22T17:52:37.247
ATTEMPT 3 W0 TRACKED 25 nsol=64 0.02s 2026-07-22T17:52:37.268
ATTEMPT 3 W0 DONE ptrack seed=429039 nsol=64 0.73s 2026-07-22T17:52:37.268
ATTEMPT 4 W0 START ptrack6x2 seed=429040 2026-07-22T17:52:37.268
ATTEMPT 4 W0 SOLVE ptrack fresh 2026-07-22T17:52:37.393
ATTEMPT 4 W0 FRESH-DONE nsol=64 0.13s 2026-07-22T17:52:37.527
ATTEMPT 4 W0 TRACK 1 2026-07-22T17:52:37.527
ATTEMPT 4 W0 TRACKED 1 nsol=64 0.05s 2026-07-22T17:52:37.575
ATTEMPT 4 W0 TRACK 2 2026-07-22T17:52:37.575
ATTEMPT 4 W0 TRACKED 2 nsol=64 0.04s 2026-07-22T17:52:37.611
ATTEMPT 4 W0 TRACK 3 2026-07-22T17:52:37.611
ATTEMPT 4 W0 TRACKED 3 nsol=64 0.04s 2026-07-22T17:52:37.656
ATTEMPT 4 W0 TRACK 4 2026-07-22T17:52:37.656
ATTEMPT 4 W0 TRACKED 4 nsol=64 0.02s 2026-07-22T17:52:37.681
ATTEMPT 4 W0 TRACK 5 2026-07-22T17:52:37.681
ATTEMPT 4 W0 TRACKED 5 nsol=64 0.02s 2026-07-22T17:52:37.703
ATTEMPT 4 W0 TRACK 6 2026-07-22T17:52:37.704
ATTEMPT 4 W0 TRACKED 6 nsol=64 0.03s 2026-07-22T17:52:37.735
ATTEMPT 4 W0 TRACK 7 2026-07-22T17:52:37.735
ATTEMPT 4 W0 TRACKED 7 nsol=64 0.04s 2026-07-22T17:52:37.772
ATTEMPT 4 W0 TRACK 8 2026-07-22T17:52:37.772
ATTEMPT 4 W0 TRACKED 8 nsol=64 0.04s 2026-07-22T17:52:37.808
ATTEMPT 4 W0 TRACK 9 2026-07-22T17:52:37.811
ATTEMPT 4 W0 TRACKED 9 nsol=64 0.03s 2026-07-22T17:52:37.839
ATTEMPT 4 W0 TRACK 10 2026-07-22T17:52:37.839
ATTEMPT 4 W0 TRACKED 10 nsol=64 0.03s 2026-07-22T17:52:37.867
ATTEMPT 4 W0 TRACK 11 2026-07-22T17:52:37.867
ATTEMPT 4 W0 TRACKED 11 nsol=64 0.03s 2026-07-22T17:52:37.894
ATTEMPT 4 W0 TRACK 12 2026-07-22T17:52:37.894
ATTEMPT 4 W0 TRACKED 12 nsol=64 0.02s 2026-07-22T17:52:37.915
ATTEMPT 4 W0 TRACK 13 2026-07-22T17:52:37.915
ATTEMPT 4 W0 TRACKED 13 nsol=64 0.02s 2026-07-22T17:52:37.937
ATTEMPT 4 W0 TRACK 14 2026-07-22T17:52:37.937
ATTEMPT 4 W0 TRACKED 14 nsol=64 0.02s 2026-07-22T17:52:37.961
ATTEMPT 4 W0 TRACK 15 2026-07-22T17:52:37.961
ATTEMPT 4 W0 TRACKED 15 nsol=64 0.03s 2026-07-22T17:52:37.991
ATTEMPT 4 W0 TRACK 16 2026-07-22T17:52:37.992
ATTEMPT 4 W0 TRACKED 16 nsol=64 0.30s 2026-07-22T17:52:38.292
ATTEMPT 4 W0 TRACK 17 2026-07-22T17:52:38.292
ATTEMPT 4 W0 TRACKED 17 nsol=64 0.03s 2026-07-22T17:52:38.324
ATTEMPT 4 W0 TRACK 18 2026-07-22T17:52:38.324
ATTEMPT 4 W0 TRACKED 18 nsol=64 0.04s 2026-07-22T17:52:38.366
ATTEMPT 4 W0 TRACK 19 2026-07-22T17:52:38.367
ATTEMPT 4 W0 TRACKED 19 nsol=64 0.03s 2026-07-22T17:52:38.397
ATTEMPT 4 W0 TRACK 20 2026-07-22T17:52:38.397
ATTEMPT 4 W0 TRACKED 20 nsol=64 0.03s 2026-07-22T17:52:38.427
ATTEMPT 4 W0 TRACK 21 2026-07-22T17:52:38.427
ATTEMPT 4 W0 TRACKED 21 nsol=64 0.02s 2026-07-22T17:52:38.450
ATTEMPT 4 W0 TRACK 22 2026-07-22T17:52:38.450
ATTEMPT 4 W0 TRACKED 22 nsol=64 0.15s 2026-07-22T17:52:38.604
ATTEMPT 4 W0 TRACK 23 2026-07-22T17:52:38.604
ATTEMPT 4 W0 TRACKED 23 nsol=64 0.04s 2026-07-22T17:52:38.646
ATTEMPT 4 W0 TRACK 24 2026-07-22T17:52:38.646
ATTEMPT 4 W0 TRACKED 24 nsol=64 0.04s 2026-07-22T17:52:38.690
ATTEMPT 4 W0 TRACK 25 2026-07-22T17:52:38.690
ATTEMPT 4 W0 TRACKED 25 nsol=64 0.04s 2026-07-22T17:52:38.727
ATTEMPT 4 W0 DONE ptrack seed=429040 nsol=64 1.33s 2026-07-22T17:52:38.727
ATTEMPT 5 W0 START ptrack6x2 seed=429041 2026-07-22T17:52:38.727
ATTEMPT 5 W0 SOLVE ptrack fresh 2026-07-22T17:52:38.855
ATTEMPT 5 W0 FRESH-DONE nsol=64 0.07s 2026-07-22T17:52:38.929
ATTEMPT 5 W0 TRACK 1 2026-07-22T17:52:38.929
ATTEMPT 5 W0 TRACKED 1 nsol=64 0.02s 2026-07-22T17:52:38.952
ATTEMPT 5 W0 TRACK 2 2026-07-22T17:52:38.952
ATTEMPT 5 W0 TRACKED 2 nsol=64 0.03s 2026-07-22T17:52:38.986
ATTEMPT 5 W0 TRACK 3 2026-07-22T17:52:38.986
ATTEMPT 5 W0 TRACKED 3 nsol=64 0.02s 2026-07-22T17:52:39.009
ATTEMPT 5 W0 TRACK 4 2026-07-22T17:52:39.009
ATTEMPT 5 W0 TRACKED 4 nsol=64 0.02s 2026-07-22T17:52:39.032
ATTEMPT 5 W0 TRACK 5 2026-07-22T17:52:39.032
ATTEMPT 5 W0 TRACKED 5 nsol=64 0.03s 2026-07-22T17:52:39.061
ATTEMPT 5 W0 TRACK 6 2026-07-22T17:52:39.061
ATTEMPT 5 W0 TRACKED 6 nsol=64 0.02s 2026-07-22T17:52:39.084
ATTEMPT 5 W0 TRACK 7 2026-07-22T17:52:39.084
ATTEMPT 5 W0 TRACKED 7 nsol=64 0.03s 2026-07-22T17:52:39.110
ATTEMPT 5 W0 TRACK 8 2026-07-22T17:52:39.110
ATTEMPT 5 W0 TRACKED 8 nsol=64 0.02s 2026-07-22T17:52:39.134
ATTEMPT 5 W0 TRACK 9 2026-07-22T17:52:39.134
ATTEMPT 5 W0 TRACKED 9 nsol=64 0.02s 2026-07-22T17:52:39.157
ATTEMPT 5 W0 TRACK 10 2026-07-22T17:52:39.157
ATTEMPT 5 W0 TRACKED 10 nsol=64 0.02s 2026-07-22T17:52:39.181
ATTEMPT 5 W0 TRACK 11 2026-07-22T17:52:39.181
ATTEMPT 5 W0 TRACKED 11 nsol=64 0.03s 2026-07-22T17:52:39.208
ATTEMPT 5 W0 TRACK 12 2026-07-22T17:52:39.208
ATTEMPT 5 W0 TRACKED 12 nsol=64 0.04s 2026-07-22T17:52:39.247
ATTEMPT 5 W0 TRACK 13 2026-07-22T17:52:39.251
ATTEMPT 5 W0 TRACKED 13 nsol=64 0.06s 2026-07-22T17:52:39.309
ATTEMPT 5 W0 TRACK 14 2026-07-22T17:52:39.309
ATTEMPT 5 W0 TRACKED 14 nsol=64 0.02s 2026-07-22T17:52:39.331
ATTEMPT 5 W0 TRACK 15 2026-07-22T17:52:39.331
ATTEMPT 5 W0 TRACKED 15 nsol=64 0.02s 2026-07-22T17:52:39.353
ATTEMPT 5 W0 TRACK 16 2026-07-22T17:52:39.353
ATTEMPT 5 W0 TRACKED 16 nsol=64 0.02s 2026-07-22T17:52:39.378
ATTEMPT 5 W0 TRACK 17 2026-07-22T17:52:39.378
ATTEMPT 5 W0 TRACKED 17 nsol=64 0.03s 2026-07-22T17:52:39.413
ATTEMPT 5 W0 TRACK 18 2026-07-22T17:52:39.413
ATTEMPT 5 W0 TRACKED 18 nsol=64 0.04s 2026-07-22T17:52:39.449
ATTEMPT 5 W0 TRACK 19 2026-07-22T17:52:39.449
ATTEMPT 5 W0 TRACKED 19 nsol=64 0.03s 2026-07-22T17:52:39.483
ATTEMPT 5 W0 TRACK 20 2026-07-22T17:52:39.483
ATTEMPT 5 W0 TRACKED 20 nsol=64 0.03s 2026-07-22T17:52:39.509
ATTEMPT 5 W0 TRACK 21 2026-07-22T17:52:39.509
ATTEMPT 5 W0 TRACKED 21 nsol=64 0.06s 2026-07-22T17:52:39.570
ATTEMPT 5 W0 TRACK 22 2026-07-22T17:52:39.575
ATTEMPT 5 W0 TRACKED 22 nsol=64 0.11s 2026-07-22T17:52:39.686
ATTEMPT 5 W0 TRACK 23 2026-07-22T17:52:39.691
ATTEMPT 5 W0 TRACKED 23 nsol=64 0.13s 2026-07-22T17:52:39.818
ATTEMPT 5 W0 TRACK 24 2026-07-22T17:52:39.835
ATTEMPT 5 W0 TRACKED 24 nsol=64 0.13s 2026-07-22T17:52:39.968
ATTEMPT 5 W0 TRACK 25 2026-07-22T17:52:39.968
ATTEMPT 5 W0 TRACKED 25 nsol=64 0.11s 2026-07-22T17:52:40.080
ATTEMPT 5 W0 DONE ptrack seed=429041 nsol=64 1.22s 2026-07-22T17:52:40.080
ATTEMPT 6 W0 START ptrack6x2 seed=429042 2026-07-22T17:52:40.080
ATTEMPT 6 W0 SOLVE ptrack fresh 2026-07-22T17:52:40.398
ATTEMPT 6 W0 FRESH-DONE nsol=64 0.30s 2026-07-22T17:52:40.707
ATTEMPT 6 W0 TRACK 1 2026-07-22T17:52:40.719
ATTEMPT 6 W0 TRACKED 1 nsol=64 0.10s 2026-07-22T17:52:40.822
ATTEMPT 6 W0 TRACK 2 2026-07-22T17:52:40.822
ATTEMPT 6 W0 TRACKED 2 nsol=64 0.06s 2026-07-22T17:52:40.878
ATTEMPT 6 W0 TRACK 3 2026-07-22T17:52:40.883
ATTEMPT 6 W0 TRACKED 3 nsol=64 0.04s 2026-07-22T17:52:40.925
ATTEMPT 6 W0 TRACK 4 2026-07-22T17:52:40.931
ATTEMPT 6 W0 TRACKED 4 nsol=64 0.04s 2026-07-22T17:52:40.969
ATTEMPT 6 W0 TRACK 5 2026-07-22T17:52:40.971
ATTEMPT 6 W0 TRACKED 5 nsol=64 0.09s 2026-07-22T17:52:41.066
ATTEMPT 6 W0 TRACK 6 2026-07-22T17:52:41.071
ATTEMPT 6 W0 TRACKED 6 nsol=64 0.09s 2026-07-22T17:52:41.159
ATTEMPT 6 W0 TRACK 7 2026-07-22T17:52:41.163
ATTEMPT 6 W0 TRACKED 7 nsol=64 0.06s 2026-07-22T17:52:41.220
ATTEMPT 6 W0 TRACK 8 2026-07-22T17:52:41.220
ATTEMPT 6 W0 TRACKED 8 nsol=64 0.07s 2026-07-22T17:52:41.288
ATTEMPT 6 W0 TRACK 9 2026-07-22T17:52:41.288
ATTEMPT 6 W0 TRACKED 9 nsol=64 0.08s 2026-07-22T17:52:41.371
ATTEMPT 6 W0 TRACK 10 2026-07-22T17:52:41.379
ATTEMPT 6 W0 TRACKED 10 nsol=64 0.09s 2026-07-22T17:52:41.467
ATTEMPT 6 W0 TRACK 11 2026-07-22T17:52:41.475
ATTEMPT 6 W0 TRACKED 11 nsol=64 0.07s 2026-07-22T17:52:41.547
ATTEMPT 6 W0 TRACK 12 2026-07-22T17:52:41.548
ATTEMPT 6 W0 TRACKED 12 nsol=64 0.03s 2026-07-22T17:52:41.582
ATTEMPT 6 W0 TRACK 13 2026-07-22T17:52:41.591
ATTEMPT 6 W0 TRACKED 13 nsol=64 0.05s 2026-07-22T17:52:41.641
ATTEMPT 6 W0 TRACK 14 2026-07-22T17:52:41.641
ATTEMPT 6 W0 TRACKED 14 nsol=64 0.03s 2026-07-22T17:52:41.667
ATTEMPT 6 W0 TRACK 15 2026-07-22T17:52:41.668
ATTEMPT 6 W0 TRACKED 15 nsol=64 0.03s 2026-07-22T17:52:41.697
ATTEMPT 6 W0 TRACK 16 2026-07-22T17:52:41.697
ATTEMPT 6 W0 TRACKED 16 nsol=64 0.04s 2026-07-22T17:52:41.734
ATTEMPT 6 W0 TRACK 17 2026-07-22T17:52:41.739
ATTEMPT 6 W0 TRACKED 17 nsol=64 0.02s 2026-07-22T17:52:41.764
ATTEMPT 6 W0 TRACK 18 2026-07-22T17:52:41.764
ATTEMPT 6 W0 TRACKED 18 nsol=64 0.03s 2026-07-22T17:52:41.799
ATTEMPT 6 W0 TRACK 19 2026-07-22T17:52:41.799
ATTEMPT 6 W0 TRACKED 19 nsol=64 0.03s 2026-07-22T17:52:41.828
ATTEMPT 6 W0 TRACK 20 2026-07-22T17:52:41.828
ATTEMPT 6 W0 TRACKED 20 nsol=64 0.02s 2026-07-22T17:52:41.851
ATTEMPT 6 W0 TRACK 21 2026-07-22T17:52:41.851
ATTEMPT 6 W0 TRACKED 21 nsol=64 0.02s 2026-07-22T17:52:41.874
ATTEMPT 6 W0 TRACK 22 2026-07-22T17:52:41.874
ATTEMPT 6 W0 TRACKED 22 nsol=64 0.02s 2026-07-22T17:52:41.897
ATTEMPT 6 W0 TRACK 23 2026-07-22T17:52:41.897
ATTEMPT 6 W0 TRACKED 23 nsol=64 0.02s 2026-07-22T17:52:41.922
ATTEMPT 6 W0 TRACK 24 2026-07-22T17:52:41.922
ATTEMPT 6 W0 TRACKED 24 nsol=64 0.03s 2026-07-22T17:52:41.954
ATTEMPT 6 W0 TRACK 25 2026-07-22T17:52:41.954
ATTEMPT 6 W0 TRACKED 25 nsol=64 0.03s 2026-07-22T17:52:41.984
ATTEMPT 6 W0 DONE ptrack seed=429042 nsol=64 1.58s 2026-07-22T17:52:41.984
ATTEMPT 7 W0 START ptrack6x2 seed=429043 2026-07-22T17:52:41.984
ATTEMPT 7 W0 SOLVE ptrack fresh 2026-07-22T17:52:42.072
ATTEMPT 7 W0 FRESH-DONE nsol=64 0.16s 2026-07-22T17:52:42.236
ATTEMPT 7 W0 TRACK 1 2026-07-22T17:52:42.239
ATTEMPT 7 W0 TRACKED 1 nsol=64 0.06s 2026-07-22T17:52:42.300
ATTEMPT 7 W0 TRACK 2 2026-07-22T17:52:42.300
ATTEMPT 7 W0 TRACKED 2 nsol=64 0.11s 2026-07-22T17:52:42.411
ATTEMPT 7 W0 TRACK 3 2026-07-22T17:52:42.415
ATTEMPT 7 W0 TRACKED 3 nsol=64 0.04s 2026-07-22T17:52:42.458
ATTEMPT 7 W0 TRACK 4 2026-07-22T17:52:42.463
ATTEMPT 7 W0 TRACKED 4 nsol=64 0.05s 2026-07-22T17:52:42.512
ATTEMPT 7 W0 TRACK 5 2026-07-22T17:52:42.512
ATTEMPT 7 W0 TRACKED 5 nsol=64 0.07s 2026-07-22T17:52:42.580
ATTEMPT 7 W0 TRACK 6 2026-07-22T17:52:42.580
ATTEMPT 7 W0 TRACKED 6 nsol=64 0.06s 2026-07-22T17:52:42.636
ATTEMPT 7 W0 TRACK 7 2026-07-22T17:52:42.636
ATTEMPT 7 W0 TRACKED 7 nsol=64 0.05s 2026-07-22T17:52:42.687
ATTEMPT 7 W0 TRACK 8 2026-07-22T17:52:42.688
ATTEMPT 7 W0 TRACKED 8 nsol=64 0.08s 2026-07-22T17:52:42.770
ATTEMPT 7 W0 TRACK 9 2026-07-22T17:52:42.771
ATTEMPT 7 W0 TRACKED 9 nsol=64 0.08s 2026-07-22T17:52:42.854
ATTEMPT 7 W0 TRACK 10 2026-07-22T17:52:42.859
ATTEMPT 7 W0 TRACKED 10 nsol=64 0.09s 2026-07-22T17:52:42.948
ATTEMPT 7 W0 TRACK 11 2026-07-22T17:52:42.948
ATTEMPT 7 W0 TRACKED 11 nsol=64 0.06s 2026-07-22T17:52:43.012
ATTEMPT 7 W0 TRACK 12 2026-07-22T17:52:43.015
ATTEMPT 7 W0 TRACKED 12 nsol=64 0.05s 2026-07-22T17:52:43.069
ATTEMPT 7 W0 TRACK 13 2026-07-22T17:52:43.075
ATTEMPT 7 W0 TRACKED 13 nsol=64 0.07s 2026-07-22T17:52:43.149
ATTEMPT 7 W0 TRACK 14 2026-07-22T17:52:43.151
ATTEMPT 7 W0 TRACKED 14 nsol=64 0.08s 2026-07-22T17:52:43.233
ATTEMPT 7 W0 TRACK 15 2026-07-22T17:52:43.235
ATTEMPT 7 W0 TRACKED 15 nsol=64 0.08s 2026-07-22T17:52:43.311
ATTEMPT 7 W0 TRACK 16 2026-07-22T17:52:43.311
ATTEMPT 7 W0 TRACKED 16 nsol=64 0.05s 2026-07-22T17:52:43.357
ATTEMPT 7 W0 TRACK 17 2026-07-22T17:52:43.357
ATTEMPT 7 W0 TRACKED 17 nsol=64 0.04s 2026-07-22T17:52:43.399
ATTEMPT 7 W0 TRACK 18 2026-07-22T17:52:43.399
ATTEMPT 7 W0 TRACKED 18 nsol=64 0.04s 2026-07-22T17:52:43.435
ATTEMPT 7 W0 TRACK 19 2026-07-22T17:52:43.435
ATTEMPT 7 W0 TRACKED 19 nsol=64 0.02s 2026-07-22T17:52:43.458
ATTEMPT 7 W0 TRACK 20 2026-07-22T17:52:43.459
ATTEMPT 7 W0 TRACKED 20 nsol=64 0.02s 2026-07-22T17:52:43.482
ATTEMPT 7 W0 TRACK 21 2026-07-22T17:52:43.482
┌ Warning: Ingored unsupported keyword arguments: gamma = 0.9436806664956287 - 0.3308576728479575im
└ @ HomotopyContinuation ~/.julia/packages/HomotopyContinuation/98yZ2/src/utils.jl:170
┌ Warning: Ingored unsupported keyword arguments: gamma = -0.9496853172496267 - 0.3132056803451623im
└ @ HomotopyContinuation ~/.julia/packages/HomotopyContinuation/98yZ2/src/utils.jl:170
┌ Warning: Ingored unsupported keyword arguments: gamma = 0.8981812417987329 + 0.43962535968809413im
└ @ HomotopyContinuation ~/.julia/packages/HomotopyContinuation/98yZ2/src/utils.jl:170
┌ Warning: Ingored unsupported keyword arguments: gamma = 0.7333699947940626 - 0.6798297218684666im
└ @ HomotopyContinuation ~/.julia/packages/HomotopyContinuation/98yZ2/src/utils.jl:170
┌ Warning: Ingored unsupported keyword arguments: gamma = 0.36977384154683735 + 0.9291217929355088im
└ @ HomotopyContinuation ~/.julia/packages/HomotopyContinuation/98yZ2/src/utils.jl:170
┌ Warning: Ingored unsupported keyword arguments: gamma = 0.9784953881629787 - 0.20626869695564987im
└ @ HomotopyContinuation ~/.julia/packages/HomotopyContinuation/98yZ2/src/utils.jl:170
┌ Warning: Ingored unsupported keyword arguments: gamma = 0.33359751107400276 - 0.9427155990038727im
└ @ HomotopyContinuation ~/.julia/packages/HomotopyContinuation/98yZ2/src/utils.jl:170
┌ Warning: Ingored unsupported keyword arguments: gamma = -0.21416199466143118 + 0.976798157268244im
└ @ HomotopyContinuation ~/.julia/packages/HomotopyContinuation/98yZ2/src/utils.jl:170
┌ Warning: Ingored unsupported keyword arguments: gamma = 0.3835990128777753 + 0.9234997549101983im
└ @ HomotopyContinuation ~/.julia/packages/HomotopyContinuation/98yZ2/src/utils.jl:170
┌ Warning: Ingored unsupported keyword arguments: gamma = 0.6086452514471922 - 0.7934424729561584im
└ @ HomotopyContinuation ~/.julia/packages/HomotopyContinuation/98yZ2/src/utils.jl:170
┌ Warning: Ingored unsupported keyword arguments: gamma = 0.9628370690214435 + 0.2700829104519499im
└ @ HomotopyContinuation ~/.julia/packages/HomotopyContinuation/98yZ2/src/utils.jl:170
┌ Warning: Ingored unsupported keyword arguments: gamma = -0.9999781636083432 + 0.006608502590268243im
└ @ HomotopyContinuation ~/.julia/packages/HomotopyContinuation/98yZ2/src/utils.jl:170
┌ Warning: Ingored unsupported keyword arguments: gamma = 0.592021942028695 + 0.8059218449431512im
└ @ HomotopyContinuation ~/.julia/packages/HomotopyContinuation/98yZ2/src/utils.jl:170
┌ Warning: Ingored unsupported keyword arguments: gamma = 0.5477660028686173 - 0.8366315832559382im
└ @ HomotopyContinuation ~/.julia/packages/HomotopyContinuation/98yZ2/src/utils.jl:170
┌ Warning: Ingored unsupported keyword arguments: gamma = 0.31553327869602227 + 0.9489145114473371im
└ @ HomotopyContinuation ~/.julia/packages/HomotopyContinuation/98yZ2/src/utils.jl:170
┌ Warning: Ingored unsupported keyword arguments: gamma = 0.7236076011495401 - 0.6902115904261591im
└ @ HomotopyContinuation ~/.julia/packages/HomotopyContinuation/98yZ2/src/utils.jl:170
┌ Warning: Ingored unsupported keyword arguments: gamma = 0.44332464692008505 - 0.8963611199919271im
└ @ HomotopyContinuation ~/.julia/packages/HomotopyContinuation/98yZ2/src/utils.jl:170
┌ Warning: Ingored unsupported keyword arguments: gamma = -0.3848682896260342 + 0.922971505324152im
└ @ HomotopyContinuation ~/.julia/packages/HomotopyContinuation/98yZ2/src/utils.jl:170
┌ Warning: Ingored unsupported keyword arguments: gamma = -0.9989929965846622 - 0.04486638802931523im
└ @ HomotopyContinuation ~/.julia/packages/HomotopyContinuation/98yZ2/src/utils.jl:170
┌ Warning: Ingored unsupported keyword arguments: gamma = 0.9126481396760346 + 0.4087460986307676im
└ @ HomotopyContinuation ~/.julia/packages/HomotopyContinuation/98yZ2/src/utils.jl:170
┌ Warning: Ingored unsupported keyword arguments: gamma = 0.694089115644997 - 0.7198890883623297im
└ @ HomotopyContinuation ~/.julia/packages/HomotopyContinuation/98yZ2/src/utils.jl:170
┌ Warning: Ingored unsupported keyword arguments: gamma = 0.8582496694861993 + 0.5132324082000568im
└ @ HomotopyContinuation ~/.julia/packages/HomotopyContinuation/98yZ2/src/utils.jl:170
┌ Warning: Ingored unsupported keyword arguments: gamma = -0.8765350113017778 - 0.4813381077394479im
└ @ HomotopyContinuation ~/.julia/packages/HomotopyContinuation/98yZ2/src/utils.jl:170
┌ Warning: Ingored unsupported keyword arguments: gamma = 0.9995173571526668 - 0.031065298172531574im
└ @ HomotopyContinuation ~/.julia/packages/HomotopyContinuation/98yZ2/src/utils.jl:170
┌ Warning: Ingored unsupported keyword arguments: gamma = -0.6956209832204092 + 0.7184089696708075im
└ @ HomotopyContinuation ~/.julia/packages/HomotopyContinuation/98yZ2/src/utils.jl:170
┌ Warning: Ingored unsupported keyword arguments: gamma = -0.45183139299655545 + 0.8921033529265499im
└ @ HomotopyContinuation ~/.julia/packages/HomotopyContinuation/98yZ2/src/utils.jl:170
┌ Warning: Ingored unsupported keyword arguments: gamma = 0.8992383306300966 - 0.43745905491325365im
└ @ HomotopyContinuation ~/.julia/packages/HomotopyContinuation/98yZ2/src/utils.jl:170
┌ Warning: Ingored unsupported keyword arguments: gamma = -0.9824399659979969 - 0.18657897311823418im
└ @ HomotopyContinuation ~/.julia/packages/HomotopyContinuation/98yZ2/src/utils.jl:170
┌ Warning: Ingored unsupported keyword arguments: gamma = -0.7221018528447215 - 0.6917867548010876im
└ @ HomotopyContinuation ~/.julia/packages/HomotopyContinuation/98yZ2/src/utils.jl:170
┌ Warning: Ingored unsupported keyword arguments: gamma = 0.49387952084006126 + 0.8695303438608635im
└ @ HomotopyContinuation ~/.julia/packages/HomotopyContinuation/98yZ2/src/utils.jl:170
┌ Warning: Ingored unsupported keyword arguments: gamma = -0.7376567659147002 + 0.675175899821865im
└ @ HomotopyContinuation ~/.julia/packages/HomotopyContinuation/98yZ2/src/utils.jl:170
┌ Warning: Ingored unsupported keyword arguments: gamma = -0.7450101595411006 - 0.6670531179602894im
└ @ HomotopyContinuation ~/.julia/packages/HomotopyContinuation/98yZ2/src/utils.jl:170
┌ Warning: Ingored unsupported keyword arguments: gamma = 0.9932778228996311 + 0.11575476895475693im
└ @ HomotopyContinuation ~/.julia/packages/HomotopyContinuation/98yZ2/src/utils.jl:170
┌ Warning: Ingored unsupported keyword arguments: gamma = -0.36095978607801893 + 0.9325813813466955im
└ @ HomotopyContinuation ~/.julia/packages/HomotopyContinuation/98yZ2/src/utils.jl:170
┌ Warning: Ingored unsupported keyword arguments: gamma = 0.3354413144094707 - 0.9420611044869895im
└ @ HomotopyContinuation ~/.julia/packages/HomotopyContinuation/98yZ2/src/utils.jl:170
┌ Warning: Ingored unsupported keyword arguments: gamma = -0.21455385482806663 + 0.9767121599419232im
└ @ HomotopyContinuation ~/.julia/packages/HomotopyContinuation/98yZ2/src/utils.jl:170
┌ Warning: Ingored unsupported keyword arguments: gamma = 0.14306596928482443 - 0.9897131546223854im
└ @ HomotopyContinuation ~/.julia/packages/HomotopyContinuation/98yZ2/src/utils.jl:170
┌ Warning: Ingored unsupported keyword arguments: gamma = -0.988277486290463 - 0.15266830087285238im
└ @ HomotopyContinuation ~/.julia/packages/HomotopyContinuation/98yZ2/src/utils.jl:170
┌ Warning: Ingored unsupported keyword arguments: gamma = -0.01593947941056758 - 0.9998729584282796im
└ @ HomotopyContinuation ~/.julia/packages/HomotopyContinuation/98yZ2/src/utils.jl:170
┌ Warning: Ingored unsupported keyword arguments: gamma = -0.7893848563277289 - 0.6138986468468967im
└ @ HomotopyContinuation ~/.julia/packages/HomotopyContinuation/98yZ2/src/utils.jl:170
┌ Warning: Ingored unsupported keyword arguments: gamma = 0.46410684909536376 + 0.8857792234088432im
└ @ HomotopyContinuation ~/.julia/packages/HomotopyContinuation/98yZ2/src/utils.jl:170
┌ Warning: Ingored unsupported keyword arguments: gamma = -0.5522469485951307 + 0.8336805789793637im
└ @ HomotopyContinuation ~/.julia/packages/HomotopyContinuation/98yZ2/src/utils.jl:170
┌ Warning: Ingored unsupported keyword arguments: gamma = 0.7522399051051157 - 0.6588893117720507im
└ @ HomotopyContinuation ~/.julia/packages/HomotopyContinuation/98yZ2/src/utils.jl:170
┌ Warning: Ingored unsupported keyword arguments: gamma = 0.8827938414359346 + 0.4697606129964344im
└ @ HomotopyContinuation ~/.julia/packages/HomotopyContinuation/98yZ2/src/utils.jl:170
┌ Warning: Ingored unsupported keyword arguments: gamma = 0.05912678834473023 + 0.9982504810417261im
└ @ HomotopyContinuation ~/.julia/packages/HomotopyContinuation/98yZ2/src/utils.jl:170
┌ Warning: Ingored unsupported keyword arguments: gamma = 0.8878521611809692 + 0.46012882966217444im
└ @ HomotopyContinuation ~/.julia/packages/HomotopyContinuation/98yZ2/src/utils.jl:170
┌ Warning: Ingored unsupported keyword arguments: gamma = -0.1800437849682871 - 0.9836585970214936im
└ @ HomotopyContinuation ~/.julia/packages/HomotopyContinuation/98yZ2/src/utils.jl:170
┌ Warning: Ingored unsupported keyword arguments: gamma = 0.9995286926940584 - 0.030698411706578405im
└ @ HomotopyContinuation ~/.julia/packages/HomotopyContinuation/98yZ2/src/utils.jl:170
┌ Warning: Ingored unsupported keyword arguments: gamma = -0.4997873181449973 - 0.8661481608947925im
└ @ HomotopyContinuation ~/.julia/packages/HomotopyContinuation/98yZ2/src/utils.jl:170
┌ Warning: Ingored unsupported keyword arguments: gamma = 0.8784884898104401 - 0.47776351186604044im
└ @ HomotopyContinuation ~/.julia/packages/HomotopyContinuation/98yZ2/src/utils.jl:170
┌ Warning: Ingored unsupported keyword arguments: gamma = 0.7522347847308208 - 0.6588951575485856im
└ @ HomotopyContinuation ~/.julia/packages/HomotopyContinuation/98yZ2/src/utils.jl:170
┌ Warning: Ingored unsupported keyword arguments: gamma = 0.8178632100282079 - 0.5754126951000955im
└ @ HomotopyContinuation ~/.julia/packages/HomotopyContinuation/98yZ2/src/utils.jl:170
┌ Warning: Ingored unsupported keyword arguments: gamma = 0.9094097747797454 - 0.41590126416621154im
└ @ HomotopyContinuation ~/.julia/packages/HomotopyContinuation/98yZ2/src/utils.jl:170
┌ Warning: Ingored unsupported keyword arguments: gamma = -0.6262140360498197 + 0.7796511919148172im
└ @ HomotopyContinuation ~/.julia/packages/HomotopyContinuation/98yZ2/src/utils.jl:170
┌ Warning: Ingored unsupported keyword arguments: gamma = -0.47785878709978036 + 0.8784366679456902im
└ @ HomotopyContinuation ~/.julia/packages/HomotopyContinuation/98yZ2/src/utils.jl:170
┌ Warning: Ingored unsupported keyword arguments: gamma = 0.8201522807864848 + 0.5721452930163167im
└ @ HomotopyContinuation ~/.julia/packages/HomotopyContinuation/98yZ2/src/utils.jl:170
┌ Warning: Ingored unsupported keyword arguments: gamma = -0.9969440398535641 + 0.07811902073410396im
└ @ HomotopyContinuation ~/.julia/packages/HomotopyContinuation/98yZ2/src/utils.jl:170
┌ Warning: Ingored unsupported keyword arguments: gamma = 0.6676873607080481 - 0.7444417964829224im
└ @ HomotopyContinuation ~/.julia/packages/HomotopyContinuation/98yZ2/src/utils.jl:170
┌ Warning: Ingored unsupported keyword arguments: gamma = -0.9999506895518767 - 0.009930682993951782im
└ @ HomotopyContinuation ~/.julia/packages/HomotopyContinuation/98yZ2/src/utils.jl:170
┌ Warning: Ingored unsupported keyword arguments: gamma = -0.3646837862785791 - 0.9311314279013031im
└ @ HomotopyContinuation ~/.julia/packages/HomotopyContinuation/98yZ2/src/utils.jl:170
┌ Warning: Ingored unsupported keyword arguments: gamma = 0.9975335810802216 + 0.07019084425528044im
└ @ HomotopyContinuation ~/.julia/packages/HomotopyContinuation/98yZ2/src/utils.jl:170
┌ Warning: Ingored unsupported keyword arguments: gamma = -0.9232186442927536 + 0.3842750770349935im
└ @ HomotopyContinuation ~/.julia/packages/HomotopyContinuation/98yZ2/src/utils.jl:170
┌ Warning: Ingored unsupported keyword arguments: gamma = -0.4978305567166634 + 0.8672743146197615im
└ @ HomotopyContinuation ~/.julia/packages/HomotopyContinuation/98yZ2/src/utils.jl:170
┌ Warning: Ingored unsupported keyword arguments: gamma = -0.7841752312239824 - 0.6205394481697467im
└ @ HomotopyContinuation ~/.julia/packages/HomotopyContinuation/98yZ2/src/utils.jl:170
┌ Warning: Ingored unsupported keyword arguments: gamma = 0.13018786591460682 - 0.9914893441528256im
└ @ HomotopyContinuation ~/.julia/packages/HomotopyContinuation/98yZ2/src/utils.jl:170
┌ Warning: Ingored unsupported keyword arguments: gamma = -0.24513017516113236 + 0.969490173867416im
└ @ HomotopyContinuation ~/.julia/packages/HomotopyContinuation/98yZ2/src/utils.jl:170
┌ Warning: Ingored unsupported keyword arguments: gamma = 0.2594961421496532 + 0.9657441442791392im
└ @ HomotopyContinuation ~/.julia/packages/HomotopyContinuation/98yZ2/src/utils.jl:170
┌ Warning: Ingored unsupported keyword arguments: gamma = -0.45128490234447977 + 0.892379928570748im
└ @ HomotopyContinuation ~/.julia/packages/HomotopyContinuation/98yZ2/src/utils.jl:170
┌ Warning: Ingored unsupported keyword arguments: gamma = -0.6784651173557231 - 0.7346326187500014im
└ @ HomotopyContinuation ~/.julia/packages/HomotopyContinuation/98yZ2/src/utils.jl:170
┌ Warning: Ingored unsupported keyword arguments: gamma = 0.6074935510839149 - 0.7943246095844286im
└ @ HomotopyContinuation ~/.julia/packages/HomotopyContinuation/98yZ2/src/utils.jl:170
┌ Warning: Ingored unsupported keyword arguments: gamma = 0.9327431288940268 - 0.36054161410436514im
└ @ HomotopyContinuation ~/.julia/packages/HomotopyContinuation/98yZ2/src/utils.jl:170
┌ Warning: Ingored unsupported keyword arguments: gamma = 0.6612300110643884 + 0.7501832259306981im
└ @ HomotopyContinuation ~/.julia/packages/HomotopyContinuation/98yZ2/src/utils.jl:170
┌ Warning: Ingored unsupported keyword arguments: gamma = -0.5349632084112943 - 0.8448753550946401im
└ @ HomotopyContinuation ~/.julia/packages/HomotopyContinuation/98yZ2/src/utils.jl:170
┌ Warning: Ingored unsupported keyword arguments: gamma = 0.36575524324494413 - 0.9307110733406108im
└ @ HomotopyContinuation ~/.julia/packages/HomotopyContinuation/98yZ2/src/utils.jl:170
┌ Warning: Ingored unsupported keyword arguments: gamma = -0.9486803108202563 - 0.3162367275665209im
└ @ HomotopyContinuation ~/.julia/packages/HomotopyContinuation/98yZ2/src/utils.jl:170
┌ Warning: Ingored unsupported keyword arguments: gamma = 0.6012864078602516 + 0.7990335760920909im
└ @ HomotopyContinuation ~/.julia/packages/HomotopyContinuation/98yZ2/src/utils.jl:170
┌ Warning: Ingored unsupported keyword arguments: gamma = -0.9929939055499096 + 0.11816557680110228im
└ @ HomotopyContinuation ~/.julia/packages/HomotopyContinuation/98yZ2/src/utils.jl:170
┌ Warning: Ingored unsupported keyword arguments: gamma = 0.7215972793896208 - 0.6923130551834896im
└ @ HomotopyContinuation ~/.julia/packages/HomotopyContinuation/98yZ2/src/utils.jl:170
┌ Warning: Ingored unsupported keyword arguments: gamma = -0.9262061035381386 + 0.3770175775327974im
└ @ HomotopyContinuation ~/.julia/packages/HomotopyContinuation/98yZ2/src/utils.jl:170
┌ Warning: Ingored unsupported keyword arguments: gamma = 0.951499318856531 + 0.3076508511536374im
└ @ HomotopyContinuation ~/.julia/packages/HomotopyContinuation/98yZ2/src/utils.jl:170
┌ Warning: Ingored unsupported keyword arguments: gamma = -0.9692930029664526 + 0.24590867085216092im
└ @ HomotopyContinuation ~/.julia/packages/HomotopyContinuation/98yZ2/src/utils.jl:170
┌ Warning: Ingored unsupported keyword arguments: gamma = -0.7461202954397855 + 0.6658111629680349im
└ @ HomotopyContinuation ~/.julia/packages/HomotopyContinuation/98yZ2/src/utils.jl:170
┌ Warning: Ingored unsupported keyword arguments: gamma = -0.8823152355816666 + 0.4706589264642371im
└ @ HomotopyContinuation ~/.julia/packages/HomotopyContinuation/98yZ2/src/utils.jl:170
┌ Warning: Ingored unsupported keyword arguments: gamma = -0.9753998638481346 + 0.22044297585779538im
└ @ HomotopyContinuation ~/.julia/packages/HomotopyContinuation/98yZ2/src/utils.jl:170
┌ Warning: Ingored unsupported keyword arguments: gamma = -0.11580805618766667 + 0.9932716114548096im
└ @ HomotopyContinuation ~/.julia/packages/HomotopyContinuation/98yZ2/src/utils.jl:170
┌ Warning: Ingored unsupported keyword arguments: gamma = -0.3184170126941536 - 0.9479507402955764im
└ @ HomotopyContinuation ~/.julia/packages/HomotopyContinuation/98yZ2/src/utils.jl:170
┌ Warning: Ingored unsupported keyword arguments: gamma = 0.09304480549682442 - 0.9956619226273836im
└ @ HomotopyContinuation ~/.julia/packages/HomotopyContinuation/98yZ2/src/utils.jl:170
┌ Warning: Ingored unsupported keyword arguments: gamma = 0.9998285467127495 - 0.018516943005563856im
└ @ HomotopyContinuation ~/.julia/packages/HomotopyContinuation/98yZ2/src/utils.jl:170
┌ Warning: Ingored unsupported keyword arguments: gamma = 0.5609076620334728 + 0.8278783694916443im
└ @ HomotopyContinuation ~/.julia/packages/HomotopyContinuation/98yZ2/src/utils.jl:170
┌ Warning: Ingored unsupported keyword arguments: gamma = -0.6788102165470564 + 0.7343137544070235im
└ @ HomotopyContinuation ~/.julia/packages/HomotopyContinuation/98yZ2/src/utils.jl:170
┌ Warning: Ingored unsupported keyword arguments: gamma = -0.35682088590377714 - 0.9341728187989863im
└ @ HomotopyContinuation ~/.julia/packages/HomotopyContinuation/98yZ2/src/utils.jl:170
┌ Warning: Ingored unsupported keyword arguments: gamma = 0.8159281320940293 - 0.5781533388795298im
└ @ HomotopyContinuation ~/.julia/packages/HomotopyContinuation/98yZ2/src/utils.jl:170
┌ Warning: Ingored unsupported keyword arguments: gamma = -0.3651381587111978 - 0.9309533420386846im
└ @ HomotopyContinuation ~/.julia/packages/HomotopyContinuation/98yZ2/src/utils.jl:170
┌ Warning: Ingored unsupported keyword arguments: gamma = -0.07570104476199224 - 0.9971305590653327im
└ @ HomotopyContinuation ~/.julia/packages/HomotopyContinuation/98yZ2/src/utils.jl:170
┌ Warning: Ingored unsupported keyword arguments: gamma = 0.9661853422509409 - 0.2578485687752257im
└ @ HomotopyContinuation ~/.julia/packages/HomotopyContinuation/98yZ2/src/utils.jl:170
┌ Warning: Ingored unsupported keyword arguments: gamma = -0.3859065435239743 - 0.9225378797997288im
└ @ HomotopyContinuation ~/.julia/packages/HomotopyContinuation/98yZ2/src/utils.jl:170
┌ Warning: Ingored unsupported keyword arguments: gamma = 0.2596549107693842 + 0.9657014690437947im
└ @ HomotopyContinuation ~/.julia/packages/HomotopyContinuation/98yZ2/src/utils.jl:170
┌ Warning: Ingored unsupported keyword arguments: gamma = 0.7299923538792149 - 0.6834553118367601im
└ @ HomotopyContinuation ~/.julia/packages/HomotopyContinuation/98yZ2/src/utils.jl:170
┌ Warning: Ingored unsupported keyword arguments: gamma = 0.1573482012473497 - 0.9875431856704918im
└ @ HomotopyContinuation ~/.julia/packages/HomotopyContinuation/98yZ2/src/utils.jl:170
┌ Warning: Ingored unsupported keyword arguments: gamma = 0.6638555197978089 + 0.7478608485767796im
└ @ HomotopyContinuation ~/.julia/packages/HomotopyContinuation/98yZ2/src/utils.jl:170
┌ Warning: Ingored unsupported keyword arguments: gamma = -0.8883879934365937 - 0.4590934252608098im
└ @ HomotopyContinuation ~/.julia/packages/HomotopyContinuation/98yZ2/src/utils.jl:170
┌ Warning: Ingored unsupported keyword arguments: gamma = 0.8820517758148964 - 0.4711524857005297im
└ @ HomotopyContinuation ~/.julia/packages/HomotopyContinuation/98yZ2/src/utils.jl:170
┌ Warning: Ingored unsupported keyword arguments: gamma = 0.2690901644936458 + 0.9631149896937451im
└ @ HomotopyContinuation ~/.julia/packages/HomotopyContinuation/98yZ2/src/utils.jl:170
┌ Warning: Ingored unsupported keyword arguments: gamma = 0.8052310334834428 + 0.5929611983217675im
└ @ HomotopyContinuation ~/.julia/packages/HomotopyContinuation/98yZ2/src/utils.jl:170
┌ Warning: Ingored unsupported keyword arguments: gamma = 0.9167157385853718 - 0.39954005384926833im
└ @ HomotopyContinuation ~/.julia/packages/HomotopyContinuation/98yZ2/src/utils.jl:170
┌ Warning: Ingored unsupported keyword arguments: gamma = -0.7000682705496611 - 0.7140759179314244im
└ @ HomotopyContinuation ~/.julia/packages/HomotopyContinuation/98yZ2/src/utils.jl:170
┌ Warning: Ingored unsupported keyword arguments: gamma = 0.9989315300095823 - 0.04621469844881414im
└ @ HomotopyContinuation ~/.julia/packages/HomotopyContinuation/98yZ2/src/utils.jl:170
┌ Warning: Ingored unsupported keyword arguments: gamma = 0.6418643466856706 + 0.7668182056092417im
└ @ HomotopyContinuation ~/.julia/packages/HomotopyContinuation/98yZ2/src/utils.jl:170
┌ Warning: Ingored unsupported keyword arguments: gamma = -0.4824372479142516 - 0.8759305348170727im
└ @ HomotopyContinuation ~/.julia/packages/HomotopyContinuation/98yZ2/src/utils.jl:170
┌ Warning: Ingored unsupported keyword arguments: gamma = 0.9907450421746634 + 0.13573599893294525im
└ @ HomotopyContinuation ~/.julia/packages/HomotopyContinuation/98yZ2/src/utils.jl:170
┌ Warning: Ingored unsupported keyword arguments: gamma = -0.9922226884751952 - 0.1244754452695618im
└ @ HomotopyContinuation ~/.julia/packages/HomotopyContinuation/98yZ2/src/utils.jl:170
┌ Warning: Ingored unsupported keyword arguments: gamma = -0.7609137092931555 + 0.6488530858443468im
└ @ HomotopyContinuation ~/.julia/packages/HomotopyContinuation/98yZ2/src/utils.jl:170
┌ Warning: Ingored unsupported keyword arguments: gamma = 0.06708400582883153 + 0.9977473308217654im
└ @ HomotopyContinuation ~/.julia/packages/HomotopyContinuation/98yZ2/src/utils.jl:170
┌ Warning: Ingored unsupported keyword arguments: gamma = -0.8629935269114861 + 0.5052149765286793im
└ @ HomotopyContinuation ~/.julia/packages/HomotopyContinuation/98yZ2/src/utils.jl:170
┌ Warning: Ingored unsupported keyword arguments: gamma = -0.9994113583378436 - 0.034306512870102876im
└ @ HomotopyContinuation ~/.julia/packages/HomotopyContinuation/98yZ2/src/utils.jl:170
┌ Warning: Ingored unsupported keyword arguments: gamma = -0.39101775838639546 + 0.9203831336060426im
└ @ HomotopyContinuation ~/.julia/packages/HomotopyContinuation/98yZ2/src/utils.jl:170
┌ Warning: Ingored unsupported keyword arguments: gamma = 0.8050772964539845 - 0.5931699138816323im
└ @ HomotopyContinuation ~/.julia/packages/HomotopyContinuation/98yZ2/src/utils.jl:170
┌ Warning: Ingored unsupported keyword arguments: gamma = 0.5601158077384466 - 0.8284143177912291im
└ @ HomotopyContinuation ~/.julia/packages/HomotopyContinuation/98yZ2/src/utils.jl:170
┌ Warning: Ingored unsupported keyword arguments: gamma = -0.9371871695513555 + 0.3488269043928792im
└ @ HomotopyContinuation ~/.julia/packages/HomotopyContinuation/98yZ2/src/utils.jl:170
┌ Warning: Ingored unsupported keyword arguments: gamma = 0.8022673069571945 + 0.5969649639532044im
└ @ HomotopyContinuation ~/.julia/packages/HomotopyContinuation/98yZ2/src/utils.jl:170
┌ Warning: Ingored unsupported keyword arguments: gamma = 0.5522622602946352 + 0.8336704359962998im
└ @ HomotopyContinuation ~/.julia/packages/HomotopyContinuation/98yZ2/src/utils.jl:170
┌ Warning: Ingored unsupported keyword arguments: gamma = 0.9355164500596153 - 0.3532831324417505im
└ @ HomotopyContinuation ~/.julia/packages/HomotopyContinuation/98yZ2/src/utils.jl:170
┌ Warning: Ingored unsupported keyword arguments: gamma = 0.5286050154930709 - 0.848867915282213im
└ @ HomotopyContinuation ~/.julia/packages/HomotopyContinuation/98yZ2/src/utils.jl:170
┌ Warning: Ingored unsupported keyword arguments: gamma = -0.9989996278330437 + 0.04471849270089606im
└ @ HomotopyContinuation ~/.julia/packages/HomotopyContinuation/98yZ2/src/utils.jl:170
┌ Warning: Ingored unsupported keyword arguments: gamma = -0.7162463963850433 - 0.697847475932556im
└ @ HomotopyContinuation ~/.julia/packages/HomotopyContinuation/98yZ2/src/utils.jl:170
┌ Warning: Ingored unsupported keyword arguments: gamma = 0.9907880190529501 + 0.13542193803491018im
└ @ HomotopyContinuation ~/.julia/packages/HomotopyContinuation/98yZ2/src/utils.jl:170
┌ Warning: Ingored unsupported keyword arguments: gamma = 0.8251458506343198 - 0.5649197510982996im
└ @ HomotopyContinuation ~/.julia/packages/HomotopyContinuation/98yZ2/src/utils.jl:170
┌ Warning: Ingored unsupported keyword arguments: gamma = -0.3612575388642983 + 0.9324660801411009im
└ @ HomotopyContinuation ~/.julia/packages/HomotopyContinuation/98yZ2/src/utils.jl:170
┌ Warning: Ingored unsupported keyword arguments: gamma = 0.34176908975339254 - 0.9397839588379542im
└ @ HomotopyContinuation ~/.julia/packages/HomotopyContinuation/98yZ2/src/utils.jl:170
┌ Warning: Ingored unsupported keyword arguments: gamma = 0.6950054622606813 + 0.7190044557774429im
└ @ HomotopyContinuation ~/.julia/packages/HomotopyContinuation/98yZ2/src/utils.jl:170
┌ Warning: Ingored unsupported keyword arguments: gamma = 0.5328466285574581 + 0.8462118354377646im
└ @ HomotopyContinuation ~/.julia/packages/HomotopyContinuation/98yZ2/src/utils.jl:170
┌ Warning: Ingored unsupported keyword arguments: gamma = 0.9926930008454778 - 0.12066733639390648im
└ @ HomotopyContinuation ~/.julia/packages/HomotopyContinuation/98yZ2/src/utils.jl:170
┌ Warning: Ingored unsupported keyword arguments: gamma = 0.9913183527230705 - 0.13148354860748995im
└ @ HomotopyContinuation ~/.julia/packages/HomotopyContinuation/98yZ2/src/utils.jl:170
┌ Warning: Ingored unsupported keyword arguments: gamma = -0.9320821231117328 + 0.36224703694512767im
└ @ HomotopyContinuation ~/.julia/packages/HomotopyContinuation/98yZ2/src/utils.jl:170
┌ Warning: Ingored unsupported keyword arguments: gamma = 0.5003644840380796 + 0.8658148665351655im
└ @ HomotopyContinuation ~/.julia/packages/HomotopyContinuation/98yZ2/src/utils.jl:170
┌ Warning: Ingored unsupported keyword arguments: gamma = -0.2611651834141564 - 0.9652941245922146im
└ @ HomotopyContinuation ~/.julia/packages/HomotopyContinuation/98yZ2/src/utils.jl:170
┌ Warning: Ingored unsupported keyword arguments: gamma = 0.7666330746238798 - 0.642085452952126im
└ @ HomotopyContinuation ~/.julia/packages/HomotopyContinuation/98yZ2/src/utils.jl:170
┌ Warning: Ingored unsupported keyword arguments: gamma = -0.4109033389381057 + 0.9116789160935533im
└ @ HomotopyContinuation ~/.julia/packages/HomotopyContinuation/98yZ2/src/utils.jl:170
┌ Warning: Ingored unsupported keyword arguments: gamma = -0.5642636740957883 + 0.8255946378798267im
└ @ HomotopyContinuation ~/.julia/packages/HomotopyContinuation/98yZ2/src/utils.jl:170
┌ Warning: Ingored unsupported keyword arguments: gamma = 0.990409753267679 - 0.13816121247388966im
└ @ HomotopyContinuation ~/.julia/packages/HomotopyContinuation/98yZ2/src/utils.jl:170
┌ Warning: Ingored unsupported keyword arguments: gamma = -0.8080883757426973 - 0.5890612676025553im
└ @ HomotopyContinuation ~/.julia/packages/HomotopyContinuation/98yZ2/src/utils.jl:170
┌ Warning: Ingored unsupported keyword arguments: gamma = -0.3689390518356185 - 0.9294535900359064im
└ @ HomotopyContinuation ~/.julia/packages/HomotopyContinuation/98yZ2/src/utils.jl:170
┌ Warning: Ingored unsupported keyword arguments: gamma = 0.9914646367170415 - 0.13037589554647327im
└ @ HomotopyContinuation ~/.julia/packages/HomotopyContinuation/98yZ2/src/utils.jl:170
┌ Warning: Ingored unsupported keyword arguments: gamma = 0.7433631837721463 - 0.6688880153001235im
└ @ HomotopyContinuation ~/.julia/packages/HomotopyContinuation/98yZ2/src/utils.jl:170
┌ Warning: Ingored unsupported keyword arguments: gamma = -0.017963159303487592 - 0.9998386494369167im
└ @ HomotopyContinuation ~/.julia/packages/HomotopyContinuation/98yZ2/src/utils.jl:170
┌ Warning: Ingored unsupported keyword arguments: gamma = -0.3040239514382286 - 0.9526643884138242im
└ @ HomotopyContinuation ~/.julia/packages/HomotopyContinuation/98yZ2/src/utils.jl:170
┌ Warning: Ingored unsupported keyword arguments: gamma = -0.9513378784878586 + 0.30814970542614584im
└ @ HomotopyContinuation ~/.julia/packages/HomotopyContinuation/98yZ2/src/utils.jl:170
┌ Warning: Ingored unsupported keyword arguments: gamma = 0.2480728041737795 - 0.9687413916156147im
└ @ HomotopyContinuation ~/.julia/packages/HomotopyContinuation/98yZ2/src/utils.jl:170
┌ Warning: Ingored unsupported keyword arguments: gamma = -0.9996227194068159 + 0.027466686107395742im
└ @ HomotopyContinuation ~/.julia/packages/HomotopyContinuation/98yZ2/src/utils.jl:170
┌ Warning: Ingored unsupported keyword arguments: gamma = -0.9973047478273553 + 0.0733705660398985im
└ @ HomotopyContinuation ~/.julia/packages/HomotopyContinuation/98yZ2/src/utils.jl:170
┌ Warning: Ingored unsupported keyword arguments: gamma = 0.5527648178454744 + 0.8333373003485801im
└ @ HomotopyContinuation ~/.julia/packages/HomotopyContinuation/98yZ2/src/utils.jl:170
┌ Warning: Ingored unsupported keyword arguments: gamma = -0.9994043077204497 - 0.034511298292133855im
└ @ HomotopyContinuation ~/.julia/packages/HomotopyContinuation/98yZ2/src/utils.jl:170
┌ Warning: Ingored unsupported keyword arguments: gamma = -0.9995105666618882 + 0.031283016658102264im
└ @ HomotopyContinuation ~/.julia/packages/HomotopyContinuation/98yZ2/src/utils.jl:170
┌ Warning: Ingored unsupported keyword arguments: gamma = 0.9981752270131936 + 0.060383906607302106im
└ @ HomotopyContinuation ~/.julia/packages/HomotopyContinuation/98yZ2/src/utils.jl:170
┌ Warning: Ingored unsupported keyword arguments: gamma = -0.8445241227350468 + 0.5355175124294251im
└ @ HomotopyContinuation ~/.julia/packages/HomotopyContinuation/98yZ2/src/utils.jl:170
┌ Warning: Ingored unsupported keyword arguments: gamma = 0.9660421737161089 + 0.2583844395505565im
└ @ HomotopyContinuation ~/.julia/packages/HomotopyContinuation/98yZ2/src/utils.jl:170
┌ Warning: Ingored unsupported keyword arguments: gamma = -0.4931737745176166 + 0.869930818012586im
└ @ HomotopyContinuation ~/.julia/packages/HomotopyContinuation/98yZ2/src/utils.jl:170
┌ Warning: Ingored unsupported keyword arguments: gamma = -0.4118172902590916 + 0.9112664371322249im
└ @ HomotopyContinuation ~/.julia/packages/HomotopyContinuation/98yZ2/src/utils.jl:170
┌ Warning: Ingored unsupported keyword arguments: gamma = 0.9909281061402034 + 0.13439303725040838im
└ @ HomotopyContinuation ~/.julia/packages/HomotopyContinuation/98yZ2/src/utils.jl:170
┌ Warning: Ingored unsupported keyword arguments: gamma = -0.9149433899747593 + 0.40358220121989447im
└ @ HomotopyContinuation ~/.julia/packages/HomotopyContinuation/98yZ2/src/utils.jl:170
┌ Warning: Ingored unsupported keyword arguments: gamma = -0.6587717778577064 - 0.7523428372080091im
└ @ HomotopyContinuation ~/.julia/packages/HomotopyContinuation/98yZ2/src/utils.jl:170
┌ Warning: Ingored unsupported keyword arguments: gamma = -0.8389021310003839 + 0.5442822931191265im
└ @ HomotopyContinuation ~/.julia/packages/HomotopyContinuation/98yZ2/src/utils.jl:170
┌ Warning: Ingored unsupported keyword arguments: gamma = 0.3764634971076033 - 0.9264314520489433im
└ @ HomotopyContinuation ~/.julia/packages/HomotopyContinuation/98yZ2/src/utils.jl:170
┌ Warning: Ingored unsupported keyword arguments: gamma = -0.8291196135260758 + 0.5590712534788125im
└ @ HomotopyContinuation ~/.julia/packages/HomotopyContinuation/98yZ2/src/utils.jl:170
┌ Warning: Ingored unsupported keyword arguments: gamma = 0.06078244645489193 + 0.9981510377708166im
└ @ HomotopyContinuation ~/.julia/packages/HomotopyContinuation/98yZ2/src/utils.jl:170
┌ Warning: Ingored unsupported keyword arguments: gamma = -0.40099755738546433 - 0.9160791226585677im
└ @ HomotopyContinuation ~/.julia/packages/HomotopyContinuation/98yZ2/src/utils.jl:170
┌ Warning: Ingored unsupported keyword arguments: gamma = -0.39555093858361184 + 0.9184440402036608im
└ @ HomotopyContinuation ~/.julia/packages/HomotopyContinuation/98yZ2/src/utils.jl:170
┌ Warning: Ingored unsupported keyword arguments: gamma = 0.9930489242676855 - 0.11770231098322788im
└ @ HomotopyContinuation ~/.julia/packages/HomotopyContinuation/98yZ2/src/utils.jl:170
┌ Warning: Ingored unsupported keyword arguments: gamma = 0.9537041144316027 + 0.3007465080698899im
└ @ HomotopyContinuation ~/.julia/packages/HomotopyContinuation/98yZ2/src/utils.jl:170
┌ Warning: Ingored unsupported keyword arguments: gamma = 0.4521984461647691 + 0.8919173533944545im
└ @ HomotopyContinuation ~/.julia/packages/HomotopyContinuation/98yZ2/src/utils.jl:170
ATTEMPT 7 W0 TRACKED 21 nsol=64 0.02s 2026-07-22T17:52:43.506
ATTEMPT 7 W0 TRACK 22 2026-07-22T17:52:43.506
ATTEMPT 7 W0 TRACKED 22 nsol=64 0.02s 2026-07-22T17:52:43.529
ATTEMPT 7 W0 TRACK 23 2026-07-22T17:52:43.529
ATTEMPT 7 W0 TRACKED 23 nsol=64 0.02s 2026-07-22T17:52:43.551
ATTEMPT 7 W0 TRACK 24 2026-07-22T17:52:43.551
ATTEMPT 7 W0 TRACKED 24 nsol=64 0.03s 2026-07-22T17:52:43.581
ATTEMPT 7 W0 TRACK 25 2026-07-22T17:52:43.581
ATTEMPT 7 W0 TRACKED 25 nsol=64 0.03s 2026-07-22T17:52:43.616
ATTEMPT 7 W0 DONE ptrack seed=429043 nsol=64 1.54s 2026-07-22T17:52:43.616
ATTEMPT 8 W0 START ptrack6x2 seed=429044 2026-07-22T17:52:43.616
ATTEMPT 8 W0 SOLVE ptrack fresh 2026-07-22T17:52:43.711
ATTEMPT 8 W0 FRESH-DONE nsol=64 0.07s 2026-07-22T17:52:43.779
ATTEMPT 8 W0 TRACK 1 2026-07-22T17:52:43.779
ATTEMPT 8 W0 TRACKED 1 nsol=64 0.03s 2026-07-22T17:52:43.811
ATTEMPT 8 W0 TRACK 2 2026-07-22T17:52:43.812
ATTEMPT 8 W0 TRACKED 2 nsol=64 0.02s 2026-07-22T17:52:43.834
ATTEMPT 8 W0 TRACK 3 2026-07-22T17:52:43.834
ATTEMPT 8 W0 TRACKED 3 nsol=64 0.03s 2026-07-22T17:52:43.868
ATTEMPT 8 W0 TRACK 4 2026-07-22T17:52:43.868
ATTEMPT 8 W0 TRACKED 4 nsol=64 0.03s 2026-07-22T17:52:43.899
ATTEMPT 8 W0 TRACK 5 2026-07-22T17:52:43.899
ATTEMPT 8 W0 TRACKED 5 nsol=64 0.02s 2026-07-22T17:52:43.921
ATTEMPT 8 W0 TRACK 6 2026-07-22T17:52:43.921
ATTEMPT 8 W0 TRACKED 6 nsol=64 0.03s 2026-07-22T17:52:43.951
ATTEMPT 8 W0 TRACK 7 2026-07-22T17:52:43.951
ATTEMPT 8 W0 TRACKED 7 nsol=64 0.02s 2026-07-22T17:52:43.976
ATTEMPT 8 W0 TRACK 8 2026-07-22T17:52:43.977
ATTEMPT 8 W0 TRACKED 8 nsol=64 0.03s 2026-07-22T17:52:44.004
ATTEMPT 8 W0 TRACK 9 2026-07-22T17:52:44.004
ATTEMPT 8 W0 TRACKED 9 nsol=64 0.03s 2026-07-22T17:52:44.034
ATTEMPT 8 W0 TRACK 10 2026-07-22T17:52:44.035
ATTEMPT 8 W0 TRACKED 10 nsol=64 0.03s 2026-07-22T17:52:44.063
ATTEMPT 8 W0 TRACK 11 2026-07-22T17:52:44.063
ATTEMPT 8 W0 TRACKED 11 nsol=64 0.03s 2026-07-22T17:52:44.091
ATTEMPT 8 W0 TRACK 12 2026-07-22T17:52:44.091
ATTEMPT 8 W0 TRACKED 12 nsol=64 0.03s 2026-07-22T17:52:44.117
ATTEMPT 8 W0 TRACK 13 2026-07-22T17:52:44.117
ATTEMPT 8 W0 TRACKED 13 nsol=64 0.03s 2026-07-22T17:52:44.142
ATTEMPT 8 W0 TRACK 14 2026-07-22T17:52:44.142
ATTEMPT 8 W0 TRACKED 14 nsol=64 0.03s 2026-07-22T17:52:44.170
ATTEMPT 8 W0 TRACK 15 2026-07-22T17:52:44.170
ATTEMPT 8 W0 TRACKED 15 nsol=64 0.03s 2026-07-22T17:52:44.198
ATTEMPT 8 W0 TRACK 16 2026-07-22T17:52:44.198
ATTEMPT 8 W0 TRACKED 16 nsol=64 0.03s 2026-07-22T17:52:44.231
ATTEMPT 8 W0 TRACK 17 2026-07-22T17:52:44.231
ATTEMPT 8 W0 TRACKED 17 nsol=64 0.03s 2026-07-22T17:52:44.266
ATTEMPT 8 W0 TRACK 18 2026-07-22T17:52:44.266
ATTEMPT 8 W0 TRACKED 18 nsol=64 0.02s 2026-07-22T17:52:44.291
ATTEMPT 8 W0 TRACK 19 2026-07-22T17:52:44.291
ATTEMPT 8 W0 TRACKED 19 nsol=64 0.03s 2026-07-22T17:52:44.316
ATTEMPT 8 W0 TRACK 20 2026-07-22T17:52:44.316
ATTEMPT 8 W0 TRACKED 20 nsol=64 0.02s 2026-07-22T17:52:44.340
ATTEMPT 8 W0 TRACK 21 2026-07-22T17:52:44.340
ATTEMPT 8 W0 TRACKED 21 nsol=64 0.02s 2026-07-22T17:52:44.362
ATTEMPT 8 W0 TRACK 22 2026-07-22T17:52:44.362
ATTEMPT 8 W0 TRACKED 22 nsol=64 0.02s 2026-07-22T17:52:44.386
ATTEMPT 8 W0 TRACK 23 2026-07-22T17:52:44.386
ATTEMPT 8 W0 TRACKED 23 nsol=64 0.03s 2026-07-22T17:52:44.412
ATTEMPT 8 W0 TRACK 24 2026-07-22T17:52:44.412
ATTEMPT 8 W0 TRACKED 24 nsol=64 0.03s 2026-07-22T17:52:44.443
ATTEMPT 8 W0 TRACK 25 2026-07-22T17:52:44.443
ATTEMPT 8 W0 TRACKED 25 nsol=64 0.02s 2026-07-22T17:52:44.465
ATTEMPT 8 W0 DONE ptrack seed=429044 nsol=64 0.75s 2026-07-22T17:52:44.465
ATTEMPT 9 W0 START ptrack6x2 seed=429045 2026-07-22T17:52:44.465
ATTEMPT 9 W0 SOLVE ptrack fresh 2026-07-22T17:52:44.546
ATTEMPT 9 W0 FRESH-DONE nsol=64 0.13s 2026-07-22T17:52:44.674
ATTEMPT 9 W0 TRACK 1 2026-07-22T17:52:44.674
ATTEMPT 9 W0 TRACKED 1 nsol=64 0.05s 2026-07-22T17:52:44.722
ATTEMPT 9 W0 TRACK 2 2026-07-22T17:52:44.722
ATTEMPT 9 W0 TRACKED 2 nsol=64 0.05s 2026-07-22T17:52:44.769
ATTEMPT 9 W0 TRACK 3 2026-07-22T17:52:44.769
ATTEMPT 9 W0 TRACKED 3 nsol=64 0.02s 2026-07-22T17:52:44.794
ATTEMPT 9 W0 TRACK 4 2026-07-22T17:52:44.794
ATTEMPT 9 W0 TRACKED 4 nsol=64 0.02s 2026-07-22T17:52:44.816
ATTEMPT 9 W0 TRACK 5 2026-07-22T17:52:44.816
ATTEMPT 9 W0 TRACKED 5 nsol=64 0.03s 2026-07-22T17:52:44.844
ATTEMPT 9 W0 TRACK 6 2026-07-22T17:52:44.845
ATTEMPT 9 W0 TRACKED 6 nsol=64 0.03s 2026-07-22T17:52:44.874
ATTEMPT 9 W0 TRACK 7 2026-07-22T17:52:44.874
ATTEMPT 9 W0 TRACKED 7 nsol=64 0.02s 2026-07-22T17:52:44.898
ATTEMPT 9 W0 TRACK 8 2026-07-22T17:52:44.898
ATTEMPT 9 W0 TRACKED 8 nsol=64 0.03s 2026-07-22T17:52:44.925
ATTEMPT 9 W0 TRACK 9 2026-07-22T17:52:44.925
ATTEMPT 9 W0 TRACKED 9 nsol=64 0.02s 2026-07-22T17:52:44.948
ATTEMPT 9 W0 TRACK 10 2026-07-22T17:52:44.948
ATTEMPT 9 W0 TRACKED 10 nsol=64 0.02s 2026-07-22T17:52:44.971
ATTEMPT 9 W0 TRACK 11 2026-07-22T17:52:44.971
ATTEMPT 9 W0 TRACKED 11 nsol=64 0.02s 2026-07-22T17:52:44.996
ATTEMPT 9 W0 TRACK 12 2026-07-22T17:52:44.996
ATTEMPT 9 W0 TRACKED 12 nsol=64 0.03s 2026-07-22T17:52:45.021
ATTEMPT 9 W0 TRACK 13 2026-07-22T17:52:45.021
ATTEMPT 9 W0 TRACKED 13 nsol=64 0.03s 2026-07-22T17:52:45.050
ATTEMPT 9 W0 TRACK 14 2026-07-22T17:52:45.050
ATTEMPT 9 W0 TRACKED 14 nsol=64 0.02s 2026-07-22T17:52:45.071
ATTEMPT 9 W0 TRACK 15 2026-07-22T17:52:45.071
ATTEMPT 9 W0 TRACKED 15 nsol=64 0.02s 2026-07-22T17:52:45.094
ATTEMPT 9 W0 TRACK 16 2026-07-22T17:52:45.094
ATTEMPT 9 W0 TRACKED 16 nsol=64 0.02s 2026-07-22T17:52:45.118
ATTEMPT 9 W0 TRACK 17 2026-07-22T17:52:45.118
ATTEMPT 9 W0 TRACKED 17 nsol=64 0.03s 2026-07-22T17:52:45.148
ATTEMPT 9 W0 TRACK 18 2026-07-22T17:52:45.149
ATTEMPT 9 W0 TRACKED 18 nsol=64 0.03s 2026-07-22T17:52:45.177
ATTEMPT 9 W0 TRACK 19 2026-07-22T17:52:45.177
ATTEMPT 9 W0 TRACKED 19 nsol=64 0.04s 2026-07-22T17:52:45.214
ATTEMPT 9 W0 TRACK 20 2026-07-22T17:52:45.219
ATTEMPT 9 W0 TRACKED 20 nsol=64 0.03s 2026-07-22T17:52:45.254
ATTEMPT 9 W0 TRACK 21 2026-07-22T17:52:45.254
ATTEMPT 9 W0 TRACKED 21 nsol=64 0.02s 2026-07-22T17:52:45.278
ATTEMPT 9 W0 TRACK 22 2026-07-22T17:52:45.278
ATTEMPT 9 W0 TRACKED 22 nsol=64 0.03s 2026-07-22T17:52:45.312
ATTEMPT 9 W0 TRACK 23 2026-07-22T17:52:45.312
ATTEMPT 9 W0 TRACKED 23 nsol=64 0.05s 2026-07-22T17:52:45.360
ATTEMPT 9 W0 TRACK 24 2026-07-22T17:52:45.360
ATTEMPT 9 W0 TRACKED 24 nsol=64 0.05s 2026-07-22T17:52:45.408
ATTEMPT 9 W0 TRACK 25 2026-07-22T17:52:45.409
ATTEMPT 9 W0 TRACKED 25 nsol=64 0.05s 2026-07-22T17:52:45.457
ATTEMPT 9 W0 DONE ptrack seed=429045 nsol=64 0.91s 2026-07-22T17:52:45.457
ATTEMPT 10 W0 START ptrack6x2 seed=429046 2026-07-22T17:52:45.457
ATTEMPT 10 W0 SOLVE ptrack fresh 2026-07-22T17:52:46.379
ATTEMPT 10 W0 FRESH-DONE nsol=64 0.07s 2026-07-22T17:52:46.445
ATTEMPT 10 W0 TRACK 1 2026-07-22T17:52:46.445
ATTEMPT 10 W0 TRACKED 1 nsol=64 0.02s 2026-07-22T17:52:46.468
ATTEMPT 10 W0 TRACK 2 2026-07-22T17:52:46.468
ATTEMPT 10 W0 TRACKED 2 nsol=64 0.03s 2026-07-22T17:52:46.500
ATTEMPT 10 W0 TRACK 3 2026-07-22T17:52:46.500
ATTEMPT 10 W0 TRACKED 3 nsol=64 0.04s 2026-07-22T17:52:46.536
ATTEMPT 10 W0 TRACK 4 2026-07-22T17:52:46.536
ATTEMPT 10 W0 TRACKED 4 nsol=64 0.03s 2026-07-22T17:52:46.568
ATTEMPT 10 W0 TRACK 5 2026-07-22T17:52:46.568
ATTEMPT 10 W0 TRACKED 5 nsol=64 0.03s 2026-07-22T17:52:46.595
ATTEMPT 10 W0 TRACK 6 2026-07-22T17:52:46.595
ATTEMPT 10 W0 TRACKED 6 nsol=64 0.02s 2026-07-22T17:52:46.618
ATTEMPT 10 W0 TRACK 7 2026-07-22T17:52:46.618
ATTEMPT 10 W0 TRACKED 7 nsol=64 0.02s 2026-07-22T17:52:46.640
ATTEMPT 10 W0 TRACK 8 2026-07-22T17:52:46.640
ATTEMPT 10 W0 TRACKED 8 nsol=64 0.03s 2026-07-22T17:52:46.674
ATTEMPT 10 W0 TRACK 9 2026-07-22T17:52:46.674
ATTEMPT 10 W0 TRACKED 9 nsol=64 0.02s 2026-07-22T17:52:46.699
ATTEMPT 10 W0 TRACK 10 2026-07-22T17:52:46.699
ATTEMPT 10 W0 TRACKED 10 nsol=64 0.03s 2026-07-22T17:52:46.728
ATTEMPT 10 W0 TRACK 11 2026-07-22T17:52:46.728
ATTEMPT 10 W0 TRACKED 11 nsol=64 0.03s 2026-07-22T17:52:46.757
ATTEMPT 10 W0 TRACK 12 2026-07-22T17:52:46.757
ATTEMPT 10 W0 TRACKED 12 nsol=64 0.02s 2026-07-22T17:52:46.781
ATTEMPT 10 W0 TRACK 13 2026-07-22T17:52:46.781
ATTEMPT 10 W0 TRACKED 13 nsol=64 0.02s 2026-07-22T17:52:46.806
ATTEMPT 10 W0 TRACK 14 2026-07-22T17:52:46.806
ATTEMPT 10 W0 TRACKED 14 nsol=64 0.03s 2026-07-22T17:52:46.832
ATTEMPT 10 W0 TRACK 15 2026-07-22T17:52:46.832
ATTEMPT 10 W0 TRACKED 15 nsol=64 0.02s 2026-07-22T17:52:46.856
ATTEMPT 10 W0 TRACK 16 2026-07-22T17:52:46.856
ATTEMPT 10 W0 TRACKED 16 nsol=64 0.03s 2026-07-22T17:52:46.886
ATTEMPT 10 W0 TRACK 17 2026-07-22T17:52:46.886
ATTEMPT 10 W0 TRACKED 17 nsol=64 0.03s 2026-07-22T17:52:46.919
ATTEMPT 10 W0 TRACK 18 2026-07-22T17:52:46.920
ATTEMPT 10 W0 TRACKED 18 nsol=64 0.02s 2026-07-22T17:52:46.944
ATTEMPT 10 W0 TRACK 19 2026-07-22T17:52:46.944
ATTEMPT 10 W0 TRACKED 19 nsol=64 0.02s 2026-07-22T17:52:46.965
ATTEMPT 10 W0 TRACK 20 2026-07-22T17:52:46.965
ATTEMPT 10 W0 TRACKED 20 nsol=64 0.03s 2026-07-22T17:52:46.992
ATTEMPT 10 W0 TRACK 21 2026-07-22T17:52:46.992
ATTEMPT 10 W0 TRACKED 21 nsol=64 0.03s 2026-07-22T17:52:47.026
ATTEMPT 10 W0 TRACK 22 2026-07-22T17:52:47.026
ATTEMPT 10 W0 TRACKED 22 nsol=64 0.03s 2026-07-22T17:52:47.060
ATTEMPT 10 W0 TRACK 23 2026-07-22T17:52:47.060
ATTEMPT 10 W0 TRACKED 23 nsol=64 0.03s 2026-07-22T17:52:47.087
ATTEMPT 10 W0 TRACK 24 2026-07-22T17:52:47.087
ATTEMPT 10 W0 TRACKED 24 nsol=64 0.02s 2026-07-22T17:52:47.111
ATTEMPT 10 W0 TRACK 25 2026-07-22T17:52:47.111
ATTEMPT 10 W0 TRACKED 25 nsol=64 0.03s 2026-07-22T17:52:47.137
ATTEMPT 10 W0 DONE ptrack seed=429046 nsol=64 0.76s 2026-07-22T17:52:47.137
ATTEMPT 11 W0 START ptrack6x2 seed=429047 2026-07-22T17:52:47.138
ATTEMPT 11 W0 SOLVE ptrack fresh 2026-07-22T17:52:47.214
ATTEMPT 11 W0 FRESH-DONE nsol=64 0.09s 2026-07-22T17:52:47.302
ATTEMPT 11 W0 TRACK 1 2026-07-22T17:52:47.302
ATTEMPT 11 W0 TRACKED 1 nsol=64 0.06s 2026-07-22T17:52:47.358
ATTEMPT 11 W0 TRACK 2 2026-07-22T17:52:47.358
ATTEMPT 11 W0 TRACKED 2 nsol=64 0.05s 2026-07-22T17:52:47.413
ATTEMPT 11 W0 TRACK 3 2026-07-22T17:52:47.413
ATTEMPT 11 W0 TRACKED 3 nsol=64 0.05s 2026-07-22T17:52:47.460
ATTEMPT 11 W0 TRACK 4 2026-07-22T17:52:47.460
ATTEMPT 11 W0 TRACKED 4 nsol=64 0.04s 2026-07-22T17:52:47.496
ATTEMPT 11 W0 TRACK 5 2026-07-22T17:52:47.496
ATTEMPT 11 W0 TRACKED 5 nsol=64 0.04s 2026-07-22T17:52:47.533
ATTEMPT 11 W0 TRACK 6 2026-07-22T17:52:47.539
ATTEMPT 11 W0 TRACKED 6 nsol=64 0.04s 2026-07-22T17:52:47.578
ATTEMPT 11 W0 TRACK 7 2026-07-22T17:52:47.583
ATTEMPT 11 W0 TRACKED 7 nsol=64 0.05s 2026-07-22T17:52:47.636
ATTEMPT 11 W0 TRACK 8 2026-07-22T17:52:47.639
ATTEMPT 11 W0 TRACKED 8 nsol=64 0.06s 2026-07-22T17:52:47.699
ATTEMPT 11 W0 TRACK 9 2026-07-22T17:52:47.703
ATTEMPT 11 W0 TRACKED 9 nsol=64 0.06s 2026-07-22T17:52:47.761
ATTEMPT 11 W0 TRACK 10 2026-07-22T17:52:47.761
ATTEMPT 11 W0 TRACKED 10 nsol=64 0.05s 2026-07-22T17:52:47.806
ATTEMPT 11 W0 TRACK 11 2026-07-22T17:52:47.811
ATTEMPT 11 W0 TRACKED 11 nsol=64 0.06s 2026-07-22T17:52:47.876
ATTEMPT 11 W0 TRACK 12 2026-07-22T17:52:47.876
ATTEMPT 11 W0 TRACKED 12 nsol=64 0.05s 2026-07-22T17:52:47.927
ATTEMPT 11 W0 TRACK 13 2026-07-22T17:52:48.664
ATTEMPT 11 W0 TRACKED 13 nsol=64 0.03s 2026-07-22T17:52:48.695
ATTEMPT 11 W0 TRACK 14 2026-07-22T17:52:48.695
ATTEMPT 11 W0 TRACKED 14 nsol=64 0.02s 2026-07-22T17:52:48.716
ATTEMPT 11 W0 TRACK 15 2026-07-22T17:52:48.716
ATTEMPT 11 W0 TRACKED 15 nsol=64 0.03s 2026-07-22T17:52:48.745
ATTEMPT 11 W0 TRACK 16 2026-07-22T17:52:48.746
ATTEMPT 11 W0 TRACKED 16 nsol=64 0.03s 2026-07-22T17:52:48.775
ATTEMPT 11 W0 TRACK 17 2026-07-22T17:52:48.775
ATTEMPT 11 W0 TRACKED 17 nsol=64 0.02s 2026-07-22T17:52:48.797
ATTEMPT 11 W0 TRACK 18 2026-07-22T17:52:48.797
ATTEMPT 11 W0 TRACKED 18 nsol=64 0.02s 2026-07-22T17:52:48.821
ATTEMPT 11 W0 TRACK 19 2026-07-22T17:52:48.821
ATTEMPT 11 W0 TRACKED 19 nsol=64 0.03s 2026-07-22T17:52:48.853
ATTEMPT 11 W0 TRACK 20 2026-07-22T17:52:48.853
ATTEMPT 11 W0 TRACKED 20 nsol=64 0.03s 2026-07-22T17:52:48.882
ATTEMPT 11 W0 TRACK 21 2026-07-22T17:52:48.882
ATTEMPT 11 W0 TRACKED 21 nsol=64 0.03s 2026-07-22T17:52:48.909
ATTEMPT 11 W0 TRACK 22 2026-07-22T17:52:48.909
ATTEMPT 11 W0 TRACKED 22 nsol=64 0.02s 2026-07-22T17:52:48.933
ATTEMPT 11 W0 TRACK 23 2026-07-22T17:52:48.933
ATTEMPT 11 W0 TRACKED 23 nsol=64 0.02s 2026-07-22T17:52:48.954
ATTEMPT 11 W0 TRACK 24 2026-07-22T17:52:48.954
ATTEMPT 11 W0 TRACKED 24 nsol=64 0.03s 2026-07-22T17:52:48.980
ATTEMPT 11 W0 TRACK 25 2026-07-22T17:52:48.980
ATTEMPT 11 W0 TRACKED 25 nsol=64 0.02s 2026-07-22T17:52:49.002
ATTEMPT 11 W0 DONE ptrack seed=429047 nsol=64 1.79s 2026-07-22T17:52:49.003
ATTEMPT 12 W0 START ptrack6x2 seed=429048 2026-07-22T17:52:49.003
ATTEMPT 12 W0 SOLVE ptrack fresh 2026-07-22T17:52:49.078
ATTEMPT 12 W0 FRESH-DONE nsol=64 0.07s 2026-07-22T17:52:49.149
ATTEMPT 12 W0 TRACK 1 2026-07-22T17:52:49.149
ATTEMPT 12 W0 TRACKED 1 nsol=64 0.02s 2026-07-22T17:52:49.170
ATTEMPT 12 W0 TRACK 2 2026-07-22T17:52:49.170
ATTEMPT 12 W0 TRACKED 2 nsol=64 0.03s 2026-07-22T17:52:49.195
ATTEMPT 12 W0 TRACK 3 2026-07-22T17:52:49.196
ATTEMPT 12 W0 TRACKED 3 nsol=64 0.02s 2026-07-22T17:52:49.220
ATTEMPT 12 W0 TRACK 4 2026-07-22T17:52:49.220
ATTEMPT 12 W0 TRACKED 4 nsol=64 0.03s 2026-07-22T17:52:49.254
ATTEMPT 12 W0 TRACK 5 2026-07-22T17:52:49.256
ATTEMPT 12 W0 TRACKED 5 nsol=64 0.06s 2026-07-22T17:52:49.315
ATTEMPT 12 W0 TRACK 6 2026-07-22T17:52:49.319
ATTEMPT 12 W0 TRACKED 6 nsol=64 0.05s 2026-07-22T17:52:49.374
ATTEMPT 12 W0 TRACK 7 2026-07-22T17:52:49.379
ATTEMPT 12 W0 TRACKED 7 nsol=64 0.05s 2026-07-22T17:52:49.427
ATTEMPT 12 W0 TRACK 8 2026-07-22T17:52:49.431
ATTEMPT 12 W0 TRACKED 8 nsol=64 0.07s 2026-07-22T17:52:49.499
ATTEMPT 12 W0 TRACK 9 2026-07-22T17:52:49.503
ATTEMPT 12 W0 TRACKED 9 nsol=64 0.06s 2026-07-22T17:52:49.560
ATTEMPT 12 W0 TRACK 10 2026-07-22T17:52:49.563
ATTEMPT 12 W0 TRACKED 10 nsol=64 0.04s 2026-07-22T17:52:49.602
ATTEMPT 12 W0 TRACK 11 2026-07-22T17:52:49.607
ATTEMPT 12 W0 TRACKED 11 nsol=64 0.05s 2026-07-22T17:52:49.655
ATTEMPT 12 W0 TRACK 12 2026-07-22T17:52:49.656
ATTEMPT 12 W0 TRACKED 12 nsol=64 0.08s 2026-07-22T17:52:49.733
ATTEMPT 12 W0 TRACK 13 2026-07-22T17:52:49.739
ATTEMPT 12 W0 TRACKED 13 nsol=64 0.06s 2026-07-22T17:52:49.796
ATTEMPT 12 W0 TRACK 14 2026-07-22T17:52:49.797
ATTEMPT 12 W0 TRACKED 14 nsol=64 0.02s 2026-07-22T17:52:49.819
ATTEMPT 12 W0 TRACK 15 2026-07-22T17:52:49.819
ATTEMPT 12 W0 TRACKED 15 nsol=64 0.02s 2026-07-22T17:52:49.840
ATTEMPT 12 W0 TRACK 16 2026-07-22T17:52:49.841
ATTEMPT 12 W0 TRACKED 16 nsol=64 0.04s 2026-07-22T17:52:49.884
ATTEMPT 12 W0 TRACK 17 2026-07-22T17:52:49.885
ATTEMPT 12 W0 TRACKED 17 nsol=64 0.07s 2026-07-22T17:52:49.953
ATTEMPT 12 W0 TRACK 18 2026-07-22T17:52:49.953
ATTEMPT 12 W0 TRACKED 18 nsol=64 0.09s 2026-07-22T17:52:50.044
ATTEMPT 12 W0 TRACK 19 2026-07-22T17:52:50.044
ATTEMPT 12 W0 TRACKED 19 nsol=64 0.10s 2026-07-22T17:52:50.140
ATTEMPT 12 W0 TRACK 20 2026-07-22T17:52:50.140
ATTEMPT 12 W0 TRACKED 20 nsol=64 0.06s 2026-07-22T17:52:50.205
ATTEMPT 12 W0 TRACK 21 2026-07-22T17:52:50.205
ATTEMPT 12 W0 TRACKED 21 nsol=64 0.08s 2026-07-22T17:52:50.287
ATTEMPT 12 W0 TRACK 22 2026-07-22T17:52:50.287
ATTEMPT 12 W0 TRACKED 22 nsol=64 0.05s 2026-07-22T17:52:50.339
ATTEMPT 12 W0 TRACK 23 2026-07-22T17:52:50.343
ATTEMPT 12 W0 TRACKED 23 nsol=64 0.05s 2026-07-22T17:52:50.397
ATTEMPT 12 W0 TRACK 24 2026-07-22T17:52:50.399
ATTEMPT 12 W0 TRACKED 24 nsol=64 0.04s 2026-07-22T17:52:50.442
ATTEMPT 12 W0 TRACK 25 2026-07-22T17:52:50.447
ATTEMPT 12 W0 TRACKED 25 nsol=64 0.05s 2026-07-22T17:52:50.500
ATTEMPT 12 W0 DONE ptrack seed=429048 nsol=64 1.42s 2026-07-22T17:52:50.500
HUNT2 complete 2026-07-22T17:52:50.508
┌ Warning: Ingored unsupported keyword arguments: gamma = -0.468388135725798 - 0.8835228091630184im
└ @ HomotopyContinuation ~/.julia/packages/HomotopyContinuation/98yZ2/src/utils.jl:170
┌ Warning: Ingored unsupported keyword arguments: gamma = 0.44395973902739183 + 0.8960467343407542im
└ @ HomotopyContinuation ~/.julia/packages/HomotopyContinuation/98yZ2/src/utils.jl:170
┌ Warning: Ingored unsupported keyword arguments: gamma = -0.10225677182422628 - 0.9947580372211566im
└ @ HomotopyContinuation ~/.julia/packages/HomotopyContinuation/98yZ2/src/utils.jl:170
┌ Warning: Ingored unsupported keyword arguments: gamma = -0.9954140961861591 - 0.09565969430168667im
└ @ HomotopyContinuation ~/.julia/packages/HomotopyContinuation/98yZ2/src/utils.jl:170
┌ Warning: Ingored unsupported keyword arguments: gamma = -0.9432204275805535 + 0.3321674652863489im
└ @ HomotopyContinuation ~/.julia/packages/HomotopyContinuation/98yZ2/src/utils.jl:170
┌ Warning: Ingored unsupported keyword arguments: gamma = -0.9987539195198055 + 0.04990599406710377im
└ @ HomotopyContinuation ~/.julia/packages/HomotopyContinuation/98yZ2/src/utils.jl:170
┌ Warning: Ingored unsupported keyword arguments: gamma = 0.18205176204705872 - 0.9832889483440568im
└ @ HomotopyContinuation ~/.julia/packages/HomotopyContinuation/98yZ2/src/utils.jl:170
┌ Warning: Ingored unsupported keyword arguments: gamma = 0.621164679252334 - 0.7836800630674133im
└ @ HomotopyContinuation ~/.julia/packages/HomotopyContinuation/98yZ2/src/utils.jl:170
┌ Warning: Ingored unsupported keyword arguments: gamma = 0.8915765170947677 + 0.45287008530611im
└ @ HomotopyContinuation ~/.julia/packages/HomotopyContinuation/98yZ2/src/utils.jl:170
┌ Warning: Ingored unsupported keyword arguments: gamma = -0.5802043785475356 + 0.8144709197474567im
└ @ HomotopyContinuation ~/.julia/packages/HomotopyContinuation/98yZ2/src/utils.jl:170
┌ Warning: Ingored unsupported keyword arguments: gamma = 0.7405532429809302 + 0.671997689215095im
└ @ HomotopyContinuation ~/.julia/packages/HomotopyContinuation/98yZ2/src/utils.jl:170
┌ Warning: Ingored unsupported keyword arguments: gamma = -0.8753647157216916 - 0.48346314696105014im
└ @ HomotopyContinuation ~/.julia/packages/HomotopyContinuation/98yZ2/src/utils.jl:170
┌ Warning: Ingored unsupported keyword arguments: gamma = -0.9201571023591453 - 0.391549367229755im
└ @ HomotopyContinuation ~/.julia/packages/HomotopyContinuation/98yZ2/src/utils.jl:170
┌ Warning: Ingored unsupported keyword arguments: gamma = -0.9827461950959396 - 0.1849592280056696im
└ @ HomotopyContinuation ~/.julia/packages/HomotopyContinuation/98yZ2/src/utils.jl:170
┌ Warning: Ingored unsupported keyword arguments: gamma = 0.5833771941038891 - 0.8122013601315091im
└ @ HomotopyContinuation ~/.julia/packages/HomotopyContinuation/98yZ2/src/utils.jl:170
┌ Warning: Ingored unsupported keyword arguments: gamma = 0.845470444451053 + 0.5340222163540941im
└ @ HomotopyContinuation ~/.julia/packages/HomotopyContinuation/98yZ2/src/utils.jl:170
┌ Warning: Ingored unsupported keyword arguments: gamma = 0.5555413672293958 + 0.8314888990821787im
└ @ HomotopyContinuation ~/.julia/packages/HomotopyContinuation/98yZ2/src/utils.jl:170
┌ Warning: Ingored unsupported keyword arguments: gamma = 0.2604774555189232 - 0.9654799299656038im
└ @ HomotopyContinuation ~/.julia/packages/HomotopyContinuation/98yZ2/src/utils.jl:170
┌ Warning: Ingored unsupported keyword arguments: gamma = 0.6101089917078265 + 0.7923174983788123im
└ @ HomotopyContinuation ~/.julia/packages/HomotopyContinuation/98yZ2/src/utils.jl:170
┌ Warning: Ingored unsupported keyword arguments: gamma = 0.8645313704815549 - 0.5025788589398529im
└ @ HomotopyContinuation ~/.julia/packages/HomotopyContinuation/98yZ2/src/utils.jl:170
┌ Warning: Ingored unsupported keyword arguments: gamma = 0.8032203695210895 - 0.5956819940088875im
└ @ HomotopyContinuation ~/.julia/packages/HomotopyContinuation/98yZ2/src/utils.jl:170
┌ Warning: Ingored unsupported keyword arguments: gamma = -0.6210840162646943 + 0.7837439918369499im
└ @ HomotopyContinuation ~/.julia/packages/HomotopyContinuation/98yZ2/src/utils.jl:170
┌ Warning: Ingored unsupported keyword arguments: gamma = -0.7424363968329355 + 0.669916559474184im
└ @ HomotopyContinuation ~/.julia/packages/HomotopyContinuation/98yZ2/src/utils.jl:170
┌ Warning: Ingored unsupported keyword arguments: gamma = 0.7312209473081887 + 0.6821406938584703im
└ @ HomotopyContinuation ~/.julia/packages/HomotopyContinuation/98yZ2/src/utils.jl:170
┌ Warning: Ingored unsupported keyword arguments: gamma = 0.2622603961283218 + 0.9649971422872794im
└ @ HomotopyContinuation ~/.julia/packages/HomotopyContinuation/98yZ2/src/utils.jl:170
┌ Warning: Ingored unsupported keyword arguments: gamma = -0.984334043671993 + 0.17631361396200562im
└ @ HomotopyContinuation ~/.julia/packages/HomotopyContinuation/98yZ2/src/utils.jl:170
┌ Warning: Ingored unsupported keyword arguments: gamma = 0.9755911879698321 + 0.21959470384235516im
└ @ HomotopyContinuation ~/.julia/packages/HomotopyContinuation/98yZ2/src/utils.jl:170
┌ Warning: Ingored unsupported keyword arguments: gamma = -0.5100417693615991 - 0.8601496343697934im
└ @ HomotopyContinuation ~/.julia/packages/HomotopyContinuation/98yZ2/src/utils.jl:170
┌ Warning: Ingored unsupported keyword arguments: gamma = -0.9377251484837623 + 0.3473781022187581im
└ @ HomotopyContinuation ~/.julia/packages/HomotopyContinuation/98yZ2/src/utils.jl:170
┌ Warning: Ingored unsupported keyword arguments: gamma = 0.9639292442116686 - 0.2661586221664091im
└ @ HomotopyContinuation ~/.julia/packages/HomotopyContinuation/98yZ2/src/utils.jl:170
┌ Warning: Ingored unsupported keyword arguments: gamma = 0.9991608806844101 - 0.04095771612228968im
└ @ HomotopyContinuation ~/.julia/packages/HomotopyContinuation/98yZ2/src/utils.jl:170
┌ Warning: Ingored unsupported keyword arguments: gamma = 0.1510773931622465 + 0.988521937680343im
└ @ HomotopyContinuation ~/.julia/packages/HomotopyContinuation/98yZ2/src/utils.jl:170
┌ Warning: Ingored unsupported keyword arguments: gamma = -0.2781673978386628 - 0.9605326120333797im
└ @ HomotopyContinuation ~/.julia/packages/HomotopyContinuation/98yZ2/src/utils.jl:170
┌ Warning: Ingored unsupported keyword arguments: gamma = 0.5714257897300399 + 0.8206537435675294im
└ @ HomotopyContinuation ~/.julia/packages/HomotopyContinuation/98yZ2/src/utils.jl:170
┌ Warning: Ingored unsupported keyword arguments: gamma = -0.9999355192165172 + 0.011355941581135575im
└ @ HomotopyContinuation ~/.julia/packages/HomotopyContinuation/98yZ2/src/utils.jl:170
┌ Warning: Ingored unsupported keyword arguments: gamma = -0.9258799505904459 + 0.37781783586092577im
└ @ HomotopyContinuation ~/.julia/packages/HomotopyContinuation/98yZ2/src/utils.jl:170
┌ Warning: Ingored unsupported keyword arguments: gamma = -0.9051992606902817 + 0.4249874097497095im
└ @ HomotopyContinuation ~/.julia/packages/HomotopyContinuation/98yZ2/src/utils.jl:170
┌ Warning: Ingored unsupported keyword arguments: gamma = 0.8378019385557022 - 0.5459742775555525im
└ @ HomotopyContinuation ~/.julia/packages/HomotopyContinuation/98yZ2/src/utils.jl:170
┌ Warning: Ingored unsupported keyword arguments: gamma = 0.9155135377440689 - 0.40228716386101543im
└ @ HomotopyContinuation ~/.julia/packages/HomotopyContinuation/98yZ2/src/utils.jl:170
┌ Warning: Ingored unsupported keyword arguments: gamma = 0.7096680171152482 - 0.7045362343298688im
└ @ HomotopyContinuation ~/.julia/packages/HomotopyContinuation/98yZ2/src/utils.jl:170
┌ Warning: Ingored unsupported keyword arguments: gamma = 0.9985590170101817 + 0.053664602371206536im
└ @ HomotopyContinuation ~/.julia/packages/HomotopyContinuation/98yZ2/src/utils.jl:170
┌ Warning: Ingored unsupported keyword arguments: gamma = -0.432686301024176 - 0.9015445440498302im
└ @ HomotopyContinuation ~/.julia/packages/HomotopyContinuation/98yZ2/src/utils.jl:170
┌ Warning: Ingored unsupported keyword arguments: gamma = 0.3624811629792058 + 0.9319910978572931im
└ @ HomotopyContinuation ~/.julia/packages/HomotopyContinuation/98yZ2/src/utils.jl:170
┌ Warning: Ingored unsupported keyword arguments: gamma = -0.8880989510772049 - 0.45965231762231795im
└ @ HomotopyContinuation ~/.julia/packages/HomotopyContinuation/98yZ2/src/utils.jl:170
┌ Warning: Ingored unsupported keyword arguments: gamma = 0.9345366378984491 - 0.35586693078377346im
└ @ HomotopyContinuation ~/.julia/packages/HomotopyContinuation/98yZ2/src/utils.jl:170
┌ Warning: Ingored unsupported keyword arguments: gamma = 0.9769444204572012 - 0.21349379226933818im
└ @ HomotopyContinuation ~/.julia/packages/HomotopyContinuation/98yZ2/src/utils.jl:170
┌ Warning: Ingored unsupported keyword arguments: gamma = 0.86418571000496 - 0.5031729907529051im
└ @ HomotopyContinuation ~/.julia/packages/HomotopyContinuation/98yZ2/src/utils.jl:170
┌ Warning: Ingored unsupported keyword arguments: gamma = -0.9859185539419549 + 0.167226209049313im
└ @ HomotopyContinuation ~/.julia/packages/HomotopyContinuation/98yZ2/src/utils.jl:170
┌ Warning: Ingored unsupported keyword arguments: gamma = -0.25993170554545075 - 0.9656270027563609im
└ @ HomotopyContinuation ~/.julia/packages/HomotopyContinuation/98yZ2/src/utils.jl:170
┌ Warning: Ingored unsupported keyword arguments: gamma = 0.5213124780977456 - 0.8533658653705264im
└ @ HomotopyContinuation ~/.julia/packages/HomotopyContinuation/98yZ2/src/utils.jl:170
┌ Warning: Ingored unsupported keyword arguments: gamma = 0.6282128094994368 + 0.7780415580036997im
└ @ HomotopyContinuation ~/.julia/packages/HomotopyContinuation/98yZ2/src/utils.jl:170
┌ Warning: Ingored unsupported keyword arguments: gamma = 0.18567616856085303 + 0.9826109914043104im
└ @ HomotopyContinuation ~/.julia/packages/HomotopyContinuation/98yZ2/src/utils.jl:170
┌ Warning: Ingored unsupported keyword arguments: gamma = -0.8344833559400475 + 0.5510331466064777im
└ @ HomotopyContinuation ~/.julia/packages/HomotopyContinuation/98yZ2/src/utils.jl:170
┌ Warning: Ingored unsupported keyword arguments: gamma = -0.6371766205714137 - 0.7707178174904177im
└ @ HomotopyContinuation ~/.julia/packages/HomotopyContinuation/98yZ2/src/utils.jl:170
┌ Warning: Ingored unsupported keyword arguments: gamma = -0.029017210821477894 - 0.999578912080553im
└ @ HomotopyContinuation ~/.julia/packages/HomotopyContinuation/98yZ2/src/utils.jl:170
┌ Warning: Ingored unsupported keyword arguments: gamma = 0.5668529134165821 + 0.8238190180805083im
└ @ HomotopyContinuation ~/.julia/packages/HomotopyContinuation/98yZ2/src/utils.jl:170
┌ Warning: Ingored unsupported keyword arguments: gamma = -0.8060405302455043 - 0.5918603412981364im
└ @ HomotopyContinuation ~/.julia/packages/HomotopyContinuation/98yZ2/src/utils.jl:170
┌ Warning: Ingored unsupported keyword arguments: gamma = -0.9322328087523414 - 0.3618590751739143im
└ @ HomotopyContinuation ~/.julia/packages/HomotopyContinuation/98yZ2/src/utils.jl:170
┌ Warning: Ingored unsupported keyword arguments: gamma = -0.010666755794035039 + 0.9999431085420962im
└ @ HomotopyContinuation ~/.julia/packages/HomotopyContinuation/98yZ2/src/utils.jl:170
┌ Warning: Ingored unsupported keyword arguments: gamma = -0.5625026778909238 - 0.8267954628356035im
└ @ HomotopyContinuation ~/.julia/packages/HomotopyContinuation/98yZ2/src/utils.jl:170
┌ Warning: Ingored unsupported keyword arguments: gamma = -0.9553572314374266 + 0.2954531440689291im
└ @ HomotopyContinuation ~/.julia/packages/HomotopyContinuation/98yZ2/src/utils.jl:170
┌ Warning: Ingored unsupported keyword arguments: gamma = -0.6159979631281698 - 0.7877477447901364im
└ @ HomotopyContinuation ~/.julia/packages/HomotopyContinuation/98yZ2/src/utils.jl:170
┌ Warning: Ingored unsupported keyword arguments: gamma = -0.6682509284809761 - 0.7439359492485312im
└ @ HomotopyContinuation ~/.julia/packages/HomotopyContinuation/98yZ2/src/utils.jl:170
┌ Warning: Ingored unsupported keyword arguments: gamma = 0.8598657291469028 + 0.5105202521337082im
└ @ HomotopyContinuation ~/.julia/packages/HomotopyContinuation/98yZ2/src/utils.jl:170
┌ Warning: Ingored unsupported keyword arguments: gamma = 0.2909013988621759 - 0.9567530382183426im
└ @ HomotopyContinuation ~/.julia/packages/HomotopyContinuation/98yZ2/src/utils.jl:170
┌ Warning: Ingored unsupported keyword arguments: gamma = -0.7831168832345653 + 0.6218745429690624im
└ @ HomotopyContinuation ~/.julia/packages/HomotopyContinuation/98yZ2/src/utils.jl:170
┌ Warning: Ingored unsupported keyword arguments: gamma = -0.6249815628709747 - 0.7806395109596707im
└ @ HomotopyContinuation ~/.julia/packages/HomotopyContinuation/98yZ2/src/utils.jl:170
┌ Warning: Ingored unsupported keyword arguments: gamma = 0.8137431531256242 - 0.581224638793958im
└ @ HomotopyContinuation ~/.julia/packages/HomotopyContinuation/98yZ2/src/utils.jl:170
┌ Warning: Ingored unsupported keyword arguments: gamma = -0.019391012325269994 - 0.9998119766441095im
└ @ HomotopyContinuation ~/.julia/packages/HomotopyContinuation/98yZ2/src/utils.jl:170
┌ Warning: Ingored unsupported keyword arguments: gamma = -0.9492641266828729 + 0.3144799163587442im
└ @ HomotopyContinuation ~/.julia/packages/HomotopyContinuation/98yZ2/src/utils.jl:170
┌ Warning: Ingored unsupported keyword arguments: gamma = 0.47071837971501007 + 0.8822835184896495im
└ @ HomotopyContinuation ~/.julia/packages/HomotopyContinuation/98yZ2/src/utils.jl:170
┌ Warning: Ingored unsupported keyword arguments: gamma = -0.6813044336785072 - 0.7320001835040812im
└ @ HomotopyContinuation ~/.julia/packages/HomotopyContinuation/98yZ2/src/utils.jl:170
┌ Warning: Ingored unsupported keyword arguments: gamma = 0.8606453745795671 - 0.5092048106752298im
└ @ HomotopyContinuation ~/.julia/packages/HomotopyContinuation/98yZ2/src/utils.jl:170
┌ Warning: Ingored unsupported keyword arguments: gamma = -0.21024699727178986 - 0.977648300841461im
└ @ HomotopyContinuation ~/.julia/packages/HomotopyContinuation/98yZ2/src/utils.jl:170
┌ Warning: Ingored unsupported keyword arguments: gamma = 0.3444040180871305 + 0.9388215337993902im
└ @ HomotopyContinuation ~/.julia/packages/HomotopyContinuation/98yZ2/src/utils.jl:170
┌ Warning: Ingored unsupported keyword arguments: gamma = -0.00787368618231722 + 0.9999690020525148im
└ @ HomotopyContinuation ~/.julia/packages/HomotopyContinuation/98yZ2/src/utils.jl:170
┌ Warning: Ingored unsupported keyword arguments: gamma = 0.09473025442126495 + 0.9955029778445077im
└ @ HomotopyContinuation ~/.julia/packages/HomotopyContinuation/98yZ2/src/utils.jl:170
┌ Warning: Ingored unsupported keyword arguments: gamma = -0.2832975962875977 - 0.9590320494840979im
└ @ HomotopyContinuation ~/.julia/packages/HomotopyContinuation/98yZ2/src/utils.jl:170
┌ Warning: Ingored unsupported keyword arguments: gamma = 0.9549777913423543 - 0.29667729613652405im
└ @ HomotopyContinuation ~/.julia/packages/HomotopyContinuation/98yZ2/src/utils.jl:170
┌ Warning: Ingored unsupported keyword arguments: gamma = -0.8130805935333361 - 0.5821511388114584im
└ @ HomotopyContinuation ~/.julia/packages/HomotopyContinuation/98yZ2/src/utils.jl:170
┌ Warning: Ingored unsupported keyword arguments: gamma = 0.9918870050329932 + 0.1271226543409114im
└ @ HomotopyContinuation ~/.julia/packages/HomotopyContinuation/98yZ2/src/utils.jl:170
┌ Warning: Ingored unsupported keyword arguments: gamma = -0.9727509902304067 + 0.23185234742344782im
└ @ HomotopyContinuation ~/.julia/packages/HomotopyContinuation/98yZ2/src/utils.jl:170
┌ Warning: Ingored unsupported keyword arguments: gamma = -0.3081454595367755 - 0.9513392537716866im
└ @ HomotopyContinuation ~/.julia/packages/HomotopyContinuation/98yZ2/src/utils.jl:170
┌ Warning: Ingored unsupported keyword arguments: gamma = 0.9434830904612347 + 0.33142066624415223im
└ @ HomotopyContinuation ~/.julia/packages/HomotopyContinuation/98yZ2/src/utils.jl:170
┌ Warning: Ingored unsupported keyword arguments: gamma = -0.5805026789970621 + 0.8142583371861991im
└ @ HomotopyContinuation ~/.julia/packages/HomotopyContinuation/98yZ2/src/utils.jl:170
┌ Warning: Ingored unsupported keyword arguments: gamma = -0.8892088792288638 - 0.45750144163767154im
└ @ HomotopyContinuation ~/.julia/packages/HomotopyContinuation/98yZ2/src/utils.jl:170
┌ Warning: Ingored unsupported keyword arguments: gamma = -0.9018293827230353 + 0.43209231011138033im
└ @ HomotopyContinuation ~/.julia/packages/HomotopyContinuation/98yZ2/src/utils.jl:170
┌ Warning: Ingored unsupported keyword arguments: gamma = -0.5583894726067657 - 0.8295789274577422im
└ @ HomotopyContinuation ~/.julia/packages/HomotopyContinuation/98yZ2/src/utils.jl:170
┌ Warning: Ingored unsupported keyword arguments: gamma = 0.8043169765902418 + 0.5942004722050737im
└ @ HomotopyContinuation ~/.julia/packages/HomotopyContinuation/98yZ2/src/utils.jl:170
┌ Warning: Ingored unsupported keyword arguments: gamma = 0.3067369073681445 - 0.9517943421024451im
└ @ HomotopyContinuation ~/.julia/packages/HomotopyContinuation/98yZ2/src/utils.jl:170
┌ Warning: Ingored unsupported keyword arguments: gamma = 0.8576514581708605 + 0.514231442346145im
└ @ HomotopyContinuation ~/.julia/packages/HomotopyContinuation/98yZ2/src/utils.jl:170
┌ Warning: Ingored unsupported keyword arguments: gamma = 0.7508907915026314 + 0.6604263919897143im
└ @ HomotopyContinuation ~/.julia/packages/HomotopyContinuation/98yZ2/src/utils.jl:170
┌ Warning: Ingored unsupported keyword arguments: gamma = -0.12821824943601573 + 0.9917459757980184im
└ @ HomotopyContinuation ~/.julia/packages/HomotopyContinuation/98yZ2/src/utils.jl:170
┌ Warning: Ingored unsupported keyword arguments: gamma = -0.26004147595360305 - 0.9655974475856239im
└ @ HomotopyContinuation ~/.julia/packages/HomotopyContinuation/98yZ2/src/utils.jl:170
┌ Warning: Ingored unsupported keyword arguments: gamma = -0.7744872897564989 + 0.6325894703562752im
└ @ HomotopyContinuation ~/.julia/packages/HomotopyContinuation/98yZ2/src/utils.jl:170
┌ Warning: Ingored unsupported keyword arguments: gamma = -0.8299905671411516 - 0.5577774273459886im
└ @ HomotopyContinuation ~/.julia/packages/HomotopyContinuation/98yZ2/src/utils.jl:170
┌ Warning: Ingored unsupported keyword arguments: gamma = -0.09273573485638957 + 0.9956907569525015im
└ @ HomotopyContinuation ~/.julia/packages/HomotopyContinuation/98yZ2/src/utils.jl:170
┌ Warning: Ingored unsupported keyword arguments: gamma = -0.015505716422934865 + 0.9998797791525796im
└ @ HomotopyContinuation ~/.julia/packages/HomotopyContinuation/98yZ2/src/utils.jl:170
┌ Warning: Ingored unsupported keyword arguments: gamma = -0.4701722700195308 + 0.8825746634164622im
└ @ HomotopyContinuation ~/.julia/packages/HomotopyContinuation/98yZ2/src/utils.jl:170
┌ Warning: Ingored unsupported keyword arguments: gamma = -0.15831590113029448 + 0.9873885129214857im
└ @ HomotopyContinuation ~/.julia/packages/HomotopyContinuation/98yZ2/src/utils.jl:170
┌ Warning: Ingored unsupported keyword arguments: gamma = -0.8220200556828431 - 0.5694585393645226im
└ @ HomotopyContinuation ~/.julia/packages/HomotopyContinuation/98yZ2/src/utils.jl:170
┌ Warning: Ingored unsupported keyword arguments: gamma = -0.7878880434475051 - 0.615818504912334im
└ @ HomotopyContinuation ~/.julia/packages/HomotopyContinuation/98yZ2/src/utils.jl:170
┌ Warning: Ingored unsupported keyword arguments: gamma = 0.7918141115566071 + 0.6107621572591256im
└ @ HomotopyContinuation ~/.julia/packages/HomotopyContinuation/98yZ2/src/utils.jl:170
┌ Warning: Ingored unsupported keyword arguments: gamma = 0.6757108262172875 + 0.7371667920713404im
└ @ HomotopyContinuation ~/.julia/packages/HomotopyContinuation/98yZ2/src/utils.jl:170
┌ Warning: Ingored unsupported keyword arguments: gamma = -0.05722347483146403 + 0.9983613944500322im
└ @ HomotopyContinuation ~/.julia/packages/HomotopyContinuation/98yZ2/src/utils.jl:170
┌ Warning: Ingored unsupported keyword arguments: gamma = -0.6160254701258202 + 0.7877262342694079im
└ @ HomotopyContinuation ~/.julia/packages/HomotopyContinuation/98yZ2/src/utils.jl:170
┌ Warning: Ingored unsupported keyword arguments: gamma = -0.3725421545891791 + 0.928015270916407im
└ @ HomotopyContinuation ~/.julia/packages/HomotopyContinuation/98yZ2/src/utils.jl:170
┌ Warning: Ingored unsupported keyword arguments: gamma = -0.9489812949542108 - 0.3153323672365859im
└ @ HomotopyContinuation ~/.julia/packages/HomotopyContinuation/98yZ2/src/utils.jl:170
┌ Warning: Ingored unsupported keyword arguments: gamma = 0.8113567921428009 + 0.5845512431290723im
└ @ HomotopyContinuation ~/.julia/packages/HomotopyContinuation/98yZ2/src/utils.jl:170
┌ Warning: Ingored unsupported keyword arguments: gamma = 0.24962335417195655 - 0.9683430079532469im
└ @ HomotopyContinuation ~/.julia/packages/HomotopyContinuation/98yZ2/src/utils.jl:170
┌ Warning: Ingored unsupported keyword arguments: gamma = -0.05400401173116199 - 0.9985407186073788im
└ @ HomotopyContinuation ~/.julia/packages/HomotopyContinuation/98yZ2/src/utils.jl:170
┌ Warning: Ingored unsupported keyword arguments: gamma = -0.8605962945610661 + 0.5092877553876224im
└ @ HomotopyContinuation ~/.julia/packages/HomotopyContinuation/98yZ2/src/utils.jl:170
┌ Warning: Ingored unsupported keyword arguments: gamma = 0.39876232986223864 + 0.9170543082516102im
└ @ HomotopyContinuation ~/.julia/packages/HomotopyContinuation/98yZ2/src/utils.jl:170
┌ Warning: Ingored unsupported keyword arguments: gamma = 0.9542003357065334 - 0.29916837957501274im
└ @ HomotopyContinuation ~/.julia/packages/HomotopyContinuation/98yZ2/src/utils.jl:170
┌ Warning: Ingored unsupported keyword arguments: gamma = -0.06245441454602157 + 0.9980478175436854im
└ @ HomotopyContinuation ~/.julia/packages/HomotopyContinuation/98yZ2/src/utils.jl:170
┌ Warning: Ingored unsupported keyword arguments: gamma = 0.9756316872020654 + 0.21941470080022282im
└ @ HomotopyContinuation ~/.julia/packages/HomotopyContinuation/98yZ2/src/utils.jl:170
┌ Warning: Ingored unsupported keyword arguments: gamma = -0.9256116100453388 + 0.37847476448143236im
└ @ HomotopyContinuation ~/.julia/packages/HomotopyContinuation/98yZ2/src/utils.jl:170
┌ Warning: Ingored unsupported keyword arguments: gamma = -0.9545573430504601 - 0.2980273122189411im
└ @ HomotopyContinuation ~/.julia/packages/HomotopyContinuation/98yZ2/src/utils.jl:170
┌ Warning: Ingored unsupported keyword arguments: gamma = -0.8709072390271211 + 0.491447434635849im
└ @ HomotopyContinuation ~/.julia/packages/HomotopyContinuation/98yZ2/src/utils.jl:170
┌ Warning: Ingored unsupported keyword arguments: gamma = 0.9210634655805277 + 0.3894124964260752im
└ @ HomotopyContinuation ~/.julia/packages/HomotopyContinuation/98yZ2/src/utils.jl:170
┌ Warning: Ingored unsupported keyword arguments: gamma = 0.20150228855828994 - 0.979488043676783im
└ @ HomotopyContinuation ~/.julia/packages/HomotopyContinuation/98yZ2/src/utils.jl:170
┌ Warning: Ingored unsupported keyword arguments: gamma = -0.16361576164443395 + 0.9865241418949218im
└ @ HomotopyContinuation ~/.julia/packages/HomotopyContinuation/98yZ2/src/utils.jl:170
┌ Warning: Ingored unsupported keyword arguments: gamma = -0.4553550623883553 - 0.8903099275854993im
└ @ HomotopyContinuation ~/.julia/packages/HomotopyContinuation/98yZ2/src/utils.jl:170
┌ Warning: Ingored unsupported keyword arguments: gamma = 0.980702619178313 - 0.19550542891898587im
└ @ HomotopyContinuation ~/.julia/packages/HomotopyContinuation/98yZ2/src/utils.jl:170
┌ Warning: Ingored unsupported keyword arguments: gamma = 0.4966158512392428 - 0.8679704466731124im
└ @ HomotopyContinuation ~/.julia/packages/HomotopyContinuation/98yZ2/src/utils.jl:170
┌ Warning: Ingored unsupported keyword arguments: gamma = -0.8028642913296798 + 0.5961618318105336im
└ @ HomotopyContinuation ~/.julia/packages/HomotopyContinuation/98yZ2/src/utils.jl:170
┌ Warning: Ingored unsupported keyword arguments: gamma = -0.13291425083122854 - 0.9911275406959354im
└ @ HomotopyContinuation ~/.julia/packages/HomotopyContinuation/98yZ2/src/utils.jl:170
┌ Warning: Ingored unsupported keyword arguments: gamma = 0.5404638626939569 + 0.8413672284573056im
└ @ HomotopyContinuation ~/.julia/packages/HomotopyContinuation/98yZ2/src/utils.jl:170
┌ Warning: Ingored unsupported keyword arguments: gamma = -0.547550822682203 + 0.8367724281906298im
└ @ HomotopyContinuation ~/.julia/packages/HomotopyContinuation/98yZ2/src/utils.jl:170
┌ Warning: Ingored unsupported keyword arguments: gamma = 0.7580747763512997 - 0.6521676421442013im
└ @ HomotopyContinuation ~/.julia/packages/HomotopyContinuation/98yZ2/src/utils.jl:170
