HUNT2 start mode=seq PTRACK hcthr=off nworkers=0 nthreads=8 ngcthreads=8 nsolves=12 ntrack=25 seed_base=824305 shape=6x2 pid=2541481 julia=1.12.6 2026-07-22T18:08:25.140
ATTEMPT 1 W0 START ptrack6x2 seed=824306 2026-07-22T18:10:53.309
ATTEMPT 1 W0 SOLVE ptrack fresh 2026-07-22T18:11:00.259
Computing mixed cells... 2    Time: 0:00:16[K
   mixed_volume: 17[K[A
[K[AComputing mixed cells... 17    Time: 0:00:16[K
   mixed_volume: 64[K
ATTEMPT 1 W0 FRESH-DONE nsol=64 243.65s 2026-07-22T18:15:04.364
ATTEMPT 1 W0 TRACK 1 2026-07-22T18:15:06.338
ATTEMPT 1 W0 TRACKED 1 nsol=64 64.00s 2026-07-22T18:16:11.151
ATTEMPT 1 W0 TRACK 2 2026-07-22T18:16:12.333
ATTEMPT 1 W0 TRACKED 2 nsol=64 0.12s 2026-07-22T18:16:12.458
ATTEMPT 1 W0 TRACK 3 2026-07-22T18:16:12.458
ATTEMPT 1 W0 TRACKED 3 nsol=64 0.08s 2026-07-22T18:16:12.541
ATTEMPT 1 W0 TRACK 4 2026-07-22T18:16:12.553
ATTEMPT 1 W0 TRACKED 4 nsol=64 0.11s 2026-07-22T18:16:12.662
ATTEMPT 1 W0 TRACK 5 2026-07-22T18:16:12.669
ATTEMPT 1 W0 TRACKED 5 nsol=64 0.13s 2026-07-22T18:16:12.803
ATTEMPT 1 W0 TRACK 6 2026-07-22T18:16:12.813
ATTEMPT 1 W0 TRACKED 6 nsol=64 0.10s 2026-07-22T18:16:12.912
ATTEMPT 1 W0 TRACK 7 2026-07-22T18:16:12.912
ATTEMPT 1 W0 TRACKED 7 nsol=64 0.10s 2026-07-22T18:16:13.017
ATTEMPT 1 W0 TRACK 8 2026-07-22T18:16:13.017
ATTEMPT 1 W0 TRACKED 8 nsol=64 0.15s 2026-07-22T18:16:13.166
ATTEMPT 1 W0 TRACK 9 2026-07-22T18:16:13.166
ATTEMPT 1 W0 TRACKED 9 nsol=64 0.14s 2026-07-22T18:16:13.305
ATTEMPT 1 W0 TRACK 10 2026-07-22T18:16:13.305
ATTEMPT 1 W0 TRACKED 10 nsol=64 0.12s 2026-07-22T18:16:13.420
ATTEMPT 1 W0 TRACK 11 2026-07-22T18:16:13.437
ATTEMPT 1 W0 TRACKED 11 nsol=64 0.12s 2026-07-22T18:16:13.555
ATTEMPT 1 W0 TRACK 12 2026-07-22T18:16:13.569
ATTEMPT 1 W0 TRACKED 12 nsol=64 0.08s 2026-07-22T18:16:13.648
ATTEMPT 1 W0 TRACK 13 2026-07-22T18:16:13.665
ATTEMPT 1 W0 TRACKED 13 nsol=64 0.09s 2026-07-22T18:16:13.751
ATTEMPT 1 W0 TRACK 14 2026-07-22T18:16:13.757
ATTEMPT 1 W0 TRACKED 14 nsol=64 0.11s 2026-07-22T18:16:13.871
ATTEMPT 1 W0 TRACK 15 2026-07-22T18:16:13.877
ATTEMPT 1 W0 TRACKED 15 nsol=64 0.10s 2026-07-22T18:16:13.978
ATTEMPT 1 W0 TRACK 16 2026-07-22T18:16:13.978
ATTEMPT 1 W0 TRACKED 16 nsol=64 0.10s 2026-07-22T18:16:14.083
ATTEMPT 1 W0 TRACK 17 2026-07-22T18:16:14.093
ATTEMPT 1 W0 TRACKED 17 nsol=64 0.10s 2026-07-22T18:16:14.189
ATTEMPT 1 W0 TRACK 18 2026-07-22T18:16:14.189
ATTEMPT 1 W0 TRACKED 18 nsol=64 0.11s 2026-07-22T18:16:14.298
ATTEMPT 1 W0 TRACK 19 2026-07-22T18:16:14.298
ATTEMPT 1 W0 TRACKED 19 nsol=64 0.12s 2026-07-22T18:16:14.419
ATTEMPT 1 W0 TRACK 20 2026-07-22T18:16:14.423
ATTEMPT 1 W0 TRACKED 20 nsol=64 0.12s 2026-07-22T18:16:14.541
ATTEMPT 1 W0 TRACK 21 2026-07-22T18:16:14.545
ATTEMPT 1 W0 TRACKED 21 nsol=64 0.12s 2026-07-22T18:16:14.662
ATTEMPT 1 W0 TRACK 22 2026-07-22T18:16:14.662
ATTEMPT 1 W0 TRACKED 22 nsol=64 0.11s 2026-07-22T18:16:14.770
ATTEMPT 1 W0 TRACK 23 2026-07-22T18:16:14.770
ATTEMPT 1 W0 TRACKED 23 nsol=64 0.11s 2026-07-22T18:16:14.882
ATTEMPT 1 W0 TRACK 24 2026-07-22T18:16:14.882
ATTEMPT 1 W0 TRACKED 24 nsol=64 0.09s 2026-07-22T18:16:14.975
ATTEMPT 1 W0 TRACK 25 2026-07-22T18:16:14.981
ATTEMPT 1 W0 TRACKED 25 nsol=64 0.10s 2026-07-22T18:16:15.083
ATTEMPT 1 W0 DONE ptrack seed=824306 nsol=64 314.37s 2026-07-22T18:16:15.089
ATTEMPT 2 W0 START ptrack6x2 seed=824307 2026-07-22T18:16:15.089
ATTEMPT 2 W0 SOLVE ptrack fresh 2026-07-22T18:16:15.596
ATTEMPT 2 W0 FRESH-DONE nsol=64 0.42s 2026-07-22T18:16:16.018
ATTEMPT 2 W0 TRACK 1 2026-07-22T18:16:16.018
ATTEMPT 2 W0 TRACKED 1 nsol=64 0.15s 2026-07-22T18:16:16.166
ATTEMPT 2 W0 TRACK 2 2026-07-22T18:16:16.166
ATTEMPT 2 W0 TRACKED 2 nsol=64 0.14s 2026-07-22T18:16:16.301
ATTEMPT 2 W0 TRACK 3 2026-07-22T18:16:16.301
ATTEMPT 2 W0 TRACKED 3 nsol=64 0.13s 2026-07-22T18:16:16.428
ATTEMPT 2 W0 TRACK 4 2026-07-22T18:16:16.445
ATTEMPT 2 W0 TRACKED 4 nsol=64 0.14s 2026-07-22T18:16:16.582
ATTEMPT 2 W0 TRACK 5 2026-07-22T18:16:16.582
ATTEMPT 2 W0 TRACKED 5 nsol=64 0.19s 2026-07-22T18:16:16.768
ATTEMPT 2 W0 TRACK 6 2026-07-22T18:16:16.773
ATTEMPT 2 W0 TRACKED 6 nsol=64 0.12s 2026-07-22T18:16:16.890
ATTEMPT 2 W0 TRACK 7 2026-07-22T18:16:16.890
ATTEMPT 2 W0 TRACKED 7 nsol=64 0.17s 2026-07-22T18:16:17.062
ATTEMPT 2 W0 TRACK 8 2026-07-22T18:16:17.062
ATTEMPT 2 W0 TRACKED 8 nsol=64 0.11s 2026-07-22T18:16:17.171
ATTEMPT 2 W0 TRACK 9 2026-07-22T18:16:17.177
ATTEMPT 2 W0 TRACKED 9 nsol=64 0.15s 2026-07-22T18:16:17.342
ATTEMPT 2 W0 TRACK 10 2026-07-22T18:16:17.342
ATTEMPT 2 W0 TRACKED 10 nsol=64 0.12s 2026-07-22T18:16:17.464
ATTEMPT 2 W0 TRACK 11 2026-07-22T18:16:17.477
ATTEMPT 2 W0 TRACKED 11 nsol=64 0.15s 2026-07-22T18:16:17.622
ATTEMPT 2 W0 TRACK 12 2026-07-22T18:16:17.623
ATTEMPT 2 W0 TRACKED 12 nsol=64 0.13s 2026-07-22T18:16:17.754
ATTEMPT 2 W0 TRACK 13 2026-07-22T18:16:17.754
ATTEMPT 2 W0 TRACKED 13 nsol=64 0.12s 2026-07-22T18:16:17.870
ATTEMPT 2 W0 TRACK 14 2026-07-22T18:16:17.870
ATTEMPT 2 W0 TRACKED 14 nsol=64 0.13s 2026-07-22T18:16:17.996
ATTEMPT 2 W0 TRACK 15 2026-07-22T18:16:18.009
ATTEMPT 2 W0 TRACKED 15 nsol=64 0.16s 2026-07-22T18:16:18.164
ATTEMPT 2 W0 TRACK 16 2026-07-22T18:16:18.177
ATTEMPT 2 W0 TRACKED 16 nsol=64 0.12s 2026-07-22T18:16:18.293
ATTEMPT 2 W0 TRACK 17 2026-07-22T18:16:18.293
ATTEMPT 2 W0 TRACKED 17 nsol=64 0.15s 2026-07-22T18:16:18.442
ATTEMPT 2 W0 TRACK 18 2026-07-22T18:16:18.442
ATTEMPT 2 W0 TRACKED 18 nsol=64 0.19s 2026-07-22T18:16:18.629
ATTEMPT 2 W0 TRACK 19 2026-07-22T18:16:18.629
ATTEMPT 2 W0 TRACKED 19 nsol=64 0.19s 2026-07-22T18:16:18.822
ATTEMPT 2 W0 TRACK 20 2026-07-22T18:16:18.853
ATTEMPT 2 W0 TRACKED 20 nsol=64 0.19s 2026-07-22T18:16:19.044
ATTEMPT 2 W0 TRACK 21 2026-07-22T18:16:19.066
ATTEMPT 2 W0 TRACKED 21 nsol=64 0.19s 2026-07-22T18:16:19.251
ATTEMPT 2 W0 TRACK 22 2026-07-22T18:16:19.257
ATTEMPT 2 W0 TRACKED 22 nsol=64 0.18s 2026-07-22T18:16:19.439
ATTEMPT 2 W0 TRACK 23 2026-07-22T18:16:19.440
ATTEMPT 2 W0 TRACKED 23 nsol=64 0.18s 2026-07-22T18:16:19.621
ATTEMPT 2 W0 TRACK 24 2026-07-22T18:16:19.621
ATTEMPT 2 W0 TRACKED 24 nsol=64 0.14s 2026-07-22T18:16:19.758
ATTEMPT 2 W0 TRACK 25 2026-07-22T18:16:19.758
ATTEMPT 2 W0 TRACKED 25 nsol=64 0.17s 2026-07-22T18:16:19.932
ATTEMPT 2 W0 DONE ptrack seed=824307 nsol=64 4.34s 2026-07-22T18:16:19.937
ATTEMPT 3 W0 START ptrack6x2 seed=824308 2026-07-22T18:16:19.937
ATTEMPT 3 W0 SOLVE ptrack fresh 2026-07-22T18:16:20.451
ATTEMPT 3 W0 FRESH-DONE nsol=64 0.61s 2026-07-22T18:16:21.060
ATTEMPT 3 W0 TRACK 1 2026-07-22T18:16:21.085
ATTEMPT 3 W0 TRACKED 1 nsol=64 0.22s 2026-07-22T18:16:21.301
ATTEMPT 3 W0 TRACK 2 2026-07-22T18:16:21.301
ATTEMPT 3 W0 TRACKED 2 nsol=64 0.17s 2026-07-22T18:16:21.469
ATTEMPT 3 W0 TRACK 3 2026-07-22T18:16:21.485
ATTEMPT 3 W0 TRACKED 3 nsol=64 0.14s 2026-07-22T18:16:21.624
ATTEMPT 3 W0 TRACK 4 2026-07-22T18:16:21.641
ATTEMPT 3 W0 TRACKED 4 nsol=64 0.16s 2026-07-22T18:16:21.802
ATTEMPT 3 W0 TRACK 5 2026-07-22T18:16:21.802
ATTEMPT 3 W0 TRACKED 5 nsol=64 0.17s 2026-07-22T18:16:21.977
ATTEMPT 3 W0 TRACK 6 2026-07-22T18:16:21.977
ATTEMPT 3 W0 TRACKED 6 nsol=64 0.23s 2026-07-22T18:16:22.206
ATTEMPT 3 W0 TRACK 7 2026-07-22T18:16:22.206
ATTEMPT 3 W0 TRACKED 7 nsol=64 0.21s 2026-07-22T18:16:22.418
ATTEMPT 3 W0 TRACK 8 2026-07-22T18:16:22.418
ATTEMPT 3 W0 TRACKED 8 nsol=64 0.20s 2026-07-22T18:16:22.618
ATTEMPT 3 W0 TRACK 9 2026-07-22T18:16:22.618
ATTEMPT 3 W0 TRACKED 9 nsol=64 0.19s 2026-07-22T18:16:22.808
ATTEMPT 3 W0 TRACK 10 2026-07-22T18:16:22.829
ATTEMPT 3 W0 TRACKED 10 nsol=64 0.17s 2026-07-22T18:16:22.999
ATTEMPT 3 W0 TRACK 11 2026-07-22T18:16:23.025
ATTEMPT 3 W0 TRACKED 11 nsol=64 0.18s 2026-07-22T18:16:23.205
ATTEMPT 3 W0 TRACK 12 2026-07-22T18:16:23.206
ATTEMPT 3 W0 TRACKED 12 nsol=64 0.17s 2026-07-22T18:16:23.376
ATTEMPT 3 W0 TRACK 13 2026-07-22T18:16:23.388
ATTEMPT 3 W0 TRACKED 13 nsol=64 3.76s 2026-07-22T18:16:27.150
ATTEMPT 3 W0 TRACK 14 2026-07-22T18:16:27.150
ATTEMPT 3 W0 TRACKED 14 nsol=64 0.16s 2026-07-22T18:16:27.313
ATTEMPT 3 W0 TRACK 15 2026-07-22T18:16:27.313
ATTEMPT 3 W0 TRACKED 15 nsol=64 0.20s 2026-07-22T18:16:27.512
ATTEMPT 3 W0 TRACK 16 2026-07-22T18:16:27.529
ATTEMPT 3 W0 TRACKED 16 nsol=64 0.20s 2026-07-22T18:16:27.726
ATTEMPT 3 W0 TRACK 17 2026-07-22T18:16:27.726
ATTEMPT 3 W0 TRACKED 17 nsol=64 0.21s 2026-07-22T18:16:27.934
ATTEMPT 3 W0 TRACK 18 2026-07-22T18:16:27.934
ATTEMPT 3 W0 TRACKED 18 nsol=64 0.23s 2026-07-22T18:16:28.163
ATTEMPT 3 W0 TRACK 19 2026-07-22T18:16:28.169
ATTEMPT 3 W0 TRACKED 19 nsol=64 0.21s 2026-07-22T18:16:28.375
ATTEMPT 3 W0 TRACK 20 2026-07-22T18:16:28.381
ATTEMPT 3 W0 TRACKED 20 nsol=64 0.22s 2026-07-22T18:16:28.602
ATTEMPT 3 W0 TRACK 21 2026-07-22T18:16:28.602
ATTEMPT 3 W0 TRACKED 21 nsol=64 0.22s 2026-07-22T18:16:28.822
ATTEMPT 3 W0 TRACK 22 2026-07-22T18:16:28.822
ATTEMPT 3 W0 TRACKED 22 nsol=64 0.11s 2026-07-22T18:16:28.933
ATTEMPT 3 W0 TRACK 23 2026-07-22T18:16:28.937
ATTEMPT 3 W0 TRACKED 23 nsol=64 0.09s 2026-07-22T18:16:29.026
ATTEMPT 3 W0 TRACK 24 2026-07-22T18:16:29.026
ATTEMPT 3 W0 TRACKED 24 nsol=64 0.06s 2026-07-22T18:16:29.083
ATTEMPT 3 W0 TRACK 25 2026-07-22T18:16:29.089
ATTEMPT 3 W0 TRACKED 25 nsol=64 0.08s 2026-07-22T18:16:29.170
ATTEMPT 3 W0 DONE ptrack seed=824308 nsol=64 8.72s 2026-07-22T18:16:29.173
ATTEMPT 4 W0 START ptrack6x2 seed=824309 2026-07-22T18:16:29.173
ATTEMPT 4 W0 SOLVE ptrack fresh 2026-07-22T18:16:29.350
ATTEMPT 4 W0 FRESH-DONE nsol=64 0.25s 2026-07-22T18:16:29.605
ATTEMPT 4 W0 TRACK 1 2026-07-22T18:16:29.605
ATTEMPT 4 W0 TRACKED 1 nsol=64 0.09s 2026-07-22T18:16:29.699
ATTEMPT 4 W0 TRACK 2 2026-07-22T18:16:29.700
ATTEMPT 4 W0 TRACKED 2 nsol=64 0.11s 2026-07-22T18:16:29.806
ATTEMPT 4 W0 TRACK 3 2026-07-22T18:16:29.806
ATTEMPT 4 W0 TRACKED 3 nsol=64 0.12s 2026-07-22T18:16:29.927
ATTEMPT 4 W0 TRACK 4 2026-07-22T18:16:29.927
ATTEMPT 4 W0 TRACKED 4 nsol=64 0.11s 2026-07-22T18:16:30.036
ATTEMPT 4 W0 TRACK 5 2026-07-22T18:16:30.036
ATTEMPT 4 W0 TRACKED 5 nsol=64 0.10s 2026-07-22T18:16:30.133
ATTEMPT 4 W0 TRACK 6 2026-07-22T18:16:30.133
ATTEMPT 4 W0 TRACKED 6 nsol=64 0.10s 2026-07-22T18:16:30.236
ATTEMPT 4 W0 TRACK 7 2026-07-22T18:16:30.245
ATTEMPT 4 W0 TRACKED 7 nsol=64 0.10s 2026-07-22T18:16:30.342
ATTEMPT 4 W0 TRACK 8 2026-07-22T18:16:30.349
ATTEMPT 4 W0 TRACKED 8 nsol=64 0.11s 2026-07-22T18:16:30.456
ATTEMPT 4 W0 TRACK 9 2026-07-22T18:16:30.473
ATTEMPT 4 W0 TRACKED 9 nsol=64 0.11s 2026-07-22T18:16:30.581
ATTEMPT 4 W0 TRACK 10 2026-07-22T18:16:30.585
ATTEMPT 4 W0 TRACKED 10 nsol=64 0.11s 2026-07-22T18:16:30.696
ATTEMPT 4 W0 TRACK 11 2026-07-22T18:16:30.709
ATTEMPT 4 W0 TRACKED 11 nsol=64 0.11s 2026-07-22T18:16:30.820
ATTEMPT 4 W0 TRACK 12 2026-07-22T18:16:30.833
ATTEMPT 4 W0 TRACKED 12 nsol=64 0.06s 2026-07-22T18:16:30.896
ATTEMPT 4 W0 TRACK 13 2026-07-22T18:16:30.896
ATTEMPT 4 W0 TRACKED 13 nsol=64 0.11s 2026-07-22T18:16:31.001
ATTEMPT 4 W0 TRACK 14 2026-07-22T18:16:31.005
ATTEMPT 4 W0 TRACKED 14 nsol=64 0.09s 2026-07-22T18:16:31.095
ATTEMPT 4 W0 TRACK 15 2026-07-22T18:16:31.101
ATTEMPT 4 W0 TRACKED 15 nsol=64 0.11s 2026-07-22T18:16:31.211
ATTEMPT 4 W0 TRACK 16 2026-07-22T18:16:31.217
ATTEMPT 4 W0 TRACKED 16 nsol=64 0.09s 2026-07-22T18:16:31.310
ATTEMPT 4 W0 TRACK 17 2026-07-22T18:16:31.310
ATTEMPT 4 W0 TRACKED 17 nsol=64 0.07s 2026-07-22T18:16:31.380
ATTEMPT 4 W0 TRACK 18 2026-07-22T18:16:31.381
ATTEMPT 4 W0 TRACKED 18 nsol=64 0.08s 2026-07-22T18:16:31.463
ATTEMPT 4 W0 TRACK 19 2026-07-22T18:16:31.463
ATTEMPT 4 W0 TRACKED 19 nsol=64 0.08s 2026-07-22T18:16:31.546
ATTEMPT 4 W0 TRACK 20 2026-07-22T18:16:31.546
ATTEMPT 4 W0 TRACKED 20 nsol=64 0.09s 2026-07-22T18:16:31.636
ATTEMPT 4 W0 TRACK 21 2026-07-22T18:16:31.641
ATTEMPT 4 W0 TRACKED 21 nsol=64 0.08s 2026-07-22T18:16:31.725
ATTEMPT 4 W0 TRACK 22 2026-07-22T18:16:31.725
ATTEMPT 4 W0 TRACKED 22 nsol=64 0.08s 2026-07-22T18:16:31.808
ATTEMPT 4 W0 TRACK 23 2026-07-22T18:16:31.821
ATTEMPT 4 W0 TRACKED 23 nsol=64 0.08s 2026-07-22T18:16:31.897
ATTEMPT 4 W0 TRACK 24 2026-07-22T18:16:31.897
ATTEMPT 4 W0 TRACKED 24 nsol=64 0.09s 2026-07-22T18:16:31.989
ATTEMPT 4 W0 TRACK 25 2026-07-22T18:16:31.993
ATTEMPT 4 W0 TRACKED 25 nsol=64 0.10s 2026-07-22T18:16:32.094
ATTEMPT 4 W0 DONE ptrack seed=824309 nsol=64 2.74s 2026-07-22T18:16:32.097
ATTEMPT 5 W0 START ptrack6x2 seed=824310 2026-07-22T18:16:32.097
ATTEMPT 5 W0 SOLVE ptrack fresh 2026-07-22T18:16:32.495
ATTEMPT 5 W0 FRESH-DONE nsol=64 0.39s 2026-07-22T18:16:32.896
ATTEMPT 5 W0 TRACK 1 2026-07-22T18:16:32.896
ATTEMPT 5 W0 TRACKED 1 nsol=64 0.15s 2026-07-22T18:16:33.046
ATTEMPT 5 W0 TRACK 2 2026-07-22T18:16:33.046
ATTEMPT 5 W0 TRACKED 2 nsol=64 0.14s 2026-07-22T18:16:33.190
ATTEMPT 5 W0 TRACK 3 2026-07-22T18:16:33.199
ATTEMPT 5 W0 TRACKED 3 nsol=64 0.12s 2026-07-22T18:16:33.321
ATTEMPT 5 W0 TRACK 4 2026-07-22T18:16:33.321
ATTEMPT 5 W0 TRACKED 4 nsol=64 0.12s 2026-07-22T18:16:33.440
ATTEMPT 5 W0 TRACK 5 2026-07-22T18:16:33.457
ATTEMPT 5 W0 TRACKED 5 nsol=64 0.12s 2026-07-22T18:16:33.575
ATTEMPT 5 W0 TRACK 6 2026-07-22T18:16:33.597
ATTEMPT 5 W0 TRACKED 6 nsol=64 0.11s 2026-07-22T18:16:33.710
ATTEMPT 5 W0 TRACK 7 2026-07-22T18:16:33.710
ATTEMPT 5 W0 TRACKED 7 nsol=64 0.09s 2026-07-22T18:16:33.804
ATTEMPT 5 W0 TRACK 8 2026-07-22T18:16:33.809
ATTEMPT 5 W0 TRACKED 8 nsol=64 0.10s 2026-07-22T18:16:33.905
ATTEMPT 5 W0 TRACK 9 2026-07-22T18:16:33.905
ATTEMPT 5 W0 TRACKED 9 nsol=64 0.10s 2026-07-22T18:16:34.009
ATTEMPT 5 W0 TRACK 10 2026-07-22T18:16:34.009
ATTEMPT 5 W0 TRACKED 10 nsol=64 0.13s 2026-07-22T18:16:34.138
ATTEMPT 5 W0 TRACK 11 2026-07-22T18:16:34.153
ATTEMPT 5 W0 TRACKED 11 nsol=64 0.12s 2026-07-22T18:16:34.278
ATTEMPT 5 W0 TRACK 12 2026-07-22T18:16:34.278
ATTEMPT 5 W0 TRACKED 12 nsol=64 0.12s 2026-07-22T18:16:34.395
ATTEMPT 5 W0 TRACK 13 2026-07-22T18:16:34.413
ATTEMPT 5 W0 TRACKED 13 nsol=64 0.13s 2026-07-22T18:16:34.542
ATTEMPT 5 W0 TRACK 14 2026-07-22T18:16:34.545
ATTEMPT 5 W0 TRACKED 14 nsol=64 0.12s 2026-07-22T18:16:34.666
ATTEMPT 5 W0 TRACK 15 2026-07-22T18:16:34.666
ATTEMPT 5 W0 TRACKED 15 nsol=64 0.15s 2026-07-22T18:16:34.813
ATTEMPT 5 W0 TRACK 16 2026-07-22T18:16:34.813
ATTEMPT 5 W0 TRACKED 16 nsol=64 0.12s 2026-07-22T18:16:34.930
ATTEMPT 5 W0 TRACK 17 2026-07-22T18:16:34.930
ATTEMPT 5 W0 TRACKED 17 nsol=64 0.12s 2026-07-22T18:16:35.047
ATTEMPT 5 W0 TRACK 18 2026-07-22T18:16:35.047
ATTEMPT 5 W0 TRACKED 18 nsol=64 0.12s 2026-07-22T18:16:35.164
ATTEMPT 5 W0 TRACK 19 2026-07-22T18:16:35.164
ATTEMPT 5 W0 TRACKED 19 nsol=64 0.13s 2026-07-22T18:16:35.297
ATTEMPT 5 W0 TRACK 20 2026-07-22T18:16:35.297
ATTEMPT 5 W0 TRACKED 20 nsol=64 0.11s 2026-07-22T18:16:35.408
ATTEMPT 5 W0 TRACK 21 2026-07-22T18:16:35.421
ATTEMPT 5 W0 TRACKED 21 nsol=64 0.09s 2026-07-22T18:16:35.507
ATTEMPT 5 W0 TRACK 22 2026-07-22T18:16:35.513
ATTEMPT 5 W0 TRACKED 22 nsol=64 0.05s 2026-07-22T18:16:35.566
ATTEMPT 5 W0 TRACK 23 2026-07-22T18:16:35.573
ATTEMPT 5 W0 TRACKED 23 nsol=64 0.06s 2026-07-22T18:16:35.636
ATTEMPT 5 W0 TRACK 24 2026-07-22T18:16:35.645
ATTEMPT 5 W0 TRACKED 24 nsol=64 0.07s 2026-07-22T18:16:35.712
ATTEMPT 5 W0 TRACK 25 2026-07-22T18:16:35.713
ATTEMPT 5 W0 TRACKED 25 nsol=64 0.08s 2026-07-22T18:16:35.788
ATTEMPT 5 W0 DONE ptrack seed=824310 nsol=64 3.30s 2026-07-22T18:16:35.797
ATTEMPT 6 W0 START ptrack6x2 seed=824311 2026-07-22T18:16:35.797
ATTEMPT 6 W0 SOLVE ptrack fresh 2026-07-22T18:16:36.045
ATTEMPT 6 W0 FRESH-DONE nsol=64 0.33s 2026-07-22T18:16:36.373
ATTEMPT 6 W0 TRACK 1 2026-07-22T18:16:36.393
ATTEMPT 6 W0 TRACKED 1 nsol=64 0.19s 2026-07-22T18:16:36.579
ATTEMPT 6 W0 TRACK 2 2026-07-22T18:16:36.585
ATTEMPT 6 W0 TRACKED 2 nsol=64 0.16s 2026-07-22T18:16:36.741
ATTEMPT 6 W0 TRACK 3 2026-07-22T18:16:36.761
ATTEMPT 6 W0 TRACKED 3 nsol=64 0.20s 2026-07-22T18:16:36.964
ATTEMPT 6 W0 TRACK 4 2026-07-22T18:16:36.993
ATTEMPT 6 W0 TRACKED 4 nsol=64 0.23s 2026-07-22T18:16:37.221
ATTEMPT 6 W0 TRACK 5 2026-07-22T18:16:37.221
ATTEMPT 6 W0 TRACKED 5 nsol=64 0.14s 2026-07-22T18:16:37.366
ATTEMPT 6 W0 TRACK 6 2026-07-22T18:16:37.366
ATTEMPT 6 W0 TRACKED 6 nsol=64 0.20s 2026-07-22T18:16:37.562
ATTEMPT 6 W0 TRACK 7 2026-07-22T18:16:37.562
ATTEMPT 6 W0 TRACKED 7 nsol=64 0.15s 2026-07-22T18:16:37.713
ATTEMPT 6 W0 TRACK 8 2026-07-22T18:16:37.713
ATTEMPT 6 W0 TRACKED 8 nsol=64 0.16s 2026-07-22T18:16:37.871
ATTEMPT 6 W0 TRACK 9 2026-07-22T18:16:37.881
ATTEMPT 6 W0 TRACKED 9 nsol=64 0.15s 2026-07-22T18:16:38.028
ATTEMPT 6 W0 TRACK 10 2026-07-22T18:16:38.045
ATTEMPT 6 W0 TRACKED 10 nsol=64 0.13s 2026-07-22T18:16:38.175
ATTEMPT 6 W0 TRACK 11 2026-07-22T18:16:38.181
ATTEMPT 6 W0 TRACKED 11 nsol=64 0.11s 2026-07-22T18:16:38.296
ATTEMPT 6 W0 TRACK 12 2026-07-22T18:16:38.296
ATTEMPT 6 W0 TRACKED 12 nsol=64 0.03s 2026-07-22T18:16:38.323
ATTEMPT 6 W0 TRACK 13 2026-07-22T18:16:38.323
ATTEMPT 6 W0 TRACKED 13 nsol=64 0.03s 2026-07-22T18:16:38.350
ATTEMPT 6 W0 TRACK 14 2026-07-22T18:16:38.350
ATTEMPT 6 W0 TRACKED 14 nsol=64 0.02s 2026-07-22T18:16:38.372
ATTEMPT 6 W0 TRACK 15 2026-07-22T18:16:38.372
ATTEMPT 6 W0 TRACKED 15 nsol=64 0.02s 2026-07-22T18:16:38.395
ATTEMPT 6 W0 TRACK 16 2026-07-22T18:16:38.395
ATTEMPT 6 W0 TRACKED 16 nsol=64 0.02s 2026-07-22T18:16:38.419
ATTEMPT 6 W0 TRACK 17 2026-07-22T18:16:38.420
ATTEMPT 6 W0 TRACKED 17 nsol=64 0.04s 2026-07-22T18:16:38.456
ATTEMPT 6 W0 TRACK 18 2026-07-22T18:16:38.465
ATTEMPT 6 W0 TRACKED 18 nsol=64 0.10s 2026-07-22T18:16:38.563
ATTEMPT 6 W0 TRACK 19 2026-07-22T18:16:38.569
ATTEMPT 6 W0 TRACKED 19 nsol=64 0.08s 2026-07-22T18:16:38.651
ATTEMPT 6 W0 TRACK 20 2026-07-22T18:16:38.661
ATTEMPT 6 W0 TRACKED 20 nsol=64 0.11s 2026-07-22T18:16:38.770
ATTEMPT 6 W0 TRACK 21 2026-07-22T18:16:38.773
ATTEMPT 6 W0 TRACKED 21 nsol=64 0.10s 2026-07-22T18:16:38.878
ATTEMPT 6 W0 TRACK 22 2026-07-22T18:16:38.878
ATTEMPT 6 W0 TRACKED 22 nsol=64 0.10s 2026-07-22T18:16:38.980
ATTEMPT 6 W0 TRACK 23 2026-07-22T18:16:38.993
ATTEMPT 6 W0 TRACKED 23 nsol=64 0.10s 2026-07-22T18:16:39.089
ATTEMPT 6 W0 TRACK 24 2026-07-22T18:16:39.089
ATTEMPT 6 W0 TRACKED 24 nsol=64 0.09s 2026-07-22T18:16:39.182
ATTEMPT 6 W0 TRACK 25 2026-07-22T18:16:39.189
ATTEMPT 6 W0 TRACKED 25 nsol=64 0.09s 2026-07-22T18:16:39.283
ATTEMPT 6 W0 DONE ptrack seed=824311 nsol=64 3.25s 2026-07-22T18:16:39.297
ATTEMPT 7 W0 START ptrack6x2 seed=824312 2026-07-22T18:16:39.297
ATTEMPT 7 W0 SOLVE ptrack fresh 2026-07-22T18:16:39.598
ATTEMPT 7 W0 FRESH-DONE nsol=64 0.36s 2026-07-22T18:16:39.962
ATTEMPT 7 W0 TRACK 1 2026-07-22T18:16:39.962
ATTEMPT 7 W0 TRACKED 1 nsol=64 0.19s 2026-07-22T18:16:40.151
ATTEMPT 7 W0 TRACK 2 2026-07-22T18:16:40.151
ATTEMPT 7 W0 TRACKED 2 nsol=64 0.17s 2026-07-22T18:16:40.323
ATTEMPT 7 W0 TRACK 3 2026-07-22T18:16:40.337
ATTEMPT 7 W0 TRACKED 3 nsol=64 0.13s 2026-07-22T18:16:40.470
ATTEMPT 7 W0 TRACK 4 2026-07-22T18:16:40.470
ATTEMPT 7 W0 TRACKED 4 nsol=64 0.13s 2026-07-22T18:16:40.602
ATTEMPT 7 W0 TRACK 5 2026-07-22T18:16:40.609
ATTEMPT 7 W0 TRACKED 5 nsol=64 0.13s 2026-07-22T18:16:40.739
ATTEMPT 7 W0 TRACK 6 2026-07-22T18:16:40.739
ATTEMPT 7 W0 TRACKED 6 nsol=64 0.14s 2026-07-22T18:16:40.879
ATTEMPT 7 W0 TRACK 7 2026-07-22T18:16:40.889
ATTEMPT 7 W0 TRACKED 7 nsol=64 0.15s 2026-07-22T18:16:41.042
ATTEMPT 7 W0 TRACK 8 2026-07-22T18:16:41.045
ATTEMPT 7 W0 TRACKED 8 nsol=64 0.14s 2026-07-22T18:16:41.181
ATTEMPT 7 W0 TRACK 9 2026-07-22T18:16:41.181
ATTEMPT 7 W0 TRACKED 9 nsol=64 0.14s 2026-07-22T18:16:41.317
ATTEMPT 7 W0 TRACK 10 2026-07-22T18:16:41.317
ATTEMPT 7 W0 TRACKED 10 nsol=64 0.11s 2026-07-22T18:16:41.424
ATTEMPT 7 W0 TRACK 11 2026-07-22T18:16:41.441
ATTEMPT 7 W0 TRACKED 11 nsol=64 0.09s 2026-07-22T18:16:41.528
ATTEMPT 7 W0 TRACK 12 2026-07-22T18:16:41.541
ATTEMPT 7 W0 TRACKED 12 nsol=64 0.14s 2026-07-22T18:16:41.679
ATTEMPT 7 W0 TRACK 13 2026-07-22T18:16:41.679
ATTEMPT 7 W0 TRACKED 13 nsol=64 0.13s 2026-07-22T18:16:41.809
ATTEMPT 7 W0 TRACK 14 2026-07-22T18:16:41.833
ATTEMPT 7 W0 TRACKED 14 nsol=64 0.28s 2026-07-22T18:16:42.108
ATTEMPT 7 W0 TRACK 15 2026-07-22T18:16:42.137
ATTEMPT 7 W0 TRACKED 15 nsol=64 0.24s 2026-07-22T18:16:42.372
ATTEMPT 7 W0 TRACK 16 2026-07-22T18:16:42.393
ATTEMPT 7 W0 TRACKED 16 nsol=64 0.23s 2026-07-22T18:16:42.620
ATTEMPT 7 W0 TRACK 17 2026-07-22T18:16:42.641
ATTEMPT 7 W0 TRACKED 17 nsol=64 0.19s 2026-07-22T18:16:42.833
ATTEMPT 7 W0 TRACK 18 2026-07-22T18:16:42.849
ATTEMPT 7 W0 TRACKED 18 nsol=64 0.13s 2026-07-22T18:16:42.976
ATTEMPT 7 W0 TRACK 19 2026-07-22T18:16:42.985
ATTEMPT 7 W0 TRACKED 19 nsol=64 0.23s 2026-07-22T18:16:43.217
ATTEMPT 7 W0 TRACK 20 2026-07-22T18:16:43.217
ATTEMPT 7 W0 TRACKED 20 nsol=64 0.22s 2026-07-22T18:16:43.434
ATTEMPT 7 W0 TRACK 21 2026-07-22T18:16:43.434
┌ Warning: Ingored unsupported keyword arguments: gamma = -0.20364377925022104 - 0.9790450506348966im
└ @ HomotopyContinuation ~/.julia/packages/HomotopyContinuation/98yZ2/src/utils.jl:170
┌ Warning: Ingored unsupported keyword arguments: gamma = -0.9801182895160734 - 0.19841405836302647im
└ @ HomotopyContinuation ~/.julia/packages/HomotopyContinuation/98yZ2/src/utils.jl:170
┌ Warning: Ingored unsupported keyword arguments: gamma = 0.32069433909508804 - 0.9471827389011925im
└ @ HomotopyContinuation ~/.julia/packages/HomotopyContinuation/98yZ2/src/utils.jl:170
┌ Warning: Ingored unsupported keyword arguments: gamma = 0.6779527505314699 + 0.7351054808983637im
└ @ HomotopyContinuation ~/.julia/packages/HomotopyContinuation/98yZ2/src/utils.jl:170
┌ Warning: Ingored unsupported keyword arguments: gamma = 0.949860270098963 + 0.3126746988285511im
└ @ HomotopyContinuation ~/.julia/packages/HomotopyContinuation/98yZ2/src/utils.jl:170
┌ Warning: Ingored unsupported keyword arguments: gamma = 0.9986777275043206 + 0.05140813735981885im
└ @ HomotopyContinuation ~/.julia/packages/HomotopyContinuation/98yZ2/src/utils.jl:170
┌ Warning: Ingored unsupported keyword arguments: gamma = -0.03433883564657787 - 0.9994102482796728im
└ @ HomotopyContinuation ~/.julia/packages/HomotopyContinuation/98yZ2/src/utils.jl:170
┌ Warning: Ingored unsupported keyword arguments: gamma = -0.44162164330314524 - 0.897201384398302im
└ @ HomotopyContinuation ~/.julia/packages/HomotopyContinuation/98yZ2/src/utils.jl:170
┌ Warning: Ingored unsupported keyword arguments: gamma = -0.8958128259665222 + 0.44443152547256753im
└ @ HomotopyContinuation ~/.julia/packages/HomotopyContinuation/98yZ2/src/utils.jl:170
┌ Warning: Ingored unsupported keyword arguments: gamma = -0.7879326457926374 - 0.6157614356990978im
└ @ HomotopyContinuation ~/.julia/packages/HomotopyContinuation/98yZ2/src/utils.jl:170
┌ Warning: Ingored unsupported keyword arguments: gamma = 0.9273716366060468 - 0.37414148075109543im
└ @ HomotopyContinuation ~/.julia/packages/HomotopyContinuation/98yZ2/src/utils.jl:170
┌ Warning: Ingored unsupported keyword arguments: gamma = 0.9587679078450326 + 0.28419025121643254im
└ @ HomotopyContinuation ~/.julia/packages/HomotopyContinuation/98yZ2/src/utils.jl:170
┌ Warning: Ingored unsupported keyword arguments: gamma = 0.787982092297552 - 0.6156981583685079im
└ @ HomotopyContinuation ~/.julia/packages/HomotopyContinuation/98yZ2/src/utils.jl:170
┌ Warning: Ingored unsupported keyword arguments: gamma = 0.1525593204122409 + 0.9882943153511282im
└ @ HomotopyContinuation ~/.julia/packages/HomotopyContinuation/98yZ2/src/utils.jl:170
┌ Warning: Ingored unsupported keyword arguments: gamma = 0.9831241804664672 - 0.18293945933597056im
└ @ HomotopyContinuation ~/.julia/packages/HomotopyContinuation/98yZ2/src/utils.jl:170
┌ Warning: Ingored unsupported keyword arguments: gamma = -0.8208398834823734 - 0.5711583718064926im
└ @ HomotopyContinuation ~/.julia/packages/HomotopyContinuation/98yZ2/src/utils.jl:170
┌ Warning: Ingored unsupported keyword arguments: gamma = 0.5127955664331174 - 0.8585107495229971im
└ @ HomotopyContinuation ~/.julia/packages/HomotopyContinuation/98yZ2/src/utils.jl:170
┌ Warning: Ingored unsupported keyword arguments: gamma = -0.5005587599396818 - 0.8657025631518299im
└ @ HomotopyContinuation ~/.julia/packages/HomotopyContinuation/98yZ2/src/utils.jl:170
┌ Warning: Ingored unsupported keyword arguments: gamma = 0.8483916927480625 + 0.5293689976529389im
└ @ HomotopyContinuation ~/.julia/packages/HomotopyContinuation/98yZ2/src/utils.jl:170
┌ Warning: Ingored unsupported keyword arguments: gamma = -0.9129220362858225 - 0.4081339922914377im
└ @ HomotopyContinuation ~/.julia/packages/HomotopyContinuation/98yZ2/src/utils.jl:170
┌ Warning: Ingored unsupported keyword arguments: gamma = -0.2531544030598772 - 0.9674258877099564im
└ @ HomotopyContinuation ~/.julia/packages/HomotopyContinuation/98yZ2/src/utils.jl:170
┌ Warning: Ingored unsupported keyword arguments: gamma = -0.8568077103646426 - 0.5156360610544016im
└ @ HomotopyContinuation ~/.julia/packages/HomotopyContinuation/98yZ2/src/utils.jl:170
┌ Warning: Ingored unsupported keyword arguments: gamma = 0.6990512722114579 - 0.7150715480422516im
└ @ HomotopyContinuation ~/.julia/packages/HomotopyContinuation/98yZ2/src/utils.jl:170
┌ Warning: Ingored unsupported keyword arguments: gamma = -0.9911848491546672 + 0.13248620609799175im
└ @ HomotopyContinuation ~/.julia/packages/HomotopyContinuation/98yZ2/src/utils.jl:170
┌ Warning: Ingored unsupported keyword arguments: gamma = -0.6242566236464879 - 0.7812193468120763im
└ @ HomotopyContinuation ~/.julia/packages/HomotopyContinuation/98yZ2/src/utils.jl:170
┌ Warning: Ingored unsupported keyword arguments: gamma = -0.9988739498972555 + 0.047442936425300994im
└ @ HomotopyContinuation ~/.julia/packages/HomotopyContinuation/98yZ2/src/utils.jl:170
┌ Warning: Ingored unsupported keyword arguments: gamma = 0.45557652997179543 - 0.8901966217296367im
└ @ HomotopyContinuation ~/.julia/packages/HomotopyContinuation/98yZ2/src/utils.jl:170
┌ Warning: Ingored unsupported keyword arguments: gamma = 0.3025197381988859 + 0.9531431204179557im
└ @ HomotopyContinuation ~/.julia/packages/HomotopyContinuation/98yZ2/src/utils.jl:170
┌ Warning: Ingored unsupported keyword arguments: gamma = -0.9418800988078886 - 0.3359492215642744im
└ @ HomotopyContinuation ~/.julia/packages/HomotopyContinuation/98yZ2/src/utils.jl:170
┌ Warning: Ingored unsupported keyword arguments: gamma = -0.6908250858479078 + 0.7230219227404041im
└ @ HomotopyContinuation ~/.julia/packages/HomotopyContinuation/98yZ2/src/utils.jl:170
┌ Warning: Ingored unsupported keyword arguments: gamma = 0.5223758625845037 + 0.8527153441735968im
└ @ HomotopyContinuation ~/.julia/packages/HomotopyContinuation/98yZ2/src/utils.jl:170
┌ Warning: Ingored unsupported keyword arguments: gamma = -0.9775622844230991 + 0.21064657622067334im
└ @ HomotopyContinuation ~/.julia/packages/HomotopyContinuation/98yZ2/src/utils.jl:170
┌ Warning: Ingored unsupported keyword arguments: gamma = 0.1715684221225886 - 0.9851722065356723im
└ @ HomotopyContinuation ~/.julia/packages/HomotopyContinuation/98yZ2/src/utils.jl:170
┌ Warning: Ingored unsupported keyword arguments: gamma = -0.6016315971046753 + 0.7987736984686449im
└ @ HomotopyContinuation ~/.julia/packages/HomotopyContinuation/98yZ2/src/utils.jl:170
┌ Warning: Ingored unsupported keyword arguments: gamma = -0.979681101516724 + 0.20056155995349198im
└ @ HomotopyContinuation ~/.julia/packages/HomotopyContinuation/98yZ2/src/utils.jl:170
┌ Warning: Ingored unsupported keyword arguments: gamma = 0.6866422000311061 - 0.7269955220883019im
└ @ HomotopyContinuation ~/.julia/packages/HomotopyContinuation/98yZ2/src/utils.jl:170
┌ Warning: Ingored unsupported keyword arguments: gamma = -0.6733536469835799 + 0.7393205435356929im
└ @ HomotopyContinuation ~/.julia/packages/HomotopyContinuation/98yZ2/src/utils.jl:170
┌ Warning: Ingored unsupported keyword arguments: gamma = -0.9692198353107986 + 0.24619689445666973im
└ @ HomotopyContinuation ~/.julia/packages/HomotopyContinuation/98yZ2/src/utils.jl:170
┌ Warning: Ingored unsupported keyword arguments: gamma = 0.8065712859276979 - 0.5911368375570413im
└ @ HomotopyContinuation ~/.julia/packages/HomotopyContinuation/98yZ2/src/utils.jl:170
┌ Warning: Ingored unsupported keyword arguments: gamma = -0.7063896669441617 + 0.7078231689020332im
└ @ HomotopyContinuation ~/.julia/packages/HomotopyContinuation/98yZ2/src/utils.jl:170
┌ Warning: Ingored unsupported keyword arguments: gamma = -0.7288484013596336 - 0.6846751111552883im
└ @ HomotopyContinuation ~/.julia/packages/HomotopyContinuation/98yZ2/src/utils.jl:170
┌ Warning: Ingored unsupported keyword arguments: gamma = -0.3730130081328184 - 0.9278261128916916im
└ @ HomotopyContinuation ~/.julia/packages/HomotopyContinuation/98yZ2/src/utils.jl:170
┌ Warning: Ingored unsupported keyword arguments: gamma = -0.9672084663833166 + 0.25398382341486386im
└ @ HomotopyContinuation ~/.julia/packages/HomotopyContinuation/98yZ2/src/utils.jl:170
┌ Warning: Ingored unsupported keyword arguments: gamma = -0.9468440623918352 - 0.32169289938282236im
└ @ HomotopyContinuation ~/.julia/packages/HomotopyContinuation/98yZ2/src/utils.jl:170
┌ Warning: Ingored unsupported keyword arguments: gamma = -0.8136037881145063 - 0.5814197072388634im
└ @ HomotopyContinuation ~/.julia/packages/HomotopyContinuation/98yZ2/src/utils.jl:170
┌ Warning: Ingored unsupported keyword arguments: gamma = 0.27773333455358157 + 0.9606582091866744im
└ @ HomotopyContinuation ~/.julia/packages/HomotopyContinuation/98yZ2/src/utils.jl:170
┌ Warning: Ingored unsupported keyword arguments: gamma = -0.9813225849224471 + 0.19236939548984033im
└ @ HomotopyContinuation ~/.julia/packages/HomotopyContinuation/98yZ2/src/utils.jl:170
┌ Warning: Ingored unsupported keyword arguments: gamma = 0.01758042562998711 - 0.99984545237485im
└ @ HomotopyContinuation ~/.julia/packages/HomotopyContinuation/98yZ2/src/utils.jl:170
┌ Warning: Ingored unsupported keyword arguments: gamma = 0.6783390469758501 - 0.7347490301782612im
└ @ HomotopyContinuation ~/.julia/packages/HomotopyContinuation/98yZ2/src/utils.jl:170
┌ Warning: Ingored unsupported keyword arguments: gamma = 0.8413949776197286 - 0.5404206617407373im
└ @ HomotopyContinuation ~/.julia/packages/HomotopyContinuation/98yZ2/src/utils.jl:170
┌ Warning: Ingored unsupported keyword arguments: gamma = 0.33288713991727786 + 0.9429666760165465im
└ @ HomotopyContinuation ~/.julia/packages/HomotopyContinuation/98yZ2/src/utils.jl:170
┌ Warning: Ingored unsupported keyword arguments: gamma = -0.15280682088831057 + 0.9882560778917617im
└ @ HomotopyContinuation ~/.julia/packages/HomotopyContinuation/98yZ2/src/utils.jl:170
┌ Warning: Ingored unsupported keyword arguments: gamma = 0.6950258846407249 + 0.7189847144963359im
└ @ HomotopyContinuation ~/.julia/packages/HomotopyContinuation/98yZ2/src/utils.jl:170
┌ Warning: Ingored unsupported keyword arguments: gamma = 0.9980091945111611 - 0.06306859496756954im
└ @ HomotopyContinuation ~/.julia/packages/HomotopyContinuation/98yZ2/src/utils.jl:170
┌ Warning: Ingored unsupported keyword arguments: gamma = 0.5592986551348197 + 0.8289662323426582im
└ @ HomotopyContinuation ~/.julia/packages/HomotopyContinuation/98yZ2/src/utils.jl:170
┌ Warning: Ingored unsupported keyword arguments: gamma = 0.9079329776458832 - 0.4191153875761187im
└ @ HomotopyContinuation ~/.julia/packages/HomotopyContinuation/98yZ2/src/utils.jl:170
┌ Warning: Ingored unsupported keyword arguments: gamma = 0.9999037210132599 - 0.013876191978964846im
└ @ HomotopyContinuation ~/.julia/packages/HomotopyContinuation/98yZ2/src/utils.jl:170
┌ Warning: Ingored unsupported keyword arguments: gamma = 0.31550239255169277 + 0.9489247811571566im
└ @ HomotopyContinuation ~/.julia/packages/HomotopyContinuation/98yZ2/src/utils.jl:170
┌ Warning: Ingored unsupported keyword arguments: gamma = -0.9229309570631155 - 0.3849655159810575im
└ @ HomotopyContinuation ~/.julia/packages/HomotopyContinuation/98yZ2/src/utils.jl:170
┌ Warning: Ingored unsupported keyword arguments: gamma = -0.5373604331349361 - 0.84335269306562im
└ @ HomotopyContinuation ~/.julia/packages/HomotopyContinuation/98yZ2/src/utils.jl:170
┌ Warning: Ingored unsupported keyword arguments: gamma = -0.19283217444637601 - 0.9812317526957036im
└ @ HomotopyContinuation ~/.julia/packages/HomotopyContinuation/98yZ2/src/utils.jl:170
┌ Warning: Ingored unsupported keyword arguments: gamma = 0.6752134257452411 + 0.7376224167508576im
└ @ HomotopyContinuation ~/.julia/packages/HomotopyContinuation/98yZ2/src/utils.jl:170
┌ Warning: Ingored unsupported keyword arguments: gamma = 0.27975963812768917 + 0.9600700728981528im
└ @ HomotopyContinuation ~/.julia/packages/HomotopyContinuation/98yZ2/src/utils.jl:170
┌ Warning: Ingored unsupported keyword arguments: gamma = 0.8140244541535947 - 0.580830601845273im
└ @ HomotopyContinuation ~/.julia/packages/HomotopyContinuation/98yZ2/src/utils.jl:170
┌ Warning: Ingored unsupported keyword arguments: gamma = -0.8547706737657428 - 0.5190058720959312im
└ @ HomotopyContinuation ~/.julia/packages/HomotopyContinuation/98yZ2/src/utils.jl:170
┌ Warning: Ingored unsupported keyword arguments: gamma = 0.5419720908574603 + 0.8403964854350551im
└ @ HomotopyContinuation ~/.julia/packages/HomotopyContinuation/98yZ2/src/utils.jl:170
┌ Warning: Ingored unsupported keyword arguments: gamma = 0.6684963885274956 + 0.7437153881194712im
└ @ HomotopyContinuation ~/.julia/packages/HomotopyContinuation/98yZ2/src/utils.jl:170
┌ Warning: Ingored unsupported keyword arguments: gamma = -0.6344691171602145 + 0.7729482126054359im
└ @ HomotopyContinuation ~/.julia/packages/HomotopyContinuation/98yZ2/src/utils.jl:170
┌ Warning: Ingored unsupported keyword arguments: gamma = 0.9741948548799544 + 0.22570862793749075im
└ @ HomotopyContinuation ~/.julia/packages/HomotopyContinuation/98yZ2/src/utils.jl:170
┌ Warning: Ingored unsupported keyword arguments: gamma = 0.7249536787460276 + 0.688797621709455im
└ @ HomotopyContinuation ~/.julia/packages/HomotopyContinuation/98yZ2/src/utils.jl:170
┌ Warning: Ingored unsupported keyword arguments: gamma = 0.8327622592928077 + 0.5536307609748021im
└ @ HomotopyContinuation ~/.julia/packages/HomotopyContinuation/98yZ2/src/utils.jl:170
┌ Warning: Ingored unsupported keyword arguments: gamma = 0.41619255917345693 - 0.9092765001299926im
└ @ HomotopyContinuation ~/.julia/packages/HomotopyContinuation/98yZ2/src/utils.jl:170
┌ Warning: Ingored unsupported keyword arguments: gamma = 0.5298922710166689 - 0.8480649627928258im
└ @ HomotopyContinuation ~/.julia/packages/HomotopyContinuation/98yZ2/src/utils.jl:170
┌ Warning: Ingored unsupported keyword arguments: gamma = 0.5516600202517066 - 0.8340690751106209im
└ @ HomotopyContinuation ~/.julia/packages/HomotopyContinuation/98yZ2/src/utils.jl:170
┌ Warning: Ingored unsupported keyword arguments: gamma = -0.8720414341336992 + 0.4894320557074713im
└ @ HomotopyContinuation ~/.julia/packages/HomotopyContinuation/98yZ2/src/utils.jl:170
┌ Warning: Ingored unsupported keyword arguments: gamma = -0.7833379546260214 - 0.6215960495710386im
└ @ HomotopyContinuation ~/.julia/packages/HomotopyContinuation/98yZ2/src/utils.jl:170
┌ Warning: Ingored unsupported keyword arguments: gamma = 0.9348729310125152 - 0.35498253881010683im
└ @ HomotopyContinuation ~/.julia/packages/HomotopyContinuation/98yZ2/src/utils.jl:170
┌ Warning: Ingored unsupported keyword arguments: gamma = 0.8984299619481699 + 0.4391168448987238im
└ @ HomotopyContinuation ~/.julia/packages/HomotopyContinuation/98yZ2/src/utils.jl:170
┌ Warning: Ingored unsupported keyword arguments: gamma = -0.8693484960505145 - 0.49419954716157777im
└ @ HomotopyContinuation ~/.julia/packages/HomotopyContinuation/98yZ2/src/utils.jl:170
┌ Warning: Ingored unsupported keyword arguments: gamma = 0.31945693501887534 + 0.9476007949914067im
└ @ HomotopyContinuation ~/.julia/packages/HomotopyContinuation/98yZ2/src/utils.jl:170
┌ Warning: Ingored unsupported keyword arguments: gamma = -0.5583265160784812 - 0.8296213000180658im
└ @ HomotopyContinuation ~/.julia/packages/HomotopyContinuation/98yZ2/src/utils.jl:170
┌ Warning: Ingored unsupported keyword arguments: gamma = -0.4226919299840407 - 0.9062734313254288im
└ @ HomotopyContinuation ~/.julia/packages/HomotopyContinuation/98yZ2/src/utils.jl:170
┌ Warning: Ingored unsupported keyword arguments: gamma = 0.12690087093586125 - 0.9919154041326911im
└ @ HomotopyContinuation ~/.julia/packages/HomotopyContinuation/98yZ2/src/utils.jl:170
┌ Warning: Ingored unsupported keyword arguments: gamma = -0.681887737216006 + 0.7314568434531425im
└ @ HomotopyContinuation ~/.julia/packages/HomotopyContinuation/98yZ2/src/utils.jl:170
┌ Warning: Ingored unsupported keyword arguments: gamma = 0.9948212571450555 + 0.1016398855387548im
└ @ HomotopyContinuation ~/.julia/packages/HomotopyContinuation/98yZ2/src/utils.jl:170
┌ Warning: Ingored unsupported keyword arguments: gamma = -0.7764774347449829 + 0.630145057373182im
└ @ HomotopyContinuation ~/.julia/packages/HomotopyContinuation/98yZ2/src/utils.jl:170
┌ Warning: Ingored unsupported keyword arguments: gamma = -0.9725879674279662 - 0.2325352567124767im
└ @ HomotopyContinuation ~/.julia/packages/HomotopyContinuation/98yZ2/src/utils.jl:170
┌ Warning: Ingored unsupported keyword arguments: gamma = 0.14749929867477193 - 0.9890621602763147im
└ @ HomotopyContinuation ~/.julia/packages/HomotopyContinuation/98yZ2/src/utils.jl:170
┌ Warning: Ingored unsupported keyword arguments: gamma = 0.186785236453773 + 0.9824007712959656im
└ @ HomotopyContinuation ~/.julia/packages/HomotopyContinuation/98yZ2/src/utils.jl:170
┌ Warning: Ingored unsupported keyword arguments: gamma = 0.6820465647184119 + 0.7313087470800642im
└ @ HomotopyContinuation ~/.julia/packages/HomotopyContinuation/98yZ2/src/utils.jl:170
┌ Warning: Ingored unsupported keyword arguments: gamma = 0.9152201509648172 - 0.40295418507311365im
└ @ HomotopyContinuation ~/.julia/packages/HomotopyContinuation/98yZ2/src/utils.jl:170
┌ Warning: Ingored unsupported keyword arguments: gamma = 0.5826009786027544 + 0.8127583279986204im
└ @ HomotopyContinuation ~/.julia/packages/HomotopyContinuation/98yZ2/src/utils.jl:170
┌ Warning: Ingored unsupported keyword arguments: gamma = 0.7085894845147804 - 0.7056209622985118im
└ @ HomotopyContinuation ~/.julia/packages/HomotopyContinuation/98yZ2/src/utils.jl:170
┌ Warning: Ingored unsupported keyword arguments: gamma = 0.6710453892788185 + 0.7414162700721093im
└ @ HomotopyContinuation ~/.julia/packages/HomotopyContinuation/98yZ2/src/utils.jl:170
┌ Warning: Ingored unsupported keyword arguments: gamma = 0.7976290125979413 + 0.6031483716814904im
└ @ HomotopyContinuation ~/.julia/packages/HomotopyContinuation/98yZ2/src/utils.jl:170
┌ Warning: Ingored unsupported keyword arguments: gamma = 0.8358649647118856 + 0.5489351152615382im
└ @ HomotopyContinuation ~/.julia/packages/HomotopyContinuation/98yZ2/src/utils.jl:170
┌ Warning: Ingored unsupported keyword arguments: gamma = -0.993379709839111 + 0.11487711730350705im
└ @ HomotopyContinuation ~/.julia/packages/HomotopyContinuation/98yZ2/src/utils.jl:170
┌ Warning: Ingored unsupported keyword arguments: gamma = -0.20501071460616008 + 0.9787597288899209im
└ @ HomotopyContinuation ~/.julia/packages/HomotopyContinuation/98yZ2/src/utils.jl:170
┌ Warning: Ingored unsupported keyword arguments: gamma = -0.2815932296685876 - 0.959533872776159im
└ @ HomotopyContinuation ~/.julia/packages/HomotopyContinuation/98yZ2/src/utils.jl:170
┌ Warning: Ingored unsupported keyword arguments: gamma = -0.646246364926241 + 0.7631288461456688im
└ @ HomotopyContinuation ~/.julia/packages/HomotopyContinuation/98yZ2/src/utils.jl:170
┌ Warning: Ingored unsupported keyword arguments: gamma = -0.8955766653872874 + 0.4449072222540185im
└ @ HomotopyContinuation ~/.julia/packages/HomotopyContinuation/98yZ2/src/utils.jl:170
┌ Warning: Ingored unsupported keyword arguments: gamma = 0.6273299198854994 - 0.778753601350551im
└ @ HomotopyContinuation ~/.julia/packages/HomotopyContinuation/98yZ2/src/utils.jl:170
┌ Warning: Ingored unsupported keyword arguments: gamma = 0.4846399510663091 - 0.8747137347901001im
└ @ HomotopyContinuation ~/.julia/packages/HomotopyContinuation/98yZ2/src/utils.jl:170
┌ Warning: Ingored unsupported keyword arguments: gamma = 0.6416351998859715 - 0.7670099544773127im
└ @ HomotopyContinuation ~/.julia/packages/HomotopyContinuation/98yZ2/src/utils.jl:170
┌ Warning: Ingored unsupported keyword arguments: gamma = -0.628177998310892 - 0.77806966425772im
└ @ HomotopyContinuation ~/.julia/packages/HomotopyContinuation/98yZ2/src/utils.jl:170
┌ Warning: Ingored unsupported keyword arguments: gamma = 0.49315219054853887 + 0.8699430538588016im
└ @ HomotopyContinuation ~/.julia/packages/HomotopyContinuation/98yZ2/src/utils.jl:170
┌ Warning: Ingored unsupported keyword arguments: gamma = 0.2951566816377967 + 0.9554488648193394im
└ @ HomotopyContinuation ~/.julia/packages/HomotopyContinuation/98yZ2/src/utils.jl:170
┌ Warning: Ingored unsupported keyword arguments: gamma = 0.22688035741171922 - 0.9739226372873415im
└ @ HomotopyContinuation ~/.julia/packages/HomotopyContinuation/98yZ2/src/utils.jl:170
┌ Warning: Ingored unsupported keyword arguments: gamma = -0.8494003134349978 + 0.527749095249369im
└ @ HomotopyContinuation ~/.julia/packages/HomotopyContinuation/98yZ2/src/utils.jl:170
┌ Warning: Ingored unsupported keyword arguments: gamma = 0.0463235141851809 + 0.998926489804698im
└ @ HomotopyContinuation ~/.julia/packages/HomotopyContinuation/98yZ2/src/utils.jl:170
┌ Warning: Ingored unsupported keyword arguments: gamma = 0.07605790787905223 + 0.9971034021850801im
└ @ HomotopyContinuation ~/.julia/packages/HomotopyContinuation/98yZ2/src/utils.jl:170
┌ Warning: Ingored unsupported keyword arguments: gamma = 0.22225458382360852 - 0.9749886665851016im
└ @ HomotopyContinuation ~/.julia/packages/HomotopyContinuation/98yZ2/src/utils.jl:170
┌ Warning: Ingored unsupported keyword arguments: gamma = -0.7415048911733985 + 0.6709474617031699im
└ @ HomotopyContinuation ~/.julia/packages/HomotopyContinuation/98yZ2/src/utils.jl:170
┌ Warning: Ingored unsupported keyword arguments: gamma = -0.8977891490035824 - 0.44042552597621243im
└ @ HomotopyContinuation ~/.julia/packages/HomotopyContinuation/98yZ2/src/utils.jl:170
┌ Warning: Ingored unsupported keyword arguments: gamma = -0.475115823232105 + 0.8799232662650074im
└ @ HomotopyContinuation ~/.julia/packages/HomotopyContinuation/98yZ2/src/utils.jl:170
┌ Warning: Ingored unsupported keyword arguments: gamma = -0.7273706566327874 + 0.6862448017067871im
└ @ HomotopyContinuation ~/.julia/packages/HomotopyContinuation/98yZ2/src/utils.jl:170
┌ Warning: Ingored unsupported keyword arguments: gamma = 0.6927510832438702 + 0.7211767721331881im
└ @ HomotopyContinuation ~/.julia/packages/HomotopyContinuation/98yZ2/src/utils.jl:170
┌ Warning: Ingored unsupported keyword arguments: gamma = -0.9988016700770384 - 0.04894102421608048im
└ @ HomotopyContinuation ~/.julia/packages/HomotopyContinuation/98yZ2/src/utils.jl:170
┌ Warning: Ingored unsupported keyword arguments: gamma = -0.20223004456276758 - 0.9793380463742543im
└ @ HomotopyContinuation ~/.julia/packages/HomotopyContinuation/98yZ2/src/utils.jl:170
┌ Warning: Ingored unsupported keyword arguments: gamma = 0.8294289667616175 + 0.5586121992015174im
└ @ HomotopyContinuation ~/.julia/packages/HomotopyContinuation/98yZ2/src/utils.jl:170
┌ Warning: Ingored unsupported keyword arguments: gamma = -0.48595467123769426 - 0.8739840144432074im
└ @ HomotopyContinuation ~/.julia/packages/HomotopyContinuation/98yZ2/src/utils.jl:170
┌ Warning: Ingored unsupported keyword arguments: gamma = 0.9534187048768207 + 0.30165008402287213im
└ @ HomotopyContinuation ~/.julia/packages/HomotopyContinuation/98yZ2/src/utils.jl:170
┌ Warning: Ingored unsupported keyword arguments: gamma = -0.5977690785455207 + 0.8016683408585118im
└ @ HomotopyContinuation ~/.julia/packages/HomotopyContinuation/98yZ2/src/utils.jl:170
┌ Warning: Ingored unsupported keyword arguments: gamma = -0.9149461590742463 - 0.40357592345837995im
└ @ HomotopyContinuation ~/.julia/packages/HomotopyContinuation/98yZ2/src/utils.jl:170
┌ Warning: Ingored unsupported keyword arguments: gamma = -0.09453176685146156 - 0.9955218455945308im
└ @ HomotopyContinuation ~/.julia/packages/HomotopyContinuation/98yZ2/src/utils.jl:170
┌ Warning: Ingored unsupported keyword arguments: gamma = -0.17719222664437914 + 0.9841762620673224im
└ @ HomotopyContinuation ~/.julia/packages/HomotopyContinuation/98yZ2/src/utils.jl:170
┌ Warning: Ingored unsupported keyword arguments: gamma = -0.7459609365199179 - 0.6659897005106963im
└ @ HomotopyContinuation ~/.julia/packages/HomotopyContinuation/98yZ2/src/utils.jl:170
┌ Warning: Ingored unsupported keyword arguments: gamma = 0.3423611427766687 - 0.9395684370585538im
└ @ HomotopyContinuation ~/.julia/packages/HomotopyContinuation/98yZ2/src/utils.jl:170
┌ Warning: Ingored unsupported keyword arguments: gamma = -0.964552541413946 - 0.2638908767879218im
└ @ HomotopyContinuation ~/.julia/packages/HomotopyContinuation/98yZ2/src/utils.jl:170
┌ Warning: Ingored unsupported keyword arguments: gamma = -0.955345044716852 - 0.2954925473424941im
└ @ HomotopyContinuation ~/.julia/packages/HomotopyContinuation/98yZ2/src/utils.jl:170
┌ Warning: Ingored unsupported keyword arguments: gamma = -0.944155556884609 + 0.32950005220623857im
└ @ HomotopyContinuation ~/.julia/packages/HomotopyContinuation/98yZ2/src/utils.jl:170
┌ Warning: Ingored unsupported keyword arguments: gamma = -0.9998162755265849 + 0.019168077424407126im
└ @ HomotopyContinuation ~/.julia/packages/HomotopyContinuation/98yZ2/src/utils.jl:170
┌ Warning: Ingored unsupported keyword arguments: gamma = 0.9765546371419543 - 0.21526969288904982im
└ @ HomotopyContinuation ~/.julia/packages/HomotopyContinuation/98yZ2/src/utils.jl:170
┌ Warning: Ingored unsupported keyword arguments: gamma = 0.6973369617288325 - 0.716743442109379im
└ @ HomotopyContinuation ~/.julia/packages/HomotopyContinuation/98yZ2/src/utils.jl:170
┌ Warning: Ingored unsupported keyword arguments: gamma = -0.5447707555178183 + 0.8385850129429606im
└ @ HomotopyContinuation ~/.julia/packages/HomotopyContinuation/98yZ2/src/utils.jl:170
┌ Warning: Ingored unsupported keyword arguments: gamma = -0.9999434597934187 + 0.010633777144915002im
└ @ HomotopyContinuation ~/.julia/packages/HomotopyContinuation/98yZ2/src/utils.jl:170
┌ Warning: Ingored unsupported keyword arguments: gamma = -0.20254709603146895 + 0.9792725227888399im
└ @ HomotopyContinuation ~/.julia/packages/HomotopyContinuation/98yZ2/src/utils.jl:170
┌ Warning: Ingored unsupported keyword arguments: gamma = -0.5506623343123715 + 0.8347280955914027im
└ @ HomotopyContinuation ~/.julia/packages/HomotopyContinuation/98yZ2/src/utils.jl:170
┌ Warning: Ingored unsupported keyword arguments: gamma = 0.9635250861957733 - 0.2676180268057959im
└ @ HomotopyContinuation ~/.julia/packages/HomotopyContinuation/98yZ2/src/utils.jl:170
┌ Warning: Ingored unsupported keyword arguments: gamma = -0.7879639163652613 - 0.6157214195610864im
└ @ HomotopyContinuation ~/.julia/packages/HomotopyContinuation/98yZ2/src/utils.jl:170
┌ Warning: Ingored unsupported keyword arguments: gamma = 0.6188723038735601 + 0.7854916113480983im
└ @ HomotopyContinuation ~/.julia/packages/HomotopyContinuation/98yZ2/src/utils.jl:170
┌ Warning: Ingored unsupported keyword arguments: gamma = -0.7769815477230606 + 0.6295233708909284im
└ @ HomotopyContinuation ~/.julia/packages/HomotopyContinuation/98yZ2/src/utils.jl:170
┌ Warning: Ingored unsupported keyword arguments: gamma = -0.0752149775996144 + 0.9971673415955266im
└ @ HomotopyContinuation ~/.julia/packages/HomotopyContinuation/98yZ2/src/utils.jl:170
┌ Warning: Ingored unsupported keyword arguments: gamma = 0.9700374155222463 + 0.24295557718834299im
└ @ HomotopyContinuation ~/.julia/packages/HomotopyContinuation/98yZ2/src/utils.jl:170
┌ Warning: Ingored unsupported keyword arguments: gamma = -0.8831060992326196 - 0.46917333417208035im
└ @ HomotopyContinuation ~/.julia/packages/HomotopyContinuation/98yZ2/src/utils.jl:170
┌ Warning: Ingored unsupported keyword arguments: gamma = -0.9045607469296089 + 0.4263447608616155im
└ @ HomotopyContinuation ~/.julia/packages/HomotopyContinuation/98yZ2/src/utils.jl:170
┌ Warning: Ingored unsupported keyword arguments: gamma = 0.795454264071157 - 0.6060136250704384im
└ @ HomotopyContinuation ~/.julia/packages/HomotopyContinuation/98yZ2/src/utils.jl:170
┌ Warning: Ingored unsupported keyword arguments: gamma = -0.047422369853575196 - 0.9988749265235717im
└ @ HomotopyContinuation ~/.julia/packages/HomotopyContinuation/98yZ2/src/utils.jl:170
┌ Warning: Ingored unsupported keyword arguments: gamma = 0.17538015400960552 - 0.9845007880035277im
└ @ HomotopyContinuation ~/.julia/packages/HomotopyContinuation/98yZ2/src/utils.jl:170
┌ Warning: Ingored unsupported keyword arguments: gamma = 0.6605826655091942 + 0.750753316362151im
└ @ HomotopyContinuation ~/.julia/packages/HomotopyContinuation/98yZ2/src/utils.jl:170
┌ Warning: Ingored unsupported keyword arguments: gamma = 0.030676266991932037 - 0.999529372576634im
└ @ HomotopyContinuation ~/.julia/packages/HomotopyContinuation/98yZ2/src/utils.jl:170
┌ Warning: Ingored unsupported keyword arguments: gamma = 0.6522732409006995 - 0.75798391751072im
└ @ HomotopyContinuation ~/.julia/packages/HomotopyContinuation/98yZ2/src/utils.jl:170
┌ Warning: Ingored unsupported keyword arguments: gamma = 0.07036359648107784 + 0.9975214104420256im
└ @ HomotopyContinuation ~/.julia/packages/HomotopyContinuation/98yZ2/src/utils.jl:170
┌ Warning: Ingored unsupported keyword arguments: gamma = -0.9746836784214437 - 0.22358829803646654im
└ @ HomotopyContinuation ~/.julia/packages/HomotopyContinuation/98yZ2/src/utils.jl:170
┌ Warning: Ingored unsupported keyword arguments: gamma = 0.9414970869451453 + 0.337021119922484im
└ @ HomotopyContinuation ~/.julia/packages/HomotopyContinuation/98yZ2/src/utils.jl:170
┌ Warning: Ingored unsupported keyword arguments: gamma = -0.8920844753560572 + 0.4518686632515118im
└ @ HomotopyContinuation ~/.julia/packages/HomotopyContinuation/98yZ2/src/utils.jl:170
┌ Warning: Ingored unsupported keyword arguments: gamma = -0.21144910767566935 - 0.9773890089739925im
└ @ HomotopyContinuation ~/.julia/packages/HomotopyContinuation/98yZ2/src/utils.jl:170
┌ Warning: Ingored unsupported keyword arguments: gamma = -0.7144710175763322 - 0.6996650377455204im
└ @ HomotopyContinuation ~/.julia/packages/HomotopyContinuation/98yZ2/src/utils.jl:170
┌ Warning: Ingored unsupported keyword arguments: gamma = 0.9848882848137226 + 0.17319083820076495im
└ @ HomotopyContinuation ~/.julia/packages/HomotopyContinuation/98yZ2/src/utils.jl:170
┌ Warning: Ingored unsupported keyword arguments: gamma = -0.9551582683613433 + 0.2960957317844348im
└ @ HomotopyContinuation ~/.julia/packages/HomotopyContinuation/98yZ2/src/utils.jl:170
┌ Warning: Ingored unsupported keyword arguments: gamma = -0.2747871624305628 - 0.9615050781786644im
└ @ HomotopyContinuation ~/.julia/packages/HomotopyContinuation/98yZ2/src/utils.jl:170
┌ Warning: Ingored unsupported keyword arguments: gamma = 0.8841614381095249 + 0.467181497236456im
└ @ HomotopyContinuation ~/.julia/packages/HomotopyContinuation/98yZ2/src/utils.jl:170
┌ Warning: Ingored unsupported keyword arguments: gamma = 0.8642610395454629 - 0.5030435920711006im
└ @ HomotopyContinuation ~/.julia/packages/HomotopyContinuation/98yZ2/src/utils.jl:170
┌ Warning: Ingored unsupported keyword arguments: gamma = 0.47188379378620954 + 0.8816607540102566im
└ @ HomotopyContinuation ~/.julia/packages/HomotopyContinuation/98yZ2/src/utils.jl:170
┌ Warning: Ingored unsupported keyword arguments: gamma = -0.5008221431006877 + 0.8655502186355418im
└ @ HomotopyContinuation ~/.julia/packages/HomotopyContinuation/98yZ2/src/utils.jl:170
┌ Warning: Ingored unsupported keyword arguments: gamma = 0.3515722059212897 + 0.9361607682570544im
└ @ HomotopyContinuation ~/.julia/packages/HomotopyContinuation/98yZ2/src/utils.jl:170
┌ Warning: Ingored unsupported keyword arguments: gamma = -0.6130023846460982 + 0.7900810568658111im
└ @ HomotopyContinuation ~/.julia/packages/HomotopyContinuation/98yZ2/src/utils.jl:170
┌ Warning: Ingored unsupported keyword arguments: gamma = 0.9924371516898051 + 0.12275381845721514im
└ @ HomotopyContinuation ~/.julia/packages/HomotopyContinuation/98yZ2/src/utils.jl:170
┌ Warning: Ingored unsupported keyword arguments: gamma = -0.2773582417161499 + 0.9607665719372869im
└ @ HomotopyContinuation ~/.julia/packages/HomotopyContinuation/98yZ2/src/utils.jl:170
┌ Warning: Ingored unsupported keyword arguments: gamma = 0.7236446399083394 - 0.6901727574541969im
└ @ HomotopyContinuation ~/.julia/packages/HomotopyContinuation/98yZ2/src/utils.jl:170
ATTEMPT 7 W0 TRACKED 21 nsol=64 0.20s 2026-07-22T18:16:43.635
ATTEMPT 7 W0 TRACK 22 2026-07-22T18:16:43.669
ATTEMPT 7 W0 TRACKED 22 nsol=64 0.24s 2026-07-22T18:16:43.911
ATTEMPT 7 W0 TRACK 23 2026-07-22T18:16:43.921
ATTEMPT 7 W0 TRACKED 23 nsol=64 0.19s 2026-07-22T18:16:44.128
ATTEMPT 7 W0 TRACK 24 2026-07-22T18:16:44.128
ATTEMPT 7 W0 TRACKED 24 nsol=64 0.25s 2026-07-22T18:16:44.381
ATTEMPT 7 W0 TRACK 25 2026-07-22T18:16:44.381
ATTEMPT 7 W0 TRACKED 25 nsol=64 0.23s 2026-07-22T18:16:44.610
ATTEMPT 7 W0 DONE ptrack seed=824312 nsol=64 5.01s 2026-07-22T18:16:44.610
ATTEMPT 8 W0 START ptrack6x2 seed=824313 2026-07-22T18:16:44.610
ATTEMPT 8 W0 SOLVE ptrack fresh 2026-07-22T18:16:45.220
ATTEMPT 8 W0 FRESH-DONE nsol=64 0.66s 2026-07-22T18:16:45.876
ATTEMPT 8 W0 TRACK 1 2026-07-22T18:16:45.897
ATTEMPT 8 W0 TRACKED 1 nsol=64 0.17s 2026-07-22T18:16:46.064
ATTEMPT 8 W0 TRACK 2 2026-07-22T18:16:46.089
ATTEMPT 8 W0 TRACKED 2 nsol=64 0.16s 2026-07-22T18:16:46.251
ATTEMPT 8 W0 TRACK 3 2026-07-22T18:16:46.265
ATTEMPT 8 W0 TRACKED 3 nsol=64 0.15s 2026-07-22T18:16:46.416
ATTEMPT 8 W0 TRACK 4 2026-07-22T18:16:46.445
ATTEMPT 8 W0 TRACKED 4 nsol=64 0.16s 2026-07-22T18:16:46.609
ATTEMPT 8 W0 TRACK 5 2026-07-22T18:16:46.609
ATTEMPT 8 W0 TRACKED 5 nsol=64 0.18s 2026-07-22T18:16:46.787
ATTEMPT 8 W0 TRACK 6 2026-07-22T18:16:46.801
ATTEMPT 8 W0 TRACKED 6 nsol=64 0.25s 2026-07-22T18:16:47.054
ATTEMPT 8 W0 TRACK 7 2026-07-22T18:16:47.054
ATTEMPT 8 W0 TRACKED 7 nsol=64 0.19s 2026-07-22T18:16:47.240
ATTEMPT 8 W0 TRACK 8 2026-07-22T18:16:47.255
ATTEMPT 8 W0 TRACKED 8 nsol=64 0.17s 2026-07-22T18:16:47.423
ATTEMPT 8 W0 TRACK 9 2026-07-22T18:16:47.441
ATTEMPT 8 W0 TRACKED 9 nsol=64 0.19s 2026-07-22T18:16:47.630
ATTEMPT 8 W0 TRACK 10 2026-07-22T18:16:47.633
ATTEMPT 8 W0 TRACKED 10 nsol=64 0.21s 2026-07-22T18:16:47.840
ATTEMPT 8 W0 TRACK 11 2026-07-22T18:16:47.865
ATTEMPT 8 W0 TRACKED 11 nsol=64 0.22s 2026-07-22T18:16:48.084
ATTEMPT 8 W0 TRACK 12 2026-07-22T18:16:48.113
ATTEMPT 8 W0 TRACKED 12 nsol=64 0.19s 2026-07-22T18:16:48.307
ATTEMPT 8 W0 TRACK 13 2026-07-22T18:16:48.317
ATTEMPT 8 W0 TRACKED 13 nsol=64 0.19s 2026-07-22T18:16:48.523
ATTEMPT 8 W0 TRACK 14 2026-07-22T18:16:48.553
ATTEMPT 8 W0 TRACKED 14 nsol=64 0.23s 2026-07-22T18:16:48.785
ATTEMPT 8 W0 TRACK 15 2026-07-22T18:16:48.785
ATTEMPT 8 W0 TRACKED 15 nsol=64 0.19s 2026-07-22T18:16:48.971
ATTEMPT 8 W0 TRACK 16 2026-07-22T18:16:48.977
ATTEMPT 8 W0 TRACKED 16 nsol=64 0.20s 2026-07-22T18:16:49.174
ATTEMPT 8 W0 TRACK 17 2026-07-22T18:16:49.174
ATTEMPT 8 W0 TRACKED 17 nsol=64 0.21s 2026-07-22T18:16:49.389
ATTEMPT 8 W0 TRACK 18 2026-07-22T18:16:49.389
ATTEMPT 8 W0 TRACKED 18 nsol=64 0.16s 2026-07-22T18:16:49.546
ATTEMPT 8 W0 TRACK 19 2026-07-22T18:16:49.546
ATTEMPT 8 W0 TRACKED 19 nsol=64 0.19s 2026-07-22T18:16:49.735
ATTEMPT 8 W0 TRACK 20 2026-07-22T18:16:49.735
ATTEMPT 8 W0 TRACKED 20 nsol=64 0.19s 2026-07-22T18:16:49.929
ATTEMPT 8 W0 TRACK 21 2026-07-22T18:16:49.953
ATTEMPT 8 W0 TRACKED 21 nsol=64 0.18s 2026-07-22T18:16:50.130
ATTEMPT 8 W0 TRACK 22 2026-07-22T18:16:50.130
ATTEMPT 8 W0 TRACKED 22 nsol=64 0.21s 2026-07-22T18:16:50.343
ATTEMPT 8 W0 TRACK 23 2026-07-22T18:16:50.353
ATTEMPT 8 W0 TRACKED 23 nsol=64 0.20s 2026-07-22T18:16:50.552
ATTEMPT 8 W0 TRACK 24 2026-07-22T18:16:50.565
ATTEMPT 8 W0 TRACKED 24 nsol=64 0.22s 2026-07-22T18:16:50.782
ATTEMPT 8 W0 TRACK 25 2026-07-22T18:16:50.789
ATTEMPT 8 W0 TRACKED 25 nsol=64 0.26s 2026-07-22T18:16:51.048
ATTEMPT 8 W0 DONE ptrack seed=824313 nsol=64 5.86s 2026-07-22T18:16:51.085
ATTEMPT 9 W0 START ptrack6x2 seed=824314 2026-07-22T18:16:51.085
ATTEMPT 9 W0 SOLVE ptrack fresh 2026-07-22T18:16:51.814
ATTEMPT 9 W0 FRESH-DONE nsol=64 0.67s 2026-07-22T18:16:52.483
ATTEMPT 9 W0 TRACK 1 2026-07-22T18:16:52.483
ATTEMPT 9 W0 TRACKED 1 nsol=64 0.25s 2026-07-22T18:16:52.732
ATTEMPT 9 W0 TRACK 2 2026-07-22T18:16:52.761
ATTEMPT 9 W0 TRACKED 2 nsol=64 0.18s 2026-07-22T18:16:52.945
ATTEMPT 9 W0 TRACK 3 2026-07-22T18:16:52.945
ATTEMPT 9 W0 TRACKED 3 nsol=64 0.19s 2026-07-22T18:16:53.139
ATTEMPT 9 W0 TRACK 4 2026-07-22T18:16:53.145
ATTEMPT 9 W0 TRACKED 4 nsol=64 0.21s 2026-07-22T18:16:53.351
ATTEMPT 9 W0 TRACK 5 2026-07-22T18:16:53.369
ATTEMPT 9 W0 TRACKED 5 nsol=64 0.19s 2026-07-22T18:16:53.564
ATTEMPT 9 W0 TRACK 6 2026-07-22T18:16:53.589
ATTEMPT 9 W0 TRACKED 6 nsol=64 0.14s 2026-07-22T18:16:53.734
ATTEMPT 9 W0 TRACK 7 2026-07-22T18:16:53.734
ATTEMPT 9 W0 TRACKED 7 nsol=64 0.18s 2026-07-22T18:16:53.909
ATTEMPT 9 W0 TRACK 8 2026-07-22T18:16:53.909
ATTEMPT 9 W0 TRACKED 8 nsol=64 0.23s 2026-07-22T18:16:54.139
ATTEMPT 9 W0 TRACK 9 2026-07-22T18:16:54.145
ATTEMPT 9 W0 TRACKED 9 nsol=64 0.16s 2026-07-22T18:16:54.304
ATTEMPT 9 W0 TRACK 10 2026-07-22T18:16:54.321
ATTEMPT 9 W0 TRACKED 10 nsol=64 0.14s 2026-07-22T18:16:54.460
ATTEMPT 9 W0 TRACK 11 2026-07-22T18:16:54.477
ATTEMPT 9 W0 TRACKED 11 nsol=64 0.12s 2026-07-22T18:16:54.601
ATTEMPT 9 W0 TRACK 12 2026-07-22T18:16:54.601
ATTEMPT 9 W0 TRACKED 12 nsol=64 0.15s 2026-07-22T18:16:54.752
ATTEMPT 9 W0 TRACK 13 2026-07-22T18:16:54.752
ATTEMPT 9 W0 TRACKED 13 nsol=64 0.21s 2026-07-22T18:16:54.965
ATTEMPT 9 W0 TRACK 14 2026-07-22T18:16:54.965
ATTEMPT 9 W0 TRACKED 14 nsol=64 0.16s 2026-07-22T18:16:55.125
ATTEMPT 9 W0 TRACK 15 2026-07-22T18:16:55.153
ATTEMPT 9 W0 TRACKED 15 nsol=64 0.22s 2026-07-22T18:16:55.372
ATTEMPT 9 W0 TRACK 16 2026-07-22T18:16:55.405
ATTEMPT 9 W0 TRACKED 16 nsol=64 0.20s 2026-07-22T18:16:55.604
ATTEMPT 9 W0 TRACK 17 2026-07-22T18:16:55.637
ATTEMPT 9 W0 TRACKED 17 nsol=64 0.24s 2026-07-22T18:16:55.872
ATTEMPT 9 W0 TRACK 18 2026-07-22T18:16:55.897
ATTEMPT 9 W0 TRACKED 18 nsol=64 0.19s 2026-07-22T18:16:56.084
ATTEMPT 9 W0 TRACK 19 2026-07-22T18:16:56.117
ATTEMPT 9 W0 TRACKED 19 nsol=64 0.18s 2026-07-22T18:16:56.296
ATTEMPT 9 W0 TRACK 20 2026-07-22T18:16:56.321
ATTEMPT 9 W0 TRACKED 20 nsol=64 0.18s 2026-07-22T18:16:56.498
ATTEMPT 9 W0 TRACK 21 2026-07-22T18:16:56.498
ATTEMPT 9 W0 TRACKED 21 nsol=64 0.23s 2026-07-22T18:16:56.725
ATTEMPT 9 W0 TRACK 22 2026-07-22T18:16:56.725
ATTEMPT 9 W0 TRACKED 22 nsol=64 0.20s 2026-07-22T18:16:56.929
ATTEMPT 9 W0 TRACK 23 2026-07-22T18:16:56.929
ATTEMPT 9 W0 TRACKED 23 nsol=64 0.16s 2026-07-22T18:16:57.087
ATTEMPT 9 W0 TRACK 24 2026-07-22T18:16:57.093
ATTEMPT 9 W0 TRACKED 24 nsol=64 0.16s 2026-07-22T18:16:57.252
ATTEMPT 9 W0 TRACK 25 2026-07-22T18:16:57.277
ATTEMPT 9 W0 TRACKED 25 nsol=64 0.18s 2026-07-22T18:16:57.457
ATTEMPT 9 W0 DONE ptrack seed=824314 nsol=64 5.64s 2026-07-22T18:16:57.457
ATTEMPT 10 W0 START ptrack6x2 seed=824315 2026-07-22T18:16:57.457
ATTEMPT 10 W0 SOLVE ptrack fresh 2026-07-22T18:16:57.933
ATTEMPT 10 W0 FRESH-DONE nsol=64 0.44s 2026-07-22T18:16:58.375
ATTEMPT 10 W0 TRACK 1 2026-07-22T18:16:58.385
ATTEMPT 10 W0 TRACKED 1 nsol=64 0.14s 2026-07-22T18:16:58.522
ATTEMPT 10 W0 TRACK 2 2026-07-22T18:16:58.522
ATTEMPT 10 W0 TRACKED 2 nsol=64 0.11s 2026-07-22T18:16:58.635
ATTEMPT 10 W0 TRACK 3 2026-07-22T18:16:58.649
ATTEMPT 10 W0 TRACKED 3 nsol=64 0.15s 2026-07-22T18:16:58.796
ATTEMPT 10 W0 TRACK 4 2026-07-22T18:16:58.809
ATTEMPT 10 W0 TRACKED 4 nsol=64 0.15s 2026-07-22T18:16:58.962
ATTEMPT 10 W0 TRACK 5 2026-07-22T18:16:58.962
ATTEMPT 10 W0 TRACKED 5 nsol=64 0.16s 2026-07-22T18:16:59.122
ATTEMPT 10 W0 TRACK 6 2026-07-22T18:16:59.122
ATTEMPT 10 W0 TRACKED 6 nsol=64 3.72s 2026-07-22T18:17:02.838
ATTEMPT 10 W0 TRACK 7 2026-07-22T18:17:02.850
ATTEMPT 10 W0 TRACKED 7 nsol=64 0.15s 2026-07-22T18:17:03.002
ATTEMPT 10 W0 TRACK 8 2026-07-22T18:17:03.002
ATTEMPT 10 W0 TRACKED 8 nsol=64 0.11s 2026-07-22T18:17:03.115
ATTEMPT 10 W0 TRACK 9 2026-07-22T18:17:03.115
ATTEMPT 10 W0 TRACKED 9 nsol=64 0.17s 2026-07-22T18:17:03.288
ATTEMPT 10 W0 TRACK 10 2026-07-22T18:17:03.288
ATTEMPT 10 W0 TRACKED 10 nsol=64 0.12s 2026-07-22T18:17:03.403
ATTEMPT 10 W0 TRACK 11 2026-07-22T18:17:03.404
ATTEMPT 10 W0 TRACKED 11 nsol=64 0.12s 2026-07-22T18:17:03.528
ATTEMPT 10 W0 TRACK 12 2026-07-22T18:17:03.528
ATTEMPT 10 W0 TRACKED 12 nsol=64 0.15s 2026-07-22T18:17:03.677
ATTEMPT 10 W0 TRACK 13 2026-07-22T18:17:03.677
ATTEMPT 10 W0 TRACKED 13 nsol=64 0.20s 2026-07-22T18:17:03.875
ATTEMPT 10 W0 TRACK 14 2026-07-22T18:17:03.875
ATTEMPT 10 W0 TRACKED 14 nsol=64 0.18s 2026-07-22T18:17:04.052
ATTEMPT 10 W0 TRACK 15 2026-07-22T18:17:04.058
ATTEMPT 10 W0 TRACKED 15 nsol=64 0.14s 2026-07-22T18:17:04.218
ATTEMPT 10 W0 TRACK 16 2026-07-22T18:17:04.219
ATTEMPT 10 W0 TRACKED 16 nsol=64 0.11s 2026-07-22T18:17:04.328
ATTEMPT 10 W0 TRACK 17 2026-07-22T18:17:04.334
ATTEMPT 10 W0 TRACKED 17 nsol=64 0.11s 2026-07-22T18:17:04.445
ATTEMPT 10 W0 TRACK 18 2026-07-22T18:17:04.450
ATTEMPT 10 W0 TRACKED 18 nsol=64 0.16s 2026-07-22T18:17:04.611
ATTEMPT 10 W0 TRACK 19 2026-07-22T18:17:04.611
ATTEMPT 10 W0 TRACKED 19 nsol=64 0.12s 2026-07-22T18:17:04.729
ATTEMPT 10 W0 TRACK 20 2026-07-22T18:17:04.746
ATTEMPT 10 W0 TRACKED 20 nsol=64 0.14s 2026-07-22T18:17:04.891
ATTEMPT 10 W0 TRACK 21 2026-07-22T18:17:04.891
ATTEMPT 10 W0 TRACKED 21 nsol=64 0.14s 2026-07-22T18:17:05.033
ATTEMPT 10 W0 TRACK 22 2026-07-22T18:17:05.046
ATTEMPT 10 W0 TRACKED 22 nsol=64 0.13s 2026-07-22T18:17:05.178
ATTEMPT 10 W0 TRACK 23 2026-07-22T18:17:05.190
ATTEMPT 10 W0 TRACKED 23 nsol=64 0.11s 2026-07-22T18:17:05.301
ATTEMPT 10 W0 TRACK 24 2026-07-22T18:17:05.310
ATTEMPT 10 W0 TRACKED 24 nsol=64 0.12s 2026-07-22T18:17:05.435
ATTEMPT 10 W0 TRACK 25 2026-07-22T18:17:05.435
ATTEMPT 10 W0 TRACKED 25 nsol=64 0.18s 2026-07-22T18:17:05.614
ATTEMPT 10 W0 DONE ptrack seed=824315 nsol=64 7.68s 2026-07-22T18:17:05.614
ATTEMPT 11 W0 START ptrack6x2 seed=824316 2026-07-22T18:17:05.614
ATTEMPT 11 W0 SOLVE ptrack fresh 2026-07-22T18:17:06.152
ATTEMPT 11 W0 FRESH-DONE nsol=64 0.42s 2026-07-22T18:17:06.569
ATTEMPT 11 W0 TRACK 1 2026-07-22T18:17:06.598
ATTEMPT 11 W0 TRACKED 1 nsol=64 0.16s 2026-07-22T18:17:06.762
ATTEMPT 11 W0 TRACK 2 2026-07-22T18:17:06.786
ATTEMPT 11 W0 TRACKED 2 nsol=64 0.18s 2026-07-22T18:17:06.969
ATTEMPT 11 W0 TRACK 3 2026-07-22T18:17:06.998
ATTEMPT 11 W0 TRACKED 3 nsol=64 0.18s 2026-07-22T18:17:07.175
ATTEMPT 11 W0 TRACK 4 2026-07-22T18:17:07.175
ATTEMPT 11 W0 TRACKED 4 nsol=64 0.18s 2026-07-22T18:17:07.356
ATTEMPT 11 W0 TRACK 5 2026-07-22T18:17:07.356
ATTEMPT 11 W0 TRACKED 5 nsol=64 0.10s 2026-07-22T18:17:07.452
ATTEMPT 11 W0 TRACK 6 2026-07-22T18:17:07.462
ATTEMPT 11 W0 TRACKED 6 nsol=64 0.15s 2026-07-22T18:17:07.614
ATTEMPT 11 W0 TRACK 7 2026-07-22T18:17:07.614
ATTEMPT 11 W0 TRACKED 7 nsol=64 0.15s 2026-07-22T18:17:07.768
ATTEMPT 11 W0 TRACK 8 2026-07-22T18:17:07.774
ATTEMPT 11 W0 TRACKED 8 nsol=64 0.25s 2026-07-22T18:17:08.036
ATTEMPT 11 W0 TRACK 9 2026-07-22T18:17:08.050
ATTEMPT 11 W0 TRACKED 9 nsol=64 0.16s 2026-07-22T18:17:08.208
ATTEMPT 11 W0 TRACK 10 2026-07-22T18:17:08.214
ATTEMPT 11 W0 TRACKED 10 nsol=64 0.19s 2026-07-22T18:17:08.409
ATTEMPT 11 W0 TRACK 11 2026-07-22T18:17:08.409
ATTEMPT 11 W0 TRACKED 11 nsol=64 0.21s 2026-07-22T18:17:08.623
ATTEMPT 11 W0 TRACK 12 2026-07-22T18:17:08.623
ATTEMPT 11 W0 TRACKED 12 nsol=64 0.26s 2026-07-22T18:17:08.878
ATTEMPT 11 W0 TRACK 13 2026-07-22T18:17:08.878
ATTEMPT 11 W0 TRACKED 13 nsol=64 0.20s 2026-07-22T18:17:09.073
ATTEMPT 11 W0 TRACK 14 2026-07-22T18:17:09.073
ATTEMPT 11 W0 TRACKED 14 nsol=64 0.21s 2026-07-22T18:17:09.286
ATTEMPT 11 W0 TRACK 15 2026-07-22T18:17:09.287
ATTEMPT 11 W0 TRACKED 15 nsol=64 0.24s 2026-07-22T18:17:09.522
ATTEMPT 11 W0 TRACK 16 2026-07-22T18:17:09.522
ATTEMPT 11 W0 TRACKED 16 nsol=64 0.13s 2026-07-22T18:17:09.648
ATTEMPT 11 W0 TRACK 17 2026-07-22T18:17:09.648
ATTEMPT 11 W0 TRACKED 17 nsol=64 0.10s 2026-07-22T18:17:09.753
ATTEMPT 11 W0 TRACK 18 2026-07-22T18:17:09.758
ATTEMPT 11 W0 TRACKED 18 nsol=64 0.10s 2026-07-22T18:17:09.857
ATTEMPT 11 W0 TRACK 19 2026-07-22T18:17:09.874
ATTEMPT 11 W0 TRACKED 19 nsol=64 0.11s 2026-07-22T18:17:09.984
ATTEMPT 11 W0 TRACK 20 2026-07-22T18:17:09.984
ATTEMPT 11 W0 TRACKED 20 nsol=64 0.08s 2026-07-22T18:17:10.061
ATTEMPT 11 W0 TRACK 21 2026-07-22T18:17:10.070
ATTEMPT 11 W0 TRACKED 21 nsol=64 0.08s 2026-07-22T18:17:10.146
ATTEMPT 11 W0 TRACK 22 2026-07-22T18:17:10.162
ATTEMPT 11 W0 TRACKED 22 nsol=64 0.22s 2026-07-22T18:17:10.385
ATTEMPT 11 W0 TRACK 23 2026-07-22T18:17:10.390
ATTEMPT 11 W0 TRACKED 23 nsol=64 0.17s 2026-07-22T18:17:10.572
ATTEMPT 11 W0 TRACK 24 2026-07-22T18:17:10.578
ATTEMPT 11 W0 TRACKED 24 nsol=64 0.20s 2026-07-22T18:17:10.781
ATTEMPT 11 W0 TRACK 25 2026-07-22T18:17:10.798
ATTEMPT 11 W0 TRACKED 25 nsol=64 0.18s 2026-07-22T18:17:10.981
ATTEMPT 11 W0 DONE ptrack seed=824316 nsol=64 4.83s 2026-07-22T18:17:10.981
ATTEMPT 12 W0 START ptrack6x2 seed=824317 2026-07-22T18:17:10.981
ATTEMPT 12 W0 SOLVE ptrack fresh 2026-07-22T18:17:11.380
ATTEMPT 12 W0 FRESH-DONE nsol=64 0.43s 2026-07-22T18:17:11.812
ATTEMPT 12 W0 TRACK 1 2026-07-22T18:17:11.812
ATTEMPT 12 W0 TRACKED 1 nsol=64 0.21s 2026-07-22T18:17:12.020
ATTEMPT 12 W0 TRACK 2 2026-07-22T18:17:12.020
ATTEMPT 12 W0 TRACKED 2 nsol=64 0.14s 2026-07-22T18:17:12.161
ATTEMPT 12 W0 TRACK 3 2026-07-22T18:17:12.162
ATTEMPT 12 W0 TRACKED 3 nsol=64 0.16s 2026-07-22T18:17:12.321
ATTEMPT 12 W0 TRACK 4 2026-07-22T18:17:12.342
ATTEMPT 12 W0 TRACKED 4 nsol=64 0.20s 2026-07-22T18:17:12.539
ATTEMPT 12 W0 TRACK 5 2026-07-22T18:17:12.539
ATTEMPT 12 W0 TRACKED 5 nsol=64 0.14s 2026-07-22T18:17:12.674
ATTEMPT 12 W0 TRACK 6 2026-07-22T18:17:12.675
ATTEMPT 12 W0 TRACKED 6 nsol=64 0.17s 2026-07-22T18:17:12.848
ATTEMPT 12 W0 TRACK 7 2026-07-22T18:17:12.849
ATTEMPT 12 W0 TRACKED 7 nsol=64 0.16s 2026-07-22T18:17:13.022
ATTEMPT 12 W0 TRACK 8 2026-07-22T18:17:13.030
ATTEMPT 12 W0 TRACKED 8 nsol=64 0.08s 2026-07-22T18:17:13.115
ATTEMPT 12 W0 TRACK 9 2026-07-22T18:17:13.115
ATTEMPT 12 W0 TRACKED 9 nsol=64 0.12s 2026-07-22T18:17:13.234
ATTEMPT 12 W0 TRACK 10 2026-07-22T18:17:13.234
ATTEMPT 12 W0 TRACKED 10 nsol=64 0.10s 2026-07-22T18:17:13.330
ATTEMPT 12 W0 TRACK 11 2026-07-22T18:17:13.333
ATTEMPT 12 W0 TRACKED 11 nsol=64 0.10s 2026-07-22T18:17:13.430
ATTEMPT 12 W0 TRACK 12 2026-07-22T18:17:13.430
ATTEMPT 12 W0 TRACKED 12 nsol=64 0.13s 2026-07-22T18:17:13.565
ATTEMPT 12 W0 TRACK 13 2026-07-22T18:17:13.565
ATTEMPT 12 W0 TRACKED 13 nsol=64 0.21s 2026-07-22T18:17:13.775
ATTEMPT 12 W0 TRACK 14 2026-07-22T18:17:13.775
ATTEMPT 12 W0 TRACKED 14 nsol=64 0.18s 2026-07-22T18:17:13.957
ATTEMPT 12 W0 TRACK 15 2026-07-22T18:17:13.958
ATTEMPT 12 W0 TRACKED 15 nsol=64 0.20s 2026-07-22T18:17:14.154
ATTEMPT 12 W0 TRACK 16 2026-07-22T18:17:14.174
ATTEMPT 12 W0 TRACKED 16 nsol=64 0.19s 2026-07-22T18:17:14.369
ATTEMPT 12 W0 TRACK 17 2026-07-22T18:17:14.382
ATTEMPT 12 W0 TRACKED 17 nsol=64 0.19s 2026-07-22T18:17:14.571
ATTEMPT 12 W0 TRACK 18 2026-07-22T18:17:14.572
ATTEMPT 12 W0 TRACKED 18 nsol=64 0.15s 2026-07-22T18:17:14.719
ATTEMPT 12 W0 TRACK 19 2026-07-22T18:17:14.726
ATTEMPT 12 W0 TRACKED 19 nsol=64 0.08s 2026-07-22T18:17:14.805
ATTEMPT 12 W0 TRACK 20 2026-07-22T18:17:14.818
ATTEMPT 12 W0 TRACKED 20 nsol=64 0.10s 2026-07-22T18:17:14.919
ATTEMPT 12 W0 TRACK 21 2026-07-22T18:17:14.919
ATTEMPT 12 W0 TRACKED 21 nsol=64 0.18s 2026-07-22T18:17:15.098
ATTEMPT 12 W0 TRACK 22 2026-07-22T18:17:15.099
ATTEMPT 12 W0 TRACKED 22 nsol=64 0.15s 2026-07-22T18:17:15.252
ATTEMPT 12 W0 TRACK 23 2026-07-22T18:17:15.252
ATTEMPT 12 W0 TRACKED 23 nsol=64 0.15s 2026-07-22T18:17:15.402
ATTEMPT 12 W0 TRACK 24 2026-07-22T18:17:15.402
ATTEMPT 12 W0 TRACKED 24 nsol=64 0.17s 2026-07-22T18:17:15.574
ATTEMPT 12 W0 TRACK 25 2026-07-22T18:17:15.574
ATTEMPT 12 W0 TRACKED 25 nsol=64 0.13s 2026-07-22T18:17:15.707
ATTEMPT 12 W0 DONE ptrack seed=824317 nsol=64 4.33s 2026-07-22T18:17:15.710
HUNT2 complete 2026-07-22T18:17:15.746
┌ Warning: Ingored unsupported keyword arguments: gamma = 0.3664278506995479 - 0.930446468224642im
└ @ HomotopyContinuation ~/.julia/packages/HomotopyContinuation/98yZ2/src/utils.jl:170
┌ Warning: Ingored unsupported keyword arguments: gamma = 0.9973946843423821 + 0.07213767147309302im
└ @ HomotopyContinuation ~/.julia/packages/HomotopyContinuation/98yZ2/src/utils.jl:170
┌ Warning: Ingored unsupported keyword arguments: gamma = 0.4832966176414246 + 0.8754566690455665im
└ @ HomotopyContinuation ~/.julia/packages/HomotopyContinuation/98yZ2/src/utils.jl:170
┌ Warning: Ingored unsupported keyword arguments: gamma = 0.877722470015294 - 0.4791693496356495im
└ @ HomotopyContinuation ~/.julia/packages/HomotopyContinuation/98yZ2/src/utils.jl:170
┌ Warning: Ingored unsupported keyword arguments: gamma = -0.5649055185450735 - 0.8251555944895008im
└ @ HomotopyContinuation ~/.julia/packages/HomotopyContinuation/98yZ2/src/utils.jl:170
┌ Warning: Ingored unsupported keyword arguments: gamma = 0.9334796865373479 - 0.35863027594185987im
└ @ HomotopyContinuation ~/.julia/packages/HomotopyContinuation/98yZ2/src/utils.jl:170
┌ Warning: Ingored unsupported keyword arguments: gamma = 0.8380477041959694 + 0.5455969625024181im
└ @ HomotopyContinuation ~/.julia/packages/HomotopyContinuation/98yZ2/src/utils.jl:170
┌ Warning: Ingored unsupported keyword arguments: gamma = 0.2915629272839166 + 0.9565516501651302im
└ @ HomotopyContinuation ~/.julia/packages/HomotopyContinuation/98yZ2/src/utils.jl:170
┌ Warning: Ingored unsupported keyword arguments: gamma = 0.00653417079147017 - 0.999978652078167im
└ @ HomotopyContinuation ~/.julia/packages/HomotopyContinuation/98yZ2/src/utils.jl:170
┌ Warning: Ingored unsupported keyword arguments: gamma = -0.7729256641590134 + 0.6344965860304909im
└ @ HomotopyContinuation ~/.julia/packages/HomotopyContinuation/98yZ2/src/utils.jl:170
┌ Warning: Ingored unsupported keyword arguments: gamma = -0.7153510841283527 + 0.6987652155312186im
└ @ HomotopyContinuation ~/.julia/packages/HomotopyContinuation/98yZ2/src/utils.jl:170
┌ Warning: Ingored unsupported keyword arguments: gamma = 0.9999808715008105 - 0.0061851946193692215im
└ @ HomotopyContinuation ~/.julia/packages/HomotopyContinuation/98yZ2/src/utils.jl:170
┌ Warning: Ingored unsupported keyword arguments: gamma = 0.9922232317571568 - 0.12447111456632691im
└ @ HomotopyContinuation ~/.julia/packages/HomotopyContinuation/98yZ2/src/utils.jl:170
┌ Warning: Ingored unsupported keyword arguments: gamma = -0.9891949872293008 - 0.14660585677394852im
└ @ HomotopyContinuation ~/.julia/packages/HomotopyContinuation/98yZ2/src/utils.jl:170
┌ Warning: Ingored unsupported keyword arguments: gamma = -0.9994581293323603 - 0.03291576691281739im
└ @ HomotopyContinuation ~/.julia/packages/HomotopyContinuation/98yZ2/src/utils.jl:170
┌ Warning: Ingored unsupported keyword arguments: gamma = -0.9610494023412589 + 0.2763766384112613im
└ @ HomotopyContinuation ~/.julia/packages/HomotopyContinuation/98yZ2/src/utils.jl:170
┌ Warning: Ingored unsupported keyword arguments: gamma = -0.8512039038984143 - 0.5248351302915032im
└ @ HomotopyContinuation ~/.julia/packages/HomotopyContinuation/98yZ2/src/utils.jl:170
┌ Warning: Ingored unsupported keyword arguments: gamma = -0.7829541481245793 - 0.6220794177068667im
└ @ HomotopyContinuation ~/.julia/packages/HomotopyContinuation/98yZ2/src/utils.jl:170
┌ Warning: Ingored unsupported keyword arguments: gamma = -0.5452320611078194 - 0.8382851540735522im
└ @ HomotopyContinuation ~/.julia/packages/HomotopyContinuation/98yZ2/src/utils.jl:170
┌ Warning: Ingored unsupported keyword arguments: gamma = 0.9969076571283555 + 0.07858195186461822im
└ @ HomotopyContinuation ~/.julia/packages/HomotopyContinuation/98yZ2/src/utils.jl:170
┌ Warning: Ingored unsupported keyword arguments: gamma = -0.6550226246601342 - 0.7556092648871829im
└ @ HomotopyContinuation ~/.julia/packages/HomotopyContinuation/98yZ2/src/utils.jl:170
┌ Warning: Ingored unsupported keyword arguments: gamma = -0.7187135533527418 - 0.6953062837534806im
└ @ HomotopyContinuation ~/.julia/packages/HomotopyContinuation/98yZ2/src/utils.jl:170
┌ Warning: Ingored unsupported keyword arguments: gamma = -0.6962097078551641 + 0.7178384516645977im
└ @ HomotopyContinuation ~/.julia/packages/HomotopyContinuation/98yZ2/src/utils.jl:170
┌ Warning: Ingored unsupported keyword arguments: gamma = 0.09074399013795582 - 0.9958742532337316im
└ @ HomotopyContinuation ~/.julia/packages/HomotopyContinuation/98yZ2/src/utils.jl:170
┌ Warning: Ingored unsupported keyword arguments: gamma = 0.021711324210843964 + 0.9997642814188811im
└ @ HomotopyContinuation ~/.julia/packages/HomotopyContinuation/98yZ2/src/utils.jl:170
┌ Warning: Ingored unsupported keyword arguments: gamma = 0.8867906304661296 - 0.46217137267196073im
└ @ HomotopyContinuation ~/.julia/packages/HomotopyContinuation/98yZ2/src/utils.jl:170
┌ Warning: Ingored unsupported keyword arguments: gamma = 0.618804638273698 + 0.7855449189263194im
└ @ HomotopyContinuation ~/.julia/packages/HomotopyContinuation/98yZ2/src/utils.jl:170
┌ Warning: Ingored unsupported keyword arguments: gamma = -0.999590528362633 - 0.028614255323390608im
└ @ HomotopyContinuation ~/.julia/packages/HomotopyContinuation/98yZ2/src/utils.jl:170
┌ Warning: Ingored unsupported keyword arguments: gamma = 0.9412881235529476 - 0.3376043075231281im
└ @ HomotopyContinuation ~/.julia/packages/HomotopyContinuation/98yZ2/src/utils.jl:170
┌ Warning: Ingored unsupported keyword arguments: gamma = 0.7535044987801441 - 0.6574427506012093im
└ @ HomotopyContinuation ~/.julia/packages/HomotopyContinuation/98yZ2/src/utils.jl:170
┌ Warning: Ingored unsupported keyword arguments: gamma = -0.35103893154037236 - 0.936360864487081im
└ @ HomotopyContinuation ~/.julia/packages/HomotopyContinuation/98yZ2/src/utils.jl:170
┌ Warning: Ingored unsupported keyword arguments: gamma = -0.11898181295192152 + 0.9928964337667217im
└ @ HomotopyContinuation ~/.julia/packages/HomotopyContinuation/98yZ2/src/utils.jl:170
┌ Warning: Ingored unsupported keyword arguments: gamma = -0.2090638244863608 + 0.9779019977948384im
└ @ HomotopyContinuation ~/.julia/packages/HomotopyContinuation/98yZ2/src/utils.jl:170
┌ Warning: Ingored unsupported keyword arguments: gamma = -0.927409029159934 + 0.37404878376039236im
└ @ HomotopyContinuation ~/.julia/packages/HomotopyContinuation/98yZ2/src/utils.jl:170
┌ Warning: Ingored unsupported keyword arguments: gamma = -0.8621588819942473 - 0.5066379991655082im
└ @ HomotopyContinuation ~/.julia/packages/HomotopyContinuation/98yZ2/src/utils.jl:170
┌ Warning: Ingored unsupported keyword arguments: gamma = 0.8044805219813319 - 0.5939790314082171im
└ @ HomotopyContinuation ~/.julia/packages/HomotopyContinuation/98yZ2/src/utils.jl:170
┌ Warning: Ingored unsupported keyword arguments: gamma = -0.9704363972144653 - 0.24135699484665568im
└ @ HomotopyContinuation ~/.julia/packages/HomotopyContinuation/98yZ2/src/utils.jl:170
┌ Warning: Ingored unsupported keyword arguments: gamma = -0.6927816602278898 + 0.7211473991160812im
└ @ HomotopyContinuation ~/.julia/packages/HomotopyContinuation/98yZ2/src/utils.jl:170
┌ Warning: Ingored unsupported keyword arguments: gamma = 0.7902239450571661 + 0.6128181758550321im
└ @ HomotopyContinuation ~/.julia/packages/HomotopyContinuation/98yZ2/src/utils.jl:170
┌ Warning: Ingored unsupported keyword arguments: gamma = 0.4828113858788389 - 0.8757243662624415im
└ @ HomotopyContinuation ~/.julia/packages/HomotopyContinuation/98yZ2/src/utils.jl:170
┌ Warning: Ingored unsupported keyword arguments: gamma = -0.9946606836529643 + 0.10319943989682097im
└ @ HomotopyContinuation ~/.julia/packages/HomotopyContinuation/98yZ2/src/utils.jl:170
┌ Warning: Ingored unsupported keyword arguments: gamma = -0.7842848333388072 - 0.620400918918339im
└ @ HomotopyContinuation ~/.julia/packages/HomotopyContinuation/98yZ2/src/utils.jl:170
┌ Warning: Ingored unsupported keyword arguments: gamma = 0.48846920211218436 - 0.8725811358194068im
└ @ HomotopyContinuation ~/.julia/packages/HomotopyContinuation/98yZ2/src/utils.jl:170
┌ Warning: Ingored unsupported keyword arguments: gamma = -0.7577832401898481 + 0.6525063684649943im
└ @ HomotopyContinuation ~/.julia/packages/HomotopyContinuation/98yZ2/src/utils.jl:170
┌ Warning: Ingored unsupported keyword arguments: gamma = 0.9877690354026568 - 0.15592412481622242im
└ @ HomotopyContinuation ~/.julia/packages/HomotopyContinuation/98yZ2/src/utils.jl:170
┌ Warning: Ingored unsupported keyword arguments: gamma = 0.9983909909469679 - 0.056704754614860166im
└ @ HomotopyContinuation ~/.julia/packages/HomotopyContinuation/98yZ2/src/utils.jl:170
┌ Warning: Ingored unsupported keyword arguments: gamma = -0.895387759360469 - 0.4452872784927039im
└ @ HomotopyContinuation ~/.julia/packages/HomotopyContinuation/98yZ2/src/utils.jl:170
┌ Warning: Ingored unsupported keyword arguments: gamma = 0.9055786365825492 + 0.4241784211452666im
└ @ HomotopyContinuation ~/.julia/packages/HomotopyContinuation/98yZ2/src/utils.jl:170
┌ Warning: Ingored unsupported keyword arguments: gamma = 0.5629742380653863 + 0.826474444417187im
└ @ HomotopyContinuation ~/.julia/packages/HomotopyContinuation/98yZ2/src/utils.jl:170
┌ Warning: Ingored unsupported keyword arguments: gamma = 0.9560831013126051 - 0.2930957239273049im
└ @ HomotopyContinuation ~/.julia/packages/HomotopyContinuation/98yZ2/src/utils.jl:170
┌ Warning: Ingored unsupported keyword arguments: gamma = 0.6809135357600415 + 0.7323638145203234im
└ @ HomotopyContinuation ~/.julia/packages/HomotopyContinuation/98yZ2/src/utils.jl:170
┌ Warning: Ingored unsupported keyword arguments: gamma = 0.5332075845701089 - 0.8459844394295384im
└ @ HomotopyContinuation ~/.julia/packages/HomotopyContinuation/98yZ2/src/utils.jl:170
┌ Warning: Ingored unsupported keyword arguments: gamma = 0.7221622258191999 - 0.6917237306901209im
└ @ HomotopyContinuation ~/.julia/packages/HomotopyContinuation/98yZ2/src/utils.jl:170
┌ Warning: Ingored unsupported keyword arguments: gamma = -0.17335343767318426 - 0.9848596781505929im
└ @ HomotopyContinuation ~/.julia/packages/HomotopyContinuation/98yZ2/src/utils.jl:170
┌ Warning: Ingored unsupported keyword arguments: gamma = -0.5731811008026878 + 0.8194287190980183im
└ @ HomotopyContinuation ~/.julia/packages/HomotopyContinuation/98yZ2/src/utils.jl:170
┌ Warning: Ingored unsupported keyword arguments: gamma = -0.909850473611678 + 0.41493627904607855im
└ @ HomotopyContinuation ~/.julia/packages/HomotopyContinuation/98yZ2/src/utils.jl:170
┌ Warning: Ingored unsupported keyword arguments: gamma = -0.7714594086253315 - 0.6362785402977644im
└ @ HomotopyContinuation ~/.julia/packages/HomotopyContinuation/98yZ2/src/utils.jl:170
┌ Warning: Ingored unsupported keyword arguments: gamma = 0.9960413505317298 - 0.08889110209086011im
└ @ HomotopyContinuation ~/.julia/packages/HomotopyContinuation/98yZ2/src/utils.jl:170
┌ Warning: Ingored unsupported keyword arguments: gamma = -0.9630523174089576 - 0.26931437750932713im
└ @ HomotopyContinuation ~/.julia/packages/HomotopyContinuation/98yZ2/src/utils.jl:170
┌ Warning: Ingored unsupported keyword arguments: gamma = 0.7487852888721042 - 0.6628126365487608im
└ @ HomotopyContinuation ~/.julia/packages/HomotopyContinuation/98yZ2/src/utils.jl:170
┌ Warning: Ingored unsupported keyword arguments: gamma = 0.7792410986185372 + 0.6267242696942373im
└ @ HomotopyContinuation ~/.julia/packages/HomotopyContinuation/98yZ2/src/utils.jl:170
┌ Warning: Ingored unsupported keyword arguments: gamma = -0.28502136532429584 - 0.9585211637249719im
└ @ HomotopyContinuation ~/.julia/packages/HomotopyContinuation/98yZ2/src/utils.jl:170
┌ Warning: Ingored unsupported keyword arguments: gamma = -0.6537411900284078 + 0.7567182147009818im
└ @ HomotopyContinuation ~/.julia/packages/HomotopyContinuation/98yZ2/src/utils.jl:170
┌ Warning: Ingored unsupported keyword arguments: gamma = 0.8144457962792362 - 0.5802396443910748im
└ @ HomotopyContinuation ~/.julia/packages/HomotopyContinuation/98yZ2/src/utils.jl:170
┌ Warning: Ingored unsupported keyword arguments: gamma = 0.9705865858685216 + 0.24075231947394987im
└ @ HomotopyContinuation ~/.julia/packages/HomotopyContinuation/98yZ2/src/utils.jl:170
┌ Warning: Ingored unsupported keyword arguments: gamma = -0.39619753833569765 + 0.918165295911762im
└ @ HomotopyContinuation ~/.julia/packages/HomotopyContinuation/98yZ2/src/utils.jl:170
┌ Warning: Ingored unsupported keyword arguments: gamma = -0.20938819173396417 - 0.9778325956739122im
└ @ HomotopyContinuation ~/.julia/packages/HomotopyContinuation/98yZ2/src/utils.jl:170
┌ Warning: Ingored unsupported keyword arguments: gamma = -0.45470902238952376 - 0.8906400535331676im
└ @ HomotopyContinuation ~/.julia/packages/HomotopyContinuation/98yZ2/src/utils.jl:170
┌ Warning: Ingored unsupported keyword arguments: gamma = -0.9998275181823292 + 0.01857239578956551im
└ @ HomotopyContinuation ~/.julia/packages/HomotopyContinuation/98yZ2/src/utils.jl:170
┌ Warning: Ingored unsupported keyword arguments: gamma = 0.9332413123683445 + 0.3592501258023579im
└ @ HomotopyContinuation ~/.julia/packages/HomotopyContinuation/98yZ2/src/utils.jl:170
┌ Warning: Ingored unsupported keyword arguments: gamma = 0.19256374462915463 + 0.9812844665306782im
└ @ HomotopyContinuation ~/.julia/packages/HomotopyContinuation/98yZ2/src/utils.jl:170
┌ Warning: Ingored unsupported keyword arguments: gamma = -0.9991251460681684 - 0.0418203598054976im
└ @ HomotopyContinuation ~/.julia/packages/HomotopyContinuation/98yZ2/src/utils.jl:170
┌ Warning: Ingored unsupported keyword arguments: gamma = 0.013199936416982633 - 0.999912877044089im
└ @ HomotopyContinuation ~/.julia/packages/HomotopyContinuation/98yZ2/src/utils.jl:170
┌ Warning: Ingored unsupported keyword arguments: gamma = -0.9330284675178756 + 0.3598025553011604im
└ @ HomotopyContinuation ~/.julia/packages/HomotopyContinuation/98yZ2/src/utils.jl:170
┌ Warning: Ingored unsupported keyword arguments: gamma = 0.8021087996487506 + 0.5971779245133233im
└ @ HomotopyContinuation ~/.julia/packages/HomotopyContinuation/98yZ2/src/utils.jl:170
┌ Warning: Ingored unsupported keyword arguments: gamma = 0.44583855414369095 + 0.8951133914980063im
└ @ HomotopyContinuation ~/.julia/packages/HomotopyContinuation/98yZ2/src/utils.jl:170
┌ Warning: Ingored unsupported keyword arguments: gamma = -0.898435967473252 - 0.43910455742385723im
└ @ HomotopyContinuation ~/.julia/packages/HomotopyContinuation/98yZ2/src/utils.jl:170
┌ Warning: Ingored unsupported keyword arguments: gamma = -0.8780679073681044 + 0.4785360488512836im
└ @ HomotopyContinuation ~/.julia/packages/HomotopyContinuation/98yZ2/src/utils.jl:170
┌ Warning: Ingored unsupported keyword arguments: gamma = 0.8629051983375721 + 0.5053658265870333im
└ @ HomotopyContinuation ~/.julia/packages/HomotopyContinuation/98yZ2/src/utils.jl:170
┌ Warning: Ingored unsupported keyword arguments: gamma = 0.863474341280906 - 0.5043927655602382im
└ @ HomotopyContinuation ~/.julia/packages/HomotopyContinuation/98yZ2/src/utils.jl:170
┌ Warning: Ingored unsupported keyword arguments: gamma = 0.26190577829838496 + 0.9650934479592727im
└ @ HomotopyContinuation ~/.julia/packages/HomotopyContinuation/98yZ2/src/utils.jl:170
┌ Warning: Ingored unsupported keyword arguments: gamma = -0.5720634685257473 + 0.8202093561879743im
└ @ HomotopyContinuation ~/.julia/packages/HomotopyContinuation/98yZ2/src/utils.jl:170
┌ Warning: Ingored unsupported keyword arguments: gamma = 0.6266881150622333 - 0.7792701755102303im
└ @ HomotopyContinuation ~/.julia/packages/HomotopyContinuation/98yZ2/src/utils.jl:170
┌ Warning: Ingored unsupported keyword arguments: gamma = 0.9730327275595401 - 0.23066710016394174im
└ @ HomotopyContinuation ~/.julia/packages/HomotopyContinuation/98yZ2/src/utils.jl:170
┌ Warning: Ingored unsupported keyword arguments: gamma = -0.09681492032352791 - 0.9953024018873605im
└ @ HomotopyContinuation ~/.julia/packages/HomotopyContinuation/98yZ2/src/utils.jl:170
┌ Warning: Ingored unsupported keyword arguments: gamma = 0.6204476319733288 + 0.7842478791674791im
└ @ HomotopyContinuation ~/.julia/packages/HomotopyContinuation/98yZ2/src/utils.jl:170
┌ Warning: Ingored unsupported keyword arguments: gamma = 0.4780354807858751 + 0.878340525713016im
└ @ HomotopyContinuation ~/.julia/packages/HomotopyContinuation/98yZ2/src/utils.jl:170
┌ Warning: Ingored unsupported keyword arguments: gamma = -0.6055394740473559 - 0.7958152708829176im
└ @ HomotopyContinuation ~/.julia/packages/HomotopyContinuation/98yZ2/src/utils.jl:170
┌ Warning: Ingored unsupported keyword arguments: gamma = 0.8234102764314915 + 0.5674464879325758im
└ @ HomotopyContinuation ~/.julia/packages/HomotopyContinuation/98yZ2/src/utils.jl:170
┌ Warning: Ingored unsupported keyword arguments: gamma = 0.7867262795307028 - 0.6173020015322956im
└ @ HomotopyContinuation ~/.julia/packages/HomotopyContinuation/98yZ2/src/utils.jl:170
┌ Warning: Ingored unsupported keyword arguments: gamma = -0.6899508284952595 + 0.7238562386680832im
└ @ HomotopyContinuation ~/.julia/packages/HomotopyContinuation/98yZ2/src/utils.jl:170
┌ Warning: Ingored unsupported keyword arguments: gamma = -0.13993691288838347 - 0.9901604215536334im
└ @ HomotopyContinuation ~/.julia/packages/HomotopyContinuation/98yZ2/src/utils.jl:170
┌ Warning: Ingored unsupported keyword arguments: gamma = -0.8884511325890583 + 0.4589712245895374im
└ @ HomotopyContinuation ~/.julia/packages/HomotopyContinuation/98yZ2/src/utils.jl:170
┌ Warning: Ingored unsupported keyword arguments: gamma = 0.5884955076452612 + 0.8085004870013044im
└ @ HomotopyContinuation ~/.julia/packages/HomotopyContinuation/98yZ2/src/utils.jl:170
┌ Warning: Ingored unsupported keyword arguments: gamma = 0.3356333504885204 - 0.9419927038145519im
└ @ HomotopyContinuation ~/.julia/packages/HomotopyContinuation/98yZ2/src/utils.jl:170
┌ Warning: Ingored unsupported keyword arguments: gamma = 0.6572789044496096 + 0.7536474253691318im
└ @ HomotopyContinuation ~/.julia/packages/HomotopyContinuation/98yZ2/src/utils.jl:170
┌ Warning: Ingored unsupported keyword arguments: gamma = -0.4963126714883922 - 0.8681438429891992im
└ @ HomotopyContinuation ~/.julia/packages/HomotopyContinuation/98yZ2/src/utils.jl:170
┌ Warning: Ingored unsupported keyword arguments: gamma = -0.9193393202516923 - 0.3934656455640776im
└ @ HomotopyContinuation ~/.julia/packages/HomotopyContinuation/98yZ2/src/utils.jl:170
┌ Warning: Ingored unsupported keyword arguments: gamma = 0.6209052984842464 - 0.7838855849638957im
└ @ HomotopyContinuation ~/.julia/packages/HomotopyContinuation/98yZ2/src/utils.jl:170
┌ Warning: Ingored unsupported keyword arguments: gamma = -0.9747399240434693 + 0.22334296603146406im
└ @ HomotopyContinuation ~/.julia/packages/HomotopyContinuation/98yZ2/src/utils.jl:170
┌ Warning: Ingored unsupported keyword arguments: gamma = 0.617215923643624 - 0.7867938126350182im
└ @ HomotopyContinuation ~/.julia/packages/HomotopyContinuation/98yZ2/src/utils.jl:170
┌ Warning: Ingored unsupported keyword arguments: gamma = -0.5552732686597375 - 0.8316679608545294im
└ @ HomotopyContinuation ~/.julia/packages/HomotopyContinuation/98yZ2/src/utils.jl:170
┌ Warning: Ingored unsupported keyword arguments: gamma = -0.7582399328351337 - 0.6519756163033799im
└ @ HomotopyContinuation ~/.julia/packages/HomotopyContinuation/98yZ2/src/utils.jl:170
┌ Warning: Ingored unsupported keyword arguments: gamma = -0.3172666548589072 + 0.9483363694990502im
└ @ HomotopyContinuation ~/.julia/packages/HomotopyContinuation/98yZ2/src/utils.jl:170
┌ Warning: Ingored unsupported keyword arguments: gamma = -0.48497186848184154 + 0.8745297517987776im
└ @ HomotopyContinuation ~/.julia/packages/HomotopyContinuation/98yZ2/src/utils.jl:170
┌ Warning: Ingored unsupported keyword arguments: gamma = -0.6615660677501646 + 0.7498868834708237im
└ @ HomotopyContinuation ~/.julia/packages/HomotopyContinuation/98yZ2/src/utils.jl:170
┌ Warning: Ingored unsupported keyword arguments: gamma = -0.25522291670584235 - 0.9668822383248968im
└ @ HomotopyContinuation ~/.julia/packages/HomotopyContinuation/98yZ2/src/utils.jl:170
┌ Warning: Ingored unsupported keyword arguments: gamma = -0.1013458275535066 - 0.9948512568406872im
└ @ HomotopyContinuation ~/.julia/packages/HomotopyContinuation/98yZ2/src/utils.jl:170
┌ Warning: Ingored unsupported keyword arguments: gamma = 0.15118735796184696 - 0.9885051253243538im
└ @ HomotopyContinuation ~/.julia/packages/HomotopyContinuation/98yZ2/src/utils.jl:170
┌ Warning: Ingored unsupported keyword arguments: gamma = -0.9913351309370793 + 0.13135698751860864im
└ @ HomotopyContinuation ~/.julia/packages/HomotopyContinuation/98yZ2/src/utils.jl:170
┌ Warning: Ingored unsupported keyword arguments: gamma = 0.9513454157307731 + 0.3081264350360781im
└ @ HomotopyContinuation ~/.julia/packages/HomotopyContinuation/98yZ2/src/utils.jl:170
┌ Warning: Ingored unsupported keyword arguments: gamma = -0.654180816471653 - 0.756338191129128im
└ @ HomotopyContinuation ~/.julia/packages/HomotopyContinuation/98yZ2/src/utils.jl:170
┌ Warning: Ingored unsupported keyword arguments: gamma = -0.7755565739917981 + 0.6312780691090929im
└ @ HomotopyContinuation ~/.julia/packages/HomotopyContinuation/98yZ2/src/utils.jl:170
┌ Warning: Ingored unsupported keyword arguments: gamma = -0.9781640319150244 + 0.20783437316224435im
└ @ HomotopyContinuation ~/.julia/packages/HomotopyContinuation/98yZ2/src/utils.jl:170
┌ Warning: Ingored unsupported keyword arguments: gamma = 0.4759671115877831 - 0.8794630797746901im
└ @ HomotopyContinuation ~/.julia/packages/HomotopyContinuation/98yZ2/src/utils.jl:170
┌ Warning: Ingored unsupported keyword arguments: gamma = 0.340933376950046 - 0.9400874600171187im
└ @ HomotopyContinuation ~/.julia/packages/HomotopyContinuation/98yZ2/src/utils.jl:170
┌ Warning: Ingored unsupported keyword arguments: gamma = -0.6217629838368492 - 0.7832054595891795im
└ @ HomotopyContinuation ~/.julia/packages/HomotopyContinuation/98yZ2/src/utils.jl:170
┌ Warning: Ingored unsupported keyword arguments: gamma = -0.5316079205959974 + 0.8469905659212502im
└ @ HomotopyContinuation ~/.julia/packages/HomotopyContinuation/98yZ2/src/utils.jl:170
┌ Warning: Ingored unsupported keyword arguments: gamma = 0.5753490664758498 - 0.8179079726383452im
└ @ HomotopyContinuation ~/.julia/packages/HomotopyContinuation/98yZ2/src/utils.jl:170
┌ Warning: Ingored unsupported keyword arguments: gamma = -0.2456307623860151 + 0.9693634656668596im
└ @ HomotopyContinuation ~/.julia/packages/HomotopyContinuation/98yZ2/src/utils.jl:170
┌ Warning: Ingored unsupported keyword arguments: gamma = -0.01479966430711662 + 0.9998904789707704im
└ @ HomotopyContinuation ~/.julia/packages/HomotopyContinuation/98yZ2/src/utils.jl:170
┌ Warning: Ingored unsupported keyword arguments: gamma = -0.9003202259867196 + 0.4352280904068833im
└ @ HomotopyContinuation ~/.julia/packages/HomotopyContinuation/98yZ2/src/utils.jl:170
┌ Warning: Ingored unsupported keyword arguments: gamma = -0.4661139800815237 - 0.8847246789666042im
└ @ HomotopyContinuation ~/.julia/packages/HomotopyContinuation/98yZ2/src/utils.jl:170
┌ Warning: Ingored unsupported keyword arguments: gamma = 0.35332775751973855 + 0.9354995968818335im
└ @ HomotopyContinuation ~/.julia/packages/HomotopyContinuation/98yZ2/src/utils.jl:170
┌ Warning: Ingored unsupported keyword arguments: gamma = -0.8296298333946456 - 0.5583138360649614im
└ @ HomotopyContinuation ~/.julia/packages/HomotopyContinuation/98yZ2/src/utils.jl:170
┌ Warning: Ingored unsupported keyword arguments: gamma = -0.9890964201787356 - 0.1472693844273483im
└ @ HomotopyContinuation ~/.julia/packages/HomotopyContinuation/98yZ2/src/utils.jl:170
┌ Warning: Ingored unsupported keyword arguments: gamma = 0.4025160017588467 + 0.9154129496178608im
└ @ HomotopyContinuation ~/.julia/packages/HomotopyContinuation/98yZ2/src/utils.jl:170
┌ Warning: Ingored unsupported keyword arguments: gamma = 0.7052188222237501 - 0.7089897127471927im
└ @ HomotopyContinuation ~/.julia/packages/HomotopyContinuation/98yZ2/src/utils.jl:170
┌ Warning: Ingored unsupported keyword arguments: gamma = -0.5189564028897308 + 0.8548007088788306im
└ @ HomotopyContinuation ~/.julia/packages/HomotopyContinuation/98yZ2/src/utils.jl:170
┌ Warning: Ingored unsupported keyword arguments: gamma = -0.9929127813571451 - 0.11884531382270906im
└ @ HomotopyContinuation ~/.julia/packages/HomotopyContinuation/98yZ2/src/utils.jl:170
