HUNT2 start mode=seq PTRACK hcthr=off nworkers=0 nthreads=8 ngcthreads=8 nsolves=12 ntrack=25 seed_base=213887 shape=6x2 pid=2335669 julia=1.12.6 2026-07-22T17:35:41.669
ATTEMPT 1 W0 START ptrack6x2 seed=213888 2026-07-22T17:37:52.233
ATTEMPT 1 W0 SOLVE ptrack fresh 2026-07-22T17:37:55.212
Computing mixed cells... 2    Time: 0:00:04[K
   mixed_volume: 4[K[A
[K[AComputing mixed cells... 27    Time: 0:00:05[K
   mixed_volume: 64[K
ATTEMPT 1 W0 FRESH-DONE nsol=64 169.96s 2026-07-22T17:40:45.445
ATTEMPT 1 W0 TRACK 1 2026-07-22T17:40:45.939
ATTEMPT 1 W0 TRACKED 1 nsol=64 31.19s 2026-07-22T17:41:17.403
ATTEMPT 1 W0 TRACK 2 2026-07-22T17:41:17.815
ATTEMPT 1 W0 TRACKED 2 nsol=64 0.05s 2026-07-22T17:41:17.867
ATTEMPT 1 W0 TRACK 3 2026-07-22T17:41:17.867
ATTEMPT 1 W0 TRACKED 3 nsol=64 0.05s 2026-07-22T17:41:17.916
ATTEMPT 1 W0 TRACK 4 2026-07-22T17:41:17.916
ATTEMPT 1 W0 TRACKED 4 nsol=64 0.07s 2026-07-22T17:41:17.981
ATTEMPT 1 W0 TRACK 5 2026-07-22T17:41:17.987
ATTEMPT 1 W0 TRACKED 5 nsol=64 0.06s 2026-07-22T17:41:18.048
ATTEMPT 1 W0 TRACK 6 2026-07-22T17:41:18.049
ATTEMPT 1 W0 TRACKED 6 nsol=64 0.05s 2026-07-22T17:41:18.096
ATTEMPT 1 W0 TRACK 7 2026-07-22T17:41:18.096
ATTEMPT 1 W0 TRACKED 7 nsol=64 0.06s 2026-07-22T17:41:18.159
ATTEMPT 1 W0 TRACK 8 2026-07-22T17:41:18.159
ATTEMPT 1 W0 TRACKED 8 nsol=64 0.07s 2026-07-22T17:41:18.232
ATTEMPT 1 W0 TRACK 9 2026-07-22T17:41:18.232
ATTEMPT 1 W0 TRACKED 9 nsol=64 0.04s 2026-07-22T17:41:18.276
ATTEMPT 1 W0 TRACK 10 2026-07-22T17:41:18.276
ATTEMPT 1 W0 TRACKED 10 nsol=64 0.03s 2026-07-22T17:41:18.302
ATTEMPT 1 W0 TRACK 11 2026-07-22T17:41:18.302
ATTEMPT 1 W0 TRACKED 11 nsol=64 0.03s 2026-07-22T17:41:18.328
ATTEMPT 1 W0 TRACK 12 2026-07-22T17:41:18.328
ATTEMPT 1 W0 TRACKED 12 nsol=64 0.02s 2026-07-22T17:41:18.350
ATTEMPT 1 W0 TRACK 13 2026-07-22T17:41:18.350
ATTEMPT 1 W0 TRACKED 13 nsol=64 0.02s 2026-07-22T17:41:18.373
ATTEMPT 1 W0 TRACK 14 2026-07-22T17:41:18.374
ATTEMPT 1 W0 TRACKED 14 nsol=64 0.03s 2026-07-22T17:41:18.403
ATTEMPT 1 W0 TRACK 15 2026-07-22T17:41:18.403
ATTEMPT 1 W0 TRACKED 15 nsol=64 0.06s 2026-07-22T17:41:18.463
ATTEMPT 1 W0 TRACK 16 2026-07-22T17:41:18.471
ATTEMPT 1 W0 TRACKED 16 nsol=64 0.07s 2026-07-22T17:41:18.538
ATTEMPT 1 W0 TRACK 17 2026-07-22T17:41:18.543
ATTEMPT 1 W0 TRACKED 17 nsol=64 0.07s 2026-07-22T17:41:18.615
ATTEMPT 1 W0 TRACK 18 2026-07-22T17:41:18.623
ATTEMPT 1 W0 TRACKED 18 nsol=64 0.08s 2026-07-22T17:41:18.705
ATTEMPT 1 W0 TRACK 19 2026-07-22T17:41:18.705
ATTEMPT 1 W0 TRACKED 19 nsol=64 0.04s 2026-07-22T17:41:18.747
ATTEMPT 1 W0 TRACK 20 2026-07-22T17:41:18.748
ATTEMPT 1 W0 TRACKED 20 nsol=64 0.07s 2026-07-22T17:41:18.820
ATTEMPT 1 W0 TRACK 21 2026-07-22T17:41:18.820
ATTEMPT 1 W0 TRACKED 21 nsol=64 0.05s 2026-07-22T17:41:18.866
ATTEMPT 1 W0 TRACK 22 2026-07-22T17:41:18.866
ATTEMPT 1 W0 TRACKED 22 nsol=64 0.06s 2026-07-22T17:41:18.924
ATTEMPT 1 W0 TRACK 23 2026-07-22T17:41:18.924
ATTEMPT 1 W0 TRACKED 23 nsol=64 0.07s 2026-07-22T17:41:18.997
ATTEMPT 1 W0 TRACK 24 2026-07-22T17:41:18.997
ATTEMPT 1 W0 TRACKED 24 nsol=64 0.05s 2026-07-22T17:41:19.052
ATTEMPT 1 W0 TRACK 25 2026-07-22T17:41:19.052
ATTEMPT 1 W0 TRACKED 25 nsol=64 0.04s 2026-07-22T17:41:19.094
ATTEMPT 1 W0 DONE ptrack seed=213888 nsol=64 203.61s 2026-07-22T17:41:19.094
ATTEMPT 2 W0 START ptrack6x2 seed=213889 2026-07-22T17:41:19.094
ATTEMPT 2 W0 SOLVE ptrack fresh 2026-07-22T17:41:19.280
ATTEMPT 2 W0 FRESH-DONE nsol=64 0.21s 2026-07-22T17:41:19.487
ATTEMPT 2 W0 TRACK 1 2026-07-22T17:41:19.487
ATTEMPT 2 W0 TRACKED 1 nsol=64 0.07s 2026-07-22T17:41:19.555
ATTEMPT 2 W0 TRACK 2 2026-07-22T17:41:19.556
ATTEMPT 2 W0 TRACKED 2 nsol=64 0.04s 2026-07-22T17:41:19.597
ATTEMPT 2 W0 TRACK 3 2026-07-22T17:41:19.603
ATTEMPT 2 W0 TRACKED 3 nsol=64 0.06s 2026-07-22T17:41:19.662
ATTEMPT 2 W0 TRACK 4 2026-07-22T17:41:19.671
ATTEMPT 2 W0 TRACKED 4 nsol=64 0.06s 2026-07-22T17:41:19.735
ATTEMPT 2 W0 TRACK 5 2026-07-22T17:41:19.739
ATTEMPT 2 W0 TRACKED 5 nsol=64 0.06s 2026-07-22T17:41:19.799
ATTEMPT 2 W0 TRACK 6 2026-07-22T17:41:19.805
ATTEMPT 2 W0 TRACKED 6 nsol=64 0.08s 2026-07-22T17:41:19.883
ATTEMPT 2 W0 TRACK 7 2026-07-22T17:41:19.883
ATTEMPT 2 W0 TRACKED 7 nsol=64 0.08s 2026-07-22T17:41:19.967
ATTEMPT 2 W0 TRACK 8 2026-07-22T17:41:19.975
ATTEMPT 2 W0 TRACKED 8 nsol=64 0.07s 2026-07-22T17:41:20.044
ATTEMPT 2 W0 TRACK 9 2026-07-22T17:41:20.044
ATTEMPT 2 W0 TRACKED 9 nsol=64 0.06s 2026-07-22T17:41:20.100
ATTEMPT 2 W0 TRACK 10 2026-07-22T17:41:20.103
ATTEMPT 2 W0 TRACKED 10 nsol=64 0.07s 2026-07-22T17:41:20.170
ATTEMPT 2 W0 TRACK 11 2026-07-22T17:41:20.179
ATTEMPT 2 W0 TRACKED 11 nsol=64 0.07s 2026-07-22T17:41:20.247
ATTEMPT 2 W0 TRACK 12 2026-07-22T17:41:20.251
ATTEMPT 2 W0 TRACKED 12 nsol=64 0.07s 2026-07-22T17:41:20.320
ATTEMPT 2 W0 TRACK 13 2026-07-22T17:41:20.320
ATTEMPT 2 W0 TRACKED 13 nsol=64 0.08s 2026-07-22T17:41:20.405
ATTEMPT 2 W0 TRACK 14 2026-07-22T17:41:20.405
ATTEMPT 2 W0 TRACKED 14 nsol=64 0.08s 2026-07-22T17:41:20.485
ATTEMPT 2 W0 TRACK 15 2026-07-22T17:41:20.485
ATTEMPT 2 W0 TRACKED 15 nsol=64 0.06s 2026-07-22T17:41:20.545
ATTEMPT 2 W0 TRACK 16 2026-07-22T17:41:20.550
ATTEMPT 2 W0 TRACKED 16 nsol=64 0.10s 2026-07-22T17:41:20.648
ATTEMPT 2 W0 TRACK 17 2026-07-22T17:41:20.648
ATTEMPT 2 W0 TRACKED 17 nsol=64 0.07s 2026-07-22T17:41:20.714
ATTEMPT 2 W0 TRACK 18 2026-07-22T17:41:20.714
ATTEMPT 2 W0 TRACKED 18 nsol=64 0.06s 2026-07-22T17:41:20.775
ATTEMPT 2 W0 TRACK 19 2026-07-22T17:41:20.775
ATTEMPT 2 W0 TRACKED 19 nsol=64 0.08s 2026-07-22T17:41:20.850
ATTEMPT 2 W0 TRACK 20 2026-07-22T17:41:20.851
ATTEMPT 2 W0 TRACKED 20 nsol=64 0.07s 2026-07-22T17:41:20.919
ATTEMPT 2 W0 TRACK 21 2026-07-22T17:41:20.919
ATTEMPT 2 W0 TRACKED 21 nsol=64 0.08s 2026-07-22T17:41:20.996
ATTEMPT 2 W0 TRACK 22 2026-07-22T17:41:20.996
ATTEMPT 2 W0 TRACKED 22 nsol=64 0.08s 2026-07-22T17:41:21.072
ATTEMPT 2 W0 TRACK 23 2026-07-22T17:41:21.073
ATTEMPT 2 W0 TRACKED 23 nsol=64 0.09s 2026-07-22T17:41:21.158
ATTEMPT 2 W0 TRACK 24 2026-07-22T17:41:21.163
ATTEMPT 2 W0 TRACKED 24 nsol=64 0.06s 2026-07-22T17:41:21.227
ATTEMPT 2 W0 TRACK 25 2026-07-22T17:41:21.231
ATTEMPT 2 W0 TRACKED 25 nsol=64 0.07s 2026-07-22T17:41:21.297
ATTEMPT 2 W0 DONE ptrack seed=213889 nsol=64 2.03s 2026-07-22T17:41:21.307
ATTEMPT 3 W0 START ptrack6x2 seed=213890 2026-07-22T17:41:21.307
ATTEMPT 3 W0 SOLVE ptrack fresh 2026-07-22T17:41:21.554
ATTEMPT 3 W0 FRESH-DONE nsol=64 0.19s 2026-07-22T17:41:21.754
ATTEMPT 3 W0 TRACK 1 2026-07-22T17:41:21.759
ATTEMPT 3 W0 TRACKED 1 nsol=64 0.05s 2026-07-22T17:41:21.804
ATTEMPT 3 W0 TRACK 2 2026-07-22T17:41:21.805
ATTEMPT 3 W0 TRACKED 2 nsol=64 0.06s 2026-07-22T17:41:21.860
ATTEMPT 3 W0 TRACK 3 2026-07-22T17:41:21.860
ATTEMPT 3 W0 TRACKED 3 nsol=64 0.05s 2026-07-22T17:41:21.915
ATTEMPT 3 W0 TRACK 4 2026-07-22T17:41:21.923
ATTEMPT 3 W0 TRACKED 4 nsol=64 0.05s 2026-07-22T17:41:21.976
ATTEMPT 3 W0 TRACK 5 2026-07-22T17:41:21.976
ATTEMPT 3 W0 TRACKED 5 nsol=64 0.06s 2026-07-22T17:41:22.040
ATTEMPT 3 W0 TRACK 6 2026-07-22T17:41:22.040
ATTEMPT 3 W0 TRACKED 6 nsol=64 0.08s 2026-07-22T17:41:22.120
ATTEMPT 3 W0 TRACK 7 2026-07-22T17:41:22.121
ATTEMPT 3 W0 TRACKED 7 nsol=64 0.04s 2026-07-22T17:41:22.163
ATTEMPT 3 W0 TRACK 8 2026-07-22T17:41:22.167
ATTEMPT 3 W0 TRACKED 8 nsol=64 0.06s 2026-07-22T17:41:22.230
ATTEMPT 3 W0 TRACK 9 2026-07-22T17:41:22.230
ATTEMPT 3 W0 TRACKED 9 nsol=64 0.09s 2026-07-22T17:41:22.322
ATTEMPT 3 W0 TRACK 10 2026-07-22T17:41:22.331
ATTEMPT 3 W0 TRACKED 10 nsol=64 0.05s 2026-07-22T17:41:22.379
ATTEMPT 3 W0 TRACK 11 2026-07-22T17:41:22.383
ATTEMPT 3 W0 TRACKED 11 nsol=64 0.05s 2026-07-22T17:41:22.430
ATTEMPT 3 W0 TRACK 12 2026-07-22T17:41:22.439
ATTEMPT 3 W0 TRACKED 12 nsol=64 0.07s 2026-07-22T17:41:22.507
ATTEMPT 3 W0 TRACK 13 2026-07-22T17:41:22.508
ATTEMPT 3 W0 TRACKED 13 nsol=64 0.05s 2026-07-22T17:41:22.559
ATTEMPT 3 W0 TRACK 14 2026-07-22T17:41:22.563
ATTEMPT 3 W0 TRACKED 14 nsol=64 0.08s 2026-07-22T17:41:22.642
ATTEMPT 3 W0 TRACK 15 2026-07-22T17:41:22.647
ATTEMPT 3 W0 TRACKED 15 nsol=64 0.11s 2026-07-22T17:41:22.758
ATTEMPT 3 W0 TRACK 16 2026-07-22T17:41:22.763
ATTEMPT 3 W0 TRACKED 16 nsol=64 0.06s 2026-07-22T17:41:22.827
ATTEMPT 3 W0 TRACK 17 2026-07-22T17:41:22.835
ATTEMPT 3 W0 TRACKED 17 nsol=64 0.07s 2026-07-22T17:41:22.907
ATTEMPT 3 W0 TRACK 18 2026-07-22T17:41:22.911
ATTEMPT 3 W0 TRACKED 18 nsol=64 0.07s 2026-07-22T17:41:22.984
ATTEMPT 3 W0 TRACK 19 2026-07-22T17:41:22.987
ATTEMPT 3 W0 TRACKED 19 nsol=64 0.12s 2026-07-22T17:41:23.104
ATTEMPT 3 W0 TRACK 20 2026-07-22T17:41:23.104
ATTEMPT 3 W0 TRACKED 20 nsol=64 0.07s 2026-07-22T17:41:23.171
ATTEMPT 3 W0 TRACK 21 2026-07-22T17:41:23.171
ATTEMPT 3 W0 TRACKED 21 nsol=64 0.06s 2026-07-22T17:41:23.234
ATTEMPT 3 W0 TRACK 22 2026-07-22T17:41:23.243
ATTEMPT 3 W0 TRACKED 22 nsol=64 0.10s 2026-07-22T17:41:23.345
ATTEMPT 3 W0 TRACK 23 2026-07-22T17:41:23.351
ATTEMPT 3 W0 TRACKED 23 nsol=64 0.09s 2026-07-22T17:41:23.437
ATTEMPT 3 W0 TRACK 24 2026-07-22T17:41:23.438
ATTEMPT 3 W0 TRACKED 24 nsol=64 0.08s 2026-07-22T17:41:23.522
ATTEMPT 3 W0 TRACK 25 2026-07-22T17:41:23.531
ATTEMPT 3 W0 TRACKED 25 nsol=64 0.08s 2026-07-22T17:41:23.611
ATTEMPT 3 W0 DONE ptrack seed=213890 nsol=64 2.05s 2026-07-22T17:41:23.611
ATTEMPT 4 W0 START ptrack6x2 seed=213891 2026-07-22T17:41:23.612
ATTEMPT 4 W0 SOLVE ptrack fresh 2026-07-22T17:41:23.838
ATTEMPT 4 W0 FRESH-DONE nsol=64 0.20s 2026-07-22T17:41:24.040
ATTEMPT 4 W0 TRACK 1 2026-07-22T17:41:24.040
ATTEMPT 4 W0 TRACKED 1 nsol=64 0.07s 2026-07-22T17:41:24.105
ATTEMPT 4 W0 TRACK 2 2026-07-22T17:41:24.111
ATTEMPT 4 W0 TRACKED 2 nsol=64 0.06s 2026-07-22T17:41:24.169
ATTEMPT 4 W0 TRACK 3 2026-07-22T17:41:24.175
ATTEMPT 4 W0 TRACKED 3 nsol=64 0.07s 2026-07-22T17:41:24.245
ATTEMPT 4 W0 TRACK 4 2026-07-22T17:41:24.245
ATTEMPT 4 W0 TRACKED 4 nsol=64 0.06s 2026-07-22T17:41:24.302
ATTEMPT 4 W0 TRACK 5 2026-07-22T17:41:24.302
ATTEMPT 4 W0 TRACKED 5 nsol=64 0.05s 2026-07-22T17:41:24.352
ATTEMPT 4 W0 TRACK 6 2026-07-22T17:41:24.355
ATTEMPT 4 W0 TRACKED 6 nsol=64 0.04s 2026-07-22T17:41:24.398
ATTEMPT 4 W0 TRACK 7 2026-07-22T17:41:24.403
ATTEMPT 4 W0 TRACKED 7 nsol=64 0.06s 2026-07-22T17:41:24.459
ATTEMPT 4 W0 TRACK 8 2026-07-22T17:41:24.463
ATTEMPT 4 W0 TRACKED 8 nsol=64 0.05s 2026-07-22T17:41:24.515
ATTEMPT 4 W0 TRACK 9 2026-07-22T17:41:24.519
ATTEMPT 4 W0 TRACKED 9 nsol=64 0.06s 2026-07-22T17:41:24.579
ATTEMPT 4 W0 TRACK 10 2026-07-22T17:41:24.583
ATTEMPT 4 W0 TRACKED 10 nsol=64 0.08s 2026-07-22T17:41:24.669
ATTEMPT 4 W0 TRACK 11 2026-07-22T17:41:24.669
ATTEMPT 4 W0 TRACKED 11 nsol=64 0.03s 2026-07-22T17:41:24.700
ATTEMPT 4 W0 TRACK 12 2026-07-22T17:41:24.701
ATTEMPT 4 W0 TRACKED 12 nsol=64 0.02s 2026-07-22T17:41:24.725
ATTEMPT 4 W0 TRACK 13 2026-07-22T17:41:24.725
ATTEMPT 4 W0 TRACKED 13 nsol=64 0.05s 2026-07-22T17:41:24.779
ATTEMPT 4 W0 TRACK 14 2026-07-22T17:41:24.779
ATTEMPT 4 W0 TRACKED 14 nsol=64 0.04s 2026-07-22T17:41:24.821
ATTEMPT 4 W0 TRACK 15 2026-07-22T17:41:24.823
ATTEMPT 4 W0 TRACKED 15 nsol=64 0.05s 2026-07-22T17:41:24.877
ATTEMPT 4 W0 TRACK 16 2026-07-22T17:41:24.877
ATTEMPT 4 W0 TRACKED 16 nsol=64 0.02s 2026-07-22T17:41:24.900
ATTEMPT 4 W0 TRACK 17 2026-07-22T17:41:24.901
ATTEMPT 4 W0 TRACKED 17 nsol=64 0.03s 2026-07-22T17:41:24.930
ATTEMPT 4 W0 TRACK 18 2026-07-22T17:41:24.930
ATTEMPT 4 W0 TRACKED 18 nsol=64 0.02s 2026-07-22T17:41:24.954
ATTEMPT 4 W0 TRACK 19 2026-07-22T17:41:24.954
ATTEMPT 4 W0 TRACKED 19 nsol=64 0.03s 2026-07-22T17:41:24.980
ATTEMPT 4 W0 TRACK 20 2026-07-22T17:41:24.980
ATTEMPT 4 W0 TRACKED 20 nsol=64 0.02s 2026-07-22T17:41:25.005
ATTEMPT 4 W0 TRACK 21 2026-07-22T17:41:25.005
ATTEMPT 4 W0 TRACKED 21 nsol=64 0.04s 2026-07-22T17:41:25.044
ATTEMPT 4 W0 TRACK 22 2026-07-22T17:41:25.047
ATTEMPT 4 W0 TRACKED 22 nsol=64 0.04s 2026-07-22T17:41:25.086
ATTEMPT 4 W0 TRACK 23 2026-07-22T17:41:25.091
ATTEMPT 4 W0 TRACKED 23 nsol=64 0.04s 2026-07-22T17:41:25.136
ATTEMPT 4 W0 TRACK 24 2026-07-22T17:41:25.136
ATTEMPT 4 W0 TRACKED 24 nsol=64 0.04s 2026-07-22T17:41:25.179
ATTEMPT 4 W0 TRACK 25 2026-07-22T17:41:25.183
ATTEMPT 4 W0 TRACKED 25 nsol=64 0.06s 2026-07-22T17:41:25.242
ATTEMPT 4 W0 DONE ptrack seed=213891 nsol=64 1.40s 2026-07-22T17:41:25.242
ATTEMPT 5 W0 START ptrack6x2 seed=213892 2026-07-22T17:41:25.242
ATTEMPT 5 W0 SOLVE ptrack fresh 2026-07-22T17:41:25.395
ATTEMPT 5 W0 FRESH-DONE nsol=64 0.23s 2026-07-22T17:41:25.622
ATTEMPT 5 W0 TRACK 1 2026-07-22T17:41:25.622
ATTEMPT 5 W0 TRACKED 1 nsol=64 0.09s 2026-07-22T17:41:25.709
ATTEMPT 5 W0 TRACK 2 2026-07-22T17:41:25.709
ATTEMPT 5 W0 TRACKED 2 nsol=64 0.07s 2026-07-22T17:41:25.783
ATTEMPT 5 W0 TRACK 3 2026-07-22T17:41:25.787
ATTEMPT 5 W0 TRACKED 3 nsol=64 0.06s 2026-07-22T17:41:25.842
ATTEMPT 5 W0 TRACK 4 2026-07-22T17:41:25.843
ATTEMPT 5 W0 TRACKED 4 nsol=64 0.06s 2026-07-22T17:41:25.904
ATTEMPT 5 W0 TRACK 5 2026-07-22T17:41:25.904
ATTEMPT 5 W0 TRACKED 5 nsol=64 0.06s 2026-07-22T17:41:25.960
ATTEMPT 5 W0 TRACK 6 2026-07-22T17:41:25.963
ATTEMPT 5 W0 TRACKED 6 nsol=64 0.07s 2026-07-22T17:41:26.029
ATTEMPT 5 W0 TRACK 7 2026-07-22T17:41:26.029
ATTEMPT 5 W0 TRACKED 7 nsol=64 0.05s 2026-07-22T17:41:26.083
ATTEMPT 5 W0 TRACK 8 2026-07-22T17:41:26.087
ATTEMPT 5 W0 TRACKED 8 nsol=64 0.06s 2026-07-22T17:41:26.144
ATTEMPT 5 W0 TRACK 9 2026-07-22T17:41:26.151
ATTEMPT 5 W0 TRACKED 9 nsol=64 0.04s 2026-07-22T17:41:26.195
ATTEMPT 5 W0 TRACK 10 2026-07-22T17:41:26.199
ATTEMPT 5 W0 TRACKED 10 nsol=64 0.07s 2026-07-22T17:41:26.265
ATTEMPT 5 W0 TRACK 11 2026-07-22T17:41:26.271
ATTEMPT 5 W0 TRACKED 11 nsol=64 0.07s 2026-07-22T17:41:26.342
ATTEMPT 5 W0 TRACK 12 2026-07-22T17:41:26.347
ATTEMPT 5 W0 TRACKED 12 nsol=64 0.04s 2026-07-22T17:41:26.386
ATTEMPT 5 W0 TRACK 13 2026-07-22T17:41:26.391
ATTEMPT 5 W0 TRACKED 13 nsol=64 0.05s 2026-07-22T17:41:26.445
ATTEMPT 5 W0 TRACK 14 2026-07-22T17:41:26.445
ATTEMPT 5 W0 TRACKED 14 nsol=64 0.07s 2026-07-22T17:41:26.511
ATTEMPT 5 W0 TRACK 15 2026-07-22T17:41:26.512
ATTEMPT 5 W0 TRACKED 15 nsol=64 0.05s 2026-07-22T17:41:26.564
ATTEMPT 5 W0 TRACK 16 2026-07-22T17:41:26.564
ATTEMPT 5 W0 TRACKED 16 nsol=64 0.11s 2026-07-22T17:41:26.672
ATTEMPT 5 W0 TRACK 17 2026-07-22T17:41:26.672
ATTEMPT 5 W0 TRACKED 17 nsol=64 0.09s 2026-07-22T17:41:26.760
ATTEMPT 5 W0 TRACK 18 2026-07-22T17:41:26.760
ATTEMPT 5 W0 TRACKED 18 nsol=64 0.06s 2026-07-22T17:41:26.821
ATTEMPT 5 W0 TRACK 19 2026-07-22T17:41:26.827
ATTEMPT 5 W0 TRACKED 19 nsol=64 0.06s 2026-07-22T17:41:26.885
ATTEMPT 5 W0 TRACK 20 2026-07-22T17:41:26.891
ATTEMPT 5 W0 TRACKED 20 nsol=64 0.06s 2026-07-22T17:41:26.949
ATTEMPT 5 W0 TRACK 21 2026-07-22T17:41:26.955
ATTEMPT 5 W0 TRACKED 21 nsol=64 0.05s 2026-07-22T17:41:27.005
ATTEMPT 5 W0 TRACK 22 2026-07-22T17:41:27.005
ATTEMPT 5 W0 TRACKED 22 nsol=64 0.08s 2026-07-22T17:41:27.090
ATTEMPT 5 W0 TRACK 23 2026-07-22T17:41:27.095
ATTEMPT 5 W0 TRACKED 23 nsol=64 0.07s 2026-07-22T17:41:27.167
ATTEMPT 5 W0 TRACK 24 2026-07-22T17:41:27.167
ATTEMPT 5 W0 TRACKED 24 nsol=64 0.11s 2026-07-22T17:41:27.281
ATTEMPT 5 W0 TRACK 25 2026-07-22T17:41:27.287
ATTEMPT 5 W0 TRACKED 25 nsol=64 0.07s 2026-07-22T17:41:27.355
ATTEMPT 5 W0 DONE ptrack seed=213892 nsol=64 1.96s 2026-07-22T17:41:27.359
ATTEMPT 6 W0 START ptrack6x2 seed=213893 2026-07-22T17:41:27.359
ATTEMPT 6 W0 SOLVE ptrack fresh 2026-07-22T17:41:27.605
ATTEMPT 6 W0 FRESH-DONE nsol=64 0.21s 2026-07-22T17:41:27.810
ATTEMPT 6 W0 TRACK 1 2026-07-22T17:41:27.819
ATTEMPT 6 W0 TRACKED 1 nsol=64 0.09s 2026-07-22T17:41:27.906
ATTEMPT 6 W0 TRACK 2 2026-07-22T17:41:27.906
ATTEMPT 6 W0 TRACKED 2 nsol=64 0.07s 2026-07-22T17:41:27.974
ATTEMPT 6 W0 TRACK 3 2026-07-22T17:41:27.983
ATTEMPT 6 W0 TRACKED 3 nsol=64 0.08s 2026-07-22T17:41:28.067
ATTEMPT 6 W0 TRACK 4 2026-07-22T17:41:28.075
ATTEMPT 6 W0 TRACKED 4 nsol=64 0.10s 2026-07-22T17:41:28.177
ATTEMPT 6 W0 TRACK 5 2026-07-22T17:41:28.177
ATTEMPT 6 W0 TRACKED 5 nsol=64 0.11s 2026-07-22T17:41:28.291
ATTEMPT 6 W0 TRACK 6 2026-07-22T17:41:28.303
ATTEMPT 6 W0 TRACKED 6 nsol=64 0.08s 2026-07-22T17:41:28.388
ATTEMPT 6 W0 TRACK 7 2026-07-22T17:41:28.388
ATTEMPT 6 W0 TRACKED 7 nsol=64 0.08s 2026-07-22T17:41:28.471
ATTEMPT 6 W0 TRACK 8 2026-07-22T17:41:28.483
ATTEMPT 6 W0 TRACKED 8 nsol=64 0.08s 2026-07-22T17:41:28.563
ATTEMPT 6 W0 TRACK 9 2026-07-22T17:41:28.571
ATTEMPT 6 W0 TRACKED 9 nsol=64 0.10s 2026-07-22T17:41:28.676
ATTEMPT 6 W0 TRACK 10 2026-07-22T17:41:28.676
ATTEMPT 6 W0 TRACKED 10 nsol=64 0.07s 2026-07-22T17:41:28.750
ATTEMPT 6 W0 TRACK 11 2026-07-22T17:41:28.759
ATTEMPT 6 W0 TRACKED 11 nsol=64 0.08s 2026-07-22T17:41:28.835
ATTEMPT 6 W0 TRACK 12 2026-07-22T17:41:28.835
ATTEMPT 6 W0 TRACKED 12 nsol=64 0.06s 2026-07-22T17:41:28.894
ATTEMPT 6 W0 TRACK 13 2026-07-22T17:41:28.899
ATTEMPT 6 W0 TRACKED 13 nsol=64 0.05s 2026-07-22T17:41:28.945
ATTEMPT 6 W0 TRACK 14 2026-07-22T17:41:28.951
ATTEMPT 6 W0 TRACKED 14 nsol=64 0.04s 2026-07-22T17:41:28.995
ATTEMPT 6 W0 TRACK 15 2026-07-22T17:41:29.003
ATTEMPT 6 W0 TRACKED 15 nsol=64 0.06s 2026-07-22T17:41:29.062
ATTEMPT 6 W0 TRACK 16 2026-07-22T17:41:29.067
ATTEMPT 6 W0 TRACKED 16 nsol=64 0.05s 2026-07-22T17:41:29.121
ATTEMPT 6 W0 TRACK 17 2026-07-22T17:41:29.128
ATTEMPT 6 W0 TRACKED 17 nsol=64 0.08s 2026-07-22T17:41:29.208
ATTEMPT 6 W0 TRACK 18 2026-07-22T17:41:29.208
ATTEMPT 6 W0 TRACKED 18 nsol=64 0.08s 2026-07-22T17:41:29.285
ATTEMPT 6 W0 TRACK 19 2026-07-22T17:41:29.287
ATTEMPT 6 W0 TRACKED 19 nsol=64 0.06s 2026-07-22T17:41:29.347
ATTEMPT 6 W0 TRACK 20 2026-07-22T17:41:29.347
ATTEMPT 6 W0 TRACKED 20 nsol=64 0.04s 2026-07-22T17:41:29.390
ATTEMPT 6 W0 TRACK 21 2026-07-22T17:41:29.395
ATTEMPT 6 W0 TRACKED 21 nsol=64 0.04s 2026-07-22T17:41:29.437
ATTEMPT 6 W0 TRACK 22 2026-07-22T17:41:29.437
ATTEMPT 6 W0 TRACKED 22 nsol=64 0.03s 2026-07-22T17:41:29.463
ATTEMPT 6 W0 TRACK 23 2026-07-22T17:41:29.463
ATTEMPT 6 W0 TRACKED 23 nsol=64 0.02s 2026-07-22T17:41:29.487
ATTEMPT 6 W0 TRACK 24 2026-07-22T17:41:29.487
ATTEMPT 6 W0 TRACKED 24 nsol=64 0.03s 2026-07-22T17:41:29.519
ATTEMPT 6 W0 TRACK 25 2026-07-22T17:41:29.519
ATTEMPT 6 W0 TRACKED 25 nsol=64 0.07s 2026-07-22T17:41:29.589
ATTEMPT 6 W0 DONE ptrack seed=213893 nsol=64 1.98s 2026-07-22T17:41:29.589
ATTEMPT 7 W0 START ptrack6x2 seed=213894 2026-07-22T17:41:29.590
ATTEMPT 7 W0 SOLVE ptrack fresh 2026-07-22T17:41:29.771
ATTEMPT 7 W0 FRESH-DONE nsol=64 0.19s 2026-07-22T17:41:29.963
ATTEMPT 7 W0 TRACK 1 2026-07-22T17:41:29.963
ATTEMPT 7 W0 TRACKED 1 nsol=64 0.03s 2026-07-22T17:41:29.996
ATTEMPT 7 W0 TRACK 2 2026-07-22T17:41:29.996
ATTEMPT 7 W0 TRACKED 2 nsol=64 0.02s 2026-07-22T17:41:30.018
ATTEMPT 7 W0 TRACK 3 2026-07-22T17:41:30.018
ATTEMPT 7 W0 TRACKED 3 nsol=64 0.02s 2026-07-22T17:41:30.039
ATTEMPT 7 W0 TRACK 4 2026-07-22T17:41:30.039
ATTEMPT 7 W0 TRACKED 4 nsol=64 0.02s 2026-07-22T17:41:30.061
ATTEMPT 7 W0 TRACK 5 2026-07-22T17:41:30.061
ATTEMPT 7 W0 TRACKED 5 nsol=64 0.04s 2026-07-22T17:41:30.102
ATTEMPT 7 W0 TRACK 6 2026-07-22T17:41:30.102
ATTEMPT 7 W0 TRACKED 6 nsol=64 0.06s 2026-07-22T17:41:30.159
ATTEMPT 7 W0 TRACK 7 2026-07-22T17:41:30.159
ATTEMPT 7 W0 TRACKED 7 nsol=64 0.03s 2026-07-22T17:41:30.188
ATTEMPT 7 W0 TRACK 8 2026-07-22T17:41:30.188
ATTEMPT 7 W0 TRACKED 8 nsol=64 0.02s 2026-07-22T17:41:30.211
ATTEMPT 7 W0 TRACK 9 2026-07-22T17:41:30.211
ATTEMPT 7 W0 TRACKED 9 nsol=64 0.02s 2026-07-22T17:41:30.233
ATTEMPT 7 W0 TRACK 10 2026-07-22T17:41:30.233
ATTEMPT 7 W0 TRACKED 10 nsol=64 0.03s 2026-07-22T17:41:30.263
ATTEMPT 7 W0 TRACK 11 2026-07-22T17:41:30.263
ATTEMPT 7 W0 TRACKED 11 nsol=64 0.05s 2026-07-22T17:41:30.313
ATTEMPT 7 W0 TRACK 12 2026-07-22T17:41:30.313
ATTEMPT 7 W0 TRACKED 12 nsol=64 0.03s 2026-07-22T17:41:30.340
ATTEMPT 7 W0 TRACK 13 2026-07-22T17:41:30.340
ATTEMPT 7 W0 TRACKED 13 nsol=64 0.02s 2026-07-22T17:41:30.363
ATTEMPT 7 W0 TRACK 14 2026-07-22T17:41:30.363
ATTEMPT 7 W0 TRACKED 14 nsol=64 0.02s 2026-07-22T17:41:30.386
ATTEMPT 7 W0 TRACK 15 2026-07-22T17:41:30.387
ATTEMPT 7 W0 TRACKED 15 nsol=64 0.02s 2026-07-22T17:41:30.408
ATTEMPT 7 W0 TRACK 16 2026-07-22T17:41:30.408
ATTEMPT 7 W0 TRACKED 16 nsol=64 0.02s 2026-07-22T17:41:30.431
ATTEMPT 7 W0 TRACK 17 2026-07-22T17:41:30.432
ATTEMPT 7 W0 TRACKED 17 nsol=64 0.03s 2026-07-22T17:41:30.457
ATTEMPT 7 W0 TRACK 18 2026-07-22T17:41:30.457
ATTEMPT 7 W0 TRACKED 18 nsol=64 0.03s 2026-07-22T17:41:30.484
ATTEMPT 7 W0 TRACK 19 2026-07-22T17:41:30.484
ATTEMPT 7 W0 TRACKED 19 nsol=64 0.03s 2026-07-22T17:41:30.511
ATTEMPT 7 W0 TRACK 20 2026-07-22T17:41:30.512
ATTEMPT 7 W0 TRACKED 20 nsol=64 0.02s 2026-07-22T17:41:30.535
ATTEMPT 7 W0 TRACK 21 2026-07-22T17:41:30.535
┌ Warning: Ingored unsupported keyword arguments: gamma = -0.9227529400405371 + 0.3853920233301994im
└ @ HomotopyContinuation ~/.julia/packages/HomotopyContinuation/98yZ2/src/utils.jl:170
┌ Warning: Ingored unsupported keyword arguments: gamma = -0.0811671972850823 - 0.9967004996912987im
└ @ HomotopyContinuation ~/.julia/packages/HomotopyContinuation/98yZ2/src/utils.jl:170
┌ Warning: Ingored unsupported keyword arguments: gamma = -0.4551716051183106 - 0.890403734209387im
└ @ HomotopyContinuation ~/.julia/packages/HomotopyContinuation/98yZ2/src/utils.jl:170
┌ Warning: Ingored unsupported keyword arguments: gamma = 0.07278478447556681 - 0.9973476701475997im
└ @ HomotopyContinuation ~/.julia/packages/HomotopyContinuation/98yZ2/src/utils.jl:170
┌ Warning: Ingored unsupported keyword arguments: gamma = -0.9990645473201463 - 0.043243846822308966im
└ @ HomotopyContinuation ~/.julia/packages/HomotopyContinuation/98yZ2/src/utils.jl:170
┌ Warning: Ingored unsupported keyword arguments: gamma = 0.9598539454955953 + 0.2805002732913796im
└ @ HomotopyContinuation ~/.julia/packages/HomotopyContinuation/98yZ2/src/utils.jl:170
┌ Warning: Ingored unsupported keyword arguments: gamma = -0.4931469547844508 - 0.8699460218811411im
└ @ HomotopyContinuation ~/.julia/packages/HomotopyContinuation/98yZ2/src/utils.jl:170
┌ Warning: Ingored unsupported keyword arguments: gamma = 0.9753826870465705 - 0.22051896473957058im
└ @ HomotopyContinuation ~/.julia/packages/HomotopyContinuation/98yZ2/src/utils.jl:170
┌ Warning: Ingored unsupported keyword arguments: gamma = 0.8845904181289075 + 0.4663687298206481im
└ @ HomotopyContinuation ~/.julia/packages/HomotopyContinuation/98yZ2/src/utils.jl:170
┌ Warning: Ingored unsupported keyword arguments: gamma = 0.24733482577083268 - 0.9689300717600378im
└ @ HomotopyContinuation ~/.julia/packages/HomotopyContinuation/98yZ2/src/utils.jl:170
┌ Warning: Ingored unsupported keyword arguments: gamma = -0.9072409148898568 - 0.42061136735686966im
└ @ HomotopyContinuation ~/.julia/packages/HomotopyContinuation/98yZ2/src/utils.jl:170
┌ Warning: Ingored unsupported keyword arguments: gamma = -0.1082716270958603 + 0.9941213481089796im
└ @ HomotopyContinuation ~/.julia/packages/HomotopyContinuation/98yZ2/src/utils.jl:170
┌ Warning: Ingored unsupported keyword arguments: gamma = -0.9564958448396293 - 0.29174594907988627im
└ @ HomotopyContinuation ~/.julia/packages/HomotopyContinuation/98yZ2/src/utils.jl:170
┌ Warning: Ingored unsupported keyword arguments: gamma = 0.4126138352529304 - 0.9109060450770253im
└ @ HomotopyContinuation ~/.julia/packages/HomotopyContinuation/98yZ2/src/utils.jl:170
┌ Warning: Ingored unsupported keyword arguments: gamma = -0.977106826878226 - 0.21274926290815796im
└ @ HomotopyContinuation ~/.julia/packages/HomotopyContinuation/98yZ2/src/utils.jl:170
┌ Warning: Ingored unsupported keyword arguments: gamma = -0.2216821761369209 - 0.9751189736556248im
└ @ HomotopyContinuation ~/.julia/packages/HomotopyContinuation/98yZ2/src/utils.jl:170
┌ Warning: Ingored unsupported keyword arguments: gamma = 0.4984807713111873 + 0.8669007559305758im
└ @ HomotopyContinuation ~/.julia/packages/HomotopyContinuation/98yZ2/src/utils.jl:170
┌ Warning: Ingored unsupported keyword arguments: gamma = 0.08881938102388709 + 0.9960477486318282im
└ @ HomotopyContinuation ~/.julia/packages/HomotopyContinuation/98yZ2/src/utils.jl:170
┌ Warning: Ingored unsupported keyword arguments: gamma = 0.7410126622850775 + 0.6714910530552003im
└ @ HomotopyContinuation ~/.julia/packages/HomotopyContinuation/98yZ2/src/utils.jl:170
┌ Warning: Ingored unsupported keyword arguments: gamma = -0.8654344289292182 + 0.5010222043222814im
└ @ HomotopyContinuation ~/.julia/packages/HomotopyContinuation/98yZ2/src/utils.jl:170
┌ Warning: Ingored unsupported keyword arguments: gamma = 0.9238204833661263 - 0.38282595851532425im
└ @ HomotopyContinuation ~/.julia/packages/HomotopyContinuation/98yZ2/src/utils.jl:170
┌ Warning: Ingored unsupported keyword arguments: gamma = -0.6377340673798351 + 0.7702566191232452im
└ @ HomotopyContinuation ~/.julia/packages/HomotopyContinuation/98yZ2/src/utils.jl:170
┌ Warning: Ingored unsupported keyword arguments: gamma = -0.7872987672168894 - 0.6165716918078272im
└ @ HomotopyContinuation ~/.julia/packages/HomotopyContinuation/98yZ2/src/utils.jl:170
┌ Warning: Ingored unsupported keyword arguments: gamma = -0.971968486855033 - 0.23511116638887547im
└ @ HomotopyContinuation ~/.julia/packages/HomotopyContinuation/98yZ2/src/utils.jl:170
┌ Warning: Ingored unsupported keyword arguments: gamma = -0.24552780983387953 - 0.9693895473947397im
└ @ HomotopyContinuation ~/.julia/packages/HomotopyContinuation/98yZ2/src/utils.jl:170
┌ Warning: Ingored unsupported keyword arguments: gamma = 0.27240861727967114 + 0.9621816591640986im
└ @ HomotopyContinuation ~/.julia/packages/HomotopyContinuation/98yZ2/src/utils.jl:170
┌ Warning: Ingored unsupported keyword arguments: gamma = -0.1232344591521379 + 0.9923775834214918im
└ @ HomotopyContinuation ~/.julia/packages/HomotopyContinuation/98yZ2/src/utils.jl:170
┌ Warning: Ingored unsupported keyword arguments: gamma = -0.9256988546831706 + 0.3782613255915363im
└ @ HomotopyContinuation ~/.julia/packages/HomotopyContinuation/98yZ2/src/utils.jl:170
┌ Warning: Ingored unsupported keyword arguments: gamma = -0.9172380900076109 - 0.3983394108535959im
└ @ HomotopyContinuation ~/.julia/packages/HomotopyContinuation/98yZ2/src/utils.jl:170
┌ Warning: Ingored unsupported keyword arguments: gamma = 0.13373148501205193 - 0.9910176032323903im
└ @ HomotopyContinuation ~/.julia/packages/HomotopyContinuation/98yZ2/src/utils.jl:170
┌ Warning: Ingored unsupported keyword arguments: gamma = -0.34895398512505027 + 0.9371398595008892im
└ @ HomotopyContinuation ~/.julia/packages/HomotopyContinuation/98yZ2/src/utils.jl:170
┌ Warning: Ingored unsupported keyword arguments: gamma = 0.8170996692407209 + 0.5764964271586638im
└ @ HomotopyContinuation ~/.julia/packages/HomotopyContinuation/98yZ2/src/utils.jl:170
┌ Warning: Ingored unsupported keyword arguments: gamma = -0.2383781815140373 + 0.9711724062070857im
└ @ HomotopyContinuation ~/.julia/packages/HomotopyContinuation/98yZ2/src/utils.jl:170
┌ Warning: Ingored unsupported keyword arguments: gamma = -0.07074037841702242 - 0.997494761320287im
└ @ HomotopyContinuation ~/.julia/packages/HomotopyContinuation/98yZ2/src/utils.jl:170
┌ Warning: Ingored unsupported keyword arguments: gamma = 0.29964541862797317 - 0.9540506396912413im
└ @ HomotopyContinuation ~/.julia/packages/HomotopyContinuation/98yZ2/src/utils.jl:170
┌ Warning: Ingored unsupported keyword arguments: gamma = 0.35476459126069626 + 0.9349556592628503im
└ @ HomotopyContinuation ~/.julia/packages/HomotopyContinuation/98yZ2/src/utils.jl:170
┌ Warning: Ingored unsupported keyword arguments: gamma = 0.969050786914292 + 0.24686144369016289im
└ @ HomotopyContinuation ~/.julia/packages/HomotopyContinuation/98yZ2/src/utils.jl:170
┌ Warning: Ingored unsupported keyword arguments: gamma = 0.8132103129621432 - 0.5819699192329558im
└ @ HomotopyContinuation ~/.julia/packages/HomotopyContinuation/98yZ2/src/utils.jl:170
┌ Warning: Ingored unsupported keyword arguments: gamma = 0.8053334738143655 + 0.5928220609542856im
└ @ HomotopyContinuation ~/.julia/packages/HomotopyContinuation/98yZ2/src/utils.jl:170
┌ Warning: Ingored unsupported keyword arguments: gamma = -0.7382584217660321 + 0.6745179780343349im
└ @ HomotopyContinuation ~/.julia/packages/HomotopyContinuation/98yZ2/src/utils.jl:170
┌ Warning: Ingored unsupported keyword arguments: gamma = -0.17316233582057214 - 0.9848932964809759im
└ @ HomotopyContinuation ~/.julia/packages/HomotopyContinuation/98yZ2/src/utils.jl:170
┌ Warning: Ingored unsupported keyword arguments: gamma = -0.9520784258526171 - 0.30585400279545555im
└ @ HomotopyContinuation ~/.julia/packages/HomotopyContinuation/98yZ2/src/utils.jl:170
┌ Warning: Ingored unsupported keyword arguments: gamma = -0.0812096673082998 - 0.9966970401961046im
└ @ HomotopyContinuation ~/.julia/packages/HomotopyContinuation/98yZ2/src/utils.jl:170
┌ Warning: Ingored unsupported keyword arguments: gamma = -0.8575529962161945 + 0.5143956246709602im
└ @ HomotopyContinuation ~/.julia/packages/HomotopyContinuation/98yZ2/src/utils.jl:170
┌ Warning: Ingored unsupported keyword arguments: gamma = 0.9999490425252447 - 0.010095164825118364im
└ @ HomotopyContinuation ~/.julia/packages/HomotopyContinuation/98yZ2/src/utils.jl:170
┌ Warning: Ingored unsupported keyword arguments: gamma = -0.6118692109182627 - 0.7909589551489145im
└ @ HomotopyContinuation ~/.julia/packages/HomotopyContinuation/98yZ2/src/utils.jl:170
┌ Warning: Ingored unsupported keyword arguments: gamma = -0.852338516824146 - 0.5229904901028459im
└ @ HomotopyContinuation ~/.julia/packages/HomotopyContinuation/98yZ2/src/utils.jl:170
┌ Warning: Ingored unsupported keyword arguments: gamma = -0.13912653537365754 - 0.9902746119915034im
└ @ HomotopyContinuation ~/.julia/packages/HomotopyContinuation/98yZ2/src/utils.jl:170
┌ Warning: Ingored unsupported keyword arguments: gamma = -0.9728568621474879 - 0.23140770465251082im
└ @ HomotopyContinuation ~/.julia/packages/HomotopyContinuation/98yZ2/src/utils.jl:170
┌ Warning: Ingored unsupported keyword arguments: gamma = -0.54844801436411 + 0.8361846539730714im
└ @ HomotopyContinuation ~/.julia/packages/HomotopyContinuation/98yZ2/src/utils.jl:170
┌ Warning: Ingored unsupported keyword arguments: gamma = 0.9225267949956734 - 0.3859330414916696im
└ @ HomotopyContinuation ~/.julia/packages/HomotopyContinuation/98yZ2/src/utils.jl:170
┌ Warning: Ingored unsupported keyword arguments: gamma = -0.734334732161213 + 0.6787875228241305im
└ @ HomotopyContinuation ~/.julia/packages/HomotopyContinuation/98yZ2/src/utils.jl:170
┌ Warning: Ingored unsupported keyword arguments: gamma = 0.9417904286814588 + 0.33620051820899105im
└ @ HomotopyContinuation ~/.julia/packages/HomotopyContinuation/98yZ2/src/utils.jl:170
┌ Warning: Ingored unsupported keyword arguments: gamma = -0.9883020813660762 - 0.15250900290632563im
└ @ HomotopyContinuation ~/.julia/packages/HomotopyContinuation/98yZ2/src/utils.jl:170
┌ Warning: Ingored unsupported keyword arguments: gamma = 0.939910419148732 - 0.3414211533804766im
└ @ HomotopyContinuation ~/.julia/packages/HomotopyContinuation/98yZ2/src/utils.jl:170
┌ Warning: Ingored unsupported keyword arguments: gamma = -0.12143146344368638 + 0.9925998184998447im
└ @ HomotopyContinuation ~/.julia/packages/HomotopyContinuation/98yZ2/src/utils.jl:170
┌ Warning: Ingored unsupported keyword arguments: gamma = -0.9994842579539815 - 0.03211258479442026im
└ @ HomotopyContinuation ~/.julia/packages/HomotopyContinuation/98yZ2/src/utils.jl:170
┌ Warning: Ingored unsupported keyword arguments: gamma = -0.9269854493807315 - 0.3750972895615261im
└ @ HomotopyContinuation ~/.julia/packages/HomotopyContinuation/98yZ2/src/utils.jl:170
┌ Warning: Ingored unsupported keyword arguments: gamma = -0.050922135126129586 + 0.9987026264880834im
└ @ HomotopyContinuation ~/.julia/packages/HomotopyContinuation/98yZ2/src/utils.jl:170
┌ Warning: Ingored unsupported keyword arguments: gamma = 0.6350253734004988 + 0.7724912783569515im
└ @ HomotopyContinuation ~/.julia/packages/HomotopyContinuation/98yZ2/src/utils.jl:170
┌ Warning: Ingored unsupported keyword arguments: gamma = 0.9633101716586316 - 0.2683905981568983im
└ @ HomotopyContinuation ~/.julia/packages/HomotopyContinuation/98yZ2/src/utils.jl:170
┌ Warning: Ingored unsupported keyword arguments: gamma = 0.40621204254622684 - 0.9137788444095335im
└ @ HomotopyContinuation ~/.julia/packages/HomotopyContinuation/98yZ2/src/utils.jl:170
┌ Warning: Ingored unsupported keyword arguments: gamma = -0.7227086967452735 - 0.6911527614418886im
└ @ HomotopyContinuation ~/.julia/packages/HomotopyContinuation/98yZ2/src/utils.jl:170
┌ Warning: Ingored unsupported keyword arguments: gamma = 0.8775318651889322 + 0.4795183266341691im
└ @ HomotopyContinuation ~/.julia/packages/HomotopyContinuation/98yZ2/src/utils.jl:170
┌ Warning: Ingored unsupported keyword arguments: gamma = 0.7825728687014529 + 0.6225589973427246im
└ @ HomotopyContinuation ~/.julia/packages/HomotopyContinuation/98yZ2/src/utils.jl:170
┌ Warning: Ingored unsupported keyword arguments: gamma = 0.7934745673494745 - 0.6086034102513428im
└ @ HomotopyContinuation ~/.julia/packages/HomotopyContinuation/98yZ2/src/utils.jl:170
┌ Warning: Ingored unsupported keyword arguments: gamma = 0.9669461945835921 - 0.25498050274542583im
└ @ HomotopyContinuation ~/.julia/packages/HomotopyContinuation/98yZ2/src/utils.jl:170
┌ Warning: Ingored unsupported keyword arguments: gamma = 0.8664383920358227 + 0.49928400015059354im
└ @ HomotopyContinuation ~/.julia/packages/HomotopyContinuation/98yZ2/src/utils.jl:170
┌ Warning: Ingored unsupported keyword arguments: gamma = -0.8682699786513152 + 0.4960919714859783im
└ @ HomotopyContinuation ~/.julia/packages/HomotopyContinuation/98yZ2/src/utils.jl:170
┌ Warning: Ingored unsupported keyword arguments: gamma = -0.8781652801174624 + 0.4783573358862794im
└ @ HomotopyContinuation ~/.julia/packages/HomotopyContinuation/98yZ2/src/utils.jl:170
┌ Warning: Ingored unsupported keyword arguments: gamma = 0.7021533361337037 + 0.712025766778359im
└ @ HomotopyContinuation ~/.julia/packages/HomotopyContinuation/98yZ2/src/utils.jl:170
┌ Warning: Ingored unsupported keyword arguments: gamma = 0.7531685040803979 - 0.6578276403901675im
└ @ HomotopyContinuation ~/.julia/packages/HomotopyContinuation/98yZ2/src/utils.jl:170
┌ Warning: Ingored unsupported keyword arguments: gamma = -0.8816629737167077 + 0.47187964649581166im
└ @ HomotopyContinuation ~/.julia/packages/HomotopyContinuation/98yZ2/src/utils.jl:170
┌ Warning: Ingored unsupported keyword arguments: gamma = 0.9816759540331372 - 0.19055792104536026im
└ @ HomotopyContinuation ~/.julia/packages/HomotopyContinuation/98yZ2/src/utils.jl:170
┌ Warning: Ingored unsupported keyword arguments: gamma = -0.6847296276456956 - 0.7287971851099503im
└ @ HomotopyContinuation ~/.julia/packages/HomotopyContinuation/98yZ2/src/utils.jl:170
┌ Warning: Ingored unsupported keyword arguments: gamma = -0.7434257710161858 + 0.6688184529369608im
└ @ HomotopyContinuation ~/.julia/packages/HomotopyContinuation/98yZ2/src/utils.jl:170
┌ Warning: Ingored unsupported keyword arguments: gamma = 0.9960519695807252 + 0.08877203328953356im
└ @ HomotopyContinuation ~/.julia/packages/HomotopyContinuation/98yZ2/src/utils.jl:170
┌ Warning: Ingored unsupported keyword arguments: gamma = 0.8030888451506023 - 0.5958593011732484im
└ @ HomotopyContinuation ~/.julia/packages/HomotopyContinuation/98yZ2/src/utils.jl:170
┌ Warning: Ingored unsupported keyword arguments: gamma = 0.989975435761866 + 0.14123964240999587im
└ @ HomotopyContinuation ~/.julia/packages/HomotopyContinuation/98yZ2/src/utils.jl:170
┌ Warning: Ingored unsupported keyword arguments: gamma = -0.6693778398527854 + 0.7429221409501932im
└ @ HomotopyContinuation ~/.julia/packages/HomotopyContinuation/98yZ2/src/utils.jl:170
┌ Warning: Ingored unsupported keyword arguments: gamma = -0.8123195049090028 + 0.5832126729970746im
└ @ HomotopyContinuation ~/.julia/packages/HomotopyContinuation/98yZ2/src/utils.jl:170
┌ Warning: Ingored unsupported keyword arguments: gamma = 0.0211075151572676 - 0.9997772115846039im
└ @ HomotopyContinuation ~/.julia/packages/HomotopyContinuation/98yZ2/src/utils.jl:170
┌ Warning: Ingored unsupported keyword arguments: gamma = -0.4243435199388472 + 0.9055012849719812im
└ @ HomotopyContinuation ~/.julia/packages/HomotopyContinuation/98yZ2/src/utils.jl:170
┌ Warning: Ingored unsupported keyword arguments: gamma = 0.7415092400633821 + 0.670942655448754im
└ @ HomotopyContinuation ~/.julia/packages/HomotopyContinuation/98yZ2/src/utils.jl:170
┌ Warning: Ingored unsupported keyword arguments: gamma = -0.7936937153586332 - 0.6083175866274203im
└ @ HomotopyContinuation ~/.julia/packages/HomotopyContinuation/98yZ2/src/utils.jl:170
┌ Warning: Ingored unsupported keyword arguments: gamma = -0.976261887439468 + 0.21659346050406889im
└ @ HomotopyContinuation ~/.julia/packages/HomotopyContinuation/98yZ2/src/utils.jl:170
┌ Warning: Ingored unsupported keyword arguments: gamma = 0.1322877013094086 + 0.9912113619618536im
└ @ HomotopyContinuation ~/.julia/packages/HomotopyContinuation/98yZ2/src/utils.jl:170
┌ Warning: Ingored unsupported keyword arguments: gamma = -0.5116556723483199 + 0.8591905917512067im
└ @ HomotopyContinuation ~/.julia/packages/HomotopyContinuation/98yZ2/src/utils.jl:170
┌ Warning: Ingored unsupported keyword arguments: gamma = -0.6513478965273721 - 0.758779228556876im
└ @ HomotopyContinuation ~/.julia/packages/HomotopyContinuation/98yZ2/src/utils.jl:170
┌ Warning: Ingored unsupported keyword arguments: gamma = 0.3697304167091096 - 0.9291390740680903im
└ @ HomotopyContinuation ~/.julia/packages/HomotopyContinuation/98yZ2/src/utils.jl:170
┌ Warning: Ingored unsupported keyword arguments: gamma = 0.5917273823168617 + 0.806138142638366im
└ @ HomotopyContinuation ~/.julia/packages/HomotopyContinuation/98yZ2/src/utils.jl:170
┌ Warning: Ingored unsupported keyword arguments: gamma = 0.8911509311791587 - 0.4537069735617015im
└ @ HomotopyContinuation ~/.julia/packages/HomotopyContinuation/98yZ2/src/utils.jl:170
┌ Warning: Ingored unsupported keyword arguments: gamma = -0.8838873946848261 + 0.46769976856662043im
└ @ HomotopyContinuation ~/.julia/packages/HomotopyContinuation/98yZ2/src/utils.jl:170
┌ Warning: Ingored unsupported keyword arguments: gamma = 0.37073034106624914 - 0.9287405526910638im
└ @ HomotopyContinuation ~/.julia/packages/HomotopyContinuation/98yZ2/src/utils.jl:170
┌ Warning: Ingored unsupported keyword arguments: gamma = 0.5308270238503096 - 0.8474801890016208im
└ @ HomotopyContinuation ~/.julia/packages/HomotopyContinuation/98yZ2/src/utils.jl:170
┌ Warning: Ingored unsupported keyword arguments: gamma = 0.6593011467420077 - 0.7518789782303225im
└ @ HomotopyContinuation ~/.julia/packages/HomotopyContinuation/98yZ2/src/utils.jl:170
┌ Warning: Ingored unsupported keyword arguments: gamma = 0.67863135565812 - 0.7344790556017388im
└ @ HomotopyContinuation ~/.julia/packages/HomotopyContinuation/98yZ2/src/utils.jl:170
┌ Warning: Ingored unsupported keyword arguments: gamma = -0.1614372311760046 - 0.9868829821160284im
└ @ HomotopyContinuation ~/.julia/packages/HomotopyContinuation/98yZ2/src/utils.jl:170
┌ Warning: Ingored unsupported keyword arguments: gamma = -0.25933377431956756 - 0.9657877579971531im
└ @ HomotopyContinuation ~/.julia/packages/HomotopyContinuation/98yZ2/src/utils.jl:170
┌ Warning: Ingored unsupported keyword arguments: gamma = 0.4888442144351337 - 0.8723710987952874im
└ @ HomotopyContinuation ~/.julia/packages/HomotopyContinuation/98yZ2/src/utils.jl:170
┌ Warning: Ingored unsupported keyword arguments: gamma = 0.10813614688229203 + 0.9941360941729515im
└ @ HomotopyContinuation ~/.julia/packages/HomotopyContinuation/98yZ2/src/utils.jl:170
┌ Warning: Ingored unsupported keyword arguments: gamma = 0.9711915294664452 - 0.23830025827226223im
└ @ HomotopyContinuation ~/.julia/packages/HomotopyContinuation/98yZ2/src/utils.jl:170
┌ Warning: Ingored unsupported keyword arguments: gamma = 0.99496827439077 - 0.10019048335971546im
└ @ HomotopyContinuation ~/.julia/packages/HomotopyContinuation/98yZ2/src/utils.jl:170
┌ Warning: Ingored unsupported keyword arguments: gamma = 0.48868637101025786 - 0.8724595295994104im
└ @ HomotopyContinuation ~/.julia/packages/HomotopyContinuation/98yZ2/src/utils.jl:170
┌ Warning: Ingored unsupported keyword arguments: gamma = -0.892670594793606 - 0.4507096728392122im
└ @ HomotopyContinuation ~/.julia/packages/HomotopyContinuation/98yZ2/src/utils.jl:170
┌ Warning: Ingored unsupported keyword arguments: gamma = 0.7691499660772093 + 0.639068329432329im
└ @ HomotopyContinuation ~/.julia/packages/HomotopyContinuation/98yZ2/src/utils.jl:170
┌ Warning: Ingored unsupported keyword arguments: gamma = -0.9446730326162674 + 0.3280135080260942im
└ @ HomotopyContinuation ~/.julia/packages/HomotopyContinuation/98yZ2/src/utils.jl:170
┌ Warning: Ingored unsupported keyword arguments: gamma = -0.9745042680300697 + 0.22436896307461526im
└ @ HomotopyContinuation ~/.julia/packages/HomotopyContinuation/98yZ2/src/utils.jl:170
┌ Warning: Ingored unsupported keyword arguments: gamma = -0.9508817428627199 + 0.30955437501407795im
└ @ HomotopyContinuation ~/.julia/packages/HomotopyContinuation/98yZ2/src/utils.jl:170
┌ Warning: Ingored unsupported keyword arguments: gamma = 0.9312073031154994 + 0.3644899979757449im
└ @ HomotopyContinuation ~/.julia/packages/HomotopyContinuation/98yZ2/src/utils.jl:170
┌ Warning: Ingored unsupported keyword arguments: gamma = 0.7699027719464059 - 0.6381612035757427im
└ @ HomotopyContinuation ~/.julia/packages/HomotopyContinuation/98yZ2/src/utils.jl:170
┌ Warning: Ingored unsupported keyword arguments: gamma = 0.46058625270555464 + 0.8876149524532893im
└ @ HomotopyContinuation ~/.julia/packages/HomotopyContinuation/98yZ2/src/utils.jl:170
┌ Warning: Ingored unsupported keyword arguments: gamma = 0.8254644532631369 + 0.5644541047764562im
└ @ HomotopyContinuation ~/.julia/packages/HomotopyContinuation/98yZ2/src/utils.jl:170
┌ Warning: Ingored unsupported keyword arguments: gamma = 0.9053480888260671 + 0.4246702698082216im
└ @ HomotopyContinuation ~/.julia/packages/HomotopyContinuation/98yZ2/src/utils.jl:170
┌ Warning: Ingored unsupported keyword arguments: gamma = -0.902231110277849 + 0.43125285349409576im
└ @ HomotopyContinuation ~/.julia/packages/HomotopyContinuation/98yZ2/src/utils.jl:170
┌ Warning: Ingored unsupported keyword arguments: gamma = -0.9993763798963021 - 0.03531078171553218im
└ @ HomotopyContinuation ~/.julia/packages/HomotopyContinuation/98yZ2/src/utils.jl:170
┌ Warning: Ingored unsupported keyword arguments: gamma = 0.8472301098608567 + 0.5312260732919278im
└ @ HomotopyContinuation ~/.julia/packages/HomotopyContinuation/98yZ2/src/utils.jl:170
┌ Warning: Ingored unsupported keyword arguments: gamma = -0.3283386349062188 + 0.9445600779346546im
└ @ HomotopyContinuation ~/.julia/packages/HomotopyContinuation/98yZ2/src/utils.jl:170
┌ Warning: Ingored unsupported keyword arguments: gamma = -0.9292003070087863 - 0.3695765001387092im
└ @ HomotopyContinuation ~/.julia/packages/HomotopyContinuation/98yZ2/src/utils.jl:170
┌ Warning: Ingored unsupported keyword arguments: gamma = 0.9936680746159525 - 0.11235549603390965im
└ @ HomotopyContinuation ~/.julia/packages/HomotopyContinuation/98yZ2/src/utils.jl:170
┌ Warning: Ingored unsupported keyword arguments: gamma = -0.44911738845205906 - 0.8934727591762394im
└ @ HomotopyContinuation ~/.julia/packages/HomotopyContinuation/98yZ2/src/utils.jl:170
┌ Warning: Ingored unsupported keyword arguments: gamma = -0.9293623835349254 + 0.3691687420005683im
└ @ HomotopyContinuation ~/.julia/packages/HomotopyContinuation/98yZ2/src/utils.jl:170
┌ Warning: Ingored unsupported keyword arguments: gamma = -0.2952856332452306 + 0.9554090196345035im
└ @ HomotopyContinuation ~/.julia/packages/HomotopyContinuation/98yZ2/src/utils.jl:170
┌ Warning: Ingored unsupported keyword arguments: gamma = 0.5205014414090577 + 0.8538607904635821im
└ @ HomotopyContinuation ~/.julia/packages/HomotopyContinuation/98yZ2/src/utils.jl:170
┌ Warning: Ingored unsupported keyword arguments: gamma = -0.9608412667810369 + 0.27709936854964545im
└ @ HomotopyContinuation ~/.julia/packages/HomotopyContinuation/98yZ2/src/utils.jl:170
┌ Warning: Ingored unsupported keyword arguments: gamma = 0.9993892614844668 - 0.0349442989560814im
└ @ HomotopyContinuation ~/.julia/packages/HomotopyContinuation/98yZ2/src/utils.jl:170
┌ Warning: Ingored unsupported keyword arguments: gamma = -0.14507634559868537 + 0.9894204636794869im
└ @ HomotopyContinuation ~/.julia/packages/HomotopyContinuation/98yZ2/src/utils.jl:170
┌ Warning: Ingored unsupported keyword arguments: gamma = -0.942069460251645 - 0.3354178469628209im
└ @ HomotopyContinuation ~/.julia/packages/HomotopyContinuation/98yZ2/src/utils.jl:170
┌ Warning: Ingored unsupported keyword arguments: gamma = -0.042107133590344695 - 0.9991131013557999im
└ @ HomotopyContinuation ~/.julia/packages/HomotopyContinuation/98yZ2/src/utils.jl:170
┌ Warning: Ingored unsupported keyword arguments: gamma = -0.1791910589288978 + 0.9838142936550273im
└ @ HomotopyContinuation ~/.julia/packages/HomotopyContinuation/98yZ2/src/utils.jl:170
┌ Warning: Ingored unsupported keyword arguments: gamma = 0.9846350403753017 - 0.17462484721576163im
└ @ HomotopyContinuation ~/.julia/packages/HomotopyContinuation/98yZ2/src/utils.jl:170
┌ Warning: Ingored unsupported keyword arguments: gamma = -0.8996375646526221 + 0.4366374380030864im
└ @ HomotopyContinuation ~/.julia/packages/HomotopyContinuation/98yZ2/src/utils.jl:170
┌ Warning: Ingored unsupported keyword arguments: gamma = -0.3292164213634603 + 0.9442544931874227im
└ @ HomotopyContinuation ~/.julia/packages/HomotopyContinuation/98yZ2/src/utils.jl:170
┌ Warning: Ingored unsupported keyword arguments: gamma = 0.4245437118280607 - 0.9054074423966553im
└ @ HomotopyContinuation ~/.julia/packages/HomotopyContinuation/98yZ2/src/utils.jl:170
┌ Warning: Ingored unsupported keyword arguments: gamma = 0.18194700735167882 + 0.9833083374586875im
└ @ HomotopyContinuation ~/.julia/packages/HomotopyContinuation/98yZ2/src/utils.jl:170
┌ Warning: Ingored unsupported keyword arguments: gamma = -0.9839742558279664 + 0.17831058260181817im
└ @ HomotopyContinuation ~/.julia/packages/HomotopyContinuation/98yZ2/src/utils.jl:170
┌ Warning: Ingored unsupported keyword arguments: gamma = 0.9406040842898119 + 0.33950545889178935im
└ @ HomotopyContinuation ~/.julia/packages/HomotopyContinuation/98yZ2/src/utils.jl:170
┌ Warning: Ingored unsupported keyword arguments: gamma = 0.07825968470415483 + 0.9969330076539779im
└ @ HomotopyContinuation ~/.julia/packages/HomotopyContinuation/98yZ2/src/utils.jl:170
┌ Warning: Ingored unsupported keyword arguments: gamma = -0.17140131060780944 - 0.9852012945190061im
└ @ HomotopyContinuation ~/.julia/packages/HomotopyContinuation/98yZ2/src/utils.jl:170
┌ Warning: Ingored unsupported keyword arguments: gamma = -0.9488504924076998 + 0.31572574025198785im
└ @ HomotopyContinuation ~/.julia/packages/HomotopyContinuation/98yZ2/src/utils.jl:170
┌ Warning: Ingored unsupported keyword arguments: gamma = -0.04899995182522291 - 0.9987987808968961im
└ @ HomotopyContinuation ~/.julia/packages/HomotopyContinuation/98yZ2/src/utils.jl:170
┌ Warning: Ingored unsupported keyword arguments: gamma = -0.9537776881605255 + 0.30051309716410585im
└ @ HomotopyContinuation ~/.julia/packages/HomotopyContinuation/98yZ2/src/utils.jl:170
┌ Warning: Ingored unsupported keyword arguments: gamma = 0.7880365287119009 + 0.6156284832719303im
└ @ HomotopyContinuation ~/.julia/packages/HomotopyContinuation/98yZ2/src/utils.jl:170
┌ Warning: Ingored unsupported keyword arguments: gamma = -0.06667682727083461 + 0.9977746242038306im
└ @ HomotopyContinuation ~/.julia/packages/HomotopyContinuation/98yZ2/src/utils.jl:170
┌ Warning: Ingored unsupported keyword arguments: gamma = -0.8823592990162119 + 0.47057631415065837im
└ @ HomotopyContinuation ~/.julia/packages/HomotopyContinuation/98yZ2/src/utils.jl:170
┌ Warning: Ingored unsupported keyword arguments: gamma = -0.9398057801238321 + 0.34170908042637im
└ @ HomotopyContinuation ~/.julia/packages/HomotopyContinuation/98yZ2/src/utils.jl:170
┌ Warning: Ingored unsupported keyword arguments: gamma = 0.9974747891209975 - 0.0710214409035851im
└ @ HomotopyContinuation ~/.julia/packages/HomotopyContinuation/98yZ2/src/utils.jl:170
┌ Warning: Ingored unsupported keyword arguments: gamma = 0.9330119027894564 - 0.3598455074795264im
└ @ HomotopyContinuation ~/.julia/packages/HomotopyContinuation/98yZ2/src/utils.jl:170
┌ Warning: Ingored unsupported keyword arguments: gamma = 0.09378813429435819 + 0.9955921784875489im
└ @ HomotopyContinuation ~/.julia/packages/HomotopyContinuation/98yZ2/src/utils.jl:170
┌ Warning: Ingored unsupported keyword arguments: gamma = 0.35633262356600104 + 0.9343591715087783im
└ @ HomotopyContinuation ~/.julia/packages/HomotopyContinuation/98yZ2/src/utils.jl:170
┌ Warning: Ingored unsupported keyword arguments: gamma = -0.02388154490598454 - 0.9997147952355729im
└ @ HomotopyContinuation ~/.julia/packages/HomotopyContinuation/98yZ2/src/utils.jl:170
┌ Warning: Ingored unsupported keyword arguments: gamma = -0.2001212271632305 - 0.9797711439099861im
└ @ HomotopyContinuation ~/.julia/packages/HomotopyContinuation/98yZ2/src/utils.jl:170
┌ Warning: Ingored unsupported keyword arguments: gamma = -0.9659914176334125 - 0.25857413068323376im
└ @ HomotopyContinuation ~/.julia/packages/HomotopyContinuation/98yZ2/src/utils.jl:170
┌ Warning: Ingored unsupported keyword arguments: gamma = 0.06240437279398142 + 0.9980509477257109im
└ @ HomotopyContinuation ~/.julia/packages/HomotopyContinuation/98yZ2/src/utils.jl:170
┌ Warning: Ingored unsupported keyword arguments: gamma = 0.8212042187967786 + 0.5706344110114395im
└ @ HomotopyContinuation ~/.julia/packages/HomotopyContinuation/98yZ2/src/utils.jl:170
┌ Warning: Ingored unsupported keyword arguments: gamma = -0.884499797957976 + 0.46654057424011863im
└ @ HomotopyContinuation ~/.julia/packages/HomotopyContinuation/98yZ2/src/utils.jl:170
┌ Warning: Ingored unsupported keyword arguments: gamma = 0.3991600933909956 + 0.9168812463149695im
└ @ HomotopyContinuation ~/.julia/packages/HomotopyContinuation/98yZ2/src/utils.jl:170
┌ Warning: Ingored unsupported keyword arguments: gamma = 0.9712919341895209 + 0.23789068619510828im
└ @ HomotopyContinuation ~/.julia/packages/HomotopyContinuation/98yZ2/src/utils.jl:170
┌ Warning: Ingored unsupported keyword arguments: gamma = -0.8068369063655664 + 0.5907742432828654im
└ @ HomotopyContinuation ~/.julia/packages/HomotopyContinuation/98yZ2/src/utils.jl:170
┌ Warning: Ingored unsupported keyword arguments: gamma = 0.995214464023396 + 0.0977147409484599im
└ @ HomotopyContinuation ~/.julia/packages/HomotopyContinuation/98yZ2/src/utils.jl:170
┌ Warning: Ingored unsupported keyword arguments: gamma = -0.7856396942161906 + 0.618684306308064im
└ @ HomotopyContinuation ~/.julia/packages/HomotopyContinuation/98yZ2/src/utils.jl:170
┌ Warning: Ingored unsupported keyword arguments: gamma = -0.9291347366685798 - 0.3697413164846591im
└ @ HomotopyContinuation ~/.julia/packages/HomotopyContinuation/98yZ2/src/utils.jl:170
┌ Warning: Ingored unsupported keyword arguments: gamma = 0.64390489917201 - 0.7651055357414973im
└ @ HomotopyContinuation ~/.julia/packages/HomotopyContinuation/98yZ2/src/utils.jl:170
┌ Warning: Ingored unsupported keyword arguments: gamma = -0.9382574013898496 + 0.34593792613295044im
└ @ HomotopyContinuation ~/.julia/packages/HomotopyContinuation/98yZ2/src/utils.jl:170
┌ Warning: Ingored unsupported keyword arguments: gamma = -0.5618158215423269 + 0.8272623421048008im
└ @ HomotopyContinuation ~/.julia/packages/HomotopyContinuation/98yZ2/src/utils.jl:170
┌ Warning: Ingored unsupported keyword arguments: gamma = -0.8417796021177361 - 0.5398213606912069im
└ @ HomotopyContinuation ~/.julia/packages/HomotopyContinuation/98yZ2/src/utils.jl:170
┌ Warning: Ingored unsupported keyword arguments: gamma = 0.9475908393673075 - 0.31948646473232906im
└ @ HomotopyContinuation ~/.julia/packages/HomotopyContinuation/98yZ2/src/utils.jl:170
┌ Warning: Ingored unsupported keyword arguments: gamma = 0.5470826211362912 + 0.8370786137816717im
└ @ HomotopyContinuation ~/.julia/packages/HomotopyContinuation/98yZ2/src/utils.jl:170
┌ Warning: Ingored unsupported keyword arguments: gamma = -0.5665336157338942 - 0.8240386290966464im
└ @ HomotopyContinuation ~/.julia/packages/HomotopyContinuation/98yZ2/src/utils.jl:170
┌ Warning: Ingored unsupported keyword arguments: gamma = -0.7771229171218652 + 0.6293488473684549im
└ @ HomotopyContinuation ~/.julia/packages/HomotopyContinuation/98yZ2/src/utils.jl:170
ATTEMPT 7 W0 TRACKED 21 nsol=64 0.03s 2026-07-22T17:41:30.563
ATTEMPT 7 W0 TRACK 22 2026-07-22T17:41:30.563
ATTEMPT 7 W0 TRACKED 22 nsol=64 0.03s 2026-07-22T17:41:30.595
ATTEMPT 7 W0 TRACK 23 2026-07-22T17:41:30.595
ATTEMPT 7 W0 TRACKED 23 nsol=64 0.03s 2026-07-22T17:41:30.622
ATTEMPT 7 W0 TRACK 24 2026-07-22T17:41:30.622
ATTEMPT 7 W0 TRACKED 24 nsol=64 0.03s 2026-07-22T17:41:30.650
ATTEMPT 7 W0 TRACK 25 2026-07-22T17:41:30.651
ATTEMPT 7 W0 TRACKED 25 nsol=64 0.03s 2026-07-22T17:41:30.679
ATTEMPT 7 W0 DONE ptrack seed=213894 nsol=64 0.90s 2026-07-22T17:41:30.679
ATTEMPT 8 W0 START ptrack6x2 seed=213895 2026-07-22T17:41:30.679
ATTEMPT 8 W0 SOLVE ptrack fresh 2026-07-22T17:41:30.750
ATTEMPT 8 W0 FRESH-DONE nsol=64 0.06s 2026-07-22T17:41:30.815
ATTEMPT 8 W0 TRACK 1 2026-07-22T17:41:30.815
ATTEMPT 8 W0 TRACKED 1 nsol=64 0.03s 2026-07-22T17:41:30.841
ATTEMPT 8 W0 TRACK 2 2026-07-22T17:41:30.841
ATTEMPT 8 W0 TRACKED 2 nsol=64 0.02s 2026-07-22T17:41:30.863
ATTEMPT 8 W0 TRACK 3 2026-07-22T17:41:30.863
ATTEMPT 8 W0 TRACKED 3 nsol=64 0.03s 2026-07-22T17:41:30.890
ATTEMPT 8 W0 TRACK 4 2026-07-22T17:41:30.890
ATTEMPT 8 W0 TRACKED 4 nsol=64 0.02s 2026-07-22T17:41:30.911
ATTEMPT 8 W0 TRACK 5 2026-07-22T17:41:30.912
ATTEMPT 8 W0 TRACKED 5 nsol=64 0.02s 2026-07-22T17:41:30.934
ATTEMPT 8 W0 TRACK 6 2026-07-22T17:41:30.934
ATTEMPT 8 W0 TRACKED 6 nsol=64 0.02s 2026-07-22T17:41:30.954
ATTEMPT 8 W0 TRACK 7 2026-07-22T17:41:30.954
ATTEMPT 8 W0 TRACKED 7 nsol=64 0.02s 2026-07-22T17:41:30.979
ATTEMPT 8 W0 TRACK 8 2026-07-22T17:41:30.979
ATTEMPT 8 W0 TRACKED 8 nsol=64 0.04s 2026-07-22T17:41:31.014
ATTEMPT 8 W0 TRACK 9 2026-07-22T17:41:31.014
ATTEMPT 8 W0 TRACKED 9 nsol=64 0.03s 2026-07-22T17:41:31.040
ATTEMPT 8 W0 TRACK 10 2026-07-22T17:41:31.040
ATTEMPT 8 W0 TRACKED 10 nsol=64 0.02s 2026-07-22T17:41:31.062
ATTEMPT 8 W0 TRACK 11 2026-07-22T17:41:31.062
ATTEMPT 8 W0 TRACKED 11 nsol=64 0.02s 2026-07-22T17:41:31.081
ATTEMPT 8 W0 TRACK 12 2026-07-22T17:41:31.081
ATTEMPT 8 W0 TRACKED 12 nsol=64 0.02s 2026-07-22T17:41:31.102
ATTEMPT 8 W0 TRACK 13 2026-07-22T17:41:31.102
ATTEMPT 8 W0 TRACKED 13 nsol=64 0.03s 2026-07-22T17:41:31.133
ATTEMPT 8 W0 TRACK 14 2026-07-22T17:41:31.133
ATTEMPT 8 W0 TRACKED 14 nsol=64 0.03s 2026-07-22T17:41:31.159
ATTEMPT 8 W0 TRACK 15 2026-07-22T17:41:31.159
ATTEMPT 8 W0 TRACKED 15 nsol=64 0.03s 2026-07-22T17:41:31.194
ATTEMPT 8 W0 TRACK 16 2026-07-22T17:41:31.194
ATTEMPT 8 W0 TRACKED 16 nsol=64 0.03s 2026-07-22T17:41:31.220
ATTEMPT 8 W0 TRACK 17 2026-07-22T17:41:31.220
ATTEMPT 8 W0 TRACKED 17 nsol=64 0.03s 2026-07-22T17:41:31.247
ATTEMPT 8 W0 TRACK 18 2026-07-22T17:41:31.247
ATTEMPT 8 W0 TRACKED 18 nsol=64 0.03s 2026-07-22T17:41:31.278
ATTEMPT 8 W0 TRACK 19 2026-07-22T17:41:31.278
ATTEMPT 8 W0 TRACKED 19 nsol=64 0.03s 2026-07-22T17:41:31.304
ATTEMPT 8 W0 TRACK 20 2026-07-22T17:41:31.304
ATTEMPT 8 W0 TRACKED 20 nsol=64 0.03s 2026-07-22T17:41:31.338
ATTEMPT 8 W0 TRACK 21 2026-07-22T17:41:31.338
ATTEMPT 8 W0 TRACKED 21 nsol=64 0.03s 2026-07-22T17:41:31.372
ATTEMPT 8 W0 TRACK 22 2026-07-22T17:41:31.372
ATTEMPT 8 W0 TRACKED 22 nsol=64 0.03s 2026-07-22T17:41:31.407
ATTEMPT 8 W0 TRACK 23 2026-07-22T17:41:31.411
ATTEMPT 8 W0 TRACKED 23 nsol=64 0.04s 2026-07-22T17:41:31.455
ATTEMPT 8 W0 TRACK 24 2026-07-22T17:41:31.455
ATTEMPT 8 W0 TRACKED 24 nsol=64 0.05s 2026-07-22T17:41:31.509
ATTEMPT 8 W0 TRACK 25 2026-07-22T17:41:31.509
ATTEMPT 8 W0 TRACKED 25 nsol=64 0.06s 2026-07-22T17:41:31.569
ATTEMPT 8 W0 DONE ptrack seed=213895 nsol=64 0.82s 2026-07-22T17:41:31.570
ATTEMPT 9 W0 START ptrack6x2 seed=213896 2026-07-22T17:41:31.570
ATTEMPT 9 W0 SOLVE ptrack fresh 2026-07-22T17:41:31.720
ATTEMPT 9 W0 FRESH-DONE nsol=64 0.15s 2026-07-22T17:41:31.875
ATTEMPT 9 W0 TRACK 1 2026-07-22T17:41:31.875
ATTEMPT 9 W0 TRACKED 1 nsol=64 0.03s 2026-07-22T17:41:31.906
ATTEMPT 9 W0 TRACK 2 2026-07-22T17:41:31.906
ATTEMPT 9 W0 TRACKED 2 nsol=64 0.02s 2026-07-22T17:41:31.930
ATTEMPT 9 W0 TRACK 3 2026-07-22T17:41:31.930
ATTEMPT 9 W0 TRACKED 3 nsol=64 0.03s 2026-07-22T17:41:31.958
ATTEMPT 9 W0 TRACK 4 2026-07-22T17:41:31.958
ATTEMPT 9 W0 TRACKED 4 nsol=64 0.04s 2026-07-22T17:41:31.998
ATTEMPT 9 W0 TRACK 5 2026-07-22T17:41:31.998
ATTEMPT 9 W0 TRACKED 5 nsol=64 0.04s 2026-07-22T17:41:32.034
ATTEMPT 9 W0 TRACK 6 2026-07-22T17:41:32.034
ATTEMPT 9 W0 TRACKED 6 nsol=64 0.05s 2026-07-22T17:41:32.080
ATTEMPT 9 W0 TRACK 7 2026-07-22T17:41:32.080
ATTEMPT 9 W0 TRACKED 7 nsol=64 0.05s 2026-07-22T17:41:32.134
ATTEMPT 9 W0 TRACK 8 2026-07-22T17:41:32.134
ATTEMPT 9 W0 TRACKED 8 nsol=64 0.03s 2026-07-22T17:41:32.168
ATTEMPT 9 W0 TRACK 9 2026-07-22T17:41:32.168
ATTEMPT 9 W0 TRACKED 9 nsol=64 0.05s 2026-07-22T17:41:32.218
ATTEMPT 9 W0 TRACK 10 2026-07-22T17:41:32.223
ATTEMPT 9 W0 TRACKED 10 nsol=64 0.04s 2026-07-22T17:41:32.263
ATTEMPT 9 W0 TRACK 11 2026-07-22T17:41:32.264
ATTEMPT 9 W0 TRACKED 11 nsol=64 0.05s 2026-07-22T17:41:32.312
ATTEMPT 9 W0 TRACK 12 2026-07-22T17:41:32.312
ATTEMPT 9 W0 TRACKED 12 nsol=64 0.06s 2026-07-22T17:41:32.374
ATTEMPT 9 W0 TRACK 13 2026-07-22T17:41:32.383
ATTEMPT 9 W0 TRACKED 13 nsol=64 0.05s 2026-07-22T17:41:32.432
ATTEMPT 9 W0 TRACK 14 2026-07-22T17:41:32.432
ATTEMPT 9 W0 TRACKED 14 nsol=64 0.06s 2026-07-22T17:41:32.496
ATTEMPT 9 W0 TRACK 15 2026-07-22T17:41:32.496
ATTEMPT 9 W0 TRACKED 15 nsol=64 0.06s 2026-07-22T17:41:32.555
ATTEMPT 9 W0 TRACK 16 2026-07-22T17:41:32.555
ATTEMPT 9 W0 TRACKED 16 nsol=64 0.08s 2026-07-22T17:41:32.635
ATTEMPT 9 W0 TRACK 17 2026-07-22T17:41:32.635
ATTEMPT 9 W0 TRACKED 17 nsol=64 0.05s 2026-07-22T17:41:32.689
ATTEMPT 9 W0 TRACK 18 2026-07-22T17:41:32.695
ATTEMPT 9 W0 TRACKED 18 nsol=64 0.05s 2026-07-22T17:41:32.744
ATTEMPT 9 W0 TRACK 19 2026-07-22T17:41:32.744
ATTEMPT 9 W0 TRACKED 19 nsol=64 0.02s 2026-07-22T17:41:32.767
ATTEMPT 9 W0 TRACK 20 2026-07-22T17:41:32.767
ATTEMPT 9 W0 TRACKED 20 nsol=64 0.02s 2026-07-22T17:41:32.790
ATTEMPT 9 W0 TRACK 21 2026-07-22T17:41:32.790
ATTEMPT 9 W0 TRACKED 21 nsol=64 0.02s 2026-07-22T17:41:32.813
ATTEMPT 9 W0 TRACK 22 2026-07-22T17:41:32.813
ATTEMPT 9 W0 TRACKED 22 nsol=64 0.03s 2026-07-22T17:41:32.846
ATTEMPT 9 W0 TRACK 23 2026-07-22T17:41:32.847
ATTEMPT 9 W0 TRACKED 23 nsol=64 0.06s 2026-07-22T17:41:32.905
ATTEMPT 9 W0 TRACK 24 2026-07-22T17:41:32.907
ATTEMPT 9 W0 TRACKED 24 nsol=64 0.06s 2026-07-22T17:41:32.965
ATTEMPT 9 W0 TRACK 25 2026-07-22T17:41:32.965
ATTEMPT 9 W0 TRACKED 25 nsol=64 0.05s 2026-07-22T17:41:33.011
ATTEMPT 9 W0 DONE ptrack seed=213896 nsol=64 1.29s 2026-07-22T17:41:33.015
ATTEMPT 10 W0 START ptrack6x2 seed=213897 2026-07-22T17:41:33.015
ATTEMPT 10 W0 SOLVE ptrack fresh 2026-07-22T17:41:33.262
ATTEMPT 10 W0 FRESH-DONE nsol=64 0.19s 2026-07-22T17:41:33.451
ATTEMPT 10 W0 TRACK 1 2026-07-22T17:41:33.451
ATTEMPT 10 W0 TRACKED 1 nsol=64 0.08s 2026-07-22T17:41:33.527
ATTEMPT 10 W0 TRACK 2 2026-07-22T17:41:33.531
ATTEMPT 10 W0 TRACKED 2 nsol=64 0.04s 2026-07-22T17:41:33.572
ATTEMPT 10 W0 TRACK 3 2026-07-22T17:41:33.572
ATTEMPT 10 W0 TRACKED 3 nsol=64 0.03s 2026-07-22T17:41:33.602
ATTEMPT 10 W0 TRACK 4 2026-07-22T17:41:33.607
ATTEMPT 10 W0 TRACKED 4 nsol=64 0.03s 2026-07-22T17:41:33.638
ATTEMPT 10 W0 TRACK 5 2026-07-22T17:41:33.638
ATTEMPT 10 W0 TRACKED 5 nsol=64 0.05s 2026-07-22T17:41:33.690
ATTEMPT 10 W0 TRACK 6 2026-07-22T17:41:33.695
ATTEMPT 10 W0 TRACKED 6 nsol=64 0.05s 2026-07-22T17:41:33.747
ATTEMPT 10 W0 TRACK 7 2026-07-22T17:41:33.751
ATTEMPT 10 W0 TRACKED 7 nsol=64 0.06s 2026-07-22T17:41:33.816
ATTEMPT 10 W0 TRACK 8 2026-07-22T17:41:33.819
ATTEMPT 10 W0 TRACKED 8 nsol=64 0.08s 2026-07-22T17:41:33.900
ATTEMPT 10 W0 TRACK 9 2026-07-22T17:41:33.900
ATTEMPT 10 W0 TRACKED 9 nsol=64 0.06s 2026-07-22T17:41:33.955
ATTEMPT 10 W0 TRACK 10 2026-07-22T17:41:33.955
ATTEMPT 10 W0 TRACKED 10 nsol=64 0.07s 2026-07-22T17:41:34.023
ATTEMPT 10 W0 TRACK 11 2026-07-22T17:41:34.027
ATTEMPT 10 W0 TRACKED 11 nsol=64 0.06s 2026-07-22T17:41:34.086
ATTEMPT 10 W0 TRACK 12 2026-07-22T17:41:34.086
ATTEMPT 10 W0 TRACKED 12 nsol=64 0.05s 2026-07-22T17:41:34.141
ATTEMPT 10 W0 TRACK 13 2026-07-22T17:41:34.141
ATTEMPT 10 W0 TRACKED 13 nsol=64 0.05s 2026-07-22T17:41:34.192
ATTEMPT 10 W0 TRACK 14 2026-07-22T17:41:34.192
ATTEMPT 10 W0 TRACKED 14 nsol=64 0.03s 2026-07-22T17:41:34.222
ATTEMPT 10 W0 TRACK 15 2026-07-22T17:41:34.227
ATTEMPT 10 W0 TRACKED 15 nsol=64 0.05s 2026-07-22T17:41:34.281
ATTEMPT 10 W0 TRACK 16 2026-07-22T17:41:34.287
ATTEMPT 10 W0 TRACKED 16 nsol=64 0.05s 2026-07-22T17:41:34.339
ATTEMPT 10 W0 TRACK 17 2026-07-22T17:41:34.343
ATTEMPT 10 W0 TRACKED 17 nsol=64 0.04s 2026-07-22T17:41:34.387
ATTEMPT 10 W0 TRACK 18 2026-07-22T17:41:34.387
ATTEMPT 10 W0 TRACKED 18 nsol=64 0.03s 2026-07-22T17:41:34.412
ATTEMPT 10 W0 TRACK 19 2026-07-22T17:41:34.412
ATTEMPT 10 W0 TRACKED 19 nsol=64 0.02s 2026-07-22T17:41:34.436
ATTEMPT 10 W0 TRACK 20 2026-07-22T17:41:34.436
ATTEMPT 10 W0 TRACKED 20 nsol=64 0.02s 2026-07-22T17:41:34.459
ATTEMPT 10 W0 TRACK 21 2026-07-22T17:41:34.459
ATTEMPT 10 W0 TRACKED 21 nsol=64 0.03s 2026-07-22T17:41:34.485
ATTEMPT 10 W0 TRACK 22 2026-07-22T17:41:34.486
ATTEMPT 10 W0 TRACKED 22 nsol=64 0.03s 2026-07-22T17:41:34.513
ATTEMPT 10 W0 TRACK 23 2026-07-22T17:41:34.514
ATTEMPT 10 W0 TRACKED 23 nsol=64 0.02s 2026-07-22T17:41:34.538
ATTEMPT 10 W0 TRACK 24 2026-07-22T17:41:34.538
ATTEMPT 10 W0 TRACKED 24 nsol=64 0.03s 2026-07-22T17:41:34.569
ATTEMPT 10 W0 TRACK 25 2026-07-22T17:41:34.569
ATTEMPT 10 W0 TRACKED 25 nsol=64 0.03s 2026-07-22T17:41:34.597
ATTEMPT 10 W0 DONE ptrack seed=213897 nsol=64 1.34s 2026-07-22T17:41:34.598
ATTEMPT 11 W0 START ptrack6x2 seed=213898 2026-07-22T17:41:34.598
ATTEMPT 11 W0 SOLVE ptrack fresh 2026-07-22T17:41:34.685
ATTEMPT 11 W0 FRESH-DONE nsol=64 0.06s 2026-07-22T17:41:34.746
ATTEMPT 11 W0 TRACK 1 2026-07-22T17:41:34.746
ATTEMPT 11 W0 TRACKED 1 nsol=64 0.03s 2026-07-22T17:41:34.775
ATTEMPT 11 W0 TRACK 2 2026-07-22T17:41:34.775
ATTEMPT 11 W0 TRACKED 2 nsol=64 0.02s 2026-07-22T17:41:34.800
ATTEMPT 11 W0 TRACK 3 2026-07-22T17:41:34.800
ATTEMPT 11 W0 TRACKED 3 nsol=64 0.03s 2026-07-22T17:41:34.832
ATTEMPT 11 W0 TRACK 4 2026-07-22T17:41:34.833
ATTEMPT 11 W0 TRACKED 4 nsol=64 0.04s 2026-07-22T17:41:34.874
ATTEMPT 11 W0 TRACK 5 2026-07-22T17:41:34.874
ATTEMPT 11 W0 TRACKED 5 nsol=64 0.03s 2026-07-22T17:41:34.905
ATTEMPT 11 W0 TRACK 6 2026-07-22T17:41:34.905
ATTEMPT 11 W0 TRACKED 6 nsol=64 0.03s 2026-07-22T17:41:34.935
ATTEMPT 11 W0 TRACK 7 2026-07-22T17:41:34.935
ATTEMPT 11 W0 TRACKED 7 nsol=64 0.02s 2026-07-22T17:41:34.959
ATTEMPT 11 W0 TRACK 8 2026-07-22T17:41:34.959
ATTEMPT 11 W0 TRACKED 8 nsol=64 0.02s 2026-07-22T17:41:34.981
ATTEMPT 11 W0 TRACK 9 2026-07-22T17:41:34.982
ATTEMPT 11 W0 TRACKED 9 nsol=64 0.03s 2026-07-22T17:41:35.007
ATTEMPT 11 W0 TRACK 10 2026-07-22T17:41:35.008
ATTEMPT 11 W0 TRACKED 10 nsol=64 0.02s 2026-07-22T17:41:35.031
ATTEMPT 11 W0 TRACK 11 2026-07-22T17:41:35.031
ATTEMPT 11 W0 TRACKED 11 nsol=64 0.03s 2026-07-22T17:41:35.063
ATTEMPT 11 W0 TRACK 12 2026-07-22T17:41:35.063
ATTEMPT 11 W0 TRACKED 12 nsol=64 0.03s 2026-07-22T17:41:35.094
ATTEMPT 11 W0 TRACK 13 2026-07-22T17:41:35.094
ATTEMPT 11 W0 TRACKED 13 nsol=64 0.03s 2026-07-22T17:41:35.125
ATTEMPT 11 W0 TRACK 14 2026-07-22T17:41:35.125
ATTEMPT 11 W0 TRACKED 14 nsol=64 0.03s 2026-07-22T17:41:35.154
ATTEMPT 11 W0 TRACK 15 2026-07-22T17:41:35.155
ATTEMPT 11 W0 TRACKED 15 nsol=64 0.03s 2026-07-22T17:41:35.183
ATTEMPT 11 W0 TRACK 16 2026-07-22T17:41:35.183
ATTEMPT 11 W0 TRACKED 16 nsol=64 0.02s 2026-07-22T17:41:35.206
ATTEMPT 11 W0 TRACK 17 2026-07-22T17:41:35.206
ATTEMPT 11 W0 TRACKED 17 nsol=64 0.02s 2026-07-22T17:41:35.229
ATTEMPT 11 W0 TRACK 18 2026-07-22T17:41:35.229
ATTEMPT 11 W0 TRACKED 18 nsol=64 0.03s 2026-07-22T17:41:35.255
ATTEMPT 11 W0 TRACK 19 2026-07-22T17:41:35.255
ATTEMPT 11 W0 TRACKED 19 nsol=64 0.07s 2026-07-22T17:41:35.326
ATTEMPT 11 W0 TRACK 20 2026-07-22T17:41:35.331
ATTEMPT 11 W0 TRACKED 20 nsol=64 0.05s 2026-07-22T17:41:35.380
ATTEMPT 11 W0 TRACK 21 2026-07-22T17:41:35.380
ATTEMPT 11 W0 TRACKED 21 nsol=64 0.02s 2026-07-22T17:41:35.405
ATTEMPT 11 W0 TRACK 22 2026-07-22T17:41:35.405
ATTEMPT 11 W0 TRACKED 22 nsol=64 0.02s 2026-07-22T17:41:35.429
ATTEMPT 11 W0 TRACK 23 2026-07-22T17:41:35.429
ATTEMPT 11 W0 TRACKED 23 nsol=64 0.03s 2026-07-22T17:41:35.454
ATTEMPT 11 W0 TRACK 24 2026-07-22T17:41:35.454
ATTEMPT 11 W0 TRACKED 24 nsol=64 0.02s 2026-07-22T17:41:35.478
ATTEMPT 11 W0 TRACK 25 2026-07-22T17:41:35.478
ATTEMPT 11 W0 TRACKED 25 nsol=64 0.03s 2026-07-22T17:41:35.505
ATTEMPT 11 W0 DONE ptrack seed=213898 nsol=64 0.82s 2026-07-22T17:41:35.505
ATTEMPT 12 W0 START ptrack6x2 seed=213899 2026-07-22T17:41:35.505
ATTEMPT 12 W0 SOLVE ptrack fresh 2026-07-22T17:41:35.583
ATTEMPT 12 W0 FRESH-DONE nsol=64 0.09s 2026-07-22T17:41:35.677
ATTEMPT 12 W0 TRACK 1 2026-07-22T17:41:35.677
ATTEMPT 12 W0 TRACKED 1 nsol=64 0.02s 2026-07-22T17:41:35.700
ATTEMPT 12 W0 TRACK 2 2026-07-22T17:41:35.700
ATTEMPT 12 W0 TRACKED 2 nsol=64 0.03s 2026-07-22T17:41:35.732
ATTEMPT 12 W0 TRACK 3 2026-07-22T17:41:35.732
ATTEMPT 12 W0 TRACKED 3 nsol=64 0.03s 2026-07-22T17:41:35.760
ATTEMPT 12 W0 TRACK 4 2026-07-22T17:41:35.760
ATTEMPT 12 W0 TRACKED 4 nsol=64 0.03s 2026-07-22T17:41:35.794
ATTEMPT 12 W0 TRACK 5 2026-07-22T17:41:35.794
ATTEMPT 12 W0 TRACKED 5 nsol=64 0.03s 2026-07-22T17:41:35.821
ATTEMPT 12 W0 TRACK 6 2026-07-22T17:41:35.821
ATTEMPT 12 W0 TRACKED 6 nsol=64 0.02s 2026-07-22T17:41:35.846
ATTEMPT 12 W0 TRACK 7 2026-07-22T17:41:35.846
ATTEMPT 12 W0 TRACKED 7 nsol=64 0.02s 2026-07-22T17:41:35.868
ATTEMPT 12 W0 TRACK 8 2026-07-22T17:41:35.868
ATTEMPT 12 W0 TRACKED 8 nsol=64 0.02s 2026-07-22T17:41:35.892
ATTEMPT 12 W0 TRACK 9 2026-07-22T17:41:35.892
ATTEMPT 12 W0 TRACKED 9 nsol=64 0.03s 2026-07-22T17:41:35.921
ATTEMPT 12 W0 TRACK 10 2026-07-22T17:41:35.922
ATTEMPT 12 W0 TRACKED 10 nsol=64 0.03s 2026-07-22T17:41:35.952
ATTEMPT 12 W0 TRACK 11 2026-07-22T17:41:35.953
ATTEMPT 12 W0 TRACKED 11 nsol=64 0.02s 2026-07-22T17:41:35.976
ATTEMPT 12 W0 TRACK 12 2026-07-22T17:41:35.976
ATTEMPT 12 W0 TRACKED 12 nsol=64 0.02s 2026-07-22T17:41:36.001
ATTEMPT 12 W0 TRACK 13 2026-07-22T17:41:36.001
ATTEMPT 12 W0 TRACKED 13 nsol=64 0.03s 2026-07-22T17:41:36.029
ATTEMPT 12 W0 TRACK 14 2026-07-22T17:41:36.029
ATTEMPT 12 W0 TRACKED 14 nsol=64 0.02s 2026-07-22T17:41:36.051
ATTEMPT 12 W0 TRACK 15 2026-07-22T17:41:36.051
ATTEMPT 12 W0 TRACKED 15 nsol=64 0.02s 2026-07-22T17:41:36.075
ATTEMPT 12 W0 TRACK 16 2026-07-22T17:41:36.075
ATTEMPT 12 W0 TRACKED 16 nsol=64 0.02s 2026-07-22T17:41:36.098
ATTEMPT 12 W0 TRACK 17 2026-07-22T17:41:36.099
ATTEMPT 12 W0 TRACKED 17 nsol=64 0.02s 2026-07-22T17:41:36.121
ATTEMPT 12 W0 TRACK 18 2026-07-22T17:41:36.121
ATTEMPT 12 W0 TRACKED 18 nsol=64 0.02s 2026-07-22T17:41:36.142
ATTEMPT 12 W0 TRACK 19 2026-07-22T17:41:36.142
ATTEMPT 12 W0 TRACKED 19 nsol=64 0.03s 2026-07-22T17:41:36.174
ATTEMPT 12 W0 TRACK 20 2026-07-22T17:41:36.174
ATTEMPT 12 W0 TRACKED 20 nsol=64 0.02s 2026-07-22T17:41:36.199
ATTEMPT 12 W0 TRACK 21 2026-07-22T17:41:36.199
ATTEMPT 12 W0 TRACKED 21 nsol=64 0.02s 2026-07-22T17:41:36.223
ATTEMPT 12 W0 TRACK 22 2026-07-22T17:41:36.223
ATTEMPT 12 W0 TRACKED 22 nsol=64 0.02s 2026-07-22T17:41:36.245
ATTEMPT 12 W0 TRACK 23 2026-07-22T17:41:36.245
ATTEMPT 12 W0 TRACKED 23 nsol=64 0.05s 2026-07-22T17:41:36.295
ATTEMPT 12 W0 TRACK 24 2026-07-22T17:41:36.295
ATTEMPT 12 W0 TRACKED 24 nsol=64 0.03s 2026-07-22T17:41:36.329
ATTEMPT 12 W0 TRACK 25 2026-07-22T17:41:36.329
ATTEMPT 12 W0 TRACKED 25 nsol=64 0.04s 2026-07-22T17:41:36.366
ATTEMPT 12 W0 DONE ptrack seed=213899 nsol=64 0.78s 2026-07-22T17:41:36.366
HUNT2 complete 2026-07-22T17:41:36.370
┌ Warning: Ingored unsupported keyword arguments: gamma = -0.17231208564124184 + 0.9850424077886014im
└ @ HomotopyContinuation ~/.julia/packages/HomotopyContinuation/98yZ2/src/utils.jl:170
┌ Warning: Ingored unsupported keyword arguments: gamma = 0.5926001159152052 + 0.8054968048461056im
└ @ HomotopyContinuation ~/.julia/packages/HomotopyContinuation/98yZ2/src/utils.jl:170
┌ Warning: Ingored unsupported keyword arguments: gamma = 0.7258076537789635 - 0.6878977029441777im
└ @ HomotopyContinuation ~/.julia/packages/HomotopyContinuation/98yZ2/src/utils.jl:170
┌ Warning: Ingored unsupported keyword arguments: gamma = 0.9256169951387853 + 0.3784615942341389im
└ @ HomotopyContinuation ~/.julia/packages/HomotopyContinuation/98yZ2/src/utils.jl:170
┌ Warning: Ingored unsupported keyword arguments: gamma = 0.9393311685839318 + 0.34301159707325507im
└ @ HomotopyContinuation ~/.julia/packages/HomotopyContinuation/98yZ2/src/utils.jl:170
┌ Warning: Ingored unsupported keyword arguments: gamma = -0.47028617650633625 - 0.8825139727998935im
└ @ HomotopyContinuation ~/.julia/packages/HomotopyContinuation/98yZ2/src/utils.jl:170
┌ Warning: Ingored unsupported keyword arguments: gamma = 0.9950359685901284 - 0.09951593446230027im
└ @ HomotopyContinuation ~/.julia/packages/HomotopyContinuation/98yZ2/src/utils.jl:170
┌ Warning: Ingored unsupported keyword arguments: gamma = -0.50304099320932 + 0.8642625522090962im
└ @ HomotopyContinuation ~/.julia/packages/HomotopyContinuation/98yZ2/src/utils.jl:170
┌ Warning: Ingored unsupported keyword arguments: gamma = 0.9582975415592584 + 0.2857723251847202im
└ @ HomotopyContinuation ~/.julia/packages/HomotopyContinuation/98yZ2/src/utils.jl:170
┌ Warning: Ingored unsupported keyword arguments: gamma = 0.8338569593583913 - 0.5519805896311737im
└ @ HomotopyContinuation ~/.julia/packages/HomotopyContinuation/98yZ2/src/utils.jl:170
┌ Warning: Ingored unsupported keyword arguments: gamma = 0.9863524502772419 - 0.16464763536741403im
└ @ HomotopyContinuation ~/.julia/packages/HomotopyContinuation/98yZ2/src/utils.jl:170
┌ Warning: Ingored unsupported keyword arguments: gamma = 0.7412571742516884 + 0.671221127215467im
└ @ HomotopyContinuation ~/.julia/packages/HomotopyContinuation/98yZ2/src/utils.jl:170
┌ Warning: Ingored unsupported keyword arguments: gamma = 0.9287011366195189 - 0.3708290695746675im
└ @ HomotopyContinuation ~/.julia/packages/HomotopyContinuation/98yZ2/src/utils.jl:170
┌ Warning: Ingored unsupported keyword arguments: gamma = -0.9689482464872862 + 0.2472636156599132im
└ @ HomotopyContinuation ~/.julia/packages/HomotopyContinuation/98yZ2/src/utils.jl:170
┌ Warning: Ingored unsupported keyword arguments: gamma = -0.9807259339557121 - 0.19538843995153934im
└ @ HomotopyContinuation ~/.julia/packages/HomotopyContinuation/98yZ2/src/utils.jl:170
┌ Warning: Ingored unsupported keyword arguments: gamma = 0.9380434760828222 - 0.34651758538125543im
└ @ HomotopyContinuation ~/.julia/packages/HomotopyContinuation/98yZ2/src/utils.jl:170
┌ Warning: Ingored unsupported keyword arguments: gamma = 0.8853695065742223 + 0.464887983097561im
└ @ HomotopyContinuation ~/.julia/packages/HomotopyContinuation/98yZ2/src/utils.jl:170
┌ Warning: Ingored unsupported keyword arguments: gamma = -0.012881724375014504 + 0.9999170271463158im
└ @ HomotopyContinuation ~/.julia/packages/HomotopyContinuation/98yZ2/src/utils.jl:170
┌ Warning: Ingored unsupported keyword arguments: gamma = 0.6420144637684569 - 0.7666925252747028im
└ @ HomotopyContinuation ~/.julia/packages/HomotopyContinuation/98yZ2/src/utils.jl:170
┌ Warning: Ingored unsupported keyword arguments: gamma = -0.023601576864677454 - 0.9997214439880244im
└ @ HomotopyContinuation ~/.julia/packages/HomotopyContinuation/98yZ2/src/utils.jl:170
┌ Warning: Ingored unsupported keyword arguments: gamma = -0.6473748144228998 + 0.762171797989742im
└ @ HomotopyContinuation ~/.julia/packages/HomotopyContinuation/98yZ2/src/utils.jl:170
┌ Warning: Ingored unsupported keyword arguments: gamma = 0.906937613734926 - 0.42126495794546953im
└ @ HomotopyContinuation ~/.julia/packages/HomotopyContinuation/98yZ2/src/utils.jl:170
┌ Warning: Ingored unsupported keyword arguments: gamma = 0.9987738324569659 - 0.04950587439107142im
└ @ HomotopyContinuation ~/.julia/packages/HomotopyContinuation/98yZ2/src/utils.jl:170
┌ Warning: Ingored unsupported keyword arguments: gamma = -0.9558509061994304 - 0.2938520803358855im
└ @ HomotopyContinuation ~/.julia/packages/HomotopyContinuation/98yZ2/src/utils.jl:170
┌ Warning: Ingored unsupported keyword arguments: gamma = -0.9162825324293122 - 0.4005325464490075im
└ @ HomotopyContinuation ~/.julia/packages/HomotopyContinuation/98yZ2/src/utils.jl:170
┌ Warning: Ingored unsupported keyword arguments: gamma = 0.5295541666002263 - 0.8482761252306585im
└ @ HomotopyContinuation ~/.julia/packages/HomotopyContinuation/98yZ2/src/utils.jl:170
┌ Warning: Ingored unsupported keyword arguments: gamma = 0.5966565022017567 - 0.8024967404172836im
└ @ HomotopyContinuation ~/.julia/packages/HomotopyContinuation/98yZ2/src/utils.jl:170
┌ Warning: Ingored unsupported keyword arguments: gamma = -0.24675887507868394 - 0.9690769100385699im
└ @ HomotopyContinuation ~/.julia/packages/HomotopyContinuation/98yZ2/src/utils.jl:170
┌ Warning: Ingored unsupported keyword arguments: gamma = 0.6057396305138649 - 0.7956629311617617im
└ @ HomotopyContinuation ~/.julia/packages/HomotopyContinuation/98yZ2/src/utils.jl:170
┌ Warning: Ingored unsupported keyword arguments: gamma = -0.995274251265286 + 0.09710388647384008im
└ @ HomotopyContinuation ~/.julia/packages/HomotopyContinuation/98yZ2/src/utils.jl:170
┌ Warning: Ingored unsupported keyword arguments: gamma = -0.576359049510503 - 0.8171965773590524im
└ @ HomotopyContinuation ~/.julia/packages/HomotopyContinuation/98yZ2/src/utils.jl:170
┌ Warning: Ingored unsupported keyword arguments: gamma = 0.6615164245591951 - 0.7499306768218105im
└ @ HomotopyContinuation ~/.julia/packages/HomotopyContinuation/98yZ2/src/utils.jl:170
┌ Warning: Ingored unsupported keyword arguments: gamma = 0.8023363867141918 - 0.5968721157454207im
└ @ HomotopyContinuation ~/.julia/packages/HomotopyContinuation/98yZ2/src/utils.jl:170
┌ Warning: Ingored unsupported keyword arguments: gamma = 0.19480930789598697 + 0.9808411357386508im
└ @ HomotopyContinuation ~/.julia/packages/HomotopyContinuation/98yZ2/src/utils.jl:170
┌ Warning: Ingored unsupported keyword arguments: gamma = 0.606080348227603 + 0.795403426879912im
└ @ HomotopyContinuation ~/.julia/packages/HomotopyContinuation/98yZ2/src/utils.jl:170
┌ Warning: Ingored unsupported keyword arguments: gamma = -0.17360930445806394 - 0.9848146066166907im
└ @ HomotopyContinuation ~/.julia/packages/HomotopyContinuation/98yZ2/src/utils.jl:170
┌ Warning: Ingored unsupported keyword arguments: gamma = -0.2665259256874674 - 0.9638277496194216im
└ @ HomotopyContinuation ~/.julia/packages/HomotopyContinuation/98yZ2/src/utils.jl:170
┌ Warning: Ingored unsupported keyword arguments: gamma = -0.7318825266385923 + 0.6814308234891566im
└ @ HomotopyContinuation ~/.julia/packages/HomotopyContinuation/98yZ2/src/utils.jl:170
┌ Warning: Ingored unsupported keyword arguments: gamma = 0.634634843689316 + 0.7728121474041654im
└ @ HomotopyContinuation ~/.julia/packages/HomotopyContinuation/98yZ2/src/utils.jl:170
┌ Warning: Ingored unsupported keyword arguments: gamma = 0.9826837694782121 - 0.1852906074362432im
└ @ HomotopyContinuation ~/.julia/packages/HomotopyContinuation/98yZ2/src/utils.jl:170
┌ Warning: Ingored unsupported keyword arguments: gamma = -0.6365802086486594 + 0.7712105017158605im
└ @ HomotopyContinuation ~/.julia/packages/HomotopyContinuation/98yZ2/src/utils.jl:170
┌ Warning: Ingored unsupported keyword arguments: gamma = 0.8499613734386898 - 0.5268450091461586im
└ @ HomotopyContinuation ~/.julia/packages/HomotopyContinuation/98yZ2/src/utils.jl:170
┌ Warning: Ingored unsupported keyword arguments: gamma = -0.9973592262711448 + 0.07262626089661645im
└ @ HomotopyContinuation ~/.julia/packages/HomotopyContinuation/98yZ2/src/utils.jl:170
┌ Warning: Ingored unsupported keyword arguments: gamma = -0.6516168440451907 + 0.7585482770111508im
└ @ HomotopyContinuation ~/.julia/packages/HomotopyContinuation/98yZ2/src/utils.jl:170
┌ Warning: Ingored unsupported keyword arguments: gamma = 0.8770569093859468 + 0.48038648783908455im
└ @ HomotopyContinuation ~/.julia/packages/HomotopyContinuation/98yZ2/src/utils.jl:170
┌ Warning: Ingored unsupported keyword arguments: gamma = -0.5323559214649448 + 0.8465206275580115im
└ @ HomotopyContinuation ~/.julia/packages/HomotopyContinuation/98yZ2/src/utils.jl:170
┌ Warning: Ingored unsupported keyword arguments: gamma = -0.953265969178383 + 0.30213240807036607im
└ @ HomotopyContinuation ~/.julia/packages/HomotopyContinuation/98yZ2/src/utils.jl:170
┌ Warning: Ingored unsupported keyword arguments: gamma = -0.920099945026552 + 0.39168366210774724im
└ @ HomotopyContinuation ~/.julia/packages/HomotopyContinuation/98yZ2/src/utils.jl:170
┌ Warning: Ingored unsupported keyword arguments: gamma = 0.6832031058169182 - 0.7302284000243464im
└ @ HomotopyContinuation ~/.julia/packages/HomotopyContinuation/98yZ2/src/utils.jl:170
┌ Warning: Ingored unsupported keyword arguments: gamma = -0.9910538230581825 - 0.13346280306422745im
└ @ HomotopyContinuation ~/.julia/packages/HomotopyContinuation/98yZ2/src/utils.jl:170
┌ Warning: Ingored unsupported keyword arguments: gamma = 0.9346571148306764 - 0.3555503870007678im
└ @ HomotopyContinuation ~/.julia/packages/HomotopyContinuation/98yZ2/src/utils.jl:170
┌ Warning: Ingored unsupported keyword arguments: gamma = -0.5504102419210894 - 0.834894343967168im
└ @ HomotopyContinuation ~/.julia/packages/HomotopyContinuation/98yZ2/src/utils.jl:170
┌ Warning: Ingored unsupported keyword arguments: gamma = -0.4633087367331868 + 0.8861969388723359im
└ @ HomotopyContinuation ~/.julia/packages/HomotopyContinuation/98yZ2/src/utils.jl:170
┌ Warning: Ingored unsupported keyword arguments: gamma = 0.6630460789617236 - 0.7485785845009753im
└ @ HomotopyContinuation ~/.julia/packages/HomotopyContinuation/98yZ2/src/utils.jl:170
┌ Warning: Ingored unsupported keyword arguments: gamma = -0.5240247855622671 - 0.8517030140350684im
└ @ HomotopyContinuation ~/.julia/packages/HomotopyContinuation/98yZ2/src/utils.jl:170
┌ Warning: Ingored unsupported keyword arguments: gamma = -0.07793503827571849 + 0.9969584393589145im
└ @ HomotopyContinuation ~/.julia/packages/HomotopyContinuation/98yZ2/src/utils.jl:170
┌ Warning: Ingored unsupported keyword arguments: gamma = -0.7426756708544607 - 0.6696512882992735im
└ @ HomotopyContinuation ~/.julia/packages/HomotopyContinuation/98yZ2/src/utils.jl:170
┌ Warning: Ingored unsupported keyword arguments: gamma = 0.8417570366857533 - 0.5398565468622376im
└ @ HomotopyContinuation ~/.julia/packages/HomotopyContinuation/98yZ2/src/utils.jl:170
┌ Warning: Ingored unsupported keyword arguments: gamma = -0.8662715448310245 - 0.49957342865295606im
└ @ HomotopyContinuation ~/.julia/packages/HomotopyContinuation/98yZ2/src/utils.jl:170
┌ Warning: Ingored unsupported keyword arguments: gamma = 0.8282502937170528 - 0.5603583237158307im
└ @ HomotopyContinuation ~/.julia/packages/HomotopyContinuation/98yZ2/src/utils.jl:170
┌ Warning: Ingored unsupported keyword arguments: gamma = -0.9988763911698082 - 0.04739150940390296im
└ @ HomotopyContinuation ~/.julia/packages/HomotopyContinuation/98yZ2/src/utils.jl:170
┌ Warning: Ingored unsupported keyword arguments: gamma = 0.997112073275908 - 0.07594414610370069im
└ @ HomotopyContinuation ~/.julia/packages/HomotopyContinuation/98yZ2/src/utils.jl:170
┌ Warning: Ingored unsupported keyword arguments: gamma = -0.12460740803461852 + 0.992206124685236im
└ @ HomotopyContinuation ~/.julia/packages/HomotopyContinuation/98yZ2/src/utils.jl:170
┌ Warning: Ingored unsupported keyword arguments: gamma = -0.866031276519101 + 0.4999898279872267im
└ @ HomotopyContinuation ~/.julia/packages/HomotopyContinuation/98yZ2/src/utils.jl:170
┌ Warning: Ingored unsupported keyword arguments: gamma = 0.3367937790130686 + 0.941578435616543im
└ @ HomotopyContinuation ~/.julia/packages/HomotopyContinuation/98yZ2/src/utils.jl:170
┌ Warning: Ingored unsupported keyword arguments: gamma = 0.6744200373330798 - 0.7383478944533175im
└ @ HomotopyContinuation ~/.julia/packages/HomotopyContinuation/98yZ2/src/utils.jl:170
┌ Warning: Ingored unsupported keyword arguments: gamma = -0.33465992058347516 + 0.9423389716843202im
└ @ HomotopyContinuation ~/.julia/packages/HomotopyContinuation/98yZ2/src/utils.jl:170
┌ Warning: Ingored unsupported keyword arguments: gamma = 0.059980705517561315 - 0.998199536648668im
└ @ HomotopyContinuation ~/.julia/packages/HomotopyContinuation/98yZ2/src/utils.jl:170
┌ Warning: Ingored unsupported keyword arguments: gamma = 0.7775025737033673 - 0.6288797563005506im
└ @ HomotopyContinuation ~/.julia/packages/HomotopyContinuation/98yZ2/src/utils.jl:170
┌ Warning: Ingored unsupported keyword arguments: gamma = 0.18620133300204486 - 0.9825116098999856im
└ @ HomotopyContinuation ~/.julia/packages/HomotopyContinuation/98yZ2/src/utils.jl:170
┌ Warning: Ingored unsupported keyword arguments: gamma = -0.7273431386164535 + 0.6862739676744022im
└ @ HomotopyContinuation ~/.julia/packages/HomotopyContinuation/98yZ2/src/utils.jl:170
┌ Warning: Ingored unsupported keyword arguments: gamma = -0.9019701838618668 + 0.43179831799601803im
└ @ HomotopyContinuation ~/.julia/packages/HomotopyContinuation/98yZ2/src/utils.jl:170
┌ Warning: Ingored unsupported keyword arguments: gamma = -0.8859925826676475 + 0.46369941067237924im
└ @ HomotopyContinuation ~/.julia/packages/HomotopyContinuation/98yZ2/src/utils.jl:170
┌ Warning: Ingored unsupported keyword arguments: gamma = -0.3865940775211278 - 0.9222499765386759im
└ @ HomotopyContinuation ~/.julia/packages/HomotopyContinuation/98yZ2/src/utils.jl:170
┌ Warning: Ingored unsupported keyword arguments: gamma = -0.33286067211488307 - 0.942976019291704im
└ @ HomotopyContinuation ~/.julia/packages/HomotopyContinuation/98yZ2/src/utils.jl:170
┌ Warning: Ingored unsupported keyword arguments: gamma = 0.7118976642307923 - 0.7022832161334501im
└ @ HomotopyContinuation ~/.julia/packages/HomotopyContinuation/98yZ2/src/utils.jl:170
┌ Warning: Ingored unsupported keyword arguments: gamma = -0.7910225711525171 + 0.6117869661305814im
└ @ HomotopyContinuation ~/.julia/packages/HomotopyContinuation/98yZ2/src/utils.jl:170
┌ Warning: Ingored unsupported keyword arguments: gamma = -0.42922371077690147 + 0.9031982097562565im
└ @ HomotopyContinuation ~/.julia/packages/HomotopyContinuation/98yZ2/src/utils.jl:170
┌ Warning: Ingored unsupported keyword arguments: gamma = 0.9192035874966739 - 0.39378263640394895im
└ @ HomotopyContinuation ~/.julia/packages/HomotopyContinuation/98yZ2/src/utils.jl:170
┌ Warning: Ingored unsupported keyword arguments: gamma = -0.48600477607106374 + 0.8739561531542158im
└ @ HomotopyContinuation ~/.julia/packages/HomotopyContinuation/98yZ2/src/utils.jl:170
┌ Warning: Ingored unsupported keyword arguments: gamma = -0.21250311427085583 - 0.9771603893042266im
└ @ HomotopyContinuation ~/.julia/packages/HomotopyContinuation/98yZ2/src/utils.jl:170
┌ Warning: Ingored unsupported keyword arguments: gamma = -0.6231552838665891 - 0.7820981346283539im
└ @ HomotopyContinuation ~/.julia/packages/HomotopyContinuation/98yZ2/src/utils.jl:170
┌ Warning: Ingored unsupported keyword arguments: gamma = -0.9938256977089546 + 0.11095261408957316im
└ @ HomotopyContinuation ~/.julia/packages/HomotopyContinuation/98yZ2/src/utils.jl:170
┌ Warning: Ingored unsupported keyword arguments: gamma = -0.887586922330753 + 0.46064026670214353im
└ @ HomotopyContinuation ~/.julia/packages/HomotopyContinuation/98yZ2/src/utils.jl:170
┌ Warning: Ingored unsupported keyword arguments: gamma = 0.5848608293901466 - 0.8111336574480619im
└ @ HomotopyContinuation ~/.julia/packages/HomotopyContinuation/98yZ2/src/utils.jl:170
┌ Warning: Ingored unsupported keyword arguments: gamma = 0.9161899970019942 + 0.40074416950653924im
└ @ HomotopyContinuation ~/.julia/packages/HomotopyContinuation/98yZ2/src/utils.jl:170
┌ Warning: Ingored unsupported keyword arguments: gamma = -0.9972526010164445 + 0.07407597293276766im
└ @ HomotopyContinuation ~/.julia/packages/HomotopyContinuation/98yZ2/src/utils.jl:170
┌ Warning: Ingored unsupported keyword arguments: gamma = 0.9754652705033784 + 0.22015336936274887im
└ @ HomotopyContinuation ~/.julia/packages/HomotopyContinuation/98yZ2/src/utils.jl:170
┌ Warning: Ingored unsupported keyword arguments: gamma = 0.992970642842644 - 0.11836089917141686im
└ @ HomotopyContinuation ~/.julia/packages/HomotopyContinuation/98yZ2/src/utils.jl:170
┌ Warning: Ingored unsupported keyword arguments: gamma = 0.9690564129124467 - 0.2468393578691649im
└ @ HomotopyContinuation ~/.julia/packages/HomotopyContinuation/98yZ2/src/utils.jl:170
┌ Warning: Ingored unsupported keyword arguments: gamma = -0.9516298916954774 - 0.3072467237118307im
└ @ HomotopyContinuation ~/.julia/packages/HomotopyContinuation/98yZ2/src/utils.jl:170
┌ Warning: Ingored unsupported keyword arguments: gamma = -0.4438140301973128 - 0.8961189132029402im
└ @ HomotopyContinuation ~/.julia/packages/HomotopyContinuation/98yZ2/src/utils.jl:170
┌ Warning: Ingored unsupported keyword arguments: gamma = -0.14755586932189557 - 0.9890537222156639im
└ @ HomotopyContinuation ~/.julia/packages/HomotopyContinuation/98yZ2/src/utils.jl:170
┌ Warning: Ingored unsupported keyword arguments: gamma = -0.5841877438020711 + 0.8116185557214952im
└ @ HomotopyContinuation ~/.julia/packages/HomotopyContinuation/98yZ2/src/utils.jl:170
┌ Warning: Ingored unsupported keyword arguments: gamma = 0.8437420642344299 - 0.5367488509921778im
└ @ HomotopyContinuation ~/.julia/packages/HomotopyContinuation/98yZ2/src/utils.jl:170
┌ Warning: Ingored unsupported keyword arguments: gamma = -0.9847124616123053 + 0.17418773764371068im
└ @ HomotopyContinuation ~/.julia/packages/HomotopyContinuation/98yZ2/src/utils.jl:170
┌ Warning: Ingored unsupported keyword arguments: gamma = -0.30749939014743444 - 0.9515482778393096im
└ @ HomotopyContinuation ~/.julia/packages/HomotopyContinuation/98yZ2/src/utils.jl:170
┌ Warning: Ingored unsupported keyword arguments: gamma = 0.9852780112334156 - 0.1709597630436044im
└ @ HomotopyContinuation ~/.julia/packages/HomotopyContinuation/98yZ2/src/utils.jl:170
┌ Warning: Ingored unsupported keyword arguments: gamma = -0.9829289428731521 + 0.1839855789519048im
└ @ HomotopyContinuation ~/.julia/packages/HomotopyContinuation/98yZ2/src/utils.jl:170
┌ Warning: Ingored unsupported keyword arguments: gamma = 0.84822792061755 + 0.5296313762276808im
└ @ HomotopyContinuation ~/.julia/packages/HomotopyContinuation/98yZ2/src/utils.jl:170
┌ Warning: Ingored unsupported keyword arguments: gamma = -0.9979088152275329 - 0.06463742330246125im
└ @ HomotopyContinuation ~/.julia/packages/HomotopyContinuation/98yZ2/src/utils.jl:170
┌ Warning: Ingored unsupported keyword arguments: gamma = -0.8461744005026854 + 0.5329060742137594im
└ @ HomotopyContinuation ~/.julia/packages/HomotopyContinuation/98yZ2/src/utils.jl:170
┌ Warning: Ingored unsupported keyword arguments: gamma = 0.005820133745798103 + 0.9999830628781574im
└ @ HomotopyContinuation ~/.julia/packages/HomotopyContinuation/98yZ2/src/utils.jl:170
┌ Warning: Ingored unsupported keyword arguments: gamma = -0.6448097258588735 + 0.7643431280765232im
└ @ HomotopyContinuation ~/.julia/packages/HomotopyContinuation/98yZ2/src/utils.jl:170
┌ Warning: Ingored unsupported keyword arguments: gamma = -0.9989822174460421 + 0.045105756025020656im
└ @ HomotopyContinuation ~/.julia/packages/HomotopyContinuation/98yZ2/src/utils.jl:170
┌ Warning: Ingored unsupported keyword arguments: gamma = -0.5433982008700189 + 0.8394750712744403im
└ @ HomotopyContinuation ~/.julia/packages/HomotopyContinuation/98yZ2/src/utils.jl:170
┌ Warning: Ingored unsupported keyword arguments: gamma = 0.46221955935625825 + 0.8867655152003299im
└ @ HomotopyContinuation ~/.julia/packages/HomotopyContinuation/98yZ2/src/utils.jl:170
┌ Warning: Ingored unsupported keyword arguments: gamma = -0.45434431430119376 + 0.8908261581600408im
└ @ HomotopyContinuation ~/.julia/packages/HomotopyContinuation/98yZ2/src/utils.jl:170
┌ Warning: Ingored unsupported keyword arguments: gamma = -0.725039206963967 + 0.6887075927888859im
└ @ HomotopyContinuation ~/.julia/packages/HomotopyContinuation/98yZ2/src/utils.jl:170
┌ Warning: Ingored unsupported keyword arguments: gamma = -0.9981165846025697 + 0.06134560735131236im
└ @ HomotopyContinuation ~/.julia/packages/HomotopyContinuation/98yZ2/src/utils.jl:170
┌ Warning: Ingored unsupported keyword arguments: gamma = 0.8399928953166361 - 0.5425973975403631im
└ @ HomotopyContinuation ~/.julia/packages/HomotopyContinuation/98yZ2/src/utils.jl:170
┌ Warning: Ingored unsupported keyword arguments: gamma = 0.9375235548975928 - 0.347921807324836im
└ @ HomotopyContinuation ~/.julia/packages/HomotopyContinuation/98yZ2/src/utils.jl:170
┌ Warning: Ingored unsupported keyword arguments: gamma = -0.033110661297331596 - 0.999451691733249im
└ @ HomotopyContinuation ~/.julia/packages/HomotopyContinuation/98yZ2/src/utils.jl:170
┌ Warning: Ingored unsupported keyword arguments: gamma = 0.9806394099336371 - 0.19582223490964468im
└ @ HomotopyContinuation ~/.julia/packages/HomotopyContinuation/98yZ2/src/utils.jl:170
┌ Warning: Ingored unsupported keyword arguments: gamma = 0.9953424804542926 - 0.09640200518192592im
└ @ HomotopyContinuation ~/.julia/packages/HomotopyContinuation/98yZ2/src/utils.jl:170
┌ Warning: Ingored unsupported keyword arguments: gamma = -0.4045773498222327 - 0.9145037823928444im
└ @ HomotopyContinuation ~/.julia/packages/HomotopyContinuation/98yZ2/src/utils.jl:170
┌ Warning: Ingored unsupported keyword arguments: gamma = -0.9258072376709351 + 0.37799597706339777im
└ @ HomotopyContinuation ~/.julia/packages/HomotopyContinuation/98yZ2/src/utils.jl:170
┌ Warning: Ingored unsupported keyword arguments: gamma = 0.4552704105568624 - 0.8903532182630588im
└ @ HomotopyContinuation ~/.julia/packages/HomotopyContinuation/98yZ2/src/utils.jl:170
┌ Warning: Ingored unsupported keyword arguments: gamma = 0.8396995542780898 + 0.5430512485439816im
└ @ HomotopyContinuation ~/.julia/packages/HomotopyContinuation/98yZ2/src/utils.jl:170
┌ Warning: Ingored unsupported keyword arguments: gamma = 0.5253871283241829 - 0.8508633059377214im
└ @ HomotopyContinuation ~/.julia/packages/HomotopyContinuation/98yZ2/src/utils.jl:170
┌ Warning: Ingored unsupported keyword arguments: gamma = 0.9832830750277972 + 0.1820834818534598im
└ @ HomotopyContinuation ~/.julia/packages/HomotopyContinuation/98yZ2/src/utils.jl:170
┌ Warning: Ingored unsupported keyword arguments: gamma = -0.824469643319858 - 0.5659061823695039im
└ @ HomotopyContinuation ~/.julia/packages/HomotopyContinuation/98yZ2/src/utils.jl:170
┌ Warning: Ingored unsupported keyword arguments: gamma = 0.46316203504758324 + 0.8862736198773951im
└ @ HomotopyContinuation ~/.julia/packages/HomotopyContinuation/98yZ2/src/utils.jl:170
┌ Warning: Ingored unsupported keyword arguments: gamma = -0.9705965986797064 - 0.24071194949853436im
└ @ HomotopyContinuation ~/.julia/packages/HomotopyContinuation/98yZ2/src/utils.jl:170
┌ Warning: Ingored unsupported keyword arguments: gamma = 0.009931046320173201 + 0.9999506859435552im
└ @ HomotopyContinuation ~/.julia/packages/HomotopyContinuation/98yZ2/src/utils.jl:170
┌ Warning: Ingored unsupported keyword arguments: gamma = -0.8213564990236959 - 0.5704152009821771im
└ @ HomotopyContinuation ~/.julia/packages/HomotopyContinuation/98yZ2/src/utils.jl:170
┌ Warning: Ingored unsupported keyword arguments: gamma = 0.8897282053546333 - 0.4564906577318134im
└ @ HomotopyContinuation ~/.julia/packages/HomotopyContinuation/98yZ2/src/utils.jl:170
┌ Warning: Ingored unsupported keyword arguments: gamma = 0.1636584386553479 + 0.9865170629324633im
└ @ HomotopyContinuation ~/.julia/packages/HomotopyContinuation/98yZ2/src/utils.jl:170
┌ Warning: Ingored unsupported keyword arguments: gamma = 0.5192307306984215 + 0.8546341019982664im
└ @ HomotopyContinuation ~/.julia/packages/HomotopyContinuation/98yZ2/src/utils.jl:170
┌ Warning: Ingored unsupported keyword arguments: gamma = -0.8334548444554991 + 0.5525875697603592im
└ @ HomotopyContinuation ~/.julia/packages/HomotopyContinuation/98yZ2/src/utils.jl:170
