HUNT2 start mode=seq PTRACK hcthr=off nworkers=0 nthreads=8 ngcthreads=8 nsolves=12 ntrack=25 seed_base=113944 shape=6x2 pid=2305563 julia=1.12.6 2026-07-22T17:30:52.147
ATTEMPT 1 W0 START ptrack6x2 seed=113945 2026-07-22T17:32:16.645
ATTEMPT 1 W0 SOLVE ptrack fresh 2026-07-22T17:32:22.296
Computing mixed cells... 2    Time: 0:00:03[K
   mixed_volume: 2[K[A
[K[AComputing mixed cells... 25    Time: 0:00:04[K
   mixed_volume: 64[K
ATTEMPT 1 W0 FRESH-DONE nsol=64 120.03s 2026-07-22T17:34:22.577
ATTEMPT 1 W0 TRACK 1 2026-07-22T17:34:22.923
ATTEMPT 1 W0 TRACKED 1 nsol=64 31.67s 2026-07-22T17:34:54.725
ATTEMPT 1 W0 TRACK 2 2026-07-22T17:34:55.416
ATTEMPT 1 W0 TRACKED 2 nsol=64 0.05s 2026-07-22T17:34:55.466
ATTEMPT 1 W0 TRACK 3 2026-07-22T17:34:55.471
ATTEMPT 1 W0 TRACKED 3 nsol=64 0.07s 2026-07-22T17:34:55.544
ATTEMPT 1 W0 TRACK 4 2026-07-22T17:34:55.544
ATTEMPT 1 W0 TRACKED 4 nsol=64 0.09s 2026-07-22T17:34:55.632
ATTEMPT 1 W0 TRACK 5 2026-07-22T17:34:55.632
ATTEMPT 1 W0 TRACKED 5 nsol=64 0.06s 2026-07-22T17:34:55.688
ATTEMPT 1 W0 TRACK 6 2026-07-22T17:34:55.688
ATTEMPT 1 W0 TRACKED 6 nsol=64 0.07s 2026-07-22T17:34:55.753
ATTEMPT 1 W0 TRACK 7 2026-07-22T17:34:55.759
ATTEMPT 1 W0 TRACKED 7 nsol=64 0.06s 2026-07-22T17:34:55.820
ATTEMPT 1 W0 TRACK 8 2026-07-22T17:34:55.820
ATTEMPT 1 W0 TRACKED 8 nsol=64 0.09s 2026-07-22T17:34:55.905
ATTEMPT 1 W0 TRACK 9 2026-07-22T17:34:55.905
ATTEMPT 1 W0 TRACKED 9 nsol=64 0.04s 2026-07-22T17:34:55.944
ATTEMPT 1 W0 TRACK 10 2026-07-22T17:34:55.945
ATTEMPT 1 W0 TRACKED 10 nsol=64 0.04s 2026-07-22T17:34:55.982
ATTEMPT 1 W0 TRACK 11 2026-07-22T17:34:55.982
ATTEMPT 1 W0 TRACKED 11 nsol=64 0.16s 2026-07-22T17:34:56.138
ATTEMPT 1 W0 TRACK 12 2026-07-22T17:34:56.138
ATTEMPT 1 W0 TRACKED 12 nsol=64 0.19s 2026-07-22T17:34:56.327
ATTEMPT 1 W0 TRACK 13 2026-07-22T17:34:56.327
ATTEMPT 1 W0 TRACKED 13 nsol=64 0.13s 2026-07-22T17:34:56.454
ATTEMPT 1 W0 TRACK 14 2026-07-22T17:34:56.454
ATTEMPT 1 W0 TRACKED 14 nsol=64 0.11s 2026-07-22T17:34:56.565
ATTEMPT 1 W0 TRACK 15 2026-07-22T17:34:56.565
ATTEMPT 1 W0 TRACKED 15 nsol=64 0.08s 2026-07-22T17:34:56.650
ATTEMPT 1 W0 TRACK 16 2026-07-22T17:34:56.650
ATTEMPT 1 W0 TRACKED 16 nsol=64 0.11s 2026-07-22T17:34:56.762
ATTEMPT 1 W0 TRACK 17 2026-07-22T17:34:56.762
ATTEMPT 1 W0 TRACKED 17 nsol=64 0.11s 2026-07-22T17:34:56.871
ATTEMPT 1 W0 TRACK 18 2026-07-22T17:34:56.871
ATTEMPT 1 W0 TRACKED 18 nsol=64 0.08s 2026-07-22T17:34:56.952
ATTEMPT 1 W0 TRACK 19 2026-07-22T17:34:56.953
ATTEMPT 1 W0 TRACKED 19 nsol=64 0.10s 2026-07-22T17:34:57.051
ATTEMPT 1 W0 TRACK 20 2026-07-22T17:34:57.051
ATTEMPT 1 W0 TRACKED 20 nsol=64 0.07s 2026-07-22T17:34:57.123
ATTEMPT 1 W0 TRACK 21 2026-07-22T17:34:57.123
ATTEMPT 1 W0 TRACKED 21 nsol=64 0.06s 2026-07-22T17:34:57.186
ATTEMPT 1 W0 TRACK 22 2026-07-22T17:34:57.186
ATTEMPT 1 W0 TRACKED 22 nsol=64 0.09s 2026-07-22T17:34:57.276
ATTEMPT 1 W0 TRACK 23 2026-07-22T17:34:57.276
ATTEMPT 1 W0 TRACKED 23 nsol=64 0.07s 2026-07-22T17:34:57.342
ATTEMPT 1 W0 TRACK 24 2026-07-22T17:34:57.342
ATTEMPT 1 W0 TRACKED 24 nsol=64 0.09s 2026-07-22T17:34:57.430
ATTEMPT 1 W0 TRACK 25 2026-07-22T17:34:57.430
ATTEMPT 1 W0 TRACKED 25 nsol=64 0.07s 2026-07-22T17:34:57.500
ATTEMPT 1 W0 DONE ptrack seed=113945 nsol=64 154.95s 2026-07-22T17:34:57.500
ATTEMPT 2 W0 START ptrack6x2 seed=113946 2026-07-22T17:34:57.500
ATTEMPT 2 W0 SOLVE ptrack fresh 2026-07-22T17:34:58.718
ATTEMPT 2 W0 FRESH-DONE nsol=64 0.08s 2026-07-22T17:34:58.799
ATTEMPT 2 W0 TRACK 1 2026-07-22T17:34:58.799
ATTEMPT 2 W0 TRACKED 1 nsol=64 0.09s 2026-07-22T17:34:58.884
ATTEMPT 2 W0 TRACK 2 2026-07-22T17:34:58.884
ATTEMPT 2 W0 TRACKED 2 nsol=64 0.07s 2026-07-22T17:34:58.957
ATTEMPT 2 W0 TRACK 3 2026-07-22T17:34:58.957
ATTEMPT 2 W0 TRACKED 3 nsol=64 0.09s 2026-07-22T17:34:59.046
ATTEMPT 2 W0 TRACK 4 2026-07-22T17:34:59.046
ATTEMPT 2 W0 TRACKED 4 nsol=64 0.08s 2026-07-22T17:34:59.128
ATTEMPT 2 W0 TRACK 5 2026-07-22T17:34:59.129
ATTEMPT 2 W0 TRACKED 5 nsol=64 0.07s 2026-07-22T17:34:59.199
ATTEMPT 2 W0 TRACK 6 2026-07-22T17:34:59.199
ATTEMPT 2 W0 TRACKED 6 nsol=64 0.05s 2026-07-22T17:34:59.250
ATTEMPT 2 W0 TRACK 7 2026-07-22T17:34:59.255
ATTEMPT 2 W0 TRACKED 7 nsol=64 0.03s 2026-07-22T17:34:59.289
ATTEMPT 2 W0 TRACK 8 2026-07-22T17:34:59.289
ATTEMPT 2 W0 TRACKED 8 nsol=64 0.02s 2026-07-22T17:34:59.312
ATTEMPT 2 W0 TRACK 9 2026-07-22T17:34:59.312
ATTEMPT 2 W0 TRACKED 9 nsol=64 0.02s 2026-07-22T17:34:59.337
ATTEMPT 2 W0 TRACK 10 2026-07-22T17:34:59.337
ATTEMPT 2 W0 TRACKED 10 nsol=64 0.03s 2026-07-22T17:34:59.363
ATTEMPT 2 W0 TRACK 11 2026-07-22T17:34:59.363
ATTEMPT 2 W0 TRACKED 11 nsol=64 0.04s 2026-07-22T17:34:59.403
ATTEMPT 2 W0 TRACK 12 2026-07-22T17:34:59.403
ATTEMPT 2 W0 TRACKED 12 nsol=64 0.05s 2026-07-22T17:34:59.452
ATTEMPT 2 W0 TRACK 13 2026-07-22T17:34:59.453
ATTEMPT 2 W0 TRACKED 13 nsol=64 0.06s 2026-07-22T17:34:59.510
ATTEMPT 2 W0 TRACK 14 2026-07-22T17:34:59.510
ATTEMPT 2 W0 TRACKED 14 nsol=64 0.04s 2026-07-22T17:34:59.547
ATTEMPT 2 W0 TRACK 15 2026-07-22T17:34:59.547
ATTEMPT 2 W0 TRACKED 15 nsol=64 0.04s 2026-07-22T17:34:59.592
ATTEMPT 2 W0 TRACK 16 2026-07-22T17:34:59.599
ATTEMPT 2 W0 TRACKED 16 nsol=64 0.06s 2026-07-22T17:34:59.655
ATTEMPT 2 W0 TRACK 17 2026-07-22T17:34:59.655
ATTEMPT 2 W0 TRACKED 17 nsol=64 0.02s 2026-07-22T17:34:59.679
ATTEMPT 2 W0 TRACK 18 2026-07-22T17:34:59.680
ATTEMPT 2 W0 TRACKED 18 nsol=64 0.02s 2026-07-22T17:34:59.703
ATTEMPT 2 W0 TRACK 19 2026-07-22T17:34:59.703
ATTEMPT 2 W0 TRACKED 19 nsol=64 0.03s 2026-07-22T17:34:59.729
ATTEMPT 2 W0 TRACK 20 2026-07-22T17:34:59.729
ATTEMPT 2 W0 TRACKED 20 nsol=64 0.05s 2026-07-22T17:34:59.783
ATTEMPT 2 W0 TRACK 21 2026-07-22T17:34:59.787
ATTEMPT 2 W0 TRACKED 21 nsol=64 0.04s 2026-07-22T17:34:59.831
ATTEMPT 2 W0 TRACK 22 2026-07-22T17:34:59.831
ATTEMPT 2 W0 TRACKED 22 nsol=64 0.05s 2026-07-22T17:34:59.889
ATTEMPT 2 W0 TRACK 23 2026-07-22T17:34:59.889
ATTEMPT 2 W0 TRACKED 23 nsol=64 0.05s 2026-07-22T17:34:59.941
ATTEMPT 2 W0 TRACK 24 2026-07-22T17:34:59.947
ATTEMPT 2 W0 TRACKED 24 nsol=64 0.05s 2026-07-22T17:35:00.001
ATTEMPT 2 W0 TRACK 25 2026-07-22T17:35:00.007
ATTEMPT 2 W0 TRACKED 25 nsol=64 0.05s 2026-07-22T17:35:00.052
ATTEMPT 2 W0 DONE ptrack seed=113946 nsol=64 1.34s 2026-07-22T17:35:00.059
ATTEMPT 3 W0 START ptrack6x2 seed=113947 2026-07-22T17:35:00.059
ATTEMPT 3 W0 SOLVE ptrack fresh 2026-07-22T17:35:00.254
ATTEMPT 3 W0 FRESH-DONE nsol=64 0.06s 2026-07-22T17:35:00.320
ATTEMPT 3 W0 TRACK 1 2026-07-22T17:35:00.320
ATTEMPT 3 W0 TRACKED 1 nsol=64 0.03s 2026-07-22T17:35:00.346
ATTEMPT 3 W0 TRACK 2 2026-07-22T17:35:00.346
ATTEMPT 3 W0 TRACKED 2 nsol=64 0.02s 2026-07-22T17:35:00.369
ATTEMPT 3 W0 TRACK 3 2026-07-22T17:35:00.369
ATTEMPT 3 W0 TRACKED 3 nsol=64 0.02s 2026-07-22T17:35:00.394
ATTEMPT 3 W0 TRACK 4 2026-07-22T17:35:00.394
ATTEMPT 3 W0 TRACKED 4 nsol=64 0.02s 2026-07-22T17:35:00.418
ATTEMPT 3 W0 TRACK 5 2026-07-22T17:35:00.419
ATTEMPT 3 W0 TRACKED 5 nsol=64 0.03s 2026-07-22T17:35:00.444
ATTEMPT 3 W0 TRACK 6 2026-07-22T17:35:00.444
ATTEMPT 3 W0 TRACKED 6 nsol=64 0.03s 2026-07-22T17:35:00.471
ATTEMPT 3 W0 TRACK 7 2026-07-22T17:35:00.471
ATTEMPT 3 W0 TRACKED 7 nsol=64 0.02s 2026-07-22T17:35:00.495
ATTEMPT 3 W0 TRACK 8 2026-07-22T17:35:00.495
ATTEMPT 3 W0 TRACKED 8 nsol=64 0.04s 2026-07-22T17:35:00.534
ATTEMPT 3 W0 TRACK 9 2026-07-22T17:35:00.534
ATTEMPT 3 W0 TRACKED 9 nsol=64 0.03s 2026-07-22T17:35:00.566
ATTEMPT 3 W0 TRACK 10 2026-07-22T17:35:00.566
ATTEMPT 3 W0 TRACKED 10 nsol=64 0.04s 2026-07-22T17:35:00.608
ATTEMPT 3 W0 TRACK 11 2026-07-22T17:35:00.608
ATTEMPT 3 W0 TRACKED 11 nsol=64 0.03s 2026-07-22T17:35:00.643
ATTEMPT 3 W0 TRACK 12 2026-07-22T17:35:00.643
ATTEMPT 3 W0 TRACKED 12 nsol=64 0.05s 2026-07-22T17:35:00.689
ATTEMPT 3 W0 TRACK 13 2026-07-22T17:35:00.689
ATTEMPT 3 W0 TRACKED 13 nsol=64 0.05s 2026-07-22T17:35:00.739
ATTEMPT 3 W0 TRACK 14 2026-07-22T17:35:00.739
ATTEMPT 3 W0 TRACKED 14 nsol=64 0.03s 2026-07-22T17:35:00.766
ATTEMPT 3 W0 TRACK 15 2026-07-22T17:35:00.766
ATTEMPT 3 W0 TRACKED 15 nsol=64 0.03s 2026-07-22T17:35:00.797
ATTEMPT 3 W0 TRACK 16 2026-07-22T17:35:00.797
ATTEMPT 3 W0 TRACKED 16 nsol=64 0.02s 2026-07-22T17:35:00.820
ATTEMPT 3 W0 TRACK 17 2026-07-22T17:35:00.820
ATTEMPT 3 W0 TRACKED 17 nsol=64 0.03s 2026-07-22T17:35:00.849
ATTEMPT 3 W0 TRACK 18 2026-07-22T17:35:00.849
ATTEMPT 3 W0 TRACKED 18 nsol=64 0.04s 2026-07-22T17:35:00.891
ATTEMPT 3 W0 TRACK 19 2026-07-22T17:35:00.891
ATTEMPT 3 W0 TRACKED 19 nsol=64 0.06s 2026-07-22T17:35:00.951
ATTEMPT 3 W0 TRACK 20 2026-07-22T17:35:00.951
ATTEMPT 3 W0 TRACKED 20 nsol=64 0.05s 2026-07-22T17:35:01.004
ATTEMPT 3 W0 TRACK 21 2026-07-22T17:35:01.004
ATTEMPT 3 W0 TRACKED 21 nsol=64 0.03s 2026-07-22T17:35:01.037
ATTEMPT 3 W0 TRACK 22 2026-07-22T17:35:01.038
ATTEMPT 3 W0 TRACKED 22 nsol=64 0.04s 2026-07-22T17:35:01.075
ATTEMPT 3 W0 TRACK 23 2026-07-22T17:35:01.075
ATTEMPT 3 W0 TRACKED 23 nsol=64 0.06s 2026-07-22T17:35:01.139
ATTEMPT 3 W0 TRACK 24 2026-07-22T17:35:01.139
ATTEMPT 3 W0 TRACKED 24 nsol=64 0.07s 2026-07-22T17:35:01.213
ATTEMPT 3 W0 TRACK 25 2026-07-22T17:35:01.213
ATTEMPT 3 W0 TRACKED 25 nsol=64 0.09s 2026-07-22T17:35:01.304
ATTEMPT 3 W0 DONE ptrack seed=113947 nsol=64 1.05s 2026-07-22T17:35:01.304
ATTEMPT 4 W0 START ptrack6x2 seed=113948 2026-07-22T17:35:01.304
ATTEMPT 4 W0 SOLVE ptrack fresh 2026-07-22T17:35:01.513
ATTEMPT 4 W0 FRESH-DONE nsol=64 0.20s 2026-07-22T17:35:01.718
ATTEMPT 4 W0 TRACK 1 2026-07-22T17:35:01.727
ATTEMPT 4 W0 TRACKED 1 nsol=64 0.09s 2026-07-22T17:35:01.820
ATTEMPT 4 W0 TRACK 2 2026-07-22T17:35:01.820
ATTEMPT 4 W0 TRACKED 2 nsol=64 0.06s 2026-07-22T17:35:01.881
ATTEMPT 4 W0 TRACK 3 2026-07-22T17:35:01.887
ATTEMPT 4 W0 TRACKED 3 nsol=64 0.05s 2026-07-22T17:35:01.934
ATTEMPT 4 W0 TRACK 4 2026-07-22T17:35:01.939
ATTEMPT 4 W0 TRACKED 4 nsol=64 0.07s 2026-07-22T17:35:02.013
ATTEMPT 4 W0 TRACK 5 2026-07-22T17:35:02.013
ATTEMPT 4 W0 TRACKED 5 nsol=64 0.06s 2026-07-22T17:35:02.072
ATTEMPT 4 W0 TRACK 6 2026-07-22T17:35:02.073
ATTEMPT 4 W0 TRACKED 6 nsol=64 0.07s 2026-07-22T17:35:02.140
ATTEMPT 4 W0 TRACK 7 2026-07-22T17:35:02.140
ATTEMPT 4 W0 TRACKED 7 nsol=64 0.05s 2026-07-22T17:35:02.190
ATTEMPT 4 W0 TRACK 8 2026-07-22T17:35:02.190
ATTEMPT 4 W0 TRACKED 8 nsol=64 0.54s 2026-07-22T17:35:02.732
ATTEMPT 4 W0 TRACK 9 2026-07-22T17:35:02.734
ATTEMPT 4 W0 TRACKED 9 nsol=64 0.07s 2026-07-22T17:35:02.802
ATTEMPT 4 W0 TRACK 10 2026-07-22T17:35:02.807
ATTEMPT 4 W0 TRACKED 10 nsol=64 0.06s 2026-07-22T17:35:02.865
ATTEMPT 4 W0 TRACK 11 2026-07-22T17:35:02.866
ATTEMPT 4 W0 TRACKED 11 nsol=64 0.05s 2026-07-22T17:35:02.918
ATTEMPT 4 W0 TRACK 12 2026-07-22T17:35:02.922
ATTEMPT 4 W0 TRACKED 12 nsol=64 0.07s 2026-07-22T17:35:02.989
ATTEMPT 4 W0 TRACK 13 2026-07-22T17:35:02.989
ATTEMPT 4 W0 TRACKED 13 nsol=64 0.04s 2026-07-22T17:35:03.034
ATTEMPT 4 W0 TRACK 14 2026-07-22T17:35:03.034
ATTEMPT 4 W0 TRACKED 14 nsol=64 0.04s 2026-07-22T17:35:03.069
ATTEMPT 4 W0 TRACK 15 2026-07-22T17:35:03.069
ATTEMPT 4 W0 TRACKED 15 nsol=64 0.06s 2026-07-22T17:35:03.128
ATTEMPT 4 W0 TRACK 16 2026-07-22T17:35:03.128
ATTEMPT 4 W0 TRACKED 16 nsol=64 0.04s 2026-07-22T17:35:03.168
ATTEMPT 4 W0 TRACK 17 2026-07-22T17:35:03.168
ATTEMPT 4 W0 TRACKED 17 nsol=64 0.03s 2026-07-22T17:35:03.194
ATTEMPT 4 W0 TRACK 18 2026-07-22T17:35:03.194
ATTEMPT 4 W0 TRACKED 18 nsol=64 0.03s 2026-07-22T17:35:03.224
ATTEMPT 4 W0 TRACK 19 2026-07-22T17:35:03.224
ATTEMPT 4 W0 TRACKED 19 nsol=64 0.04s 2026-07-22T17:35:03.267
ATTEMPT 4 W0 TRACK 20 2026-07-22T17:35:03.267
ATTEMPT 4 W0 TRACKED 20 nsol=64 0.05s 2026-07-22T17:35:03.320
ATTEMPT 4 W0 TRACK 21 2026-07-22T17:35:03.323
ATTEMPT 4 W0 TRACKED 21 nsol=64 0.04s 2026-07-22T17:35:03.366
ATTEMPT 4 W0 TRACK 22 2026-07-22T17:35:03.367
ATTEMPT 4 W0 TRACKED 22 nsol=64 0.08s 2026-07-22T17:35:03.447
ATTEMPT 4 W0 TRACK 23 2026-07-22T17:35:03.447
ATTEMPT 4 W0 TRACKED 23 nsol=64 0.07s 2026-07-22T17:35:03.518
ATTEMPT 4 W0 TRACK 24 2026-07-22T17:35:03.518
ATTEMPT 4 W0 TRACKED 24 nsol=64 0.08s 2026-07-22T17:35:03.594
ATTEMPT 4 W0 TRACK 25 2026-07-22T17:35:03.607
ATTEMPT 4 W0 TRACKED 25 nsol=64 0.07s 2026-07-22T17:35:03.680
ATTEMPT 4 W0 DONE ptrack seed=113948 nsol=64 2.17s 2026-07-22T17:35:03.687
ATTEMPT 5 W0 START ptrack6x2 seed=113949 2026-07-22T17:35:03.687
ATTEMPT 5 W0 SOLVE ptrack fresh 2026-07-22T17:35:03.964
ATTEMPT 5 W0 FRESH-DONE nsol=64 0.20s 2026-07-22T17:35:04.164
ATTEMPT 5 W0 TRACK 1 2026-07-22T17:35:04.164
ATTEMPT 5 W0 TRACKED 1 nsol=64 0.07s 2026-07-22T17:35:04.235
ATTEMPT 5 W0 TRACK 2 2026-07-22T17:35:04.236
ATTEMPT 5 W0 TRACKED 2 nsol=64 0.08s 2026-07-22T17:35:04.318
ATTEMPT 5 W0 TRACK 3 2026-07-22T17:35:04.318
ATTEMPT 5 W0 TRACKED 3 nsol=64 0.09s 2026-07-22T17:35:04.406
ATTEMPT 5 W0 TRACK 4 2026-07-22T17:35:04.415
ATTEMPT 5 W0 TRACKED 4 nsol=64 0.06s 2026-07-22T17:35:04.474
ATTEMPT 5 W0 TRACK 5 2026-07-22T17:35:04.483
ATTEMPT 5 W0 TRACKED 5 nsol=64 0.07s 2026-07-22T17:35:04.550
ATTEMPT 5 W0 TRACK 6 2026-07-22T17:35:04.555
ATTEMPT 5 W0 TRACKED 6 nsol=64 0.03s 2026-07-22T17:35:04.580
ATTEMPT 5 W0 TRACK 7 2026-07-22T17:35:04.581
ATTEMPT 5 W0 TRACKED 7 nsol=64 0.03s 2026-07-22T17:35:04.607
ATTEMPT 5 W0 TRACK 8 2026-07-22T17:35:04.607
ATTEMPT 5 W0 TRACKED 8 nsol=64 0.05s 2026-07-22T17:35:04.660
ATTEMPT 5 W0 TRACK 9 2026-07-22T17:35:04.667
ATTEMPT 5 W0 TRACKED 9 nsol=64 0.06s 2026-07-22T17:35:04.724
ATTEMPT 5 W0 TRACK 10 2026-07-22T17:35:04.727
ATTEMPT 5 W0 TRACKED 10 nsol=64 0.04s 2026-07-22T17:35:04.765
ATTEMPT 5 W0 TRACK 11 2026-07-22T17:35:04.765
ATTEMPT 5 W0 TRACKED 11 nsol=64 0.03s 2026-07-22T17:35:04.800
ATTEMPT 5 W0 TRACK 12 2026-07-22T17:35:04.800
ATTEMPT 5 W0 TRACKED 12 nsol=64 0.05s 2026-07-22T17:35:04.849
ATTEMPT 5 W0 TRACK 13 2026-07-22T17:35:04.849
ATTEMPT 5 W0 TRACKED 13 nsol=64 0.05s 2026-07-22T17:35:04.897
ATTEMPT 5 W0 TRACK 14 2026-07-22T17:35:04.899
ATTEMPT 5 W0 TRACKED 14 nsol=64 0.09s 2026-07-22T17:35:04.987
ATTEMPT 5 W0 TRACK 15 2026-07-22T17:35:04.991
ATTEMPT 5 W0 TRACKED 15 nsol=64 0.06s 2026-07-22T17:35:05.047
ATTEMPT 5 W0 TRACK 16 2026-07-22T17:35:05.051
ATTEMPT 5 W0 TRACKED 16 nsol=64 0.05s 2026-07-22T17:35:05.100
ATTEMPT 5 W0 TRACK 17 2026-07-22T17:35:05.100
ATTEMPT 5 W0 TRACKED 17 nsol=64 0.05s 2026-07-22T17:35:05.145
ATTEMPT 5 W0 TRACK 18 2026-07-22T17:35:05.151
ATTEMPT 5 W0 TRACKED 18 nsol=64 0.05s 2026-07-22T17:35:05.204
ATTEMPT 5 W0 TRACK 19 2026-07-22T17:35:05.207
ATTEMPT 5 W0 TRACKED 19 nsol=64 0.06s 2026-07-22T17:35:05.265
ATTEMPT 5 W0 TRACK 20 2026-07-22T17:35:05.265
ATTEMPT 5 W0 TRACKED 20 nsol=64 0.05s 2026-07-22T17:35:05.315
ATTEMPT 5 W0 TRACK 21 2026-07-22T17:35:05.315
ATTEMPT 5 W0 TRACKED 21 nsol=64 0.07s 2026-07-22T17:35:05.380
ATTEMPT 5 W0 TRACK 22 2026-07-22T17:35:05.387
ATTEMPT 5 W0 TRACKED 22 nsol=64 0.05s 2026-07-22T17:35:05.437
ATTEMPT 5 W0 TRACK 23 2026-07-22T17:35:05.437
ATTEMPT 5 W0 TRACKED 23 nsol=64 0.02s 2026-07-22T17:35:05.462
ATTEMPT 5 W0 TRACK 24 2026-07-22T17:35:05.462
ATTEMPT 5 W0 TRACKED 24 nsol=64 0.02s 2026-07-22T17:35:05.485
ATTEMPT 5 W0 TRACK 25 2026-07-22T17:35:05.485
ATTEMPT 5 W0 TRACKED 25 nsol=64 0.02s 2026-07-22T17:35:05.508
ATTEMPT 5 W0 DONE ptrack seed=113949 nsol=64 1.54s 2026-07-22T17:35:05.509
ATTEMPT 6 W0 START ptrack6x2 seed=113950 2026-07-22T17:35:05.509
ATTEMPT 6 W0 SOLVE ptrack fresh 2026-07-22T17:35:05.662
ATTEMPT 6 W0 FRESH-DONE nsol=64 0.19s 2026-07-22T17:35:05.847
ATTEMPT 6 W0 TRACK 1 2026-07-22T17:35:05.847
ATTEMPT 6 W0 TRACKED 1 nsol=64 0.06s 2026-07-22T17:35:05.906
ATTEMPT 6 W0 TRACK 2 2026-07-22T17:35:05.915
ATTEMPT 6 W0 TRACKED 2 nsol=64 0.03s 2026-07-22T17:35:05.947
ATTEMPT 6 W0 TRACK 3 2026-07-22T17:35:05.947
ATTEMPT 6 W0 TRACKED 3 nsol=64 0.06s 2026-07-22T17:35:06.012
ATTEMPT 6 W0 TRACK 4 2026-07-22T17:35:06.012
ATTEMPT 6 W0 TRACKED 4 nsol=64 0.07s 2026-07-22T17:35:06.081
ATTEMPT 6 W0 TRACK 5 2026-07-22T17:35:06.087
ATTEMPT 6 W0 TRACKED 5 nsol=64 0.06s 2026-07-22T17:35:06.150
ATTEMPT 6 W0 TRACK 6 2026-07-22T17:35:06.151
ATTEMPT 6 W0 TRACKED 6 nsol=64 0.03s 2026-07-22T17:35:06.181
ATTEMPT 6 W0 TRACK 7 2026-07-22T17:35:06.182
ATTEMPT 6 W0 TRACKED 7 nsol=64 0.02s 2026-07-22T17:35:06.206
ATTEMPT 6 W0 TRACK 8 2026-07-22T17:35:06.206
ATTEMPT 6 W0 TRACKED 8 nsol=64 0.03s 2026-07-22T17:35:06.237
ATTEMPT 6 W0 TRACK 9 2026-07-22T17:35:06.237
ATTEMPT 6 W0 TRACKED 9 nsol=64 0.03s 2026-07-22T17:35:06.269
ATTEMPT 6 W0 TRACK 10 2026-07-22T17:35:06.269
ATTEMPT 6 W0 TRACKED 10 nsol=64 0.06s 2026-07-22T17:35:06.328
ATTEMPT 6 W0 TRACK 11 2026-07-22T17:35:06.328
ATTEMPT 6 W0 TRACKED 11 nsol=64 0.06s 2026-07-22T17:35:06.387
ATTEMPT 6 W0 TRACK 12 2026-07-22T17:35:06.387
ATTEMPT 6 W0 TRACKED 12 nsol=64 0.04s 2026-07-22T17:35:06.427
ATTEMPT 6 W0 TRACK 13 2026-07-22T17:35:06.432
ATTEMPT 6 W0 TRACKED 13 nsol=64 0.08s 2026-07-22T17:35:06.507
ATTEMPT 6 W0 TRACK 14 2026-07-22T17:35:06.508
ATTEMPT 6 W0 TRACKED 14 nsol=64 0.04s 2026-07-22T17:35:06.549
ATTEMPT 6 W0 TRACK 15 2026-07-22T17:35:06.550
ATTEMPT 6 W0 TRACKED 15 nsol=64 0.06s 2026-07-22T17:35:06.610
ATTEMPT 6 W0 TRACK 16 2026-07-22T17:35:06.615
ATTEMPT 6 W0 TRACKED 16 nsol=64 0.04s 2026-07-22T17:35:06.655
ATTEMPT 6 W0 TRACK 17 2026-07-22T17:35:06.655
ATTEMPT 6 W0 TRACKED 17 nsol=64 0.04s 2026-07-22T17:35:06.692
ATTEMPT 6 W0 TRACK 18 2026-07-22T17:35:06.692
ATTEMPT 6 W0 TRACKED 18 nsol=64 0.04s 2026-07-22T17:35:06.734
ATTEMPT 6 W0 TRACK 19 2026-07-22T17:35:06.734
ATTEMPT 6 W0 TRACKED 19 nsol=64 0.03s 2026-07-22T17:35:06.765
ATTEMPT 6 W0 TRACK 20 2026-07-22T17:35:06.766
ATTEMPT 6 W0 TRACKED 20 nsol=64 0.07s 2026-07-22T17:35:06.840
ATTEMPT 6 W0 TRACK 21 2026-07-22T17:35:06.840
ATTEMPT 6 W0 TRACKED 21 nsol=64 0.05s 2026-07-22T17:35:06.890
ATTEMPT 6 W0 TRACK 22 2026-07-22T17:35:06.895
ATTEMPT 6 W0 TRACKED 22 nsol=64 0.05s 2026-07-22T17:35:06.942
ATTEMPT 6 W0 TRACK 23 2026-07-22T17:35:06.945
ATTEMPT 6 W0 TRACKED 23 nsol=64 0.08s 2026-07-22T17:35:07.028
ATTEMPT 6 W0 TRACK 24 2026-07-22T17:35:07.028
ATTEMPT 6 W0 TRACKED 24 nsol=64 0.08s 2026-07-22T17:35:07.107
ATTEMPT 6 W0 TRACK 25 2026-07-22T17:35:07.107
ATTEMPT 6 W0 TRACKED 25 nsol=64 0.10s 2026-07-22T17:35:07.208
ATTEMPT 6 W0 DONE ptrack seed=113950 nsol=64 1.55s 2026-07-22T17:35:07.209
ATTEMPT 7 W0 START ptrack6x2 seed=113951 2026-07-22T17:35:07.209
ATTEMPT 7 W0 SOLVE ptrack fresh 2026-07-22T17:35:07.378
ATTEMPT 7 W0 FRESH-DONE nsol=64 0.17s 2026-07-22T17:35:07.554
ATTEMPT 7 W0 TRACK 1 2026-07-22T17:35:07.559
ATTEMPT 7 W0 TRACKED 1 nsol=64 0.06s 2026-07-22T17:35:07.617
ATTEMPT 7 W0 TRACK 2 2026-07-22T17:35:07.617
ATTEMPT 7 W0 TRACKED 2 nsol=64 0.06s 2026-07-22T17:35:07.676
ATTEMPT 7 W0 TRACK 3 2026-07-22T17:35:07.679
ATTEMPT 7 W0 TRACKED 3 nsol=64 0.05s 2026-07-22T17:35:07.730
ATTEMPT 7 W0 TRACK 4 2026-07-22T17:35:07.735
ATTEMPT 7 W0 TRACKED 4 nsol=64 0.04s 2026-07-22T17:35:07.779
ATTEMPT 7 W0 TRACK 5 2026-07-22T17:35:07.783
ATTEMPT 7 W0 TRACKED 5 nsol=64 0.07s 2026-07-22T17:35:07.849
ATTEMPT 7 W0 TRACK 6 2026-07-22T17:35:07.850
ATTEMPT 7 W0 TRACKED 6 nsol=64 0.07s 2026-07-22T17:35:07.916
ATTEMPT 7 W0 TRACK 7 2026-07-22T17:35:07.916
ATTEMPT 7 W0 TRACKED 7 nsol=64 0.04s 2026-07-22T17:35:07.957
ATTEMPT 7 W0 TRACK 8 2026-07-22T17:35:07.957
ATTEMPT 7 W0 TRACKED 8 nsol=64 0.05s 2026-07-22T17:35:08.009
ATTEMPT 7 W0 TRACK 9 2026-07-22T17:35:08.009
ATTEMPT 7 W0 TRACKED 9 nsol=64 0.02s 2026-07-22T17:35:08.032
ATTEMPT 7 W0 TRACK 10 2026-07-22T17:35:08.032
ATTEMPT 7 W0 TRACKED 10 nsol=64 0.02s 2026-07-22T17:35:08.056
ATTEMPT 7 W0 TRACK 11 2026-07-22T17:35:08.056
ATTEMPT 7 W0 TRACKED 11 nsol=64 0.02s 2026-07-22T17:35:08.080
ATTEMPT 7 W0 TRACK 12 2026-07-22T17:35:08.083
ATTEMPT 7 W0 TRACKED 12 nsol=64 0.06s 2026-07-22T17:35:08.143
ATTEMPT 7 W0 TRACK 13 2026-07-22T17:35:08.147
ATTEMPT 7 W0 TRACKED 13 nsol=64 0.04s 2026-07-22T17:35:08.190
ATTEMPT 7 W0 TRACK 14 2026-07-22T17:35:08.190
ATTEMPT 7 W0 TRACKED 14 nsol=64 0.09s 2026-07-22T17:35:08.285
ATTEMPT 7 W0 TRACK 15 2026-07-22T17:35:08.291
ATTEMPT 7 W0 TRACKED 15 nsol=64 0.08s 2026-07-22T17:35:08.373
ATTEMPT 7 W0 TRACK 16 2026-07-22T17:35:08.379
ATTEMPT 7 W0 TRACKED 16 nsol=64 0.11s 2026-07-22T17:35:08.488
ATTEMPT 7 W0 TRACK 17 2026-07-22T17:35:08.488
ATTEMPT 7 W0 TRACKED 17 nsol=64 0.10s 2026-07-22T17:35:08.587
ATTEMPT 7 W0 TRACK 18 2026-07-22T17:35:08.587
ATTEMPT 7 W0 TRACKED 18 nsol=64 0.09s 2026-07-22T17:35:08.675
ATTEMPT 7 W0 TRACK 19 2026-07-22T17:35:08.676
ATTEMPT 7 W0 TRACKED 19 nsol=64 0.08s 2026-07-22T17:35:08.754
ATTEMPT 7 W0 TRACK 20 2026-07-22T17:35:08.754
ATTEMPT 7 W0 TRACKED 20 nsol=64 0.10s 2026-07-22T17:35:08.852
ATTEMPT 7 W0 TRACK 21 2026-07-22T17:35:08.852
┌ Warning: Ingored unsupported keyword arguments: gamma = -0.7648651280678944 + 0.6441904499957163im
└ @ HomotopyContinuation ~/.julia/packages/HomotopyContinuation/98yZ2/src/utils.jl:170
┌ Warning: Ingored unsupported keyword arguments: gamma = 0.7356986940929388 - 0.6773089631105914im
└ @ HomotopyContinuation ~/.julia/packages/HomotopyContinuation/98yZ2/src/utils.jl:170
┌ Warning: Ingored unsupported keyword arguments: gamma = 0.6002088665908709 - 0.799843307445716im
└ @ HomotopyContinuation ~/.julia/packages/HomotopyContinuation/98yZ2/src/utils.jl:170
┌ Warning: Ingored unsupported keyword arguments: gamma = -0.9883148101795404 + 0.15242649369377745im
└ @ HomotopyContinuation ~/.julia/packages/HomotopyContinuation/98yZ2/src/utils.jl:170
┌ Warning: Ingored unsupported keyword arguments: gamma = -0.5179968696829025 - 0.8553825126799789im
└ @ HomotopyContinuation ~/.julia/packages/HomotopyContinuation/98yZ2/src/utils.jl:170
┌ Warning: Ingored unsupported keyword arguments: gamma = 0.5739894774055243 + 0.8188626745845319im
└ @ HomotopyContinuation ~/.julia/packages/HomotopyContinuation/98yZ2/src/utils.jl:170
┌ Warning: Ingored unsupported keyword arguments: gamma = 0.9978696664362974 + 0.06523901291644897im
└ @ HomotopyContinuation ~/.julia/packages/HomotopyContinuation/98yZ2/src/utils.jl:170
┌ Warning: Ingored unsupported keyword arguments: gamma = -0.37692852322264003 + 0.9262423486222165im
└ @ HomotopyContinuation ~/.julia/packages/HomotopyContinuation/98yZ2/src/utils.jl:170
┌ Warning: Ingored unsupported keyword arguments: gamma = 0.9782776719387463 + 0.2072988099003627im
└ @ HomotopyContinuation ~/.julia/packages/HomotopyContinuation/98yZ2/src/utils.jl:170
┌ Warning: Ingored unsupported keyword arguments: gamma = 0.9768758624708305 - 0.2138072714429306im
└ @ HomotopyContinuation ~/.julia/packages/HomotopyContinuation/98yZ2/src/utils.jl:170
┌ Warning: Ingored unsupported keyword arguments: gamma = -0.791474542450812 - 0.6112021340377322im
└ @ HomotopyContinuation ~/.julia/packages/HomotopyContinuation/98yZ2/src/utils.jl:170
┌ Warning: Ingored unsupported keyword arguments: gamma = -0.4879101513275242 - 0.8728938562228242im
└ @ HomotopyContinuation ~/.julia/packages/HomotopyContinuation/98yZ2/src/utils.jl:170
┌ Warning: Ingored unsupported keyword arguments: gamma = 0.18387102490459636 - 0.9829503783002137im
└ @ HomotopyContinuation ~/.julia/packages/HomotopyContinuation/98yZ2/src/utils.jl:170
┌ Warning: Ingored unsupported keyword arguments: gamma = 0.9844494499315075 - 0.17566809764311853im
└ @ HomotopyContinuation ~/.julia/packages/HomotopyContinuation/98yZ2/src/utils.jl:170
┌ Warning: Ingored unsupported keyword arguments: gamma = -0.19613069158968405 - 0.9805777642882548im
└ @ HomotopyContinuation ~/.julia/packages/HomotopyContinuation/98yZ2/src/utils.jl:170
┌ Warning: Ingored unsupported keyword arguments: gamma = -0.9999965299099588 + 0.00263441986798605im
└ @ HomotopyContinuation ~/.julia/packages/HomotopyContinuation/98yZ2/src/utils.jl:170
┌ Warning: Ingored unsupported keyword arguments: gamma = -0.913662543201071 - 0.40647356267210183im
└ @ HomotopyContinuation ~/.julia/packages/HomotopyContinuation/98yZ2/src/utils.jl:170
┌ Warning: Ingored unsupported keyword arguments: gamma = -0.9548281892422266 + 0.29715842412492827im
└ @ HomotopyContinuation ~/.julia/packages/HomotopyContinuation/98yZ2/src/utils.jl:170
┌ Warning: Ingored unsupported keyword arguments: gamma = -0.35990473521760846 - 0.9329890575821043im
└ @ HomotopyContinuation ~/.julia/packages/HomotopyContinuation/98yZ2/src/utils.jl:170
┌ Warning: Ingored unsupported keyword arguments: gamma = -0.5093927817002958 + 0.8605341329381623im
└ @ HomotopyContinuation ~/.julia/packages/HomotopyContinuation/98yZ2/src/utils.jl:170
┌ Warning: Ingored unsupported keyword arguments: gamma = -0.24917423154127097 + 0.9684586735301703im
└ @ HomotopyContinuation ~/.julia/packages/HomotopyContinuation/98yZ2/src/utils.jl:170
┌ Warning: Ingored unsupported keyword arguments: gamma = -0.440036183663979 - 0.8979800426882776im
└ @ HomotopyContinuation ~/.julia/packages/HomotopyContinuation/98yZ2/src/utils.jl:170
┌ Warning: Ingored unsupported keyword arguments: gamma = 0.8694652855689406 + 0.493994045703509im
└ @ HomotopyContinuation ~/.julia/packages/HomotopyContinuation/98yZ2/src/utils.jl:170
┌ Warning: Ingored unsupported keyword arguments: gamma = -0.5679634953218288 + 0.8230537455001411im
└ @ HomotopyContinuation ~/.julia/packages/HomotopyContinuation/98yZ2/src/utils.jl:170
┌ Warning: Ingored unsupported keyword arguments: gamma = -0.758765546815569 - 0.6513638345545988im
└ @ HomotopyContinuation ~/.julia/packages/HomotopyContinuation/98yZ2/src/utils.jl:170
┌ Warning: Ingored unsupported keyword arguments: gamma = 0.9933192166345469 - 0.11539902020610979im
└ @ HomotopyContinuation ~/.julia/packages/HomotopyContinuation/98yZ2/src/utils.jl:170
┌ Warning: Ingored unsupported keyword arguments: gamma = -0.7665099519463506 + 0.6422324295511737im
└ @ HomotopyContinuation ~/.julia/packages/HomotopyContinuation/98yZ2/src/utils.jl:170
┌ Warning: Ingored unsupported keyword arguments: gamma = -0.930230812039236 + 0.3669749805270431im
└ @ HomotopyContinuation ~/.julia/packages/HomotopyContinuation/98yZ2/src/utils.jl:170
┌ Warning: Ingored unsupported keyword arguments: gamma = 0.8947868687714992 - 0.44649351560139816im
└ @ HomotopyContinuation ~/.julia/packages/HomotopyContinuation/98yZ2/src/utils.jl:170
┌ Warning: Ingored unsupported keyword arguments: gamma = 0.807927463208438 + 0.5892819479617358im
└ @ HomotopyContinuation ~/.julia/packages/HomotopyContinuation/98yZ2/src/utils.jl:170
┌ Warning: Ingored unsupported keyword arguments: gamma = 0.40704873726544083 - 0.9134064404691977im
└ @ HomotopyContinuation ~/.julia/packages/HomotopyContinuation/98yZ2/src/utils.jl:170
┌ Warning: Ingored unsupported keyword arguments: gamma = 0.9890093090367579 + 0.14785326049375688im
└ @ HomotopyContinuation ~/.julia/packages/HomotopyContinuation/98yZ2/src/utils.jl:170
┌ Warning: Ingored unsupported keyword arguments: gamma = -0.9230012038436415 - 0.3847970604139129im
└ @ HomotopyContinuation ~/.julia/packages/HomotopyContinuation/98yZ2/src/utils.jl:170
┌ Warning: Ingored unsupported keyword arguments: gamma = 0.5273403360197153 + 0.8496541472897157im
└ @ HomotopyContinuation ~/.julia/packages/HomotopyContinuation/98yZ2/src/utils.jl:170
┌ Warning: Ingored unsupported keyword arguments: gamma = -0.8856714050417585 + 0.4643125696030179im
└ @ HomotopyContinuation ~/.julia/packages/HomotopyContinuation/98yZ2/src/utils.jl:170
┌ Warning: Ingored unsupported keyword arguments: gamma = 0.7755282610793568 + 0.631312851340149im
└ @ HomotopyContinuation ~/.julia/packages/HomotopyContinuation/98yZ2/src/utils.jl:170
┌ Warning: Ingored unsupported keyword arguments: gamma = 0.9066808494805748 - 0.42181730308888843im
└ @ HomotopyContinuation ~/.julia/packages/HomotopyContinuation/98yZ2/src/utils.jl:170
┌ Warning: Ingored unsupported keyword arguments: gamma = -0.9412145916568291 - 0.337809254539109im
└ @ HomotopyContinuation ~/.julia/packages/HomotopyContinuation/98yZ2/src/utils.jl:170
┌ Warning: Ingored unsupported keyword arguments: gamma = -0.8354241271409997 - 0.549605793083278im
└ @ HomotopyContinuation ~/.julia/packages/HomotopyContinuation/98yZ2/src/utils.jl:170
┌ Warning: Ingored unsupported keyword arguments: gamma = 0.29191262263415707 - 0.9564449909675141im
└ @ HomotopyContinuation ~/.julia/packages/HomotopyContinuation/98yZ2/src/utils.jl:170
┌ Warning: Ingored unsupported keyword arguments: gamma = -0.3179754110837999 + 0.948098959996312im
└ @ HomotopyContinuation ~/.julia/packages/HomotopyContinuation/98yZ2/src/utils.jl:170
┌ Warning: Ingored unsupported keyword arguments: gamma = -0.3693218587771761 - 0.9293015466625306im
└ @ HomotopyContinuation ~/.julia/packages/HomotopyContinuation/98yZ2/src/utils.jl:170
┌ Warning: Ingored unsupported keyword arguments: gamma = -0.9409400519147924 - 0.3385732102553121im
└ @ HomotopyContinuation ~/.julia/packages/HomotopyContinuation/98yZ2/src/utils.jl:170
┌ Warning: Ingored unsupported keyword arguments: gamma = 0.14741110732187993 - 0.9890753082744191im
└ @ HomotopyContinuation ~/.julia/packages/HomotopyContinuation/98yZ2/src/utils.jl:170
┌ Warning: Ingored unsupported keyword arguments: gamma = 0.8165502099098683 + 0.577274418882519im
└ @ HomotopyContinuation ~/.julia/packages/HomotopyContinuation/98yZ2/src/utils.jl:170
┌ Warning: Ingored unsupported keyword arguments: gamma = 0.9987217862371354 + 0.050544967062070574im
└ @ HomotopyContinuation ~/.julia/packages/HomotopyContinuation/98yZ2/src/utils.jl:170
┌ Warning: Ingored unsupported keyword arguments: gamma = 0.9812799038743601 - 0.19258699398538454im
└ @ HomotopyContinuation ~/.julia/packages/HomotopyContinuation/98yZ2/src/utils.jl:170
┌ Warning: Ingored unsupported keyword arguments: gamma = 0.6449250196357628 - 0.7642458498728083im
└ @ HomotopyContinuation ~/.julia/packages/HomotopyContinuation/98yZ2/src/utils.jl:170
┌ Warning: Ingored unsupported keyword arguments: gamma = -0.8991014593707517 + 0.4377402948751515im
└ @ HomotopyContinuation ~/.julia/packages/HomotopyContinuation/98yZ2/src/utils.jl:170
┌ Warning: Ingored unsupported keyword arguments: gamma = 0.9956219739423893 + 0.09347130577380623im
└ @ HomotopyContinuation ~/.julia/packages/HomotopyContinuation/98yZ2/src/utils.jl:170
┌ Warning: Ingored unsupported keyword arguments: gamma = 0.6003956382242819 + 0.7997031184141132im
└ @ HomotopyContinuation ~/.julia/packages/HomotopyContinuation/98yZ2/src/utils.jl:170
┌ Warning: Ingored unsupported keyword arguments: gamma = -0.016763728964219744 - 0.9998594788225065im
└ @ HomotopyContinuation ~/.julia/packages/HomotopyContinuation/98yZ2/src/utils.jl:170
┌ Warning: Ingored unsupported keyword arguments: gamma = -0.12260764547913501 + 0.9924552207883551im
└ @ HomotopyContinuation ~/.julia/packages/HomotopyContinuation/98yZ2/src/utils.jl:170
┌ Warning: Ingored unsupported keyword arguments: gamma = -0.9993553551267226 - 0.035900893854363im
└ @ HomotopyContinuation ~/.julia/packages/HomotopyContinuation/98yZ2/src/utils.jl:170
┌ Warning: Ingored unsupported keyword arguments: gamma = 0.5674424986257842 + 0.8234130256155333im
└ @ HomotopyContinuation ~/.julia/packages/HomotopyContinuation/98yZ2/src/utils.jl:170
┌ Warning: Ingored unsupported keyword arguments: gamma = -0.836442441372974 - 0.5480547803550472im
└ @ HomotopyContinuation ~/.julia/packages/HomotopyContinuation/98yZ2/src/utils.jl:170
┌ Warning: Ingored unsupported keyword arguments: gamma = 0.8705088438334816 + 0.49215277384943706im
└ @ HomotopyContinuation ~/.julia/packages/HomotopyContinuation/98yZ2/src/utils.jl:170
┌ Warning: Ingored unsupported keyword arguments: gamma = 0.8509682478676159 + 0.5252171371167547im
└ @ HomotopyContinuation ~/.julia/packages/HomotopyContinuation/98yZ2/src/utils.jl:170
┌ Warning: Ingored unsupported keyword arguments: gamma = -0.3377999399566172 - 0.9412179346810736im
└ @ HomotopyContinuation ~/.julia/packages/HomotopyContinuation/98yZ2/src/utils.jl:170
┌ Warning: Ingored unsupported keyword arguments: gamma = 0.7777063222387938 - 0.6286277724932374im
└ @ HomotopyContinuation ~/.julia/packages/HomotopyContinuation/98yZ2/src/utils.jl:170
┌ Warning: Ingored unsupported keyword arguments: gamma = 0.9840484625809632 - 0.17790059947072276im
└ @ HomotopyContinuation ~/.julia/packages/HomotopyContinuation/98yZ2/src/utils.jl:170
┌ Warning: Ingored unsupported keyword arguments: gamma = -0.4195321633524801 - 0.9077404716728168im
└ @ HomotopyContinuation ~/.julia/packages/HomotopyContinuation/98yZ2/src/utils.jl:170
┌ Warning: Ingored unsupported keyword arguments: gamma = -0.999998316616076 - 0.001834874659001872im
└ @ HomotopyContinuation ~/.julia/packages/HomotopyContinuation/98yZ2/src/utils.jl:170
┌ Warning: Ingored unsupported keyword arguments: gamma = 0.9075909997491817 + 0.41985542413345217im
└ @ HomotopyContinuation ~/.julia/packages/HomotopyContinuation/98yZ2/src/utils.jl:170
┌ Warning: Ingored unsupported keyword arguments: gamma = -0.6093258364765478 - 0.7929199360604797im
└ @ HomotopyContinuation ~/.julia/packages/HomotopyContinuation/98yZ2/src/utils.jl:170
┌ Warning: Ingored unsupported keyword arguments: gamma = -0.08026336026236687 - 0.9967736919679379im
└ @ HomotopyContinuation ~/.julia/packages/HomotopyContinuation/98yZ2/src/utils.jl:170
┌ Warning: Ingored unsupported keyword arguments: gamma = 0.9439659888158473 - 0.3300427426242238im
└ @ HomotopyContinuation ~/.julia/packages/HomotopyContinuation/98yZ2/src/utils.jl:170
┌ Warning: Ingored unsupported keyword arguments: gamma = 0.5937979563206035 - 0.8046141852276im
└ @ HomotopyContinuation ~/.julia/packages/HomotopyContinuation/98yZ2/src/utils.jl:170
┌ Warning: Ingored unsupported keyword arguments: gamma = 0.2536919561548327 + 0.967285062110614im
└ @ HomotopyContinuation ~/.julia/packages/HomotopyContinuation/98yZ2/src/utils.jl:170
┌ Warning: Ingored unsupported keyword arguments: gamma = -0.7587498417449777 - 0.651382128747766im
└ @ HomotopyContinuation ~/.julia/packages/HomotopyContinuation/98yZ2/src/utils.jl:170
┌ Warning: Ingored unsupported keyword arguments: gamma = 0.46240882405616873 + 0.8866668367741015im
└ @ HomotopyContinuation ~/.julia/packages/HomotopyContinuation/98yZ2/src/utils.jl:170
┌ Warning: Ingored unsupported keyword arguments: gamma = -0.8985860710947474 + 0.4387973026746012im
└ @ HomotopyContinuation ~/.julia/packages/HomotopyContinuation/98yZ2/src/utils.jl:170
┌ Warning: Ingored unsupported keyword arguments: gamma = -0.4770645965932814 - 0.8788682328297511im
└ @ HomotopyContinuation ~/.julia/packages/HomotopyContinuation/98yZ2/src/utils.jl:170
┌ Warning: Ingored unsupported keyword arguments: gamma = -0.9995181779243837 - 0.031038878825114097im
└ @ HomotopyContinuation ~/.julia/packages/HomotopyContinuation/98yZ2/src/utils.jl:170
┌ Warning: Ingored unsupported keyword arguments: gamma = 0.48113911570582996 - 0.8766442558631249im
└ @ HomotopyContinuation ~/.julia/packages/HomotopyContinuation/98yZ2/src/utils.jl:170
┌ Warning: Ingored unsupported keyword arguments: gamma = -0.5219811635348603 + 0.8529570123486842im
└ @ HomotopyContinuation ~/.julia/packages/HomotopyContinuation/98yZ2/src/utils.jl:170
┌ Warning: Ingored unsupported keyword arguments: gamma = -0.3429600104664214 - 0.9393500046419716im
└ @ HomotopyContinuation ~/.julia/packages/HomotopyContinuation/98yZ2/src/utils.jl:170
┌ Warning: Ingored unsupported keyword arguments: gamma = 0.7142147096346124 + 0.6999266736891417im
└ @ HomotopyContinuation ~/.julia/packages/HomotopyContinuation/98yZ2/src/utils.jl:170
┌ Warning: Ingored unsupported keyword arguments: gamma = 0.905428004169716 - 0.42449985779178395im
└ @ HomotopyContinuation ~/.julia/packages/HomotopyContinuation/98yZ2/src/utils.jl:170
┌ Warning: Ingored unsupported keyword arguments: gamma = 0.4201558201197778 + 0.9074519749383307im
└ @ HomotopyContinuation ~/.julia/packages/HomotopyContinuation/98yZ2/src/utils.jl:170
┌ Warning: Ingored unsupported keyword arguments: gamma = 0.877045045255144 + 0.48040814792570113im
└ @ HomotopyContinuation ~/.julia/packages/HomotopyContinuation/98yZ2/src/utils.jl:170
┌ Warning: Ingored unsupported keyword arguments: gamma = 0.28259596272308196 - 0.9592390326986358im
└ @ HomotopyContinuation ~/.julia/packages/HomotopyContinuation/98yZ2/src/utils.jl:170
┌ Warning: Ingored unsupported keyword arguments: gamma = 0.5842162235909389 - 0.8115980557475123im
└ @ HomotopyContinuation ~/.julia/packages/HomotopyContinuation/98yZ2/src/utils.jl:170
┌ Warning: Ingored unsupported keyword arguments: gamma = -0.663531742569635 - 0.7481481314569352im
└ @ HomotopyContinuation ~/.julia/packages/HomotopyContinuation/98yZ2/src/utils.jl:170
┌ Warning: Ingored unsupported keyword arguments: gamma = 0.43801484352542297 + 0.8989677396054873im
└ @ HomotopyContinuation ~/.julia/packages/HomotopyContinuation/98yZ2/src/utils.jl:170
┌ Warning: Ingored unsupported keyword arguments: gamma = -0.6305262244170177 + 0.7761679459514034im
└ @ HomotopyContinuation ~/.julia/packages/HomotopyContinuation/98yZ2/src/utils.jl:170
┌ Warning: Ingored unsupported keyword arguments: gamma = -0.8708191955567368 - 0.4916034261983105im
└ @ HomotopyContinuation ~/.julia/packages/HomotopyContinuation/98yZ2/src/utils.jl:170
┌ Warning: Ingored unsupported keyword arguments: gamma = 0.9877815796883438 - 0.15584463682911917im
└ @ HomotopyContinuation ~/.julia/packages/HomotopyContinuation/98yZ2/src/utils.jl:170
┌ Warning: Ingored unsupported keyword arguments: gamma = 0.45571812680829804 - 0.8901241424084261im
└ @ HomotopyContinuation ~/.julia/packages/HomotopyContinuation/98yZ2/src/utils.jl:170
┌ Warning: Ingored unsupported keyword arguments: gamma = 0.6376366933034547 - 0.7703372296293591im
└ @ HomotopyContinuation ~/.julia/packages/HomotopyContinuation/98yZ2/src/utils.jl:170
┌ Warning: Ingored unsupported keyword arguments: gamma = -0.28592175778550943 + 0.9582529668228763im
└ @ HomotopyContinuation ~/.julia/packages/HomotopyContinuation/98yZ2/src/utils.jl:170
┌ Warning: Ingored unsupported keyword arguments: gamma = 0.7056115015307025 + 0.7085989055224312im
└ @ HomotopyContinuation ~/.julia/packages/HomotopyContinuation/98yZ2/src/utils.jl:170
┌ Warning: Ingored unsupported keyword arguments: gamma = 0.2975646874055588 - 0.9547016585348703im
└ @ HomotopyContinuation ~/.julia/packages/HomotopyContinuation/98yZ2/src/utils.jl:170
┌ Warning: Ingored unsupported keyword arguments: gamma = -0.9706900702653815 - 0.2403347404937305im
└ @ HomotopyContinuation ~/.julia/packages/HomotopyContinuation/98yZ2/src/utils.jl:170
┌ Warning: Ingored unsupported keyword arguments: gamma = 0.11907159580528769 + 0.9928856706954644im
└ @ HomotopyContinuation ~/.julia/packages/HomotopyContinuation/98yZ2/src/utils.jl:170
┌ Warning: Ingored unsupported keyword arguments: gamma = -0.9917041842708536 - 0.12854108642640602im
└ @ HomotopyContinuation ~/.julia/packages/HomotopyContinuation/98yZ2/src/utils.jl:170
┌ Warning: Ingored unsupported keyword arguments: gamma = -0.13861579363232251 + 0.9903462332718196im
└ @ HomotopyContinuation ~/.julia/packages/HomotopyContinuation/98yZ2/src/utils.jl:170
┌ Warning: Ingored unsupported keyword arguments: gamma = -0.29179344693395526 + 0.956481355974282im
└ @ HomotopyContinuation ~/.julia/packages/HomotopyContinuation/98yZ2/src/utils.jl:170
┌ Warning: Ingored unsupported keyword arguments: gamma = -0.7276935854302957 - 0.6859023587389104im
└ @ HomotopyContinuation ~/.julia/packages/HomotopyContinuation/98yZ2/src/utils.jl:170
┌ Warning: Ingored unsupported keyword arguments: gamma = -0.7693409248641067 + 0.6388384313183115im
└ @ HomotopyContinuation ~/.julia/packages/HomotopyContinuation/98yZ2/src/utils.jl:170
┌ Warning: Ingored unsupported keyword arguments: gamma = -0.41269647001623033 - 0.9108686094251699im
└ @ HomotopyContinuation ~/.julia/packages/HomotopyContinuation/98yZ2/src/utils.jl:170
┌ Warning: Ingored unsupported keyword arguments: gamma = -0.15257789777174963 - 0.9882914474544204im
└ @ HomotopyContinuation ~/.julia/packages/HomotopyContinuation/98yZ2/src/utils.jl:170
┌ Warning: Ingored unsupported keyword arguments: gamma = -0.8479251172845927 + 0.5301160207708401im
└ @ HomotopyContinuation ~/.julia/packages/HomotopyContinuation/98yZ2/src/utils.jl:170
┌ Warning: Ingored unsupported keyword arguments: gamma = -0.8269000469515083 - 0.5623489240245716im
└ @ HomotopyContinuation ~/.julia/packages/HomotopyContinuation/98yZ2/src/utils.jl:170
┌ Warning: Ingored unsupported keyword arguments: gamma = 0.8276672371646717 + 0.561219159085111im
└ @ HomotopyContinuation ~/.julia/packages/HomotopyContinuation/98yZ2/src/utils.jl:170
┌ Warning: Ingored unsupported keyword arguments: gamma = -0.9119668081771795 - 0.4102639891376375im
└ @ HomotopyContinuation ~/.julia/packages/HomotopyContinuation/98yZ2/src/utils.jl:170
┌ Warning: Ingored unsupported keyword arguments: gamma = 0.460444406597674 - 0.8876885424702269im
└ @ HomotopyContinuation ~/.julia/packages/HomotopyContinuation/98yZ2/src/utils.jl:170
┌ Warning: Ingored unsupported keyword arguments: gamma = 0.5498813492441018 - 0.8352427801265248im
└ @ HomotopyContinuation ~/.julia/packages/HomotopyContinuation/98yZ2/src/utils.jl:170
┌ Warning: Ingored unsupported keyword arguments: gamma = 0.996748680302248 - 0.08057337224993867im
└ @ HomotopyContinuation ~/.julia/packages/HomotopyContinuation/98yZ2/src/utils.jl:170
┌ Warning: Ingored unsupported keyword arguments: gamma = 0.014399306849875273 - 0.999896324606828im
└ @ HomotopyContinuation ~/.julia/packages/HomotopyContinuation/98yZ2/src/utils.jl:170
┌ Warning: Ingored unsupported keyword arguments: gamma = -0.9993563881711289 - 0.035872125969280556im
└ @ HomotopyContinuation ~/.julia/packages/HomotopyContinuation/98yZ2/src/utils.jl:170
┌ Warning: Ingored unsupported keyword arguments: gamma = -0.9057121941267549 + 0.4238931721673511im
└ @ HomotopyContinuation ~/.julia/packages/HomotopyContinuation/98yZ2/src/utils.jl:170
┌ Warning: Ingored unsupported keyword arguments: gamma = -0.6712086917712682 - 0.7412684345705696im
└ @ HomotopyContinuation ~/.julia/packages/HomotopyContinuation/98yZ2/src/utils.jl:170
┌ Warning: Ingored unsupported keyword arguments: gamma = -0.9996332492854467 - 0.02708074819904344im
└ @ HomotopyContinuation ~/.julia/packages/HomotopyContinuation/98yZ2/src/utils.jl:170
┌ Warning: Ingored unsupported keyword arguments: gamma = 0.8813662868587312 - 0.4724335597614259im
└ @ HomotopyContinuation ~/.julia/packages/HomotopyContinuation/98yZ2/src/utils.jl:170
┌ Warning: Ingored unsupported keyword arguments: gamma = -0.9198254085907284 + 0.3923279466350817im
└ @ HomotopyContinuation ~/.julia/packages/HomotopyContinuation/98yZ2/src/utils.jl:170
┌ Warning: Ingored unsupported keyword arguments: gamma = 0.0872259101228824 - 0.9961885567518003im
└ @ HomotopyContinuation ~/.julia/packages/HomotopyContinuation/98yZ2/src/utils.jl:170
┌ Warning: Ingored unsupported keyword arguments: gamma = -0.9976740599591242 + 0.06816502097614179im
└ @ HomotopyContinuation ~/.julia/packages/HomotopyContinuation/98yZ2/src/utils.jl:170
┌ Warning: Ingored unsupported keyword arguments: gamma = -0.6793820610030923 + 0.7337847199193989im
└ @ HomotopyContinuation ~/.julia/packages/HomotopyContinuation/98yZ2/src/utils.jl:170
┌ Warning: Ingored unsupported keyword arguments: gamma = -0.03431272457270782 - 0.9994111450911469im
└ @ HomotopyContinuation ~/.julia/packages/HomotopyContinuation/98yZ2/src/utils.jl:170
┌ Warning: Ingored unsupported keyword arguments: gamma = 0.6342331761368927 - 0.7731418228807114im
└ @ HomotopyContinuation ~/.julia/packages/HomotopyContinuation/98yZ2/src/utils.jl:170
┌ Warning: Ingored unsupported keyword arguments: gamma = -0.999958323643186 + 0.009129675608107452im
└ @ HomotopyContinuation ~/.julia/packages/HomotopyContinuation/98yZ2/src/utils.jl:170
┌ Warning: Ingored unsupported keyword arguments: gamma = -0.5301390143079104 + 0.8479107414749723im
└ @ HomotopyContinuation ~/.julia/packages/HomotopyContinuation/98yZ2/src/utils.jl:170
┌ Warning: Ingored unsupported keyword arguments: gamma = 0.5317281682000412 - 0.8469150814235326im
└ @ HomotopyContinuation ~/.julia/packages/HomotopyContinuation/98yZ2/src/utils.jl:170
┌ Warning: Ingored unsupported keyword arguments: gamma = -0.7903399888794083 - 0.6126685090471818im
└ @ HomotopyContinuation ~/.julia/packages/HomotopyContinuation/98yZ2/src/utils.jl:170
┌ Warning: Ingored unsupported keyword arguments: gamma = -0.4653996179567464 + 0.8851006697578048im
└ @ HomotopyContinuation ~/.julia/packages/HomotopyContinuation/98yZ2/src/utils.jl:170
┌ Warning: Ingored unsupported keyword arguments: gamma = -0.5628826945053667 + 0.8265367942362748im
└ @ HomotopyContinuation ~/.julia/packages/HomotopyContinuation/98yZ2/src/utils.jl:170
┌ Warning: Ingored unsupported keyword arguments: gamma = 0.9671539130537848 + 0.25419147992163715im
└ @ HomotopyContinuation ~/.julia/packages/HomotopyContinuation/98yZ2/src/utils.jl:170
┌ Warning: Ingored unsupported keyword arguments: gamma = 0.9735103561794952 - 0.2286429233789499im
└ @ HomotopyContinuation ~/.julia/packages/HomotopyContinuation/98yZ2/src/utils.jl:170
┌ Warning: Ingored unsupported keyword arguments: gamma = -0.7076954358097157 - 0.706517636109741im
└ @ HomotopyContinuation ~/.julia/packages/HomotopyContinuation/98yZ2/src/utils.jl:170
┌ Warning: Ingored unsupported keyword arguments: gamma = -0.987545496272574 + 0.15733369884343082im
└ @ HomotopyContinuation ~/.julia/packages/HomotopyContinuation/98yZ2/src/utils.jl:170
┌ Warning: Ingored unsupported keyword arguments: gamma = 0.25093174501486704 + 0.9680047827070865im
└ @ HomotopyContinuation ~/.julia/packages/HomotopyContinuation/98yZ2/src/utils.jl:170
┌ Warning: Ingored unsupported keyword arguments: gamma = -0.9319467320862991 - 0.3625952130870841im
└ @ HomotopyContinuation ~/.julia/packages/HomotopyContinuation/98yZ2/src/utils.jl:170
┌ Warning: Ingored unsupported keyword arguments: gamma = 0.9188661879701877 + 0.394569295061255im
└ @ HomotopyContinuation ~/.julia/packages/HomotopyContinuation/98yZ2/src/utils.jl:170
┌ Warning: Ingored unsupported keyword arguments: gamma = 0.0854518618676886 + 0.9963423002680081im
└ @ HomotopyContinuation ~/.julia/packages/HomotopyContinuation/98yZ2/src/utils.jl:170
┌ Warning: Ingored unsupported keyword arguments: gamma = -0.6326646824575085 - 0.7744258515642023im
└ @ HomotopyContinuation ~/.julia/packages/HomotopyContinuation/98yZ2/src/utils.jl:170
┌ Warning: Ingored unsupported keyword arguments: gamma = 0.4164969189268107 + 0.9091371274590394im
└ @ HomotopyContinuation ~/.julia/packages/HomotopyContinuation/98yZ2/src/utils.jl:170
┌ Warning: Ingored unsupported keyword arguments: gamma = -0.6045581448177324 - 0.7965610143200216im
└ @ HomotopyContinuation ~/.julia/packages/HomotopyContinuation/98yZ2/src/utils.jl:170
┌ Warning: Ingored unsupported keyword arguments: gamma = -0.6295263785928296 + 0.7769791108233203im
└ @ HomotopyContinuation ~/.julia/packages/HomotopyContinuation/98yZ2/src/utils.jl:170
┌ Warning: Ingored unsupported keyword arguments: gamma = -0.9310436380825342 - 0.3649078568433943im
└ @ HomotopyContinuation ~/.julia/packages/HomotopyContinuation/98yZ2/src/utils.jl:170
┌ Warning: Ingored unsupported keyword arguments: gamma = 0.808420350623269 - 0.5886055867031427im
└ @ HomotopyContinuation ~/.julia/packages/HomotopyContinuation/98yZ2/src/utils.jl:170
┌ Warning: Ingored unsupported keyword arguments: gamma = 0.42392452652082435 + 0.9056975189400128im
└ @ HomotopyContinuation ~/.julia/packages/HomotopyContinuation/98yZ2/src/utils.jl:170
┌ Warning: Ingored unsupported keyword arguments: gamma = 0.23903359243938876 + 0.9710112984335044im
└ @ HomotopyContinuation ~/.julia/packages/HomotopyContinuation/98yZ2/src/utils.jl:170
┌ Warning: Ingored unsupported keyword arguments: gamma = 0.7152458192360982 + 0.6988729627516598im
└ @ HomotopyContinuation ~/.julia/packages/HomotopyContinuation/98yZ2/src/utils.jl:170
┌ Warning: Ingored unsupported keyword arguments: gamma = -0.41327962868171125 - 0.9106041667578217im
└ @ HomotopyContinuation ~/.julia/packages/HomotopyContinuation/98yZ2/src/utils.jl:170
┌ Warning: Ingored unsupported keyword arguments: gamma = 0.027968500035166027 - 0.999608804986122im
└ @ HomotopyContinuation ~/.julia/packages/HomotopyContinuation/98yZ2/src/utils.jl:170
┌ Warning: Ingored unsupported keyword arguments: gamma = -0.988514904868581 + 0.15112340272988964im
└ @ HomotopyContinuation ~/.julia/packages/HomotopyContinuation/98yZ2/src/utils.jl:170
┌ Warning: Ingored unsupported keyword arguments: gamma = -0.9215811269532143 + 0.38818581432561855im
└ @ HomotopyContinuation ~/.julia/packages/HomotopyContinuation/98yZ2/src/utils.jl:170
┌ Warning: Ingored unsupported keyword arguments: gamma = -0.5357311122208452 - 0.8443886400222448im
└ @ HomotopyContinuation ~/.julia/packages/HomotopyContinuation/98yZ2/src/utils.jl:170
┌ Warning: Ingored unsupported keyword arguments: gamma = -0.4504922791198654 - 0.8927803237378102im
└ @ HomotopyContinuation ~/.julia/packages/HomotopyContinuation/98yZ2/src/utils.jl:170
┌ Warning: Ingored unsupported keyword arguments: gamma = 0.5071830811838722 + 0.8618383387624582im
└ @ HomotopyContinuation ~/.julia/packages/HomotopyContinuation/98yZ2/src/utils.jl:170
┌ Warning: Ingored unsupported keyword arguments: gamma = -0.36074612652957166 + 0.9326640510890887im
└ @ HomotopyContinuation ~/.julia/packages/HomotopyContinuation/98yZ2/src/utils.jl:170
┌ Warning: Ingored unsupported keyword arguments: gamma = -0.007470929623776739 + 0.999972092215856im
└ @ HomotopyContinuation ~/.julia/packages/HomotopyContinuation/98yZ2/src/utils.jl:170
┌ Warning: Ingored unsupported keyword arguments: gamma = 0.8680863144622956 + 0.4964132861268608im
└ @ HomotopyContinuation ~/.julia/packages/HomotopyContinuation/98yZ2/src/utils.jl:170
┌ Warning: Ingored unsupported keyword arguments: gamma = 0.020982535174732492 - 0.9997798423741304im
└ @ HomotopyContinuation ~/.julia/packages/HomotopyContinuation/98yZ2/src/utils.jl:170
┌ Warning: Ingored unsupported keyword arguments: gamma = 0.1366392408720936 - 0.990620874933442im
└ @ HomotopyContinuation ~/.julia/packages/HomotopyContinuation/98yZ2/src/utils.jl:170
┌ Warning: Ingored unsupported keyword arguments: gamma = -0.9368731883250826 + 0.3496693137774522im
└ @ HomotopyContinuation ~/.julia/packages/HomotopyContinuation/98yZ2/src/utils.jl:170
┌ Warning: Ingored unsupported keyword arguments: gamma = 0.9518060366878511 - 0.3067006170919207im
└ @ HomotopyContinuation ~/.julia/packages/HomotopyContinuation/98yZ2/src/utils.jl:170
┌ Warning: Ingored unsupported keyword arguments: gamma = -0.2738021551297349 + 0.9617860364167867im
└ @ HomotopyContinuation ~/.julia/packages/HomotopyContinuation/98yZ2/src/utils.jl:170
┌ Warning: Ingored unsupported keyword arguments: gamma = 0.7102447930030503 - 0.7039547812267876im
└ @ HomotopyContinuation ~/.julia/packages/HomotopyContinuation/98yZ2/src/utils.jl:170
┌ Warning: Ingored unsupported keyword arguments: gamma = -0.6940395965867234 - 0.7199368294300119im
└ @ HomotopyContinuation ~/.julia/packages/HomotopyContinuation/98yZ2/src/utils.jl:170
┌ Warning: Ingored unsupported keyword arguments: gamma = 0.8311070397103324 + 0.5561124783206433im
└ @ HomotopyContinuation ~/.julia/packages/HomotopyContinuation/98yZ2/src/utils.jl:170
┌ Warning: Ingored unsupported keyword arguments: gamma = -0.19308540520403233 - 0.9811819537156167im
└ @ HomotopyContinuation ~/.julia/packages/HomotopyContinuation/98yZ2/src/utils.jl:170
┌ Warning: Ingored unsupported keyword arguments: gamma = -0.7705004087926172 + 0.6374395030513953im
└ @ HomotopyContinuation ~/.julia/packages/HomotopyContinuation/98yZ2/src/utils.jl:170
┌ Warning: Ingored unsupported keyword arguments: gamma = 0.5743208306904135 + 0.8186303093796817im
└ @ HomotopyContinuation ~/.julia/packages/HomotopyContinuation/98yZ2/src/utils.jl:170
┌ Warning: Ingored unsupported keyword arguments: gamma = 0.6046156714581526 + 0.7965173506127832im
└ @ HomotopyContinuation ~/.julia/packages/HomotopyContinuation/98yZ2/src/utils.jl:170
┌ Warning: Ingored unsupported keyword arguments: gamma = 0.7310323361170985 + 0.682342819667048im
└ @ HomotopyContinuation ~/.julia/packages/HomotopyContinuation/98yZ2/src/utils.jl:170
┌ Warning: Ingored unsupported keyword arguments: gamma = 0.9923091781831294 - 0.12378406558811339im
└ @ HomotopyContinuation ~/.julia/packages/HomotopyContinuation/98yZ2/src/utils.jl:170
┌ Warning: Ingored unsupported keyword arguments: gamma = -0.9847752858412528 - 0.17383220759191553im
└ @ HomotopyContinuation ~/.julia/packages/HomotopyContinuation/98yZ2/src/utils.jl:170
┌ Warning: Ingored unsupported keyword arguments: gamma = -0.6845738935226083 + 0.7289434712700955im
└ @ HomotopyContinuation ~/.julia/packages/HomotopyContinuation/98yZ2/src/utils.jl:170
ATTEMPT 7 W0 TRACKED 21 nsol=64 0.08s 2026-07-22T17:35:08.937
ATTEMPT 7 W0 TRACK 22 2026-07-22T17:35:08.943
ATTEMPT 7 W0 TRACKED 22 nsol=64 0.09s 2026-07-22T17:35:09.036
ATTEMPT 7 W0 TRACK 23 2026-07-22T17:35:09.036
ATTEMPT 7 W0 TRACKED 23 nsol=64 0.06s 2026-07-22T17:35:09.101
ATTEMPT 7 W0 TRACK 24 2026-07-22T17:35:09.107
ATTEMPT 7 W0 TRACKED 24 nsol=64 0.06s 2026-07-22T17:35:09.170
ATTEMPT 7 W0 TRACK 25 2026-07-22T17:35:09.179
ATTEMPT 7 W0 TRACKED 25 nsol=64 0.08s 2026-07-22T17:35:09.264
ATTEMPT 7 W0 DONE ptrack seed=113951 nsol=64 1.88s 2026-07-22T17:35:09.264
ATTEMPT 8 W0 START ptrack6x2 seed=113952 2026-07-22T17:35:09.264
ATTEMPT 8 W0 SOLVE ptrack fresh 2026-07-22T17:35:09.378
ATTEMPT 8 W0 FRESH-DONE nsol=64 0.07s 2026-07-22T17:35:09.446
ATTEMPT 8 W0 TRACK 1 2026-07-22T17:35:09.446
ATTEMPT 8 W0 TRACKED 1 nsol=64 0.03s 2026-07-22T17:35:09.477
ATTEMPT 8 W0 TRACK 2 2026-07-22T17:35:09.477
ATTEMPT 8 W0 TRACKED 2 nsol=64 0.02s 2026-07-22T17:35:09.499
ATTEMPT 8 W0 TRACK 3 2026-07-22T17:35:09.499
ATTEMPT 8 W0 TRACKED 3 nsol=64 0.02s 2026-07-22T17:35:09.524
ATTEMPT 8 W0 TRACK 4 2026-07-22T17:35:09.524
ATTEMPT 8 W0 TRACKED 4 nsol=64 0.02s 2026-07-22T17:35:09.549
ATTEMPT 8 W0 TRACK 5 2026-07-22T17:35:09.549
ATTEMPT 8 W0 TRACKED 5 nsol=64 0.03s 2026-07-22T17:35:09.581
ATTEMPT 8 W0 TRACK 6 2026-07-22T17:35:09.582
ATTEMPT 8 W0 TRACKED 6 nsol=64 0.04s 2026-07-22T17:35:09.623
ATTEMPT 8 W0 TRACK 7 2026-07-22T17:35:09.623
ATTEMPT 8 W0 TRACKED 7 nsol=64 0.02s 2026-07-22T17:35:09.645
ATTEMPT 8 W0 TRACK 8 2026-07-22T17:35:09.645
ATTEMPT 8 W0 TRACKED 8 nsol=64 0.02s 2026-07-22T17:35:09.670
ATTEMPT 8 W0 TRACK 9 2026-07-22T17:35:09.670
ATTEMPT 8 W0 TRACKED 9 nsol=64 0.03s 2026-07-22T17:35:09.700
ATTEMPT 8 W0 TRACK 10 2026-07-22T17:35:09.700
ATTEMPT 8 W0 TRACKED 10 nsol=64 0.03s 2026-07-22T17:35:09.729
ATTEMPT 8 W0 TRACK 11 2026-07-22T17:35:09.729
ATTEMPT 8 W0 TRACKED 11 nsol=64 0.02s 2026-07-22T17:35:09.754
ATTEMPT 8 W0 TRACK 12 2026-07-22T17:35:09.754
ATTEMPT 8 W0 TRACKED 12 nsol=64 0.03s 2026-07-22T17:35:09.781
ATTEMPT 8 W0 TRACK 13 2026-07-22T17:35:09.781
ATTEMPT 8 W0 TRACKED 13 nsol=64 0.02s 2026-07-22T17:35:09.805
ATTEMPT 8 W0 TRACK 14 2026-07-22T17:35:09.805
ATTEMPT 8 W0 TRACKED 14 nsol=64 0.02s 2026-07-22T17:35:09.829
ATTEMPT 8 W0 TRACK 15 2026-07-22T17:35:09.829
ATTEMPT 8 W0 TRACKED 15 nsol=64 0.03s 2026-07-22T17:35:09.856
ATTEMPT 8 W0 TRACK 16 2026-07-22T17:35:09.857
ATTEMPT 8 W0 TRACKED 16 nsol=64 0.03s 2026-07-22T17:35:09.884
ATTEMPT 8 W0 TRACK 17 2026-07-22T17:35:09.884
ATTEMPT 8 W0 TRACKED 17 nsol=64 0.03s 2026-07-22T17:35:09.916
ATTEMPT 8 W0 TRACK 18 2026-07-22T17:35:09.916
ATTEMPT 8 W0 TRACKED 18 nsol=64 0.03s 2026-07-22T17:35:09.946
ATTEMPT 8 W0 TRACK 19 2026-07-22T17:35:09.946
ATTEMPT 8 W0 TRACKED 19 nsol=64 0.03s 2026-07-22T17:35:09.975
ATTEMPT 8 W0 TRACK 20 2026-07-22T17:35:09.975
ATTEMPT 8 W0 TRACKED 20 nsol=64 0.02s 2026-07-22T17:35:10
ATTEMPT 8 W0 TRACK 21 2026-07-22T17:35:10
ATTEMPT 8 W0 TRACKED 21 nsol=64 0.02s 2026-07-22T17:35:10.024
ATTEMPT 8 W0 TRACK 22 2026-07-22T17:35:10.024
ATTEMPT 8 W0 TRACKED 22 nsol=64 0.02s 2026-07-22T17:35:10.045
ATTEMPT 8 W0 TRACK 23 2026-07-22T17:35:10.045
ATTEMPT 8 W0 TRACKED 23 nsol=64 0.04s 2026-07-22T17:35:10.083
ATTEMPT 8 W0 TRACK 24 2026-07-22T17:35:10.083
ATTEMPT 8 W0 TRACKED 24 nsol=64 0.03s 2026-07-22T17:35:10.115
ATTEMPT 8 W0 TRACK 25 2026-07-22T17:35:10.115
ATTEMPT 8 W0 TRACKED 25 nsol=64 0.03s 2026-07-22T17:35:10.143
ATTEMPT 8 W0 DONE ptrack seed=113952 nsol=64 0.76s 2026-07-22T17:35:10.143
ATTEMPT 9 W0 START ptrack6x2 seed=113953 2026-07-22T17:35:10.143
ATTEMPT 9 W0 SOLVE ptrack fresh 2026-07-22T17:35:10.221
ATTEMPT 9 W0 FRESH-DONE nsol=64 0.09s 2026-07-22T17:35:10.309
ATTEMPT 9 W0 TRACK 1 2026-07-22T17:35:10.309
ATTEMPT 9 W0 TRACKED 1 nsol=64 0.04s 2026-07-22T17:35:10.344
ATTEMPT 9 W0 TRACK 2 2026-07-22T17:35:10.344
ATTEMPT 9 W0 TRACKED 2 nsol=64 0.03s 2026-07-22T17:35:10.373
ATTEMPT 9 W0 TRACK 3 2026-07-22T17:35:10.373
ATTEMPT 9 W0 TRACKED 3 nsol=64 0.03s 2026-07-22T17:35:10.406
ATTEMPT 9 W0 TRACK 4 2026-07-22T17:35:10.406
ATTEMPT 9 W0 TRACKED 4 nsol=64 0.04s 2026-07-22T17:35:10.444
ATTEMPT 9 W0 TRACK 5 2026-07-22T17:35:10.445
ATTEMPT 9 W0 TRACKED 5 nsol=64 0.03s 2026-07-22T17:35:10.478
ATTEMPT 9 W0 TRACK 6 2026-07-22T17:35:10.478
ATTEMPT 9 W0 TRACKED 6 nsol=64 0.03s 2026-07-22T17:35:10.510
ATTEMPT 9 W0 TRACK 7 2026-07-22T17:35:10.510
ATTEMPT 9 W0 TRACKED 7 nsol=64 0.03s 2026-07-22T17:35:10.536
ATTEMPT 9 W0 TRACK 8 2026-07-22T17:35:10.537
ATTEMPT 9 W0 TRACKED 8 nsol=64 0.03s 2026-07-22T17:35:10.567
ATTEMPT 9 W0 TRACK 9 2026-07-22T17:35:10.567
ATTEMPT 9 W0 TRACKED 9 nsol=64 0.04s 2026-07-22T17:35:10.603
ATTEMPT 9 W0 TRACK 10 2026-07-22T17:35:10.603
ATTEMPT 9 W0 TRACKED 10 nsol=64 0.05s 2026-07-22T17:35:10.651
ATTEMPT 9 W0 TRACK 11 2026-07-22T17:35:10.655
ATTEMPT 9 W0 TRACKED 11 nsol=64 0.03s 2026-07-22T17:35:10.686
ATTEMPT 9 W0 TRACK 12 2026-07-22T17:35:10.686
ATTEMPT 9 W0 TRACKED 12 nsol=64 0.03s 2026-07-22T17:35:10.714
ATTEMPT 9 W0 TRACK 13 2026-07-22T17:35:10.714
ATTEMPT 9 W0 TRACKED 13 nsol=64 0.03s 2026-07-22T17:35:10.747
ATTEMPT 9 W0 TRACK 14 2026-07-22T17:35:10.747
ATTEMPT 9 W0 TRACKED 14 nsol=64 0.04s 2026-07-22T17:35:10.783
ATTEMPT 9 W0 TRACK 15 2026-07-22T17:35:10.783
ATTEMPT 9 W0 TRACKED 15 nsol=64 0.04s 2026-07-22T17:35:10.826
ATTEMPT 9 W0 TRACK 16 2026-07-22T17:35:10.831
ATTEMPT 9 W0 TRACKED 16 nsol=64 5.60s 2026-07-22T17:35:16.435
ATTEMPT 9 W0 TRACK 17 2026-07-22T17:35:16.441
ATTEMPT 9 W0 TRACKED 17 nsol=64 0.08s 2026-07-22T17:35:16.520
ATTEMPT 9 W0 TRACK 18 2026-07-22T17:35:16.525
ATTEMPT 9 W0 TRACKED 18 nsol=64 0.09s 2026-07-22T17:35:16.619
ATTEMPT 9 W0 TRACK 19 2026-07-22T17:35:16.625
ATTEMPT 9 W0 TRACKED 19 nsol=64 0.08s 2026-07-22T17:35:16.704
ATTEMPT 9 W0 TRACK 20 2026-07-22T17:35:16.717
ATTEMPT 9 W0 TRACKED 20 nsol=64 0.10s 2026-07-22T17:35:16.816
ATTEMPT 9 W0 TRACK 21 2026-07-22T17:35:16.825
ATTEMPT 9 W0 TRACKED 21 nsol=64 0.13s 2026-07-22T17:35:16.950
ATTEMPT 9 W0 TRACK 22 2026-07-22T17:35:16.950
ATTEMPT 9 W0 TRACKED 22 nsol=64 0.09s 2026-07-22T17:35:17.044
ATTEMPT 9 W0 TRACK 23 2026-07-22T17:35:17.057
ATTEMPT 9 W0 TRACKED 23 nsol=64 0.08s 2026-07-22T17:35:17.140
ATTEMPT 9 W0 TRACK 24 2026-07-22T17:35:17.140
ATTEMPT 9 W0 TRACKED 24 nsol=64 0.09s 2026-07-22T17:35:17.235
ATTEMPT 9 W0 TRACK 25 2026-07-22T17:35:17.235
ATTEMPT 9 W0 TRACKED 25 nsol=64 0.06s 2026-07-22T17:35:17.291
ATTEMPT 9 W0 DONE ptrack seed=113953 nsol=64 7.08s 2026-07-22T17:35:17.301
ATTEMPT 10 W0 START ptrack6x2 seed=113954 2026-07-22T17:35:17.301
ATTEMPT 10 W0 SOLVE ptrack fresh 2026-07-22T17:35:17.515
ATTEMPT 10 W0 FRESH-DONE nsol=64 0.25s 2026-07-22T17:35:17.768
ATTEMPT 10 W0 TRACK 1 2026-07-22T17:35:17.768
ATTEMPT 10 W0 TRACKED 1 nsol=64 0.09s 2026-07-22T17:35:17.859
ATTEMPT 10 W0 TRACK 2 2026-07-22T17:35:17.865
ATTEMPT 10 W0 TRACKED 2 nsol=64 0.08s 2026-07-22T17:35:17.942
ATTEMPT 10 W0 TRACK 3 2026-07-22T17:35:17.942
ATTEMPT 10 W0 TRACKED 3 nsol=64 0.07s 2026-07-22T17:35:18.009
ATTEMPT 10 W0 TRACK 4 2026-07-22T17:35:18.009
ATTEMPT 10 W0 TRACKED 4 nsol=64 0.07s 2026-07-22T17:35:18.079
ATTEMPT 10 W0 TRACK 5 2026-07-22T17:35:18.089
ATTEMPT 10 W0 TRACKED 5 nsol=64 0.08s 2026-07-22T17:35:18.168
ATTEMPT 10 W0 TRACK 6 2026-07-22T17:35:18.168
ATTEMPT 10 W0 TRACKED 6 nsol=64 0.15s 2026-07-22T17:35:18.317
ATTEMPT 10 W0 TRACK 7 2026-07-22T17:35:18.317
ATTEMPT 10 W0 TRACKED 7 nsol=64 0.08s 2026-07-22T17:35:18.399
ATTEMPT 10 W0 TRACK 8 2026-07-22T17:35:18.409
ATTEMPT 10 W0 TRACKED 8 nsol=64 0.10s 2026-07-22T17:35:18.508
ATTEMPT 10 W0 TRACK 9 2026-07-22T17:35:18.517
ATTEMPT 10 W0 TRACKED 9 nsol=64 0.07s 2026-07-22T17:35:18.590
ATTEMPT 10 W0 TRACK 10 2026-07-22T17:35:18.590
ATTEMPT 10 W0 TRACKED 10 nsol=64 0.11s 2026-07-22T17:35:18.701
ATTEMPT 10 W0 TRACK 11 2026-07-22T17:35:18.710
ATTEMPT 10 W0 TRACKED 11 nsol=64 0.13s 2026-07-22T17:35:18.837
ATTEMPT 10 W0 TRACK 12 2026-07-22T17:35:18.837
ATTEMPT 10 W0 TRACKED 12 nsol=64 0.11s 2026-07-22T17:35:18.950
ATTEMPT 10 W0 TRACK 13 2026-07-22T17:35:18.950
ATTEMPT 10 W0 TRACKED 13 nsol=64 0.11s 2026-07-22T17:35:19.062
ATTEMPT 10 W0 TRACK 14 2026-07-22T17:35:19.062
ATTEMPT 10 W0 TRACKED 14 nsol=64 0.09s 2026-07-22T17:35:19.155
ATTEMPT 10 W0 TRACK 15 2026-07-22T17:35:19.155
ATTEMPT 10 W0 TRACKED 15 nsol=64 0.13s 2026-07-22T17:35:19.287
ATTEMPT 10 W0 TRACK 16 2026-07-22T17:35:19.293
ATTEMPT 10 W0 TRACKED 16 nsol=64 0.10s 2026-07-22T17:35:19.393
ATTEMPT 10 W0 TRACK 17 2026-07-22T17:35:19.393
ATTEMPT 10 W0 TRACKED 17 nsol=64 0.07s 2026-07-22T17:35:19.461
ATTEMPT 10 W0 TRACK 18 2026-07-22T17:35:19.477
ATTEMPT 10 W0 TRACKED 18 nsol=64 0.09s 2026-07-22T17:35:19.564
ATTEMPT 10 W0 TRACK 19 2026-07-22T17:35:19.569
ATTEMPT 10 W0 TRACKED 19 nsol=64 0.09s 2026-07-22T17:35:19.657
ATTEMPT 10 W0 TRACK 20 2026-07-22T17:35:19.657
ATTEMPT 10 W0 TRACKED 20 nsol=64 0.09s 2026-07-22T17:35:19.744
ATTEMPT 10 W0 TRACK 21 2026-07-22T17:35:19.745
ATTEMPT 10 W0 TRACKED 21 nsol=64 0.16s 2026-07-22T17:35:19.900
ATTEMPT 10 W0 TRACK 22 2026-07-22T17:35:19.900
ATTEMPT 10 W0 TRACKED 22 nsol=64 0.13s 2026-07-22T17:35:20.032
ATTEMPT 10 W0 TRACK 23 2026-07-22T17:35:20.032
ATTEMPT 10 W0 TRACKED 23 nsol=64 0.09s 2026-07-22T17:35:20.120
ATTEMPT 10 W0 TRACK 24 2026-07-22T17:35:20.129
ATTEMPT 10 W0 TRACKED 24 nsol=64 0.06s 2026-07-22T17:35:20.193
ATTEMPT 10 W0 TRACK 25 2026-07-22T17:35:20.201
ATTEMPT 10 W0 TRACKED 25 nsol=64 0.07s 2026-07-22T17:35:20.271
ATTEMPT 10 W0 DONE ptrack seed=113954 nsol=64 2.76s 2026-07-22T17:35:20.273
ATTEMPT 11 W0 START ptrack6x2 seed=113955 2026-07-22T17:35:20.273
ATTEMPT 11 W0 SOLVE ptrack fresh 2026-07-22T17:35:20.470
ATTEMPT 11 W0 FRESH-DONE nsol=64 0.06s 2026-07-22T17:35:20.535
ATTEMPT 11 W0 TRACK 1 2026-07-22T17:35:20.535
ATTEMPT 11 W0 TRACKED 1 nsol=64 0.02s 2026-07-22T17:35:20.558
ATTEMPT 11 W0 TRACK 2 2026-07-22T17:35:20.558
ATTEMPT 11 W0 TRACKED 2 nsol=64 0.03s 2026-07-22T17:35:20.584
ATTEMPT 11 W0 TRACK 3 2026-07-22T17:35:20.584
ATTEMPT 11 W0 TRACKED 3 nsol=64 0.05s 2026-07-22T17:35:20.631
ATTEMPT 11 W0 TRACK 4 2026-07-22T17:35:20.631
ATTEMPT 11 W0 TRACKED 4 nsol=64 0.05s 2026-07-22T17:35:20.681
ATTEMPT 11 W0 TRACK 5 2026-07-22T17:35:20.689
ATTEMPT 11 W0 TRACKED 5 nsol=64 0.06s 2026-07-22T17:35:20.746
ATTEMPT 11 W0 TRACK 6 2026-07-22T17:35:20.746
ATTEMPT 11 W0 TRACKED 6 nsol=64 0.06s 2026-07-22T17:35:20.802
ATTEMPT 11 W0 TRACK 7 2026-07-22T17:35:20.802
ATTEMPT 11 W0 TRACKED 7 nsol=64 0.06s 2026-07-22T17:35:20.862
ATTEMPT 11 W0 TRACK 8 2026-07-22T17:35:20.862
ATTEMPT 11 W0 TRACKED 8 nsol=64 0.07s 2026-07-22T17:35:20.928
ATTEMPT 11 W0 TRACK 9 2026-07-22T17:35:20.931
ATTEMPT 11 W0 TRACKED 9 nsol=64 0.05s 2026-07-22T17:35:20.977
ATTEMPT 11 W0 TRACK 10 2026-07-22T17:35:20.980
ATTEMPT 11 W0 TRACKED 10 nsol=64 0.06s 2026-07-22T17:35:21.035
ATTEMPT 11 W0 TRACK 11 2026-07-22T17:35:21.047
ATTEMPT 11 W0 TRACKED 11 nsol=64 0.02s 2026-07-22T17:35:21.069
ATTEMPT 11 W0 TRACK 12 2026-07-22T17:35:21.070
ATTEMPT 11 W0 TRACKED 12 nsol=64 0.02s 2026-07-22T17:35:21.093
ATTEMPT 11 W0 TRACK 13 2026-07-22T17:35:21.093
ATTEMPT 11 W0 TRACKED 13 nsol=64 0.03s 2026-07-22T17:35:21.119
ATTEMPT 11 W0 TRACK 14 2026-07-22T17:35:21.119
ATTEMPT 11 W0 TRACKED 14 nsol=64 0.05s 2026-07-22T17:35:21.168
ATTEMPT 11 W0 TRACK 15 2026-07-22T17:35:21.169
ATTEMPT 11 W0 TRACKED 15 nsol=64 0.05s 2026-07-22T17:35:21.216
ATTEMPT 11 W0 TRACK 16 2026-07-22T17:35:21.221
ATTEMPT 11 W0 TRACKED 16 nsol=64 0.04s 2026-07-22T17:35:21.260
ATTEMPT 11 W0 TRACK 17 2026-07-22T17:35:21.265
ATTEMPT 11 W0 TRACKED 17 nsol=64 0.04s 2026-07-22T17:35:21.305
ATTEMPT 11 W0 TRACK 18 2026-07-22T17:35:21.305
ATTEMPT 11 W0 TRACKED 18 nsol=64 0.04s 2026-07-22T17:35:21.347
ATTEMPT 11 W0 TRACK 19 2026-07-22T17:35:21.353
ATTEMPT 11 W0 TRACKED 19 nsol=64 0.05s 2026-07-22T17:35:21.398
ATTEMPT 11 W0 TRACK 20 2026-07-22T17:35:21.404
ATTEMPT 11 W0 TRACKED 20 nsol=64 0.03s 2026-07-22T17:35:21.439
ATTEMPT 11 W0 TRACK 21 2026-07-22T17:35:21.445
ATTEMPT 11 W0 TRACKED 21 nsol=64 0.04s 2026-07-22T17:35:21.484
ATTEMPT 11 W0 TRACK 22 2026-07-22T17:35:21.489
ATTEMPT 11 W0 TRACKED 22 nsol=64 0.05s 2026-07-22T17:35:21.537
ATTEMPT 11 W0 TRACK 23 2026-07-22T17:35:21.537
ATTEMPT 11 W0 TRACKED 23 nsol=64 0.05s 2026-07-22T17:35:21.582
ATTEMPT 11 W0 TRACK 24 2026-07-22T17:35:21.582
ATTEMPT 11 W0 TRACKED 24 nsol=64 0.03s 2026-07-22T17:35:21.613
ATTEMPT 11 W0 TRACK 25 2026-07-22T17:35:21.613
ATTEMPT 11 W0 TRACKED 25 nsol=64 0.03s 2026-07-22T17:35:21.644
ATTEMPT 11 W0 DONE ptrack seed=113955 nsol=64 1.18s 2026-07-22T17:35:21.649
ATTEMPT 12 W0 START ptrack6x2 seed=113956 2026-07-22T17:35:21.649
ATTEMPT 12 W0 SOLVE ptrack fresh 2026-07-22T17:35:21.800
ATTEMPT 12 W0 FRESH-DONE nsol=64 0.15s 2026-07-22T17:35:21.952
ATTEMPT 12 W0 TRACK 1 2026-07-22T17:35:21.957
ATTEMPT 12 W0 TRACKED 1 nsol=64 0.10s 2026-07-22T17:35:22.062
ATTEMPT 12 W0 TRACK 2 2026-07-22T17:35:22.062
ATTEMPT 12 W0 TRACKED 2 nsol=64 0.05s 2026-07-22T17:35:22.111
ATTEMPT 12 W0 TRACK 3 2026-07-22T17:35:22.111
ATTEMPT 12 W0 TRACKED 3 nsol=64 0.05s 2026-07-22T17:35:22.159
ATTEMPT 12 W0 TRACK 4 2026-07-22T17:35:22.159
ATTEMPT 12 W0 TRACKED 4 nsol=64 0.02s 2026-07-22T17:35:22.182
ATTEMPT 12 W0 TRACK 5 2026-07-22T17:35:22.182
ATTEMPT 12 W0 TRACKED 5 nsol=64 0.03s 2026-07-22T17:35:22.213
ATTEMPT 12 W0 TRACK 6 2026-07-22T17:35:22.213
ATTEMPT 12 W0 TRACKED 6 nsol=64 0.02s 2026-07-22T17:35:22.232
ATTEMPT 12 W0 TRACK 7 2026-07-22T17:35:22.232
ATTEMPT 12 W0 TRACKED 7 nsol=64 0.03s 2026-07-22T17:35:22.261
ATTEMPT 12 W0 TRACK 8 2026-07-22T17:35:22.261
ATTEMPT 12 W0 TRACKED 8 nsol=64 0.06s 2026-07-22T17:35:22.317
ATTEMPT 12 W0 TRACK 9 2026-07-22T17:35:22.317
ATTEMPT 12 W0 TRACKED 9 nsol=64 0.06s 2026-07-22T17:35:22.373
ATTEMPT 12 W0 TRACK 10 2026-07-22T17:35:22.373
ATTEMPT 12 W0 TRACKED 10 nsol=64 0.05s 2026-07-22T17:35:22.424
ATTEMPT 12 W0 TRACK 11 2026-07-22T17:35:22.429
ATTEMPT 12 W0 TRACKED 11 nsol=64 0.05s 2026-07-22T17:35:22.475
ATTEMPT 12 W0 TRACK 12 2026-07-22T17:35:22.476
ATTEMPT 12 W0 TRACKED 12 nsol=64 0.04s 2026-07-22T17:35:22.520
ATTEMPT 12 W0 TRACK 13 2026-07-22T17:35:22.520
ATTEMPT 12 W0 TRACKED 13 nsol=64 0.06s 2026-07-22T17:35:22.579
ATTEMPT 12 W0 TRACK 14 2026-07-22T17:35:22.585
ATTEMPT 12 W0 TRACKED 14 nsol=64 0.07s 2026-07-22T17:35:22.659
ATTEMPT 12 W0 TRACK 15 2026-07-22T17:35:22.665
ATTEMPT 12 W0 TRACKED 15 nsol=64 0.05s 2026-07-22T17:35:22.712
ATTEMPT 12 W0 TRACK 16 2026-07-22T17:35:22.717
ATTEMPT 12 W0 TRACKED 16 nsol=64 0.05s 2026-07-22T17:35:22.766
ATTEMPT 12 W0 TRACK 17 2026-07-22T17:35:22.766
ATTEMPT 12 W0 TRACKED 17 nsol=64 0.05s 2026-07-22T17:35:22.815
ATTEMPT 12 W0 TRACK 18 2026-07-22T17:35:22.816
ATTEMPT 12 W0 TRACKED 18 nsol=64 0.06s 2026-07-22T17:35:22.875
ATTEMPT 12 W0 TRACK 19 2026-07-22T17:35:22.875
ATTEMPT 12 W0 TRACKED 19 nsol=64 0.04s 2026-07-22T17:35:22.914
ATTEMPT 12 W0 TRACK 20 2026-07-22T17:35:22.917
ATTEMPT 12 W0 TRACKED 20 nsol=64 0.05s 2026-07-22T17:35:22.963
ATTEMPT 12 W0 TRACK 21 2026-07-22T17:35:22.963
ATTEMPT 12 W0 TRACKED 21 nsol=64 0.05s 2026-07-22T17:35:23.011
ATTEMPT 12 W0 TRACK 22 2026-07-22T17:35:23.011
ATTEMPT 12 W0 TRACKED 22 nsol=64 0.06s 2026-07-22T17:35:23.074
ATTEMPT 12 W0 TRACK 23 2026-07-22T17:35:23.074
ATTEMPT 12 W0 TRACKED 23 nsol=64 0.15s 2026-07-22T17:35:23.224
ATTEMPT 12 W0 TRACK 24 2026-07-22T17:35:23.233
ATTEMPT 12 W0 TRACKED 24 nsol=64 0.10s 2026-07-22T17:35:23.334
ATTEMPT 12 W0 TRACK 25 2026-07-22T17:35:23.339
ATTEMPT 12 W0 TRACKED 25 nsol=64 0.09s 2026-07-22T17:35:23.430
ATTEMPT 12 W0 DONE ptrack seed=113956 nsol=64 1.63s 2026-07-22T17:35:23.430
HUNT2 complete 2026-07-22T17:35:23.447
┌ Warning: Ingored unsupported keyword arguments: gamma = 0.8907368919914314 + 0.4545192946899451im
└ @ HomotopyContinuation ~/.julia/packages/HomotopyContinuation/98yZ2/src/utils.jl:170
┌ Warning: Ingored unsupported keyword arguments: gamma = -0.851462330010105 + 0.524415770714195im
└ @ HomotopyContinuation ~/.julia/packages/HomotopyContinuation/98yZ2/src/utils.jl:170
┌ Warning: Ingored unsupported keyword arguments: gamma = 0.5952336045392121 + 0.8035527089290763im
└ @ HomotopyContinuation ~/.julia/packages/HomotopyContinuation/98yZ2/src/utils.jl:170
┌ Warning: Ingored unsupported keyword arguments: gamma = 0.9489179555434181 + 0.3155229209539296im
└ @ HomotopyContinuation ~/.julia/packages/HomotopyContinuation/98yZ2/src/utils.jl:170
┌ Warning: Ingored unsupported keyword arguments: gamma = -0.5514735368296214 + 0.8341923867889398im
└ @ HomotopyContinuation ~/.julia/packages/HomotopyContinuation/98yZ2/src/utils.jl:170
┌ Warning: Ingored unsupported keyword arguments: gamma = -0.4882800689872063 - 0.8726869852529309im
└ @ HomotopyContinuation ~/.julia/packages/HomotopyContinuation/98yZ2/src/utils.jl:170
┌ Warning: Ingored unsupported keyword arguments: gamma = 0.9509325875189575 + 0.30939814801401166im
└ @ HomotopyContinuation ~/.julia/packages/HomotopyContinuation/98yZ2/src/utils.jl:170
┌ Warning: Ingored unsupported keyword arguments: gamma = -0.2626310287502074 - 0.9648963378195649im
└ @ HomotopyContinuation ~/.julia/packages/HomotopyContinuation/98yZ2/src/utils.jl:170
┌ Warning: Ingored unsupported keyword arguments: gamma = 0.45586441279753576 + 0.8900492329892532im
└ @ HomotopyContinuation ~/.julia/packages/HomotopyContinuation/98yZ2/src/utils.jl:170
┌ Warning: Ingored unsupported keyword arguments: gamma = 0.9821420979706391 - 0.1881406372739064im
└ @ HomotopyContinuation ~/.julia/packages/HomotopyContinuation/98yZ2/src/utils.jl:170
┌ Warning: Ingored unsupported keyword arguments: gamma = -0.8917872813149014 - 0.4524549092285074im
└ @ HomotopyContinuation ~/.julia/packages/HomotopyContinuation/98yZ2/src/utils.jl:170
┌ Warning: Ingored unsupported keyword arguments: gamma = 0.9468442426971232 - 0.3216923686867801im
└ @ HomotopyContinuation ~/.julia/packages/HomotopyContinuation/98yZ2/src/utils.jl:170
┌ Warning: Ingored unsupported keyword arguments: gamma = 0.9928500283977689 - 0.1193684259364653im
└ @ HomotopyContinuation ~/.julia/packages/HomotopyContinuation/98yZ2/src/utils.jl:170
┌ Warning: Ingored unsupported keyword arguments: gamma = -0.7992046429392368 - 0.6010590143275177im
└ @ HomotopyContinuation ~/.julia/packages/HomotopyContinuation/98yZ2/src/utils.jl:170
┌ Warning: Ingored unsupported keyword arguments: gamma = 0.8982622808567081 - 0.43945975332230874im
└ @ HomotopyContinuation ~/.julia/packages/HomotopyContinuation/98yZ2/src/utils.jl:170
┌ Warning: Ingored unsupported keyword arguments: gamma = -0.6093095210819818 - 0.7929324734924444im
└ @ HomotopyContinuation ~/.julia/packages/HomotopyContinuation/98yZ2/src/utils.jl:170
┌ Warning: Ingored unsupported keyword arguments: gamma = -0.4033133331525838 - 0.9150619406910949im
└ @ HomotopyContinuation ~/.julia/packages/HomotopyContinuation/98yZ2/src/utils.jl:170
┌ Warning: Ingored unsupported keyword arguments: gamma = 0.4662132540738544 + 0.8846723697086214im
└ @ HomotopyContinuation ~/.julia/packages/HomotopyContinuation/98yZ2/src/utils.jl:170
┌ Warning: Ingored unsupported keyword arguments: gamma = 0.9352231509569319 + 0.3540588339728128im
└ @ HomotopyContinuation ~/.julia/packages/HomotopyContinuation/98yZ2/src/utils.jl:170
┌ Warning: Ingored unsupported keyword arguments: gamma = -0.1343963126661839 - 0.9909276619116723im
└ @ HomotopyContinuation ~/.julia/packages/HomotopyContinuation/98yZ2/src/utils.jl:170
┌ Warning: Ingored unsupported keyword arguments: gamma = 0.7960394267216762 + 0.60524476958056im
└ @ HomotopyContinuation ~/.julia/packages/HomotopyContinuation/98yZ2/src/utils.jl:170
┌ Warning: Ingored unsupported keyword arguments: gamma = 0.9997308953444649 - 0.02319777777621222im
└ @ HomotopyContinuation ~/.julia/packages/HomotopyContinuation/98yZ2/src/utils.jl:170
┌ Warning: Ingored unsupported keyword arguments: gamma = -0.5770930379174697 - 0.816678410139013im
└ @ HomotopyContinuation ~/.julia/packages/HomotopyContinuation/98yZ2/src/utils.jl:170
┌ Warning: Ingored unsupported keyword arguments: gamma = -0.2611829499682519 + 0.9652893175861222im
└ @ HomotopyContinuation ~/.julia/packages/HomotopyContinuation/98yZ2/src/utils.jl:170
┌ Warning: Ingored unsupported keyword arguments: gamma = -0.9716329942876722 + 0.2364938147427376im
└ @ HomotopyContinuation ~/.julia/packages/HomotopyContinuation/98yZ2/src/utils.jl:170
┌ Warning: Ingored unsupported keyword arguments: gamma = -0.2788435462339187 - 0.9603365434698882im
└ @ HomotopyContinuation ~/.julia/packages/HomotopyContinuation/98yZ2/src/utils.jl:170
┌ Warning: Ingored unsupported keyword arguments: gamma = 0.8077751040162291 + 0.589490781379633im
└ @ HomotopyContinuation ~/.julia/packages/HomotopyContinuation/98yZ2/src/utils.jl:170
┌ Warning: Ingored unsupported keyword arguments: gamma = -0.6895123651278886 - 0.7242739111246139im
└ @ HomotopyContinuation ~/.julia/packages/HomotopyContinuation/98yZ2/src/utils.jl:170
┌ Warning: Ingored unsupported keyword arguments: gamma = -0.8236696998945947 + 0.5670698594314005im
└ @ HomotopyContinuation ~/.julia/packages/HomotopyContinuation/98yZ2/src/utils.jl:170
┌ Warning: Ingored unsupported keyword arguments: gamma = -0.39569493041052856 - 0.9183820131336452im
└ @ HomotopyContinuation ~/.julia/packages/HomotopyContinuation/98yZ2/src/utils.jl:170
┌ Warning: Ingored unsupported keyword arguments: gamma = -0.9190935693470009 + 0.39403935182287253im
└ @ HomotopyContinuation ~/.julia/packages/HomotopyContinuation/98yZ2/src/utils.jl:170
┌ Warning: Ingored unsupported keyword arguments: gamma = -0.11701436736962792 + 0.9931302219895867im
└ @ HomotopyContinuation ~/.julia/packages/HomotopyContinuation/98yZ2/src/utils.jl:170
┌ Warning: Ingored unsupported keyword arguments: gamma = -0.13976116496567562 + 0.9901852436627387im
└ @ HomotopyContinuation ~/.julia/packages/HomotopyContinuation/98yZ2/src/utils.jl:170
┌ Warning: Ingored unsupported keyword arguments: gamma = 0.9828640140679502 + 0.18433211833599758im
└ @ HomotopyContinuation ~/.julia/packages/HomotopyContinuation/98yZ2/src/utils.jl:170
┌ Warning: Ingored unsupported keyword arguments: gamma = -0.8708068129651702 - 0.4916253598965813im
└ @ HomotopyContinuation ~/.julia/packages/HomotopyContinuation/98yZ2/src/utils.jl:170
┌ Warning: Ingored unsupported keyword arguments: gamma = -0.905370234171164 - 0.4246230552818013im
└ @ HomotopyContinuation ~/.julia/packages/HomotopyContinuation/98yZ2/src/utils.jl:170
┌ Warning: Ingored unsupported keyword arguments: gamma = -0.25038518339015703 + 0.9681463008960358im
└ @ HomotopyContinuation ~/.julia/packages/HomotopyContinuation/98yZ2/src/utils.jl:170
┌ Warning: Ingored unsupported keyword arguments: gamma = 0.45565694411760194 - 0.8901554635440984im
└ @ HomotopyContinuation ~/.julia/packages/HomotopyContinuation/98yZ2/src/utils.jl:170
┌ Warning: Ingored unsupported keyword arguments: gamma = -0.14425643392632762 + 0.9895403383747724im
└ @ HomotopyContinuation ~/.julia/packages/HomotopyContinuation/98yZ2/src/utils.jl:170
┌ Warning: Ingored unsupported keyword arguments: gamma = -0.955088329052357 + 0.29632125085450195im
└ @ HomotopyContinuation ~/.julia/packages/HomotopyContinuation/98yZ2/src/utils.jl:170
┌ Warning: Ingored unsupported keyword arguments: gamma = -0.1670405129260759 + 0.9859500327305606im
└ @ HomotopyContinuation ~/.julia/packages/HomotopyContinuation/98yZ2/src/utils.jl:170
┌ Warning: Ingored unsupported keyword arguments: gamma = 0.8422521538536207 + 0.5390837683782891im
└ @ HomotopyContinuation ~/.julia/packages/HomotopyContinuation/98yZ2/src/utils.jl:170
┌ Warning: Ingored unsupported keyword arguments: gamma = 0.8419281440070719 - 0.5395896592122639im
└ @ HomotopyContinuation ~/.julia/packages/HomotopyContinuation/98yZ2/src/utils.jl:170
┌ Warning: Ingored unsupported keyword arguments: gamma = -0.13147958293003875 + 0.991318878702783im
└ @ HomotopyContinuation ~/.julia/packages/HomotopyContinuation/98yZ2/src/utils.jl:170
┌ Warning: Ingored unsupported keyword arguments: gamma = 0.9049659468598874 - 0.42548400090248695im
└ @ HomotopyContinuation ~/.julia/packages/HomotopyContinuation/98yZ2/src/utils.jl:170
┌ Warning: Ingored unsupported keyword arguments: gamma = 0.8735997557917997 - 0.48664511369221397im
└ @ HomotopyContinuation ~/.julia/packages/HomotopyContinuation/98yZ2/src/utils.jl:170
┌ Warning: Ingored unsupported keyword arguments: gamma = 0.9085455451609438 - 0.4177858211670227im
└ @ HomotopyContinuation ~/.julia/packages/HomotopyContinuation/98yZ2/src/utils.jl:170
┌ Warning: Ingored unsupported keyword arguments: gamma = -0.9996699308947807 + 0.025691034716888918im
└ @ HomotopyContinuation ~/.julia/packages/HomotopyContinuation/98yZ2/src/utils.jl:170
┌ Warning: Ingored unsupported keyword arguments: gamma = 0.9692449355604494 + 0.24609805950153318im
└ @ HomotopyContinuation ~/.julia/packages/HomotopyContinuation/98yZ2/src/utils.jl:170
┌ Warning: Ingored unsupported keyword arguments: gamma = -0.4503364675973568 + 0.8928589283598697im
└ @ HomotopyContinuation ~/.julia/packages/HomotopyContinuation/98yZ2/src/utils.jl:170
┌ Warning: Ingored unsupported keyword arguments: gamma = -0.13762247056900073 + 0.9904847578809501im
└ @ HomotopyContinuation ~/.julia/packages/HomotopyContinuation/98yZ2/src/utils.jl:170
┌ Warning: Ingored unsupported keyword arguments: gamma = -0.3336340649848927 - 0.9427026629227566im
└ @ HomotopyContinuation ~/.julia/packages/HomotopyContinuation/98yZ2/src/utils.jl:170
┌ Warning: Ingored unsupported keyword arguments: gamma = 0.6207111648753074 + 0.7840393164881075im
└ @ HomotopyContinuation ~/.julia/packages/HomotopyContinuation/98yZ2/src/utils.jl:170
┌ Warning: Ingored unsupported keyword arguments: gamma = -0.9996888936766936 + 0.02494225048924862im
└ @ HomotopyContinuation ~/.julia/packages/HomotopyContinuation/98yZ2/src/utils.jl:170
┌ Warning: Ingored unsupported keyword arguments: gamma = -0.05560480420371588 + 0.9984528560475284im
└ @ HomotopyContinuation ~/.julia/packages/HomotopyContinuation/98yZ2/src/utils.jl:170
┌ Warning: Ingored unsupported keyword arguments: gamma = 0.7336423767194862 - 0.6795357702736358im
└ @ HomotopyContinuation ~/.julia/packages/HomotopyContinuation/98yZ2/src/utils.jl:170
┌ Warning: Ingored unsupported keyword arguments: gamma = 0.9842456175319515 - 0.17680657331996308im
└ @ HomotopyContinuation ~/.julia/packages/HomotopyContinuation/98yZ2/src/utils.jl:170
┌ Warning: Ingored unsupported keyword arguments: gamma = 0.1842913755961543 + 0.9828716543277037im
└ @ HomotopyContinuation ~/.julia/packages/HomotopyContinuation/98yZ2/src/utils.jl:170
┌ Warning: Ingored unsupported keyword arguments: gamma = -0.2937359452056932 + 0.9558866012734555im
└ @ HomotopyContinuation ~/.julia/packages/HomotopyContinuation/98yZ2/src/utils.jl:170
┌ Warning: Ingored unsupported keyword arguments: gamma = -0.9874085882875782 + 0.15819064376862485im
└ @ HomotopyContinuation ~/.julia/packages/HomotopyContinuation/98yZ2/src/utils.jl:170
┌ Warning: Ingored unsupported keyword arguments: gamma = -0.5272445778720181 + 0.84971357239046im
└ @ HomotopyContinuation ~/.julia/packages/HomotopyContinuation/98yZ2/src/utils.jl:170
┌ Warning: Ingored unsupported keyword arguments: gamma = 0.3034154916102464 - 0.9528583522491223im
└ @ HomotopyContinuation ~/.julia/packages/HomotopyContinuation/98yZ2/src/utils.jl:170
┌ Warning: Ingored unsupported keyword arguments: gamma = -0.8641159230272442 - 0.5032928288489453im
└ @ HomotopyContinuation ~/.julia/packages/HomotopyContinuation/98yZ2/src/utils.jl:170
┌ Warning: Ingored unsupported keyword arguments: gamma = -0.8575446251673844 - 0.5144095798549345im
└ @ HomotopyContinuation ~/.julia/packages/HomotopyContinuation/98yZ2/src/utils.jl:170
┌ Warning: Ingored unsupported keyword arguments: gamma = 0.9913022042674174 + 0.13160524235211699im
└ @ HomotopyContinuation ~/.julia/packages/HomotopyContinuation/98yZ2/src/utils.jl:170
┌ Warning: Ingored unsupported keyword arguments: gamma = -0.6481633184159034 + 0.7615013543389691im
└ @ HomotopyContinuation ~/.julia/packages/HomotopyContinuation/98yZ2/src/utils.jl:170
┌ Warning: Ingored unsupported keyword arguments: gamma = 0.9615635826140646 + 0.2745823675883157im
└ @ HomotopyContinuation ~/.julia/packages/HomotopyContinuation/98yZ2/src/utils.jl:170
┌ Warning: Ingored unsupported keyword arguments: gamma = -0.9258843841455229 - 0.37780697081375547im
└ @ HomotopyContinuation ~/.julia/packages/HomotopyContinuation/98yZ2/src/utils.jl:170
┌ Warning: Ingored unsupported keyword arguments: gamma = -0.6290095155623685 + 0.777397600544274im
└ @ HomotopyContinuation ~/.julia/packages/HomotopyContinuation/98yZ2/src/utils.jl:170
┌ Warning: Ingored unsupported keyword arguments: gamma = 0.9980565602982524 + 0.06231454441477374im
└ @ HomotopyContinuation ~/.julia/packages/HomotopyContinuation/98yZ2/src/utils.jl:170
┌ Warning: Ingored unsupported keyword arguments: gamma = -0.29943964817276664 + 0.9541152430928718im
└ @ HomotopyContinuation ~/.julia/packages/HomotopyContinuation/98yZ2/src/utils.jl:170
┌ Warning: Ingored unsupported keyword arguments: gamma = 0.6264867083101037 - 0.7794321037208893im
└ @ HomotopyContinuation ~/.julia/packages/HomotopyContinuation/98yZ2/src/utils.jl:170
┌ Warning: Ingored unsupported keyword arguments: gamma = 0.8008741129986299 + 0.5988327438681504im
└ @ HomotopyContinuation ~/.julia/packages/HomotopyContinuation/98yZ2/src/utils.jl:170
┌ Warning: Ingored unsupported keyword arguments: gamma = 0.6215089488808283 - 0.7834070630655866im
└ @ HomotopyContinuation ~/.julia/packages/HomotopyContinuation/98yZ2/src/utils.jl:170
┌ Warning: Ingored unsupported keyword arguments: gamma = 0.9998010867539674 + 0.019944596400675373im
└ @ HomotopyContinuation ~/.julia/packages/HomotopyContinuation/98yZ2/src/utils.jl:170
┌ Warning: Ingored unsupported keyword arguments: gamma = -0.8590239069311757 - 0.5119354718328267im
└ @ HomotopyContinuation ~/.julia/packages/HomotopyContinuation/98yZ2/src/utils.jl:170
┌ Warning: Ingored unsupported keyword arguments: gamma = 0.9077008813585744 + 0.41961781418436844im
└ @ HomotopyContinuation ~/.julia/packages/HomotopyContinuation/98yZ2/src/utils.jl:170
┌ Warning: Ingored unsupported keyword arguments: gamma = 0.9731609968178795 + 0.2301253446981257im
└ @ HomotopyContinuation ~/.julia/packages/HomotopyContinuation/98yZ2/src/utils.jl:170
┌ Warning: Ingored unsupported keyword arguments: gamma = 0.8881743110313038 + 0.45950668463480354im
└ @ HomotopyContinuation ~/.julia/packages/HomotopyContinuation/98yZ2/src/utils.jl:170
┌ Warning: Ingored unsupported keyword arguments: gamma = 0.2832925110139015 - 0.9590335516567908im
└ @ HomotopyContinuation ~/.julia/packages/HomotopyContinuation/98yZ2/src/utils.jl:170
┌ Warning: Ingored unsupported keyword arguments: gamma = -0.7292757602635902 - 0.6842198955686414im
└ @ HomotopyContinuation ~/.julia/packages/HomotopyContinuation/98yZ2/src/utils.jl:170
┌ Warning: Ingored unsupported keyword arguments: gamma = 0.7359079119102062 + 0.6770816384956545im
└ @ HomotopyContinuation ~/.julia/packages/HomotopyContinuation/98yZ2/src/utils.jl:170
┌ Warning: Ingored unsupported keyword arguments: gamma = 0.9553235012125503 + 0.29556218978582915im
└ @ HomotopyContinuation ~/.julia/packages/HomotopyContinuation/98yZ2/src/utils.jl:170
┌ Warning: Ingored unsupported keyword arguments: gamma = 0.7720839827700035 - 0.6355205138703305im
└ @ HomotopyContinuation ~/.julia/packages/HomotopyContinuation/98yZ2/src/utils.jl:170
┌ Warning: Ingored unsupported keyword arguments: gamma = 0.41619444826035923 - 0.9092756354578381im
└ @ HomotopyContinuation ~/.julia/packages/HomotopyContinuation/98yZ2/src/utils.jl:170
┌ Warning: Ingored unsupported keyword arguments: gamma = -0.9821617382524894 - 0.188038081017778im
└ @ HomotopyContinuation ~/.julia/packages/HomotopyContinuation/98yZ2/src/utils.jl:170
┌ Warning: Ingored unsupported keyword arguments: gamma = 0.9809376555377451 - 0.19432271083975744im
└ @ HomotopyContinuation ~/.julia/packages/HomotopyContinuation/98yZ2/src/utils.jl:170
┌ Warning: Ingored unsupported keyword arguments: gamma = 0.20211561124671124 - 0.9793616695023184im
└ @ HomotopyContinuation ~/.julia/packages/HomotopyContinuation/98yZ2/src/utils.jl:170
┌ Warning: Ingored unsupported keyword arguments: gamma = -0.9271227778693568 - 0.3747577280801654im
└ @ HomotopyContinuation ~/.julia/packages/HomotopyContinuation/98yZ2/src/utils.jl:170
┌ Warning: Ingored unsupported keyword arguments: gamma = 0.025544446214698636 - 0.9996736873938337im
└ @ HomotopyContinuation ~/.julia/packages/HomotopyContinuation/98yZ2/src/utils.jl:170
┌ Warning: Ingored unsupported keyword arguments: gamma = 0.7204756140769173 - 0.6934802733463217im
└ @ HomotopyContinuation ~/.julia/packages/HomotopyContinuation/98yZ2/src/utils.jl:170
┌ Warning: Ingored unsupported keyword arguments: gamma = -0.8091277419915326 - 0.5876327910691198im
└ @ HomotopyContinuation ~/.julia/packages/HomotopyContinuation/98yZ2/src/utils.jl:170
┌ Warning: Ingored unsupported keyword arguments: gamma = 0.7117592504657574 + 0.7024234971699219im
└ @ HomotopyContinuation ~/.julia/packages/HomotopyContinuation/98yZ2/src/utils.jl:170
┌ Warning: Ingored unsupported keyword arguments: gamma = -0.3382336799457341 - 0.9410621540314787im
└ @ HomotopyContinuation ~/.julia/packages/HomotopyContinuation/98yZ2/src/utils.jl:170
┌ Warning: Ingored unsupported keyword arguments: gamma = 0.4861320433018203 - 0.8738853680404525im
└ @ HomotopyContinuation ~/.julia/packages/HomotopyContinuation/98yZ2/src/utils.jl:170
┌ Warning: Ingored unsupported keyword arguments: gamma = -0.983404591455654 + 0.18142604417210403im
└ @ HomotopyContinuation ~/.julia/packages/HomotopyContinuation/98yZ2/src/utils.jl:170
┌ Warning: Ingored unsupported keyword arguments: gamma = -0.954758886217442 - 0.2973810168602388im
└ @ HomotopyContinuation ~/.julia/packages/HomotopyContinuation/98yZ2/src/utils.jl:170
┌ Warning: Ingored unsupported keyword arguments: gamma = -0.8259386089509922 - 0.5637600679758188im
└ @ HomotopyContinuation ~/.julia/packages/HomotopyContinuation/98yZ2/src/utils.jl:170
┌ Warning: Ingored unsupported keyword arguments: gamma = -0.6703885342006015 + 0.7420102514199982im
└ @ HomotopyContinuation ~/.julia/packages/HomotopyContinuation/98yZ2/src/utils.jl:170
┌ Warning: Ingored unsupported keyword arguments: gamma = 0.9886526272728252 + 0.15021978094292443im
└ @ HomotopyContinuation ~/.julia/packages/HomotopyContinuation/98yZ2/src/utils.jl:170
┌ Warning: Ingored unsupported keyword arguments: gamma = 0.7361747231678939 + 0.6767915313955065im
└ @ HomotopyContinuation ~/.julia/packages/HomotopyContinuation/98yZ2/src/utils.jl:170
┌ Warning: Ingored unsupported keyword arguments: gamma = -0.40299022794504025 + 0.9152042811202341im
└ @ HomotopyContinuation ~/.julia/packages/HomotopyContinuation/98yZ2/src/utils.jl:170
┌ Warning: Ingored unsupported keyword arguments: gamma = 0.5370448712061613 + 0.8435536771961566im
└ @ HomotopyContinuation ~/.julia/packages/HomotopyContinuation/98yZ2/src/utils.jl:170
┌ Warning: Ingored unsupported keyword arguments: gamma = 0.5323783574593562 - 0.8465065177001757im
└ @ HomotopyContinuation ~/.julia/packages/HomotopyContinuation/98yZ2/src/utils.jl:170
┌ Warning: Ingored unsupported keyword arguments: gamma = 0.7893691109226723 + 0.613918892624384im
└ @ HomotopyContinuation ~/.julia/packages/HomotopyContinuation/98yZ2/src/utils.jl:170
┌ Warning: Ingored unsupported keyword arguments: gamma = -0.9854175531623068 + 0.17015359508283137im
└ @ HomotopyContinuation ~/.julia/packages/HomotopyContinuation/98yZ2/src/utils.jl:170
┌ Warning: Ingored unsupported keyword arguments: gamma = 0.722909858237692 + 0.6909423542255605im
└ @ HomotopyContinuation ~/.julia/packages/HomotopyContinuation/98yZ2/src/utils.jl:170
┌ Warning: Ingored unsupported keyword arguments: gamma = -0.9794549281105162 - 0.20166319396464913im
└ @ HomotopyContinuation ~/.julia/packages/HomotopyContinuation/98yZ2/src/utils.jl:170
┌ Warning: Ingored unsupported keyword arguments: gamma = -0.2680831354229651 - 0.9633957818580027im
└ @ HomotopyContinuation ~/.julia/packages/HomotopyContinuation/98yZ2/src/utils.jl:170
┌ Warning: Ingored unsupported keyword arguments: gamma = 0.9976407396071654 - 0.06865096267400811im
└ @ HomotopyContinuation ~/.julia/packages/HomotopyContinuation/98yZ2/src/utils.jl:170
┌ Warning: Ingored unsupported keyword arguments: gamma = 0.9277750723149233 - 0.37313994049289184im
└ @ HomotopyContinuation ~/.julia/packages/HomotopyContinuation/98yZ2/src/utils.jl:170
┌ Warning: Ingored unsupported keyword arguments: gamma = -0.8339945314461108 + 0.5517727082032802im
└ @ HomotopyContinuation ~/.julia/packages/HomotopyContinuation/98yZ2/src/utils.jl:170
┌ Warning: Ingored unsupported keyword arguments: gamma = 0.9607246714345781 - 0.27750334357791423im
└ @ HomotopyContinuation ~/.julia/packages/HomotopyContinuation/98yZ2/src/utils.jl:170
┌ Warning: Ingored unsupported keyword arguments: gamma = -0.4775638546731056 + 0.8785970434219346im
└ @ HomotopyContinuation ~/.julia/packages/HomotopyContinuation/98yZ2/src/utils.jl:170
┌ Warning: Ingored unsupported keyword arguments: gamma = -0.9882142474335421 + 0.1530771085739402im
└ @ HomotopyContinuation ~/.julia/packages/HomotopyContinuation/98yZ2/src/utils.jl:170
┌ Warning: Ingored unsupported keyword arguments: gamma = -0.9244982305934243 + 0.3811863345263412im
└ @ HomotopyContinuation ~/.julia/packages/HomotopyContinuation/98yZ2/src/utils.jl:170
┌ Warning: Ingored unsupported keyword arguments: gamma = -0.8960517940212341 + 0.44394952689616396im
└ @ HomotopyContinuation ~/.julia/packages/HomotopyContinuation/98yZ2/src/utils.jl:170
┌ Warning: Ingored unsupported keyword arguments: gamma = -0.13328451856482387 - 0.9910778158706526im
└ @ HomotopyContinuation ~/.julia/packages/HomotopyContinuation/98yZ2/src/utils.jl:170
┌ Warning: Ingored unsupported keyword arguments: gamma = 0.7884826820932567 + 0.6150569567438648im
└ @ HomotopyContinuation ~/.julia/packages/HomotopyContinuation/98yZ2/src/utils.jl:170
┌ Warning: Ingored unsupported keyword arguments: gamma = -0.4423201629970994 - 0.8968572201896016im
└ @ HomotopyContinuation ~/.julia/packages/HomotopyContinuation/98yZ2/src/utils.jl:170
┌ Warning: Ingored unsupported keyword arguments: gamma = 0.36120818682921313 - 0.9324851986855085im
└ @ HomotopyContinuation ~/.julia/packages/HomotopyContinuation/98yZ2/src/utils.jl:170
┌ Warning: Ingored unsupported keyword arguments: gamma = 0.8875412767020989 - 0.46072820854600194im
└ @ HomotopyContinuation ~/.julia/packages/HomotopyContinuation/98yZ2/src/utils.jl:170
┌ Warning: Ingored unsupported keyword arguments: gamma = 0.2221473917673023 + 0.9750130954664069im
└ @ HomotopyContinuation ~/.julia/packages/HomotopyContinuation/98yZ2/src/utils.jl:170
┌ Warning: Ingored unsupported keyword arguments: gamma = -0.6609165264720921 - 0.7504594226445986im
└ @ HomotopyContinuation ~/.julia/packages/HomotopyContinuation/98yZ2/src/utils.jl:170
┌ Warning: Ingored unsupported keyword arguments: gamma = 0.4459773956186459 + 0.8950442238220466im
└ @ HomotopyContinuation ~/.julia/packages/HomotopyContinuation/98yZ2/src/utils.jl:170
┌ Warning: Ingored unsupported keyword arguments: gamma = -0.9862782183269205 - 0.16509172012513304im
└ @ HomotopyContinuation ~/.julia/packages/HomotopyContinuation/98yZ2/src/utils.jl:170
┌ Warning: Ingored unsupported keyword arguments: gamma = 0.22147593384407976 - 0.975165837551692im
└ @ HomotopyContinuation ~/.julia/packages/HomotopyContinuation/98yZ2/src/utils.jl:170
┌ Warning: Ingored unsupported keyword arguments: gamma = 0.08977421193262533 - 0.9959621432925431im
└ @ HomotopyContinuation ~/.julia/packages/HomotopyContinuation/98yZ2/src/utils.jl:170
┌ Warning: Ingored unsupported keyword arguments: gamma = -0.9838591835621041 + 0.1789444241112582im
└ @ HomotopyContinuation ~/.julia/packages/HomotopyContinuation/98yZ2/src/utils.jl:170
┌ Warning: Ingored unsupported keyword arguments: gamma = 0.5593159262873357 + 0.8289545793355265im
└ @ HomotopyContinuation ~/.julia/packages/HomotopyContinuation/98yZ2/src/utils.jl:170
