HUNT2 start mode=seq PTRACK hcthr=off nworkers=0 nthreads=8 ngcthreads=8 nsolves=12 ntrack=25 seed_base=704300 shape=6x2 pid=2514294 julia=1.12.6 2026-07-22T18:04:02.417
ATTEMPT 1 W0 START ptrack6x2 seed=704301 2026-07-22T18:04:54.851
ATTEMPT 1 W0 SOLVE ptrack fresh 2026-07-22T18:04:59.710
Computing mixed cells... 2    Time: 0:00:03[K
   mixed_volume: 17[K[A
[K[AComputing mixed cells... 17    Time: 0:00:03[K
   mixed_volume: 64[K
ATTEMPT 1 W0 FRESH-DONE nsol=64 125.14s 2026-07-22T18:07:04.979
ATTEMPT 1 W0 TRACK 1 2026-07-22T18:07:05.537
ATTEMPT 1 W0 TRACKED 1 nsol=64 25.18s 2026-07-22T18:07:31.117
ATTEMPT 1 W0 TRACK 2 2026-07-22T18:07:31.567
ATTEMPT 1 W0 TRACKED 2 nsol=64 0.03s 2026-07-22T18:07:31.598
ATTEMPT 1 W0 TRACK 3 2026-07-22T18:07:31.598
ATTEMPT 1 W0 TRACKED 3 nsol=64 0.03s 2026-07-22T18:07:31.627
ATTEMPT 1 W0 TRACK 4 2026-07-22T18:07:31.627
ATTEMPT 1 W0 TRACKED 4 nsol=64 0.02s 2026-07-22T18:07:31.650
ATTEMPT 1 W0 TRACK 5 2026-07-22T18:07:31.650
ATTEMPT 1 W0 TRACKED 5 nsol=64 0.04s 2026-07-22T18:07:31.689
ATTEMPT 1 W0 TRACK 6 2026-07-22T18:07:31.694
ATTEMPT 1 W0 TRACKED 6 nsol=64 0.05s 2026-07-22T18:07:31.740
ATTEMPT 1 W0 TRACK 7 2026-07-22T18:07:31.742
ATTEMPT 1 W0 TRACKED 7 nsol=64 0.13s 2026-07-22T18:07:31.874
ATTEMPT 1 W0 TRACK 8 2026-07-22T18:07:31.874
ATTEMPT 1 W0 TRACKED 8 nsol=64 0.12s 2026-07-22T18:07:31.994
ATTEMPT 1 W0 TRACK 9 2026-07-22T18:07:31.994
ATTEMPT 1 W0 TRACKED 9 nsol=64 0.09s 2026-07-22T18:07:32.079
ATTEMPT 1 W0 TRACK 10 2026-07-22T18:07:32.079
ATTEMPT 1 W0 TRACKED 10 nsol=64 0.08s 2026-07-22T18:07:32.163
ATTEMPT 1 W0 TRACK 11 2026-07-22T18:07:32.163
ATTEMPT 1 W0 TRACKED 11 nsol=64 0.09s 2026-07-22T18:07:32.255
ATTEMPT 1 W0 TRACK 12 2026-07-22T18:07:32.255
ATTEMPT 1 W0 TRACKED 12 nsol=64 0.12s 2026-07-22T18:07:32.377
ATTEMPT 1 W0 TRACK 13 2026-07-22T18:07:32.377
ATTEMPT 1 W0 TRACKED 13 nsol=64 0.08s 2026-07-22T18:07:32.458
ATTEMPT 1 W0 TRACK 14 2026-07-22T18:07:32.458
ATTEMPT 1 W0 TRACKED 14 nsol=64 0.06s 2026-07-22T18:07:32.522
ATTEMPT 1 W0 TRACK 15 2026-07-22T18:07:32.522
ATTEMPT 1 W0 TRACKED 15 nsol=64 0.09s 2026-07-22T18:07:32.608
ATTEMPT 1 W0 TRACK 16 2026-07-22T18:07:32.608
ATTEMPT 1 W0 TRACKED 16 nsol=64 0.07s 2026-07-22T18:07:32.677
ATTEMPT 1 W0 TRACK 17 2026-07-22T18:07:32.686
ATTEMPT 1 W0 TRACKED 17 nsol=64 0.09s 2026-07-22T18:07:32.772
ATTEMPT 1 W0 TRACK 18 2026-07-22T18:07:32.772
ATTEMPT 1 W0 TRACKED 18 nsol=64 0.08s 2026-07-22T18:07:32.849
ATTEMPT 1 W0 TRACK 19 2026-07-22T18:07:32.849
ATTEMPT 1 W0 TRACKED 19 nsol=64 0.08s 2026-07-22T18:07:32.934
ATTEMPT 1 W0 TRACK 20 2026-07-22T18:07:32.934
ATTEMPT 1 W0 TRACKED 20 nsol=64 0.10s 2026-07-22T18:07:33.033
ATTEMPT 1 W0 TRACK 21 2026-07-22T18:07:33.033
ATTEMPT 1 W0 TRACKED 21 nsol=64 0.04s 2026-07-22T18:07:33.074
ATTEMPT 1 W0 TRACK 22 2026-07-22T18:07:33.074
ATTEMPT 1 W0 TRACKED 22 nsol=64 0.06s 2026-07-22T18:07:33.131
ATTEMPT 1 W0 TRACK 23 2026-07-22T18:07:33.131
ATTEMPT 1 W0 TRACKED 23 nsol=64 0.09s 2026-07-22T18:07:33.219
ATTEMPT 1 W0 TRACK 24 2026-07-22T18:07:33.219
ATTEMPT 1 W0 TRACKED 24 nsol=64 0.05s 2026-07-22T18:07:33.268
ATTEMPT 1 W0 TRACK 25 2026-07-22T18:07:33.274
ATTEMPT 1 W0 TRACKED 25 nsol=64 0.05s 2026-07-22T18:07:33.328
ATTEMPT 1 W0 DONE ptrack seed=704301 nsol=64 153.49s 2026-07-22T18:07:33.334
ATTEMPT 2 W0 START ptrack6x2 seed=704302 2026-07-22T18:07:33.334
ATTEMPT 2 W0 SOLVE ptrack fresh 2026-07-22T18:07:33.465
ATTEMPT 2 W0 FRESH-DONE nsol=64 0.14s 2026-07-22T18:07:33.601
ATTEMPT 2 W0 TRACK 1 2026-07-22T18:07:33.601
ATTEMPT 2 W0 TRACKED 1 nsol=64 0.05s 2026-07-22T18:07:33.648
ATTEMPT 2 W0 TRACK 2 2026-07-22T18:07:33.650
ATTEMPT 2 W0 TRACKED 2 nsol=64 0.04s 2026-07-22T18:07:33.692
ATTEMPT 2 W0 TRACK 3 2026-07-22T18:07:33.692
ATTEMPT 2 W0 TRACKED 3 nsol=64 0.04s 2026-07-22T18:07:33.729
ATTEMPT 2 W0 TRACK 4 2026-07-22T18:07:33.734
ATTEMPT 2 W0 TRACKED 4 nsol=64 0.06s 2026-07-22T18:07:33.790
ATTEMPT 2 W0 TRACK 5 2026-07-22T18:07:33.790
ATTEMPT 2 W0 TRACKED 5 nsol=64 0.05s 2026-07-22T18:07:33.842
ATTEMPT 2 W0 TRACK 6 2026-07-22T18:07:33.842
ATTEMPT 2 W0 TRACKED 6 nsol=64 0.08s 2026-07-22T18:07:33.919
ATTEMPT 2 W0 TRACK 7 2026-07-22T18:07:33.919
ATTEMPT 2 W0 TRACKED 7 nsol=64 0.05s 2026-07-22T18:07:33.969
ATTEMPT 2 W0 TRACK 8 2026-07-22T18:07:33.969
ATTEMPT 2 W0 TRACKED 8 nsol=64 0.15s 2026-07-22T18:07:34.114
ATTEMPT 2 W0 TRACK 9 2026-07-22T18:07:34.115
ATTEMPT 2 W0 TRACKED 9 nsol=64 0.11s 2026-07-22T18:07:34.228
ATTEMPT 2 W0 TRACK 10 2026-07-22T18:07:34.228
ATTEMPT 2 W0 TRACKED 10 nsol=64 0.04s 2026-07-22T18:07:34.269
ATTEMPT 2 W0 TRACK 11 2026-07-22T18:07:34.269
ATTEMPT 2 W0 TRACKED 11 nsol=64 0.09s 2026-07-22T18:07:34.361
ATTEMPT 2 W0 TRACK 12 2026-07-22T18:07:34.361
ATTEMPT 2 W0 TRACKED 12 nsol=64 0.12s 2026-07-22T18:07:34.481
ATTEMPT 2 W0 TRACK 13 2026-07-22T18:07:34.481
ATTEMPT 2 W0 TRACKED 13 nsol=64 0.07s 2026-07-22T18:07:34.555
ATTEMPT 2 W0 TRACK 14 2026-07-22T18:07:34.555
ATTEMPT 2 W0 TRACKED 14 nsol=64 0.04s 2026-07-22T18:07:34.591
ATTEMPT 2 W0 TRACK 15 2026-07-22T18:07:34.591
ATTEMPT 2 W0 TRACKED 15 nsol=64 0.08s 2026-07-22T18:07:34.670
ATTEMPT 2 W0 TRACK 16 2026-07-22T18:07:34.670
ATTEMPT 2 W0 TRACKED 16 nsol=64 0.06s 2026-07-22T18:07:34.726
ATTEMPT 2 W0 TRACK 17 2026-07-22T18:07:34.734
ATTEMPT 2 W0 TRACKED 17 nsol=64 0.06s 2026-07-22T18:07:34.791
ATTEMPT 2 W0 TRACK 18 2026-07-22T18:07:34.791
ATTEMPT 2 W0 TRACKED 18 nsol=64 0.06s 2026-07-22T18:07:34.849
ATTEMPT 2 W0 TRACK 19 2026-07-22T18:07:34.849
ATTEMPT 2 W0 TRACKED 19 nsol=64 0.10s 2026-07-22T18:07:34.952
ATTEMPT 2 W0 TRACK 20 2026-07-22T18:07:34.952
ATTEMPT 2 W0 TRACKED 20 nsol=64 0.07s 2026-07-22T18:07:35.024
ATTEMPT 2 W0 TRACK 21 2026-07-22T18:07:35.024
ATTEMPT 2 W0 TRACKED 21 nsol=64 0.05s 2026-07-22T18:07:35.072
ATTEMPT 2 W0 TRACK 22 2026-07-22T18:07:35.072
ATTEMPT 2 W0 TRACKED 22 nsol=64 0.02s 2026-07-22T18:07:35.095
ATTEMPT 2 W0 TRACK 23 2026-07-22T18:07:35.095
ATTEMPT 2 W0 TRACKED 23 nsol=64 0.02s 2026-07-22T18:07:35.117
ATTEMPT 2 W0 TRACK 24 2026-07-22T18:07:35.117
ATTEMPT 2 W0 TRACKED 24 nsol=64 0.02s 2026-07-22T18:07:35.140
ATTEMPT 2 W0 TRACK 25 2026-07-22T18:07:35.140
ATTEMPT 2 W0 TRACKED 25 nsol=64 0.02s 2026-07-22T18:07:35.163
ATTEMPT 2 W0 DONE ptrack seed=704302 nsol=64 1.70s 2026-07-22T18:07:35.163
ATTEMPT 3 W0 START ptrack6x2 seed=704303 2026-07-22T18:07:35.163
ATTEMPT 3 W0 SOLVE ptrack fresh 2026-07-22T18:07:35.237
ATTEMPT 3 W0 FRESH-DONE nsol=64 0.07s 2026-07-22T18:07:35.309
ATTEMPT 3 W0 TRACK 1 2026-07-22T18:07:35.309
ATTEMPT 3 W0 TRACKED 1 nsol=64 0.02s 2026-07-22T18:07:35.332
ATTEMPT 3 W0 TRACK 2 2026-07-22T18:07:35.332
ATTEMPT 3 W0 TRACKED 2 nsol=64 0.02s 2026-07-22T18:07:35.356
ATTEMPT 3 W0 TRACK 3 2026-07-22T18:07:35.356
ATTEMPT 3 W0 TRACKED 3 nsol=64 0.03s 2026-07-22T18:07:35.384
ATTEMPT 3 W0 TRACK 4 2026-07-22T18:07:35.386
ATTEMPT 3 W0 TRACKED 4 nsol=64 0.08s 2026-07-22T18:07:35.467
ATTEMPT 3 W0 TRACK 5 2026-07-22T18:07:35.467
ATTEMPT 3 W0 TRACKED 5 nsol=64 0.05s 2026-07-22T18:07:35.522
ATTEMPT 3 W0 TRACK 6 2026-07-22T18:07:35.526
ATTEMPT 3 W0 TRACKED 6 nsol=64 0.05s 2026-07-22T18:07:35.577
ATTEMPT 3 W0 TRACK 7 2026-07-22T18:07:35.582
ATTEMPT 3 W0 TRACKED 7 nsol=64 0.05s 2026-07-22T18:07:35.628
ATTEMPT 3 W0 TRACK 8 2026-07-22T18:07:35.634
ATTEMPT 3 W0 TRACKED 8 nsol=64 0.05s 2026-07-22T18:07:35.687
ATTEMPT 3 W0 TRACK 9 2026-07-22T18:07:35.687
ATTEMPT 3 W0 TRACKED 9 nsol=64 0.04s 2026-07-22T18:07:35.730
ATTEMPT 3 W0 TRACK 10 2026-07-22T18:07:35.734
ATTEMPT 3 W0 TRACKED 10 nsol=64 0.05s 2026-07-22T18:07:35.784
ATTEMPT 3 W0 TRACK 11 2026-07-22T18:07:35.784
ATTEMPT 3 W0 TRACKED 11 nsol=64 0.05s 2026-07-22T18:07:35.835
ATTEMPT 3 W0 TRACK 12 2026-07-22T18:07:35.835
ATTEMPT 3 W0 TRACKED 12 nsol=64 0.04s 2026-07-22T18:07:35.877
ATTEMPT 3 W0 TRACK 13 2026-07-22T18:07:35.882
ATTEMPT 3 W0 TRACKED 13 nsol=64 0.07s 2026-07-22T18:07:35.948
ATTEMPT 3 W0 TRACK 14 2026-07-22T18:07:35.948
ATTEMPT 3 W0 TRACKED 14 nsol=64 0.08s 2026-07-22T18:07:36.026
ATTEMPT 3 W0 TRACK 15 2026-07-22T18:07:36.030
ATTEMPT 3 W0 TRACKED 15 nsol=64 0.06s 2026-07-22T18:07:36.088
ATTEMPT 3 W0 TRACK 16 2026-07-22T18:07:36.088
ATTEMPT 3 W0 TRACKED 16 nsol=64 0.06s 2026-07-22T18:07:36.147
ATTEMPT 3 W0 TRACK 17 2026-07-22T18:07:36.147
ATTEMPT 3 W0 TRACKED 17 nsol=64 0.07s 2026-07-22T18:07:36.217
ATTEMPT 3 W0 TRACK 18 2026-07-22T18:07:36.217
ATTEMPT 3 W0 TRACKED 18 nsol=64 0.07s 2026-07-22T18:07:36.289
ATTEMPT 3 W0 TRACK 19 2026-07-22T18:07:36.294
ATTEMPT 3 W0 TRACKED 19 nsol=64 0.06s 2026-07-22T18:07:36.352
ATTEMPT 3 W0 TRACK 20 2026-07-22T18:07:36.358
ATTEMPT 3 W0 TRACKED 20 nsol=64 0.06s 2026-07-22T18:07:36.414
ATTEMPT 3 W0 TRACK 21 2026-07-22T18:07:36.415
ATTEMPT 3 W0 TRACKED 21 nsol=64 0.06s 2026-07-22T18:07:36.471
ATTEMPT 3 W0 TRACK 22 2026-07-22T18:07:36.471
ATTEMPT 3 W0 TRACKED 22 nsol=64 0.04s 2026-07-22T18:07:36.513
ATTEMPT 3 W0 TRACK 23 2026-07-22T18:07:36.518
ATTEMPT 3 W0 TRACKED 23 nsol=64 0.06s 2026-07-22T18:07:36.573
ATTEMPT 3 W0 TRACK 24 2026-07-22T18:07:36.574
ATTEMPT 3 W0 TRACKED 24 nsol=64 0.06s 2026-07-22T18:07:36.631
ATTEMPT 3 W0 TRACK 25 2026-07-22T18:07:36.631
ATTEMPT 3 W0 TRACKED 25 nsol=64 0.04s 2026-07-22T18:07:36.669
ATTEMPT 3 W0 DONE ptrack seed=704303 nsol=64 1.44s 2026-07-22T18:07:36.674
ATTEMPT 4 W0 START ptrack6x2 seed=704304 2026-07-22T18:07:36.674
ATTEMPT 4 W0 SOLVE ptrack fresh 2026-07-22T18:07:36.836
ATTEMPT 4 W0 FRESH-DONE nsol=64 0.17s 2026-07-22T18:07:37.009
ATTEMPT 4 W0 TRACK 1 2026-07-22T18:07:37.014
ATTEMPT 4 W0 TRACKED 1 nsol=64 0.04s 2026-07-22T18:07:37.056
ATTEMPT 4 W0 TRACK 2 2026-07-22T18:07:37.057
ATTEMPT 4 W0 TRACKED 2 nsol=64 0.04s 2026-07-22T18:07:37.094
ATTEMPT 4 W0 TRACK 3 2026-07-22T18:07:37.094
ATTEMPT 4 W0 TRACKED 3 nsol=64 0.05s 2026-07-22T18:07:37.142
ATTEMPT 4 W0 TRACK 4 2026-07-22T18:07:37.142
ATTEMPT 4 W0 TRACKED 4 nsol=64 0.05s 2026-07-22T18:07:37.190
ATTEMPT 4 W0 TRACK 5 2026-07-22T18:07:37.190
ATTEMPT 4 W0 TRACKED 5 nsol=64 0.04s 2026-07-22T18:07:37.232
ATTEMPT 4 W0 TRACK 6 2026-07-22T18:07:37.233
ATTEMPT 4 W0 TRACKED 6 nsol=64 0.05s 2026-07-22T18:07:37.280
ATTEMPT 4 W0 TRACK 7 2026-07-22T18:07:37.280
ATTEMPT 4 W0 TRACKED 7 nsol=64 0.04s 2026-07-22T18:07:37.322
ATTEMPT 4 W0 TRACK 8 2026-07-22T18:07:37.322
ATTEMPT 4 W0 TRACKED 8 nsol=64 0.05s 2026-07-22T18:07:37.368
ATTEMPT 4 W0 TRACK 9 2026-07-22T18:07:37.370
ATTEMPT 4 W0 TRACKED 9 nsol=64 0.05s 2026-07-22T18:07:37.418
ATTEMPT 4 W0 TRACK 10 2026-07-22T18:07:37.418
ATTEMPT 4 W0 TRACKED 10 nsol=64 0.04s 2026-07-22T18:07:37.460
ATTEMPT 4 W0 TRACK 11 2026-07-22T18:07:37.466
ATTEMPT 4 W0 TRACKED 11 nsol=64 0.04s 2026-07-22T18:07:37.505
ATTEMPT 4 W0 TRACK 12 2026-07-22T18:07:37.510
ATTEMPT 4 W0 TRACKED 12 nsol=64 0.06s 2026-07-22T18:07:37.566
ATTEMPT 4 W0 TRACK 13 2026-07-22T18:07:37.566
ATTEMPT 4 W0 TRACKED 13 nsol=64 0.05s 2026-07-22T18:07:37.614
ATTEMPT 4 W0 TRACK 14 2026-07-22T18:07:37.614
ATTEMPT 4 W0 TRACKED 14 nsol=64 0.05s 2026-07-22T18:07:37.664
ATTEMPT 4 W0 TRACK 15 2026-07-22T18:07:37.670
ATTEMPT 4 W0 TRACKED 15 nsol=64 0.05s 2026-07-22T18:07:37.716
ATTEMPT 4 W0 TRACK 16 2026-07-22T18:07:37.722
ATTEMPT 4 W0 TRACKED 16 nsol=64 0.05s 2026-07-22T18:07:37.776
ATTEMPT 4 W0 TRACK 17 2026-07-22T18:07:37.782
ATTEMPT 4 W0 TRACKED 17 nsol=64 0.04s 2026-07-22T18:07:37.820
ATTEMPT 4 W0 TRACK 18 2026-07-22T18:07:37.820
ATTEMPT 4 W0 TRACKED 18 nsol=64 0.02s 2026-07-22T18:07:37.843
ATTEMPT 4 W0 TRACK 19 2026-07-22T18:07:37.843
ATTEMPT 4 W0 TRACKED 19 nsol=64 0.03s 2026-07-22T18:07:37.876
ATTEMPT 4 W0 TRACK 20 2026-07-22T18:07:37.876
ATTEMPT 4 W0 TRACKED 20 nsol=64 0.06s 2026-07-22T18:07:37.933
ATTEMPT 4 W0 TRACK 21 2026-07-22T18:07:37.933
ATTEMPT 4 W0 TRACKED 21 nsol=64 0.05s 2026-07-22T18:07:37.982
ATTEMPT 4 W0 TRACK 22 2026-07-22T18:07:37.986
ATTEMPT 4 W0 TRACKED 22 nsol=64 0.04s 2026-07-22T18:07:38.025
ATTEMPT 4 W0 TRACK 23 2026-07-22T18:07:38.030
ATTEMPT 4 W0 TRACKED 23 nsol=64 0.05s 2026-07-22T18:07:38.082
ATTEMPT 4 W0 TRACK 24 2026-07-22T18:07:38.086
ATTEMPT 4 W0 TRACKED 24 nsol=64 0.04s 2026-07-22T18:07:38.129
ATTEMPT 4 W0 TRACK 25 2026-07-22T18:07:38.130
ATTEMPT 4 W0 TRACKED 25 nsol=64 0.05s 2026-07-22T18:07:38.182
ATTEMPT 4 W0 DONE ptrack seed=704304 nsol=64 1.35s 2026-07-22T18:07:38.182
ATTEMPT 5 W0 START ptrack6x2 seed=704305 2026-07-22T18:07:38.183
ATTEMPT 5 W0 SOLVE ptrack fresh 2026-07-22T18:07:38.316
ATTEMPT 5 W0 FRESH-DONE nsol=64 0.16s 2026-07-22T18:07:38.476
ATTEMPT 5 W0 TRACK 1 2026-07-22T18:07:38.476
ATTEMPT 5 W0 TRACKED 1 nsol=64 0.03s 2026-07-22T18:07:38.502
ATTEMPT 5 W0 TRACK 2 2026-07-22T18:07:38.502
ATTEMPT 5 W0 TRACKED 2 nsol=64 0.02s 2026-07-22T18:07:38.523
ATTEMPT 5 W0 TRACK 3 2026-07-22T18:07:38.523
ATTEMPT 5 W0 TRACKED 3 nsol=64 0.03s 2026-07-22T18:07:38.557
ATTEMPT 5 W0 TRACK 4 2026-07-22T18:07:38.562
ATTEMPT 5 W0 TRACKED 4 nsol=64 0.04s 2026-07-22T18:07:38.605
ATTEMPT 5 W0 TRACK 5 2026-07-22T18:07:38.610
ATTEMPT 5 W0 TRACKED 5 nsol=64 0.04s 2026-07-22T18:07:38.653
ATTEMPT 5 W0 TRACK 6 2026-07-22T18:07:38.653
ATTEMPT 5 W0 TRACKED 6 nsol=64 0.05s 2026-07-22T18:07:38.702
ATTEMPT 5 W0 TRACK 7 2026-07-22T18:07:38.706
ATTEMPT 5 W0 TRACKED 7 nsol=64 0.04s 2026-07-22T18:07:38.748
ATTEMPT 5 W0 TRACK 8 2026-07-22T18:07:38.748
ATTEMPT 5 W0 TRACKED 8 nsol=64 0.04s 2026-07-22T18:07:38.788
ATTEMPT 5 W0 TRACK 9 2026-07-22T18:07:38.788
ATTEMPT 5 W0 TRACKED 9 nsol=64 0.03s 2026-07-22T18:07:38.815
ATTEMPT 5 W0 TRACK 10 2026-07-22T18:07:38.815
ATTEMPT 5 W0 TRACKED 10 nsol=64 0.02s 2026-07-22T18:07:38.839
ATTEMPT 5 W0 TRACK 11 2026-07-22T18:07:38.839
ATTEMPT 5 W0 TRACKED 11 nsol=64 0.03s 2026-07-22T18:07:38.866
ATTEMPT 5 W0 TRACK 12 2026-07-22T18:07:38.866
ATTEMPT 5 W0 TRACKED 12 nsol=64 0.02s 2026-07-22T18:07:38.890
ATTEMPT 5 W0 TRACK 13 2026-07-22T18:07:38.890
ATTEMPT 5 W0 TRACKED 13 nsol=64 0.02s 2026-07-22T18:07:38.911
ATTEMPT 5 W0 TRACK 14 2026-07-22T18:07:38.911
ATTEMPT 5 W0 TRACKED 14 nsol=64 0.02s 2026-07-22T18:07:38.932
ATTEMPT 5 W0 TRACK 15 2026-07-22T18:07:38.932
ATTEMPT 5 W0 TRACKED 15 nsol=64 0.03s 2026-07-22T18:07:38.965
ATTEMPT 5 W0 TRACK 16 2026-07-22T18:07:38.965
ATTEMPT 5 W0 TRACKED 16 nsol=64 0.05s 2026-07-22T18:07:39.018
ATTEMPT 5 W0 TRACK 17 2026-07-22T18:07:39.022
ATTEMPT 5 W0 TRACKED 17 nsol=64 0.03s 2026-07-22T18:07:39.047
ATTEMPT 5 W0 TRACK 18 2026-07-22T18:07:39.047
ATTEMPT 5 W0 TRACKED 18 nsol=64 0.03s 2026-07-22T18:07:39.076
ATTEMPT 5 W0 TRACK 19 2026-07-22T18:07:39.076
ATTEMPT 5 W0 TRACKED 19 nsol=64 0.04s 2026-07-22T18:07:39.117
ATTEMPT 5 W0 TRACK 20 2026-07-22T18:07:39.117
ATTEMPT 5 W0 TRACKED 20 nsol=64 0.04s 2026-07-22T18:07:39.157
ATTEMPT 5 W0 TRACK 21 2026-07-22T18:07:39.162
ATTEMPT 5 W0 TRACKED 21 nsol=64 0.05s 2026-07-22T18:07:39.217
ATTEMPT 5 W0 TRACK 22 2026-07-22T18:07:39.217
ATTEMPT 5 W0 TRACKED 22 nsol=64 0.05s 2026-07-22T18:07:39.270
ATTEMPT 5 W0 TRACK 23 2026-07-22T18:07:39.270
ATTEMPT 5 W0 TRACKED 23 nsol=64 0.06s 2026-07-22T18:07:39.326
ATTEMPT 5 W0 TRACK 24 2026-07-22T18:07:39.326
ATTEMPT 5 W0 TRACKED 24 nsol=64 0.03s 2026-07-22T18:07:39.352
ATTEMPT 5 W0 TRACK 25 2026-07-22T18:07:39.352
ATTEMPT 5 W0 TRACKED 25 nsol=64 0.03s 2026-07-22T18:07:39.380
ATTEMPT 5 W0 DONE ptrack seed=704305 nsol=64 1.06s 2026-07-22T18:07:39.380
ATTEMPT 6 W0 START ptrack6x2 seed=704306 2026-07-22T18:07:39.380
ATTEMPT 6 W0 SOLVE ptrack fresh 2026-07-22T18:07:39.489
ATTEMPT 6 W0 FRESH-DONE nsol=64 0.07s 2026-07-22T18:07:39.557
ATTEMPT 6 W0 TRACK 1 2026-07-22T18:07:39.557
ATTEMPT 6 W0 TRACKED 1 nsol=64 0.03s 2026-07-22T18:07:39.584
ATTEMPT 6 W0 TRACK 2 2026-07-22T18:07:39.585
ATTEMPT 6 W0 TRACKED 2 nsol=64 0.03s 2026-07-22T18:07:39.610
ATTEMPT 6 W0 TRACK 3 2026-07-22T18:07:39.610
ATTEMPT 6 W0 TRACKED 3 nsol=64 0.02s 2026-07-22T18:07:39.633
ATTEMPT 6 W0 TRACK 4 2026-07-22T18:07:39.633
ATTEMPT 6 W0 TRACKED 4 nsol=64 0.02s 2026-07-22T18:07:39.656
ATTEMPT 6 W0 TRACK 5 2026-07-22T18:07:39.657
ATTEMPT 6 W0 TRACKED 5 nsol=64 0.05s 2026-07-22T18:07:39.704
ATTEMPT 6 W0 TRACK 6 2026-07-22T18:07:39.708
ATTEMPT 6 W0 TRACKED 6 nsol=64 0.03s 2026-07-22T18:07:39.736
ATTEMPT 6 W0 TRACK 7 2026-07-22T18:07:39.736
ATTEMPT 6 W0 TRACKED 7 nsol=64 0.06s 2026-07-22T18:07:39.791
ATTEMPT 6 W0 TRACK 8 2026-07-22T18:07:39.791
ATTEMPT 6 W0 TRACKED 8 nsol=64 0.03s 2026-07-22T18:07:39.823
ATTEMPT 6 W0 TRACK 9 2026-07-22T18:07:39.823
ATTEMPT 6 W0 TRACKED 9 nsol=64 0.03s 2026-07-22T18:07:39.856
ATTEMPT 6 W0 TRACK 10 2026-07-22T18:07:39.856
ATTEMPT 6 W0 TRACKED 10 nsol=64 0.03s 2026-07-22T18:07:39.884
ATTEMPT 6 W0 TRACK 11 2026-07-22T18:07:39.884
ATTEMPT 6 W0 TRACKED 11 nsol=64 0.03s 2026-07-22T18:07:39.912
ATTEMPT 6 W0 TRACK 12 2026-07-22T18:07:39.912
ATTEMPT 6 W0 TRACKED 12 nsol=64 0.03s 2026-07-22T18:07:39.939
ATTEMPT 6 W0 TRACK 13 2026-07-22T18:07:39.939
ATTEMPT 6 W0 TRACKED 13 nsol=64 0.03s 2026-07-22T18:07:39.968
ATTEMPT 6 W0 TRACK 14 2026-07-22T18:07:39.969
ATTEMPT 6 W0 TRACKED 14 nsol=64 0.02s 2026-07-22T18:07:39.991
ATTEMPT 6 W0 TRACK 15 2026-07-22T18:07:39.992
ATTEMPT 6 W0 TRACKED 15 nsol=64 0.03s 2026-07-22T18:07:40.023
ATTEMPT 6 W0 TRACK 16 2026-07-22T18:07:40.023
ATTEMPT 6 W0 TRACKED 16 nsol=64 0.03s 2026-07-22T18:07:40.050
ATTEMPT 6 W0 TRACK 17 2026-07-22T18:07:40.050
ATTEMPT 6 W0 TRACKED 17 nsol=64 0.03s 2026-07-22T18:07:40.075
ATTEMPT 6 W0 TRACK 18 2026-07-22T18:07:40.075
ATTEMPT 6 W0 TRACKED 18 nsol=64 0.03s 2026-07-22T18:07:40.103
ATTEMPT 6 W0 TRACK 19 2026-07-22T18:07:40.103
ATTEMPT 6 W0 TRACKED 19 nsol=64 0.02s 2026-07-22T18:07:40.124
ATTEMPT 6 W0 TRACK 20 2026-07-22T18:07:40.124
ATTEMPT 6 W0 TRACKED 20 nsol=64 0.03s 2026-07-22T18:07:40.153
ATTEMPT 6 W0 TRACK 21 2026-07-22T18:07:40.153
ATTEMPT 6 W0 TRACKED 21 nsol=64 0.02s 2026-07-22T18:07:40.175
ATTEMPT 6 W0 TRACK 22 2026-07-22T18:07:40.175
ATTEMPT 6 W0 TRACKED 22 nsol=64 0.02s 2026-07-22T18:07:40.197
ATTEMPT 6 W0 TRACK 23 2026-07-22T18:07:40.198
ATTEMPT 6 W0 TRACKED 23 nsol=64 0.03s 2026-07-22T18:07:40.226
ATTEMPT 6 W0 TRACK 24 2026-07-22T18:07:40.226
ATTEMPT 6 W0 TRACKED 24 nsol=64 0.02s 2026-07-22T18:07:40.251
ATTEMPT 6 W0 TRACK 25 2026-07-22T18:07:40.251
ATTEMPT 6 W0 TRACKED 25 nsol=64 0.03s 2026-07-22T18:07:40.284
ATTEMPT 6 W0 DONE ptrack seed=704306 nsol=64 0.79s 2026-07-22T18:07:40.284
ATTEMPT 7 W0 START ptrack6x2 seed=704307 2026-07-22T18:07:40.284
ATTEMPT 7 W0 SOLVE ptrack fresh 2026-07-22T18:07:40.354
ATTEMPT 7 W0 FRESH-DONE nsol=64 0.07s 2026-07-22T18:07:40.422
ATTEMPT 7 W0 TRACK 1 2026-07-22T18:07:40.422
ATTEMPT 7 W0 TRACKED 1 nsol=64 0.04s 2026-07-22T18:07:40.466
ATTEMPT 7 W0 TRACK 2 2026-07-22T18:07:40.466
ATTEMPT 7 W0 TRACKED 2 nsol=64 0.06s 2026-07-22T18:07:40.524
ATTEMPT 7 W0 TRACK 3 2026-07-22T18:07:40.524
ATTEMPT 7 W0 TRACKED 3 nsol=64 0.03s 2026-07-22T18:07:40.557
ATTEMPT 7 W0 TRACK 4 2026-07-22T18:07:40.557
ATTEMPT 7 W0 TRACKED 4 nsol=64 0.03s 2026-07-22T18:07:40.592
ATTEMPT 7 W0 TRACK 5 2026-07-22T18:07:40.592
ATTEMPT 7 W0 TRACKED 5 nsol=64 0.02s 2026-07-22T18:07:40.613
ATTEMPT 7 W0 TRACK 6 2026-07-22T18:07:40.614
ATTEMPT 7 W0 TRACKED 6 nsol=64 0.05s 2026-07-22T18:07:40.660
ATTEMPT 7 W0 TRACK 7 2026-07-22T18:07:40.666
ATTEMPT 7 W0 TRACKED 7 nsol=64 0.04s 2026-07-22T18:07:40.710
ATTEMPT 7 W0 TRACK 8 2026-07-22T18:07:40.710
ATTEMPT 7 W0 TRACKED 8 nsol=64 0.06s 2026-07-22T18:07:40.766
ATTEMPT 7 W0 TRACK 9 2026-07-22T18:07:40.767
ATTEMPT 7 W0 TRACKED 9 nsol=64 0.05s 2026-07-22T18:07:40.821
ATTEMPT 7 W0 TRACK 10 2026-07-22T18:07:40.821
ATTEMPT 7 W0 TRACKED 10 nsol=64 0.04s 2026-07-22T18:07:40.858
ATTEMPT 7 W0 TRACK 11 2026-07-22T18:07:40.858
ATTEMPT 7 W0 TRACKED 11 nsol=64 0.03s 2026-07-22T18:07:40.885
ATTEMPT 7 W0 TRACK 12 2026-07-22T18:07:40.886
ATTEMPT 7 W0 TRACKED 12 nsol=64 0.03s 2026-07-22T18:07:40.912
ATTEMPT 7 W0 TRACK 13 2026-07-22T18:07:40.912
ATTEMPT 7 W0 TRACKED 13 nsol=64 0.03s 2026-07-22T18:07:40.945
ATTEMPT 7 W0 TRACK 14 2026-07-22T18:07:40.945
ATTEMPT 7 W0 TRACKED 14 nsol=64 0.02s 2026-07-22T18:07:40.967
ATTEMPT 7 W0 TRACK 15 2026-07-22T18:07:40.967
ATTEMPT 7 W0 TRACKED 15 nsol=64 0.02s 2026-07-22T18:07:40.988
ATTEMPT 7 W0 TRACK 16 2026-07-22T18:07:40.988
ATTEMPT 7 W0 TRACKED 16 nsol=64 0.03s 2026-07-22T18:07:41.019
ATTEMPT 7 W0 TRACK 17 2026-07-22T18:07:41.019
ATTEMPT 7 W0 TRACKED 17 nsol=64 0.02s 2026-07-22T18:07:41.042
ATTEMPT 7 W0 TRACK 18 2026-07-22T18:07:41.042
ATTEMPT 7 W0 TRACKED 18 nsol=64 0.03s 2026-07-22T18:07:41.076
ATTEMPT 7 W0 TRACK 19 2026-07-22T18:07:41.076
ATTEMPT 7 W0 TRACKED 19 nsol=64 0.03s 2026-07-22T18:07:41.104
ATTEMPT 7 W0 TRACK 20 2026-07-22T18:07:41.104
ATTEMPT 7 W0 TRACKED 20 nsol=64 0.03s 2026-07-22T18:07:41.130
ATTEMPT 7 W0 TRACK 21 2026-07-22T18:07:41.130
┌ Warning: Ingored unsupported keyword arguments: gamma = -0.4483357589658335 + 0.893865228785934im
└ @ HomotopyContinuation ~/.julia/packages/HomotopyContinuation/98yZ2/src/utils.jl:170
┌ Warning: Ingored unsupported keyword arguments: gamma = 0.8098411768347861 - 0.5866491867401239im
└ @ HomotopyContinuation ~/.julia/packages/HomotopyContinuation/98yZ2/src/utils.jl:170
┌ Warning: Ingored unsupported keyword arguments: gamma = 0.5789057661086571 - 0.8153944529895631im
└ @ HomotopyContinuation ~/.julia/packages/HomotopyContinuation/98yZ2/src/utils.jl:170
┌ Warning: Ingored unsupported keyword arguments: gamma = 0.6348058160420685 + 0.7726717129021635im
└ @ HomotopyContinuation ~/.julia/packages/HomotopyContinuation/98yZ2/src/utils.jl:170
┌ Warning: Ingored unsupported keyword arguments: gamma = -0.17242755253747316 - 0.9850222023517728im
└ @ HomotopyContinuation ~/.julia/packages/HomotopyContinuation/98yZ2/src/utils.jl:170
┌ Warning: Ingored unsupported keyword arguments: gamma = -0.09511940677363322 - 0.9954658700603612im
└ @ HomotopyContinuation ~/.julia/packages/HomotopyContinuation/98yZ2/src/utils.jl:170
┌ Warning: Ingored unsupported keyword arguments: gamma = -0.504668756737717 + 0.8633130637102667im
└ @ HomotopyContinuation ~/.julia/packages/HomotopyContinuation/98yZ2/src/utils.jl:170
┌ Warning: Ingored unsupported keyword arguments: gamma = -0.014300151838225632 - 0.9998977476009253im
└ @ HomotopyContinuation ~/.julia/packages/HomotopyContinuation/98yZ2/src/utils.jl:170
┌ Warning: Ingored unsupported keyword arguments: gamma = 0.6881638141808355 + 0.7255553492684651im
└ @ HomotopyContinuation ~/.julia/packages/HomotopyContinuation/98yZ2/src/utils.jl:170
┌ Warning: Ingored unsupported keyword arguments: gamma = -0.9930231598746276 - 0.11791948080198536im
└ @ HomotopyContinuation ~/.julia/packages/HomotopyContinuation/98yZ2/src/utils.jl:170
┌ Warning: Ingored unsupported keyword arguments: gamma = -0.9992337991285213 - 0.03913840414710388im
└ @ HomotopyContinuation ~/.julia/packages/HomotopyContinuation/98yZ2/src/utils.jl:170
┌ Warning: Ingored unsupported keyword arguments: gamma = 0.47827098895117404 - 0.8782123098247178im
└ @ HomotopyContinuation ~/.julia/packages/HomotopyContinuation/98yZ2/src/utils.jl:170
┌ Warning: Ingored unsupported keyword arguments: gamma = -0.6595887558716589 - 0.7516266846830794im
└ @ HomotopyContinuation ~/.julia/packages/HomotopyContinuation/98yZ2/src/utils.jl:170
┌ Warning: Ingored unsupported keyword arguments: gamma = 0.4955389869558595 - 0.8685856966395201im
└ @ HomotopyContinuation ~/.julia/packages/HomotopyContinuation/98yZ2/src/utils.jl:170
┌ Warning: Ingored unsupported keyword arguments: gamma = 0.9612164317201787 + 0.2757951620154478im
└ @ HomotopyContinuation ~/.julia/packages/HomotopyContinuation/98yZ2/src/utils.jl:170
┌ Warning: Ingored unsupported keyword arguments: gamma = 0.5637941716466538 - 0.8259153298112728im
└ @ HomotopyContinuation ~/.julia/packages/HomotopyContinuation/98yZ2/src/utils.jl:170
┌ Warning: Ingored unsupported keyword arguments: gamma = -0.7261803708818059 - 0.6875042319476753im
└ @ HomotopyContinuation ~/.julia/packages/HomotopyContinuation/98yZ2/src/utils.jl:170
┌ Warning: Ingored unsupported keyword arguments: gamma = -0.6855160871527516 - 0.7280574800486437im
└ @ HomotopyContinuation ~/.julia/packages/HomotopyContinuation/98yZ2/src/utils.jl:170
┌ Warning: Ingored unsupported keyword arguments: gamma = 0.05624591492665469 + 0.9984169454962508im
└ @ HomotopyContinuation ~/.julia/packages/HomotopyContinuation/98yZ2/src/utils.jl:170
┌ Warning: Ingored unsupported keyword arguments: gamma = 0.9454005096385157 - 0.32591084114406904im
└ @ HomotopyContinuation ~/.julia/packages/HomotopyContinuation/98yZ2/src/utils.jl:170
┌ Warning: Ingored unsupported keyword arguments: gamma = 0.8429805065546814 - 0.5379441100791166im
└ @ HomotopyContinuation ~/.julia/packages/HomotopyContinuation/98yZ2/src/utils.jl:170
┌ Warning: Ingored unsupported keyword arguments: gamma = 0.11922502552778243 - 0.9928672586443263im
└ @ HomotopyContinuation ~/.julia/packages/HomotopyContinuation/98yZ2/src/utils.jl:170
┌ Warning: Ingored unsupported keyword arguments: gamma = -0.990883931815377 - 0.1347183494187014im
└ @ HomotopyContinuation ~/.julia/packages/HomotopyContinuation/98yZ2/src/utils.jl:170
┌ Warning: Ingored unsupported keyword arguments: gamma = -0.5644078435134737 + 0.8254960848971182im
└ @ HomotopyContinuation ~/.julia/packages/HomotopyContinuation/98yZ2/src/utils.jl:170
┌ Warning: Ingored unsupported keyword arguments: gamma = 0.6364847653253723 + 0.7712892735599957im
└ @ HomotopyContinuation ~/.julia/packages/HomotopyContinuation/98yZ2/src/utils.jl:170
┌ Warning: Ingored unsupported keyword arguments: gamma = 0.866324812175615 - 0.49948105050030217im
└ @ HomotopyContinuation ~/.julia/packages/HomotopyContinuation/98yZ2/src/utils.jl:170
┌ Warning: Ingored unsupported keyword arguments: gamma = 0.6123872077587438 - 0.7905579724305165im
└ @ HomotopyContinuation ~/.julia/packages/HomotopyContinuation/98yZ2/src/utils.jl:170
┌ Warning: Ingored unsupported keyword arguments: gamma = 0.8769267198283983 + 0.4806241026530045im
└ @ HomotopyContinuation ~/.julia/packages/HomotopyContinuation/98yZ2/src/utils.jl:170
┌ Warning: Ingored unsupported keyword arguments: gamma = -0.8722831620531132 - 0.4890011096087843im
└ @ HomotopyContinuation ~/.julia/packages/HomotopyContinuation/98yZ2/src/utils.jl:170
┌ Warning: Ingored unsupported keyword arguments: gamma = 0.5907147816792718 + 0.8068804413948886im
└ @ HomotopyContinuation ~/.julia/packages/HomotopyContinuation/98yZ2/src/utils.jl:170
┌ Warning: Ingored unsupported keyword arguments: gamma = 0.5977678966618093 + 0.8016692221362351im
└ @ HomotopyContinuation ~/.julia/packages/HomotopyContinuation/98yZ2/src/utils.jl:170
┌ Warning: Ingored unsupported keyword arguments: gamma = 0.29054358764486726 + 0.9568617578722902im
└ @ HomotopyContinuation ~/.julia/packages/HomotopyContinuation/98yZ2/src/utils.jl:170
┌ Warning: Ingored unsupported keyword arguments: gamma = 0.43214867391302786 + 0.9018023750441178im
└ @ HomotopyContinuation ~/.julia/packages/HomotopyContinuation/98yZ2/src/utils.jl:170
┌ Warning: Ingored unsupported keyword arguments: gamma = 0.9839526015013749 - 0.1784300367053616im
└ @ HomotopyContinuation ~/.julia/packages/HomotopyContinuation/98yZ2/src/utils.jl:170
┌ Warning: Ingored unsupported keyword arguments: gamma = 0.9201558428707559 - 0.3915523270660114im
└ @ HomotopyContinuation ~/.julia/packages/HomotopyContinuation/98yZ2/src/utils.jl:170
┌ Warning: Ingored unsupported keyword arguments: gamma = -0.9606865555661342 - 0.2776352678506045im
└ @ HomotopyContinuation ~/.julia/packages/HomotopyContinuation/98yZ2/src/utils.jl:170
┌ Warning: Ingored unsupported keyword arguments: gamma = 0.6510536289018876 + 0.7590317333904316im
└ @ HomotopyContinuation ~/.julia/packages/HomotopyContinuation/98yZ2/src/utils.jl:170
┌ Warning: Ingored unsupported keyword arguments: gamma = 0.4164006569717339 - 0.9091812211399377im
└ @ HomotopyContinuation ~/.julia/packages/HomotopyContinuation/98yZ2/src/utils.jl:170
┌ Warning: Ingored unsupported keyword arguments: gamma = -0.2108185757935908 + 0.9775252058644637im
└ @ HomotopyContinuation ~/.julia/packages/HomotopyContinuation/98yZ2/src/utils.jl:170
┌ Warning: Ingored unsupported keyword arguments: gamma = -0.4379267173866569 + 0.8990106730172602im
└ @ HomotopyContinuation ~/.julia/packages/HomotopyContinuation/98yZ2/src/utils.jl:170
┌ Warning: Ingored unsupported keyword arguments: gamma = -0.7864970404060884 + 0.6175940458201195im
└ @ HomotopyContinuation ~/.julia/packages/HomotopyContinuation/98yZ2/src/utils.jl:170
┌ Warning: Ingored unsupported keyword arguments: gamma = -0.9325287600298882 - 0.36109570991237117im
└ @ HomotopyContinuation ~/.julia/packages/HomotopyContinuation/98yZ2/src/utils.jl:170
┌ Warning: Ingored unsupported keyword arguments: gamma = -0.7099105157638186 - 0.7042918852350558im
└ @ HomotopyContinuation ~/.julia/packages/HomotopyContinuation/98yZ2/src/utils.jl:170
┌ Warning: Ingored unsupported keyword arguments: gamma = -0.39259911555198357 - 0.9197097011926102im
└ @ HomotopyContinuation ~/.julia/packages/HomotopyContinuation/98yZ2/src/utils.jl:170
┌ Warning: Ingored unsupported keyword arguments: gamma = -0.9833413513051683 - 0.18176849785737254im
└ @ HomotopyContinuation ~/.julia/packages/HomotopyContinuation/98yZ2/src/utils.jl:170
┌ Warning: Ingored unsupported keyword arguments: gamma = -0.9534107828892834 + 0.3016751217293926im
└ @ HomotopyContinuation ~/.julia/packages/HomotopyContinuation/98yZ2/src/utils.jl:170
┌ Warning: Ingored unsupported keyword arguments: gamma = -0.8712354372575529 + 0.4908653714274827im
└ @ HomotopyContinuation ~/.julia/packages/HomotopyContinuation/98yZ2/src/utils.jl:170
┌ Warning: Ingored unsupported keyword arguments: gamma = -0.9817860073186487 - 0.1899900940399423im
└ @ HomotopyContinuation ~/.julia/packages/HomotopyContinuation/98yZ2/src/utils.jl:170
┌ Warning: Ingored unsupported keyword arguments: gamma = -0.7030914422888147 - 0.7110994471803745im
└ @ HomotopyContinuation ~/.julia/packages/HomotopyContinuation/98yZ2/src/utils.jl:170
┌ Warning: Ingored unsupported keyword arguments: gamma = 0.3477910267115858 + 0.9375720781566081im
└ @ HomotopyContinuation ~/.julia/packages/HomotopyContinuation/98yZ2/src/utils.jl:170
┌ Warning: Ingored unsupported keyword arguments: gamma = 0.7974053728818018 + 0.6034440084210254im
└ @ HomotopyContinuation ~/.julia/packages/HomotopyContinuation/98yZ2/src/utils.jl:170
┌ Warning: Ingored unsupported keyword arguments: gamma = -0.974050441334949 - 0.22633103573127372im
└ @ HomotopyContinuation ~/.julia/packages/HomotopyContinuation/98yZ2/src/utils.jl:170
┌ Warning: Ingored unsupported keyword arguments: gamma = -0.2915633986322378 + 0.9565515064950861im
└ @ HomotopyContinuation ~/.julia/packages/HomotopyContinuation/98yZ2/src/utils.jl:170
┌ Warning: Ingored unsupported keyword arguments: gamma = -0.943652917984132 - 0.3309368072306751im
└ @ HomotopyContinuation ~/.julia/packages/HomotopyContinuation/98yZ2/src/utils.jl:170
┌ Warning: Ingored unsupported keyword arguments: gamma = 0.9992414448775129 + 0.03894271227200656im
└ @ HomotopyContinuation ~/.julia/packages/HomotopyContinuation/98yZ2/src/utils.jl:170
┌ Warning: Ingored unsupported keyword arguments: gamma = -0.999777124166582 + 0.021111655387457646im
└ @ HomotopyContinuation ~/.julia/packages/HomotopyContinuation/98yZ2/src/utils.jl:170
┌ Warning: Ingored unsupported keyword arguments: gamma = 0.7636397550826807 - 0.6456425671044804im
└ @ HomotopyContinuation ~/.julia/packages/HomotopyContinuation/98yZ2/src/utils.jl:170
┌ Warning: Ingored unsupported keyword arguments: gamma = 0.015366413887291227 + 0.9998819296918234im
└ @ HomotopyContinuation ~/.julia/packages/HomotopyContinuation/98yZ2/src/utils.jl:170
┌ Warning: Ingored unsupported keyword arguments: gamma = 0.9586888979000282 - 0.28445666988704843im
└ @ HomotopyContinuation ~/.julia/packages/HomotopyContinuation/98yZ2/src/utils.jl:170
┌ Warning: Ingored unsupported keyword arguments: gamma = 0.4004959681226851 - 0.916298520962177im
└ @ HomotopyContinuation ~/.julia/packages/HomotopyContinuation/98yZ2/src/utils.jl:170
┌ Warning: Ingored unsupported keyword arguments: gamma = 0.93542925647314 + 0.3535139405088695im
└ @ HomotopyContinuation ~/.julia/packages/HomotopyContinuation/98yZ2/src/utils.jl:170
┌ Warning: Ingored unsupported keyword arguments: gamma = -0.9802834964755164 - 0.19759622096015986im
└ @ HomotopyContinuation ~/.julia/packages/HomotopyContinuation/98yZ2/src/utils.jl:170
┌ Warning: Ingored unsupported keyword arguments: gamma = 0.5623906579315926 - 0.8268716634830767im
└ @ HomotopyContinuation ~/.julia/packages/HomotopyContinuation/98yZ2/src/utils.jl:170
┌ Warning: Ingored unsupported keyword arguments: gamma = -0.8879430751236176 - 0.4599533621357862im
└ @ HomotopyContinuation ~/.julia/packages/HomotopyContinuation/98yZ2/src/utils.jl:170
┌ Warning: Ingored unsupported keyword arguments: gamma = 0.5412072844178931 - 0.8408892170155411im
└ @ HomotopyContinuation ~/.julia/packages/HomotopyContinuation/98yZ2/src/utils.jl:170
┌ Warning: Ingored unsupported keyword arguments: gamma = 0.4646368983818362 - 0.8855013002035103im
└ @ HomotopyContinuation ~/.julia/packages/HomotopyContinuation/98yZ2/src/utils.jl:170
┌ Warning: Ingored unsupported keyword arguments: gamma = 0.5483626535444043 - 0.8362406353423275im
└ @ HomotopyContinuation ~/.julia/packages/HomotopyContinuation/98yZ2/src/utils.jl:170
┌ Warning: Ingored unsupported keyword arguments: gamma = -0.1764861861287018 + 0.9843031169846742im
└ @ HomotopyContinuation ~/.julia/packages/HomotopyContinuation/98yZ2/src/utils.jl:170
┌ Warning: Ingored unsupported keyword arguments: gamma = -0.7734719253344091 - 0.6338305615221487im
└ @ HomotopyContinuation ~/.julia/packages/HomotopyContinuation/98yZ2/src/utils.jl:170
┌ Warning: Ingored unsupported keyword arguments: gamma = -0.5729586507426206 - 0.8195842754343178im
└ @ HomotopyContinuation ~/.julia/packages/HomotopyContinuation/98yZ2/src/utils.jl:170
┌ Warning: Ingored unsupported keyword arguments: gamma = 0.9109983600540902 - 0.41240997560529297im
└ @ HomotopyContinuation ~/.julia/packages/HomotopyContinuation/98yZ2/src/utils.jl:170
┌ Warning: Ingored unsupported keyword arguments: gamma = -0.595708182814842 - 0.8032009467919213im
└ @ HomotopyContinuation ~/.julia/packages/HomotopyContinuation/98yZ2/src/utils.jl:170
┌ Warning: Ingored unsupported keyword arguments: gamma = -0.01668287688348031 - 0.9998608311254575im
└ @ HomotopyContinuation ~/.julia/packages/HomotopyContinuation/98yZ2/src/utils.jl:170
┌ Warning: Ingored unsupported keyword arguments: gamma = 0.8930029085561869 - 0.45005089191133757im
└ @ HomotopyContinuation ~/.julia/packages/HomotopyContinuation/98yZ2/src/utils.jl:170
┌ Warning: Ingored unsupported keyword arguments: gamma = -0.9409239387599213 + 0.3386179875147152im
└ @ HomotopyContinuation ~/.julia/packages/HomotopyContinuation/98yZ2/src/utils.jl:170
┌ Warning: Ingored unsupported keyword arguments: gamma = -0.5677658518689931 - 0.8231900980037822im
└ @ HomotopyContinuation ~/.julia/packages/HomotopyContinuation/98yZ2/src/utils.jl:170
┌ Warning: Ingored unsupported keyword arguments: gamma = 0.41491765884287746 + 0.9098589651041229im
└ @ HomotopyContinuation ~/.julia/packages/HomotopyContinuation/98yZ2/src/utils.jl:170
┌ Warning: Ingored unsupported keyword arguments: gamma = -0.9056841950112804 - 0.42395299138792386im
└ @ HomotopyContinuation ~/.julia/packages/HomotopyContinuation/98yZ2/src/utils.jl:170
┌ Warning: Ingored unsupported keyword arguments: gamma = 0.6836588285495493 - 0.7298017581139812im
└ @ HomotopyContinuation ~/.julia/packages/HomotopyContinuation/98yZ2/src/utils.jl:170
┌ Warning: Ingored unsupported keyword arguments: gamma = -0.9124421713201079 - 0.40920567444336226im
└ @ HomotopyContinuation ~/.julia/packages/HomotopyContinuation/98yZ2/src/utils.jl:170
┌ Warning: Ingored unsupported keyword arguments: gamma = -0.4426411855640253 + 0.8966988239328042im
└ @ HomotopyContinuation ~/.julia/packages/HomotopyContinuation/98yZ2/src/utils.jl:170
┌ Warning: Ingored unsupported keyword arguments: gamma = -0.7666055035507547 + 0.6421183706495974im
└ @ HomotopyContinuation ~/.julia/packages/HomotopyContinuation/98yZ2/src/utils.jl:170
┌ Warning: Ingored unsupported keyword arguments: gamma = 0.47972814340324715 + 0.8774171803805038im
└ @ HomotopyContinuation ~/.julia/packages/HomotopyContinuation/98yZ2/src/utils.jl:170
┌ Warning: Ingored unsupported keyword arguments: gamma = 0.9997926220017852 + 0.02036450320522222im
└ @ HomotopyContinuation ~/.julia/packages/HomotopyContinuation/98yZ2/src/utils.jl:170
┌ Warning: Ingored unsupported keyword arguments: gamma = -0.8246973664605162 - 0.5655742689984129im
└ @ HomotopyContinuation ~/.julia/packages/HomotopyContinuation/98yZ2/src/utils.jl:170
┌ Warning: Ingored unsupported keyword arguments: gamma = -0.7271092194095012 - 0.686521800855374im
└ @ HomotopyContinuation ~/.julia/packages/HomotopyContinuation/98yZ2/src/utils.jl:170
┌ Warning: Ingored unsupported keyword arguments: gamma = -0.12639335519800243 - 0.9919802012952635im
└ @ HomotopyContinuation ~/.julia/packages/HomotopyContinuation/98yZ2/src/utils.jl:170
┌ Warning: Ingored unsupported keyword arguments: gamma = 0.5302334077786051 + 0.8478517165610314im
└ @ HomotopyContinuation ~/.julia/packages/HomotopyContinuation/98yZ2/src/utils.jl:170
┌ Warning: Ingored unsupported keyword arguments: gamma = 0.5163684042969535 + 0.8563665518011653im
└ @ HomotopyContinuation ~/.julia/packages/HomotopyContinuation/98yZ2/src/utils.jl:170
┌ Warning: Ingored unsupported keyword arguments: gamma = 0.9723431777113569 + 0.23355672706685318im
└ @ HomotopyContinuation ~/.julia/packages/HomotopyContinuation/98yZ2/src/utils.jl:170
┌ Warning: Ingored unsupported keyword arguments: gamma = 0.40560427218204 + 0.9140487811860358im
└ @ HomotopyContinuation ~/.julia/packages/HomotopyContinuation/98yZ2/src/utils.jl:170
┌ Warning: Ingored unsupported keyword arguments: gamma = 0.978211823529839 + 0.20760931652126532im
└ @ HomotopyContinuation ~/.julia/packages/HomotopyContinuation/98yZ2/src/utils.jl:170
┌ Warning: Ingored unsupported keyword arguments: gamma = -0.9983172170328185 - 0.05798908669610492im
└ @ HomotopyContinuation ~/.julia/packages/HomotopyContinuation/98yZ2/src/utils.jl:170
┌ Warning: Ingored unsupported keyword arguments: gamma = -0.7466257662143528 + 0.6652442898851748im
└ @ HomotopyContinuation ~/.julia/packages/HomotopyContinuation/98yZ2/src/utils.jl:170
┌ Warning: Ingored unsupported keyword arguments: gamma = -0.39429291459297483 - 0.918984818972423im
└ @ HomotopyContinuation ~/.julia/packages/HomotopyContinuation/98yZ2/src/utils.jl:170
┌ Warning: Ingored unsupported keyword arguments: gamma = -0.35267646424102467 - 0.9357453240975608im
└ @ HomotopyContinuation ~/.julia/packages/HomotopyContinuation/98yZ2/src/utils.jl:170
┌ Warning: Ingored unsupported keyword arguments: gamma = 0.5511379810463525 - 0.8344141213139614im
└ @ HomotopyContinuation ~/.julia/packages/HomotopyContinuation/98yZ2/src/utils.jl:170
┌ Warning: Ingored unsupported keyword arguments: gamma = -0.9134400140939903 - 0.4069733905944843im
└ @ HomotopyContinuation ~/.julia/packages/HomotopyContinuation/98yZ2/src/utils.jl:170
┌ Warning: Ingored unsupported keyword arguments: gamma = 0.2626819191024876 - 0.9648824847496373im
└ @ HomotopyContinuation ~/.julia/packages/HomotopyContinuation/98yZ2/src/utils.jl:170
┌ Warning: Ingored unsupported keyword arguments: gamma = -0.046435088272384316 - 0.9989213095019727im
└ @ HomotopyContinuation ~/.julia/packages/HomotopyContinuation/98yZ2/src/utils.jl:170
┌ Warning: Ingored unsupported keyword arguments: gamma = -0.7588232145937606 - 0.6512966520669299im
└ @ HomotopyContinuation ~/.julia/packages/HomotopyContinuation/98yZ2/src/utils.jl:170
┌ Warning: Ingored unsupported keyword arguments: gamma = 0.1592536357904177 - 0.9872377016137163im
└ @ HomotopyContinuation ~/.julia/packages/HomotopyContinuation/98yZ2/src/utils.jl:170
┌ Warning: Ingored unsupported keyword arguments: gamma = -0.7220369514036113 + 0.6918544939564815im
└ @ HomotopyContinuation ~/.julia/packages/HomotopyContinuation/98yZ2/src/utils.jl:170
┌ Warning: Ingored unsupported keyword arguments: gamma = 0.432773404618304 + 0.9015027344689985im
└ @ HomotopyContinuation ~/.julia/packages/HomotopyContinuation/98yZ2/src/utils.jl:170
┌ Warning: Ingored unsupported keyword arguments: gamma = 0.0036531275450133426 + 0.9999933273073075im
└ @ HomotopyContinuation ~/.julia/packages/HomotopyContinuation/98yZ2/src/utils.jl:170
┌ Warning: Ingored unsupported keyword arguments: gamma = 0.7235746875268493 + 0.6902460949331205im
└ @ HomotopyContinuation ~/.julia/packages/HomotopyContinuation/98yZ2/src/utils.jl:170
┌ Warning: Ingored unsupported keyword arguments: gamma = -0.9916904117887665 + 0.12864729754731286im
└ @ HomotopyContinuation ~/.julia/packages/HomotopyContinuation/98yZ2/src/utils.jl:170
┌ Warning: Ingored unsupported keyword arguments: gamma = 0.9797081296134909 - 0.20042949076729036im
└ @ HomotopyContinuation ~/.julia/packages/HomotopyContinuation/98yZ2/src/utils.jl:170
┌ Warning: Ingored unsupported keyword arguments: gamma = -0.5140180713947725 + 0.8577793552421267im
└ @ HomotopyContinuation ~/.julia/packages/HomotopyContinuation/98yZ2/src/utils.jl:170
┌ Warning: Ingored unsupported keyword arguments: gamma = -0.8687147427268442 - 0.495312725224209im
└ @ HomotopyContinuation ~/.julia/packages/HomotopyContinuation/98yZ2/src/utils.jl:170
┌ Warning: Ingored unsupported keyword arguments: gamma = -0.1996995898420373 + 0.979857170110482im
└ @ HomotopyContinuation ~/.julia/packages/HomotopyContinuation/98yZ2/src/utils.jl:170
┌ Warning: Ingored unsupported keyword arguments: gamma = 0.8252756565590258 + 0.5647301042897119im
└ @ HomotopyContinuation ~/.julia/packages/HomotopyContinuation/98yZ2/src/utils.jl:170
┌ Warning: Ingored unsupported keyword arguments: gamma = 0.12948524385289226 + 0.9915813489695926im
└ @ HomotopyContinuation ~/.julia/packages/HomotopyContinuation/98yZ2/src/utils.jl:170
┌ Warning: Ingored unsupported keyword arguments: gamma = -0.979032510448275 - 0.20370405858830695im
└ @ HomotopyContinuation ~/.julia/packages/HomotopyContinuation/98yZ2/src/utils.jl:170
┌ Warning: Ingored unsupported keyword arguments: gamma = -0.9653874889726571 - 0.26081985379772704im
└ @ HomotopyContinuation ~/.julia/packages/HomotopyContinuation/98yZ2/src/utils.jl:170
┌ Warning: Ingored unsupported keyword arguments: gamma = -0.9015871704112798 - 0.4325974735822921im
└ @ HomotopyContinuation ~/.julia/packages/HomotopyContinuation/98yZ2/src/utils.jl:170
┌ Warning: Ingored unsupported keyword arguments: gamma = 0.1842680486181022 + 0.9828760279193286im
└ @ HomotopyContinuation ~/.julia/packages/HomotopyContinuation/98yZ2/src/utils.jl:170
┌ Warning: Ingored unsupported keyword arguments: gamma = 0.963092064582108 - 0.26917220350358im
└ @ HomotopyContinuation ~/.julia/packages/HomotopyContinuation/98yZ2/src/utils.jl:170
┌ Warning: Ingored unsupported keyword arguments: gamma = -0.07814691821918285 + 0.9969418534562807im
└ @ HomotopyContinuation ~/.julia/packages/HomotopyContinuation/98yZ2/src/utils.jl:170
┌ Warning: Ingored unsupported keyword arguments: gamma = -0.3593576572690399 - 0.933199911145574im
└ @ HomotopyContinuation ~/.julia/packages/HomotopyContinuation/98yZ2/src/utils.jl:170
┌ Warning: Ingored unsupported keyword arguments: gamma = -0.9223148713116619 + 0.3864392295786654im
└ @ HomotopyContinuation ~/.julia/packages/HomotopyContinuation/98yZ2/src/utils.jl:170
┌ Warning: Ingored unsupported keyword arguments: gamma = -0.9757018291809665 - 0.21910257993213175im
└ @ HomotopyContinuation ~/.julia/packages/HomotopyContinuation/98yZ2/src/utils.jl:170
┌ Warning: Ingored unsupported keyword arguments: gamma = -0.8110007789245627 + 0.5850450722668746im
└ @ HomotopyContinuation ~/.julia/packages/HomotopyContinuation/98yZ2/src/utils.jl:170
┌ Warning: Ingored unsupported keyword arguments: gamma = -0.756587819532534 - 0.6538920945653081im
└ @ HomotopyContinuation ~/.julia/packages/HomotopyContinuation/98yZ2/src/utils.jl:170
┌ Warning: Ingored unsupported keyword arguments: gamma = 0.4654120585941156 - 0.8850941281667095im
└ @ HomotopyContinuation ~/.julia/packages/HomotopyContinuation/98yZ2/src/utils.jl:170
┌ Warning: Ingored unsupported keyword arguments: gamma = -0.66868576481862 - 0.7435451216496126im
└ @ HomotopyContinuation ~/.julia/packages/HomotopyContinuation/98yZ2/src/utils.jl:170
┌ Warning: Ingored unsupported keyword arguments: gamma = -0.43297349596984747 + 0.9014066517325289im
└ @ HomotopyContinuation ~/.julia/packages/HomotopyContinuation/98yZ2/src/utils.jl:170
┌ Warning: Ingored unsupported keyword arguments: gamma = -0.4003585655784029 + 0.9163585646284994im
└ @ HomotopyContinuation ~/.julia/packages/HomotopyContinuation/98yZ2/src/utils.jl:170
┌ Warning: Ingored unsupported keyword arguments: gamma = -0.5603754590696799 + 0.8282387004194174im
└ @ HomotopyContinuation ~/.julia/packages/HomotopyContinuation/98yZ2/src/utils.jl:170
┌ Warning: Ingored unsupported keyword arguments: gamma = -0.7420770993622098 - 0.6703145370661217im
└ @ HomotopyContinuation ~/.julia/packages/HomotopyContinuation/98yZ2/src/utils.jl:170
┌ Warning: Ingored unsupported keyword arguments: gamma = 0.13821767527212134 + 0.9904018751205848im
└ @ HomotopyContinuation ~/.julia/packages/HomotopyContinuation/98yZ2/src/utils.jl:170
┌ Warning: Ingored unsupported keyword arguments: gamma = 0.8849183925644102 + 0.46574610948586614im
└ @ HomotopyContinuation ~/.julia/packages/HomotopyContinuation/98yZ2/src/utils.jl:170
┌ Warning: Ingored unsupported keyword arguments: gamma = -0.5781581262911875 + 0.8159247397912772im
└ @ HomotopyContinuation ~/.julia/packages/HomotopyContinuation/98yZ2/src/utils.jl:170
┌ Warning: Ingored unsupported keyword arguments: gamma = 0.7997725103947667 + 0.600303199738976im
└ @ HomotopyContinuation ~/.julia/packages/HomotopyContinuation/98yZ2/src/utils.jl:170
┌ Warning: Ingored unsupported keyword arguments: gamma = 0.27729343501383197 - 0.9607852782480744im
└ @ HomotopyContinuation ~/.julia/packages/HomotopyContinuation/98yZ2/src/utils.jl:170
┌ Warning: Ingored unsupported keyword arguments: gamma = 0.4034480421502979 - 0.9150025558899229im
└ @ HomotopyContinuation ~/.julia/packages/HomotopyContinuation/98yZ2/src/utils.jl:170
┌ Warning: Ingored unsupported keyword arguments: gamma = 0.9993819812303939 - 0.03515189314976764im
└ @ HomotopyContinuation ~/.julia/packages/HomotopyContinuation/98yZ2/src/utils.jl:170
┌ Warning: Ingored unsupported keyword arguments: gamma = -0.09495263139807915 - 0.9954817917925874im
└ @ HomotopyContinuation ~/.julia/packages/HomotopyContinuation/98yZ2/src/utils.jl:170
┌ Warning: Ingored unsupported keyword arguments: gamma = 0.16921931016127492 + 0.985578421572095im
└ @ HomotopyContinuation ~/.julia/packages/HomotopyContinuation/98yZ2/src/utils.jl:170
┌ Warning: Ingored unsupported keyword arguments: gamma = 0.6303743003008809 - 0.7762913380427318im
└ @ HomotopyContinuation ~/.julia/packages/HomotopyContinuation/98yZ2/src/utils.jl:170
┌ Warning: Ingored unsupported keyword arguments: gamma = -0.6223680166209298 - 0.7827247612585985im
└ @ HomotopyContinuation ~/.julia/packages/HomotopyContinuation/98yZ2/src/utils.jl:170
┌ Warning: Ingored unsupported keyword arguments: gamma = -0.9689799022054246 + 0.24713953370912886im
└ @ HomotopyContinuation ~/.julia/packages/HomotopyContinuation/98yZ2/src/utils.jl:170
┌ Warning: Ingored unsupported keyword arguments: gamma = -0.9998887341032129 + 0.014917084617124127im
└ @ HomotopyContinuation ~/.julia/packages/HomotopyContinuation/98yZ2/src/utils.jl:170
┌ Warning: Ingored unsupported keyword arguments: gamma = 0.6760338065563596 + 0.7368706076326552im
└ @ HomotopyContinuation ~/.julia/packages/HomotopyContinuation/98yZ2/src/utils.jl:170
┌ Warning: Ingored unsupported keyword arguments: gamma = 0.8357194570670371 - 0.5491566161666239im
└ @ HomotopyContinuation ~/.julia/packages/HomotopyContinuation/98yZ2/src/utils.jl:170
┌ Warning: Ingored unsupported keyword arguments: gamma = -0.1899219681391342 - 0.9817991882346194im
└ @ HomotopyContinuation ~/.julia/packages/HomotopyContinuation/98yZ2/src/utils.jl:170
┌ Warning: Ingored unsupported keyword arguments: gamma = -0.3031239891783554 + 0.9529511252863917im
└ @ HomotopyContinuation ~/.julia/packages/HomotopyContinuation/98yZ2/src/utils.jl:170
┌ Warning: Ingored unsupported keyword arguments: gamma = 0.7857358223999673 - 0.6185622178871315im
└ @ HomotopyContinuation ~/.julia/packages/HomotopyContinuation/98yZ2/src/utils.jl:170
┌ Warning: Ingored unsupported keyword arguments: gamma = 0.818724445459434 + 0.5741866268097353im
└ @ HomotopyContinuation ~/.julia/packages/HomotopyContinuation/98yZ2/src/utils.jl:170
┌ Warning: Ingored unsupported keyword arguments: gamma = -0.6094087802973331 + 0.7928561902996764im
└ @ HomotopyContinuation ~/.julia/packages/HomotopyContinuation/98yZ2/src/utils.jl:170
┌ Warning: Ingored unsupported keyword arguments: gamma = -0.08390438914394859 + 0.9964738097322884im
└ @ HomotopyContinuation ~/.julia/packages/HomotopyContinuation/98yZ2/src/utils.jl:170
┌ Warning: Ingored unsupported keyword arguments: gamma = -0.9999379149194877 + 0.011142993604390616im
└ @ HomotopyContinuation ~/.julia/packages/HomotopyContinuation/98yZ2/src/utils.jl:170
┌ Warning: Ingored unsupported keyword arguments: gamma = 0.8998564084494901 - 0.4361862494077322im
└ @ HomotopyContinuation ~/.julia/packages/HomotopyContinuation/98yZ2/src/utils.jl:170
┌ Warning: Ingored unsupported keyword arguments: gamma = -0.8211239676801313 - 0.5707498836629217im
└ @ HomotopyContinuation ~/.julia/packages/HomotopyContinuation/98yZ2/src/utils.jl:170
┌ Warning: Ingored unsupported keyword arguments: gamma = 0.6498733679260688 + 0.760042502535502im
└ @ HomotopyContinuation ~/.julia/packages/HomotopyContinuation/98yZ2/src/utils.jl:170
┌ Warning: Ingored unsupported keyword arguments: gamma = -0.9347178446462704 - 0.3553907017633279im
└ @ HomotopyContinuation ~/.julia/packages/HomotopyContinuation/98yZ2/src/utils.jl:170
┌ Warning: Ingored unsupported keyword arguments: gamma = -0.8066697539484086 - 0.5910024602865998im
└ @ HomotopyContinuation ~/.julia/packages/HomotopyContinuation/98yZ2/src/utils.jl:170
┌ Warning: Ingored unsupported keyword arguments: gamma = 0.7683700431664582 + 0.6400058411955122im
└ @ HomotopyContinuation ~/.julia/packages/HomotopyContinuation/98yZ2/src/utils.jl:170
┌ Warning: Ingored unsupported keyword arguments: gamma = 0.9475987157517021 + 0.31946310257324695im
└ @ HomotopyContinuation ~/.julia/packages/HomotopyContinuation/98yZ2/src/utils.jl:170
┌ Warning: Ingored unsupported keyword arguments: gamma = 0.2638174379412262 + 0.9645726304629046im
└ @ HomotopyContinuation ~/.julia/packages/HomotopyContinuation/98yZ2/src/utils.jl:170
┌ Warning: Ingored unsupported keyword arguments: gamma = 0.7059234313081564 + 0.7082881540235716im
└ @ HomotopyContinuation ~/.julia/packages/HomotopyContinuation/98yZ2/src/utils.jl:170
┌ Warning: Ingored unsupported keyword arguments: gamma = 0.38389321379951763 + 0.9233774961513183im
└ @ HomotopyContinuation ~/.julia/packages/HomotopyContinuation/98yZ2/src/utils.jl:170
┌ Warning: Ingored unsupported keyword arguments: gamma = -0.7529913636004805 - 0.6580303992545398im
└ @ HomotopyContinuation ~/.julia/packages/HomotopyContinuation/98yZ2/src/utils.jl:170
┌ Warning: Ingored unsupported keyword arguments: gamma = 0.3318037523817413 - 0.9433484350468793im
└ @ HomotopyContinuation ~/.julia/packages/HomotopyContinuation/98yZ2/src/utils.jl:170
┌ Warning: Ingored unsupported keyword arguments: gamma = -0.4490206968007072 + 0.8935213561211659im
└ @ HomotopyContinuation ~/.julia/packages/HomotopyContinuation/98yZ2/src/utils.jl:170
┌ Warning: Ingored unsupported keyword arguments: gamma = -0.9689377461976004 - 0.24730475934262677im
└ @ HomotopyContinuation ~/.julia/packages/HomotopyContinuation/98yZ2/src/utils.jl:170
┌ Warning: Ingored unsupported keyword arguments: gamma = 0.7193387216698229 - 0.6946594874515319im
└ @ HomotopyContinuation ~/.julia/packages/HomotopyContinuation/98yZ2/src/utils.jl:170
┌ Warning: Ingored unsupported keyword arguments: gamma = 0.9997010563017179 + 0.024449908573027354im
└ @ HomotopyContinuation ~/.julia/packages/HomotopyContinuation/98yZ2/src/utils.jl:170
┌ Warning: Ingored unsupported keyword arguments: gamma = -0.4043179413312615 + 0.914618500970569im
└ @ HomotopyContinuation ~/.julia/packages/HomotopyContinuation/98yZ2/src/utils.jl:170
┌ Warning: Ingored unsupported keyword arguments: gamma = 0.6060343363695838 + 0.7954384848252428im
└ @ HomotopyContinuation ~/.julia/packages/HomotopyContinuation/98yZ2/src/utils.jl:170
ATTEMPT 7 W0 TRACKED 21 nsol=64 0.04s 2026-07-22T18:07:41.167
ATTEMPT 7 W0 TRACK 22 2026-07-22T18:07:41.167
ATTEMPT 7 W0 TRACKED 22 nsol=64 0.05s 2026-07-22T18:07:41.213
ATTEMPT 7 W0 TRACK 23 2026-07-22T18:07:41.213
ATTEMPT 7 W0 TRACKED 23 nsol=64 0.02s 2026-07-22T18:07:41.236
ATTEMPT 7 W0 TRACK 24 2026-07-22T18:07:41.236
ATTEMPT 7 W0 TRACKED 24 nsol=64 0.02s 2026-07-22T18:07:41.260
ATTEMPT 7 W0 TRACK 25 2026-07-22T18:07:41.260
ATTEMPT 7 W0 TRACKED 25 nsol=64 0.02s 2026-07-22T18:07:41.284
ATTEMPT 7 W0 DONE ptrack seed=704307 nsol=64 0.93s 2026-07-22T18:07:41.285
ATTEMPT 8 W0 START ptrack6x2 seed=704308 2026-07-22T18:07:41.285
ATTEMPT 8 W0 SOLVE ptrack fresh 2026-07-22T18:07:41.358
ATTEMPT 8 W0 FRESH-DONE nsol=64 0.11s 2026-07-22T18:07:41.470
ATTEMPT 8 W0 TRACK 1 2026-07-22T18:07:41.470
ATTEMPT 8 W0 TRACKED 1 nsol=64 0.04s 2026-07-22T18:07:41.511
ATTEMPT 8 W0 TRACK 2 2026-07-22T18:07:41.511
ATTEMPT 8 W0 TRACKED 2 nsol=64 0.03s 2026-07-22T18:07:41.539
ATTEMPT 8 W0 TRACK 3 2026-07-22T18:07:41.540
ATTEMPT 8 W0 TRACKED 3 nsol=64 0.02s 2026-07-22T18:07:41.562
ATTEMPT 8 W0 TRACK 4 2026-07-22T18:07:41.562
ATTEMPT 8 W0 TRACKED 4 nsol=64 0.02s 2026-07-22T18:07:41.587
ATTEMPT 8 W0 TRACK 5 2026-07-22T18:07:41.587
ATTEMPT 8 W0 TRACKED 5 nsol=64 0.03s 2026-07-22T18:07:41.615
ATTEMPT 8 W0 TRACK 6 2026-07-22T18:07:41.615
ATTEMPT 8 W0 TRACKED 6 nsol=64 0.03s 2026-07-22T18:07:41.641
ATTEMPT 8 W0 TRACK 7 2026-07-22T18:07:41.641
ATTEMPT 8 W0 TRACKED 7 nsol=64 0.06s 2026-07-22T18:07:41.696
ATTEMPT 8 W0 TRACK 8 2026-07-22T18:07:41.710
ATTEMPT 8 W0 TRACKED 8 nsol=64 0.10s 2026-07-22T18:07:41.812
ATTEMPT 8 W0 TRACK 9 2026-07-22T18:07:41.812
ATTEMPT 8 W0 TRACKED 9 nsol=64 0.09s 2026-07-22T18:07:41.900
ATTEMPT 8 W0 TRACK 10 2026-07-22T18:07:41.906
ATTEMPT 8 W0 TRACKED 10 nsol=64 0.10s 2026-07-22T18:07:42.008
ATTEMPT 8 W0 TRACK 11 2026-07-22T18:07:42.008
ATTEMPT 8 W0 TRACKED 11 nsol=64 0.09s 2026-07-22T18:07:42.101
ATTEMPT 8 W0 TRACK 12 2026-07-22T18:07:42.106
ATTEMPT 8 W0 TRACKED 12 nsol=64 0.12s 2026-07-22T18:07:42.222
ATTEMPT 8 W0 TRACK 13 2026-07-22T18:07:42.238
ATTEMPT 8 W0 TRACKED 13 nsol=64 0.09s 2026-07-22T18:07:42.332
ATTEMPT 8 W0 TRACK 14 2026-07-22T18:07:42.332
ATTEMPT 8 W0 TRACKED 14 nsol=64 0.09s 2026-07-22T18:07:42.417
ATTEMPT 8 W0 TRACK 15 2026-07-22T18:07:42.417
ATTEMPT 8 W0 TRACKED 15 nsol=64 0.08s 2026-07-22T18:07:42.501
ATTEMPT 8 W0 TRACK 16 2026-07-22T18:07:42.501
ATTEMPT 8 W0 TRACKED 16 nsol=64 0.09s 2026-07-22T18:07:42.591
ATTEMPT 8 W0 TRACK 17 2026-07-22T18:07:42.594
ATTEMPT 8 W0 TRACKED 17 nsol=64 0.09s 2026-07-22T18:07:42.680
ATTEMPT 8 W0 TRACK 18 2026-07-22T18:07:42.680
ATTEMPT 8 W0 TRACKED 18 nsol=64 0.06s 2026-07-22T18:07:42.737
ATTEMPT 8 W0 TRACK 19 2026-07-22T18:07:42.737
ATTEMPT 8 W0 TRACKED 19 nsol=64 0.08s 2026-07-22T18:07:42.821
ATTEMPT 8 W0 TRACK 20 2026-07-22T18:07:42.826
ATTEMPT 8 W0 TRACKED 20 nsol=64 0.08s 2026-07-22T18:07:42.908
ATTEMPT 8 W0 TRACK 21 2026-07-22T18:07:42.914
ATTEMPT 8 W0 TRACKED 21 nsol=64 0.07s 2026-07-22T18:07:42.987
ATTEMPT 8 W0 TRACK 22 2026-07-22T18:07:42.987
ATTEMPT 8 W0 TRACKED 22 nsol=64 0.10s 2026-07-22T18:07:43.082
ATTEMPT 8 W0 TRACK 23 2026-07-22T18:07:43.083
ATTEMPT 8 W0 TRACKED 23 nsol=64 0.07s 2026-07-22T18:07:43.153
ATTEMPT 8 W0 TRACK 24 2026-07-22T18:07:43.162
ATTEMPT 8 W0 TRACKED 24 nsol=64 0.06s 2026-07-22T18:07:43.217
ATTEMPT 8 W0 TRACK 25 2026-07-22T18:07:43.218
ATTEMPT 8 W0 TRACKED 25 nsol=64 0.09s 2026-07-22T18:07:43.305
ATTEMPT 8 W0 DONE ptrack seed=704308 nsol=64 1.95s 2026-07-22T18:07:43.305
ATTEMPT 9 W0 START ptrack6x2 seed=704309 2026-07-22T18:07:43.305
ATTEMPT 9 W0 SOLVE ptrack fresh 2026-07-22T18:07:43.509
ATTEMPT 9 W0 FRESH-DONE nsol=64 0.22s 2026-07-22T18:07:43.742
ATTEMPT 9 W0 TRACK 1 2026-07-22T18:07:43.742
ATTEMPT 9 W0 TRACKED 1 nsol=64 0.07s 2026-07-22T18:07:43.816
ATTEMPT 9 W0 TRACK 2 2026-07-22T18:07:43.826
ATTEMPT 9 W0 TRACKED 2 nsol=64 0.06s 2026-07-22T18:07:43.888
ATTEMPT 9 W0 TRACK 3 2026-07-22T18:07:43.894
ATTEMPT 9 W0 TRACKED 3 nsol=64 0.06s 2026-07-22T18:07:43.952
ATTEMPT 9 W0 TRACK 4 2026-07-22T18:07:43.962
ATTEMPT 9 W0 TRACKED 4 nsol=64 0.08s 2026-07-22T18:07:44.041
ATTEMPT 9 W0 TRACK 5 2026-07-22T18:07:44.050
ATTEMPT 9 W0 TRACKED 5 nsol=64 0.07s 2026-07-22T18:07:44.125
ATTEMPT 9 W0 TRACK 6 2026-07-22T18:07:44.134
ATTEMPT 9 W0 TRACKED 6 nsol=64 0.05s 2026-07-22T18:07:44.184
ATTEMPT 9 W0 TRACK 7 2026-07-22T18:07:44.186
ATTEMPT 9 W0 TRACKED 7 nsol=64 0.05s 2026-07-22T18:07:44.239
ATTEMPT 9 W0 TRACK 8 2026-07-22T18:07:44.242
ATTEMPT 9 W0 TRACKED 8 nsol=64 0.06s 2026-07-22T18:07:44.307
ATTEMPT 9 W0 TRACK 9 2026-07-22T18:07:44.307
ATTEMPT 9 W0 TRACKED 9 nsol=64 0.07s 2026-07-22T18:07:44.379
ATTEMPT 9 W0 TRACK 10 2026-07-22T18:07:44.380
ATTEMPT 9 W0 TRACKED 10 nsol=64 0.07s 2026-07-22T18:07:44.453
ATTEMPT 9 W0 TRACK 11 2026-07-22T18:07:44.458
ATTEMPT 9 W0 TRACKED 11 nsol=64 0.07s 2026-07-22T18:07:44.531
ATTEMPT 9 W0 TRACK 12 2026-07-22T18:07:44.531
ATTEMPT 9 W0 TRACKED 12 nsol=64 0.08s 2026-07-22T18:07:44.607
ATTEMPT 9 W0 TRACK 13 2026-07-22T18:07:44.607
ATTEMPT 9 W0 TRACKED 13 nsol=64 0.07s 2026-07-22T18:07:44.673
ATTEMPT 9 W0 TRACK 14 2026-07-22T18:07:44.676
ATTEMPT 9 W0 TRACKED 14 nsol=64 0.05s 2026-07-22T18:07:44.729
ATTEMPT 9 W0 TRACK 15 2026-07-22T18:07:44.734
ATTEMPT 9 W0 TRACKED 15 nsol=64 0.05s 2026-07-22T18:07:44.779
ATTEMPT 9 W0 TRACK 16 2026-07-22T18:07:44.780
ATTEMPT 9 W0 TRACKED 16 nsol=64 0.03s 2026-07-22T18:07:44.814
ATTEMPT 9 W0 TRACK 17 2026-07-22T18:07:44.814
ATTEMPT 9 W0 TRACKED 17 nsol=64 0.02s 2026-07-22T18:07:44.838
ATTEMPT 9 W0 TRACK 18 2026-07-22T18:07:44.838
ATTEMPT 9 W0 TRACKED 18 nsol=64 0.02s 2026-07-22T18:07:44.861
ATTEMPT 9 W0 TRACK 19 2026-07-22T18:07:44.861
ATTEMPT 9 W0 TRACKED 19 nsol=64 0.03s 2026-07-22T18:07:44.888
ATTEMPT 9 W0 TRACK 20 2026-07-22T18:07:44.889
ATTEMPT 9 W0 TRACKED 20 nsol=64 0.02s 2026-07-22T18:07:44.913
ATTEMPT 9 W0 TRACK 21 2026-07-22T18:07:44.913
ATTEMPT 9 W0 TRACKED 21 nsol=64 0.03s 2026-07-22T18:07:44.941
ATTEMPT 9 W0 TRACK 22 2026-07-22T18:07:44.946
ATTEMPT 9 W0 TRACKED 22 nsol=64 0.04s 2026-07-22T18:07:44.987
ATTEMPT 9 W0 TRACK 23 2026-07-22T18:07:44.990
ATTEMPT 9 W0 TRACKED 23 nsol=64 0.05s 2026-07-22T18:07:45.038
ATTEMPT 9 W0 TRACK 24 2026-07-22T18:07:45.038
ATTEMPT 9 W0 TRACKED 24 nsol=64 0.05s 2026-07-22T18:07:45.087
ATTEMPT 9 W0 TRACK 25 2026-07-22T18:07:45.087
ATTEMPT 9 W0 TRACKED 25 nsol=64 0.05s 2026-07-22T18:07:45.135
ATTEMPT 9 W0 DONE ptrack seed=704309 nsol=64 1.62s 2026-07-22T18:07:45.136
ATTEMPT 10 W0 START ptrack6x2 seed=704310 2026-07-22T18:07:45.136
ATTEMPT 10 W0 SOLVE ptrack fresh 2026-07-22T18:07:45.279
ATTEMPT 10 W0 FRESH-DONE nsol=64 0.17s 2026-07-22T18:07:45.456
ATTEMPT 10 W0 TRACK 1 2026-07-22T18:07:45.456
ATTEMPT 10 W0 TRACKED 1 nsol=64 0.06s 2026-07-22T18:07:45.518
ATTEMPT 10 W0 TRACK 2 2026-07-22T18:07:45.518
ATTEMPT 10 W0 TRACKED 2 nsol=64 0.07s 2026-07-22T18:07:45.592
ATTEMPT 10 W0 TRACK 3 2026-07-22T18:07:45.592
ATTEMPT 10 W0 TRACKED 3 nsol=64 0.08s 2026-07-22T18:07:45.668
ATTEMPT 10 W0 TRACK 4 2026-07-22T18:07:45.668
ATTEMPT 10 W0 TRACKED 4 nsol=64 0.04s 2026-07-22T18:07:45.712
ATTEMPT 10 W0 TRACK 5 2026-07-22T18:07:45.718
ATTEMPT 10 W0 TRACKED 5 nsol=64 0.05s 2026-07-22T18:07:45.766
ATTEMPT 10 W0 TRACK 6 2026-07-22T18:07:45.770
ATTEMPT 10 W0 TRACKED 6 nsol=64 0.05s 2026-07-22T18:07:45.819
ATTEMPT 10 W0 TRACK 7 2026-07-22T18:07:45.819
ATTEMPT 10 W0 TRACKED 7 nsol=64 0.06s 2026-07-22T18:07:45.877
ATTEMPT 10 W0 TRACK 8 2026-07-22T18:07:45.882
ATTEMPT 10 W0 TRACKED 8 nsol=64 0.03s 2026-07-22T18:07:45.915
ATTEMPT 10 W0 TRACK 9 2026-07-22T18:07:45.916
ATTEMPT 10 W0 TRACKED 9 nsol=64 0.03s 2026-07-22T18:07:45.944
ATTEMPT 10 W0 TRACK 10 2026-07-22T18:07:45.944
ATTEMPT 10 W0 TRACKED 10 nsol=64 0.03s 2026-07-22T18:07:45.973
ATTEMPT 10 W0 TRACK 11 2026-07-22T18:07:45.974
ATTEMPT 10 W0 TRACKED 11 nsol=64 0.03s 2026-07-22T18:07:46.003
ATTEMPT 10 W0 TRACK 12 2026-07-22T18:07:46.003
ATTEMPT 10 W0 TRACKED 12 nsol=64 0.03s 2026-07-22T18:07:46.031
ATTEMPT 10 W0 TRACK 13 2026-07-22T18:07:46.031
ATTEMPT 10 W0 TRACKED 13 nsol=64 0.03s 2026-07-22T18:07:46.064
ATTEMPT 10 W0 TRACK 14 2026-07-22T18:07:46.064
ATTEMPT 10 W0 TRACKED 14 nsol=64 0.03s 2026-07-22T18:07:46.090
ATTEMPT 10 W0 TRACK 15 2026-07-22T18:07:46.090
ATTEMPT 10 W0 TRACKED 15 nsol=64 0.03s 2026-07-22T18:07:46.116
ATTEMPT 10 W0 TRACK 16 2026-07-22T18:07:46.116
ATTEMPT 10 W0 TRACKED 16 nsol=64 0.03s 2026-07-22T18:07:46.151
ATTEMPT 10 W0 TRACK 17 2026-07-22T18:07:46.151
ATTEMPT 10 W0 TRACKED 17 nsol=64 0.05s 2026-07-22T18:07:46.202
ATTEMPT 10 W0 TRACK 18 2026-07-22T18:07:46.202
ATTEMPT 10 W0 TRACKED 18 nsol=64 0.06s 2026-07-22T18:07:46.257
ATTEMPT 10 W0 TRACK 19 2026-07-22T18:07:46.258
ATTEMPT 10 W0 TRACKED 19 nsol=64 0.05s 2026-07-22T18:07:46.312
ATTEMPT 10 W0 TRACK 20 2026-07-22T18:07:46.312
ATTEMPT 10 W0 TRACKED 20 nsol=64 0.03s 2026-07-22T18:07:46.338
ATTEMPT 10 W0 TRACK 21 2026-07-22T18:07:46.338
ATTEMPT 10 W0 TRACKED 21 nsol=64 0.02s 2026-07-22T18:07:46.360
ATTEMPT 10 W0 TRACK 22 2026-07-22T18:07:46.360
ATTEMPT 10 W0 TRACKED 22 nsol=64 0.02s 2026-07-22T18:07:46.383
ATTEMPT 10 W0 TRACK 23 2026-07-22T18:07:46.383
ATTEMPT 10 W0 TRACKED 23 nsol=64 0.03s 2026-07-22T18:07:46.408
ATTEMPT 10 W0 TRACK 24 2026-07-22T18:07:46.408
ATTEMPT 10 W0 TRACKED 24 nsol=64 0.06s 2026-07-22T18:07:46.469
ATTEMPT 10 W0 TRACK 25 2026-07-22T18:07:46.474
ATTEMPT 10 W0 TRACKED 25 nsol=64 0.03s 2026-07-22T18:07:46.508
ATTEMPT 10 W0 DONE ptrack seed=704310 nsol=64 1.23s 2026-07-22T18:07:46.508
ATTEMPT 11 W0 START ptrack6x2 seed=704311 2026-07-22T18:07:46.508
ATTEMPT 11 W0 SOLVE ptrack fresh 2026-07-22T18:07:46.634
ATTEMPT 11 W0 FRESH-DONE nsol=64 0.13s 2026-07-22T18:07:46.762
ATTEMPT 11 W0 TRACK 1 2026-07-22T18:07:46.763
ATTEMPT 11 W0 TRACKED 1 nsol=64 0.07s 2026-07-22T18:07:46.834
ATTEMPT 11 W0 TRACK 2 2026-07-22T18:07:46.834
ATTEMPT 11 W0 TRACKED 2 nsol=64 0.08s 2026-07-22T18:07:46.915
ATTEMPT 11 W0 TRACK 3 2026-07-22T18:07:46.922
ATTEMPT 11 W0 TRACKED 3 nsol=64 0.07s 2026-07-22T18:07:46.988
ATTEMPT 11 W0 TRACK 4 2026-07-22T18:07:46.994
ATTEMPT 11 W0 TRACKED 4 nsol=64 0.05s 2026-07-22T18:07:47.047
ATTEMPT 11 W0 TRACK 5 2026-07-22T18:07:47.047
ATTEMPT 11 W0 TRACKED 5 nsol=64 0.05s 2026-07-22T18:07:47.102
ATTEMPT 11 W0 TRACK 6 2026-07-22T18:07:47.103
ATTEMPT 11 W0 TRACKED 6 nsol=64 0.06s 2026-07-22T18:07:47.158
ATTEMPT 11 W0 TRACK 7 2026-07-22T18:07:47.158
ATTEMPT 11 W0 TRACKED 7 nsol=64 0.05s 2026-07-22T18:07:47.209
ATTEMPT 11 W0 TRACK 8 2026-07-22T18:07:47.215
ATTEMPT 11 W0 TRACKED 8 nsol=64 0.06s 2026-07-22T18:07:47.280
ATTEMPT 11 W0 TRACK 9 2026-07-22T18:07:47.280
ATTEMPT 11 W0 TRACKED 9 nsol=64 0.08s 2026-07-22T18:07:47.357
ATTEMPT 11 W0 TRACK 10 2026-07-22T18:07:47.357
ATTEMPT 11 W0 TRACKED 10 nsol=64 0.08s 2026-07-22T18:07:47.439
ATTEMPT 11 W0 TRACK 11 2026-07-22T18:07:47.439
ATTEMPT 11 W0 TRACKED 11 nsol=64 0.08s 2026-07-22T18:07:47.523
ATTEMPT 11 W0 TRACK 12 2026-07-22T18:07:47.523
ATTEMPT 11 W0 TRACKED 12 nsol=64 0.06s 2026-07-22T18:07:47.586
ATTEMPT 11 W0 TRACK 13 2026-07-22T18:07:47.586
ATTEMPT 11 W0 TRACKED 13 nsol=64 0.07s 2026-07-22T18:07:47.652
ATTEMPT 11 W0 TRACK 14 2026-07-22T18:07:47.652
ATTEMPT 11 W0 TRACKED 14 nsol=64 0.04s 2026-07-22T18:07:47.687
ATTEMPT 11 W0 TRACK 15 2026-07-22T18:07:47.687
ATTEMPT 11 W0 TRACKED 15 nsol=64 0.03s 2026-07-22T18:07:47.721
ATTEMPT 11 W0 TRACK 16 2026-07-22T18:07:47.726
ATTEMPT 11 W0 TRACKED 16 nsol=64 0.04s 2026-07-22T18:07:47.769
ATTEMPT 11 W0 TRACK 17 2026-07-22T18:07:47.770
ATTEMPT 11 W0 TRACKED 17 nsol=64 0.05s 2026-07-22T18:07:47.815
ATTEMPT 11 W0 TRACK 18 2026-07-22T18:07:47.815
ATTEMPT 11 W0 TRACKED 18 nsol=64 0.05s 2026-07-22T18:07:47.864
ATTEMPT 11 W0 TRACK 19 2026-07-22T18:07:47.870
ATTEMPT 11 W0 TRACKED 19 nsol=64 0.04s 2026-07-22T18:07:47.906
ATTEMPT 11 W0 TRACK 20 2026-07-22T18:07:47.907
ATTEMPT 11 W0 TRACKED 20 nsol=64 0.03s 2026-07-22T18:07:47.941
ATTEMPT 11 W0 TRACK 21 2026-07-22T18:07:47.946
ATTEMPT 11 W0 TRACKED 21 nsol=64 0.03s 2026-07-22T18:07:47.972
ATTEMPT 11 W0 TRACK 22 2026-07-22T18:07:47.972
ATTEMPT 11 W0 TRACKED 22 nsol=64 0.02s 2026-07-22T18:07:47.995
ATTEMPT 11 W0 TRACK 23 2026-07-22T18:07:47.995
ATTEMPT 11 W0 TRACKED 23 nsol=64 0.02s 2026-07-22T18:07:48.019
ATTEMPT 11 W0 TRACK 24 2026-07-22T18:07:48.019
ATTEMPT 11 W0 TRACKED 24 nsol=64 0.03s 2026-07-22T18:07:48.046
ATTEMPT 11 W0 TRACK 25 2026-07-22T18:07:48.046
ATTEMPT 11 W0 TRACKED 25 nsol=64 0.03s 2026-07-22T18:07:48.074
ATTEMPT 11 W0 DONE ptrack seed=704311 nsol=64 1.44s 2026-07-22T18:07:48.074
ATTEMPT 12 W0 START ptrack6x2 seed=704312 2026-07-22T18:07:48.074
ATTEMPT 12 W0 SOLVE ptrack fresh 2026-07-22T18:07:48.143
ATTEMPT 12 W0 FRESH-DONE nsol=64 0.07s 2026-07-22T18:07:48.214
ATTEMPT 12 W0 TRACK 1 2026-07-22T18:07:48.214
ATTEMPT 12 W0 TRACKED 1 nsol=64 0.03s 2026-07-22T18:07:48.246
ATTEMPT 12 W0 TRACK 2 2026-07-22T18:07:48.246
ATTEMPT 12 W0 TRACKED 2 nsol=64 0.03s 2026-07-22T18:07:48.274
ATTEMPT 12 W0 TRACK 3 2026-07-22T18:07:48.274
ATTEMPT 12 W0 TRACKED 3 nsol=64 0.02s 2026-07-22T18:07:48.297
ATTEMPT 12 W0 TRACK 4 2026-07-22T18:07:48.297
ATTEMPT 12 W0 TRACKED 4 nsol=64 0.03s 2026-07-22T18:07:48.325
ATTEMPT 12 W0 TRACK 5 2026-07-22T18:07:48.325
ATTEMPT 12 W0 TRACKED 5 nsol=64 0.03s 2026-07-22T18:07:48.358
ATTEMPT 12 W0 TRACK 6 2026-07-22T18:07:48.358
ATTEMPT 12 W0 TRACKED 6 nsol=64 0.02s 2026-07-22T18:07:48.377
ATTEMPT 12 W0 TRACK 7 2026-07-22T18:07:48.377
ATTEMPT 12 W0 TRACKED 7 nsol=64 0.03s 2026-07-22T18:07:48.403
ATTEMPT 12 W0 TRACK 8 2026-07-22T18:07:48.403
ATTEMPT 12 W0 TRACKED 8 nsol=64 0.03s 2026-07-22T18:07:48.431
ATTEMPT 12 W0 TRACK 9 2026-07-22T18:07:48.431
ATTEMPT 12 W0 TRACKED 9 nsol=64 0.02s 2026-07-22T18:07:48.455
ATTEMPT 12 W0 TRACK 10 2026-07-22T18:07:48.455
ATTEMPT 12 W0 TRACKED 10 nsol=64 0.02s 2026-07-22T18:07:48.477
ATTEMPT 12 W0 TRACK 11 2026-07-22T18:07:48.477
ATTEMPT 12 W0 TRACKED 11 nsol=64 0.02s 2026-07-22T18:07:48.497
ATTEMPT 12 W0 TRACK 12 2026-07-22T18:07:48.497
ATTEMPT 12 W0 TRACKED 12 nsol=64 0.03s 2026-07-22T18:07:48.524
ATTEMPT 12 W0 TRACK 13 2026-07-22T18:07:48.524
ATTEMPT 12 W0 TRACKED 13 nsol=64 0.02s 2026-07-22T18:07:48.547
ATTEMPT 12 W0 TRACK 14 2026-07-22T18:07:48.547
ATTEMPT 12 W0 TRACKED 14 nsol=64 0.02s 2026-07-22T18:07:48.568
ATTEMPT 12 W0 TRACK 15 2026-07-22T18:07:48.568
ATTEMPT 12 W0 TRACKED 15 nsol=64 0.02s 2026-07-22T18:07:48.593
ATTEMPT 12 W0 TRACK 16 2026-07-22T18:07:48.594
ATTEMPT 12 W0 TRACKED 16 nsol=64 0.02s 2026-07-22T18:07:48.618
ATTEMPT 12 W0 TRACK 17 2026-07-22T18:07:48.618
ATTEMPT 12 W0 TRACKED 17 nsol=64 0.02s 2026-07-22T18:07:48.643
ATTEMPT 12 W0 TRACK 18 2026-07-22T18:07:48.643
ATTEMPT 12 W0 TRACKED 18 nsol=64 0.05s 2026-07-22T18:07:48.697
ATTEMPT 12 W0 TRACK 19 2026-07-22T18:07:48.697
ATTEMPT 12 W0 TRACKED 19 nsol=64 0.06s 2026-07-22T18:07:48.753
ATTEMPT 12 W0 TRACK 20 2026-07-22T18:07:48.758
ATTEMPT 12 W0 TRACKED 20 nsol=64 0.05s 2026-07-22T18:07:48.809
ATTEMPT 12 W0 TRACK 21 2026-07-22T18:07:48.814
ATTEMPT 12 W0 TRACKED 21 nsol=64 0.07s 2026-07-22T18:07:48.880
ATTEMPT 12 W0 TRACK 22 2026-07-22T18:07:48.880
ATTEMPT 12 W0 TRACKED 22 nsol=64 0.10s 2026-07-22T18:07:48.978
ATTEMPT 12 W0 TRACK 23 2026-07-22T18:07:48.978
ATTEMPT 12 W0 TRACKED 23 nsol=64 0.07s 2026-07-22T18:07:49.044
ATTEMPT 12 W0 TRACK 24 2026-07-22T18:07:49.050
ATTEMPT 12 W0 TRACKED 24 nsol=64 0.05s 2026-07-22T18:07:49.100
ATTEMPT 12 W0 TRACK 25 2026-07-22T18:07:49.114
ATTEMPT 12 W0 TRACKED 25 nsol=64 0.12s 2026-07-22T18:07:49.233
ATTEMPT 12 W0 DONE ptrack seed=704312 nsol=64 1.10s 2026-07-22T18:07:49.242
HUNT2 complete 2026-07-22T18:07:49.254
┌ Warning: Ingored unsupported keyword arguments: gamma = 0.34891135453972694 + 0.9371557323482864im
└ @ HomotopyContinuation ~/.julia/packages/HomotopyContinuation/98yZ2/src/utils.jl:170
┌ Warning: Ingored unsupported keyword arguments: gamma = 0.19920539850233118 + 0.979957758889396im
└ @ HomotopyContinuation ~/.julia/packages/HomotopyContinuation/98yZ2/src/utils.jl:170
┌ Warning: Ingored unsupported keyword arguments: gamma = 0.8178605641887957 - 0.5754164557473002im
└ @ HomotopyContinuation ~/.julia/packages/HomotopyContinuation/98yZ2/src/utils.jl:170
┌ Warning: Ingored unsupported keyword arguments: gamma = -0.8155091307802071 - 0.5787442074130081im
└ @ HomotopyContinuation ~/.julia/packages/HomotopyContinuation/98yZ2/src/utils.jl:170
┌ Warning: Ingored unsupported keyword arguments: gamma = 0.8480586697920994 + 0.529902342503272im
└ @ HomotopyContinuation ~/.julia/packages/HomotopyContinuation/98yZ2/src/utils.jl:170
┌ Warning: Ingored unsupported keyword arguments: gamma = 0.7278793630246418 - 0.6857052084408004im
└ @ HomotopyContinuation ~/.julia/packages/HomotopyContinuation/98yZ2/src/utils.jl:170
┌ Warning: Ingored unsupported keyword arguments: gamma = 0.12989994128306048 + 0.9915271076751545im
└ @ HomotopyContinuation ~/.julia/packages/HomotopyContinuation/98yZ2/src/utils.jl:170
┌ Warning: Ingored unsupported keyword arguments: gamma = 0.21189383714907883 - 0.9772926899236685im
└ @ HomotopyContinuation ~/.julia/packages/HomotopyContinuation/98yZ2/src/utils.jl:170
┌ Warning: Ingored unsupported keyword arguments: gamma = -0.5166719380580395 + 0.8561834548876481im
└ @ HomotopyContinuation ~/.julia/packages/HomotopyContinuation/98yZ2/src/utils.jl:170
┌ Warning: Ingored unsupported keyword arguments: gamma = 0.8014034336196529 - 0.5981241815732169im
└ @ HomotopyContinuation ~/.julia/packages/HomotopyContinuation/98yZ2/src/utils.jl:170
┌ Warning: Ingored unsupported keyword arguments: gamma = -0.9888719930646052 - 0.14876888563283497im
└ @ HomotopyContinuation ~/.julia/packages/HomotopyContinuation/98yZ2/src/utils.jl:170
┌ Warning: Ingored unsupported keyword arguments: gamma = 0.6231869416226821 + 0.782072909510979im
└ @ HomotopyContinuation ~/.julia/packages/HomotopyContinuation/98yZ2/src/utils.jl:170
┌ Warning: Ingored unsupported keyword arguments: gamma = -0.6535267938324094 - 0.756903382039697im
└ @ HomotopyContinuation ~/.julia/packages/HomotopyContinuation/98yZ2/src/utils.jl:170
┌ Warning: Ingored unsupported keyword arguments: gamma = -0.10166645785966881 + 0.9948185419192126im
└ @ HomotopyContinuation ~/.julia/packages/HomotopyContinuation/98yZ2/src/utils.jl:170
┌ Warning: Ingored unsupported keyword arguments: gamma = 0.9772107618089159 - 0.2122713522942707im
└ @ HomotopyContinuation ~/.julia/packages/HomotopyContinuation/98yZ2/src/utils.jl:170
┌ Warning: Ingored unsupported keyword arguments: gamma = 0.8586992184220414 - 0.5124799042707676im
└ @ HomotopyContinuation ~/.julia/packages/HomotopyContinuation/98yZ2/src/utils.jl:170
┌ Warning: Ingored unsupported keyword arguments: gamma = -0.4678353489077264 + 0.8838156404547195im
└ @ HomotopyContinuation ~/.julia/packages/HomotopyContinuation/98yZ2/src/utils.jl:170
┌ Warning: Ingored unsupported keyword arguments: gamma = 0.17559191297985952 + 0.9844630415084527im
└ @ HomotopyContinuation ~/.julia/packages/HomotopyContinuation/98yZ2/src/utils.jl:170
┌ Warning: Ingored unsupported keyword arguments: gamma = -0.853243558152472 - 0.5215126369238899im
└ @ HomotopyContinuation ~/.julia/packages/HomotopyContinuation/98yZ2/src/utils.jl:170
┌ Warning: Ingored unsupported keyword arguments: gamma = -0.5990030980304115 - 0.8007467068617699im
└ @ HomotopyContinuation ~/.julia/packages/HomotopyContinuation/98yZ2/src/utils.jl:170
┌ Warning: Ingored unsupported keyword arguments: gamma = -0.9671279414864387 + 0.25429027664502557im
└ @ HomotopyContinuation ~/.julia/packages/HomotopyContinuation/98yZ2/src/utils.jl:170
┌ Warning: Ingored unsupported keyword arguments: gamma = -0.9998338795170278 - 0.018226721315952064im
└ @ HomotopyContinuation ~/.julia/packages/HomotopyContinuation/98yZ2/src/utils.jl:170
┌ Warning: Ingored unsupported keyword arguments: gamma = 0.9481614588129265 - 0.3177889992144839im
└ @ HomotopyContinuation ~/.julia/packages/HomotopyContinuation/98yZ2/src/utils.jl:170
┌ Warning: Ingored unsupported keyword arguments: gamma = -0.15764680772353315 - 0.9874955615163945im
└ @ HomotopyContinuation ~/.julia/packages/HomotopyContinuation/98yZ2/src/utils.jl:170
┌ Warning: Ingored unsupported keyword arguments: gamma = -0.768530800606653 + 0.6398127917749824im
└ @ HomotopyContinuation ~/.julia/packages/HomotopyContinuation/98yZ2/src/utils.jl:170
┌ Warning: Ingored unsupported keyword arguments: gamma = 0.930090201054428 - 0.3673312100850319im
└ @ HomotopyContinuation ~/.julia/packages/HomotopyContinuation/98yZ2/src/utils.jl:170
┌ Warning: Ingored unsupported keyword arguments: gamma = 0.06553048171919978 - 0.9978505679537641im
└ @ HomotopyContinuation ~/.julia/packages/HomotopyContinuation/98yZ2/src/utils.jl:170
┌ Warning: Ingored unsupported keyword arguments: gamma = 0.9991502767636221 + 0.0412155849549346im
└ @ HomotopyContinuation ~/.julia/packages/HomotopyContinuation/98yZ2/src/utils.jl:170
┌ Warning: Ingored unsupported keyword arguments: gamma = 0.9248332165696026 - 0.3803728717055445im
└ @ HomotopyContinuation ~/.julia/packages/HomotopyContinuation/98yZ2/src/utils.jl:170
┌ Warning: Ingored unsupported keyword arguments: gamma = 0.9368803239651158 + 0.34965019457597846im
└ @ HomotopyContinuation ~/.julia/packages/HomotopyContinuation/98yZ2/src/utils.jl:170
┌ Warning: Ingored unsupported keyword arguments: gamma = -0.027844811815791917 - 0.9996122580555639im
└ @ HomotopyContinuation ~/.julia/packages/HomotopyContinuation/98yZ2/src/utils.jl:170
┌ Warning: Ingored unsupported keyword arguments: gamma = -0.7565057300158053 + 0.6539870644387804im
└ @ HomotopyContinuation ~/.julia/packages/HomotopyContinuation/98yZ2/src/utils.jl:170
┌ Warning: Ingored unsupported keyword arguments: gamma = 0.24608515735840006 - 0.9692482114133053im
└ @ HomotopyContinuation ~/.julia/packages/HomotopyContinuation/98yZ2/src/utils.jl:170
┌ Warning: Ingored unsupported keyword arguments: gamma = 0.2148287184506685 - 0.9766517402476911im
└ @ HomotopyContinuation ~/.julia/packages/HomotopyContinuation/98yZ2/src/utils.jl:170
┌ Warning: Ingored unsupported keyword arguments: gamma = -0.5780268772825086 - 0.816017725995601im
└ @ HomotopyContinuation ~/.julia/packages/HomotopyContinuation/98yZ2/src/utils.jl:170
┌ Warning: Ingored unsupported keyword arguments: gamma = 0.9085257139665985 - 0.417828944738732im
└ @ HomotopyContinuation ~/.julia/packages/HomotopyContinuation/98yZ2/src/utils.jl:170
┌ Warning: Ingored unsupported keyword arguments: gamma = -0.9935827063812225 - 0.11310793774163419im
└ @ HomotopyContinuation ~/.julia/packages/HomotopyContinuation/98yZ2/src/utils.jl:170
┌ Warning: Ingored unsupported keyword arguments: gamma = 0.33509753811094406 + 0.9421834428347722im
└ @ HomotopyContinuation ~/.julia/packages/HomotopyContinuation/98yZ2/src/utils.jl:170
┌ Warning: Ingored unsupported keyword arguments: gamma = 0.6477546966219119 + 0.7618489699436857im
└ @ HomotopyContinuation ~/.julia/packages/HomotopyContinuation/98yZ2/src/utils.jl:170
┌ Warning: Ingored unsupported keyword arguments: gamma = -0.9906188791599455 + 0.1366537092504012im
└ @ HomotopyContinuation ~/.julia/packages/HomotopyContinuation/98yZ2/src/utils.jl:170
┌ Warning: Ingored unsupported keyword arguments: gamma = -0.48541826062247256 - 0.8742820553198225im
└ @ HomotopyContinuation ~/.julia/packages/HomotopyContinuation/98yZ2/src/utils.jl:170
┌ Warning: Ingored unsupported keyword arguments: gamma = -0.2356471814158761 + 0.9718386727696903im
└ @ HomotopyContinuation ~/.julia/packages/HomotopyContinuation/98yZ2/src/utils.jl:170
┌ Warning: Ingored unsupported keyword arguments: gamma = -0.7978124481059274 - 0.6029057120704919im
└ @ HomotopyContinuation ~/.julia/packages/HomotopyContinuation/98yZ2/src/utils.jl:170
┌ Warning: Ingored unsupported keyword arguments: gamma = 0.3333552311756238 + 0.9428012992395833im
└ @ HomotopyContinuation ~/.julia/packages/HomotopyContinuation/98yZ2/src/utils.jl:170
┌ Warning: Ingored unsupported keyword arguments: gamma = 0.9109106550891466 - 0.41260365781832553im
└ @ HomotopyContinuation ~/.julia/packages/HomotopyContinuation/98yZ2/src/utils.jl:170
┌ Warning: Ingored unsupported keyword arguments: gamma = -0.8334042976623197 - 0.5526638007305849im
└ @ HomotopyContinuation ~/.julia/packages/HomotopyContinuation/98yZ2/src/utils.jl:170
┌ Warning: Ingored unsupported keyword arguments: gamma = 0.9837827371468773 - 0.17936422745853828im
└ @ HomotopyContinuation ~/.julia/packages/HomotopyContinuation/98yZ2/src/utils.jl:170
┌ Warning: Ingored unsupported keyword arguments: gamma = -0.9653989220028711 + 0.26077753238286144im
└ @ HomotopyContinuation ~/.julia/packages/HomotopyContinuation/98yZ2/src/utils.jl:170
┌ Warning: Ingored unsupported keyword arguments: gamma = 0.8986177495152944 + 0.4387324244412164im
└ @ HomotopyContinuation ~/.julia/packages/HomotopyContinuation/98yZ2/src/utils.jl:170
┌ Warning: Ingored unsupported keyword arguments: gamma = -0.7418887821694115 + 0.6705229562745689im
└ @ HomotopyContinuation ~/.julia/packages/HomotopyContinuation/98yZ2/src/utils.jl:170
┌ Warning: Ingored unsupported keyword arguments: gamma = -0.9016685312583514 + 0.4324278665146447im
└ @ HomotopyContinuation ~/.julia/packages/HomotopyContinuation/98yZ2/src/utils.jl:170
┌ Warning: Ingored unsupported keyword arguments: gamma = -0.8971699268714078 + 0.44168554687419054im
└ @ HomotopyContinuation ~/.julia/packages/HomotopyContinuation/98yZ2/src/utils.jl:170
┌ Warning: Ingored unsupported keyword arguments: gamma = 0.975998548512849 + 0.21777702656802883im
└ @ HomotopyContinuation ~/.julia/packages/HomotopyContinuation/98yZ2/src/utils.jl:170
┌ Warning: Ingored unsupported keyword arguments: gamma = 0.512681984861781 + 0.8585785825410418im
└ @ HomotopyContinuation ~/.julia/packages/HomotopyContinuation/98yZ2/src/utils.jl:170
┌ Warning: Ingored unsupported keyword arguments: gamma = -0.1342141058043892 + 0.9909523569794505im
└ @ HomotopyContinuation ~/.julia/packages/HomotopyContinuation/98yZ2/src/utils.jl:170
┌ Warning: Ingored unsupported keyword arguments: gamma = -0.3531716963610586 + 0.935558524566717im
└ @ HomotopyContinuation ~/.julia/packages/HomotopyContinuation/98yZ2/src/utils.jl:170
┌ Warning: Ingored unsupported keyword arguments: gamma = 0.14009303835924733 + 0.9901383441738202im
└ @ HomotopyContinuation ~/.julia/packages/HomotopyContinuation/98yZ2/src/utils.jl:170
┌ Warning: Ingored unsupported keyword arguments: gamma = 0.5060717797432991 - 0.8624913644480446im
└ @ HomotopyContinuation ~/.julia/packages/HomotopyContinuation/98yZ2/src/utils.jl:170
┌ Warning: Ingored unsupported keyword arguments: gamma = 0.5712808634132415 - 0.820754637573143im
└ @ HomotopyContinuation ~/.julia/packages/HomotopyContinuation/98yZ2/src/utils.jl:170
┌ Warning: Ingored unsupported keyword arguments: gamma = 0.9832602792800588 - 0.18220653992132338im
└ @ HomotopyContinuation ~/.julia/packages/HomotopyContinuation/98yZ2/src/utils.jl:170
┌ Warning: Ingored unsupported keyword arguments: gamma = -0.9525291870877988 - 0.3044472823755488im
└ @ HomotopyContinuation ~/.julia/packages/HomotopyContinuation/98yZ2/src/utils.jl:170
┌ Warning: Ingored unsupported keyword arguments: gamma = -0.8292234183729154 + 0.5589172769041382im
└ @ HomotopyContinuation ~/.julia/packages/HomotopyContinuation/98yZ2/src/utils.jl:170
┌ Warning: Ingored unsupported keyword arguments: gamma = 0.9553726002608529 - 0.29540344390480044im
└ @ HomotopyContinuation ~/.julia/packages/HomotopyContinuation/98yZ2/src/utils.jl:170
┌ Warning: Ingored unsupported keyword arguments: gamma = 0.7316596317840292 - 0.6816701425305782im
└ @ HomotopyContinuation ~/.julia/packages/HomotopyContinuation/98yZ2/src/utils.jl:170
┌ Warning: Ingored unsupported keyword arguments: gamma = -0.8986666127671483 - 0.43863232792125595im
└ @ HomotopyContinuation ~/.julia/packages/HomotopyContinuation/98yZ2/src/utils.jl:170
┌ Warning: Ingored unsupported keyword arguments: gamma = -0.9098888679330074 - 0.41485207967610604im
└ @ HomotopyContinuation ~/.julia/packages/HomotopyContinuation/98yZ2/src/utils.jl:170
┌ Warning: Ingored unsupported keyword arguments: gamma = 0.9998644906700743 - 0.01646208665610055im
└ @ HomotopyContinuation ~/.julia/packages/HomotopyContinuation/98yZ2/src/utils.jl:170
┌ Warning: Ingored unsupported keyword arguments: gamma = -0.3705961618326262 - 0.9287941024979249im
└ @ HomotopyContinuation ~/.julia/packages/HomotopyContinuation/98yZ2/src/utils.jl:170
┌ Warning: Ingored unsupported keyword arguments: gamma = 0.9580279912920227 - 0.28667467258370094im
└ @ HomotopyContinuation ~/.julia/packages/HomotopyContinuation/98yZ2/src/utils.jl:170
┌ Warning: Ingored unsupported keyword arguments: gamma = -0.9382266444613934 + 0.3460213340571853im
└ @ HomotopyContinuation ~/.julia/packages/HomotopyContinuation/98yZ2/src/utils.jl:170
┌ Warning: Ingored unsupported keyword arguments: gamma = 0.7272076400646039 - 0.6864175465645305im
└ @ HomotopyContinuation ~/.julia/packages/HomotopyContinuation/98yZ2/src/utils.jl:170
┌ Warning: Ingored unsupported keyword arguments: gamma = -0.5691839062157645 + 0.8222102413038673im
└ @ HomotopyContinuation ~/.julia/packages/HomotopyContinuation/98yZ2/src/utils.jl:170
┌ Warning: Ingored unsupported keyword arguments: gamma = -0.3434164173319073 - 0.9391832431995991im
└ @ HomotopyContinuation ~/.julia/packages/HomotopyContinuation/98yZ2/src/utils.jl:170
┌ Warning: Ingored unsupported keyword arguments: gamma = -0.6858981631330053 + 0.7276975400609578im
└ @ HomotopyContinuation ~/.julia/packages/HomotopyContinuation/98yZ2/src/utils.jl:170
┌ Warning: Ingored unsupported keyword arguments: gamma = 0.24901603213455817 - 0.9684993627979116im
└ @ HomotopyContinuation ~/.julia/packages/HomotopyContinuation/98yZ2/src/utils.jl:170
┌ Warning: Ingored unsupported keyword arguments: gamma = 0.45630849209201263 - 0.8898216450754126im
└ @ HomotopyContinuation ~/.julia/packages/HomotopyContinuation/98yZ2/src/utils.jl:170
┌ Warning: Ingored unsupported keyword arguments: gamma = 0.12131764016064428 - 0.9926137366497869im
└ @ HomotopyContinuation ~/.julia/packages/HomotopyContinuation/98yZ2/src/utils.jl:170
┌ Warning: Ingored unsupported keyword arguments: gamma = -0.6400357351898236 + 0.7683451422895976im
└ @ HomotopyContinuation ~/.julia/packages/HomotopyContinuation/98yZ2/src/utils.jl:170
┌ Warning: Ingored unsupported keyword arguments: gamma = -0.8034011859163014 + 0.5954381029698054im
└ @ HomotopyContinuation ~/.julia/packages/HomotopyContinuation/98yZ2/src/utils.jl:170
┌ Warning: Ingored unsupported keyword arguments: gamma = 0.915250885171321 - 0.40288437198917676im
└ @ HomotopyContinuation ~/.julia/packages/HomotopyContinuation/98yZ2/src/utils.jl:170
┌ Warning: Ingored unsupported keyword arguments: gamma = 0.4853035507301535 - 0.8743457346202962im
└ @ HomotopyContinuation ~/.julia/packages/HomotopyContinuation/98yZ2/src/utils.jl:170
┌ Warning: Ingored unsupported keyword arguments: gamma = 0.9818358530377905 + 0.18973233169271414im
└ @ HomotopyContinuation ~/.julia/packages/HomotopyContinuation/98yZ2/src/utils.jl:170
┌ Warning: Ingored unsupported keyword arguments: gamma = -0.6388755741091671 - 0.7693100810509909im
└ @ HomotopyContinuation ~/.julia/packages/HomotopyContinuation/98yZ2/src/utils.jl:170
┌ Warning: Ingored unsupported keyword arguments: gamma = -0.995314672343306 - 0.09668869126292641im
└ @ HomotopyContinuation ~/.julia/packages/HomotopyContinuation/98yZ2/src/utils.jl:170
┌ Warning: Ingored unsupported keyword arguments: gamma = -0.6496368381215535 - 0.7602446833457176im
└ @ HomotopyContinuation ~/.julia/packages/HomotopyContinuation/98yZ2/src/utils.jl:170
┌ Warning: Ingored unsupported keyword arguments: gamma = -0.43270675341121684 - 0.9015347278681639im
└ @ HomotopyContinuation ~/.julia/packages/HomotopyContinuation/98yZ2/src/utils.jl:170
┌ Warning: Ingored unsupported keyword arguments: gamma = 0.1424953662410172 + 0.9897954690742115im
└ @ HomotopyContinuation ~/.julia/packages/HomotopyContinuation/98yZ2/src/utils.jl:170
┌ Warning: Ingored unsupported keyword arguments: gamma = -0.8993479389551929 + 0.4372336728764683im
└ @ HomotopyContinuation ~/.julia/packages/HomotopyContinuation/98yZ2/src/utils.jl:170
┌ Warning: Ingored unsupported keyword arguments: gamma = 0.574615334696358 + 0.8184236171639919im
└ @ HomotopyContinuation ~/.julia/packages/HomotopyContinuation/98yZ2/src/utils.jl:170
┌ Warning: Ingored unsupported keyword arguments: gamma = -0.5804369546377821 - 0.8143051895271314im
└ @ HomotopyContinuation ~/.julia/packages/HomotopyContinuation/98yZ2/src/utils.jl:170
┌ Warning: Ingored unsupported keyword arguments: gamma = 0.9891779393620994 + 0.1467208379179684im
└ @ HomotopyContinuation ~/.julia/packages/HomotopyContinuation/98yZ2/src/utils.jl:170
┌ Warning: Ingored unsupported keyword arguments: gamma = 0.9682733232323152 + 0.24989352035746856im
└ @ HomotopyContinuation ~/.julia/packages/HomotopyContinuation/98yZ2/src/utils.jl:170
┌ Warning: Ingored unsupported keyword arguments: gamma = 0.9972854457694312 - 0.0736324633328731im
└ @ HomotopyContinuation ~/.julia/packages/HomotopyContinuation/98yZ2/src/utils.jl:170
┌ Warning: Ingored unsupported keyword arguments: gamma = 0.9012437441481629 - 0.433312489588981im
└ @ HomotopyContinuation ~/.julia/packages/HomotopyContinuation/98yZ2/src/utils.jl:170
┌ Warning: Ingored unsupported keyword arguments: gamma = 0.9649019431401121 - 0.2626104341499704im
└ @ HomotopyContinuation ~/.julia/packages/HomotopyContinuation/98yZ2/src/utils.jl:170
┌ Warning: Ingored unsupported keyword arguments: gamma = -0.9797896446748638 - 0.20003062812455533im
└ @ HomotopyContinuation ~/.julia/packages/HomotopyContinuation/98yZ2/src/utils.jl:170
┌ Warning: Ingored unsupported keyword arguments: gamma = 0.49819091414576555 - 0.8670673636244225im
└ @ HomotopyContinuation ~/.julia/packages/HomotopyContinuation/98yZ2/src/utils.jl:170
┌ Warning: Ingored unsupported keyword arguments: gamma = -0.78932916742537 + 0.6139702480182345im
└ @ HomotopyContinuation ~/.julia/packages/HomotopyContinuation/98yZ2/src/utils.jl:170
┌ Warning: Ingored unsupported keyword arguments: gamma = 0.9912080766153388 - 0.1323123155738743im
└ @ HomotopyContinuation ~/.julia/packages/HomotopyContinuation/98yZ2/src/utils.jl:170
┌ Warning: Ingored unsupported keyword arguments: gamma = -0.9990620973065047 - 0.043300412533001466im
└ @ HomotopyContinuation ~/.julia/packages/HomotopyContinuation/98yZ2/src/utils.jl:170
┌ Warning: Ingored unsupported keyword arguments: gamma = 0.9231996865652145 - 0.3843206196990863im
└ @ HomotopyContinuation ~/.julia/packages/HomotopyContinuation/98yZ2/src/utils.jl:170
┌ Warning: Ingored unsupported keyword arguments: gamma = 0.672422635097023 - 0.7401674133661761im
└ @ HomotopyContinuation ~/.julia/packages/HomotopyContinuation/98yZ2/src/utils.jl:170
┌ Warning: Ingored unsupported keyword arguments: gamma = -0.8940885840605459 + 0.44789016940831383im
└ @ HomotopyContinuation ~/.julia/packages/HomotopyContinuation/98yZ2/src/utils.jl:170
┌ Warning: Ingored unsupported keyword arguments: gamma = -0.32431407760862097 + 0.9459494590435946im
└ @ HomotopyContinuation ~/.julia/packages/HomotopyContinuation/98yZ2/src/utils.jl:170
┌ Warning: Ingored unsupported keyword arguments: gamma = 0.08628604344574971 - 0.9962704044116126im
└ @ HomotopyContinuation ~/.julia/packages/HomotopyContinuation/98yZ2/src/utils.jl:170
┌ Warning: Ingored unsupported keyword arguments: gamma = -0.9370947762560665 + 0.3490750353628752im
└ @ HomotopyContinuation ~/.julia/packages/HomotopyContinuation/98yZ2/src/utils.jl:170
┌ Warning: Ingored unsupported keyword arguments: gamma = 0.9888851522733589 + 0.14868138959969332im
└ @ HomotopyContinuation ~/.julia/packages/HomotopyContinuation/98yZ2/src/utils.jl:170
┌ Warning: Ingored unsupported keyword arguments: gamma = -0.545750701089354 - 0.8379475951755447im
└ @ HomotopyContinuation ~/.julia/packages/HomotopyContinuation/98yZ2/src/utils.jl:170
┌ Warning: Ingored unsupported keyword arguments: gamma = -0.8091867722535849 + 0.5875515020913697im
└ @ HomotopyContinuation ~/.julia/packages/HomotopyContinuation/98yZ2/src/utils.jl:170
┌ Warning: Ingored unsupported keyword arguments: gamma = 0.032127525216777336 - 0.9994837778190526im
└ @ HomotopyContinuation ~/.julia/packages/HomotopyContinuation/98yZ2/src/utils.jl:170
┌ Warning: Ingored unsupported keyword arguments: gamma = -0.5414653102338587 - 0.8407230922327227im
└ @ HomotopyContinuation ~/.julia/packages/HomotopyContinuation/98yZ2/src/utils.jl:170
┌ Warning: Ingored unsupported keyword arguments: gamma = -0.7610977730376285 + 0.6486371712114274im
└ @ HomotopyContinuation ~/.julia/packages/HomotopyContinuation/98yZ2/src/utils.jl:170
┌ Warning: Ingored unsupported keyword arguments: gamma = -0.9240823269303574 + 0.3821934759450715im
└ @ HomotopyContinuation ~/.julia/packages/HomotopyContinuation/98yZ2/src/utils.jl:170
┌ Warning: Ingored unsupported keyword arguments: gamma = 0.7616437771159671 - 0.6479959542933297im
└ @ HomotopyContinuation ~/.julia/packages/HomotopyContinuation/98yZ2/src/utils.jl:170
┌ Warning: Ingored unsupported keyword arguments: gamma = -0.10653092121730637 + 0.9943093898905874im
└ @ HomotopyContinuation ~/.julia/packages/HomotopyContinuation/98yZ2/src/utils.jl:170
┌ Warning: Ingored unsupported keyword arguments: gamma = 0.9924611565872966 - 0.1225595882230583im
└ @ HomotopyContinuation ~/.julia/packages/HomotopyContinuation/98yZ2/src/utils.jl:170
┌ Warning: Ingored unsupported keyword arguments: gamma = -0.5829323156918591 + 0.812520716857193im
└ @ HomotopyContinuation ~/.julia/packages/HomotopyContinuation/98yZ2/src/utils.jl:170
┌ Warning: Ingored unsupported keyword arguments: gamma = -0.6339168231558269 - 0.7734012291947978im
└ @ HomotopyContinuation ~/.julia/packages/HomotopyContinuation/98yZ2/src/utils.jl:170
┌ Warning: Ingored unsupported keyword arguments: gamma = 0.9825669471812428 + 0.185909102270257im
└ @ HomotopyContinuation ~/.julia/packages/HomotopyContinuation/98yZ2/src/utils.jl:170
┌ Warning: Ingored unsupported keyword arguments: gamma = -0.8932535173775088 + 0.44955328237341197im
└ @ HomotopyContinuation ~/.julia/packages/HomotopyContinuation/98yZ2/src/utils.jl:170
┌ Warning: Ingored unsupported keyword arguments: gamma = -0.9542999618871045 - 0.29885043540585804im
└ @ HomotopyContinuation ~/.julia/packages/HomotopyContinuation/98yZ2/src/utils.jl:170
┌ Warning: Ingored unsupported keyword arguments: gamma = 0.02017783673524924 + 0.9997964067272325im
└ @ HomotopyContinuation ~/.julia/packages/HomotopyContinuation/98yZ2/src/utils.jl:170
┌ Warning: Ingored unsupported keyword arguments: gamma = 0.8522424192847408 - 0.523147071837062im
└ @ HomotopyContinuation ~/.julia/packages/HomotopyContinuation/98yZ2/src/utils.jl:170
┌ Warning: Ingored unsupported keyword arguments: gamma = 0.8802541000649409 + 0.47450260201484773im
└ @ HomotopyContinuation ~/.julia/packages/HomotopyContinuation/98yZ2/src/utils.jl:170
┌ Warning: Ingored unsupported keyword arguments: gamma = 0.7183839755500164 - 0.6956467952006631im
└ @ HomotopyContinuation ~/.julia/packages/HomotopyContinuation/98yZ2/src/utils.jl:170
┌ Warning: Ingored unsupported keyword arguments: gamma = 0.08955383913784387 + 0.9959819827163909im
└ @ HomotopyContinuation ~/.julia/packages/HomotopyContinuation/98yZ2/src/utils.jl:170
┌ Warning: Ingored unsupported keyword arguments: gamma = 0.9232880010002437 - 0.3841084055432452im
└ @ HomotopyContinuation ~/.julia/packages/HomotopyContinuation/98yZ2/src/utils.jl:170
┌ Warning: Ingored unsupported keyword arguments: gamma = 0.8073256224947236 - 0.5901062101550085im
└ @ HomotopyContinuation ~/.julia/packages/HomotopyContinuation/98yZ2/src/utils.jl:170
┌ Warning: Ingored unsupported keyword arguments: gamma = -0.3234614682937932 - 0.9462413426442661im
└ @ HomotopyContinuation ~/.julia/packages/HomotopyContinuation/98yZ2/src/utils.jl:170
┌ Warning: Ingored unsupported keyword arguments: gamma = -0.2887749115119242 - 0.9573970182120269im
└ @ HomotopyContinuation ~/.julia/packages/HomotopyContinuation/98yZ2/src/utils.jl:170
