HUNT2 start mode=seq PTRACK hcthr=off nworkers=0 nthreads=8 ngcthreads=8 nsolves=12 ntrack=25 seed_base=918912 shape=6x2 pid=2590892 julia=1.12.6 2026-07-22T18:17:51.904
ATTEMPT 1 W0 START ptrack6x2 seed=918913 2026-07-22T18:20:41.553
ATTEMPT 1 W0 SOLVE ptrack fresh 2026-07-22T18:21:07.201
Computing mixed cells... 2    Time: 0:00:02[K
   mixed_volume: 2[K[A
[K[AComputing mixed cells... 33    Time: 0:00:02[K
   mixed_volume: 64[K
ATTEMPT 1 W0 FRESH-DONE nsol=64 195.38s 2026-07-22T18:24:23.086
ATTEMPT 1 W0 TRACK 1 2026-07-22T18:24:23.541
ATTEMPT 1 W0 TRACKED 1 nsol=64 43.41s 2026-07-22T18:25:07.318
ATTEMPT 1 W0 TRACK 2 2026-07-22T18:25:07.640
ATTEMPT 1 W0 TRACKED 2 nsol=64 0.06s 2026-07-22T18:25:07.702
ATTEMPT 1 W0 TRACK 3 2026-07-22T18:25:07.704
ATTEMPT 1 W0 TRACKED 3 nsol=64 0.06s 2026-07-22T18:25:07.761
ATTEMPT 1 W0 TRACK 4 2026-07-22T18:25:07.761
ATTEMPT 1 W0 TRACKED 4 nsol=64 0.02s 2026-07-22T18:25:07.784
ATTEMPT 1 W0 TRACK 5 2026-07-22T18:25:07.784
ATTEMPT 1 W0 TRACKED 5 nsol=64 0.02s 2026-07-22T18:25:07.808
ATTEMPT 1 W0 TRACK 6 2026-07-22T18:25:07.808
ATTEMPT 1 W0 TRACKED 6 nsol=64 0.03s 2026-07-22T18:25:07.836
ATTEMPT 1 W0 TRACK 7 2026-07-22T18:25:07.836
ATTEMPT 1 W0 TRACKED 7 nsol=64 0.02s 2026-07-22T18:25:07.859
ATTEMPT 1 W0 TRACK 8 2026-07-22T18:25:07.859
ATTEMPT 1 W0 TRACKED 8 nsol=64 0.02s 2026-07-22T18:25:07.881
ATTEMPT 1 W0 TRACK 9 2026-07-22T18:25:07.882
ATTEMPT 1 W0 TRACKED 9 nsol=64 0.05s 2026-07-22T18:25:07.931
ATTEMPT 1 W0 TRACK 10 2026-07-22T18:25:07.940
ATTEMPT 1 W0 TRACKED 10 nsol=64 0.04s 2026-07-22T18:25:07.982
ATTEMPT 1 W0 TRACK 11 2026-07-22T18:25:07.982
ATTEMPT 1 W0 TRACKED 11 nsol=64 0.03s 2026-07-22T18:25:08.014
ATTEMPT 1 W0 TRACK 12 2026-07-22T18:25:08.014
ATTEMPT 1 W0 TRACKED 12 nsol=64 0.03s 2026-07-22T18:25:08.047
ATTEMPT 1 W0 TRACK 13 2026-07-22T18:25:08.047
ATTEMPT 1 W0 TRACKED 13 nsol=64 0.03s 2026-07-22T18:25:08.077
ATTEMPT 1 W0 TRACK 14 2026-07-22T18:25:08.080
ATTEMPT 1 W0 TRACKED 14 nsol=64 0.04s 2026-07-22T18:25:08.123
ATTEMPT 1 W0 TRACK 15 2026-07-22T18:25:08.128
ATTEMPT 1 W0 TRACKED 15 nsol=64 0.05s 2026-07-22T18:25:08.174
ATTEMPT 1 W0 TRACK 16 2026-07-22T18:25:08.178
ATTEMPT 1 W0 TRACKED 16 nsol=64 0.07s 2026-07-22T18:25:08.250
ATTEMPT 1 W0 TRACK 17 2026-07-22T18:25:08.256
ATTEMPT 1 W0 TRACKED 17 nsol=64 0.05s 2026-07-22T18:25:08.306
ATTEMPT 1 W0 TRACK 18 2026-07-22T18:25:08.306
ATTEMPT 1 W0 TRACKED 18 nsol=64 0.05s 2026-07-22T18:25:08.353
ATTEMPT 1 W0 TRACK 19 2026-07-22T18:25:08.353
ATTEMPT 1 W0 TRACKED 19 nsol=64 0.06s 2026-07-22T18:25:08.416
ATTEMPT 1 W0 TRACK 20 2026-07-22T18:25:08.417
ATTEMPT 1 W0 TRACKED 20 nsol=64 0.06s 2026-07-22T18:25:08.478
ATTEMPT 1 W0 TRACK 21 2026-07-22T18:25:08.479
ATTEMPT 1 W0 TRACKED 21 nsol=64 0.07s 2026-07-22T18:25:08.545
ATTEMPT 1 W0 TRACK 22 2026-07-22T18:25:08.545
ATTEMPT 1 W0 TRACKED 22 nsol=64 0.07s 2026-07-22T18:25:08.614
ATTEMPT 1 W0 TRACK 23 2026-07-22T18:25:08.620
ATTEMPT 1 W0 TRACKED 23 nsol=64 0.06s 2026-07-22T18:25:08.678
ATTEMPT 1 W0 TRACK 24 2026-07-22T18:25:08.681
ATTEMPT 1 W0 TRACKED 24 nsol=64 0.07s 2026-07-22T18:25:08.756
ATTEMPT 1 W0 TRACK 25 2026-07-22T18:25:08.768
ATTEMPT 1 W0 TRACKED 25 nsol=64 0.07s 2026-07-22T18:25:08.837
ATTEMPT 1 W0 DONE ptrack seed=918913 nsol=64 241.13s 2026-07-22T18:25:08.837
ATTEMPT 2 W0 START ptrack6x2 seed=918914 2026-07-22T18:25:08.837
ATTEMPT 2 W0 SOLVE ptrack fresh 2026-07-22T18:25:09.063
ATTEMPT 2 W0 FRESH-DONE nsol=64 0.30s 2026-07-22T18:25:09.361
ATTEMPT 2 W0 TRACK 1 2026-07-22T18:25:09.361
ATTEMPT 2 W0 TRACKED 1 nsol=64 0.12s 2026-07-22T18:25:09.485
ATTEMPT 2 W0 TRACK 2 2026-07-22T18:25:09.485
ATTEMPT 2 W0 TRACKED 2 nsol=64 0.10s 2026-07-22T18:25:09.589
ATTEMPT 2 W0 TRACK 3 2026-07-22T18:25:09.589
ATTEMPT 2 W0 TRACKED 3 nsol=64 0.07s 2026-07-22T18:25:09.663
ATTEMPT 2 W0 TRACK 4 2026-07-22T18:25:09.672
ATTEMPT 2 W0 TRACKED 4 nsol=64 0.08s 2026-07-22T18:25:09.754
ATTEMPT 2 W0 TRACK 5 2026-07-22T18:25:09.754
ATTEMPT 2 W0 TRACKED 5 nsol=64 0.07s 2026-07-22T18:25:09.825
ATTEMPT 2 W0 TRACK 6 2026-07-22T18:25:09.825
ATTEMPT 2 W0 TRACKED 6 nsol=64 0.08s 2026-07-22T18:25:09.907
ATTEMPT 2 W0 TRACK 7 2026-07-22T18:25:09.907
ATTEMPT 2 W0 TRACKED 7 nsol=64 0.08s 2026-07-22T18:25:09.982
ATTEMPT 2 W0 TRACK 8 2026-07-22T18:25:09.982
ATTEMPT 2 W0 TRACKED 8 nsol=64 0.07s 2026-07-22T18:25:10.057
ATTEMPT 2 W0 TRACK 9 2026-07-22T18:25:10.057
ATTEMPT 2 W0 TRACKED 9 nsol=64 0.10s 2026-07-22T18:25:10.155
ATTEMPT 2 W0 TRACK 10 2026-07-22T18:25:10.168
ATTEMPT 2 W0 TRACKED 10 nsol=64 0.09s 2026-07-22T18:25:10.262
ATTEMPT 2 W0 TRACK 11 2026-07-22T18:25:10.262
ATTEMPT 2 W0 TRACKED 11 nsol=64 0.10s 2026-07-22T18:25:10.359
ATTEMPT 2 W0 TRACK 12 2026-07-22T18:25:10.359
ATTEMPT 2 W0 TRACKED 12 nsol=64 0.10s 2026-07-22T18:25:10.458
ATTEMPT 2 W0 TRACK 13 2026-07-22T18:25:10.458
ATTEMPT 2 W0 TRACKED 13 nsol=64 0.07s 2026-07-22T18:25:10.532
ATTEMPT 2 W0 TRACK 14 2026-07-22T18:25:10.536
ATTEMPT 2 W0 TRACKED 14 nsol=64 0.06s 2026-07-22T18:25:10.594
ATTEMPT 2 W0 TRACK 15 2026-07-22T18:25:10.600
ATTEMPT 2 W0 TRACKED 15 nsol=64 0.09s 2026-07-22T18:25:10.691
ATTEMPT 2 W0 TRACK 16 2026-07-22T18:25:10.691
ATTEMPT 2 W0 TRACKED 16 nsol=64 0.10s 2026-07-22T18:25:10.789
ATTEMPT 2 W0 TRACK 17 2026-07-22T18:25:10.789
ATTEMPT 2 W0 TRACKED 17 nsol=64 0.10s 2026-07-22T18:25:10.886
ATTEMPT 2 W0 TRACK 18 2026-07-22T18:25:10.892
ATTEMPT 2 W0 TRACKED 18 nsol=64 0.08s 2026-07-22T18:25:10.968
ATTEMPT 2 W0 TRACK 19 2026-07-22T18:25:10.980
ATTEMPT 2 W0 TRACKED 19 nsol=64 0.08s 2026-07-22T18:25:11.057
ATTEMPT 2 W0 TRACK 20 2026-07-22T18:25:11.060
ATTEMPT 2 W0 TRACKED 20 nsol=64 0.09s 2026-07-22T18:25:11.147
ATTEMPT 2 W0 TRACK 21 2026-07-22T18:25:11.147
ATTEMPT 2 W0 TRACKED 21 nsol=64 0.10s 2026-07-22T18:25:11.248
ATTEMPT 2 W0 TRACK 22 2026-07-22T18:25:11.248
ATTEMPT 2 W0 TRACKED 22 nsol=64 0.10s 2026-07-22T18:25:11.345
ATTEMPT 2 W0 TRACK 23 2026-07-22T18:25:11.345
ATTEMPT 2 W0 TRACKED 23 nsol=64 0.09s 2026-07-22T18:25:11.435
ATTEMPT 2 W0 TRACK 24 2026-07-22T18:25:11.444
ATTEMPT 2 W0 TRACKED 24 nsol=64 0.09s 2026-07-22T18:25:11.534
ATTEMPT 2 W0 TRACK 25 2026-07-22T18:25:11.534
ATTEMPT 2 W0 TRACKED 25 nsol=64 0.08s 2026-07-22T18:25:11.614
ATTEMPT 2 W0 DONE ptrack seed=918914 nsol=64 2.55s 2026-07-22T18:25:11.614
ATTEMPT 3 W0 START ptrack6x2 seed=918915 2026-07-22T18:25:11.614
ATTEMPT 3 W0 SOLVE ptrack fresh 2026-07-22T18:25:11.895
ATTEMPT 3 W0 FRESH-DONE nsol=64 0.26s 2026-07-22T18:25:12.160
ATTEMPT 3 W0 TRACK 1 2026-07-22T18:25:12.160
ATTEMPT 3 W0 TRACKED 1 nsol=64 0.10s 2026-07-22T18:25:12.258
ATTEMPT 3 W0 TRACK 2 2026-07-22T18:25:12.258
ATTEMPT 3 W0 TRACKED 2 nsol=64 0.10s 2026-07-22T18:25:12.356
ATTEMPT 3 W0 TRACK 3 2026-07-22T18:25:12.356
ATTEMPT 3 W0 TRACKED 3 nsol=64 0.07s 2026-07-22T18:25:12.430
ATTEMPT 3 W0 TRACK 4 2026-07-22T18:25:12.436
ATTEMPT 3 W0 TRACKED 4 nsol=64 0.10s 2026-07-22T18:25:12.532
ATTEMPT 3 W0 TRACK 5 2026-07-22T18:25:12.544
ATTEMPT 3 W0 TRACKED 5 nsol=64 0.10s 2026-07-22T18:25:12.647
ATTEMPT 3 W0 TRACK 6 2026-07-22T18:25:12.647
ATTEMPT 3 W0 TRACKED 6 nsol=64 0.11s 2026-07-22T18:25:12.754
ATTEMPT 3 W0 TRACK 7 2026-07-22T18:25:12.754
ATTEMPT 3 W0 TRACKED 7 nsol=64 0.10s 2026-07-22T18:25:12.850
ATTEMPT 3 W0 TRACK 8 2026-07-22T18:25:12.850
ATTEMPT 3 W0 TRACKED 8 nsol=64 0.08s 2026-07-22T18:25:12.925
ATTEMPT 3 W0 TRACK 9 2026-07-22T18:25:12.925
ATTEMPT 3 W0 TRACKED 9 nsol=64 0.07s 2026-07-22T18:25:13
ATTEMPT 3 W0 TRACK 10 2026-07-22T18:25:13.008
ATTEMPT 3 W0 TRACKED 10 nsol=64 0.06s 2026-07-22T18:25:13.071
ATTEMPT 3 W0 TRACK 11 2026-07-22T18:25:13.080
ATTEMPT 3 W0 TRACKED 11 nsol=64 0.07s 2026-07-22T18:25:13.153
ATTEMPT 3 W0 TRACK 12 2026-07-22T18:25:13.153
ATTEMPT 3 W0 TRACKED 12 nsol=64 0.07s 2026-07-22T18:25:13.227
ATTEMPT 3 W0 TRACK 13 2026-07-22T18:25:13.232
ATTEMPT 3 W0 TRACKED 13 nsol=64 0.06s 2026-07-22T18:25:13.292
ATTEMPT 3 W0 TRACK 14 2026-07-22T18:25:13.300
ATTEMPT 3 W0 TRACKED 14 nsol=64 0.08s 2026-07-22T18:25:13.375
ATTEMPT 3 W0 TRACK 15 2026-07-22T18:25:13.384
ATTEMPT 3 W0 TRACKED 15 nsol=64 0.09s 2026-07-22T18:25:13.470
ATTEMPT 3 W0 TRACK 16 2026-07-22T18:25:13.470
ATTEMPT 3 W0 TRACKED 16 nsol=64 0.07s 2026-07-22T18:25:13.542
ATTEMPT 3 W0 TRACK 17 2026-07-22T18:25:13.542
ATTEMPT 3 W0 TRACKED 17 nsol=64 0.07s 2026-07-22T18:25:13.613
ATTEMPT 3 W0 TRACK 18 2026-07-22T18:25:13.613
ATTEMPT 3 W0 TRACKED 18 nsol=64 0.08s 2026-07-22T18:25:13.697
ATTEMPT 3 W0 TRACK 19 2026-07-22T18:25:13.697
ATTEMPT 3 W0 TRACKED 19 nsol=64 0.07s 2026-07-22T18:25:13.769
ATTEMPT 3 W0 TRACK 20 2026-07-22T18:25:13.770
ATTEMPT 3 W0 TRACKED 20 nsol=64 0.08s 2026-07-22T18:25:13.851
ATTEMPT 3 W0 TRACK 21 2026-07-22T18:25:13.856
ATTEMPT 3 W0 TRACKED 21 nsol=64 0.06s 2026-07-22T18:25:13.912
ATTEMPT 3 W0 TRACK 22 2026-07-22T18:25:13.912
ATTEMPT 3 W0 TRACKED 22 nsol=64 0.09s 2026-07-22T18:25:13.999
ATTEMPT 3 W0 TRACK 23 2026-07-22T18:25:14.004
ATTEMPT 3 W0 TRACKED 23 nsol=64 0.09s 2026-07-22T18:25:14.090
ATTEMPT 3 W0 TRACK 24 2026-07-22T18:25:14.090
ATTEMPT 3 W0 TRACKED 24 nsol=64 0.12s 2026-07-22T18:25:14.209
ATTEMPT 3 W0 TRACK 25 2026-07-22T18:25:14.209
ATTEMPT 3 W0 TRACKED 25 nsol=64 0.07s 2026-07-22T18:25:14.278
ATTEMPT 3 W0 DONE ptrack seed=918915 nsol=64 2.38s 2026-07-22T18:25:14.284
ATTEMPT 4 W0 START ptrack6x2 seed=918916 2026-07-22T18:25:14.284
ATTEMPT 4 W0 SOLVE ptrack fresh 2026-07-22T18:25:14.521
ATTEMPT 4 W0 FRESH-DONE nsol=64 0.22s 2026-07-22T18:25:14.741
ATTEMPT 4 W0 TRACK 1 2026-07-22T18:25:14.741
ATTEMPT 4 W0 TRACKED 1 nsol=64 0.06s 2026-07-22T18:25:14.803
ATTEMPT 4 W0 TRACK 2 2026-07-22T18:25:14.808
ATTEMPT 4 W0 TRACKED 2 nsol=64 0.10s 2026-07-22T18:25:14.905
ATTEMPT 4 W0 TRACK 3 2026-07-22T18:25:14.905
ATTEMPT 4 W0 TRACKED 3 nsol=64 0.08s 2026-07-22T18:25:14.980
ATTEMPT 4 W0 TRACK 4 2026-07-22T18:25:14.988
ATTEMPT 4 W0 TRACKED 4 nsol=64 0.07s 2026-07-22T18:25:15.062
ATTEMPT 4 W0 TRACK 5 2026-07-22T18:25:15.062
ATTEMPT 4 W0 TRACKED 5 nsol=64 0.09s 2026-07-22T18:25:15.154
ATTEMPT 4 W0 TRACK 6 2026-07-22T18:25:15.160
ATTEMPT 4 W0 TRACKED 6 nsol=64 0.10s 2026-07-22T18:25:15.265
ATTEMPT 4 W0 TRACK 7 2026-07-22T18:25:15.265
ATTEMPT 4 W0 TRACKED 7 nsol=64 0.11s 2026-07-22T18:25:15.370
ATTEMPT 4 W0 TRACK 8 2026-07-22T18:25:15.376
ATTEMPT 4 W0 TRACKED 8 nsol=64 0.07s 2026-07-22T18:25:15.447
ATTEMPT 4 W0 TRACK 9 2026-07-22T18:25:15.460
ATTEMPT 4 W0 TRACKED 9 nsol=64 0.07s 2026-07-22T18:25:15.531
ATTEMPT 4 W0 TRACK 10 2026-07-22T18:25:15.536
ATTEMPT 4 W0 TRACKED 10 nsol=64 0.10s 2026-07-22T18:25:15.635
ATTEMPT 4 W0 TRACK 11 2026-07-22T18:25:15.635
ATTEMPT 4 W0 TRACKED 11 nsol=64 0.08s 2026-07-22T18:25:15.715
ATTEMPT 4 W0 TRACK 12 2026-07-22T18:25:15.715
ATTEMPT 4 W0 TRACKED 12 nsol=64 0.08s 2026-07-22T18:25:15.794
ATTEMPT 4 W0 TRACK 13 2026-07-22T18:25:15.795
ATTEMPT 4 W0 TRACKED 13 nsol=64 0.09s 2026-07-22T18:25:15.882
ATTEMPT 4 W0 TRACK 14 2026-07-22T18:25:15.882
ATTEMPT 4 W0 TRACKED 14 nsol=64 0.08s 2026-07-22T18:25:15.963
ATTEMPT 4 W0 TRACK 15 2026-07-22T18:25:15.972
ATTEMPT 4 W0 TRACKED 15 nsol=64 0.08s 2026-07-22T18:25:16.051
ATTEMPT 4 W0 TRACK 16 2026-07-22T18:25:16.060
ATTEMPT 4 W0 TRACKED 16 nsol=64 0.07s 2026-07-22T18:25:16.126
ATTEMPT 4 W0 TRACK 17 2026-07-22T18:25:16.126
ATTEMPT 4 W0 TRACKED 17 nsol=64 0.10s 2026-07-22T18:25:16.230
ATTEMPT 4 W0 TRACK 18 2026-07-22T18:25:16.230
ATTEMPT 4 W0 TRACKED 18 nsol=64 0.09s 2026-07-22T18:25:16.319
ATTEMPT 4 W0 TRACK 19 2026-07-22T18:25:16.319
ATTEMPT 4 W0 TRACKED 19 nsol=64 0.11s 2026-07-22T18:25:16.433
ATTEMPT 4 W0 TRACK 20 2026-07-22T18:25:16.433
ATTEMPT 4 W0 TRACKED 20 nsol=64 0.09s 2026-07-22T18:25:16.523
ATTEMPT 4 W0 TRACK 21 2026-07-22T18:25:16.528
ATTEMPT 4 W0 TRACKED 21 nsol=64 0.09s 2026-07-22T18:25:16.621
ATTEMPT 4 W0 TRACK 22 2026-07-22T18:25:16.621
ATTEMPT 4 W0 TRACKED 22 nsol=64 0.09s 2026-07-22T18:25:16.708
ATTEMPT 4 W0 TRACK 23 2026-07-22T18:25:16.716
ATTEMPT 4 W0 TRACKED 23 nsol=64 0.08s 2026-07-22T18:25:16.793
ATTEMPT 4 W0 TRACK 24 2026-07-22T18:25:16.796
ATTEMPT 4 W0 TRACKED 24 nsol=64 0.10s 2026-07-22T18:25:16.892
ATTEMPT 4 W0 TRACK 25 2026-07-22T18:25:16.900
ATTEMPT 4 W0 TRACKED 25 nsol=64 0.06s 2026-07-22T18:25:16.962
ATTEMPT 4 W0 DONE ptrack seed=918916 nsol=64 2.44s 2026-07-22T18:25:16.962
ATTEMPT 5 W0 START ptrack6x2 seed=918917 2026-07-22T18:25:16.962
ATTEMPT 5 W0 SOLVE ptrack fresh 2026-07-22T18:25:17.245
ATTEMPT 5 W0 FRESH-DONE nsol=64 0.23s 2026-07-22T18:25:17.471
ATTEMPT 5 W0 TRACK 1 2026-07-22T18:25:17.471
ATTEMPT 5 W0 TRACKED 1 nsol=64 0.09s 2026-07-22T18:25:17.564
ATTEMPT 5 W0 TRACK 2 2026-07-22T18:25:17.564
ATTEMPT 5 W0 TRACKED 2 nsol=64 0.08s 2026-07-22T18:25:17.640
ATTEMPT 5 W0 TRACK 3 2026-07-22T18:25:17.648
ATTEMPT 5 W0 TRACKED 3 nsol=64 0.08s 2026-07-22T18:25:17.726
ATTEMPT 5 W0 TRACK 4 2026-07-22T18:25:17.732
ATTEMPT 5 W0 TRACKED 4 nsol=64 0.08s 2026-07-22T18:25:17.808
ATTEMPT 5 W0 TRACK 5 2026-07-22T18:25:17.820
ATTEMPT 5 W0 TRACKED 5 nsol=64 0.09s 2026-07-22T18:25:17.914
ATTEMPT 5 W0 TRACK 6 2026-07-22T18:25:17.914
ATTEMPT 5 W0 TRACKED 6 nsol=64 0.10s 2026-07-22T18:25:18.011
ATTEMPT 5 W0 TRACK 7 2026-07-22T18:25:18.011
ATTEMPT 5 W0 TRACKED 7 nsol=64 0.09s 2026-07-22T18:25:18.106
ATTEMPT 5 W0 TRACK 8 2026-07-22T18:25:18.106
ATTEMPT 5 W0 TRACKED 8 nsol=64 0.09s 2026-07-22T18:25:18.195
ATTEMPT 5 W0 TRACK 9 2026-07-22T18:25:18.200
ATTEMPT 5 W0 TRACKED 9 nsol=64 0.05s 2026-07-22T18:25:18.248
ATTEMPT 5 W0 TRACK 10 2026-07-22T18:25:18.256
ATTEMPT 5 W0 TRACKED 10 nsol=64 0.08s 2026-07-22T18:25:18.332
ATTEMPT 5 W0 TRACK 11 2026-07-22T18:25:18.340
ATTEMPT 5 W0 TRACKED 11 nsol=64 0.04s 2026-07-22T18:25:18.382
ATTEMPT 5 W0 TRACK 12 2026-07-22T18:25:18.388
ATTEMPT 5 W0 TRACKED 12 nsol=64 0.06s 2026-07-22T18:25:18.444
ATTEMPT 5 W0 TRACK 13 2026-07-22T18:25:18.452
ATTEMPT 5 W0 TRACKED 13 nsol=64 0.05s 2026-07-22T18:25:18.502
ATTEMPT 5 W0 TRACK 14 2026-07-22T18:25:18.502
ATTEMPT 5 W0 TRACKED 14 nsol=64 0.06s 2026-07-22T18:25:18.566
ATTEMPT 5 W0 TRACK 15 2026-07-22T18:25:18.566
ATTEMPT 5 W0 TRACKED 15 nsol=64 0.10s 2026-07-22T18:25:18.662
ATTEMPT 5 W0 TRACK 16 2026-07-22T18:25:18.662
ATTEMPT 5 W0 TRACKED 16 nsol=64 0.08s 2026-07-22T18:25:18.744
ATTEMPT 5 W0 TRACK 17 2026-07-22T18:25:18.744
ATTEMPT 5 W0 TRACKED 17 nsol=64 0.07s 2026-07-22T18:25:18.817
ATTEMPT 5 W0 TRACK 18 2026-07-22T18:25:18.817
ATTEMPT 5 W0 TRACKED 18 nsol=64 0.07s 2026-07-22T18:25:18.887
ATTEMPT 5 W0 TRACK 19 2026-07-22T18:25:18.896
ATTEMPT 5 W0 TRACKED 19 nsol=64 0.06s 2026-07-22T18:25:18.954
ATTEMPT 5 W0 TRACK 20 2026-07-22T18:25:18.960
ATTEMPT 5 W0 TRACKED 20 nsol=64 0.04s 2026-07-22T18:25:19.004
ATTEMPT 5 W0 TRACK 21 2026-07-22T18:25:19.008
ATTEMPT 5 W0 TRACKED 21 nsol=64 0.04s 2026-07-22T18:25:19.051
ATTEMPT 5 W0 TRACK 22 2026-07-22T18:25:19.056
ATTEMPT 5 W0 TRACKED 22 nsol=64 0.05s 2026-07-22T18:25:19.103
ATTEMPT 5 W0 TRACK 23 2026-07-22T18:25:19.106
ATTEMPT 5 W0 TRACKED 23 nsol=64 0.06s 2026-07-22T18:25:19.168
ATTEMPT 5 W0 TRACK 24 2026-07-22T18:25:19.168
ATTEMPT 5 W0 TRACKED 24 nsol=64 0.07s 2026-07-22T18:25:19.243
ATTEMPT 5 W0 TRACK 25 2026-07-22T18:25:19.248
ATTEMPT 5 W0 TRACKED 25 nsol=64 0.05s 2026-07-22T18:25:19.299
ATTEMPT 5 W0 DONE ptrack seed=918917 nsol=64 2.05s 2026-07-22T18:25:19.299
ATTEMPT 6 W0 START ptrack6x2 seed=918918 2026-07-22T18:25:19.299
ATTEMPT 6 W0 SOLVE ptrack fresh 2026-07-22T18:25:19.473
ATTEMPT 6 W0 FRESH-DONE nsol=64 0.37s 2026-07-22T18:25:19.842
ATTEMPT 6 W0 TRACK 1 2026-07-22T18:25:19.843
ATTEMPT 6 W0 TRACKED 1 nsol=64 0.08s 2026-07-22T18:25:19.920
ATTEMPT 6 W0 TRACK 2 2026-07-22T18:25:19.924
ATTEMPT 6 W0 TRACKED 2 nsol=64 0.05s 2026-07-22T18:25:19.970
ATTEMPT 6 W0 TRACK 3 2026-07-22T18:25:19.970
ATTEMPT 6 W0 TRACKED 3 nsol=64 0.05s 2026-07-22T18:25:20.018
ATTEMPT 6 W0 TRACK 4 2026-07-22T18:25:20.020
ATTEMPT 6 W0 TRACKED 4 nsol=64 0.06s 2026-07-22T18:25:20.080
ATTEMPT 6 W0 TRACK 5 2026-07-22T18:25:20.084
ATTEMPT 6 W0 TRACKED 5 nsol=64 0.05s 2026-07-22T18:25:20.132
ATTEMPT 6 W0 TRACK 6 2026-07-22T18:25:20.133
ATTEMPT 6 W0 TRACKED 6 nsol=64 0.06s 2026-07-22T18:25:20.188
ATTEMPT 6 W0 TRACK 7 2026-07-22T18:25:20.192
ATTEMPT 6 W0 TRACKED 7 nsol=64 0.04s 2026-07-22T18:25:20.234
ATTEMPT 6 W0 TRACK 8 2026-07-22T18:25:20.236
ATTEMPT 6 W0 TRACKED 8 nsol=64 0.07s 2026-07-22T18:25:20.307
ATTEMPT 6 W0 TRACK 9 2026-07-22T18:25:20.312
ATTEMPT 6 W0 TRACKED 9 nsol=64 0.07s 2026-07-22T18:25:20.385
ATTEMPT 6 W0 TRACK 10 2026-07-22T18:25:20.385
ATTEMPT 6 W0 TRACKED 10 nsol=64 0.06s 2026-07-22T18:25:20.444
ATTEMPT 6 W0 TRACK 11 2026-07-22T18:25:20.445
ATTEMPT 6 W0 TRACKED 11 nsol=64 0.07s 2026-07-22T18:25:20.517
ATTEMPT 6 W0 TRACK 12 2026-07-22T18:25:20.517
ATTEMPT 6 W0 TRACKED 12 nsol=64 0.07s 2026-07-22T18:25:20.589
ATTEMPT 6 W0 TRACK 13 2026-07-22T18:25:20.589
ATTEMPT 6 W0 TRACKED 13 nsol=64 0.06s 2026-07-22T18:25:20.653
ATTEMPT 6 W0 TRACK 14 2026-07-22T18:25:20.653
ATTEMPT 6 W0 TRACKED 14 nsol=64 0.08s 2026-07-22T18:25:20.732
ATTEMPT 6 W0 TRACK 15 2026-07-22T18:25:20.732
ATTEMPT 6 W0 TRACKED 15 nsol=64 0.08s 2026-07-22T18:25:20.814
ATTEMPT 6 W0 TRACK 16 2026-07-22T18:25:20.820
ATTEMPT 6 W0 TRACKED 16 nsol=64 0.04s 2026-07-22T18:25:20.860
ATTEMPT 6 W0 TRACK 17 2026-07-22T18:25:20.864
ATTEMPT 6 W0 TRACKED 17 nsol=64 3.65s 2026-07-22T18:25:24.519
ATTEMPT 6 W0 TRACK 18 2026-07-22T18:25:24.519
ATTEMPT 6 W0 TRACKED 18 nsol=64 0.07s 2026-07-22T18:25:24.586
ATTEMPT 6 W0 TRACK 19 2026-07-22T18:25:24.586
ATTEMPT 6 W0 TRACKED 19 nsol=64 0.05s 2026-07-22T18:25:24.638
ATTEMPT 6 W0 TRACK 20 2026-07-22T18:25:24.638
ATTEMPT 6 W0 TRACKED 20 nsol=64 0.06s 2026-07-22T18:25:24.701
ATTEMPT 6 W0 TRACK 21 2026-07-22T18:25:24.701
ATTEMPT 6 W0 TRACKED 21 nsol=64 0.07s 2026-07-22T18:25:24.767
ATTEMPT 6 W0 TRACK 22 2026-07-22T18:25:24.767
ATTEMPT 6 W0 TRACKED 22 nsol=64 0.05s 2026-07-22T18:25:24.814
ATTEMPT 6 W0 TRACK 23 2026-07-22T18:25:24.814
ATTEMPT 6 W0 TRACKED 23 nsol=64 0.06s 2026-07-22T18:25:24.879
ATTEMPT 6 W0 TRACK 24 2026-07-22T18:25:24.879
ATTEMPT 6 W0 TRACKED 24 nsol=64 0.08s 2026-07-22T18:25:24.961
ATTEMPT 6 W0 TRACK 25 2026-07-22T18:25:24.962
ATTEMPT 6 W0 TRACKED 25 nsol=64 0.05s 2026-07-22T18:25:25.009
ATTEMPT 6 W0 DONE ptrack seed=918918 nsol=64 5.54s 2026-07-22T18:25:25.009
ATTEMPT 7 W0 START ptrack6x2 seed=918919 2026-07-22T18:25:25.009
ATTEMPT 7 W0 SOLVE ptrack fresh 2026-07-22T18:25:25.202
ATTEMPT 7 W0 FRESH-DONE nsol=64 0.25s 2026-07-22T18:25:25.454
ATTEMPT 7 W0 TRACK 1 2026-07-22T18:25:25.454
ATTEMPT 7 W0 TRACKED 1 nsol=64 0.08s 2026-07-22T18:25:25.538
ATTEMPT 7 W0 TRACK 2 2026-07-22T18:25:25.538
ATTEMPT 7 W0 TRACKED 2 nsol=64 0.07s 2026-07-22T18:25:25.613
ATTEMPT 7 W0 TRACK 3 2026-07-22T18:25:25.621
ATTEMPT 7 W0 TRACKED 3 nsol=64 0.06s 2026-07-22T18:25:25.685
ATTEMPT 7 W0 TRACK 4 2026-07-22T18:25:25.693
ATTEMPT 7 W0 TRACKED 4 nsol=64 0.09s 2026-07-22T18:25:25.781
ATTEMPT 7 W0 TRACK 5 2026-07-22T18:25:25.785
ATTEMPT 7 W0 TRACKED 5 nsol=64 0.09s 2026-07-22T18:25:25.871
ATTEMPT 7 W0 TRACK 6 2026-07-22T18:25:25.871
ATTEMPT 7 W0 TRACKED 6 nsol=64 0.09s 2026-07-22T18:25:25.958
ATTEMPT 7 W0 TRACK 7 2026-07-22T18:25:25.958
ATTEMPT 7 W0 TRACKED 7 nsol=64 0.07s 2026-07-22T18:25:26.026
ATTEMPT 7 W0 TRACK 8 2026-07-22T18:25:26.026
ATTEMPT 7 W0 TRACKED 8 nsol=64 0.07s 2026-07-22T18:25:26.098
ATTEMPT 7 W0 TRACK 9 2026-07-22T18:25:26.098
ATTEMPT 7 W0 TRACKED 9 nsol=64 0.05s 2026-07-22T18:25:26.150
ATTEMPT 7 W0 TRACK 10 2026-07-22T18:25:26.150
ATTEMPT 7 W0 TRACKED 10 nsol=64 0.07s 2026-07-22T18:25:26.222
ATTEMPT 7 W0 TRACK 11 2026-07-22T18:25:26.222
ATTEMPT 7 W0 TRACKED 11 nsol=64 0.07s 2026-07-22T18:25:26.292
ATTEMPT 7 W0 TRACK 12 2026-07-22T18:25:26.297
ATTEMPT 7 W0 TRACKED 12 nsol=64 0.04s 2026-07-22T18:25:26.336
ATTEMPT 7 W0 TRACK 13 2026-07-22T18:25:26.341
ATTEMPT 7 W0 TRACKED 13 nsol=64 0.07s 2026-07-22T18:25:26.413
ATTEMPT 7 W0 TRACK 14 2026-07-22T18:25:26.413
ATTEMPT 7 W0 TRACKED 14 nsol=64 0.04s 2026-07-22T18:25:26.456
ATTEMPT 7 W0 TRACK 15 2026-07-22T18:25:26.461
ATTEMPT 7 W0 TRACKED 15 nsol=64 0.05s 2026-07-22T18:25:26.513
ATTEMPT 7 W0 TRACK 16 2026-07-22T18:25:26.513
ATTEMPT 7 W0 TRACKED 16 nsol=64 0.05s 2026-07-22T18:25:26.560
ATTEMPT 7 W0 TRACK 17 2026-07-22T18:25:26.560
ATTEMPT 7 W0 TRACKED 17 nsol=64 0.05s 2026-07-22T18:25:26.608
ATTEMPT 7 W0 TRACK 18 2026-07-22T18:25:26.608
ATTEMPT 7 W0 TRACKED 18 nsol=64 0.05s 2026-07-22T18:25:26.654
ATTEMPT 7 W0 TRACK 19 2026-07-22T18:25:26.654
ATTEMPT 7 W0 TRACKED 19 nsol=64 0.04s 2026-07-22T18:25:26.692
ATTEMPT 7 W0 TRACK 20 2026-07-22T18:25:26.697
ATTEMPT 7 W0 TRACKED 20 nsol=64 0.04s 2026-07-22T18:25:26.739
ATTEMPT 7 W0 TRACK 21 2026-07-22T18:25:26.739
┌ Warning: Ingored unsupported keyword arguments: gamma = 0.8804802225239435 - 0.47408288066981163im
└ @ HomotopyContinuation ~/.julia/packages/HomotopyContinuation/98yZ2/src/utils.jl:170
┌ Warning: Ingored unsupported keyword arguments: gamma = 0.9313208786319696 - 0.36419969937408836im
└ @ HomotopyContinuation ~/.julia/packages/HomotopyContinuation/98yZ2/src/utils.jl:170
┌ Warning: Ingored unsupported keyword arguments: gamma = 0.9999905846087986 + 0.00433943472736896im
└ @ HomotopyContinuation ~/.julia/packages/HomotopyContinuation/98yZ2/src/utils.jl:170
┌ Warning: Ingored unsupported keyword arguments: gamma = 0.7064449338013685 - 0.7077680096658651im
└ @ HomotopyContinuation ~/.julia/packages/HomotopyContinuation/98yZ2/src/utils.jl:170
┌ Warning: Ingored unsupported keyword arguments: gamma = 0.42332525232660423 + 0.9059777760754493im
└ @ HomotopyContinuation ~/.julia/packages/HomotopyContinuation/98yZ2/src/utils.jl:170
┌ Warning: Ingored unsupported keyword arguments: gamma = 0.4379003174071177 + 0.8990235325144418im
└ @ HomotopyContinuation ~/.julia/packages/HomotopyContinuation/98yZ2/src/utils.jl:170
┌ Warning: Ingored unsupported keyword arguments: gamma = -0.3791920355692688 + 0.9253179994795488im
└ @ HomotopyContinuation ~/.julia/packages/HomotopyContinuation/98yZ2/src/utils.jl:170
┌ Warning: Ingored unsupported keyword arguments: gamma = 0.9951615275439831 + 0.09825239995199174im
└ @ HomotopyContinuation ~/.julia/packages/HomotopyContinuation/98yZ2/src/utils.jl:170
┌ Warning: Ingored unsupported keyword arguments: gamma = -0.24400110767267164 + 0.9697749529939971im
└ @ HomotopyContinuation ~/.julia/packages/HomotopyContinuation/98yZ2/src/utils.jl:170
┌ Warning: Ingored unsupported keyword arguments: gamma = -0.22503016057170974 + 0.9743517982910846im
└ @ HomotopyContinuation ~/.julia/packages/HomotopyContinuation/98yZ2/src/utils.jl:170
┌ Warning: Ingored unsupported keyword arguments: gamma = 0.8062594606897762 + 0.5915620694806516im
└ @ HomotopyContinuation ~/.julia/packages/HomotopyContinuation/98yZ2/src/utils.jl:170
┌ Warning: Ingored unsupported keyword arguments: gamma = 0.3649371703688295 - 0.931032148576617im
└ @ HomotopyContinuation ~/.julia/packages/HomotopyContinuation/98yZ2/src/utils.jl:170
┌ Warning: Ingored unsupported keyword arguments: gamma = -0.47718526182502663 + 0.8788027229685743im
└ @ HomotopyContinuation ~/.julia/packages/HomotopyContinuation/98yZ2/src/utils.jl:170
┌ Warning: Ingored unsupported keyword arguments: gamma = 0.9370979094930428 - 0.34906662404728533im
└ @ HomotopyContinuation ~/.julia/packages/HomotopyContinuation/98yZ2/src/utils.jl:170
┌ Warning: Ingored unsupported keyword arguments: gamma = 0.5386028442555624 + 0.8425597760158139im
└ @ HomotopyContinuation ~/.julia/packages/HomotopyContinuation/98yZ2/src/utils.jl:170
┌ Warning: Ingored unsupported keyword arguments: gamma = -0.9294039772352974 + 0.3690640149069139im
└ @ HomotopyContinuation ~/.julia/packages/HomotopyContinuation/98yZ2/src/utils.jl:170
┌ Warning: Ingored unsupported keyword arguments: gamma = -0.21402534259039377 + 0.976828108076884im
└ @ HomotopyContinuation ~/.julia/packages/HomotopyContinuation/98yZ2/src/utils.jl:170
┌ Warning: Ingored unsupported keyword arguments: gamma = 0.9137733786758123 - 0.40622433755671333im
└ @ HomotopyContinuation ~/.julia/packages/HomotopyContinuation/98yZ2/src/utils.jl:170
┌ Warning: Ingored unsupported keyword arguments: gamma = -0.8013667527972689 - 0.5981733256432963im
└ @ HomotopyContinuation ~/.julia/packages/HomotopyContinuation/98yZ2/src/utils.jl:170
┌ Warning: Ingored unsupported keyword arguments: gamma = -0.9960075212971248 + 0.0892693537534435im
└ @ HomotopyContinuation ~/.julia/packages/HomotopyContinuation/98yZ2/src/utils.jl:170
┌ Warning: Ingored unsupported keyword arguments: gamma = 0.8839217601626513 - 0.46763481682928637im
└ @ HomotopyContinuation ~/.julia/packages/HomotopyContinuation/98yZ2/src/utils.jl:170
┌ Warning: Ingored unsupported keyword arguments: gamma = 0.6084893574636995 - 0.7935620340297374im
└ @ HomotopyContinuation ~/.julia/packages/HomotopyContinuation/98yZ2/src/utils.jl:170
┌ Warning: Ingored unsupported keyword arguments: gamma = -0.4537564131853192 + 0.8911257585173902im
└ @ HomotopyContinuation ~/.julia/packages/HomotopyContinuation/98yZ2/src/utils.jl:170
┌ Warning: Ingored unsupported keyword arguments: gamma = 0.9820868252384234 - 0.18842894600648408im
└ @ HomotopyContinuation ~/.julia/packages/HomotopyContinuation/98yZ2/src/utils.jl:170
┌ Warning: Ingored unsupported keyword arguments: gamma = 0.9994177064623266 + 0.034121078669683835im
└ @ HomotopyContinuation ~/.julia/packages/HomotopyContinuation/98yZ2/src/utils.jl:170
┌ Warning: Ingored unsupported keyword arguments: gamma = -0.5468125254703229 - 0.8372550758214413im
└ @ HomotopyContinuation ~/.julia/packages/HomotopyContinuation/98yZ2/src/utils.jl:170
┌ Warning: Ingored unsupported keyword arguments: gamma = 0.5010910669079869 - 0.8653945589527446im
└ @ HomotopyContinuation ~/.julia/packages/HomotopyContinuation/98yZ2/src/utils.jl:170
┌ Warning: Ingored unsupported keyword arguments: gamma = 0.6832356630628916 + 0.7301979380407827im
└ @ HomotopyContinuation ~/.julia/packages/HomotopyContinuation/98yZ2/src/utils.jl:170
┌ Warning: Ingored unsupported keyword arguments: gamma = 0.08204477805879122 - 0.9966286441765978im
└ @ HomotopyContinuation ~/.julia/packages/HomotopyContinuation/98yZ2/src/utils.jl:170
┌ Warning: Ingored unsupported keyword arguments: gamma = -0.9690320507312732 - 0.24693498062353023im
└ @ HomotopyContinuation ~/.julia/packages/HomotopyContinuation/98yZ2/src/utils.jl:170
┌ Warning: Ingored unsupported keyword arguments: gamma = 0.5460349609421659 + 0.8377623896003493im
└ @ HomotopyContinuation ~/.julia/packages/HomotopyContinuation/98yZ2/src/utils.jl:170
┌ Warning: Ingored unsupported keyword arguments: gamma = 0.6271917389062257 - 0.7788648937060809im
└ @ HomotopyContinuation ~/.julia/packages/HomotopyContinuation/98yZ2/src/utils.jl:170
┌ Warning: Ingored unsupported keyword arguments: gamma = -0.9988870034702131 - 0.04716730115555069im
└ @ HomotopyContinuation ~/.julia/packages/HomotopyContinuation/98yZ2/src/utils.jl:170
┌ Warning: Ingored unsupported keyword arguments: gamma = 0.7376201247027688 - 0.6752159296354551im
└ @ HomotopyContinuation ~/.julia/packages/HomotopyContinuation/98yZ2/src/utils.jl:170
┌ Warning: Ingored unsupported keyword arguments: gamma = -0.9842676054264257 - 0.17668412749347373im
└ @ HomotopyContinuation ~/.julia/packages/HomotopyContinuation/98yZ2/src/utils.jl:170
┌ Warning: Ingored unsupported keyword arguments: gamma = 0.7192282216477173 - 0.6947738950086295im
└ @ HomotopyContinuation ~/.julia/packages/HomotopyContinuation/98yZ2/src/utils.jl:170
┌ Warning: Ingored unsupported keyword arguments: gamma = -0.5294896708000951 - 0.8483163846796824im
└ @ HomotopyContinuation ~/.julia/packages/HomotopyContinuation/98yZ2/src/utils.jl:170
┌ Warning: Ingored unsupported keyword arguments: gamma = 0.8285150589183531 + 0.5599667821804415im
└ @ HomotopyContinuation ~/.julia/packages/HomotopyContinuation/98yZ2/src/utils.jl:170
┌ Warning: Ingored unsupported keyword arguments: gamma = 0.385233543465303 + 0.9228191139054103im
└ @ HomotopyContinuation ~/.julia/packages/HomotopyContinuation/98yZ2/src/utils.jl:170
┌ Warning: Ingored unsupported keyword arguments: gamma = 0.8109434359555485 + 0.5851245539888145im
└ @ HomotopyContinuation ~/.julia/packages/HomotopyContinuation/98yZ2/src/utils.jl:170
┌ Warning: Ingored unsupported keyword arguments: gamma = 0.30172348035578656 - 0.9533954800616538im
└ @ HomotopyContinuation ~/.julia/packages/HomotopyContinuation/98yZ2/src/utils.jl:170
┌ Warning: Ingored unsupported keyword arguments: gamma = -0.204521690171919 - 0.9788620322850516im
└ @ HomotopyContinuation ~/.julia/packages/HomotopyContinuation/98yZ2/src/utils.jl:170
┌ Warning: Ingored unsupported keyword arguments: gamma = 0.9889898928729719 - 0.1479830794216271im
└ @ HomotopyContinuation ~/.julia/packages/HomotopyContinuation/98yZ2/src/utils.jl:170
┌ Warning: Ingored unsupported keyword arguments: gamma = -0.8562792532344754 - 0.5165131561540415im
└ @ HomotopyContinuation ~/.julia/packages/HomotopyContinuation/98yZ2/src/utils.jl:170
┌ Warning: Ingored unsupported keyword arguments: gamma = -0.21088168268590612 + 0.9775115937458546im
└ @ HomotopyContinuation ~/.julia/packages/HomotopyContinuation/98yZ2/src/utils.jl:170
┌ Warning: Ingored unsupported keyword arguments: gamma = -0.9129260162286094 + 0.40812508976165746im
└ @ HomotopyContinuation ~/.julia/packages/HomotopyContinuation/98yZ2/src/utils.jl:170
┌ Warning: Ingored unsupported keyword arguments: gamma = -0.43202273820953857 + 0.9018627133161302im
└ @ HomotopyContinuation ~/.julia/packages/HomotopyContinuation/98yZ2/src/utils.jl:170
┌ Warning: Ingored unsupported keyword arguments: gamma = -0.937377207199087 + 0.348315907508744im
└ @ HomotopyContinuation ~/.julia/packages/HomotopyContinuation/98yZ2/src/utils.jl:170
┌ Warning: Ingored unsupported keyword arguments: gamma = 0.9660626860428442 + 0.2583077363063im
└ @ HomotopyContinuation ~/.julia/packages/HomotopyContinuation/98yZ2/src/utils.jl:170
┌ Warning: Ingored unsupported keyword arguments: gamma = -0.3215712347955779 - 0.9468853895546426im
└ @ HomotopyContinuation ~/.julia/packages/HomotopyContinuation/98yZ2/src/utils.jl:170
┌ Warning: Ingored unsupported keyword arguments: gamma = -0.2329357873894359 + 0.9724921176818162im
└ @ HomotopyContinuation ~/.julia/packages/HomotopyContinuation/98yZ2/src/utils.jl:170
┌ Warning: Ingored unsupported keyword arguments: gamma = -0.31093735381932336 + 0.9504304088147837im
└ @ HomotopyContinuation ~/.julia/packages/HomotopyContinuation/98yZ2/src/utils.jl:170
┌ Warning: Ingored unsupported keyword arguments: gamma = -0.4303062470066422 + 0.9026829641613154im
└ @ HomotopyContinuation ~/.julia/packages/HomotopyContinuation/98yZ2/src/utils.jl:170
┌ Warning: Ingored unsupported keyword arguments: gamma = 0.7291661148342933 + 0.6843367423845239im
└ @ HomotopyContinuation ~/.julia/packages/HomotopyContinuation/98yZ2/src/utils.jl:170
┌ Warning: Ingored unsupported keyword arguments: gamma = -0.31380270178050257 + 0.949488211804263im
└ @ HomotopyContinuation ~/.julia/packages/HomotopyContinuation/98yZ2/src/utils.jl:170
┌ Warning: Ingored unsupported keyword arguments: gamma = -0.7148070543888126 + 0.6993217249563959im
└ @ HomotopyContinuation ~/.julia/packages/HomotopyContinuation/98yZ2/src/utils.jl:170
┌ Warning: Ingored unsupported keyword arguments: gamma = 0.7349147983559753 + 0.6781594496557547im
└ @ HomotopyContinuation ~/.julia/packages/HomotopyContinuation/98yZ2/src/utils.jl:170
┌ Warning: Ingored unsupported keyword arguments: gamma = 0.9321871586424454 + 0.3619766584493045im
└ @ HomotopyContinuation ~/.julia/packages/HomotopyContinuation/98yZ2/src/utils.jl:170
┌ Warning: Ingored unsupported keyword arguments: gamma = 0.3142420397642605 - 0.9493428992965591im
└ @ HomotopyContinuation ~/.julia/packages/HomotopyContinuation/98yZ2/src/utils.jl:170
┌ Warning: Ingored unsupported keyword arguments: gamma = -0.7930068768148605 + 0.609212683161095im
└ @ HomotopyContinuation ~/.julia/packages/HomotopyContinuation/98yZ2/src/utils.jl:170
┌ Warning: Ingored unsupported keyword arguments: gamma = -0.41429585959366066 + 0.9101422640024744im
└ @ HomotopyContinuation ~/.julia/packages/HomotopyContinuation/98yZ2/src/utils.jl:170
┌ Warning: Ingored unsupported keyword arguments: gamma = -0.3299426004755301 - 0.9440009959695195im
└ @ HomotopyContinuation ~/.julia/packages/HomotopyContinuation/98yZ2/src/utils.jl:170
┌ Warning: Ingored unsupported keyword arguments: gamma = -0.2577397231438919 + 0.9662143836197585im
└ @ HomotopyContinuation ~/.julia/packages/HomotopyContinuation/98yZ2/src/utils.jl:170
┌ Warning: Ingored unsupported keyword arguments: gamma = -0.9999988683501815 + 0.0015044262549064498im
└ @ HomotopyContinuation ~/.julia/packages/HomotopyContinuation/98yZ2/src/utils.jl:170
┌ Warning: Ingored unsupported keyword arguments: gamma = 0.8967935642917243 + 0.44244920956528433im
└ @ HomotopyContinuation ~/.julia/packages/HomotopyContinuation/98yZ2/src/utils.jl:170
┌ Warning: Ingored unsupported keyword arguments: gamma = 0.03599821634173618 + 0.9993518541635942im
└ @ HomotopyContinuation ~/.julia/packages/HomotopyContinuation/98yZ2/src/utils.jl:170
┌ Warning: Ingored unsupported keyword arguments: gamma = -0.7013020791943367 + 0.7128642182896405im
└ @ HomotopyContinuation ~/.julia/packages/HomotopyContinuation/98yZ2/src/utils.jl:170
┌ Warning: Ingored unsupported keyword arguments: gamma = 0.997457235746074 - 0.07126754421053738im
└ @ HomotopyContinuation ~/.julia/packages/HomotopyContinuation/98yZ2/src/utils.jl:170
┌ Warning: Ingored unsupported keyword arguments: gamma = 0.6649314158501627 + 0.7469044197322025im
└ @ HomotopyContinuation ~/.julia/packages/HomotopyContinuation/98yZ2/src/utils.jl:170
┌ Warning: Ingored unsupported keyword arguments: gamma = -0.9848472854879937 - 0.1734238284288817im
└ @ HomotopyContinuation ~/.julia/packages/HomotopyContinuation/98yZ2/src/utils.jl:170
┌ Warning: Ingored unsupported keyword arguments: gamma = -0.995623220934017 - 0.09345802232539217im
└ @ HomotopyContinuation ~/.julia/packages/HomotopyContinuation/98yZ2/src/utils.jl:170
┌ Warning: Ingored unsupported keyword arguments: gamma = 0.8405632379631572 - 0.5417134325313456im
└ @ HomotopyContinuation ~/.julia/packages/HomotopyContinuation/98yZ2/src/utils.jl:170
┌ Warning: Ingored unsupported keyword arguments: gamma = -0.2976030116247303 - 0.9546897126668386im
└ @ HomotopyContinuation ~/.julia/packages/HomotopyContinuation/98yZ2/src/utils.jl:170
┌ Warning: Ingored unsupported keyword arguments: gamma = 0.9804648082426445 + 0.1966945850747152im
└ @ HomotopyContinuation ~/.julia/packages/HomotopyContinuation/98yZ2/src/utils.jl:170
┌ Warning: Ingored unsupported keyword arguments: gamma = -0.8328117506085124 - 0.5535563097358613im
└ @ HomotopyContinuation ~/.julia/packages/HomotopyContinuation/98yZ2/src/utils.jl:170
┌ Warning: Ingored unsupported keyword arguments: gamma = 0.489345644407819 + 0.8720899267272249im
└ @ HomotopyContinuation ~/.julia/packages/HomotopyContinuation/98yZ2/src/utils.jl:170
┌ Warning: Ingored unsupported keyword arguments: gamma = 0.1292621041941903 + 0.9916104620360207im
└ @ HomotopyContinuation ~/.julia/packages/HomotopyContinuation/98yZ2/src/utils.jl:170
┌ Warning: Ingored unsupported keyword arguments: gamma = -0.4132747127218586 + 0.9106063978606044im
└ @ HomotopyContinuation ~/.julia/packages/HomotopyContinuation/98yZ2/src/utils.jl:170
┌ Warning: Ingored unsupported keyword arguments: gamma = 0.18017351487335742 + 0.9836348430887247im
└ @ HomotopyContinuation ~/.julia/packages/HomotopyContinuation/98yZ2/src/utils.jl:170
┌ Warning: Ingored unsupported keyword arguments: gamma = -0.544997926510521 + 0.8384373918780297im
└ @ HomotopyContinuation ~/.julia/packages/HomotopyContinuation/98yZ2/src/utils.jl:170
┌ Warning: Ingored unsupported keyword arguments: gamma = -0.7516599774121945 - 0.65955081559854im
└ @ HomotopyContinuation ~/.julia/packages/HomotopyContinuation/98yZ2/src/utils.jl:170
┌ Warning: Ingored unsupported keyword arguments: gamma = 0.24617834102061395 - 0.9692245479827357im
└ @ HomotopyContinuation ~/.julia/packages/HomotopyContinuation/98yZ2/src/utils.jl:170
┌ Warning: Ingored unsupported keyword arguments: gamma = 0.009017100311277023 - 0.9999593451245787im
└ @ HomotopyContinuation ~/.julia/packages/HomotopyContinuation/98yZ2/src/utils.jl:170
┌ Warning: Ingored unsupported keyword arguments: gamma = 0.4241325645247686 - 0.9056001146806701im
└ @ HomotopyContinuation ~/.julia/packages/HomotopyContinuation/98yZ2/src/utils.jl:170
┌ Warning: Ingored unsupported keyword arguments: gamma = 0.2617173319994212 + 0.9651445685134972im
└ @ HomotopyContinuation ~/.julia/packages/HomotopyContinuation/98yZ2/src/utils.jl:170
┌ Warning: Ingored unsupported keyword arguments: gamma = 0.040339733319316715 - 0.9991860216775085im
└ @ HomotopyContinuation ~/.julia/packages/HomotopyContinuation/98yZ2/src/utils.jl:170
┌ Warning: Ingored unsupported keyword arguments: gamma = -0.81032181405734 + 0.585985117270756im
└ @ HomotopyContinuation ~/.julia/packages/HomotopyContinuation/98yZ2/src/utils.jl:170
┌ Warning: Ingored unsupported keyword arguments: gamma = 0.5497172286235057 + 0.8353508056825542im
└ @ HomotopyContinuation ~/.julia/packages/HomotopyContinuation/98yZ2/src/utils.jl:170
┌ Warning: Ingored unsupported keyword arguments: gamma = -0.039402313630899154 + 0.9992234273076929im
└ @ HomotopyContinuation ~/.julia/packages/HomotopyContinuation/98yZ2/src/utils.jl:170
┌ Warning: Ingored unsupported keyword arguments: gamma = 0.4045883411544781 + 0.9144989197379446im
└ @ HomotopyContinuation ~/.julia/packages/HomotopyContinuation/98yZ2/src/utils.jl:170
┌ Warning: Ingored unsupported keyword arguments: gamma = 0.5959828137195955 - 0.8029971891301201im
└ @ HomotopyContinuation ~/.julia/packages/HomotopyContinuation/98yZ2/src/utils.jl:170
┌ Warning: Ingored unsupported keyword arguments: gamma = 0.9554389174431831 + 0.2951888802699016im
└ @ HomotopyContinuation ~/.julia/packages/HomotopyContinuation/98yZ2/src/utils.jl:170
┌ Warning: Ingored unsupported keyword arguments: gamma = -0.12734638010417904 + 0.9918583061477895im
└ @ HomotopyContinuation ~/.julia/packages/HomotopyContinuation/98yZ2/src/utils.jl:170
┌ Warning: Ingored unsupported keyword arguments: gamma = -0.2688247705875304 - 0.9631891001867503im
└ @ HomotopyContinuation ~/.julia/packages/HomotopyContinuation/98yZ2/src/utils.jl:170
┌ Warning: Ingored unsupported keyword arguments: gamma = 0.3765019044415579 + 0.9264158439663476im
└ @ HomotopyContinuation ~/.julia/packages/HomotopyContinuation/98yZ2/src/utils.jl:170
┌ Warning: Ingored unsupported keyword arguments: gamma = -0.923666621024138 - 0.3831970422717945im
└ @ HomotopyContinuation ~/.julia/packages/HomotopyContinuation/98yZ2/src/utils.jl:170
┌ Warning: Ingored unsupported keyword arguments: gamma = -0.7428978155326385 - 0.6694048369087527im
└ @ HomotopyContinuation ~/.julia/packages/HomotopyContinuation/98yZ2/src/utils.jl:170
┌ Warning: Ingored unsupported keyword arguments: gamma = -0.10626677225964735 + 0.9943376554840495im
└ @ HomotopyContinuation ~/.julia/packages/HomotopyContinuation/98yZ2/src/utils.jl:170
┌ Warning: Ingored unsupported keyword arguments: gamma = -0.14931105856837434 + 0.9887902749264839im
└ @ HomotopyContinuation ~/.julia/packages/HomotopyContinuation/98yZ2/src/utils.jl:170
┌ Warning: Ingored unsupported keyword arguments: gamma = -0.9927045875388443 - 0.1205719780020761im
└ @ HomotopyContinuation ~/.julia/packages/HomotopyContinuation/98yZ2/src/utils.jl:170
┌ Warning: Ingored unsupported keyword arguments: gamma = 0.7233947399676983 + 0.6904346820569388im
└ @ HomotopyContinuation ~/.julia/packages/HomotopyContinuation/98yZ2/src/utils.jl:170
┌ Warning: Ingored unsupported keyword arguments: gamma = -0.7891733651583859 - 0.6141704972762767im
└ @ HomotopyContinuation ~/.julia/packages/HomotopyContinuation/98yZ2/src/utils.jl:170
┌ Warning: Ingored unsupported keyword arguments: gamma = -0.7769620968875987 + 0.6295473770893067im
└ @ HomotopyContinuation ~/.julia/packages/HomotopyContinuation/98yZ2/src/utils.jl:170
┌ Warning: Ingored unsupported keyword arguments: gamma = -0.7649790006638004 + 0.6440552216568182im
└ @ HomotopyContinuation ~/.julia/packages/HomotopyContinuation/98yZ2/src/utils.jl:170
┌ Warning: Ingored unsupported keyword arguments: gamma = 0.9328792083817808 - 0.3601893704275319im
└ @ HomotopyContinuation ~/.julia/packages/HomotopyContinuation/98yZ2/src/utils.jl:170
┌ Warning: Ingored unsupported keyword arguments: gamma = -0.9722613980903952 + 0.23389692982873897im
└ @ HomotopyContinuation ~/.julia/packages/HomotopyContinuation/98yZ2/src/utils.jl:170
┌ Warning: Ingored unsupported keyword arguments: gamma = 0.9704223798592633 + 0.24141334815681548im
└ @ HomotopyContinuation ~/.julia/packages/HomotopyContinuation/98yZ2/src/utils.jl:170
┌ Warning: Ingored unsupported keyword arguments: gamma = 0.13562666117099037 + 0.9907600157351978im
└ @ HomotopyContinuation ~/.julia/packages/HomotopyContinuation/98yZ2/src/utils.jl:170
┌ Warning: Ingored unsupported keyword arguments: gamma = -0.8052170376315968 + 0.592980203976318im
└ @ HomotopyContinuation ~/.julia/packages/HomotopyContinuation/98yZ2/src/utils.jl:170
┌ Warning: Ingored unsupported keyword arguments: gamma = 0.5518963415684881 - 0.8339127221498175im
└ @ HomotopyContinuation ~/.julia/packages/HomotopyContinuation/98yZ2/src/utils.jl:170
┌ Warning: Ingored unsupported keyword arguments: gamma = -0.9710965934273041 - 0.2386868371609232im
└ @ HomotopyContinuation ~/.julia/packages/HomotopyContinuation/98yZ2/src/utils.jl:170
┌ Warning: Ingored unsupported keyword arguments: gamma = 0.999989244817674 + 0.004637914291780882im
└ @ HomotopyContinuation ~/.julia/packages/HomotopyContinuation/98yZ2/src/utils.jl:170
┌ Warning: Ingored unsupported keyword arguments: gamma = -0.9939743985352246 - 0.1096124767375436im
└ @ HomotopyContinuation ~/.julia/packages/HomotopyContinuation/98yZ2/src/utils.jl:170
┌ Warning: Ingored unsupported keyword arguments: gamma = 0.42341731954997003 - 0.9059347512404624im
└ @ HomotopyContinuation ~/.julia/packages/HomotopyContinuation/98yZ2/src/utils.jl:170
┌ Warning: Ingored unsupported keyword arguments: gamma = -0.6561300181003173 + 0.7546478644690364im
└ @ HomotopyContinuation ~/.julia/packages/HomotopyContinuation/98yZ2/src/utils.jl:170
┌ Warning: Ingored unsupported keyword arguments: gamma = -0.1947776571308746 - 0.9808474215098939im
└ @ HomotopyContinuation ~/.julia/packages/HomotopyContinuation/98yZ2/src/utils.jl:170
┌ Warning: Ingored unsupported keyword arguments: gamma = -0.45738671489375454 + 0.8892678972270951im
└ @ HomotopyContinuation ~/.julia/packages/HomotopyContinuation/98yZ2/src/utils.jl:170
┌ Warning: Ingored unsupported keyword arguments: gamma = 0.06162565397524938 - 0.9980993331187648im
└ @ HomotopyContinuation ~/.julia/packages/HomotopyContinuation/98yZ2/src/utils.jl:170
┌ Warning: Ingored unsupported keyword arguments: gamma = 0.10129976213188555 - 0.9948559484629036im
└ @ HomotopyContinuation ~/.julia/packages/HomotopyContinuation/98yZ2/src/utils.jl:170
┌ Warning: Ingored unsupported keyword arguments: gamma = 0.9965368229195293 + 0.08315263414619423im
└ @ HomotopyContinuation ~/.julia/packages/HomotopyContinuation/98yZ2/src/utils.jl:170
┌ Warning: Ingored unsupported keyword arguments: gamma = 0.05149871124205935 + 0.9986730609866309im
└ @ HomotopyContinuation ~/.julia/packages/HomotopyContinuation/98yZ2/src/utils.jl:170
┌ Warning: Ingored unsupported keyword arguments: gamma = -0.5741827463569504 + 0.8187271668791686im
└ @ HomotopyContinuation ~/.julia/packages/HomotopyContinuation/98yZ2/src/utils.jl:170
┌ Warning: Ingored unsupported keyword arguments: gamma = 0.7822696194403238 - 0.6229399991176445im
└ @ HomotopyContinuation ~/.julia/packages/HomotopyContinuation/98yZ2/src/utils.jl:170
┌ Warning: Ingored unsupported keyword arguments: gamma = -0.14844870958695244 - 0.988920108311065im
└ @ HomotopyContinuation ~/.julia/packages/HomotopyContinuation/98yZ2/src/utils.jl:170
┌ Warning: Ingored unsupported keyword arguments: gamma = -0.7055326415535985 - 0.7086774242928876im
└ @ HomotopyContinuation ~/.julia/packages/HomotopyContinuation/98yZ2/src/utils.jl:170
┌ Warning: Ingored unsupported keyword arguments: gamma = 0.8995078179213045 - 0.4369046640841149im
└ @ HomotopyContinuation ~/.julia/packages/HomotopyContinuation/98yZ2/src/utils.jl:170
┌ Warning: Ingored unsupported keyword arguments: gamma = 0.7794119844511808 + 0.6265117385124339im
└ @ HomotopyContinuation ~/.julia/packages/HomotopyContinuation/98yZ2/src/utils.jl:170
┌ Warning: Ingored unsupported keyword arguments: gamma = -0.5751463722178181 + 0.8180505183206493im
└ @ HomotopyContinuation ~/.julia/packages/HomotopyContinuation/98yZ2/src/utils.jl:170
┌ Warning: Ingored unsupported keyword arguments: gamma = -0.17063128120998666 - 0.9853349511067993im
└ @ HomotopyContinuation ~/.julia/packages/HomotopyContinuation/98yZ2/src/utils.jl:170
┌ Warning: Ingored unsupported keyword arguments: gamma = -0.6105173745359465 - 0.7920028632459196im
└ @ HomotopyContinuation ~/.julia/packages/HomotopyContinuation/98yZ2/src/utils.jl:170
┌ Warning: Ingored unsupported keyword arguments: gamma = -0.747336264358106 + 0.6644460158472404im
└ @ HomotopyContinuation ~/.julia/packages/HomotopyContinuation/98yZ2/src/utils.jl:170
┌ Warning: Ingored unsupported keyword arguments: gamma = 0.6863275519851157 + 0.7272925761934589im
└ @ HomotopyContinuation ~/.julia/packages/HomotopyContinuation/98yZ2/src/utils.jl:170
┌ Warning: Ingored unsupported keyword arguments: gamma = 0.8909245471726375 - 0.4541513527946722im
└ @ HomotopyContinuation ~/.julia/packages/HomotopyContinuation/98yZ2/src/utils.jl:170
┌ Warning: Ingored unsupported keyword arguments: gamma = -0.7013922745512436 + 0.7127754746060171im
└ @ HomotopyContinuation ~/.julia/packages/HomotopyContinuation/98yZ2/src/utils.jl:170
┌ Warning: Ingored unsupported keyword arguments: gamma = 0.12682962953392687 - 0.991924515813722im
└ @ HomotopyContinuation ~/.julia/packages/HomotopyContinuation/98yZ2/src/utils.jl:170
┌ Warning: Ingored unsupported keyword arguments: gamma = -0.9689094101890812 + 0.2474157530292824im
└ @ HomotopyContinuation ~/.julia/packages/HomotopyContinuation/98yZ2/src/utils.jl:170
┌ Warning: Ingored unsupported keyword arguments: gamma = -0.21942560851069076 - 0.9756292340483208im
└ @ HomotopyContinuation ~/.julia/packages/HomotopyContinuation/98yZ2/src/utils.jl:170
┌ Warning: Ingored unsupported keyword arguments: gamma = 0.5369260132838881 - 0.8436293358217636im
└ @ HomotopyContinuation ~/.julia/packages/HomotopyContinuation/98yZ2/src/utils.jl:170
┌ Warning: Ingored unsupported keyword arguments: gamma = -0.7110774089803229 - 0.7031137307988164im
└ @ HomotopyContinuation ~/.julia/packages/HomotopyContinuation/98yZ2/src/utils.jl:170
┌ Warning: Ingored unsupported keyword arguments: gamma = -0.783854808815134 - 0.6209441510292126im
└ @ HomotopyContinuation ~/.julia/packages/HomotopyContinuation/98yZ2/src/utils.jl:170
┌ Warning: Ingored unsupported keyword arguments: gamma = 0.6911614044797232 + 0.7227004309931028im
└ @ HomotopyContinuation ~/.julia/packages/HomotopyContinuation/98yZ2/src/utils.jl:170
┌ Warning: Ingored unsupported keyword arguments: gamma = 0.8744916916403205 + 0.4850404944456191im
└ @ HomotopyContinuation ~/.julia/packages/HomotopyContinuation/98yZ2/src/utils.jl:170
┌ Warning: Ingored unsupported keyword arguments: gamma = 0.953032962314483 + 0.3028665923176099im
└ @ HomotopyContinuation ~/.julia/packages/HomotopyContinuation/98yZ2/src/utils.jl:170
┌ Warning: Ingored unsupported keyword arguments: gamma = -0.23826432189707017 - 0.9712003464326654im
└ @ HomotopyContinuation ~/.julia/packages/HomotopyContinuation/98yZ2/src/utils.jl:170
┌ Warning: Ingored unsupported keyword arguments: gamma = -0.659995838322616 + 0.7512692549258404im
└ @ HomotopyContinuation ~/.julia/packages/HomotopyContinuation/98yZ2/src/utils.jl:170
┌ Warning: Ingored unsupported keyword arguments: gamma = 0.7818132539575969 + 0.6235126590023926im
└ @ HomotopyContinuation ~/.julia/packages/HomotopyContinuation/98yZ2/src/utils.jl:170
┌ Warning: Ingored unsupported keyword arguments: gamma = 0.11385272028436652 + 0.9934976386906261im
└ @ HomotopyContinuation ~/.julia/packages/HomotopyContinuation/98yZ2/src/utils.jl:170
┌ Warning: Ingored unsupported keyword arguments: gamma = -0.23338351704568175 + 0.9723847664229361im
└ @ HomotopyContinuation ~/.julia/packages/HomotopyContinuation/98yZ2/src/utils.jl:170
┌ Warning: Ingored unsupported keyword arguments: gamma = 0.895182949729674 - 0.4456988742562404im
└ @ HomotopyContinuation ~/.julia/packages/HomotopyContinuation/98yZ2/src/utils.jl:170
┌ Warning: Ingored unsupported keyword arguments: gamma = -0.629465064946246 - 0.7770287845454751im
└ @ HomotopyContinuation ~/.julia/packages/HomotopyContinuation/98yZ2/src/utils.jl:170
┌ Warning: Ingored unsupported keyword arguments: gamma = 0.39871924864150543 - 0.9170730400370264im
└ @ HomotopyContinuation ~/.julia/packages/HomotopyContinuation/98yZ2/src/utils.jl:170
┌ Warning: Ingored unsupported keyword arguments: gamma = 0.9597665864810584 - 0.2807990375241645im
└ @ HomotopyContinuation ~/.julia/packages/HomotopyContinuation/98yZ2/src/utils.jl:170
┌ Warning: Ingored unsupported keyword arguments: gamma = 0.5427350062468299 - 0.8399039903430948im
└ @ HomotopyContinuation ~/.julia/packages/HomotopyContinuation/98yZ2/src/utils.jl:170
┌ Warning: Ingored unsupported keyword arguments: gamma = 0.9462509086088817 + 0.32343348304847147im
└ @ HomotopyContinuation ~/.julia/packages/HomotopyContinuation/98yZ2/src/utils.jl:170
┌ Warning: Ingored unsupported keyword arguments: gamma = -0.020099138358473427 - 0.9997979919149903im
└ @ HomotopyContinuation ~/.julia/packages/HomotopyContinuation/98yZ2/src/utils.jl:170
┌ Warning: Ingored unsupported keyword arguments: gamma = 0.9817822409450041 + 0.19000955598339256im
└ @ HomotopyContinuation ~/.julia/packages/HomotopyContinuation/98yZ2/src/utils.jl:170
┌ Warning: Ingored unsupported keyword arguments: gamma = -0.9323233245761566 - 0.36162579892931096im
└ @ HomotopyContinuation ~/.julia/packages/HomotopyContinuation/98yZ2/src/utils.jl:170
┌ Warning: Ingored unsupported keyword arguments: gamma = 0.9119517630929459 + 0.410297430886019im
└ @ HomotopyContinuation ~/.julia/packages/HomotopyContinuation/98yZ2/src/utils.jl:170
┌ Warning: Ingored unsupported keyword arguments: gamma = 0.8347134696163764 - 0.5506845046312732im
└ @ HomotopyContinuation ~/.julia/packages/HomotopyContinuation/98yZ2/src/utils.jl:170
┌ Warning: Ingored unsupported keyword arguments: gamma = -0.9934939646581944 - 0.1138847759261194im
└ @ HomotopyContinuation ~/.julia/packages/HomotopyContinuation/98yZ2/src/utils.jl:170
┌ Warning: Ingored unsupported keyword arguments: gamma = -0.09368794000437056 - 0.9956016120405478im
└ @ HomotopyContinuation ~/.julia/packages/HomotopyContinuation/98yZ2/src/utils.jl:170
┌ Warning: Ingored unsupported keyword arguments: gamma = 0.9963869570251741 + 0.08492957005727646im
└ @ HomotopyContinuation ~/.julia/packages/HomotopyContinuation/98yZ2/src/utils.jl:170
┌ Warning: Ingored unsupported keyword arguments: gamma = 0.9235087648347846 - 0.38357732111444043im
└ @ HomotopyContinuation ~/.julia/packages/HomotopyContinuation/98yZ2/src/utils.jl:170
┌ Warning: Ingored unsupported keyword arguments: gamma = 0.2674234722337205 + 0.9635791023566568im
└ @ HomotopyContinuation ~/.julia/packages/HomotopyContinuation/98yZ2/src/utils.jl:170
┌ Warning: Ingored unsupported keyword arguments: gamma = -0.8218965946637228 + 0.5696367155303248im
└ @ HomotopyContinuation ~/.julia/packages/HomotopyContinuation/98yZ2/src/utils.jl:170
┌ Warning: Ingored unsupported keyword arguments: gamma = 0.18626312111772286 - 0.982499898071997im
└ @ HomotopyContinuation ~/.julia/packages/HomotopyContinuation/98yZ2/src/utils.jl:170
┌ Warning: Ingored unsupported keyword arguments: gamma = -0.7764503988464436 + 0.6301783700915151im
└ @ HomotopyContinuation ~/.julia/packages/HomotopyContinuation/98yZ2/src/utils.jl:170
┌ Warning: Ingored unsupported keyword arguments: gamma = -0.3228366790638842 - 0.9464546891695358im
└ @ HomotopyContinuation ~/.julia/packages/HomotopyContinuation/98yZ2/src/utils.jl:170
┌ Warning: Ingored unsupported keyword arguments: gamma = -0.992633627096207 + 0.12115478677224614im
└ @ HomotopyContinuation ~/.julia/packages/HomotopyContinuation/98yZ2/src/utils.jl:170
┌ Warning: Ingored unsupported keyword arguments: gamma = -0.973061287241273 + 0.2305465924110716im
└ @ HomotopyContinuation ~/.julia/packages/HomotopyContinuation/98yZ2/src/utils.jl:170
ATTEMPT 7 W0 TRACKED 21 nsol=64 0.06s 2026-07-22T18:25:26.794
ATTEMPT 7 W0 TRACK 22 2026-07-22T18:25:26.794
ATTEMPT 7 W0 TRACKED 22 nsol=64 0.05s 2026-07-22T18:25:26.842
ATTEMPT 7 W0 TRACK 23 2026-07-22T18:25:26.842
ATTEMPT 7 W0 TRACKED 23 nsol=64 0.05s 2026-07-22T18:25:26.889
ATTEMPT 7 W0 TRACK 24 2026-07-22T18:25:26.889
ATTEMPT 7 W0 TRACKED 24 nsol=64 0.04s 2026-07-22T18:25:26.931
ATTEMPT 7 W0 TRACK 25 2026-07-22T18:25:26.931
ATTEMPT 7 W0 TRACKED 25 nsol=64 0.04s 2026-07-22T18:25:26.975
ATTEMPT 7 W0 DONE ptrack seed=918919 nsol=64 1.77s 2026-07-22T18:25:26.975
ATTEMPT 8 W0 START ptrack6x2 seed=918920 2026-07-22T18:25:26.975
ATTEMPT 8 W0 SOLVE ptrack fresh 2026-07-22T18:25:27.171
ATTEMPT 8 W0 FRESH-DONE nsol=64 0.17s 2026-07-22T18:25:27.344
ATTEMPT 8 W0 TRACK 1 2026-07-22T18:25:27.344
ATTEMPT 8 W0 TRACKED 1 nsol=64 0.07s 2026-07-22T18:25:27.418
ATTEMPT 8 W0 TRACK 2 2026-07-22T18:25:27.421
ATTEMPT 8 W0 TRACKED 2 nsol=64 0.05s 2026-07-22T18:25:27.470
ATTEMPT 8 W0 TRACK 3 2026-07-22T18:25:27.470
ATTEMPT 8 W0 TRACKED 3 nsol=64 0.06s 2026-07-22T18:25:27.527
ATTEMPT 8 W0 TRACK 4 2026-07-22T18:25:27.527
ATTEMPT 8 W0 TRACKED 4 nsol=64 0.07s 2026-07-22T18:25:27.599
ATTEMPT 8 W0 TRACK 5 2026-07-22T18:25:27.599
ATTEMPT 8 W0 TRACKED 5 nsol=64 0.05s 2026-07-22T18:25:27.650
ATTEMPT 8 W0 TRACK 6 2026-07-22T18:25:27.650
ATTEMPT 8 W0 TRACKED 6 nsol=64 0.04s 2026-07-22T18:25:27.691
ATTEMPT 8 W0 TRACK 7 2026-07-22T18:25:27.691
ATTEMPT 8 W0 TRACKED 7 nsol=64 0.04s 2026-07-22T18:25:27.733
ATTEMPT 8 W0 TRACK 8 2026-07-22T18:25:27.737
ATTEMPT 8 W0 TRACKED 8 nsol=64 0.05s 2026-07-22T18:25:27.784
ATTEMPT 8 W0 TRACK 9 2026-07-22T18:25:27.789
ATTEMPT 8 W0 TRACKED 9 nsol=64 0.05s 2026-07-22T18:25:27.836
ATTEMPT 8 W0 TRACK 10 2026-07-22T18:25:27.841
ATTEMPT 8 W0 TRACKED 10 nsol=64 0.06s 2026-07-22T18:25:27.904
ATTEMPT 8 W0 TRACK 11 2026-07-22T18:25:27.909
ATTEMPT 8 W0 TRACKED 11 nsol=64 0.05s 2026-07-22T18:25:27.957
ATTEMPT 8 W0 TRACK 12 2026-07-22T18:25:27.965
ATTEMPT 8 W0 TRACKED 12 nsol=64 0.07s 2026-07-22T18:25:28.034
ATTEMPT 8 W0 TRACK 13 2026-07-22T18:25:28.034
ATTEMPT 8 W0 TRACKED 13 nsol=64 0.09s 2026-07-22T18:25:28.119
ATTEMPT 8 W0 TRACK 14 2026-07-22T18:25:28.119
ATTEMPT 8 W0 TRACKED 14 nsol=64 0.07s 2026-07-22T18:25:28.188
ATTEMPT 8 W0 TRACK 15 2026-07-22T18:25:28.193
ATTEMPT 8 W0 TRACKED 15 nsol=64 0.05s 2026-07-22T18:25:28.247
ATTEMPT 8 W0 TRACK 16 2026-07-22T18:25:28.247
ATTEMPT 8 W0 TRACKED 16 nsol=64 0.06s 2026-07-22T18:25:28.307
ATTEMPT 8 W0 TRACK 17 2026-07-22T18:25:28.308
ATTEMPT 8 W0 TRACKED 17 nsol=64 0.05s 2026-07-22T18:25:28.356
ATTEMPT 8 W0 TRACK 18 2026-07-22T18:25:28.356
ATTEMPT 8 W0 TRACKED 18 nsol=64 0.07s 2026-07-22T18:25:28.431
ATTEMPT 8 W0 TRACK 19 2026-07-22T18:25:28.431
ATTEMPT 8 W0 TRACKED 19 nsol=64 0.05s 2026-07-22T18:25:28.479
ATTEMPT 8 W0 TRACK 20 2026-07-22T18:25:28.479
ATTEMPT 8 W0 TRACKED 20 nsol=64 0.05s 2026-07-22T18:25:28.533
ATTEMPT 8 W0 TRACK 21 2026-07-22T18:25:28.533
ATTEMPT 8 W0 TRACKED 21 nsol=64 0.06s 2026-07-22T18:25:28.589
ATTEMPT 8 W0 TRACK 22 2026-07-22T18:25:28.590
ATTEMPT 8 W0 TRACKED 22 nsol=64 0.05s 2026-07-22T18:25:28.641
ATTEMPT 8 W0 TRACK 23 2026-07-22T18:25:28.649
ATTEMPT 8 W0 TRACKED 23 nsol=64 0.07s 2026-07-22T18:25:28.722
ATTEMPT 8 W0 TRACK 24 2026-07-22T18:25:28.722
ATTEMPT 8 W0 TRACKED 24 nsol=64 0.07s 2026-07-22T18:25:28.790
ATTEMPT 8 W0 TRACK 25 2026-07-22T18:25:28.790
ATTEMPT 8 W0 TRACKED 25 nsol=64 0.07s 2026-07-22T18:25:28.862
ATTEMPT 8 W0 DONE ptrack seed=918920 nsol=64 1.69s 2026-07-22T18:25:28.862
ATTEMPT 9 W0 START ptrack6x2 seed=918921 2026-07-22T18:25:28.862
ATTEMPT 9 W0 SOLVE ptrack fresh 2026-07-22T18:25:29.016
ATTEMPT 9 W0 FRESH-DONE nsol=64 0.13s 2026-07-22T18:25:29.144
ATTEMPT 9 W0 TRACK 1 2026-07-22T18:25:29.149
ATTEMPT 9 W0 TRACKED 1 nsol=64 0.06s 2026-07-22T18:25:29.205
ATTEMPT 9 W0 TRACK 2 2026-07-22T18:25:29.206
ATTEMPT 9 W0 TRACKED 2 nsol=64 0.04s 2026-07-22T18:25:29.247
ATTEMPT 9 W0 TRACK 3 2026-07-22T18:25:29.247
ATTEMPT 9 W0 TRACKED 3 nsol=64 0.05s 2026-07-22T18:25:29.296
ATTEMPT 9 W0 TRACK 4 2026-07-22T18:25:29.297
ATTEMPT 9 W0 TRACKED 4 nsol=64 0.07s 2026-07-22T18:25:29.368
ATTEMPT 9 W0 TRACK 5 2026-07-22T18:25:29.373
ATTEMPT 9 W0 TRACKED 5 nsol=64 0.06s 2026-07-22T18:25:29.437
ATTEMPT 9 W0 TRACK 6 2026-07-22T18:25:29.441
ATTEMPT 9 W0 TRACKED 6 nsol=64 0.06s 2026-07-22T18:25:29.498
ATTEMPT 9 W0 TRACK 7 2026-07-22T18:25:29.498
ATTEMPT 9 W0 TRACKED 7 nsol=64 0.05s 2026-07-22T18:25:29.546
ATTEMPT 9 W0 TRACK 8 2026-07-22T18:25:29.546
ATTEMPT 9 W0 TRACKED 8 nsol=64 0.06s 2026-07-22T18:25:29.605
ATTEMPT 9 W0 TRACK 9 2026-07-22T18:25:29.613
ATTEMPT 9 W0 TRACKED 9 nsol=64 0.05s 2026-07-22T18:25:29.665
ATTEMPT 9 W0 TRACK 10 2026-07-22T18:25:29.673
ATTEMPT 9 W0 TRACKED 10 nsol=64 0.04s 2026-07-22T18:25:29.708
ATTEMPT 9 W0 TRACK 11 2026-07-22T18:25:29.713
ATTEMPT 9 W0 TRACKED 11 nsol=64 0.04s 2026-07-22T18:25:29.754
ATTEMPT 9 W0 TRACK 12 2026-07-22T18:25:29.757
ATTEMPT 9 W0 TRACKED 12 nsol=64 0.04s 2026-07-22T18:25:29.800
ATTEMPT 9 W0 TRACK 13 2026-07-22T18:25:29.805
ATTEMPT 9 W0 TRACKED 13 nsol=64 0.04s 2026-07-22T18:25:29.847
ATTEMPT 9 W0 TRACK 14 2026-07-22T18:25:29.847
ATTEMPT 9 W0 TRACKED 14 nsol=64 0.04s 2026-07-22T18:25:29.888
ATTEMPT 9 W0 TRACK 15 2026-07-22T18:25:29.888
ATTEMPT 9 W0 TRACKED 15 nsol=64 0.05s 2026-07-22T18:25:29.942
ATTEMPT 9 W0 TRACK 16 2026-07-22T18:25:29.942
ATTEMPT 9 W0 TRACKED 16 nsol=64 0.06s 2026-07-22T18:25:29.998
ATTEMPT 9 W0 TRACK 17 2026-07-22T18:25:29.999
ATTEMPT 9 W0 TRACKED 17 nsol=64 0.05s 2026-07-22T18:25:30.045
ATTEMPT 9 W0 TRACK 18 2026-07-22T18:25:30.046
ATTEMPT 9 W0 TRACKED 18 nsol=64 0.05s 2026-07-22T18:25:30.092
ATTEMPT 9 W0 TRACK 19 2026-07-22T18:25:30.097
ATTEMPT 9 W0 TRACKED 19 nsol=64 0.05s 2026-07-22T18:25:30.148
ATTEMPT 9 W0 TRACK 20 2026-07-22T18:25:30.153
ATTEMPT 9 W0 TRACKED 20 nsol=64 0.05s 2026-07-22T18:25:30.203
ATTEMPT 9 W0 TRACK 21 2026-07-22T18:25:30.203
ATTEMPT 9 W0 TRACKED 21 nsol=64 0.05s 2026-07-22T18:25:30.255
ATTEMPT 9 W0 TRACK 22 2026-07-22T18:25:30.261
ATTEMPT 9 W0 TRACKED 22 nsol=64 0.05s 2026-07-22T18:25:30.307
ATTEMPT 9 W0 TRACK 23 2026-07-22T18:25:30.309
ATTEMPT 9 W0 TRACKED 23 nsol=64 0.04s 2026-07-22T18:25:30.352
ATTEMPT 9 W0 TRACK 24 2026-07-22T18:25:30.357
ATTEMPT 9 W0 TRACKED 24 nsol=64 0.04s 2026-07-22T18:25:30.396
ATTEMPT 9 W0 TRACK 25 2026-07-22T18:25:30.400
ATTEMPT 9 W0 TRACKED 25 nsol=64 0.05s 2026-07-22T18:25:30.447
ATTEMPT 9 W0 DONE ptrack seed=918921 nsol=64 1.43s 2026-07-22T18:25:30.447
ATTEMPT 10 W0 START ptrack6x2 seed=918922 2026-07-22T18:25:30.447
ATTEMPT 10 W0 SOLVE ptrack fresh 2026-07-22T18:25:30.815
ATTEMPT 10 W0 FRESH-DONE nsol=64 0.31s 2026-07-22T18:25:31.132
ATTEMPT 10 W0 TRACK 1 2026-07-22T18:25:31.141
ATTEMPT 10 W0 TRACKED 1 nsol=64 0.10s 2026-07-22T18:25:31.238
ATTEMPT 10 W0 TRACK 2 2026-07-22T18:25:31.238
ATTEMPT 10 W0 TRACKED 2 nsol=64 0.09s 2026-07-22T18:25:31.328
ATTEMPT 10 W0 TRACK 3 2026-07-22T18:25:31.337
ATTEMPT 10 W0 TRACKED 3 nsol=64 0.07s 2026-07-22T18:25:31.406
ATTEMPT 10 W0 TRACK 4 2026-07-22T18:25:31.406
ATTEMPT 10 W0 TRACKED 4 nsol=64 0.08s 2026-07-22T18:25:31.486
ATTEMPT 10 W0 TRACK 5 2026-07-22T18:25:31.486
ATTEMPT 10 W0 TRACKED 5 nsol=64 0.10s 2026-07-22T18:25:31.582
ATTEMPT 10 W0 TRACK 6 2026-07-22T18:25:31.582
ATTEMPT 10 W0 TRACKED 6 nsol=64 0.12s 2026-07-22T18:25:31.703
ATTEMPT 10 W0 TRACK 7 2026-07-22T18:25:31.709
ATTEMPT 10 W0 TRACKED 7 nsol=64 0.10s 2026-07-22T18:25:31.806
ATTEMPT 10 W0 TRACK 8 2026-07-22T18:25:31.809
ATTEMPT 10 W0 TRACKED 8 nsol=64 0.08s 2026-07-22T18:25:31.890
ATTEMPT 10 W0 TRACK 9 2026-07-22T18:25:31.890
ATTEMPT 10 W0 TRACKED 9 nsol=64 0.09s 2026-07-22T18:25:31.980
ATTEMPT 10 W0 TRACK 10 2026-07-22T18:25:31.985
ATTEMPT 10 W0 TRACKED 10 nsol=64 0.07s 2026-07-22T18:25:32.057
ATTEMPT 10 W0 TRACK 11 2026-07-22T18:25:32.069
ATTEMPT 10 W0 TRACKED 11 nsol=64 0.08s 2026-07-22T18:25:32.152
ATTEMPT 10 W0 TRACK 12 2026-07-22T18:25:32.157
ATTEMPT 10 W0 TRACKED 12 nsol=64 0.08s 2026-07-22T18:25:32.234
ATTEMPT 10 W0 TRACK 13 2026-07-22T18:25:32.234
ATTEMPT 10 W0 TRACKED 13 nsol=64 0.08s 2026-07-22T18:25:32.309
ATTEMPT 10 W0 TRACK 14 2026-07-22T18:25:32.309
ATTEMPT 10 W0 TRACKED 14 nsol=64 0.08s 2026-07-22T18:25:32.393
ATTEMPT 10 W0 TRACK 15 2026-07-22T18:25:32.393
ATTEMPT 10 W0 TRACKED 15 nsol=64 0.08s 2026-07-22T18:25:32.476
ATTEMPT 10 W0 TRACK 16 2026-07-22T18:25:32.489
ATTEMPT 10 W0 TRACKED 16 nsol=64 0.11s 2026-07-22T18:25:32.598
ATTEMPT 10 W0 TRACK 17 2026-07-22T18:25:32.598
ATTEMPT 10 W0 TRACKED 17 nsol=64 0.10s 2026-07-22T18:25:32.696
ATTEMPT 10 W0 TRACK 18 2026-07-22T18:25:32.701
ATTEMPT 10 W0 TRACKED 18 nsol=64 0.09s 2026-07-22T18:25:32.793
ATTEMPT 10 W0 TRACK 19 2026-07-22T18:25:32.805
ATTEMPT 10 W0 TRACKED 19 nsol=64 0.12s 2026-07-22T18:25:32.928
ATTEMPT 10 W0 TRACK 20 2026-07-22T18:25:32.934
ATTEMPT 10 W0 TRACKED 20 nsol=64 0.11s 2026-07-22T18:25:33.039
ATTEMPT 10 W0 TRACK 21 2026-07-22T18:25:33.039
ATTEMPT 10 W0 TRACKED 21 nsol=64 0.13s 2026-07-22T18:25:33.169
ATTEMPT 10 W0 TRACK 22 2026-07-22T18:25:33.169
ATTEMPT 10 W0 TRACKED 22 nsol=64 0.10s 2026-07-22T18:25:33.272
ATTEMPT 10 W0 TRACK 23 2026-07-22T18:25:33.272
ATTEMPT 10 W0 TRACKED 23 nsol=64 0.12s 2026-07-22T18:25:33.390
ATTEMPT 10 W0 TRACK 24 2026-07-22T18:25:33.390
ATTEMPT 10 W0 TRACKED 24 nsol=64 0.12s 2026-07-22T18:25:33.512
ATTEMPT 10 W0 TRACK 25 2026-07-22T18:25:33.525
ATTEMPT 10 W0 TRACKED 25 nsol=64 0.10s 2026-07-22T18:25:33.628
ATTEMPT 10 W0 DONE ptrack seed=918922 nsol=64 2.82s 2026-07-22T18:25:33.637
ATTEMPT 11 W0 START ptrack6x2 seed=918923 2026-07-22T18:25:33.637
ATTEMPT 11 W0 SOLVE ptrack fresh 2026-07-22T18:25:33.926
ATTEMPT 11 W0 FRESH-DONE nsol=64 0.26s 2026-07-22T18:25:34.182
ATTEMPT 11 W0 TRACK 1 2026-07-22T18:25:34.183
ATTEMPT 11 W0 TRACKED 1 nsol=64 0.10s 2026-07-22T18:25:34.279
ATTEMPT 11 W0 TRACK 2 2026-07-22T18:25:34.279
ATTEMPT 11 W0 TRACKED 2 nsol=64 0.11s 2026-07-22T18:25:34.386
ATTEMPT 11 W0 TRACK 3 2026-07-22T18:25:34.386
ATTEMPT 11 W0 TRACKED 3 nsol=64 0.08s 2026-07-22T18:25:34.463
ATTEMPT 11 W0 TRACK 4 2026-07-22T18:25:34.463
ATTEMPT 11 W0 TRACKED 4 nsol=64 0.09s 2026-07-22T18:25:34.551
ATTEMPT 11 W0 TRACK 5 2026-07-22T18:25:34.551
ATTEMPT 11 W0 TRACKED 5 nsol=64 0.12s 2026-07-22T18:25:34.667
ATTEMPT 11 W0 TRACK 6 2026-07-22T18:25:34.667
ATTEMPT 11 W0 TRACKED 6 nsol=64 0.08s 2026-07-22T18:25:34.744
ATTEMPT 11 W0 TRACK 7 2026-07-22T18:25:34.753
ATTEMPT 11 W0 TRACKED 7 nsol=64 0.10s 2026-07-22T18:25:34.850
ATTEMPT 11 W0 TRACK 8 2026-07-22T18:25:34.850
ATTEMPT 11 W0 TRACKED 8 nsol=64 0.10s 2026-07-22T18:25:34.952
ATTEMPT 11 W0 TRACK 9 2026-07-22T18:25:34.961
ATTEMPT 11 W0 TRACKED 9 nsol=64 0.10s 2026-07-22T18:25:35.060
ATTEMPT 11 W0 TRACK 10 2026-07-22T18:25:35.065
ATTEMPT 11 W0 TRACKED 10 nsol=64 0.10s 2026-07-22T18:25:35.162
ATTEMPT 11 W0 TRACK 11 2026-07-22T18:25:35.162
ATTEMPT 11 W0 TRACKED 11 nsol=64 0.09s 2026-07-22T18:25:35.247
ATTEMPT 11 W0 TRACK 12 2026-07-22T18:25:35.248
ATTEMPT 11 W0 TRACKED 12 nsol=64 0.09s 2026-07-22T18:25:35.336
ATTEMPT 11 W0 TRACK 13 2026-07-22T18:25:35.349
ATTEMPT 11 W0 TRACKED 13 nsol=64 0.10s 2026-07-22T18:25:35.445
ATTEMPT 11 W0 TRACK 14 2026-07-22T18:25:35.457
ATTEMPT 11 W0 TRACKED 14 nsol=64 0.08s 2026-07-22T18:25:35.541
ATTEMPT 11 W0 TRACK 15 2026-07-22T18:25:35.541
ATTEMPT 11 W0 TRACKED 15 nsol=64 0.08s 2026-07-22T18:25:35.623
ATTEMPT 11 W0 TRACK 16 2026-07-22T18:25:35.629
ATTEMPT 11 W0 TRACKED 16 nsol=64 0.09s 2026-07-22T18:25:35.714
ATTEMPT 11 W0 TRACK 17 2026-07-22T18:25:35.714
ATTEMPT 11 W0 TRACKED 17 nsol=64 0.10s 2026-07-22T18:25:35.814
ATTEMPT 11 W0 TRACK 18 2026-07-22T18:25:35.814
ATTEMPT 11 W0 TRACKED 18 nsol=64 0.08s 2026-07-22T18:25:35.896
ATTEMPT 11 W0 TRACK 19 2026-07-22T18:25:35.905
ATTEMPT 11 W0 TRACKED 19 nsol=64 0.10s 2026-07-22T18:25:36.005
ATTEMPT 11 W0 TRACK 20 2026-07-22T18:25:36.005
ATTEMPT 11 W0 TRACKED 20 nsol=64 0.08s 2026-07-22T18:25:36.082
ATTEMPT 11 W0 TRACK 21 2026-07-22T18:25:36.082
ATTEMPT 11 W0 TRACKED 21 nsol=64 0.08s 2026-07-22T18:25:36.165
ATTEMPT 11 W0 TRACK 22 2026-07-22T18:25:36.189
ATTEMPT 11 W0 TRACKED 22 nsol=64 0.12s 2026-07-22T18:25:36.314
ATTEMPT 11 W0 TRACK 23 2026-07-22T18:25:36.314
ATTEMPT 11 W0 TRACKED 23 nsol=64 0.06s 2026-07-22T18:25:36.375
ATTEMPT 11 W0 TRACK 24 2026-07-22T18:25:36.375
ATTEMPT 11 W0 TRACKED 24 nsol=64 0.09s 2026-07-22T18:25:36.470
ATTEMPT 11 W0 TRACK 25 2026-07-22T18:25:36.473
ATTEMPT 11 W0 TRACKED 25 nsol=64 0.09s 2026-07-22T18:25:36.567
ATTEMPT 11 W0 DONE ptrack seed=918923 nsol=64 2.65s 2026-07-22T18:25:36.573
ATTEMPT 12 W0 START ptrack6x2 seed=918924 2026-07-22T18:25:36.573
ATTEMPT 12 W0 SOLVE ptrack fresh 2026-07-22T18:25:36.832
ATTEMPT 12 W0 FRESH-DONE nsol=64 0.23s 2026-07-22T18:25:37.066
ATTEMPT 12 W0 TRACK 1 2026-07-22T18:25:37.066
ATTEMPT 12 W0 TRACKED 1 nsol=64 0.11s 2026-07-22T18:25:37.174
ATTEMPT 12 W0 TRACK 2 2026-07-22T18:25:37.174
ATTEMPT 12 W0 TRACKED 2 nsol=64 0.08s 2026-07-22T18:25:37.251
ATTEMPT 12 W0 TRACK 3 2026-07-22T18:25:37.255
ATTEMPT 12 W0 TRACKED 3 nsol=64 0.06s 2026-07-22T18:25:37.316
ATTEMPT 12 W0 TRACK 4 2026-07-22T18:25:37.329
ATTEMPT 12 W0 TRACKED 4 nsol=64 0.08s 2026-07-22T18:25:37.412
ATTEMPT 12 W0 TRACK 5 2026-07-22T18:25:37.417
ATTEMPT 12 W0 TRACKED 5 nsol=64 0.05s 2026-07-22T18:25:37.466
ATTEMPT 12 W0 TRACK 6 2026-07-22T18:25:37.466
ATTEMPT 12 W0 TRACKED 6 nsol=64 0.05s 2026-07-22T18:25:37.519
ATTEMPT 12 W0 TRACK 7 2026-07-22T18:25:37.529
ATTEMPT 12 W0 TRACKED 7 nsol=64 0.07s 2026-07-22T18:25:37.604
ATTEMPT 12 W0 TRACK 8 2026-07-22T18:25:37.609
ATTEMPT 12 W0 TRACKED 8 nsol=64 0.07s 2026-07-22T18:25:37.682
ATTEMPT 12 W0 TRACK 9 2026-07-22T18:25:37.685
ATTEMPT 12 W0 TRACKED 9 nsol=64 0.08s 2026-07-22T18:25:37.764
ATTEMPT 12 W0 TRACK 10 2026-07-22T18:25:37.777
ATTEMPT 12 W0 TRACKED 10 nsol=64 0.11s 2026-07-22T18:25:37.886
ATTEMPT 12 W0 TRACK 11 2026-07-22T18:25:37.886
ATTEMPT 12 W0 TRACKED 11 nsol=64 0.11s 2026-07-22T18:25:37.992
ATTEMPT 12 W0 TRACK 12 2026-07-22T18:25:38.009
ATTEMPT 12 W0 TRACKED 12 nsol=64 0.11s 2026-07-22T18:25:38.119
ATTEMPT 12 W0 TRACK 13 2026-07-22T18:25:38.125
ATTEMPT 12 W0 TRACKED 13 nsol=64 0.12s 2026-07-22T18:25:38.240
ATTEMPT 12 W0 TRACK 14 2026-07-22T18:25:38.257
ATTEMPT 12 W0 TRACKED 14 nsol=64 0.13s 2026-07-22T18:25:38.386
ATTEMPT 12 W0 TRACK 15 2026-07-22T18:25:38.386
ATTEMPT 12 W0 TRACKED 15 nsol=64 0.12s 2026-07-22T18:25:38.510
ATTEMPT 12 W0 TRACK 16 2026-07-22T18:25:38.510
ATTEMPT 12 W0 TRACKED 16 nsol=64 0.09s 2026-07-22T18:25:38.601
ATTEMPT 12 W0 TRACK 17 2026-07-22T18:25:38.613
ATTEMPT 12 W0 TRACKED 17 nsol=64 0.11s 2026-07-22T18:25:38.719
ATTEMPT 12 W0 TRACK 18 2026-07-22T18:25:38.725
ATTEMPT 12 W0 TRACKED 18 nsol=64 0.11s 2026-07-22T18:25:38.834
ATTEMPT 12 W0 TRACK 19 2026-07-22T18:25:38.834
ATTEMPT 12 W0 TRACKED 19 nsol=64 0.13s 2026-07-22T18:25:38.963
ATTEMPT 12 W0 TRACK 20 2026-07-22T18:25:38.963
ATTEMPT 12 W0 TRACKED 20 nsol=64 0.11s 2026-07-22T18:25:39.071
ATTEMPT 12 W0 TRACK 21 2026-07-22T18:25:39.077
ATTEMPT 12 W0 TRACKED 21 nsol=64 0.10s 2026-07-22T18:25:39.177
ATTEMPT 12 W0 TRACK 22 2026-07-22T18:25:39.193
ATTEMPT 12 W0 TRACKED 22 nsol=64 0.13s 2026-07-22T18:25:39.327
ATTEMPT 12 W0 TRACK 23 2026-07-22T18:25:39.333
ATTEMPT 12 W0 TRACKED 23 nsol=64 0.11s 2026-07-22T18:25:39.443
ATTEMPT 12 W0 TRACK 24 2026-07-22T18:25:39.449
ATTEMPT 12 W0 TRACKED 24 nsol=64 0.11s 2026-07-22T18:25:39.564
ATTEMPT 12 W0 TRACK 25 2026-07-22T18:25:39.569
ATTEMPT 12 W0 TRACKED 25 nsol=64 0.10s 2026-07-22T18:25:39.668
ATTEMPT 12 W0 DONE ptrack seed=918924 nsol=64 2.85s 2026-07-22T18:25:39.677
HUNT2 complete 2026-07-22T18:25:39.695
┌ Warning: Ingored unsupported keyword arguments: gamma = 0.8826282614655726 + 0.470071645669318im
└ @ HomotopyContinuation ~/.julia/packages/HomotopyContinuation/98yZ2/src/utils.jl:170
┌ Warning: Ingored unsupported keyword arguments: gamma = 0.8705971311497743 + 0.49199658051025386im
└ @ HomotopyContinuation ~/.julia/packages/HomotopyContinuation/98yZ2/src/utils.jl:170
┌ Warning: Ingored unsupported keyword arguments: gamma = 0.13556907950104652 - 0.9907678964738608im
└ @ HomotopyContinuation ~/.julia/packages/HomotopyContinuation/98yZ2/src/utils.jl:170
┌ Warning: Ingored unsupported keyword arguments: gamma = 0.6685770824646544 + 0.743642847611036im
└ @ HomotopyContinuation ~/.julia/packages/HomotopyContinuation/98yZ2/src/utils.jl:170
┌ Warning: Ingored unsupported keyword arguments: gamma = 0.5729888382789716 - 0.8195631709683607im
└ @ HomotopyContinuation ~/.julia/packages/HomotopyContinuation/98yZ2/src/utils.jl:170
┌ Warning: Ingored unsupported keyword arguments: gamma = 0.06758297930246497 + 0.9977136567716223im
└ @ HomotopyContinuation ~/.julia/packages/HomotopyContinuation/98yZ2/src/utils.jl:170
┌ Warning: Ingored unsupported keyword arguments: gamma = 0.41942239238408924 - 0.907791196678403im
└ @ HomotopyContinuation ~/.julia/packages/HomotopyContinuation/98yZ2/src/utils.jl:170
┌ Warning: Ingored unsupported keyword arguments: gamma = 0.7743231905138859 + 0.6327903259630289im
└ @ HomotopyContinuation ~/.julia/packages/HomotopyContinuation/98yZ2/src/utils.jl:170
┌ Warning: Ingored unsupported keyword arguments: gamma = -0.43938485338563715 - 0.8982989205243888im
└ @ HomotopyContinuation ~/.julia/packages/HomotopyContinuation/98yZ2/src/utils.jl:170
┌ Warning: Ingored unsupported keyword arguments: gamma = -0.7698869300798731 + 0.6381803153437033im
└ @ HomotopyContinuation ~/.julia/packages/HomotopyContinuation/98yZ2/src/utils.jl:170
┌ Warning: Ingored unsupported keyword arguments: gamma = -0.20770932837807188 - 0.9781905923207043im
└ @ HomotopyContinuation ~/.julia/packages/HomotopyContinuation/98yZ2/src/utils.jl:170
┌ Warning: Ingored unsupported keyword arguments: gamma = -0.7039956127951893 - 0.7102043207170216im
└ @ HomotopyContinuation ~/.julia/packages/HomotopyContinuation/98yZ2/src/utils.jl:170
┌ Warning: Ingored unsupported keyword arguments: gamma = -0.9999820646417914 - 0.00598918982334966im
└ @ HomotopyContinuation ~/.julia/packages/HomotopyContinuation/98yZ2/src/utils.jl:170
┌ Warning: Ingored unsupported keyword arguments: gamma = 0.9613631618326347 + 0.2752832560675629im
└ @ HomotopyContinuation ~/.julia/packages/HomotopyContinuation/98yZ2/src/utils.jl:170
┌ Warning: Ingored unsupported keyword arguments: gamma = 0.07439204792100824 + 0.997229072583686im
└ @ HomotopyContinuation ~/.julia/packages/HomotopyContinuation/98yZ2/src/utils.jl:170
┌ Warning: Ingored unsupported keyword arguments: gamma = 0.24293434741206382 - 0.9700427324852625im
└ @ HomotopyContinuation ~/.julia/packages/HomotopyContinuation/98yZ2/src/utils.jl:170
┌ Warning: Ingored unsupported keyword arguments: gamma = 0.4876496815889405 - 0.8730393966174751im
└ @ HomotopyContinuation ~/.julia/packages/HomotopyContinuation/98yZ2/src/utils.jl:170
┌ Warning: Ingored unsupported keyword arguments: gamma = -0.11922422726300717 + 0.9928673545008612im
└ @ HomotopyContinuation ~/.julia/packages/HomotopyContinuation/98yZ2/src/utils.jl:170
┌ Warning: Ingored unsupported keyword arguments: gamma = -0.8639939974068862 + 0.5035021076866208im
└ @ HomotopyContinuation ~/.julia/packages/HomotopyContinuation/98yZ2/src/utils.jl:170
┌ Warning: Ingored unsupported keyword arguments: gamma = 0.9658937909218873 - 0.25893857313761753im
└ @ HomotopyContinuation ~/.julia/packages/HomotopyContinuation/98yZ2/src/utils.jl:170
┌ Warning: Ingored unsupported keyword arguments: gamma = -0.9983728015394336 - 0.05702411021929841im
└ @ HomotopyContinuation ~/.julia/packages/HomotopyContinuation/98yZ2/src/utils.jl:170
┌ Warning: Ingored unsupported keyword arguments: gamma = -0.8966123459002386 + 0.44281632894380807im
└ @ HomotopyContinuation ~/.julia/packages/HomotopyContinuation/98yZ2/src/utils.jl:170
┌ Warning: Ingored unsupported keyword arguments: gamma = 0.5158262881013188 + 0.8566932009206185im
└ @ HomotopyContinuation ~/.julia/packages/HomotopyContinuation/98yZ2/src/utils.jl:170
┌ Warning: Ingored unsupported keyword arguments: gamma = 0.8586819143869928 + 0.5125088973907567im
└ @ HomotopyContinuation ~/.julia/packages/HomotopyContinuation/98yZ2/src/utils.jl:170
┌ Warning: Ingored unsupported keyword arguments: gamma = 0.8986283151029301 + 0.43871078319921536im
└ @ HomotopyContinuation ~/.julia/packages/HomotopyContinuation/98yZ2/src/utils.jl:170
┌ Warning: Ingored unsupported keyword arguments: gamma = -0.5020940449557042 - 0.8648130260466822im
└ @ HomotopyContinuation ~/.julia/packages/HomotopyContinuation/98yZ2/src/utils.jl:170
┌ Warning: Ingored unsupported keyword arguments: gamma = 0.8029989941634085 + 0.5959803817010709im
└ @ HomotopyContinuation ~/.julia/packages/HomotopyContinuation/98yZ2/src/utils.jl:170
┌ Warning: Ingored unsupported keyword arguments: gamma = 0.34597694476796875 + 0.9382430141967602im
└ @ HomotopyContinuation ~/.julia/packages/HomotopyContinuation/98yZ2/src/utils.jl:170
┌ Warning: Ingored unsupported keyword arguments: gamma = 0.30451609855092154 + 0.9525071893289443im
└ @ HomotopyContinuation ~/.julia/packages/HomotopyContinuation/98yZ2/src/utils.jl:170
┌ Warning: Ingored unsupported keyword arguments: gamma = 0.9578050546810469 + 0.28741864453691346im
└ @ HomotopyContinuation ~/.julia/packages/HomotopyContinuation/98yZ2/src/utils.jl:170
┌ Warning: Ingored unsupported keyword arguments: gamma = 0.821936388092794 - 0.5695792955585482im
└ @ HomotopyContinuation ~/.julia/packages/HomotopyContinuation/98yZ2/src/utils.jl:170
┌ Warning: Ingored unsupported keyword arguments: gamma = -0.8860450017962477 - 0.46359923942117015im
└ @ HomotopyContinuation ~/.julia/packages/HomotopyContinuation/98yZ2/src/utils.jl:170
┌ Warning: Ingored unsupported keyword arguments: gamma = 0.538625808952168 - 0.8425450954878454im
└ @ HomotopyContinuation ~/.julia/packages/HomotopyContinuation/98yZ2/src/utils.jl:170
┌ Warning: Ingored unsupported keyword arguments: gamma = 0.9356379124275244 + 0.35296132483356335im
└ @ HomotopyContinuation ~/.julia/packages/HomotopyContinuation/98yZ2/src/utils.jl:170
┌ Warning: Ingored unsupported keyword arguments: gamma = 0.8900775322639366 + 0.4558091558524695im
└ @ HomotopyContinuation ~/.julia/packages/HomotopyContinuation/98yZ2/src/utils.jl:170
┌ Warning: Ingored unsupported keyword arguments: gamma = -0.9749284012845758 - 0.2225187910462869im
└ @ HomotopyContinuation ~/.julia/packages/HomotopyContinuation/98yZ2/src/utils.jl:170
┌ Warning: Ingored unsupported keyword arguments: gamma = 0.9897800398408096 + 0.14260249904095365im
└ @ HomotopyContinuation ~/.julia/packages/HomotopyContinuation/98yZ2/src/utils.jl:170
┌ Warning: Ingored unsupported keyword arguments: gamma = -0.42900852807236683 + 0.9033004388580697im
└ @ HomotopyContinuation ~/.julia/packages/HomotopyContinuation/98yZ2/src/utils.jl:170
┌ Warning: Ingored unsupported keyword arguments: gamma = -0.9987747508385709 - 0.04948734269841778im
└ @ HomotopyContinuation ~/.julia/packages/HomotopyContinuation/98yZ2/src/utils.jl:170
┌ Warning: Ingored unsupported keyword arguments: gamma = 0.6602575327260497 - 0.7510392735926061im
└ @ HomotopyContinuation ~/.julia/packages/HomotopyContinuation/98yZ2/src/utils.jl:170
┌ Warning: Ingored unsupported keyword arguments: gamma = -0.32258465495055294 + 0.9465406174012992im
└ @ HomotopyContinuation ~/.julia/packages/HomotopyContinuation/98yZ2/src/utils.jl:170
┌ Warning: Ingored unsupported keyword arguments: gamma = 0.6942928961204395 - 0.7196925554684394im
└ @ HomotopyContinuation ~/.julia/packages/HomotopyContinuation/98yZ2/src/utils.jl:170
┌ Warning: Ingored unsupported keyword arguments: gamma = 0.9131286406507527 - 0.4076715413458591im
└ @ HomotopyContinuation ~/.julia/packages/HomotopyContinuation/98yZ2/src/utils.jl:170
┌ Warning: Ingored unsupported keyword arguments: gamma = -0.269055896429619 - 0.963124563385471im
└ @ HomotopyContinuation ~/.julia/packages/HomotopyContinuation/98yZ2/src/utils.jl:170
┌ Warning: Ingored unsupported keyword arguments: gamma = -0.39742303915988725 - 0.9176355093090713im
└ @ HomotopyContinuation ~/.julia/packages/HomotopyContinuation/98yZ2/src/utils.jl:170
┌ Warning: Ingored unsupported keyword arguments: gamma = 0.9999946319095765 + 0.003276606786082723im
└ @ HomotopyContinuation ~/.julia/packages/HomotopyContinuation/98yZ2/src/utils.jl:170
┌ Warning: Ingored unsupported keyword arguments: gamma = 0.8542698341469157 + 0.5198298283732871im
└ @ HomotopyContinuation ~/.julia/packages/HomotopyContinuation/98yZ2/src/utils.jl:170
┌ Warning: Ingored unsupported keyword arguments: gamma = 0.2965525173393962 - 0.9550165466941749im
└ @ HomotopyContinuation ~/.julia/packages/HomotopyContinuation/98yZ2/src/utils.jl:170
┌ Warning: Ingored unsupported keyword arguments: gamma = 0.26197561283468285 - 0.9650744936427925im
└ @ HomotopyContinuation ~/.julia/packages/HomotopyContinuation/98yZ2/src/utils.jl:170
┌ Warning: Ingored unsupported keyword arguments: gamma = 0.3952345540308615 - 0.9185802345467847im
└ @ HomotopyContinuation ~/.julia/packages/HomotopyContinuation/98yZ2/src/utils.jl:170
┌ Warning: Ingored unsupported keyword arguments: gamma = -0.8483583792351697 + 0.5294223837178365im
└ @ HomotopyContinuation ~/.julia/packages/HomotopyContinuation/98yZ2/src/utils.jl:170
┌ Warning: Ingored unsupported keyword arguments: gamma = 0.9546485083796041 + 0.2977351599132975im
└ @ HomotopyContinuation ~/.julia/packages/HomotopyContinuation/98yZ2/src/utils.jl:170
┌ Warning: Ingored unsupported keyword arguments: gamma = -0.24497172129515776 - 0.96953022426621im
└ @ HomotopyContinuation ~/.julia/packages/HomotopyContinuation/98yZ2/src/utils.jl:170
┌ Warning: Ingored unsupported keyword arguments: gamma = -0.851280239176343 - 0.5247113057557158im
└ @ HomotopyContinuation ~/.julia/packages/HomotopyContinuation/98yZ2/src/utils.jl:170
┌ Warning: Ingored unsupported keyword arguments: gamma = 0.4755532556703897 - 0.8796869335287941im
└ @ HomotopyContinuation ~/.julia/packages/HomotopyContinuation/98yZ2/src/utils.jl:170
┌ Warning: Ingored unsupported keyword arguments: gamma = 0.9625808704917694 + 0.27099458991519976im
└ @ HomotopyContinuation ~/.julia/packages/HomotopyContinuation/98yZ2/src/utils.jl:170
┌ Warning: Ingored unsupported keyword arguments: gamma = -0.9655119446613646 - 0.26035876155073046im
└ @ HomotopyContinuation ~/.julia/packages/HomotopyContinuation/98yZ2/src/utils.jl:170
┌ Warning: Ingored unsupported keyword arguments: gamma = 0.7541536574563714 + 0.6566979982801667im
└ @ HomotopyContinuation ~/.julia/packages/HomotopyContinuation/98yZ2/src/utils.jl:170
┌ Warning: Ingored unsupported keyword arguments: gamma = 0.9004137165074652 - 0.43503464129332764im
└ @ HomotopyContinuation ~/.julia/packages/HomotopyContinuation/98yZ2/src/utils.jl:170
┌ Warning: Ingored unsupported keyword arguments: gamma = -0.1547016441985778 - 0.9879612347062291im
└ @ HomotopyContinuation ~/.julia/packages/HomotopyContinuation/98yZ2/src/utils.jl:170
┌ Warning: Ingored unsupported keyword arguments: gamma = -0.8092234169202726 + 0.5875010310696303im
└ @ HomotopyContinuation ~/.julia/packages/HomotopyContinuation/98yZ2/src/utils.jl:170
┌ Warning: Ingored unsupported keyword arguments: gamma = 0.9642276236684457 - 0.26507563025427716im
└ @ HomotopyContinuation ~/.julia/packages/HomotopyContinuation/98yZ2/src/utils.jl:170
┌ Warning: Ingored unsupported keyword arguments: gamma = -0.617060789241241 - 0.7869154861743266im
└ @ HomotopyContinuation ~/.julia/packages/HomotopyContinuation/98yZ2/src/utils.jl:170
┌ Warning: Ingored unsupported keyword arguments: gamma = -0.8270171381793993 - 0.562176709903173im
└ @ HomotopyContinuation ~/.julia/packages/HomotopyContinuation/98yZ2/src/utils.jl:170
┌ Warning: Ingored unsupported keyword arguments: gamma = 0.6815190383159444 - 0.7318003829002212im
└ @ HomotopyContinuation ~/.julia/packages/HomotopyContinuation/98yZ2/src/utils.jl:170
┌ Warning: Ingored unsupported keyword arguments: gamma = -0.5739550640224537 - 0.8188867958899942im
└ @ HomotopyContinuation ~/.julia/packages/HomotopyContinuation/98yZ2/src/utils.jl:170
┌ Warning: Ingored unsupported keyword arguments: gamma = -0.20150240277836962 - 0.9794880201791871im
└ @ HomotopyContinuation ~/.julia/packages/HomotopyContinuation/98yZ2/src/utils.jl:170
┌ Warning: Ingored unsupported keyword arguments: gamma = -0.29538043939667735 - 0.955379713005162im
└ @ HomotopyContinuation ~/.julia/packages/HomotopyContinuation/98yZ2/src/utils.jl:170
┌ Warning: Ingored unsupported keyword arguments: gamma = 0.11431472418381451 + 0.9934445851856955im
└ @ HomotopyContinuation ~/.julia/packages/HomotopyContinuation/98yZ2/src/utils.jl:170
┌ Warning: Ingored unsupported keyword arguments: gamma = 0.23589592637851226 + 0.971778324474272im
└ @ HomotopyContinuation ~/.julia/packages/HomotopyContinuation/98yZ2/src/utils.jl:170
┌ Warning: Ingored unsupported keyword arguments: gamma = -0.44892676949898197 + 0.8935685511628125im
└ @ HomotopyContinuation ~/.julia/packages/HomotopyContinuation/98yZ2/src/utils.jl:170
┌ Warning: Ingored unsupported keyword arguments: gamma = -0.9999942980229483 + 0.0033769692908004315im
└ @ HomotopyContinuation ~/.julia/packages/HomotopyContinuation/98yZ2/src/utils.jl:170
┌ Warning: Ingored unsupported keyword arguments: gamma = -0.1069234821091257 - 0.9942672522886689im
└ @ HomotopyContinuation ~/.julia/packages/HomotopyContinuation/98yZ2/src/utils.jl:170
┌ Warning: Ingored unsupported keyword arguments: gamma = -0.4803002501265143 - 0.8771041384741084im
└ @ HomotopyContinuation ~/.julia/packages/HomotopyContinuation/98yZ2/src/utils.jl:170
┌ Warning: Ingored unsupported keyword arguments: gamma = 0.579613717377614 - 0.8148913661511596im
└ @ HomotopyContinuation ~/.julia/packages/HomotopyContinuation/98yZ2/src/utils.jl:170
┌ Warning: Ingored unsupported keyword arguments: gamma = -0.9152251895677656 - 0.4029427408213822im
└ @ HomotopyContinuation ~/.julia/packages/HomotopyContinuation/98yZ2/src/utils.jl:170
┌ Warning: Ingored unsupported keyword arguments: gamma = 0.9551612518287161 - 0.2960861074164065im
└ @ HomotopyContinuation ~/.julia/packages/HomotopyContinuation/98yZ2/src/utils.jl:170
┌ Warning: Ingored unsupported keyword arguments: gamma = -0.6782794153913665 + 0.7348040790961534im
└ @ HomotopyContinuation ~/.julia/packages/HomotopyContinuation/98yZ2/src/utils.jl:170
┌ Warning: Ingored unsupported keyword arguments: gamma = 0.7666623104361141 - 0.6420505445498504im
└ @ HomotopyContinuation ~/.julia/packages/HomotopyContinuation/98yZ2/src/utils.jl:170
┌ Warning: Ingored unsupported keyword arguments: gamma = -0.35587120018084445 + 0.9345350121219885im
└ @ HomotopyContinuation ~/.julia/packages/HomotopyContinuation/98yZ2/src/utils.jl:170
┌ Warning: Ingored unsupported keyword arguments: gamma = -0.24105323210158577 + 0.9705118954929811im
└ @ HomotopyContinuation ~/.julia/packages/HomotopyContinuation/98yZ2/src/utils.jl:170
┌ Warning: Ingored unsupported keyword arguments: gamma = -0.9999077807939666 - 0.01358049732833325im
└ @ HomotopyContinuation ~/.julia/packages/HomotopyContinuation/98yZ2/src/utils.jl:170
┌ Warning: Ingored unsupported keyword arguments: gamma = 0.8113542186816822 + 0.5845548150750595im
└ @ HomotopyContinuation ~/.julia/packages/HomotopyContinuation/98yZ2/src/utils.jl:170
┌ Warning: Ingored unsupported keyword arguments: gamma = 0.9852642925524521 - 0.17103880793877208im
└ @ HomotopyContinuation ~/.julia/packages/HomotopyContinuation/98yZ2/src/utils.jl:170
┌ Warning: Ingored unsupported keyword arguments: gamma = 0.999257100261157 - 0.03853890991795088im
└ @ HomotopyContinuation ~/.julia/packages/HomotopyContinuation/98yZ2/src/utils.jl:170
┌ Warning: Ingored unsupported keyword arguments: gamma = 0.898973928933623 + 0.43800214051719566im
└ @ HomotopyContinuation ~/.julia/packages/HomotopyContinuation/98yZ2/src/utils.jl:170
┌ Warning: Ingored unsupported keyword arguments: gamma = -0.49494655085719114 + 0.868923421133629im
└ @ HomotopyContinuation ~/.julia/packages/HomotopyContinuation/98yZ2/src/utils.jl:170
┌ Warning: Ingored unsupported keyword arguments: gamma = 0.9999107083507603 + 0.013363207903822286im
└ @ HomotopyContinuation ~/.julia/packages/HomotopyContinuation/98yZ2/src/utils.jl:170
┌ Warning: Ingored unsupported keyword arguments: gamma = 0.9954215811339415 + 0.09558177552652983im
└ @ HomotopyContinuation ~/.julia/packages/HomotopyContinuation/98yZ2/src/utils.jl:170
┌ Warning: Ingored unsupported keyword arguments: gamma = 0.9866509931807305 + 0.1628490640300954im
└ @ HomotopyContinuation ~/.julia/packages/HomotopyContinuation/98yZ2/src/utils.jl:170
┌ Warning: Ingored unsupported keyword arguments: gamma = 0.07086712666417826 - 0.9974857644890794im
└ @ HomotopyContinuation ~/.julia/packages/HomotopyContinuation/98yZ2/src/utils.jl:170
┌ Warning: Ingored unsupported keyword arguments: gamma = 0.9277360785254726 - 0.373236880013455im
└ @ HomotopyContinuation ~/.julia/packages/HomotopyContinuation/98yZ2/src/utils.jl:170
┌ Warning: Ingored unsupported keyword arguments: gamma = 0.11868207504845071 + 0.9929323063845762im
└ @ HomotopyContinuation ~/.julia/packages/HomotopyContinuation/98yZ2/src/utils.jl:170
┌ Warning: Ingored unsupported keyword arguments: gamma = -0.006253056875379679 + 0.9999804494487446im
└ @ HomotopyContinuation ~/.julia/packages/HomotopyContinuation/98yZ2/src/utils.jl:170
┌ Warning: Ingored unsupported keyword arguments: gamma = -0.9742821701772384 + 0.2253314289546194im
└ @ HomotopyContinuation ~/.julia/packages/HomotopyContinuation/98yZ2/src/utils.jl:170
┌ Warning: Ingored unsupported keyword arguments: gamma = -0.1429632734416539 - 0.9897279941715537im
└ @ HomotopyContinuation ~/.julia/packages/HomotopyContinuation/98yZ2/src/utils.jl:170
┌ Warning: Ingored unsupported keyword arguments: gamma = -0.7558363497497941 + 0.6547605763917884im
└ @ HomotopyContinuation ~/.julia/packages/HomotopyContinuation/98yZ2/src/utils.jl:170
┌ Warning: Ingored unsupported keyword arguments: gamma = 0.4806559931558578 + 0.8769092405964006im
└ @ HomotopyContinuation ~/.julia/packages/HomotopyContinuation/98yZ2/src/utils.jl:170
┌ Warning: Ingored unsupported keyword arguments: gamma = 0.989247459574479 - 0.14625137170447194im
└ @ HomotopyContinuation ~/.julia/packages/HomotopyContinuation/98yZ2/src/utils.jl:170
┌ Warning: Ingored unsupported keyword arguments: gamma = -0.7699488698647988 - 0.6381055851455298im
└ @ HomotopyContinuation ~/.julia/packages/HomotopyContinuation/98yZ2/src/utils.jl:170
┌ Warning: Ingored unsupported keyword arguments: gamma = 0.11524141770425268 - 0.9933375134593045im
└ @ HomotopyContinuation ~/.julia/packages/HomotopyContinuation/98yZ2/src/utils.jl:170
┌ Warning: Ingored unsupported keyword arguments: gamma = 0.6199088229066356 + 0.7846738502604184im
└ @ HomotopyContinuation ~/.julia/packages/HomotopyContinuation/98yZ2/src/utils.jl:170
┌ Warning: Ingored unsupported keyword arguments: gamma = -0.5264360283062418 + 0.8502147423452205im
└ @ HomotopyContinuation ~/.julia/packages/HomotopyContinuation/98yZ2/src/utils.jl:170
┌ Warning: Ingored unsupported keyword arguments: gamma = -0.9517787577636997 - 0.3067852608418285im
└ @ HomotopyContinuation ~/.julia/packages/HomotopyContinuation/98yZ2/src/utils.jl:170
┌ Warning: Ingored unsupported keyword arguments: gamma = 0.5995399084849735 - 0.800344862002518im
└ @ HomotopyContinuation ~/.julia/packages/HomotopyContinuation/98yZ2/src/utils.jl:170
┌ Warning: Ingored unsupported keyword arguments: gamma = 0.9979492329957507 - 0.0640103769961792im
└ @ HomotopyContinuation ~/.julia/packages/HomotopyContinuation/98yZ2/src/utils.jl:170
┌ Warning: Ingored unsupported keyword arguments: gamma = -0.9995816303277979 + 0.028923421499222286im
└ @ HomotopyContinuation ~/.julia/packages/HomotopyContinuation/98yZ2/src/utils.jl:170
┌ Warning: Ingored unsupported keyword arguments: gamma = 0.973472094679192 + 0.2288057710830437im
└ @ HomotopyContinuation ~/.julia/packages/HomotopyContinuation/98yZ2/src/utils.jl:170
┌ Warning: Ingored unsupported keyword arguments: gamma = 0.28482496487138087 + 0.9585795425451227im
└ @ HomotopyContinuation ~/.julia/packages/HomotopyContinuation/98yZ2/src/utils.jl:170
┌ Warning: Ingored unsupported keyword arguments: gamma = -0.8594962009405293 - 0.5111421334313944im
└ @ HomotopyContinuation ~/.julia/packages/HomotopyContinuation/98yZ2/src/utils.jl:170
┌ Warning: Ingored unsupported keyword arguments: gamma = -0.8741244706652919 - 0.48570197630246814im
└ @ HomotopyContinuation ~/.julia/packages/HomotopyContinuation/98yZ2/src/utils.jl:170
┌ Warning: Ingored unsupported keyword arguments: gamma = -0.3766734554301016 - 0.9263461059314425im
└ @ HomotopyContinuation ~/.julia/packages/HomotopyContinuation/98yZ2/src/utils.jl:170
┌ Warning: Ingored unsupported keyword arguments: gamma = -0.9628709333951067 - 0.26996215590863126im
└ @ HomotopyContinuation ~/.julia/packages/HomotopyContinuation/98yZ2/src/utils.jl:170
┌ Warning: Ingored unsupported keyword arguments: gamma = 0.29934382392826664 + 0.95414531130012im
└ @ HomotopyContinuation ~/.julia/packages/HomotopyContinuation/98yZ2/src/utils.jl:170
┌ Warning: Ingored unsupported keyword arguments: gamma = 0.15737647058859136 - 0.9875386810171428im
└ @ HomotopyContinuation ~/.julia/packages/HomotopyContinuation/98yZ2/src/utils.jl:170
┌ Warning: Ingored unsupported keyword arguments: gamma = -0.8110024737462745 + 0.5850427228651112im
└ @ HomotopyContinuation ~/.julia/packages/HomotopyContinuation/98yZ2/src/utils.jl:170
┌ Warning: Ingored unsupported keyword arguments: gamma = -0.7622516652647383 + 0.6472807727726303im
└ @ HomotopyContinuation ~/.julia/packages/HomotopyContinuation/98yZ2/src/utils.jl:170
┌ Warning: Ingored unsupported keyword arguments: gamma = -0.8146962199708336 - 0.5798879798419994im
└ @ HomotopyContinuation ~/.julia/packages/HomotopyContinuation/98yZ2/src/utils.jl:170
┌ Warning: Ingored unsupported keyword arguments: gamma = 0.4045010374796387 + 0.9145375392393119im
└ @ HomotopyContinuation ~/.julia/packages/HomotopyContinuation/98yZ2/src/utils.jl:170
┌ Warning: Ingored unsupported keyword arguments: gamma = -0.9105786016096225 - 0.41333595330029593im
└ @ HomotopyContinuation ~/.julia/packages/HomotopyContinuation/98yZ2/src/utils.jl:170
┌ Warning: Ingored unsupported keyword arguments: gamma = 0.49528155716944683 + 0.8687325129910863im
└ @ HomotopyContinuation ~/.julia/packages/HomotopyContinuation/98yZ2/src/utils.jl:170
┌ Warning: Ingored unsupported keyword arguments: gamma = 0.04190255189470725 + 0.9991217023689913im
└ @ HomotopyContinuation ~/.julia/packages/HomotopyContinuation/98yZ2/src/utils.jl:170
┌ Warning: Ingored unsupported keyword arguments: gamma = -0.2925340649275656 - 0.9562551023952525im
└ @ HomotopyContinuation ~/.julia/packages/HomotopyContinuation/98yZ2/src/utils.jl:170
┌ Warning: Ingored unsupported keyword arguments: gamma = 0.9511598524663384 - 0.3086987772185264im
└ @ HomotopyContinuation ~/.julia/packages/HomotopyContinuation/98yZ2/src/utils.jl:170
┌ Warning: Ingored unsupported keyword arguments: gamma = -0.4023519967335605 + 0.9154850466962947im
└ @ HomotopyContinuation ~/.julia/packages/HomotopyContinuation/98yZ2/src/utils.jl:170
┌ Warning: Ingored unsupported keyword arguments: gamma = -0.10623539695016425 - 0.994341008122888im
└ @ HomotopyContinuation ~/.julia/packages/HomotopyContinuation/98yZ2/src/utils.jl:170
┌ Warning: Ingored unsupported keyword arguments: gamma = -0.09801969904068569 + 0.9951844746578261im
└ @ HomotopyContinuation ~/.julia/packages/HomotopyContinuation/98yZ2/src/utils.jl:170
┌ Warning: Ingored unsupported keyword arguments: gamma = 0.8906978828230968 - 0.4545957341797796im
└ @ HomotopyContinuation ~/.julia/packages/HomotopyContinuation/98yZ2/src/utils.jl:170
┌ Warning: Ingored unsupported keyword arguments: gamma = 0.6474052218787678 + 0.7621459694075036im
└ @ HomotopyContinuation ~/.julia/packages/HomotopyContinuation/98yZ2/src/utils.jl:170
┌ Warning: Ingored unsupported keyword arguments: gamma = -0.6697539345349333 - 0.7425831045579857im
└ @ HomotopyContinuation ~/.julia/packages/HomotopyContinuation/98yZ2/src/utils.jl:170
