HUNT2 start mode=seq PTRACK hcthr=off nworkers=0 nthreads=8 ngcthreads=8 nsolves=12 ntrack=25 seed_base=330850 shape=6x2 pid=2373967 julia=1.12.6 2026-07-22T17:41:40.279
ATTEMPT 1 W0 START ptrack6x2 seed=330851 2026-07-22T17:43:01.287
ATTEMPT 1 W0 SOLVE ptrack fresh 2026-07-22T17:43:05.692
Computing mixed cells... 2    Time: 0:00:06[K
   mixed_volume: 6[K[A
[K[AComputing mixed cells... 21    Time: 0:00:06[K
   mixed_volume: 64[K
ATTEMPT 1 W0 FRESH-DONE nsol=64 117.33s 2026-07-22T17:45:03.463
ATTEMPT 1 W0 TRACK 1 2026-07-22T17:45:03.952
ATTEMPT 1 W0 TRACKED 1 nsol=64 22.95s 2026-07-22T17:45:27.207
ATTEMPT 1 W0 TRACK 2 2026-07-22T17:45:27.580
ATTEMPT 1 W0 TRACKED 2 nsol=64 0.04s 2026-07-22T17:45:27.621
ATTEMPT 1 W0 TRACK 3 2026-07-22T17:45:27.621
ATTEMPT 1 W0 TRACKED 3 nsol=64 0.04s 2026-07-22T17:45:27.658
ATTEMPT 1 W0 TRACK 4 2026-07-22T17:45:27.663
ATTEMPT 1 W0 TRACKED 4 nsol=64 0.05s 2026-07-22T17:45:27.711
ATTEMPT 1 W0 TRACK 5 2026-07-22T17:45:27.711
ATTEMPT 1 W0 TRACKED 5 nsol=64 0.05s 2026-07-22T17:45:27.760
ATTEMPT 1 W0 TRACK 6 2026-07-22T17:45:27.760
ATTEMPT 1 W0 TRACKED 6 nsol=64 0.06s 2026-07-22T17:45:27.819
ATTEMPT 1 W0 TRACK 7 2026-07-22T17:45:27.820
ATTEMPT 1 W0 TRACKED 7 nsol=64 0.03s 2026-07-22T17:45:27.861
ATTEMPT 1 W0 TRACK 8 2026-07-22T17:45:27.861
ATTEMPT 1 W0 TRACKED 8 nsol=64 0.03s 2026-07-22T17:45:27.896
ATTEMPT 1 W0 TRACK 9 2026-07-22T17:45:27.896
ATTEMPT 1 W0 TRACKED 9 nsol=64 0.05s 2026-07-22T17:45:27.948
ATTEMPT 1 W0 TRACK 10 2026-07-22T17:45:27.951
ATTEMPT 1 W0 TRACKED 10 nsol=64 0.06s 2026-07-22T17:45:28.010
ATTEMPT 1 W0 TRACK 11 2026-07-22T17:45:28.015
ATTEMPT 1 W0 TRACKED 11 nsol=64 0.07s 2026-07-22T17:45:28.081
ATTEMPT 1 W0 TRACK 12 2026-07-22T17:45:28.081
ATTEMPT 1 W0 TRACKED 12 nsol=64 0.05s 2026-07-22T17:45:28.127
ATTEMPT 1 W0 TRACK 13 2026-07-22T17:45:28.131
ATTEMPT 1 W0 TRACKED 13 nsol=64 0.06s 2026-07-22T17:45:28.190
ATTEMPT 1 W0 TRACK 14 2026-07-22T17:45:28.199
ATTEMPT 1 W0 TRACKED 14 nsol=64 0.10s 2026-07-22T17:45:28.301
ATTEMPT 1 W0 TRACK 15 2026-07-22T17:45:28.301
ATTEMPT 1 W0 TRACKED 15 nsol=64 0.05s 2026-07-22T17:45:28.350
ATTEMPT 1 W0 TRACK 16 2026-07-22T17:45:28.355
ATTEMPT 1 W0 TRACKED 16 nsol=64 0.06s 2026-07-22T17:45:28.420
ATTEMPT 1 W0 TRACK 17 2026-07-22T17:45:28.423
ATTEMPT 1 W0 TRACKED 17 nsol=64 0.03s 2026-07-22T17:45:28.449
ATTEMPT 1 W0 TRACK 18 2026-07-22T17:45:28.449
ATTEMPT 1 W0 TRACKED 18 nsol=64 0.02s 2026-07-22T17:45:28.473
ATTEMPT 1 W0 TRACK 19 2026-07-22T17:45:28.473
ATTEMPT 1 W0 TRACKED 19 nsol=64 0.05s 2026-07-22T17:45:28.524
ATTEMPT 1 W0 TRACK 20 2026-07-22T17:45:28.524
ATTEMPT 1 W0 TRACKED 20 nsol=64 0.06s 2026-07-22T17:45:28.579
ATTEMPT 1 W0 TRACK 21 2026-07-22T17:45:28.579
ATTEMPT 1 W0 TRACKED 21 nsol=64 0.05s 2026-07-22T17:45:28.631
ATTEMPT 1 W0 TRACK 22 2026-07-22T17:45:28.635
ATTEMPT 1 W0 TRACKED 22 nsol=64 0.05s 2026-07-22T17:45:28.686
ATTEMPT 1 W0 TRACK 23 2026-07-22T17:45:28.687
ATTEMPT 1 W0 TRACKED 23 nsol=64 0.07s 2026-07-22T17:45:28.758
ATTEMPT 1 W0 TRACK 24 2026-07-22T17:45:28.758
ATTEMPT 1 W0 TRACKED 24 nsol=64 0.07s 2026-07-22T17:45:28.833
ATTEMPT 1 W0 TRACK 25 2026-07-22T17:45:28.833
ATTEMPT 1 W0 TRACKED 25 nsol=64 0.07s 2026-07-22T17:45:28.901
ATTEMPT 1 W0 DONE ptrack seed=330851 nsol=64 142.77s 2026-07-22T17:45:28.901
ATTEMPT 2 W0 START ptrack6x2 seed=330852 2026-07-22T17:45:28.901
ATTEMPT 2 W0 SOLVE ptrack fresh 2026-07-22T17:45:29.114
ATTEMPT 2 W0 FRESH-DONE nsol=64 0.19s 2026-07-22T17:45:29.301
ATTEMPT 2 W0 TRACK 1 2026-07-22T17:45:29.307
ATTEMPT 2 W0 TRACKED 1 nsol=64 0.07s 2026-07-22T17:45:29.373
ATTEMPT 2 W0 TRACK 2 2026-07-22T17:45:29.379
ATTEMPT 2 W0 TRACKED 2 nsol=64 0.08s 2026-07-22T17:45:29.459
ATTEMPT 2 W0 TRACK 3 2026-07-22T17:45:29.459
ATTEMPT 2 W0 TRACKED 3 nsol=64 0.07s 2026-07-22T17:45:29.525
ATTEMPT 2 W0 TRACK 4 2026-07-22T17:45:29.525
ATTEMPT 2 W0 TRACKED 4 nsol=64 0.06s 2026-07-22T17:45:29.589
ATTEMPT 2 W0 TRACK 5 2026-07-22T17:45:29.589
ATTEMPT 2 W0 TRACKED 5 nsol=64 0.09s 2026-07-22T17:45:29.676
ATTEMPT 2 W0 TRACK 6 2026-07-22T17:45:29.676
ATTEMPT 2 W0 TRACKED 6 nsol=64 0.06s 2026-07-22T17:45:29.740
ATTEMPT 2 W0 TRACK 7 2026-07-22T17:45:29.740
ATTEMPT 2 W0 TRACKED 7 nsol=64 0.06s 2026-07-22T17:45:29.799
ATTEMPT 2 W0 TRACK 8 2026-07-22T17:45:29.803
ATTEMPT 2 W0 TRACKED 8 nsol=64 0.05s 2026-07-22T17:45:29.854
ATTEMPT 2 W0 TRACK 9 2026-07-22T17:45:29.859
ATTEMPT 2 W0 TRACKED 9 nsol=64 0.05s 2026-07-22T17:45:29.908
ATTEMPT 2 W0 TRACK 10 2026-07-22T17:45:29.908
ATTEMPT 2 W0 TRACKED 10 nsol=64 0.08s 2026-07-22T17:45:29.987
ATTEMPT 2 W0 TRACK 11 2026-07-22T17:45:29.995
ATTEMPT 2 W0 TRACKED 11 nsol=64 0.06s 2026-07-22T17:45:30.056
ATTEMPT 2 W0 TRACK 12 2026-07-22T17:45:30.056
ATTEMPT 2 W0 TRACKED 12 nsol=64 0.07s 2026-07-22T17:45:30.126
ATTEMPT 2 W0 TRACK 13 2026-07-22T17:45:30.135
ATTEMPT 2 W0 TRACKED 13 nsol=64 0.06s 2026-07-22T17:45:30.198
ATTEMPT 2 W0 TRACK 14 2026-07-22T17:45:30.203
ATTEMPT 2 W0 TRACKED 14 nsol=64 0.06s 2026-07-22T17:45:30.266
ATTEMPT 2 W0 TRACK 15 2026-07-22T17:45:30.271
ATTEMPT 2 W0 TRACKED 15 nsol=64 0.06s 2026-07-22T17:45:30.331
ATTEMPT 2 W0 TRACK 16 2026-07-22T17:45:30.339
ATTEMPT 2 W0 TRACKED 16 nsol=64 0.08s 2026-07-22T17:45:30.421
ATTEMPT 2 W0 TRACK 17 2026-07-22T17:45:30.421
ATTEMPT 2 W0 TRACKED 17 nsol=64 0.08s 2026-07-22T17:45:30.502
ATTEMPT 2 W0 TRACK 18 2026-07-22T17:45:30.507
ATTEMPT 2 W0 TRACKED 18 nsol=64 0.09s 2026-07-22T17:45:30.593
ATTEMPT 2 W0 TRACK 19 2026-07-22T17:45:30.593
ATTEMPT 2 W0 TRACKED 19 nsol=64 0.09s 2026-07-22T17:45:30.679
ATTEMPT 2 W0 TRACK 20 2026-07-22T17:45:30.679
ATTEMPT 2 W0 TRACKED 20 nsol=64 0.07s 2026-07-22T17:45:30.752
ATTEMPT 2 W0 TRACK 21 2026-07-22T17:45:30.752
ATTEMPT 2 W0 TRACKED 21 nsol=64 0.05s 2026-07-22T17:45:30.804
ATTEMPT 2 W0 TRACK 22 2026-07-22T17:45:30.804
ATTEMPT 2 W0 TRACKED 22 nsol=64 0.07s 2026-07-22T17:45:30.871
ATTEMPT 2 W0 TRACK 23 2026-07-22T17:45:30.871
ATTEMPT 2 W0 TRACKED 23 nsol=64 0.05s 2026-07-22T17:45:30.917
ATTEMPT 2 W0 TRACK 24 2026-07-22T17:45:30.917
ATTEMPT 2 W0 TRACKED 24 nsol=64 0.06s 2026-07-22T17:45:30.975
ATTEMPT 2 W0 TRACK 25 2026-07-22T17:45:30.975
ATTEMPT 2 W0 TRACKED 25 nsol=64 0.07s 2026-07-22T17:45:31.048
ATTEMPT 2 W0 DONE ptrack seed=330852 nsol=64 1.94s 2026-07-22T17:45:31.050
ATTEMPT 3 W0 START ptrack6x2 seed=330853 2026-07-22T17:45:31.050
ATTEMPT 3 W0 SOLVE ptrack fresh 2026-07-22T17:45:31.230
ATTEMPT 3 W0 FRESH-DONE nsol=64 0.20s 2026-07-22T17:45:31.433
ATTEMPT 3 W0 TRACK 1 2026-07-22T17:45:31.439
ATTEMPT 3 W0 TRACKED 1 nsol=64 0.10s 2026-07-22T17:45:31.536
ATTEMPT 3 W0 TRACK 2 2026-07-22T17:45:31.536
ATTEMPT 3 W0 TRACKED 2 nsol=64 0.08s 2026-07-22T17:45:31.616
ATTEMPT 3 W0 TRACK 3 2026-07-22T17:45:31.616
ATTEMPT 3 W0 TRACKED 3 nsol=64 0.09s 2026-07-22T17:45:31.707
ATTEMPT 3 W0 TRACK 4 2026-07-22T17:45:31.708
ATTEMPT 3 W0 TRACKED 4 nsol=64 0.10s 2026-07-22T17:45:31.804
ATTEMPT 3 W0 TRACK 5 2026-07-22T17:45:31.804
ATTEMPT 3 W0 TRACKED 5 nsol=64 0.10s 2026-07-22T17:45:31.907
ATTEMPT 3 W0 TRACK 6 2026-07-22T17:45:31.919
ATTEMPT 3 W0 TRACKED 6 nsol=64 0.08s 2026-07-22T17:45:31.997
ATTEMPT 3 W0 TRACK 7 2026-07-22T17:45:32.007
ATTEMPT 3 W0 TRACKED 7 nsol=64 0.09s 2026-07-22T17:45:32.094
ATTEMPT 3 W0 TRACK 8 2026-07-22T17:45:32.099
ATTEMPT 3 W0 TRACKED 8 nsol=64 0.06s 2026-07-22T17:45:32.160
ATTEMPT 3 W0 TRACK 9 2026-07-22T17:45:32.167
ATTEMPT 3 W0 TRACKED 9 nsol=64 0.06s 2026-07-22T17:45:32.230
ATTEMPT 3 W0 TRACK 10 2026-07-22T17:45:32.239
ATTEMPT 3 W0 TRACKED 10 nsol=64 0.07s 2026-07-22T17:45:32.307
ATTEMPT 3 W0 TRACK 11 2026-07-22T17:45:32.307
ATTEMPT 3 W0 TRACKED 11 nsol=64 0.08s 2026-07-22T17:45:32.385
ATTEMPT 3 W0 TRACK 12 2026-07-22T17:45:32.385
ATTEMPT 3 W0 TRACKED 12 nsol=64 0.08s 2026-07-22T17:45:32.469
ATTEMPT 3 W0 TRACK 13 2026-07-22T17:45:32.469
ATTEMPT 3 W0 TRACKED 13 nsol=64 0.08s 2026-07-22T17:45:32.553
ATTEMPT 3 W0 TRACK 14 2026-07-22T17:45:32.559
ATTEMPT 3 W0 TRACKED 14 nsol=64 0.11s 2026-07-22T17:45:32.671
ATTEMPT 3 W0 TRACK 15 2026-07-22T17:45:32.671
ATTEMPT 3 W0 TRACKED 15 nsol=64 0.06s 2026-07-22T17:45:32.731
ATTEMPT 3 W0 TRACK 16 2026-07-22T17:45:32.731
ATTEMPT 3 W0 TRACKED 16 nsol=64 0.04s 2026-07-22T17:45:32.775
ATTEMPT 3 W0 TRACK 17 2026-07-22T17:45:32.775
ATTEMPT 3 W0 TRACKED 17 nsol=64 0.02s 2026-07-22T17:45:32.798
ATTEMPT 3 W0 TRACK 18 2026-07-22T17:45:32.798
ATTEMPT 3 W0 TRACKED 18 nsol=64 0.03s 2026-07-22T17:45:32.828
ATTEMPT 3 W0 TRACK 19 2026-07-22T17:45:32.828
ATTEMPT 3 W0 TRACKED 19 nsol=64 0.04s 2026-07-22T17:45:32.867
ATTEMPT 3 W0 TRACK 20 2026-07-22T17:45:32.867
ATTEMPT 3 W0 TRACKED 20 nsol=64 0.03s 2026-07-22T17:45:32.892
ATTEMPT 3 W0 TRACK 21 2026-07-22T17:45:32.892
ATTEMPT 3 W0 TRACKED 21 nsol=64 0.04s 2026-07-22T17:45:32.931
ATTEMPT 3 W0 TRACK 22 2026-07-22T17:45:32.931
ATTEMPT 3 W0 TRACKED 22 nsol=64 0.04s 2026-07-22T17:45:32.970
ATTEMPT 3 W0 TRACK 23 2026-07-22T17:45:32.970
ATTEMPT 3 W0 TRACKED 23 nsol=64 0.03s 2026-07-22T17:45:33.002
ATTEMPT 3 W0 TRACK 24 2026-07-22T17:45:33.003
ATTEMPT 3 W0 TRACKED 24 nsol=64 0.02s 2026-07-22T17:45:33.026
ATTEMPT 3 W0 TRACK 25 2026-07-22T17:45:33.026
ATTEMPT 3 W0 TRACKED 25 nsol=64 0.02s 2026-07-22T17:45:33.050
ATTEMPT 3 W0 DONE ptrack seed=330853 nsol=64 1.82s 2026-07-22T17:45:33.051
ATTEMPT 4 W0 START ptrack6x2 seed=330854 2026-07-22T17:45:33.051
ATTEMPT 4 W0 SOLVE ptrack fresh 2026-07-22T17:45:33.162
ATTEMPT 4 W0 FRESH-DONE nsol=64 0.07s 2026-07-22T17:45:33.235
ATTEMPT 4 W0 TRACK 1 2026-07-22T17:45:33.236
ATTEMPT 4 W0 TRACKED 1 nsol=64 0.03s 2026-07-22T17:45:33.269
ATTEMPT 4 W0 TRACK 2 2026-07-22T17:45:33.275
ATTEMPT 4 W0 TRACKED 2 nsol=64 0.05s 2026-07-22T17:45:33.326
ATTEMPT 4 W0 TRACK 3 2026-07-22T17:45:33.331
ATTEMPT 4 W0 TRACKED 3 nsol=64 0.05s 2026-07-22T17:45:33.386
ATTEMPT 4 W0 TRACK 4 2026-07-22T17:45:33.386
ATTEMPT 4 W0 TRACKED 4 nsol=64 0.03s 2026-07-22T17:45:33.418
ATTEMPT 4 W0 TRACK 5 2026-07-22T17:45:33.418
ATTEMPT 4 W0 TRACKED 5 nsol=64 0.02s 2026-07-22T17:45:33.442
ATTEMPT 4 W0 TRACK 6 2026-07-22T17:45:33.442
ATTEMPT 4 W0 TRACKED 6 nsol=64 0.04s 2026-07-22T17:45:33.478
ATTEMPT 4 W0 TRACK 7 2026-07-22T17:45:33.478
ATTEMPT 4 W0 TRACKED 7 nsol=64 0.07s 2026-07-22T17:45:33.544
ATTEMPT 4 W0 TRACK 8 2026-07-22T17:45:33.544
ATTEMPT 4 W0 TRACKED 8 nsol=64 0.06s 2026-07-22T17:45:33.606
ATTEMPT 4 W0 TRACK 9 2026-07-22T17:45:33.611
ATTEMPT 4 W0 TRACKED 9 nsol=64 0.06s 2026-07-22T17:45:33.669
ATTEMPT 4 W0 TRACK 10 2026-07-22T17:45:33.671
ATTEMPT 4 W0 TRACKED 10 nsol=64 0.06s 2026-07-22T17:45:33.733
ATTEMPT 4 W0 TRACK 11 2026-07-22T17:45:33.734
ATTEMPT 4 W0 TRACKED 11 nsol=64 0.06s 2026-07-22T17:45:33.793
ATTEMPT 4 W0 TRACK 12 2026-07-22T17:45:33.793
ATTEMPT 4 W0 TRACKED 12 nsol=64 0.05s 2026-07-22T17:45:33.842
ATTEMPT 4 W0 TRACK 13 2026-07-22T17:45:33.847
ATTEMPT 4 W0 TRACKED 13 nsol=64 0.05s 2026-07-22T17:45:33.900
ATTEMPT 4 W0 TRACK 14 2026-07-22T17:45:33.900
ATTEMPT 4 W0 TRACKED 14 nsol=64 0.06s 2026-07-22T17:45:33.959
ATTEMPT 4 W0 TRACK 15 2026-07-22T17:45:33.959
ATTEMPT 4 W0 TRACKED 15 nsol=64 0.06s 2026-07-22T17:45:34.015
ATTEMPT 4 W0 TRACK 16 2026-07-22T17:45:34.015
ATTEMPT 4 W0 TRACKED 16 nsol=64 0.07s 2026-07-22T17:45:34.087
ATTEMPT 4 W0 TRACK 17 2026-07-22T17:45:34.087
ATTEMPT 4 W0 TRACKED 17 nsol=64 0.09s 2026-07-22T17:45:34.178
ATTEMPT 4 W0 TRACK 18 2026-07-22T17:45:34.183
ATTEMPT 4 W0 TRACKED 18 nsol=64 0.10s 2026-07-22T17:45:34.288
ATTEMPT 4 W0 TRACK 19 2026-07-22T17:45:34.288
ATTEMPT 4 W0 TRACKED 19 nsol=64 0.06s 2026-07-22T17:45:34.346
ATTEMPT 4 W0 TRACK 20 2026-07-22T17:45:34.351
ATTEMPT 4 W0 TRACKED 20 nsol=64 0.06s 2026-07-22T17:45:34.417
ATTEMPT 4 W0 TRACK 21 2026-07-22T17:45:34.417
ATTEMPT 4 W0 TRACKED 21 nsol=64 0.14s 2026-07-22T17:45:34.562
ATTEMPT 4 W0 TRACK 22 2026-07-22T17:45:34.575
ATTEMPT 4 W0 TRACKED 22 nsol=64 0.10s 2026-07-22T17:45:34.674
ATTEMPT 4 W0 TRACK 23 2026-07-22T17:45:34.679
ATTEMPT 4 W0 TRACKED 23 nsol=64 0.08s 2026-07-22T17:45:34.755
ATTEMPT 4 W0 TRACK 24 2026-07-22T17:45:34.763
ATTEMPT 4 W0 TRACKED 24 nsol=64 0.09s 2026-07-22T17:45:34.849
ATTEMPT 4 W0 TRACK 25 2026-07-22T17:45:34.849
ATTEMPT 4 W0 TRACKED 25 nsol=64 0.10s 2026-07-22T17:45:34.945
ATTEMPT 4 W0 DONE ptrack seed=330854 nsol=64 1.78s 2026-07-22T17:45:34.945
ATTEMPT 5 W0 START ptrack6x2 seed=330855 2026-07-22T17:45:34.945
ATTEMPT 5 W0 SOLVE ptrack fresh 2026-07-22T17:45:35.122
ATTEMPT 5 W0 FRESH-DONE nsol=64 0.17s 2026-07-22T17:45:35.288
ATTEMPT 5 W0 TRACK 1 2026-07-22T17:45:35.288
ATTEMPT 5 W0 TRACKED 1 nsol=64 0.05s 2026-07-22T17:45:35.334
ATTEMPT 5 W0 TRACK 2 2026-07-22T17:45:35.339
ATTEMPT 5 W0 TRACKED 2 nsol=64 0.04s 2026-07-22T17:45:35.383
ATTEMPT 5 W0 TRACK 3 2026-07-22T17:45:35.391
ATTEMPT 5 W0 TRACKED 3 nsol=64 0.05s 2026-07-22T17:45:35.442
ATTEMPT 5 W0 TRACK 4 2026-07-22T17:45:35.443
ATTEMPT 5 W0 TRACKED 4 nsol=64 0.06s 2026-07-22T17:45:35.500
ATTEMPT 5 W0 TRACK 5 2026-07-22T17:45:35.500
ATTEMPT 5 W0 TRACKED 5 nsol=64 0.05s 2026-07-22T17:45:35.554
ATTEMPT 5 W0 TRACK 6 2026-07-22T17:45:35.554
ATTEMPT 5 W0 TRACKED 6 nsol=64 0.12s 2026-07-22T17:45:35.671
ATTEMPT 5 W0 TRACK 7 2026-07-22T17:45:35.683
ATTEMPT 5 W0 TRACKED 7 nsol=64 0.06s 2026-07-22T17:45:35.742
ATTEMPT 5 W0 TRACK 8 2026-07-22T17:45:35.742
ATTEMPT 5 W0 TRACKED 8 nsol=64 0.05s 2026-07-22T17:45:35.793
ATTEMPT 5 W0 TRACK 9 2026-07-22T17:45:35.799
ATTEMPT 5 W0 TRACKED 9 nsol=64 0.09s 2026-07-22T17:45:35.891
ATTEMPT 5 W0 TRACK 10 2026-07-22T17:45:35.891
ATTEMPT 5 W0 TRACKED 10 nsol=64 0.06s 2026-07-22T17:45:35.950
ATTEMPT 5 W0 TRACK 11 2026-07-22T17:45:35.955
ATTEMPT 5 W0 TRACKED 11 nsol=64 0.06s 2026-07-22T17:45:36.012
ATTEMPT 5 W0 TRACK 12 2026-07-22T17:45:36.012
ATTEMPT 5 W0 TRACKED 12 nsol=64 0.05s 2026-07-22T17:45:36.059
ATTEMPT 5 W0 TRACK 13 2026-07-22T17:45:36.059
ATTEMPT 5 W0 TRACKED 13 nsol=64 0.04s 2026-07-22T17:45:36.104
ATTEMPT 5 W0 TRACK 14 2026-07-22T17:45:36.104
ATTEMPT 5 W0 TRACKED 14 nsol=64 0.05s 2026-07-22T17:45:36.150
ATTEMPT 5 W0 TRACK 15 2026-07-22T17:45:36.159
ATTEMPT 5 W0 TRACKED 15 nsol=64 0.08s 2026-07-22T17:45:36.243
ATTEMPT 5 W0 TRACK 16 2026-07-22T17:45:36.243
ATTEMPT 5 W0 TRACKED 16 nsol=64 0.07s 2026-07-22T17:45:36.312
ATTEMPT 5 W0 TRACK 17 2026-07-22T17:45:36.312
ATTEMPT 5 W0 TRACKED 17 nsol=64 0.07s 2026-07-22T17:45:36.387
ATTEMPT 5 W0 TRACK 18 2026-07-22T17:45:36.387
ATTEMPT 5 W0 TRACKED 18 nsol=64 0.06s 2026-07-22T17:45:36.451
ATTEMPT 5 W0 TRACK 19 2026-07-22T17:45:36.459
ATTEMPT 5 W0 TRACKED 19 nsol=64 0.09s 2026-07-22T17:45:36.552
ATTEMPT 5 W0 TRACK 20 2026-07-22T17:45:36.552
ATTEMPT 5 W0 TRACKED 20 nsol=64 0.06s 2026-07-22T17:45:36.610
ATTEMPT 5 W0 TRACK 21 2026-07-22T17:45:36.610
ATTEMPT 5 W0 TRACKED 21 nsol=64 0.08s 2026-07-22T17:45:36.686
ATTEMPT 5 W0 TRACK 22 2026-07-22T17:45:36.686
ATTEMPT 5 W0 TRACKED 22 nsol=64 0.09s 2026-07-22T17:45:36.773
ATTEMPT 5 W0 TRACK 23 2026-07-22T17:45:36.779
ATTEMPT 5 W0 TRACKED 23 nsol=64 0.04s 2026-07-22T17:45:36.817
ATTEMPT 5 W0 TRACK 24 2026-07-22T17:45:36.817
ATTEMPT 5 W0 TRACKED 24 nsol=64 0.02s 2026-07-22T17:45:36.841
ATTEMPT 5 W0 TRACK 25 2026-07-22T17:45:36.841
ATTEMPT 5 W0 TRACKED 25 nsol=64 0.05s 2026-07-22T17:45:36.888
ATTEMPT 5 W0 DONE ptrack seed=330855 nsol=64 1.77s 2026-07-22T17:45:36.889
ATTEMPT 6 W0 START ptrack6x2 seed=330856 2026-07-22T17:45:36.889
ATTEMPT 6 W0 SOLVE ptrack fresh 2026-07-22T17:45:37.103
ATTEMPT 6 W0 FRESH-DONE nsol=64 0.15s 2026-07-22T17:45:37.257
ATTEMPT 6 W0 TRACK 1 2026-07-22T17:45:37.257
ATTEMPT 6 W0 TRACKED 1 nsol=64 0.09s 2026-07-22T17:45:37.348
ATTEMPT 6 W0 TRACK 2 2026-07-22T17:45:37.351
ATTEMPT 6 W0 TRACKED 2 nsol=64 0.06s 2026-07-22T17:45:37.409
ATTEMPT 6 W0 TRACK 3 2026-07-22T17:45:37.415
ATTEMPT 6 W0 TRACKED 3 nsol=64 0.08s 2026-07-22T17:45:37.491
ATTEMPT 6 W0 TRACK 4 2026-07-22T17:45:37.494
ATTEMPT 6 W0 TRACKED 4 nsol=64 0.07s 2026-07-22T17:45:37.563
ATTEMPT 6 W0 TRACK 5 2026-07-22T17:45:37.571
ATTEMPT 6 W0 TRACKED 5 nsol=64 0.04s 2026-07-22T17:45:37.614
ATTEMPT 6 W0 TRACK 6 2026-07-22T17:45:37.619
ATTEMPT 6 W0 TRACKED 6 nsol=64 0.06s 2026-07-22T17:45:37.683
ATTEMPT 6 W0 TRACK 7 2026-07-22T17:45:37.695
ATTEMPT 6 W0 TRACKED 7 nsol=64 0.08s 2026-07-22T17:45:37.780
ATTEMPT 6 W0 TRACK 8 2026-07-22T17:45:37.780
ATTEMPT 6 W0 TRACKED 8 nsol=64 0.05s 2026-07-22T17:45:37.834
ATTEMPT 6 W0 TRACK 9 2026-07-22T17:45:37.834
ATTEMPT 6 W0 TRACKED 9 nsol=64 0.05s 2026-07-22T17:45:37.886
ATTEMPT 6 W0 TRACK 10 2026-07-22T17:45:37.887
ATTEMPT 6 W0 TRACKED 10 nsol=64 0.10s 2026-07-22T17:45:37.983
ATTEMPT 6 W0 TRACK 11 2026-07-22T17:45:37.995
ATTEMPT 6 W0 TRACKED 11 nsol=64 0.10s 2026-07-22T17:45:38.092
ATTEMPT 6 W0 TRACK 12 2026-07-22T17:45:38.092
ATTEMPT 6 W0 TRACKED 12 nsol=64 0.07s 2026-07-22T17:45:38.166
ATTEMPT 6 W0 TRACK 13 2026-07-22T17:45:38.166
ATTEMPT 6 W0 TRACKED 13 nsol=64 0.05s 2026-07-22T17:45:38.219
ATTEMPT 6 W0 TRACK 14 2026-07-22T17:45:38.219
ATTEMPT 6 W0 TRACKED 14 nsol=64 0.09s 2026-07-22T17:45:38.306
ATTEMPT 6 W0 TRACK 15 2026-07-22T17:45:38.311
ATTEMPT 6 W0 TRACKED 15 nsol=64 0.08s 2026-07-22T17:45:38.394
ATTEMPT 6 W0 TRACK 16 2026-07-22T17:45:38.400
ATTEMPT 6 W0 TRACKED 16 nsol=64 0.05s 2026-07-22T17:45:38.450
ATTEMPT 6 W0 TRACK 17 2026-07-22T17:45:38.450
ATTEMPT 6 W0 TRACKED 17 nsol=64 0.07s 2026-07-22T17:45:38.516
ATTEMPT 6 W0 TRACK 18 2026-07-22T17:45:38.516
ATTEMPT 6 W0 TRACKED 18 nsol=64 0.07s 2026-07-22T17:45:38.586
ATTEMPT 6 W0 TRACK 19 2026-07-22T17:45:38.591
ATTEMPT 6 W0 TRACKED 19 nsol=64 0.07s 2026-07-22T17:45:38.656
ATTEMPT 6 W0 TRACK 20 2026-07-22T17:45:38.657
ATTEMPT 6 W0 TRACKED 20 nsol=64 0.05s 2026-07-22T17:45:38.709
ATTEMPT 6 W0 TRACK 21 2026-07-22T17:45:38.715
ATTEMPT 6 W0 TRACKED 21 nsol=64 0.06s 2026-07-22T17:45:38.773
ATTEMPT 6 W0 TRACK 22 2026-07-22T17:45:38.779
ATTEMPT 6 W0 TRACKED 22 nsol=64 0.06s 2026-07-22T17:45:38.835
ATTEMPT 6 W0 TRACK 23 2026-07-22T17:45:38.835
ATTEMPT 6 W0 TRACKED 23 nsol=64 0.06s 2026-07-22T17:45:38.899
ATTEMPT 6 W0 TRACK 24 2026-07-22T17:45:38.903
ATTEMPT 6 W0 TRACKED 24 nsol=64 0.06s 2026-07-22T17:45:38.962
ATTEMPT 6 W0 TRACK 25 2026-07-22T17:45:38.966
ATTEMPT 6 W0 TRACKED 25 nsol=64 0.07s 2026-07-22T17:45:39.041
ATTEMPT 6 W0 DONE ptrack seed=330856 nsol=64 1.93s 2026-07-22T17:45:39.041
ATTEMPT 7 W0 START ptrack6x2 seed=330857 2026-07-22T17:45:39.041
ATTEMPT 7 W0 SOLVE ptrack fresh 2026-07-22T17:45:39.250
ATTEMPT 7 W0 FRESH-DONE nsol=64 0.57s 2026-07-22T17:45:39.826
ATTEMPT 7 W0 TRACK 1 2026-07-22T17:45:39.831
ATTEMPT 7 W0 TRACKED 1 nsol=64 0.07s 2026-07-22T17:45:39.897
ATTEMPT 7 W0 TRACK 2 2026-07-22T17:45:39.897
ATTEMPT 7 W0 TRACKED 2 nsol=64 0.04s 2026-07-22T17:45:39.941
ATTEMPT 7 W0 TRACK 3 2026-07-22T17:45:39.941
ATTEMPT 7 W0 TRACKED 3 nsol=64 0.07s 2026-07-22T17:45:40.014
ATTEMPT 7 W0 TRACK 4 2026-07-22T17:45:40.014
ATTEMPT 7 W0 TRACKED 4 nsol=64 0.11s 2026-07-22T17:45:40.120
ATTEMPT 7 W0 TRACK 5 2026-07-22T17:45:40.120
ATTEMPT 7 W0 TRACKED 5 nsol=64 0.05s 2026-07-22T17:45:40.170
ATTEMPT 7 W0 TRACK 6 2026-07-22T17:45:40.170
ATTEMPT 7 W0 TRACKED 6 nsol=64 0.05s 2026-07-22T17:45:40.225
ATTEMPT 7 W0 TRACK 7 2026-07-22T17:45:40.225
ATTEMPT 7 W0 TRACKED 7 nsol=64 0.04s 2026-07-22T17:45:40.265
ATTEMPT 7 W0 TRACK 8 2026-07-22T17:45:40.265
ATTEMPT 7 W0 TRACKED 8 nsol=64 0.02s 2026-07-22T17:45:40.289
ATTEMPT 7 W0 TRACK 9 2026-07-22T17:45:40.289
ATTEMPT 7 W0 TRACKED 9 nsol=64 0.02s 2026-07-22T17:45:40.312
ATTEMPT 7 W0 TRACK 10 2026-07-22T17:45:40.312
ATTEMPT 7 W0 TRACKED 10 nsol=64 0.02s 2026-07-22T17:45:40.335
ATTEMPT 7 W0 TRACK 11 2026-07-22T17:45:40.335
ATTEMPT 7 W0 TRACKED 11 nsol=64 0.02s 2026-07-22T17:45:40.359
ATTEMPT 7 W0 TRACK 12 2026-07-22T17:45:40.359
ATTEMPT 7 W0 TRACKED 12 nsol=64 0.02s 2026-07-22T17:45:40.383
ATTEMPT 7 W0 TRACK 13 2026-07-22T17:45:40.383
ATTEMPT 7 W0 TRACKED 13 nsol=64 0.03s 2026-07-22T17:45:40.411
ATTEMPT 7 W0 TRACK 14 2026-07-22T17:45:40.411
ATTEMPT 7 W0 TRACKED 14 nsol=64 0.03s 2026-07-22T17:45:40.441
ATTEMPT 7 W0 TRACK 15 2026-07-22T17:45:40.441
ATTEMPT 7 W0 TRACKED 15 nsol=64 0.03s 2026-07-22T17:45:40.471
ATTEMPT 7 W0 TRACK 16 2026-07-22T17:45:40.471
ATTEMPT 7 W0 TRACKED 16 nsol=64 0.02s 2026-07-22T17:45:40.496
ATTEMPT 7 W0 TRACK 17 2026-07-22T17:45:40.496
ATTEMPT 7 W0 TRACKED 17 nsol=64 0.02s 2026-07-22T17:45:40.519
ATTEMPT 7 W0 TRACK 18 2026-07-22T17:45:40.519
ATTEMPT 7 W0 TRACKED 18 nsol=64 0.04s 2026-07-22T17:45:40.563
ATTEMPT 7 W0 TRACK 19 2026-07-22T17:45:40.567
ATTEMPT 7 W0 TRACKED 19 nsol=64 0.06s 2026-07-22T17:45:40.632
ATTEMPT 7 W0 TRACK 20 2026-07-22T17:45:40.632
ATTEMPT 7 W0 TRACKED 20 nsol=64 0.07s 2026-07-22T17:45:40.706
ATTEMPT 7 W0 TRACK 21 2026-07-22T17:45:40.711
┌ Warning: Ingored unsupported keyword arguments: gamma = 0.10772287923622993 - 0.9941809600314505im
└ @ HomotopyContinuation ~/.julia/packages/HomotopyContinuation/98yZ2/src/utils.jl:170
┌ Warning: Ingored unsupported keyword arguments: gamma = -0.7837537440155926 + 0.6210717098222563im
└ @ HomotopyContinuation ~/.julia/packages/HomotopyContinuation/98yZ2/src/utils.jl:170
┌ Warning: Ingored unsupported keyword arguments: gamma = -0.9930111493360996 - 0.11802057996043959im
└ @ HomotopyContinuation ~/.julia/packages/HomotopyContinuation/98yZ2/src/utils.jl:170
┌ Warning: Ingored unsupported keyword arguments: gamma = 0.16371087323044184 - 0.9865083628566593im
└ @ HomotopyContinuation ~/.julia/packages/HomotopyContinuation/98yZ2/src/utils.jl:170
┌ Warning: Ingored unsupported keyword arguments: gamma = 0.8265455923019996 + 0.5628697752110488im
└ @ HomotopyContinuation ~/.julia/packages/HomotopyContinuation/98yZ2/src/utils.jl:170
┌ Warning: Ingored unsupported keyword arguments: gamma = -0.5734996130939938 - 0.8192058311444319im
└ @ HomotopyContinuation ~/.julia/packages/HomotopyContinuation/98yZ2/src/utils.jl:170
┌ Warning: Ingored unsupported keyword arguments: gamma = -0.5745383316696245 - 0.8184776755918787im
└ @ HomotopyContinuation ~/.julia/packages/HomotopyContinuation/98yZ2/src/utils.jl:170
┌ Warning: Ingored unsupported keyword arguments: gamma = 0.41566270717718207 + 0.9095188364526247im
└ @ HomotopyContinuation ~/.julia/packages/HomotopyContinuation/98yZ2/src/utils.jl:170
┌ Warning: Ingored unsupported keyword arguments: gamma = -0.08754928626423762 - 0.996160189163682im
└ @ HomotopyContinuation ~/.julia/packages/HomotopyContinuation/98yZ2/src/utils.jl:170
┌ Warning: Ingored unsupported keyword arguments: gamma = 0.9950958853232365 - 0.09891500903687102im
└ @ HomotopyContinuation ~/.julia/packages/HomotopyContinuation/98yZ2/src/utils.jl:170
┌ Warning: Ingored unsupported keyword arguments: gamma = -0.8197417647814 - 0.5727333053639152im
└ @ HomotopyContinuation ~/.julia/packages/HomotopyContinuation/98yZ2/src/utils.jl:170
┌ Warning: Ingored unsupported keyword arguments: gamma = -0.21637369568788228 + 0.9763106185094822im
└ @ HomotopyContinuation ~/.julia/packages/HomotopyContinuation/98yZ2/src/utils.jl:170
┌ Warning: Ingored unsupported keyword arguments: gamma = -0.3930581031756922 + 0.9195136364012917im
└ @ HomotopyContinuation ~/.julia/packages/HomotopyContinuation/98yZ2/src/utils.jl:170
┌ Warning: Ingored unsupported keyword arguments: gamma = 0.912421358002248 - 0.4092520805827792im
└ @ HomotopyContinuation ~/.julia/packages/HomotopyContinuation/98yZ2/src/utils.jl:170
┌ Warning: Ingored unsupported keyword arguments: gamma = -0.7259191504319984 - 0.6877800426270638im
└ @ HomotopyContinuation ~/.julia/packages/HomotopyContinuation/98yZ2/src/utils.jl:170
┌ Warning: Ingored unsupported keyword arguments: gamma = 0.8934674210085968 + 0.44912800802916636im
└ @ HomotopyContinuation ~/.julia/packages/HomotopyContinuation/98yZ2/src/utils.jl:170
┌ Warning: Ingored unsupported keyword arguments: gamma = 0.07707885429534679 + 0.9970249997971549im
└ @ HomotopyContinuation ~/.julia/packages/HomotopyContinuation/98yZ2/src/utils.jl:170
┌ Warning: Ingored unsupported keyword arguments: gamma = 0.6403823433261144 + 0.7680562833257433im
└ @ HomotopyContinuation ~/.julia/packages/HomotopyContinuation/98yZ2/src/utils.jl:170
┌ Warning: Ingored unsupported keyword arguments: gamma = 0.9328022108648043 - 0.36038872818906686im
└ @ HomotopyContinuation ~/.julia/packages/HomotopyContinuation/98yZ2/src/utils.jl:170
┌ Warning: Ingored unsupported keyword arguments: gamma = -0.8177526170602806 + 0.5755698543974155im
└ @ HomotopyContinuation ~/.julia/packages/HomotopyContinuation/98yZ2/src/utils.jl:170
┌ Warning: Ingored unsupported keyword arguments: gamma = -0.818285833459718 + 0.5748115297722678im
└ @ HomotopyContinuation ~/.julia/packages/HomotopyContinuation/98yZ2/src/utils.jl:170
┌ Warning: Ingored unsupported keyword arguments: gamma = -0.9061407887949411 + 0.4229762060471982im
└ @ HomotopyContinuation ~/.julia/packages/HomotopyContinuation/98yZ2/src/utils.jl:170
┌ Warning: Ingored unsupported keyword arguments: gamma = -0.665665559034857 - 0.7462502016849384im
└ @ HomotopyContinuation ~/.julia/packages/HomotopyContinuation/98yZ2/src/utils.jl:170
┌ Warning: Ingored unsupported keyword arguments: gamma = -0.9997801818259762 + 0.020966354666896635im
└ @ HomotopyContinuation ~/.julia/packages/HomotopyContinuation/98yZ2/src/utils.jl:170
┌ Warning: Ingored unsupported keyword arguments: gamma = -0.19785808399136223 - 0.9802306762182394im
└ @ HomotopyContinuation ~/.julia/packages/HomotopyContinuation/98yZ2/src/utils.jl:170
┌ Warning: Ingored unsupported keyword arguments: gamma = -0.6690790941289558 + 0.7431912040649942im
└ @ HomotopyContinuation ~/.julia/packages/HomotopyContinuation/98yZ2/src/utils.jl:170
┌ Warning: Ingored unsupported keyword arguments: gamma = -0.999409478313015 - 0.03436123772664848im
└ @ HomotopyContinuation ~/.julia/packages/HomotopyContinuation/98yZ2/src/utils.jl:170
┌ Warning: Ingored unsupported keyword arguments: gamma = -0.8554670358516796 - 0.517857268531727im
└ @ HomotopyContinuation ~/.julia/packages/HomotopyContinuation/98yZ2/src/utils.jl:170
┌ Warning: Ingored unsupported keyword arguments: gamma = -0.3302918259723 + 0.9438788638887322im
└ @ HomotopyContinuation ~/.julia/packages/HomotopyContinuation/98yZ2/src/utils.jl:170
┌ Warning: Ingored unsupported keyword arguments: gamma = 0.932170672354089 + 0.3620191122066977im
└ @ HomotopyContinuation ~/.julia/packages/HomotopyContinuation/98yZ2/src/utils.jl:170
┌ Warning: Ingored unsupported keyword arguments: gamma = -0.8111878925107434 + 0.5847856043405811im
└ @ HomotopyContinuation ~/.julia/packages/HomotopyContinuation/98yZ2/src/utils.jl:170
┌ Warning: Ingored unsupported keyword arguments: gamma = -0.989891231443532 - 0.14182859341898493im
└ @ HomotopyContinuation ~/.julia/packages/HomotopyContinuation/98yZ2/src/utils.jl:170
┌ Warning: Ingored unsupported keyword arguments: gamma = 0.7813583954483764 + 0.6240825729519602im
└ @ HomotopyContinuation ~/.julia/packages/HomotopyContinuation/98yZ2/src/utils.jl:170
┌ Warning: Ingored unsupported keyword arguments: gamma = 0.9342986274798448 - 0.3564913388699341im
└ @ HomotopyContinuation ~/.julia/packages/HomotopyContinuation/98yZ2/src/utils.jl:170
┌ Warning: Ingored unsupported keyword arguments: gamma = -0.6448445680306258 + 0.7643137334114803im
└ @ HomotopyContinuation ~/.julia/packages/HomotopyContinuation/98yZ2/src/utils.jl:170
┌ Warning: Ingored unsupported keyword arguments: gamma = 0.39545480719385423 + 0.9184854356315464im
└ @ HomotopyContinuation ~/.julia/packages/HomotopyContinuation/98yZ2/src/utils.jl:170
┌ Warning: Ingored unsupported keyword arguments: gamma = 0.9771492833266635 - 0.2125541768448408im
└ @ HomotopyContinuation ~/.julia/packages/HomotopyContinuation/98yZ2/src/utils.jl:170
┌ Warning: Ingored unsupported keyword arguments: gamma = -0.955686206790405 + 0.29438728598661895im
└ @ HomotopyContinuation ~/.julia/packages/HomotopyContinuation/98yZ2/src/utils.jl:170
┌ Warning: Ingored unsupported keyword arguments: gamma = 0.30326834213291687 + 0.9529051960504529im
└ @ HomotopyContinuation ~/.julia/packages/HomotopyContinuation/98yZ2/src/utils.jl:170
┌ Warning: Ingored unsupported keyword arguments: gamma = -0.9610219127824926 - 0.27647221045139253im
└ @ HomotopyContinuation ~/.julia/packages/HomotopyContinuation/98yZ2/src/utils.jl:170
┌ Warning: Ingored unsupported keyword arguments: gamma = 0.6511456383203594 - 0.7589528033391614im
└ @ HomotopyContinuation ~/.julia/packages/HomotopyContinuation/98yZ2/src/utils.jl:170
┌ Warning: Ingored unsupported keyword arguments: gamma = -0.5327787289627701 - 0.846254586968257im
└ @ HomotopyContinuation ~/.julia/packages/HomotopyContinuation/98yZ2/src/utils.jl:170
┌ Warning: Ingored unsupported keyword arguments: gamma = 0.7560517013009661 - 0.6545118982569489im
└ @ HomotopyContinuation ~/.julia/packages/HomotopyContinuation/98yZ2/src/utils.jl:170
┌ Warning: Ingored unsupported keyword arguments: gamma = -0.4976793177271764 + 0.8673611109028421im
└ @ HomotopyContinuation ~/.julia/packages/HomotopyContinuation/98yZ2/src/utils.jl:170
┌ Warning: Ingored unsupported keyword arguments: gamma = 0.886062308865367 + 0.46356616011975565im
└ @ HomotopyContinuation ~/.julia/packages/HomotopyContinuation/98yZ2/src/utils.jl:170
┌ Warning: Ingored unsupported keyword arguments: gamma = -0.024271488972786495 + 0.9997054040181257im
└ @ HomotopyContinuation ~/.julia/packages/HomotopyContinuation/98yZ2/src/utils.jl:170
┌ Warning: Ingored unsupported keyword arguments: gamma = -0.3850105880552289 + 0.9229121556710405im
└ @ HomotopyContinuation ~/.julia/packages/HomotopyContinuation/98yZ2/src/utils.jl:170
┌ Warning: Ingored unsupported keyword arguments: gamma = -0.6923525171127898 - 0.7215594168518515im
└ @ HomotopyContinuation ~/.julia/packages/HomotopyContinuation/98yZ2/src/utils.jl:170
┌ Warning: Ingored unsupported keyword arguments: gamma = -0.8092311450955456 + 0.5874903861403623im
└ @ HomotopyContinuation ~/.julia/packages/HomotopyContinuation/98yZ2/src/utils.jl:170
┌ Warning: Ingored unsupported keyword arguments: gamma = -0.8427733285523666 + 0.5382686287354712im
└ @ HomotopyContinuation ~/.julia/packages/HomotopyContinuation/98yZ2/src/utils.jl:170
┌ Warning: Ingored unsupported keyword arguments: gamma = 0.9466206065526725 - 0.3223498522565977im
└ @ HomotopyContinuation ~/.julia/packages/HomotopyContinuation/98yZ2/src/utils.jl:170
┌ Warning: Ingored unsupported keyword arguments: gamma = -0.9610136658752615 - 0.27650087522644695im
└ @ HomotopyContinuation ~/.julia/packages/HomotopyContinuation/98yZ2/src/utils.jl:170
┌ Warning: Ingored unsupported keyword arguments: gamma = 0.6374086062954624 - 0.7705259688164158im
└ @ HomotopyContinuation ~/.julia/packages/HomotopyContinuation/98yZ2/src/utils.jl:170
┌ Warning: Ingored unsupported keyword arguments: gamma = -0.7730844082908535 - 0.6343031591105163im
└ @ HomotopyContinuation ~/.julia/packages/HomotopyContinuation/98yZ2/src/utils.jl:170
┌ Warning: Ingored unsupported keyword arguments: gamma = -0.5074455236921591 + 0.8616838402133292im
└ @ HomotopyContinuation ~/.julia/packages/HomotopyContinuation/98yZ2/src/utils.jl:170
┌ Warning: Ingored unsupported keyword arguments: gamma = -0.8377465388802124 - 0.5460592793774544im
└ @ HomotopyContinuation ~/.julia/packages/HomotopyContinuation/98yZ2/src/utils.jl:170
┌ Warning: Ingored unsupported keyword arguments: gamma = 0.1413126768520166 - 0.989965013200425im
└ @ HomotopyContinuation ~/.julia/packages/HomotopyContinuation/98yZ2/src/utils.jl:170
┌ Warning: Ingored unsupported keyword arguments: gamma = 0.871068166403117 + 0.49116214174049666im
└ @ HomotopyContinuation ~/.julia/packages/HomotopyContinuation/98yZ2/src/utils.jl:170
┌ Warning: Ingored unsupported keyword arguments: gamma = 0.9974533364400109 + 0.07132209773058036im
└ @ HomotopyContinuation ~/.julia/packages/HomotopyContinuation/98yZ2/src/utils.jl:170
┌ Warning: Ingored unsupported keyword arguments: gamma = 0.7880788206722252 - 0.6155743435263321im
└ @ HomotopyContinuation ~/.julia/packages/HomotopyContinuation/98yZ2/src/utils.jl:170
┌ Warning: Ingored unsupported keyword arguments: gamma = -0.6747280890964407 + 0.7380663965960418im
└ @ HomotopyContinuation ~/.julia/packages/HomotopyContinuation/98yZ2/src/utils.jl:170
┌ Warning: Ingored unsupported keyword arguments: gamma = -0.2313733446086552 - 0.9728650345266832im
└ @ HomotopyContinuation ~/.julia/packages/HomotopyContinuation/98yZ2/src/utils.jl:170
┌ Warning: Ingored unsupported keyword arguments: gamma = -0.40023629277784023 + 0.9164119761021519im
└ @ HomotopyContinuation ~/.julia/packages/HomotopyContinuation/98yZ2/src/utils.jl:170
┌ Warning: Ingored unsupported keyword arguments: gamma = -0.2562493030416123 + 0.9666107255202002im
└ @ HomotopyContinuation ~/.julia/packages/HomotopyContinuation/98yZ2/src/utils.jl:170
┌ Warning: Ingored unsupported keyword arguments: gamma = -0.2748063348097797 - 0.9614995987250412im
└ @ HomotopyContinuation ~/.julia/packages/HomotopyContinuation/98yZ2/src/utils.jl:170
┌ Warning: Ingored unsupported keyword arguments: gamma = 0.771008553274823 - 0.6368247881301924im
└ @ HomotopyContinuation ~/.julia/packages/HomotopyContinuation/98yZ2/src/utils.jl:170
┌ Warning: Ingored unsupported keyword arguments: gamma = 0.499198813349027 + 0.8664874752418082im
└ @ HomotopyContinuation ~/.julia/packages/HomotopyContinuation/98yZ2/src/utils.jl:170
┌ Warning: Ingored unsupported keyword arguments: gamma = -0.9909955963677565 + 0.13389446582930398im
└ @ HomotopyContinuation ~/.julia/packages/HomotopyContinuation/98yZ2/src/utils.jl:170
┌ Warning: Ingored unsupported keyword arguments: gamma = -0.9782642086824743 - 0.20736233508246468im
└ @ HomotopyContinuation ~/.julia/packages/HomotopyContinuation/98yZ2/src/utils.jl:170
┌ Warning: Ingored unsupported keyword arguments: gamma = -0.9974089971341826 - 0.07193950539018208im
└ @ HomotopyContinuation ~/.julia/packages/HomotopyContinuation/98yZ2/src/utils.jl:170
┌ Warning: Ingored unsupported keyword arguments: gamma = -0.08708604449015911 + 0.996200793442295im
└ @ HomotopyContinuation ~/.julia/packages/HomotopyContinuation/98yZ2/src/utils.jl:170
┌ Warning: Ingored unsupported keyword arguments: gamma = 0.8340388104888061 + 0.5517057753897611im
└ @ HomotopyContinuation ~/.julia/packages/HomotopyContinuation/98yZ2/src/utils.jl:170
┌ Warning: Ingored unsupported keyword arguments: gamma = -0.16349395075084736 - 0.9865443365951069im
└ @ HomotopyContinuation ~/.julia/packages/HomotopyContinuation/98yZ2/src/utils.jl:170
┌ Warning: Ingored unsupported keyword arguments: gamma = 0.6696788197112266 + 0.7426508455729237im
└ @ HomotopyContinuation ~/.julia/packages/HomotopyContinuation/98yZ2/src/utils.jl:170
┌ Warning: Ingored unsupported keyword arguments: gamma = 0.738799618811796 - 0.6739251614560365im
└ @ HomotopyContinuation ~/.julia/packages/HomotopyContinuation/98yZ2/src/utils.jl:170
┌ Warning: Ingored unsupported keyword arguments: gamma = -0.15408528500889723 - 0.9880575514329755im
└ @ HomotopyContinuation ~/.julia/packages/HomotopyContinuation/98yZ2/src/utils.jl:170
┌ Warning: Ingored unsupported keyword arguments: gamma = -0.44091540151827135 - 0.8975486664822033im
└ @ HomotopyContinuation ~/.julia/packages/HomotopyContinuation/98yZ2/src/utils.jl:170
┌ Warning: Ingored unsupported keyword arguments: gamma = 0.4887839345695463 + 0.8724048746463499im
└ @ HomotopyContinuation ~/.julia/packages/HomotopyContinuation/98yZ2/src/utils.jl:170
┌ Warning: Ingored unsupported keyword arguments: gamma = 0.7381650129682654 - 0.6746201995416091im
└ @ HomotopyContinuation ~/.julia/packages/HomotopyContinuation/98yZ2/src/utils.jl:170
┌ Warning: Ingored unsupported keyword arguments: gamma = -0.9588399220799484 + 0.2839471849230389im
└ @ HomotopyContinuation ~/.julia/packages/HomotopyContinuation/98yZ2/src/utils.jl:170
┌ Warning: Ingored unsupported keyword arguments: gamma = 0.7724659494995367 - 0.6350561840213661im
└ @ HomotopyContinuation ~/.julia/packages/HomotopyContinuation/98yZ2/src/utils.jl:170
┌ Warning: Ingored unsupported keyword arguments: gamma = -0.019349775661219162 + 0.9998127755644356im
└ @ HomotopyContinuation ~/.julia/packages/HomotopyContinuation/98yZ2/src/utils.jl:170
┌ Warning: Ingored unsupported keyword arguments: gamma = 0.8548698475509674 + 0.5188425037987788im
└ @ HomotopyContinuation ~/.julia/packages/HomotopyContinuation/98yZ2/src/utils.jl:170
┌ Warning: Ingored unsupported keyword arguments: gamma = -0.7312907779203602 + 0.6820658312279206im
└ @ HomotopyContinuation ~/.julia/packages/HomotopyContinuation/98yZ2/src/utils.jl:170
┌ Warning: Ingored unsupported keyword arguments: gamma = -0.18327792123037268 - 0.9830611392937233im
└ @ HomotopyContinuation ~/.julia/packages/HomotopyContinuation/98yZ2/src/utils.jl:170
┌ Warning: Ingored unsupported keyword arguments: gamma = 0.9998296723244621 + 0.018456065115804207im
└ @ HomotopyContinuation ~/.julia/packages/HomotopyContinuation/98yZ2/src/utils.jl:170
┌ Warning: Ingored unsupported keyword arguments: gamma = -0.974517871139157 + 0.22430987234271552im
└ @ HomotopyContinuation ~/.julia/packages/HomotopyContinuation/98yZ2/src/utils.jl:170
┌ Warning: Ingored unsupported keyword arguments: gamma = -0.9314818209584961 + 0.36378787393733225im
└ @ HomotopyContinuation ~/.julia/packages/HomotopyContinuation/98yZ2/src/utils.jl:170
┌ Warning: Ingored unsupported keyword arguments: gamma = 0.9802537287642925 + 0.19774384249250543im
└ @ HomotopyContinuation ~/.julia/packages/HomotopyContinuation/98yZ2/src/utils.jl:170
┌ Warning: Ingored unsupported keyword arguments: gamma = -0.44643325331281647 - 0.894816936773402im
└ @ HomotopyContinuation ~/.julia/packages/HomotopyContinuation/98yZ2/src/utils.jl:170
┌ Warning: Ingored unsupported keyword arguments: gamma = 0.6666887754682113 + 0.7453362171964388im
└ @ HomotopyContinuation ~/.julia/packages/HomotopyContinuation/98yZ2/src/utils.jl:170
┌ Warning: Ingored unsupported keyword arguments: gamma = 0.26508736834006547 + 0.964224396676696im
└ @ HomotopyContinuation ~/.julia/packages/HomotopyContinuation/98yZ2/src/utils.jl:170
┌ Warning: Ingored unsupported keyword arguments: gamma = 0.8224299457792044 - 0.5688664028448287im
└ @ HomotopyContinuation ~/.julia/packages/HomotopyContinuation/98yZ2/src/utils.jl:170
┌ Warning: Ingored unsupported keyword arguments: gamma = -0.9769655491918509 - 0.21339708454490464im
└ @ HomotopyContinuation ~/.julia/packages/HomotopyContinuation/98yZ2/src/utils.jl:170
┌ Warning: Ingored unsupported keyword arguments: gamma = -0.7514866217857404 + 0.6597483287413888im
└ @ HomotopyContinuation ~/.julia/packages/HomotopyContinuation/98yZ2/src/utils.jl:170
┌ Warning: Ingored unsupported keyword arguments: gamma = -0.9966358205048875 + 0.081957557836661im
└ @ HomotopyContinuation ~/.julia/packages/HomotopyContinuation/98yZ2/src/utils.jl:170
┌ Warning: Ingored unsupported keyword arguments: gamma = 0.06060482717355942 + 0.9981618380419395im
└ @ HomotopyContinuation ~/.julia/packages/HomotopyContinuation/98yZ2/src/utils.jl:170
┌ Warning: Ingored unsupported keyword arguments: gamma = 0.7356190365144605 + 0.6773954776329237im
└ @ HomotopyContinuation ~/.julia/packages/HomotopyContinuation/98yZ2/src/utils.jl:170
┌ Warning: Ingored unsupported keyword arguments: gamma = -0.30654826454434614 + 0.9518551158158733im
└ @ HomotopyContinuation ~/.julia/packages/HomotopyContinuation/98yZ2/src/utils.jl:170
┌ Warning: Ingored unsupported keyword arguments: gamma = 0.8814561433747243 - 0.4722658862409579im
└ @ HomotopyContinuation ~/.julia/packages/HomotopyContinuation/98yZ2/src/utils.jl:170
┌ Warning: Ingored unsupported keyword arguments: gamma = -0.42893077927409684 - 0.9033373603429209im
└ @ HomotopyContinuation ~/.julia/packages/HomotopyContinuation/98yZ2/src/utils.jl:170
┌ Warning: Ingored unsupported keyword arguments: gamma = 0.6857654705133883 + 0.7278225878959453im
└ @ HomotopyContinuation ~/.julia/packages/HomotopyContinuation/98yZ2/src/utils.jl:170
┌ Warning: Ingored unsupported keyword arguments: gamma = -0.9723964506240559 + 0.23333482983416368im
└ @ HomotopyContinuation ~/.julia/packages/HomotopyContinuation/98yZ2/src/utils.jl:170
┌ Warning: Ingored unsupported keyword arguments: gamma = -0.08106236161100318 + 0.9967090315282826im
└ @ HomotopyContinuation ~/.julia/packages/HomotopyContinuation/98yZ2/src/utils.jl:170
┌ Warning: Ingored unsupported keyword arguments: gamma = 0.6409298306206825 + 0.7675994738276878im
└ @ HomotopyContinuation ~/.julia/packages/HomotopyContinuation/98yZ2/src/utils.jl:170
┌ Warning: Ingored unsupported keyword arguments: gamma = 0.9511523185001356 - 0.3087219898416967im
└ @ HomotopyContinuation ~/.julia/packages/HomotopyContinuation/98yZ2/src/utils.jl:170
┌ Warning: Ingored unsupported keyword arguments: gamma = 0.9937384724069077 + 0.1117311436367921im
└ @ HomotopyContinuation ~/.julia/packages/HomotopyContinuation/98yZ2/src/utils.jl:170
┌ Warning: Ingored unsupported keyword arguments: gamma = 0.38941677486471404 - 0.9210616567059801im
└ @ HomotopyContinuation ~/.julia/packages/HomotopyContinuation/98yZ2/src/utils.jl:170
┌ Warning: Ingored unsupported keyword arguments: gamma = -0.20737855792210214 + 0.9782607697920577im
└ @ HomotopyContinuation ~/.julia/packages/HomotopyContinuation/98yZ2/src/utils.jl:170
┌ Warning: Ingored unsupported keyword arguments: gamma = -0.849286826344964 + 0.5279317063758332im
└ @ HomotopyContinuation ~/.julia/packages/HomotopyContinuation/98yZ2/src/utils.jl:170
┌ Warning: Ingored unsupported keyword arguments: gamma = 0.9289311399583989 - 0.370252531680189im
└ @ HomotopyContinuation ~/.julia/packages/HomotopyContinuation/98yZ2/src/utils.jl:170
┌ Warning: Ingored unsupported keyword arguments: gamma = -0.9982217443036704 - 0.05960997566966274im
└ @ HomotopyContinuation ~/.julia/packages/HomotopyContinuation/98yZ2/src/utils.jl:170
┌ Warning: Ingored unsupported keyword arguments: gamma = 0.8427481805658333 - 0.5383080011972491im
└ @ HomotopyContinuation ~/.julia/packages/HomotopyContinuation/98yZ2/src/utils.jl:170
┌ Warning: Ingored unsupported keyword arguments: gamma = -0.7284625992854693 + 0.6850855723500954im
└ @ HomotopyContinuation ~/.julia/packages/HomotopyContinuation/98yZ2/src/utils.jl:170
┌ Warning: Ingored unsupported keyword arguments: gamma = 0.999996175572065 - 0.002765653854652302im
└ @ HomotopyContinuation ~/.julia/packages/HomotopyContinuation/98yZ2/src/utils.jl:170
┌ Warning: Ingored unsupported keyword arguments: gamma = 0.5388173482603815 + 0.8424226167510288im
└ @ HomotopyContinuation ~/.julia/packages/HomotopyContinuation/98yZ2/src/utils.jl:170
┌ Warning: Ingored unsupported keyword arguments: gamma = -0.7703321016997305 - 0.6376428883715994im
└ @ HomotopyContinuation ~/.julia/packages/HomotopyContinuation/98yZ2/src/utils.jl:170
┌ Warning: Ingored unsupported keyword arguments: gamma = 0.2615183579355311 + 0.9651985021034292im
└ @ HomotopyContinuation ~/.julia/packages/HomotopyContinuation/98yZ2/src/utils.jl:170
┌ Warning: Ingored unsupported keyword arguments: gamma = -0.9457904809352862 - 0.32477741019381257im
└ @ HomotopyContinuation ~/.julia/packages/HomotopyContinuation/98yZ2/src/utils.jl:170
┌ Warning: Ingored unsupported keyword arguments: gamma = 0.9818908557714789 - 0.18944747913960922im
└ @ HomotopyContinuation ~/.julia/packages/HomotopyContinuation/98yZ2/src/utils.jl:170
┌ Warning: Ingored unsupported keyword arguments: gamma = -0.9625930687460506 + 0.2709512576129906im
└ @ HomotopyContinuation ~/.julia/packages/HomotopyContinuation/98yZ2/src/utils.jl:170
┌ Warning: Ingored unsupported keyword arguments: gamma = 0.6940097212295382 + 0.719965628928839im
└ @ HomotopyContinuation ~/.julia/packages/HomotopyContinuation/98yZ2/src/utils.jl:170
┌ Warning: Ingored unsupported keyword arguments: gamma = 0.04036196628412307 - 0.9991851238272512im
└ @ HomotopyContinuation ~/.julia/packages/HomotopyContinuation/98yZ2/src/utils.jl:170
┌ Warning: Ingored unsupported keyword arguments: gamma = -0.2605560402071739 - 0.9654587251206328im
└ @ HomotopyContinuation ~/.julia/packages/HomotopyContinuation/98yZ2/src/utils.jl:170
┌ Warning: Ingored unsupported keyword arguments: gamma = 0.07845920650745343 - 0.9969173250145775im
└ @ HomotopyContinuation ~/.julia/packages/HomotopyContinuation/98yZ2/src/utils.jl:170
┌ Warning: Ingored unsupported keyword arguments: gamma = 0.6017864844817905 + 0.7986570146784211im
└ @ HomotopyContinuation ~/.julia/packages/HomotopyContinuation/98yZ2/src/utils.jl:170
┌ Warning: Ingored unsupported keyword arguments: gamma = 0.8200898207536584 + 0.5722348170954232im
└ @ HomotopyContinuation ~/.julia/packages/HomotopyContinuation/98yZ2/src/utils.jl:170
┌ Warning: Ingored unsupported keyword arguments: gamma = 0.826735188305805 - 0.5625912623005845im
└ @ HomotopyContinuation ~/.julia/packages/HomotopyContinuation/98yZ2/src/utils.jl:170
┌ Warning: Ingored unsupported keyword arguments: gamma = 0.8755617000818817 - 0.48310631267840526im
└ @ HomotopyContinuation ~/.julia/packages/HomotopyContinuation/98yZ2/src/utils.jl:170
┌ Warning: Ingored unsupported keyword arguments: gamma = 0.9188426184436393 + 0.3946241788482258im
└ @ HomotopyContinuation ~/.julia/packages/HomotopyContinuation/98yZ2/src/utils.jl:170
┌ Warning: Ingored unsupported keyword arguments: gamma = -0.9522683636565187 + 0.30526212273869874im
└ @ HomotopyContinuation ~/.julia/packages/HomotopyContinuation/98yZ2/src/utils.jl:170
┌ Warning: Ingored unsupported keyword arguments: gamma = 0.3304966728642682 - 0.9438071567993374im
└ @ HomotopyContinuation ~/.julia/packages/HomotopyContinuation/98yZ2/src/utils.jl:170
┌ Warning: Ingored unsupported keyword arguments: gamma = 0.8759781250289828 + 0.48235083131545226im
└ @ HomotopyContinuation ~/.julia/packages/HomotopyContinuation/98yZ2/src/utils.jl:170
┌ Warning: Ingored unsupported keyword arguments: gamma = -0.8111429763654223 + 0.5848479049231893im
└ @ HomotopyContinuation ~/.julia/packages/HomotopyContinuation/98yZ2/src/utils.jl:170
┌ Warning: Ingored unsupported keyword arguments: gamma = -0.6214579236804543 - 0.783447540742058im
└ @ HomotopyContinuation ~/.julia/packages/HomotopyContinuation/98yZ2/src/utils.jl:170
┌ Warning: Ingored unsupported keyword arguments: gamma = 0.6603483841381363 + 0.7509593940860934im
└ @ HomotopyContinuation ~/.julia/packages/HomotopyContinuation/98yZ2/src/utils.jl:170
┌ Warning: Ingored unsupported keyword arguments: gamma = 0.9957544655459981 - 0.09204914092594081im
└ @ HomotopyContinuation ~/.julia/packages/HomotopyContinuation/98yZ2/src/utils.jl:170
┌ Warning: Ingored unsupported keyword arguments: gamma = -0.8974872549183585 + 0.44104039186803445im
└ @ HomotopyContinuation ~/.julia/packages/HomotopyContinuation/98yZ2/src/utils.jl:170
┌ Warning: Ingored unsupported keyword arguments: gamma = 0.9144282644686055 + 0.40474800696351076im
└ @ HomotopyContinuation ~/.julia/packages/HomotopyContinuation/98yZ2/src/utils.jl:170
┌ Warning: Ingored unsupported keyword arguments: gamma = -0.8770341853800067 - 0.48042797345161753im
└ @ HomotopyContinuation ~/.julia/packages/HomotopyContinuation/98yZ2/src/utils.jl:170
┌ Warning: Ingored unsupported keyword arguments: gamma = 0.41474739535844635 + 0.9099365901222923im
└ @ HomotopyContinuation ~/.julia/packages/HomotopyContinuation/98yZ2/src/utils.jl:170
┌ Warning: Ingored unsupported keyword arguments: gamma = 0.8995812701723728 - 0.4367534068041834im
└ @ HomotopyContinuation ~/.julia/packages/HomotopyContinuation/98yZ2/src/utils.jl:170
┌ Warning: Ingored unsupported keyword arguments: gamma = 0.7320183174916113 - 0.6812849498240443im
└ @ HomotopyContinuation ~/.julia/packages/HomotopyContinuation/98yZ2/src/utils.jl:170
┌ Warning: Ingored unsupported keyword arguments: gamma = -0.5157278228581256 - 0.8567524804341204im
└ @ HomotopyContinuation ~/.julia/packages/HomotopyContinuation/98yZ2/src/utils.jl:170
┌ Warning: Ingored unsupported keyword arguments: gamma = 0.8406809832394496 + 0.5415306864985144im
└ @ HomotopyContinuation ~/.julia/packages/HomotopyContinuation/98yZ2/src/utils.jl:170
┌ Warning: Ingored unsupported keyword arguments: gamma = -0.7356274361541992 + 0.6773863559130783im
└ @ HomotopyContinuation ~/.julia/packages/HomotopyContinuation/98yZ2/src/utils.jl:170
┌ Warning: Ingored unsupported keyword arguments: gamma = -0.9957411166118293 + 0.09219343083228493im
└ @ HomotopyContinuation ~/.julia/packages/HomotopyContinuation/98yZ2/src/utils.jl:170
┌ Warning: Ingored unsupported keyword arguments: gamma = 0.9955349604018257 + 0.09439355178048624im
└ @ HomotopyContinuation ~/.julia/packages/HomotopyContinuation/98yZ2/src/utils.jl:170
┌ Warning: Ingored unsupported keyword arguments: gamma = 0.1698216660220392 - 0.9854748103069398im
└ @ HomotopyContinuation ~/.julia/packages/HomotopyContinuation/98yZ2/src/utils.jl:170
┌ Warning: Ingored unsupported keyword arguments: gamma = -0.0951816357462214 + 0.9954599219540049im
└ @ HomotopyContinuation ~/.julia/packages/HomotopyContinuation/98yZ2/src/utils.jl:170
┌ Warning: Ingored unsupported keyword arguments: gamma = -0.8256894381413887 - 0.5641249433784662im
└ @ HomotopyContinuation ~/.julia/packages/HomotopyContinuation/98yZ2/src/utils.jl:170
┌ Warning: Ingored unsupported keyword arguments: gamma = -0.6289081267824005 + 0.7774796254996346im
└ @ HomotopyContinuation ~/.julia/packages/HomotopyContinuation/98yZ2/src/utils.jl:170
┌ Warning: Ingored unsupported keyword arguments: gamma = 0.07553040114971259 + 0.9971434994533954im
└ @ HomotopyContinuation ~/.julia/packages/HomotopyContinuation/98yZ2/src/utils.jl:170
┌ Warning: Ingored unsupported keyword arguments: gamma = -0.3742803923847956 + 0.9273155815989956im
└ @ HomotopyContinuation ~/.julia/packages/HomotopyContinuation/98yZ2/src/utils.jl:170
┌ Warning: Ingored unsupported keyword arguments: gamma = 0.981972815167401 - 0.18902219518408248im
└ @ HomotopyContinuation ~/.julia/packages/HomotopyContinuation/98yZ2/src/utils.jl:170
┌ Warning: Ingored unsupported keyword arguments: gamma = 0.3234274057763321 + 0.9462529858303179im
└ @ HomotopyContinuation ~/.julia/packages/HomotopyContinuation/98yZ2/src/utils.jl:170
┌ Warning: Ingored unsupported keyword arguments: gamma = -0.30145369572056396 + 0.9534808174978737im
└ @ HomotopyContinuation ~/.julia/packages/HomotopyContinuation/98yZ2/src/utils.jl:170
┌ Warning: Ingored unsupported keyword arguments: gamma = -0.27383308294030934 - 0.961777231320957im
└ @ HomotopyContinuation ~/.julia/packages/HomotopyContinuation/98yZ2/src/utils.jl:170
┌ Warning: Ingored unsupported keyword arguments: gamma = -0.2542813319222864 - 0.9671302933089357im
└ @ HomotopyContinuation ~/.julia/packages/HomotopyContinuation/98yZ2/src/utils.jl:170
┌ Warning: Ingored unsupported keyword arguments: gamma = -0.9905631854401244 - 0.13705683365200624im
└ @ HomotopyContinuation ~/.julia/packages/HomotopyContinuation/98yZ2/src/utils.jl:170
┌ Warning: Ingored unsupported keyword arguments: gamma = -0.7430824173620936 + 0.66919991109332im
└ @ HomotopyContinuation ~/.julia/packages/HomotopyContinuation/98yZ2/src/utils.jl:170
┌ Warning: Ingored unsupported keyword arguments: gamma = -0.49891176196808923 - 0.8666527873202143im
└ @ HomotopyContinuation ~/.julia/packages/HomotopyContinuation/98yZ2/src/utils.jl:170
┌ Warning: Ingored unsupported keyword arguments: gamma = 0.07690989832950856 + 0.9970380471872399im
└ @ HomotopyContinuation ~/.julia/packages/HomotopyContinuation/98yZ2/src/utils.jl:170
┌ Warning: Ingored unsupported keyword arguments: gamma = 0.8739794172808456 - 0.48596293909045524im
└ @ HomotopyContinuation ~/.julia/packages/HomotopyContinuation/98yZ2/src/utils.jl:170
┌ Warning: Ingored unsupported keyword arguments: gamma = 0.6942826042463229 - 0.7197024839758048im
└ @ HomotopyContinuation ~/.julia/packages/HomotopyContinuation/98yZ2/src/utils.jl:170
┌ Warning: Ingored unsupported keyword arguments: gamma = -0.917233870815564 + 0.39834912605489337im
└ @ HomotopyContinuation ~/.julia/packages/HomotopyContinuation/98yZ2/src/utils.jl:170
┌ Warning: Ingored unsupported keyword arguments: gamma = -0.2806889198628883 - 0.9597987967622199im
└ @ HomotopyContinuation ~/.julia/packages/HomotopyContinuation/98yZ2/src/utils.jl:170
┌ Warning: Ingored unsupported keyword arguments: gamma = 0.5661174222884165 + 0.8243246109279515im
└ @ HomotopyContinuation ~/.julia/packages/HomotopyContinuation/98yZ2/src/utils.jl:170
┌ Warning: Ingored unsupported keyword arguments: gamma = 0.9107463350794668 + 0.4129662372874079im
└ @ HomotopyContinuation ~/.julia/packages/HomotopyContinuation/98yZ2/src/utils.jl:170
┌ Warning: Ingored unsupported keyword arguments: gamma = 0.29746993820768536 - 0.9547311851315614im
└ @ HomotopyContinuation ~/.julia/packages/HomotopyContinuation/98yZ2/src/utils.jl:170
ATTEMPT 7 W0 TRACKED 21 nsol=64 0.05s 2026-07-22T17:45:40.759
ATTEMPT 7 W0 TRACK 22 2026-07-22T17:45:40.759
ATTEMPT 7 W0 TRACKED 22 nsol=64 0.07s 2026-07-22T17:45:40.825
ATTEMPT 7 W0 TRACK 23 2026-07-22T17:45:40.825
ATTEMPT 7 W0 TRACKED 23 nsol=64 0.06s 2026-07-22T17:45:40.880
ATTEMPT 7 W0 TRACK 24 2026-07-22T17:45:40.883
ATTEMPT 7 W0 TRACKED 24 nsol=64 0.07s 2026-07-22T17:45:40.957
ATTEMPT 7 W0 TRACK 25 2026-07-22T17:45:40.964
ATTEMPT 7 W0 TRACKED 25 nsol=64 0.06s 2026-07-22T17:45:41.022
ATTEMPT 7 W0 DONE ptrack seed=330857 nsol=64 1.77s 2026-07-22T17:45:41.027
ATTEMPT 8 W0 START ptrack6x2 seed=330858 2026-07-22T17:45:41.027
ATTEMPT 8 W0 SOLVE ptrack fresh 2026-07-22T17:45:41.177
ATTEMPT 8 W0 FRESH-DONE nsol=64 0.08s 2026-07-22T17:45:41.256
ATTEMPT 8 W0 TRACK 1 2026-07-22T17:45:41.256
ATTEMPT 8 W0 TRACKED 1 nsol=64 0.04s 2026-07-22T17:45:41.299
ATTEMPT 8 W0 TRACK 2 2026-07-22T17:45:41.300
ATTEMPT 8 W0 TRACKED 2 nsol=64 0.05s 2026-07-22T17:45:41.354
ATTEMPT 8 W0 TRACK 3 2026-07-22T17:45:41.354
ATTEMPT 8 W0 TRACKED 3 nsol=64 0.03s 2026-07-22T17:45:41.387
ATTEMPT 8 W0 TRACK 4 2026-07-22T17:45:41.391
ATTEMPT 8 W0 TRACKED 4 nsol=64 0.04s 2026-07-22T17:45:41.426
ATTEMPT 8 W0 TRACK 5 2026-07-22T17:45:41.426
ATTEMPT 8 W0 TRACKED 5 nsol=64 0.06s 2026-07-22T17:45:41.485
ATTEMPT 8 W0 TRACK 6 2026-07-22T17:45:41.485
ATTEMPT 8 W0 TRACKED 6 nsol=64 0.07s 2026-07-22T17:45:41.552
ATTEMPT 8 W0 TRACK 7 2026-07-22T17:45:41.555
ATTEMPT 8 W0 TRACKED 7 nsol=64 0.06s 2026-07-22T17:45:41.610
ATTEMPT 8 W0 TRACK 8 2026-07-22T17:45:41.619
ATTEMPT 8 W0 TRACKED 8 nsol=64 0.07s 2026-07-22T17:45:41.691
ATTEMPT 8 W0 TRACK 9 2026-07-22T17:45:41.695
ATTEMPT 8 W0 TRACKED 9 nsol=64 0.06s 2026-07-22T17:45:41.755
ATTEMPT 8 W0 TRACK 10 2026-07-22T17:45:41.767
ATTEMPT 8 W0 TRACKED 10 nsol=64 0.07s 2026-07-22T17:45:41.839
ATTEMPT 8 W0 TRACK 11 2026-07-22T17:45:41.847
ATTEMPT 8 W0 TRACKED 11 nsol=64 0.09s 2026-07-22T17:45:41.935
ATTEMPT 8 W0 TRACK 12 2026-07-22T17:45:41.947
ATTEMPT 8 W0 TRACKED 12 nsol=64 0.08s 2026-07-22T17:45:42.031
ATTEMPT 8 W0 TRACK 13 2026-07-22T17:45:42.039
ATTEMPT 8 W0 TRACKED 13 nsol=64 0.07s 2026-07-22T17:45:42.110
ATTEMPT 8 W0 TRACK 14 2026-07-22T17:45:42.119
ATTEMPT 8 W0 TRACKED 14 nsol=64 0.09s 2026-07-22T17:45:42.212
ATTEMPT 8 W0 TRACK 15 2026-07-22T17:45:42.212
ATTEMPT 8 W0 TRACKED 15 nsol=64 0.08s 2026-07-22T17:45:42.296
ATTEMPT 8 W0 TRACK 16 2026-07-22T17:45:42.296
ATTEMPT 8 W0 TRACKED 16 nsol=64 0.07s 2026-07-22T17:45:42.367
ATTEMPT 8 W0 TRACK 17 2026-07-22T17:45:42.367
ATTEMPT 8 W0 TRACKED 17 nsol=64 0.08s 2026-07-22T17:45:42.449
ATTEMPT 8 W0 TRACK 18 2026-07-22T17:45:42.449
ATTEMPT 8 W0 TRACKED 18 nsol=64 0.07s 2026-07-22T17:45:42.521
ATTEMPT 8 W0 TRACK 19 2026-07-22T17:45:42.521
ATTEMPT 8 W0 TRACKED 19 nsol=64 0.05s 2026-07-22T17:45:42.575
ATTEMPT 8 W0 TRACK 20 2026-07-22T17:45:42.579
ATTEMPT 8 W0 TRACKED 20 nsol=64 0.08s 2026-07-22T17:45:42.664
ATTEMPT 8 W0 TRACK 21 2026-07-22T17:45:42.664
ATTEMPT 8 W0 TRACKED 21 nsol=64 0.08s 2026-07-22T17:45:42.749
ATTEMPT 8 W0 TRACK 22 2026-07-22T17:45:42.749
ATTEMPT 8 W0 TRACKED 22 nsol=64 0.07s 2026-07-22T17:45:42.820
ATTEMPT 8 W0 TRACK 23 2026-07-22T17:45:42.820
ATTEMPT 8 W0 TRACKED 23 nsol=64 0.05s 2026-07-22T17:45:42.874
ATTEMPT 8 W0 TRACK 24 2026-07-22T17:45:42.879
ATTEMPT 8 W0 TRACKED 24 nsol=64 0.03s 2026-07-22T17:45:42.906
ATTEMPT 8 W0 TRACK 25 2026-07-22T17:45:42.911
ATTEMPT 8 W0 TRACKED 25 nsol=64 0.03s 2026-07-22T17:45:42.941
ATTEMPT 8 W0 DONE ptrack seed=330858 nsol=64 1.77s 2026-07-22T17:45:42.947
ATTEMPT 9 W0 START ptrack6x2 seed=330859 2026-07-22T17:45:42.947
ATTEMPT 9 W0 SOLVE ptrack fresh 2026-07-22T17:45:43.104
ATTEMPT 9 W0 FRESH-DONE nsol=64 0.16s 2026-07-22T17:45:43.268
ATTEMPT 9 W0 TRACK 1 2026-07-22T17:45:43.271
ATTEMPT 9 W0 TRACKED 1 nsol=64 0.05s 2026-07-22T17:45:43.323
ATTEMPT 9 W0 TRACK 2 2026-07-22T17:45:43.327
ATTEMPT 9 W0 TRACKED 2 nsol=64 0.06s 2026-07-22T17:45:43.384
ATTEMPT 9 W0 TRACK 3 2026-07-22T17:45:43.387
ATTEMPT 9 W0 TRACKED 3 nsol=64 0.06s 2026-07-22T17:45:43.445
ATTEMPT 9 W0 TRACK 4 2026-07-22T17:45:43.445
ATTEMPT 9 W0 TRACKED 4 nsol=64 0.05s 2026-07-22T17:45:43.496
ATTEMPT 9 W0 TRACK 5 2026-07-22T17:45:43.499
ATTEMPT 9 W0 TRACKED 5 nsol=64 0.05s 2026-07-22T17:45:43.554
ATTEMPT 9 W0 TRACK 6 2026-07-22T17:45:43.559
ATTEMPT 9 W0 TRACKED 6 nsol=64 0.07s 2026-07-22T17:45:43.632
ATTEMPT 9 W0 TRACK 7 2026-07-22T17:45:43.632
ATTEMPT 9 W0 TRACKED 7 nsol=64 0.07s 2026-07-22T17:45:43.702
ATTEMPT 9 W0 TRACK 8 2026-07-22T17:45:43.707
ATTEMPT 9 W0 TRACKED 8 nsol=64 0.06s 2026-07-22T17:45:43.768
ATTEMPT 9 W0 TRACK 9 2026-07-22T17:45:43.768
ATTEMPT 9 W0 TRACKED 9 nsol=64 0.08s 2026-07-22T17:45:43.852
ATTEMPT 9 W0 TRACK 10 2026-07-22T17:45:43.852
ATTEMPT 9 W0 TRACKED 10 nsol=64 0.07s 2026-07-22T17:45:43.919
ATTEMPT 9 W0 TRACK 11 2026-07-22T17:45:43.932
ATTEMPT 9 W0 TRACKED 11 nsol=64 0.07s 2026-07-22T17:45:44.003
ATTEMPT 9 W0 TRACK 12 2026-07-22T17:45:44.004
ATTEMPT 9 W0 TRACKED 12 nsol=64 0.11s 2026-07-22T17:45:44.111
ATTEMPT 9 W0 TRACK 13 2026-07-22T17:45:44.119
ATTEMPT 9 W0 TRACKED 13 nsol=64 0.12s 2026-07-22T17:45:44.244
ATTEMPT 9 W0 TRACK 14 2026-07-22T17:45:44.244
ATTEMPT 9 W0 TRACKED 14 nsol=64 0.11s 2026-07-22T17:45:44.357
ATTEMPT 9 W0 TRACK 15 2026-07-22T17:45:44.357
ATTEMPT 9 W0 TRACKED 15 nsol=64 0.09s 2026-07-22T17:45:44.452
ATTEMPT 9 W0 TRACK 16 2026-07-22T17:45:44.452
ATTEMPT 9 W0 TRACKED 16 nsol=64 0.09s 2026-07-22T17:45:44.545
ATTEMPT 9 W0 TRACK 17 2026-07-22T17:45:44.545
ATTEMPT 9 W0 TRACKED 17 nsol=64 0.09s 2026-07-22T17:45:44.632
ATTEMPT 9 W0 TRACK 18 2026-07-22T17:45:44.632
ATTEMPT 9 W0 TRACKED 18 nsol=64 0.09s 2026-07-22T17:45:44.718
ATTEMPT 9 W0 TRACK 19 2026-07-22T17:45:44.723
ATTEMPT 9 W0 TRACKED 19 nsol=64 0.11s 2026-07-22T17:45:44.833
ATTEMPT 9 W0 TRACK 20 2026-07-22T17:45:44.839
ATTEMPT 9 W0 TRACKED 20 nsol=64 0.09s 2026-07-22T17:45:44.928
ATTEMPT 9 W0 TRACK 21 2026-07-22T17:45:44.928
ATTEMPT 9 W0 TRACKED 21 nsol=64 0.10s 2026-07-22T17:45:45.025
ATTEMPT 9 W0 TRACK 22 2026-07-22T17:45:45.027
ATTEMPT 9 W0 TRACKED 22 nsol=64 0.10s 2026-07-22T17:45:45.126
ATTEMPT 9 W0 TRACK 23 2026-07-22T17:45:45.135
ATTEMPT 9 W0 TRACKED 23 nsol=64 0.07s 2026-07-22T17:45:45.207
ATTEMPT 9 W0 TRACK 24 2026-07-22T17:45:45.215
ATTEMPT 9 W0 TRACKED 24 nsol=64 0.05s 2026-07-22T17:45:45.266
ATTEMPT 9 W0 TRACK 25 2026-07-22T17:45:45.271
ATTEMPT 9 W0 TRACKED 25 nsol=64 0.06s 2026-07-22T17:45:45.328
ATTEMPT 9 W0 DONE ptrack seed=330859 nsol=64 2.22s 2026-07-22T17:45:45.328
ATTEMPT 10 W0 START ptrack6x2 seed=330860 2026-07-22T17:45:45.328
ATTEMPT 10 W0 SOLVE ptrack fresh 2026-07-22T17:45:45.580
ATTEMPT 10 W0 FRESH-DONE nsol=64 0.21s 2026-07-22T17:45:45.794
ATTEMPT 10 W0 TRACK 1 2026-07-22T17:45:45.803
ATTEMPT 10 W0 TRACKED 1 nsol=64 0.07s 2026-07-22T17:45:45.877
ATTEMPT 10 W0 TRACK 2 2026-07-22T17:45:45.883
ATTEMPT 10 W0 TRACKED 2 nsol=64 0.09s 2026-07-22T17:45:45.971
ATTEMPT 10 W0 TRACK 3 2026-07-22T17:45:45.975
ATTEMPT 10 W0 TRACKED 3 nsol=64 0.09s 2026-07-22T17:45:46.062
ATTEMPT 10 W0 TRACK 4 2026-07-22T17:45:46.071
ATTEMPT 10 W0 TRACKED 4 nsol=64 0.08s 2026-07-22T17:45:46.153
ATTEMPT 10 W0 TRACK 5 2026-07-22T17:45:46.153
ATTEMPT 10 W0 TRACKED 5 nsol=64 0.10s 2026-07-22T17:45:46.254
ATTEMPT 10 W0 TRACK 6 2026-07-22T17:45:46.259
ATTEMPT 10 W0 TRACKED 6 nsol=64 0.08s 2026-07-22T17:45:46.338
ATTEMPT 10 W0 TRACK 7 2026-07-22T17:45:46.343
ATTEMPT 10 W0 TRACKED 7 nsol=64 0.10s 2026-07-22T17:45:46.440
ATTEMPT 10 W0 TRACK 8 2026-07-22T17:45:46.440
ATTEMPT 10 W0 TRACKED 8 nsol=64 0.10s 2026-07-22T17:45:46.538
ATTEMPT 10 W0 TRACK 9 2026-07-22T17:45:46.538
ATTEMPT 10 W0 TRACKED 9 nsol=64 0.09s 2026-07-22T17:45:46.627
ATTEMPT 10 W0 TRACK 10 2026-07-22T17:45:46.631
ATTEMPT 10 W0 TRACKED 10 nsol=64 0.07s 2026-07-22T17:45:46.699
ATTEMPT 10 W0 TRACK 11 2026-07-22T17:45:46.707
ATTEMPT 10 W0 TRACKED 11 nsol=64 0.09s 2026-07-22T17:45:46.797
ATTEMPT 10 W0 TRACK 12 2026-07-22T17:45:46.797
ATTEMPT 10 W0 TRACKED 12 nsol=64 0.10s 2026-07-22T17:45:46.896
ATTEMPT 10 W0 TRACK 13 2026-07-22T17:45:46.896
ATTEMPT 10 W0 TRACKED 13 nsol=64 0.09s 2026-07-22T17:45:46.987
ATTEMPT 10 W0 TRACK 14 2026-07-22T17:45:46.987
ATTEMPT 10 W0 TRACKED 14 nsol=64 0.08s 2026-07-22T17:45:47.066
ATTEMPT 10 W0 TRACK 15 2026-07-22T17:45:47.069
ATTEMPT 10 W0 TRACKED 15 nsol=64 0.40s 2026-07-22T17:45:47.471
ATTEMPT 10 W0 TRACK 16 2026-07-22T17:45:47.487
ATTEMPT 10 W0 TRACKED 16 nsol=64 0.08s 2026-07-22T17:45:47.571
ATTEMPT 10 W0 TRACK 17 2026-07-22T17:45:47.571
ATTEMPT 10 W0 TRACKED 17 nsol=64 0.35s 2026-07-22T17:45:47.919
ATTEMPT 10 W0 TRACK 18 2026-07-22T17:45:47.927
ATTEMPT 10 W0 TRACKED 18 nsol=64 0.06s 2026-07-22T17:45:47.989
ATTEMPT 10 W0 TRACK 19 2026-07-22T17:45:47.989
ATTEMPT 10 W0 TRACKED 19 nsol=64 0.07s 2026-07-22T17:45:48.060
ATTEMPT 10 W0 TRACK 20 2026-07-22T17:45:48.060
ATTEMPT 10 W0 TRACKED 20 nsol=64 0.07s 2026-07-22T17:45:48.126
ATTEMPT 10 W0 TRACK 21 2026-07-22T17:45:48.126
ATTEMPT 10 W0 TRACKED 21 nsol=64 0.08s 2026-07-22T17:45:48.210
ATTEMPT 10 W0 TRACK 22 2026-07-22T17:45:48.211
ATTEMPT 10 W0 TRACKED 22 nsol=64 0.09s 2026-07-22T17:45:48.301
ATTEMPT 10 W0 TRACK 23 2026-07-22T17:45:48.301
ATTEMPT 10 W0 TRACKED 23 nsol=64 0.07s 2026-07-22T17:45:48.374
ATTEMPT 10 W0 TRACK 24 2026-07-22T17:45:48.379
ATTEMPT 10 W0 TRACKED 24 nsol=64 0.12s 2026-07-22T17:45:48.504
ATTEMPT 10 W0 TRACK 25 2026-07-22T17:45:48.504
ATTEMPT 10 W0 TRACKED 25 nsol=64 0.14s 2026-07-22T17:45:48.645
ATTEMPT 10 W0 DONE ptrack seed=330860 nsol=64 3.07s 2026-07-22T17:45:48.646
ATTEMPT 11 W0 START ptrack6x2 seed=330861 2026-07-22T17:45:48.646
ATTEMPT 11 W0 SOLVE ptrack fresh 2026-07-22T17:45:48.893
ATTEMPT 11 W0 FRESH-DONE nsol=64 0.39s 2026-07-22T17:45:49.282
ATTEMPT 11 W0 TRACK 1 2026-07-22T17:45:49.295
ATTEMPT 11 W0 TRACKED 1 nsol=64 0.12s 2026-07-22T17:45:49.413
ATTEMPT 11 W0 TRACK 2 2026-07-22T17:45:49.419
ATTEMPT 11 W0 TRACKED 2 nsol=64 0.09s 2026-07-22T17:45:49.513
ATTEMPT 11 W0 TRACK 3 2026-07-22T17:45:49.513
ATTEMPT 11 W0 TRACKED 3 nsol=64 0.11s 2026-07-22T17:45:49.618
ATTEMPT 11 W0 TRACK 4 2026-07-22T17:45:49.618
ATTEMPT 11 W0 TRACKED 4 nsol=64 0.09s 2026-07-22T17:45:49.706
ATTEMPT 11 W0 TRACK 5 2026-07-22T17:45:49.711
ATTEMPT 11 W0 TRACKED 5 nsol=64 0.10s 2026-07-22T17:45:49.818
ATTEMPT 11 W0 TRACK 6 2026-07-22T17:45:49.827
ATTEMPT 11 W0 TRACKED 6 nsol=64 0.10s 2026-07-22T17:45:49.925
ATTEMPT 11 W0 TRACK 7 2026-07-22T17:45:49.925
ATTEMPT 11 W0 TRACKED 7 nsol=64 0.13s 2026-07-22T17:45:50.051
ATTEMPT 11 W0 TRACK 8 2026-07-22T17:45:50.063
ATTEMPT 11 W0 TRACKED 8 nsol=64 0.11s 2026-07-22T17:45:50.176
ATTEMPT 11 W0 TRACK 9 2026-07-22T17:45:50.179
ATTEMPT 11 W0 TRACKED 9 nsol=64 0.06s 2026-07-22T17:45:50.244
ATTEMPT 11 W0 TRACK 10 2026-07-22T17:45:50.244
ATTEMPT 11 W0 TRACKED 10 nsol=64 0.05s 2026-07-22T17:45:50.299
ATTEMPT 11 W0 TRACK 11 2026-07-22T17:45:50.307
ATTEMPT 11 W0 TRACKED 11 nsol=64 0.08s 2026-07-22T17:45:50.389
ATTEMPT 11 W0 TRACK 12 2026-07-22T17:45:50.389
ATTEMPT 11 W0 TRACKED 12 nsol=64 0.07s 2026-07-22T17:45:50.455
ATTEMPT 11 W0 TRACK 13 2026-07-22T17:45:50.467
ATTEMPT 11 W0 TRACKED 13 nsol=64 0.07s 2026-07-22T17:45:50.540
ATTEMPT 11 W0 TRACK 14 2026-07-22T17:45:50.540
ATTEMPT 11 W0 TRACKED 14 nsol=64 0.08s 2026-07-22T17:45:50.625
ATTEMPT 11 W0 TRACK 15 2026-07-22T17:45:50.631
ATTEMPT 11 W0 TRACKED 15 nsol=64 0.08s 2026-07-22T17:45:50.716
ATTEMPT 11 W0 TRACK 16 2026-07-22T17:45:50.716
ATTEMPT 11 W0 TRACKED 16 nsol=64 0.08s 2026-07-22T17:45:50.800
ATTEMPT 11 W0 TRACK 17 2026-07-22T17:45:50.803
ATTEMPT 11 W0 TRACKED 17 nsol=64 0.08s 2026-07-22T17:45:50.882
ATTEMPT 11 W0 TRACK 18 2026-07-22T17:45:50.885
ATTEMPT 11 W0 TRACKED 18 nsol=64 0.04s 2026-07-22T17:45:50.920
ATTEMPT 11 W0 TRACK 19 2026-07-22T17:45:50.920
ATTEMPT 11 W0 TRACKED 19 nsol=64 0.05s 2026-07-22T17:45:50.966
ATTEMPT 11 W0 TRACK 20 2026-07-22T17:45:50.971
ATTEMPT 11 W0 TRACKED 20 nsol=64 0.04s 2026-07-22T17:45:51.007
ATTEMPT 11 W0 TRACK 21 2026-07-22T17:45:51.007
ATTEMPT 11 W0 TRACKED 21 nsol=64 0.03s 2026-07-22T17:45:51.037
ATTEMPT 11 W0 TRACK 22 2026-07-22T17:45:51.037
ATTEMPT 11 W0 TRACKED 22 nsol=64 0.04s 2026-07-22T17:45:51.075
ATTEMPT 11 W0 TRACK 23 2026-07-22T17:45:51.075
ATTEMPT 11 W0 TRACKED 23 nsol=64 0.04s 2026-07-22T17:45:51.115
ATTEMPT 11 W0 TRACK 24 2026-07-22T17:45:51.115
ATTEMPT 11 W0 TRACKED 24 nsol=64 0.04s 2026-07-22T17:45:51.155
ATTEMPT 11 W0 TRACK 25 2026-07-22T17:45:51.156
ATTEMPT 11 W0 TRACKED 25 nsol=64 0.03s 2026-07-22T17:45:51.190
ATTEMPT 11 W0 DONE ptrack seed=330861 nsol=64 2.29s 2026-07-22T17:45:51.190
ATTEMPT 12 W0 START ptrack6x2 seed=330862 2026-07-22T17:45:51.190
ATTEMPT 12 W0 SOLVE ptrack fresh 2026-07-22T17:45:51.426
ATTEMPT 12 W0 FRESH-DONE nsol=64 0.19s 2026-07-22T17:45:51.618
ATTEMPT 12 W0 TRACK 1 2026-07-22T17:45:51.618
ATTEMPT 12 W0 TRACKED 1 nsol=64 0.04s 2026-07-22T17:45:51.659
ATTEMPT 12 W0 TRACK 2 2026-07-22T17:45:51.659
ATTEMPT 12 W0 TRACKED 2 nsol=64 0.03s 2026-07-22T17:45:51.688
ATTEMPT 12 W0 TRACK 3 2026-07-22T17:45:51.688
ATTEMPT 12 W0 TRACKED 3 nsol=64 0.03s 2026-07-22T17:45:51.715
ATTEMPT 12 W0 TRACK 4 2026-07-22T17:45:51.715
ATTEMPT 12 W0 TRACKED 4 nsol=64 0.02s 2026-07-22T17:45:51.739
ATTEMPT 12 W0 TRACK 5 2026-07-22T17:45:51.739
ATTEMPT 12 W0 TRACKED 5 nsol=64 0.04s 2026-07-22T17:45:51.781
ATTEMPT 12 W0 TRACK 6 2026-07-22T17:45:51.781
ATTEMPT 12 W0 TRACKED 6 nsol=64 0.06s 2026-07-22T17:45:51.836
ATTEMPT 12 W0 TRACK 7 2026-07-22T17:45:51.836
ATTEMPT 12 W0 TRACKED 7 nsol=64 0.07s 2026-07-22T17:45:51.905
ATTEMPT 12 W0 TRACK 8 2026-07-22T17:45:51.905
ATTEMPT 12 W0 TRACKED 8 nsol=64 0.07s 2026-07-22T17:45:51.978
ATTEMPT 12 W0 TRACK 9 2026-07-22T17:45:51.983
ATTEMPT 12 W0 TRACKED 9 nsol=64 0.09s 2026-07-22T17:45:52.070
ATTEMPT 12 W0 TRACK 10 2026-07-22T17:45:52.079
ATTEMPT 12 W0 TRACKED 10 nsol=64 0.05s 2026-07-22T17:45:52.125
ATTEMPT 12 W0 TRACK 11 2026-07-22T17:45:52.125
ATTEMPT 12 W0 TRACKED 11 nsol=64 0.02s 2026-07-22T17:45:52.149
ATTEMPT 12 W0 TRACK 12 2026-07-22T17:45:52.149
ATTEMPT 12 W0 TRACKED 12 nsol=64 0.02s 2026-07-22T17:45:52.173
ATTEMPT 12 W0 TRACK 13 2026-07-22T17:45:52.173
ATTEMPT 12 W0 TRACKED 13 nsol=64 0.02s 2026-07-22T17:45:52.194
ATTEMPT 12 W0 TRACK 14 2026-07-22T17:45:52.196
ATTEMPT 12 W0 TRACKED 14 nsol=64 0.02s 2026-07-22T17:45:52.218
ATTEMPT 12 W0 TRACK 15 2026-07-22T17:45:52.218
ATTEMPT 12 W0 TRACKED 15 nsol=64 0.05s 2026-07-22T17:45:52.268
ATTEMPT 12 W0 TRACK 16 2026-07-22T17:45:52.268
ATTEMPT 12 W0 TRACKED 16 nsol=64 0.06s 2026-07-22T17:45:52.323
ATTEMPT 12 W0 TRACK 17 2026-07-22T17:45:52.323
ATTEMPT 12 W0 TRACKED 17 nsol=64 0.02s 2026-07-22T17:45:52.348
ATTEMPT 12 W0 TRACK 18 2026-07-22T17:45:52.348
ATTEMPT 12 W0 TRACKED 18 nsol=64 0.02s 2026-07-22T17:45:52.370
ATTEMPT 12 W0 TRACK 19 2026-07-22T17:45:52.370
ATTEMPT 12 W0 TRACKED 19 nsol=64 0.02s 2026-07-22T17:45:52.394
ATTEMPT 12 W0 TRACK 20 2026-07-22T17:45:52.394
ATTEMPT 12 W0 TRACKED 20 nsol=64 0.05s 2026-07-22T17:45:52.441
ATTEMPT 12 W0 TRACK 21 2026-07-22T17:45:52.447
ATTEMPT 12 W0 TRACKED 21 nsol=64 0.04s 2026-07-22T17:45:52.486
ATTEMPT 12 W0 TRACK 22 2026-07-22T17:45:52.491
ATTEMPT 12 W0 TRACKED 22 nsol=64 0.05s 2026-07-22T17:45:52.544
ATTEMPT 12 W0 TRACK 23 2026-07-22T17:45:52.544
ATTEMPT 12 W0 TRACKED 23 nsol=64 0.06s 2026-07-22T17:45:52.605
ATTEMPT 12 W0 TRACK 24 2026-07-22T17:45:52.605
ATTEMPT 12 W0 TRACKED 24 nsol=64 0.04s 2026-07-22T17:45:52.645
ATTEMPT 12 W0 TRACK 25 2026-07-22T17:45:52.645
ATTEMPT 12 W0 TRACKED 25 nsol=64 0.06s 2026-07-22T17:45:52.700
ATTEMPT 12 W0 DONE ptrack seed=330862 nsol=64 1.27s 2026-07-22T17:45:52.700
HUNT2 complete 2026-07-22T17:45:52.709
┌ Warning: Ingored unsupported keyword arguments: gamma = 0.9484549358519906 - 0.31691202984108463im
└ @ HomotopyContinuation ~/.julia/packages/HomotopyContinuation/98yZ2/src/utils.jl:170
┌ Warning: Ingored unsupported keyword arguments: gamma = 0.8245984060171986 + 0.5657185420276547im
└ @ HomotopyContinuation ~/.julia/packages/HomotopyContinuation/98yZ2/src/utils.jl:170
┌ Warning: Ingored unsupported keyword arguments: gamma = 0.8692902823509091 + 0.49430193708934284im
└ @ HomotopyContinuation ~/.julia/packages/HomotopyContinuation/98yZ2/src/utils.jl:170
┌ Warning: Ingored unsupported keyword arguments: gamma = 0.18514758539803972 + 0.9827107263184195im
└ @ HomotopyContinuation ~/.julia/packages/HomotopyContinuation/98yZ2/src/utils.jl:170
┌ Warning: Ingored unsupported keyword arguments: gamma = -0.07958457003646459 - 0.9968281176873529im
└ @ HomotopyContinuation ~/.julia/packages/HomotopyContinuation/98yZ2/src/utils.jl:170
┌ Warning: Ingored unsupported keyword arguments: gamma = -0.9933764682224389 - 0.11490514514987508im
└ @ HomotopyContinuation ~/.julia/packages/HomotopyContinuation/98yZ2/src/utils.jl:170
┌ Warning: Ingored unsupported keyword arguments: gamma = 0.8728628926695907 - 0.48796554243150675im
└ @ HomotopyContinuation ~/.julia/packages/HomotopyContinuation/98yZ2/src/utils.jl:170
┌ Warning: Ingored unsupported keyword arguments: gamma = 0.7883202720045925 - 0.6152651044440967im
└ @ HomotopyContinuation ~/.julia/packages/HomotopyContinuation/98yZ2/src/utils.jl:170
┌ Warning: Ingored unsupported keyword arguments: gamma = -0.42961691584330786 - 0.9030112433526418im
└ @ HomotopyContinuation ~/.julia/packages/HomotopyContinuation/98yZ2/src/utils.jl:170
┌ Warning: Ingored unsupported keyword arguments: gamma = -0.7448517063942538 + 0.667230046896547im
└ @ HomotopyContinuation ~/.julia/packages/HomotopyContinuation/98yZ2/src/utils.jl:170
┌ Warning: Ingored unsupported keyword arguments: gamma = 0.4190484340980171 - 0.9079638813741435im
└ @ HomotopyContinuation ~/.julia/packages/HomotopyContinuation/98yZ2/src/utils.jl:170
┌ Warning: Ingored unsupported keyword arguments: gamma = -0.9174201559578927 + 0.3979199133521667im
└ @ HomotopyContinuation ~/.julia/packages/HomotopyContinuation/98yZ2/src/utils.jl:170
┌ Warning: Ingored unsupported keyword arguments: gamma = -0.7749860615770237 - 0.6319783258635804im
└ @ HomotopyContinuation ~/.julia/packages/HomotopyContinuation/98yZ2/src/utils.jl:170
┌ Warning: Ingored unsupported keyword arguments: gamma = 0.9190624098568512 - 0.39411202314585286im
└ @ HomotopyContinuation ~/.julia/packages/HomotopyContinuation/98yZ2/src/utils.jl:170
┌ Warning: Ingored unsupported keyword arguments: gamma = 0.9702227044586803 + 0.24221458204014962im
└ @ HomotopyContinuation ~/.julia/packages/HomotopyContinuation/98yZ2/src/utils.jl:170
┌ Warning: Ingored unsupported keyword arguments: gamma = 0.6973199653643166 - 0.7167599778896059im
└ @ HomotopyContinuation ~/.julia/packages/HomotopyContinuation/98yZ2/src/utils.jl:170
┌ Warning: Ingored unsupported keyword arguments: gamma = -0.997817435746666 + 0.0660330592956891im
└ @ HomotopyContinuation ~/.julia/packages/HomotopyContinuation/98yZ2/src/utils.jl:170
┌ Warning: Ingored unsupported keyword arguments: gamma = -0.8005441172690235 - 0.5992738241454902im
└ @ HomotopyContinuation ~/.julia/packages/HomotopyContinuation/98yZ2/src/utils.jl:170
┌ Warning: Ingored unsupported keyword arguments: gamma = -0.6372718993530351 + 0.7706390376142226im
└ @ HomotopyContinuation ~/.julia/packages/HomotopyContinuation/98yZ2/src/utils.jl:170
┌ Warning: Ingored unsupported keyword arguments: gamma = 0.8399243422448286 + 0.5427035095746038im
└ @ HomotopyContinuation ~/.julia/packages/HomotopyContinuation/98yZ2/src/utils.jl:170
┌ Warning: Ingored unsupported keyword arguments: gamma = -0.6790738116696726 - 0.7340699955075278im
└ @ HomotopyContinuation ~/.julia/packages/HomotopyContinuation/98yZ2/src/utils.jl:170
┌ Warning: Ingored unsupported keyword arguments: gamma = 0.12864941957307793 - 0.9916901365061116im
└ @ HomotopyContinuation ~/.julia/packages/HomotopyContinuation/98yZ2/src/utils.jl:170
┌ Warning: Ingored unsupported keyword arguments: gamma = -0.6700797715213743 - 0.7422890944893793im
└ @ HomotopyContinuation ~/.julia/packages/HomotopyContinuation/98yZ2/src/utils.jl:170
┌ Warning: Ingored unsupported keyword arguments: gamma = -0.997753194304627 - 0.06699674062902838im
└ @ HomotopyContinuation ~/.julia/packages/HomotopyContinuation/98yZ2/src/utils.jl:170
┌ Warning: Ingored unsupported keyword arguments: gamma = 0.5197954821282078 + 0.8542907331576903im
└ @ HomotopyContinuation ~/.julia/packages/HomotopyContinuation/98yZ2/src/utils.jl:170
┌ Warning: Ingored unsupported keyword arguments: gamma = -0.5790463238881494 + 0.8152946429307754im
└ @ HomotopyContinuation ~/.julia/packages/HomotopyContinuation/98yZ2/src/utils.jl:170
┌ Warning: Ingored unsupported keyword arguments: gamma = -0.48302882293506766 - 0.8756044519153401im
└ @ HomotopyContinuation ~/.julia/packages/HomotopyContinuation/98yZ2/src/utils.jl:170
┌ Warning: Ingored unsupported keyword arguments: gamma = 0.41108720616168193 - 0.9115960228797528im
└ @ HomotopyContinuation ~/.julia/packages/HomotopyContinuation/98yZ2/src/utils.jl:170
┌ Warning: Ingored unsupported keyword arguments: gamma = 0.7019988649440104 + 0.7121780631396343im
└ @ HomotopyContinuation ~/.julia/packages/HomotopyContinuation/98yZ2/src/utils.jl:170
┌ Warning: Ingored unsupported keyword arguments: gamma = -0.13076680774610724 - 0.9914131540341254im
└ @ HomotopyContinuation ~/.julia/packages/HomotopyContinuation/98yZ2/src/utils.jl:170
┌ Warning: Ingored unsupported keyword arguments: gamma = 0.23867524041200472 - 0.9710994437308013im
└ @ HomotopyContinuation ~/.julia/packages/HomotopyContinuation/98yZ2/src/utils.jl:170
┌ Warning: Ingored unsupported keyword arguments: gamma = 0.881324743142649 - 0.47251105502892077im
└ @ HomotopyContinuation ~/.julia/packages/HomotopyContinuation/98yZ2/src/utils.jl:170
┌ Warning: Ingored unsupported keyword arguments: gamma = -0.9110495370806981 - 0.41229690877454517im
└ @ HomotopyContinuation ~/.julia/packages/HomotopyContinuation/98yZ2/src/utils.jl:170
┌ Warning: Ingored unsupported keyword arguments: gamma = -0.2795562983097932 + 0.9601293017481166im
└ @ HomotopyContinuation ~/.julia/packages/HomotopyContinuation/98yZ2/src/utils.jl:170
┌ Warning: Ingored unsupported keyword arguments: gamma = -0.13197624278071737 + 0.9912528796132121im
└ @ HomotopyContinuation ~/.julia/packages/HomotopyContinuation/98yZ2/src/utils.jl:170
┌ Warning: Ingored unsupported keyword arguments: gamma = -0.22141477881552368 - 0.9751797248313117im
└ @ HomotopyContinuation ~/.julia/packages/HomotopyContinuation/98yZ2/src/utils.jl:170
┌ Warning: Ingored unsupported keyword arguments: gamma = -0.6261553721925648 + 0.7796983069587817im
└ @ HomotopyContinuation ~/.julia/packages/HomotopyContinuation/98yZ2/src/utils.jl:170
┌ Warning: Ingored unsupported keyword arguments: gamma = -0.12000832664851349 + 0.9927728851731517im
└ @ HomotopyContinuation ~/.julia/packages/HomotopyContinuation/98yZ2/src/utils.jl:170
┌ Warning: Ingored unsupported keyword arguments: gamma = 0.999980321826234 + 0.006273432896064161im
└ @ HomotopyContinuation ~/.julia/packages/HomotopyContinuation/98yZ2/src/utils.jl:170
┌ Warning: Ingored unsupported keyword arguments: gamma = 0.8773769336645176 - 0.4798017468428483im
└ @ HomotopyContinuation ~/.julia/packages/HomotopyContinuation/98yZ2/src/utils.jl:170
┌ Warning: Ingored unsupported keyword arguments: gamma = 0.8475302722686657 + 0.5307470561276826im
└ @ HomotopyContinuation ~/.julia/packages/HomotopyContinuation/98yZ2/src/utils.jl:170
┌ Warning: Ingored unsupported keyword arguments: gamma = 0.995674572491553 + 0.09290934126213116im
└ @ HomotopyContinuation ~/.julia/packages/HomotopyContinuation/98yZ2/src/utils.jl:170
┌ Warning: Ingored unsupported keyword arguments: gamma = -0.5202180992112718 + 0.8540334473854121im
└ @ HomotopyContinuation ~/.julia/packages/HomotopyContinuation/98yZ2/src/utils.jl:170
┌ Warning: Ingored unsupported keyword arguments: gamma = -0.9980978578501023 + 0.061649543023748095im
└ @ HomotopyContinuation ~/.julia/packages/HomotopyContinuation/98yZ2/src/utils.jl:170
┌ Warning: Ingored unsupported keyword arguments: gamma = -0.9867356208704111 - 0.16233549983131937im
└ @ HomotopyContinuation ~/.julia/packages/HomotopyContinuation/98yZ2/src/utils.jl:170
┌ Warning: Ingored unsupported keyword arguments: gamma = -0.24420748921783209 + 0.9697230028260247im
└ @ HomotopyContinuation ~/.julia/packages/HomotopyContinuation/98yZ2/src/utils.jl:170
┌ Warning: Ingored unsupported keyword arguments: gamma = -0.34407594682297965 - 0.9389418207843712im
└ @ HomotopyContinuation ~/.julia/packages/HomotopyContinuation/98yZ2/src/utils.jl:170
┌ Warning: Ingored unsupported keyword arguments: gamma = 0.9999971087535942 + 0.002404679698514068im
└ @ HomotopyContinuation ~/.julia/packages/HomotopyContinuation/98yZ2/src/utils.jl:170
┌ Warning: Ingored unsupported keyword arguments: gamma = 0.7501631578155341 - 0.6612527781841269im
└ @ HomotopyContinuation ~/.julia/packages/HomotopyContinuation/98yZ2/src/utils.jl:170
┌ Warning: Ingored unsupported keyword arguments: gamma = -0.08776019532851859 - 0.9961416305505459im
└ @ HomotopyContinuation ~/.julia/packages/HomotopyContinuation/98yZ2/src/utils.jl:170
┌ Warning: Ingored unsupported keyword arguments: gamma = 0.8210492846465689 + 0.5708573133291344im
└ @ HomotopyContinuation ~/.julia/packages/HomotopyContinuation/98yZ2/src/utils.jl:170
┌ Warning: Ingored unsupported keyword arguments: gamma = -0.38663727521407953 - 0.9222318674905092im
└ @ HomotopyContinuation ~/.julia/packages/HomotopyContinuation/98yZ2/src/utils.jl:170
┌ Warning: Ingored unsupported keyword arguments: gamma = 0.964212756062984 - 0.2651297060787882im
└ @ HomotopyContinuation ~/.julia/packages/HomotopyContinuation/98yZ2/src/utils.jl:170
┌ Warning: Ingored unsupported keyword arguments: gamma = 0.8157605297402333 - 0.5783897977298129im
└ @ HomotopyContinuation ~/.julia/packages/HomotopyContinuation/98yZ2/src/utils.jl:170
┌ Warning: Ingored unsupported keyword arguments: gamma = 0.3702085659738795 - 0.9289486625640643im
└ @ HomotopyContinuation ~/.julia/packages/HomotopyContinuation/98yZ2/src/utils.jl:170
┌ Warning: Ingored unsupported keyword arguments: gamma = -0.2881496987290072 - 0.9575853753699366im
└ @ HomotopyContinuation ~/.julia/packages/HomotopyContinuation/98yZ2/src/utils.jl:170
┌ Warning: Ingored unsupported keyword arguments: gamma = 0.7718002458391937 - 0.6358650647130727im
└ @ HomotopyContinuation ~/.julia/packages/HomotopyContinuation/98yZ2/src/utils.jl:170
┌ Warning: Ingored unsupported keyword arguments: gamma = 0.35531189464199986 + 0.9347478042370104im
└ @ HomotopyContinuation ~/.julia/packages/HomotopyContinuation/98yZ2/src/utils.jl:170
┌ Warning: Ingored unsupported keyword arguments: gamma = -0.1701406640904158 + 0.9854197858896848im
└ @ HomotopyContinuation ~/.julia/packages/HomotopyContinuation/98yZ2/src/utils.jl:170
┌ Warning: Ingored unsupported keyword arguments: gamma = -0.8855143179079512 - 0.46461208849965996im
└ @ HomotopyContinuation ~/.julia/packages/HomotopyContinuation/98yZ2/src/utils.jl:170
┌ Warning: Ingored unsupported keyword arguments: gamma = 0.6753507874341919 - 0.7374966534920799im
└ @ HomotopyContinuation ~/.julia/packages/HomotopyContinuation/98yZ2/src/utils.jl:170
┌ Warning: Ingored unsupported keyword arguments: gamma = 0.12686207086879597 + 0.9919203672547916im
└ @ HomotopyContinuation ~/.julia/packages/HomotopyContinuation/98yZ2/src/utils.jl:170
┌ Warning: Ingored unsupported keyword arguments: gamma = -0.9344918038441773 + 0.3559846465060757im
└ @ HomotopyContinuation ~/.julia/packages/HomotopyContinuation/98yZ2/src/utils.jl:170
┌ Warning: Ingored unsupported keyword arguments: gamma = -0.8320076298859046 - 0.5547641875712956im
└ @ HomotopyContinuation ~/.julia/packages/HomotopyContinuation/98yZ2/src/utils.jl:170
┌ Warning: Ingored unsupported keyword arguments: gamma = 0.39633290011335787 - 0.9181068741098365im
└ @ HomotopyContinuation ~/.julia/packages/HomotopyContinuation/98yZ2/src/utils.jl:170
┌ Warning: Ingored unsupported keyword arguments: gamma = -0.7687969810145093 - 0.639492925670782im
└ @ HomotopyContinuation ~/.julia/packages/HomotopyContinuation/98yZ2/src/utils.jl:170
┌ Warning: Ingored unsupported keyword arguments: gamma = -0.8559441266208471 + 0.5170683244052718im
└ @ HomotopyContinuation ~/.julia/packages/HomotopyContinuation/98yZ2/src/utils.jl:170
┌ Warning: Ingored unsupported keyword arguments: gamma = 0.3158600668051044 + 0.9488057852889995im
└ @ HomotopyContinuation ~/.julia/packages/HomotopyContinuation/98yZ2/src/utils.jl:170
┌ Warning: Ingored unsupported keyword arguments: gamma = 0.7266371551895044 + 0.6870214295770577im
└ @ HomotopyContinuation ~/.julia/packages/HomotopyContinuation/98yZ2/src/utils.jl:170
┌ Warning: Ingored unsupported keyword arguments: gamma = -0.1883523074444232 + 0.982101526462698im
└ @ HomotopyContinuation ~/.julia/packages/HomotopyContinuation/98yZ2/src/utils.jl:170
┌ Warning: Ingored unsupported keyword arguments: gamma = -0.7704996066618738 + 0.6374404726199129im
└ @ HomotopyContinuation ~/.julia/packages/HomotopyContinuation/98yZ2/src/utils.jl:170
┌ Warning: Ingored unsupported keyword arguments: gamma = -0.4908655226615662 + 0.8712353520502869im
└ @ HomotopyContinuation ~/.julia/packages/HomotopyContinuation/98yZ2/src/utils.jl:170
┌ Warning: Ingored unsupported keyword arguments: gamma = 0.2093418817732623 - 0.9778425111108789im
└ @ HomotopyContinuation ~/.julia/packages/HomotopyContinuation/98yZ2/src/utils.jl:170
┌ Warning: Ingored unsupported keyword arguments: gamma = -0.8344056770035924 - 0.5511507653847327im
└ @ HomotopyContinuation ~/.julia/packages/HomotopyContinuation/98yZ2/src/utils.jl:170
┌ Warning: Ingored unsupported keyword arguments: gamma = -0.8068170732275222 + 0.590801329000346im
└ @ HomotopyContinuation ~/.julia/packages/HomotopyContinuation/98yZ2/src/utils.jl:170
┌ Warning: Ingored unsupported keyword arguments: gamma = -0.9069457185882401 - 0.421247508638877im
└ @ HomotopyContinuation ~/.julia/packages/HomotopyContinuation/98yZ2/src/utils.jl:170
┌ Warning: Ingored unsupported keyword arguments: gamma = -0.7648945159118323 + 0.644155555380844im
└ @ HomotopyContinuation ~/.julia/packages/HomotopyContinuation/98yZ2/src/utils.jl:170
┌ Warning: Ingored unsupported keyword arguments: gamma = 0.30404955523549526 + 0.9526562170904558im
└ @ HomotopyContinuation ~/.julia/packages/HomotopyContinuation/98yZ2/src/utils.jl:170
┌ Warning: Ingored unsupported keyword arguments: gamma = -0.8237911829138946 + 0.5668933647109713im
└ @ HomotopyContinuation ~/.julia/packages/HomotopyContinuation/98yZ2/src/utils.jl:170
┌ Warning: Ingored unsupported keyword arguments: gamma = 0.7176005289619031 - 0.6964549381213382im
└ @ HomotopyContinuation ~/.julia/packages/HomotopyContinuation/98yZ2/src/utils.jl:170
┌ Warning: Ingored unsupported keyword arguments: gamma = 0.43429653817445896 + 0.9007699578303445im
└ @ HomotopyContinuation ~/.julia/packages/HomotopyContinuation/98yZ2/src/utils.jl:170
┌ Warning: Ingored unsupported keyword arguments: gamma = 0.987584526352461 + 0.1570885206155607im
└ @ HomotopyContinuation ~/.julia/packages/HomotopyContinuation/98yZ2/src/utils.jl:170
┌ Warning: Ingored unsupported keyword arguments: gamma = 0.6053424458036099 + 0.7959651520691743im
└ @ HomotopyContinuation ~/.julia/packages/HomotopyContinuation/98yZ2/src/utils.jl:170
┌ Warning: Ingored unsupported keyword arguments: gamma = 0.9025530887866664 - 0.4305785897158008im
└ @ HomotopyContinuation ~/.julia/packages/HomotopyContinuation/98yZ2/src/utils.jl:170
┌ Warning: Ingored unsupported keyword arguments: gamma = 0.9546827289557449 - 0.2976254139579007im
└ @ HomotopyContinuation ~/.julia/packages/HomotopyContinuation/98yZ2/src/utils.jl:170
┌ Warning: Ingored unsupported keyword arguments: gamma = 0.11731420746285813 - 0.9930948478002297im
└ @ HomotopyContinuation ~/.julia/packages/HomotopyContinuation/98yZ2/src/utils.jl:170
┌ Warning: Ingored unsupported keyword arguments: gamma = -0.5268324582114313 + 0.8499691529549178im
└ @ HomotopyContinuation ~/.julia/packages/HomotopyContinuation/98yZ2/src/utils.jl:170
┌ Warning: Ingored unsupported keyword arguments: gamma = -0.9967170338838789 + 0.08096390779676255im
└ @ HomotopyContinuation ~/.julia/packages/HomotopyContinuation/98yZ2/src/utils.jl:170
┌ Warning: Ingored unsupported keyword arguments: gamma = -0.48692674103495276 - 0.8734428137348661im
└ @ HomotopyContinuation ~/.julia/packages/HomotopyContinuation/98yZ2/src/utils.jl:170
┌ Warning: Ingored unsupported keyword arguments: gamma = -0.9777822364270664 + 0.20962322897924365im
└ @ HomotopyContinuation ~/.julia/packages/HomotopyContinuation/98yZ2/src/utils.jl:170
┌ Warning: Ingored unsupported keyword arguments: gamma = 0.7869190762126901 - 0.6170562109666886im
└ @ HomotopyContinuation ~/.julia/packages/HomotopyContinuation/98yZ2/src/utils.jl:170
┌ Warning: Ingored unsupported keyword arguments: gamma = -0.2014003046774054 - 0.979509018476016im
└ @ HomotopyContinuation ~/.julia/packages/HomotopyContinuation/98yZ2/src/utils.jl:170
┌ Warning: Ingored unsupported keyword arguments: gamma = 0.4380452615558242 + 0.8989529180265725im
└ @ HomotopyContinuation ~/.julia/packages/HomotopyContinuation/98yZ2/src/utils.jl:170
┌ Warning: Ingored unsupported keyword arguments: gamma = -0.2761863658418901 - 0.9611041001489119im
└ @ HomotopyContinuation ~/.julia/packages/HomotopyContinuation/98yZ2/src/utils.jl:170
┌ Warning: Ingored unsupported keyword arguments: gamma = -0.025408195206575186 - 0.9996771596952411im
└ @ HomotopyContinuation ~/.julia/packages/HomotopyContinuation/98yZ2/src/utils.jl:170
┌ Warning: Ingored unsupported keyword arguments: gamma = -0.9053164646174581 + 0.42473768244947im
└ @ HomotopyContinuation ~/.julia/packages/HomotopyContinuation/98yZ2/src/utils.jl:170
┌ Warning: Ingored unsupported keyword arguments: gamma = 0.25845315801288626 + 0.966023791173471im
└ @ HomotopyContinuation ~/.julia/packages/HomotopyContinuation/98yZ2/src/utils.jl:170
┌ Warning: Ingored unsupported keyword arguments: gamma = 0.2872331339595854 + 0.9578607032109392im
└ @ HomotopyContinuation ~/.julia/packages/HomotopyContinuation/98yZ2/src/utils.jl:170
┌ Warning: Ingored unsupported keyword arguments: gamma = 0.7878004548764731 - 0.6159305507087809im
└ @ HomotopyContinuation ~/.julia/packages/HomotopyContinuation/98yZ2/src/utils.jl:170
┌ Warning: Ingored unsupported keyword arguments: gamma = -0.9622269173855639 + 0.2722487088282978im
└ @ HomotopyContinuation ~/.julia/packages/HomotopyContinuation/98yZ2/src/utils.jl:170
┌ Warning: Ingored unsupported keyword arguments: gamma = 0.9800573184453102 - 0.1987150033635804im
└ @ HomotopyContinuation ~/.julia/packages/HomotopyContinuation/98yZ2/src/utils.jl:170
┌ Warning: Ingored unsupported keyword arguments: gamma = -0.4280119291175921 + 0.9037730846473784im
└ @ HomotopyContinuation ~/.julia/packages/HomotopyContinuation/98yZ2/src/utils.jl:170
┌ Warning: Ingored unsupported keyword arguments: gamma = 0.09405019405896452 + 0.9955674567790327im
└ @ HomotopyContinuation ~/.julia/packages/HomotopyContinuation/98yZ2/src/utils.jl:170
┌ Warning: Ingored unsupported keyword arguments: gamma = -0.029363565200451622 + 0.9995687975515837im
└ @ HomotopyContinuation ~/.julia/packages/HomotopyContinuation/98yZ2/src/utils.jl:170
┌ Warning: Ingored unsupported keyword arguments: gamma = 0.7439528808465603 + 0.6682320787571513im
└ @ HomotopyContinuation ~/.julia/packages/HomotopyContinuation/98yZ2/src/utils.jl:170
┌ Warning: Ingored unsupported keyword arguments: gamma = -0.07344168943999735 + 0.9972995128105694im
└ @ HomotopyContinuation ~/.julia/packages/HomotopyContinuation/98yZ2/src/utils.jl:170
┌ Warning: Ingored unsupported keyword arguments: gamma = 0.5023064635573127 + 0.8646896649483826im
└ @ HomotopyContinuation ~/.julia/packages/HomotopyContinuation/98yZ2/src/utils.jl:170
┌ Warning: Ingored unsupported keyword arguments: gamma = 0.9297067713642574 + 0.3683005827845625im
└ @ HomotopyContinuation ~/.julia/packages/HomotopyContinuation/98yZ2/src/utils.jl:170
┌ Warning: Ingored unsupported keyword arguments: gamma = -0.9297242481980846 - 0.3682564626893957im
└ @ HomotopyContinuation ~/.julia/packages/HomotopyContinuation/98yZ2/src/utils.jl:170
┌ Warning: Ingored unsupported keyword arguments: gamma = -0.9048484193560588 + 0.4257338816547751im
└ @ HomotopyContinuation ~/.julia/packages/HomotopyContinuation/98yZ2/src/utils.jl:170
┌ Warning: Ingored unsupported keyword arguments: gamma = -0.926177021139804 + 0.37708901536984457im
└ @ HomotopyContinuation ~/.julia/packages/HomotopyContinuation/98yZ2/src/utils.jl:170
┌ Warning: Ingored unsupported keyword arguments: gamma = 0.08311762461886717 + 0.9965397435515139im
└ @ HomotopyContinuation ~/.julia/packages/HomotopyContinuation/98yZ2/src/utils.jl:170
┌ Warning: Ingored unsupported keyword arguments: gamma = -0.5381274736031273 - 0.8428634659027021im
└ @ HomotopyContinuation ~/.julia/packages/HomotopyContinuation/98yZ2/src/utils.jl:170
┌ Warning: Ingored unsupported keyword arguments: gamma = -0.7532112517860254 + 0.65777869392595im
└ @ HomotopyContinuation ~/.julia/packages/HomotopyContinuation/98yZ2/src/utils.jl:170
┌ Warning: Ingored unsupported keyword arguments: gamma = 0.05822117097978383 + 0.9983037089231627im
└ @ HomotopyContinuation ~/.julia/packages/HomotopyContinuation/98yZ2/src/utils.jl:170
┌ Warning: Ingored unsupported keyword arguments: gamma = 0.9988572392603245 + 0.04779346793488456im
└ @ HomotopyContinuation ~/.julia/packages/HomotopyContinuation/98yZ2/src/utils.jl:170
┌ Warning: Ingored unsupported keyword arguments: gamma = -0.9026681598945748 - 0.43033730155837335im
└ @ HomotopyContinuation ~/.julia/packages/HomotopyContinuation/98yZ2/src/utils.jl:170
┌ Warning: Ingored unsupported keyword arguments: gamma = 0.994323566640429 - 0.10639851889691082im
└ @ HomotopyContinuation ~/.julia/packages/HomotopyContinuation/98yZ2/src/utils.jl:170
┌ Warning: Ingored unsupported keyword arguments: gamma = 0.8548478526338223 - 0.5188787419497378im
└ @ HomotopyContinuation ~/.julia/packages/HomotopyContinuation/98yZ2/src/utils.jl:170
┌ Warning: Ingored unsupported keyword arguments: gamma = 0.20328248105896776 + 0.9791201320034791im
└ @ HomotopyContinuation ~/.julia/packages/HomotopyContinuation/98yZ2/src/utils.jl:170
┌ Warning: Ingored unsupported keyword arguments: gamma = 0.7439996963717347 - 0.6681799546520133im
└ @ HomotopyContinuation ~/.julia/packages/HomotopyContinuation/98yZ2/src/utils.jl:170
┌ Warning: Ingored unsupported keyword arguments: gamma = 0.49860221014566963 - 0.866830915483437im
└ @ HomotopyContinuation ~/.julia/packages/HomotopyContinuation/98yZ2/src/utils.jl:170
┌ Warning: Ingored unsupported keyword arguments: gamma = -0.20839091256300488 + 0.9780456162987277im
└ @ HomotopyContinuation ~/.julia/packages/HomotopyContinuation/98yZ2/src/utils.jl:170
┌ Warning: Ingored unsupported keyword arguments: gamma = 0.057031989831723924 + 0.9983723514480127im
└ @ HomotopyContinuation ~/.julia/packages/HomotopyContinuation/98yZ2/src/utils.jl:170
┌ Warning: Ingored unsupported keyword arguments: gamma = -0.8981139495901468 - 0.439762815107857im
└ @ HomotopyContinuation ~/.julia/packages/HomotopyContinuation/98yZ2/src/utils.jl:170
┌ Warning: Ingored unsupported keyword arguments: gamma = -0.990995993007259 + 0.133891530141218im
└ @ HomotopyContinuation ~/.julia/packages/HomotopyContinuation/98yZ2/src/utils.jl:170
┌ Warning: Ingored unsupported keyword arguments: gamma = 0.6725952262742213 - 0.7400105820818571im
└ @ HomotopyContinuation ~/.julia/packages/HomotopyContinuation/98yZ2/src/utils.jl:170
┌ Warning: Ingored unsupported keyword arguments: gamma = 0.6760321814658804 + 0.73687209855068im
└ @ HomotopyContinuation ~/.julia/packages/HomotopyContinuation/98yZ2/src/utils.jl:170
┌ Warning: Ingored unsupported keyword arguments: gamma = 0.9793354026296541 - 0.20224284698404865im
└ @ HomotopyContinuation ~/.julia/packages/HomotopyContinuation/98yZ2/src/utils.jl:170
┌ Warning: Ingored unsupported keyword arguments: gamma = -0.9961462721102748 - 0.08770749432518471im
└ @ HomotopyContinuation ~/.julia/packages/HomotopyContinuation/98yZ2/src/utils.jl:170
