HUNT2 start mode=seq PTRACK hcthr=off nworkers=0 nthreads=8 ngcthreads=8 nsolves=12 ntrack=25 seed_base=625824 shape=6x2 pid=2479735 julia=1.12.6 2026-07-22T17:58:08.463
ATTEMPT 1 W0 START ptrack6x2 seed=625825 2026-07-22T17:59:32.645
ATTEMPT 1 W0 SOLVE ptrack fresh 2026-07-22T17:59:38.615
Computing mixed cells... 2    Time: 0:00:10[K
   mixed_volume: 6[K[A
[K[AComputing mixed cells... 15    Time: 0:00:10[K
   mixed_volume: 64[K
ATTEMPT 1 W0 FRESH-DONE nsol=64 188.96s 2026-07-22T18:02:47.786
ATTEMPT 1 W0 TRACK 1 2026-07-22T18:02:49.096
ATTEMPT 1 W0 TRACKED 1 nsol=64 39.60s 2026-07-22T18:03:29.431
ATTEMPT 1 W0 TRACK 2 2026-07-22T18:03:29.692
ATTEMPT 1 W0 TRACKED 2 nsol=64 0.02s 2026-07-22T18:03:29.714
ATTEMPT 1 W0 TRACK 3 2026-07-22T18:03:29.714
ATTEMPT 1 W0 TRACKED 3 nsol=64 0.03s 2026-07-22T18:03:29.746
ATTEMPT 1 W0 TRACK 4 2026-07-22T18:03:29.747
ATTEMPT 1 W0 TRACKED 4 nsol=64 0.03s 2026-07-22T18:03:29.777
ATTEMPT 1 W0 TRACK 5 2026-07-22T18:03:29.777
ATTEMPT 1 W0 TRACKED 5 nsol=64 0.06s 2026-07-22T18:03:29.834
ATTEMPT 1 W0 TRACK 6 2026-07-22T18:03:29.834
ATTEMPT 1 W0 TRACKED 6 nsol=64 0.05s 2026-07-22T18:03:29.886
ATTEMPT 1 W0 TRACK 7 2026-07-22T18:03:29.886
ATTEMPT 1 W0 TRACKED 7 nsol=64 0.07s 2026-07-22T18:03:29.952
ATTEMPT 1 W0 TRACK 8 2026-07-22T18:03:29.952
ATTEMPT 1 W0 TRACKED 8 nsol=64 0.08s 2026-07-22T18:03:30.036
ATTEMPT 1 W0 TRACK 9 2026-07-22T18:03:30.044
ATTEMPT 1 W0 TRACKED 9 nsol=64 0.07s 2026-07-22T18:03:30.114
ATTEMPT 1 W0 TRACK 10 2026-07-22T18:03:30.120
ATTEMPT 1 W0 TRACKED 10 nsol=64 0.06s 2026-07-22T18:03:30.181
ATTEMPT 1 W0 TRACK 11 2026-07-22T18:03:30.181
ATTEMPT 1 W0 TRACKED 11 nsol=64 0.02s 2026-07-22T18:03:30.205
ATTEMPT 1 W0 TRACK 12 2026-07-22T18:03:30.205
ATTEMPT 1 W0 TRACKED 12 nsol=64 0.03s 2026-07-22T18:03:30.236
ATTEMPT 1 W0 TRACK 13 2026-07-22T18:03:30.236
ATTEMPT 1 W0 TRACKED 13 nsol=64 0.05s 2026-07-22T18:03:30.281
ATTEMPT 1 W0 TRACK 14 2026-07-22T18:03:30.281
ATTEMPT 1 W0 TRACKED 14 nsol=64 0.06s 2026-07-22T18:03:30.339
ATTEMPT 1 W0 TRACK 15 2026-07-22T18:03:30.339
ATTEMPT 1 W0 TRACKED 15 nsol=64 0.05s 2026-07-22T18:03:30.394
ATTEMPT 1 W0 TRACK 16 2026-07-22T18:03:30.394
ATTEMPT 1 W0 TRACKED 16 nsol=64 0.03s 2026-07-22T18:03:30.426
ATTEMPT 1 W0 TRACK 17 2026-07-22T18:03:30.426
ATTEMPT 1 W0 TRACKED 17 nsol=64 0.05s 2026-07-22T18:03:30.472
ATTEMPT 1 W0 TRACK 18 2026-07-22T18:03:30.472
ATTEMPT 1 W0 TRACKED 18 nsol=64 0.03s 2026-07-22T18:03:30.499
ATTEMPT 1 W0 TRACK 19 2026-07-22T18:03:30.499
ATTEMPT 1 W0 TRACKED 19 nsol=64 0.03s 2026-07-22T18:03:30.525
ATTEMPT 1 W0 TRACK 20 2026-07-22T18:03:30.525
ATTEMPT 1 W0 TRACKED 20 nsol=64 0.02s 2026-07-22T18:03:30.548
ATTEMPT 1 W0 TRACK 21 2026-07-22T18:03:30.548
ATTEMPT 1 W0 TRACKED 21 nsol=64 0.02s 2026-07-22T18:03:30.572
ATTEMPT 1 W0 TRACK 22 2026-07-22T18:03:30.572
ATTEMPT 1 W0 TRACKED 22 nsol=64 0.02s 2026-07-22T18:03:30.596
ATTEMPT 1 W0 TRACK 23 2026-07-22T18:03:30.596
ATTEMPT 1 W0 TRACKED 23 nsol=64 0.03s 2026-07-22T18:03:30.622
ATTEMPT 1 W0 TRACK 24 2026-07-22T18:03:30.623
ATTEMPT 1 W0 TRACKED 24 nsol=64 0.03s 2026-07-22T18:03:30.651
ATTEMPT 1 W0 TRACK 25 2026-07-22T18:03:30.651
ATTEMPT 1 W0 TRACKED 25 nsol=64 0.02s 2026-07-22T18:03:30.675
ATTEMPT 1 W0 DONE ptrack seed=625825 nsol=64 231.85s 2026-07-22T18:03:30.676
ATTEMPT 2 W0 START ptrack6x2 seed=625826 2026-07-22T18:03:30.676
ATTEMPT 2 W0 SOLVE ptrack fresh 2026-07-22T18:03:30.745
ATTEMPT 2 W0 FRESH-DONE nsol=64 0.10s 2026-07-22T18:03:30.847
ATTEMPT 2 W0 TRACK 1 2026-07-22T18:03:30.847
ATTEMPT 2 W0 TRACKED 1 nsol=64 0.06s 2026-07-22T18:03:30.906
ATTEMPT 2 W0 TRACK 2 2026-07-22T18:03:30.906
ATTEMPT 2 W0 TRACKED 2 nsol=64 0.03s 2026-07-22T18:03:30.941
ATTEMPT 2 W0 TRACK 3 2026-07-22T18:03:30.946
ATTEMPT 2 W0 TRACKED 3 nsol=64 0.05s 2026-07-22T18:03:30.997
ATTEMPT 2 W0 TRACK 4 2026-07-22T18:03:31.004
ATTEMPT 2 W0 TRACKED 4 nsol=64 0.06s 2026-07-22T18:03:31.067
ATTEMPT 2 W0 TRACK 5 2026-07-22T18:03:31.072
ATTEMPT 2 W0 TRACKED 5 nsol=64 0.06s 2026-07-22T18:03:31.128
ATTEMPT 2 W0 TRACK 6 2026-07-22T18:03:31.128
ATTEMPT 2 W0 TRACKED 6 nsol=64 0.03s 2026-07-22T18:03:31.157
ATTEMPT 2 W0 TRACK 7 2026-07-22T18:03:31.157
ATTEMPT 2 W0 TRACKED 7 nsol=64 0.04s 2026-07-22T18:03:31.195
ATTEMPT 2 W0 TRACK 8 2026-07-22T18:03:31.195
ATTEMPT 2 W0 TRACKED 8 nsol=64 0.03s 2026-07-22T18:03:31.220
ATTEMPT 2 W0 TRACK 9 2026-07-22T18:03:31.221
ATTEMPT 2 W0 TRACKED 9 nsol=64 0.03s 2026-07-22T18:03:31.248
ATTEMPT 2 W0 TRACK 10 2026-07-22T18:03:31.248
ATTEMPT 2 W0 TRACKED 10 nsol=64 0.04s 2026-07-22T18:03:31.288
ATTEMPT 2 W0 TRACK 11 2026-07-22T18:03:31.288
ATTEMPT 2 W0 TRACKED 11 nsol=64 0.02s 2026-07-22T18:03:31.309
ATTEMPT 2 W0 TRACK 12 2026-07-22T18:03:31.309
ATTEMPT 2 W0 TRACKED 12 nsol=64 0.02s 2026-07-22T18:03:31.333
ATTEMPT 2 W0 TRACK 13 2026-07-22T18:03:31.333
ATTEMPT 2 W0 TRACKED 13 nsol=64 0.02s 2026-07-22T18:03:31.357
ATTEMPT 2 W0 TRACK 14 2026-07-22T18:03:31.357
ATTEMPT 2 W0 TRACKED 14 nsol=64 0.03s 2026-07-22T18:03:31.391
ATTEMPT 2 W0 TRACK 15 2026-07-22T18:03:31.391
ATTEMPT 2 W0 TRACKED 15 nsol=64 0.03s 2026-07-22T18:03:31.417
ATTEMPT 2 W0 TRACK 16 2026-07-22T18:03:31.417
ATTEMPT 2 W0 TRACKED 16 nsol=64 0.03s 2026-07-22T18:03:31.446
ATTEMPT 2 W0 TRACK 17 2026-07-22T18:03:31.446
ATTEMPT 2 W0 TRACKED 17 nsol=64 0.02s 2026-07-22T18:03:31.468
ATTEMPT 2 W0 TRACK 18 2026-07-22T18:03:31.468
ATTEMPT 2 W0 TRACKED 18 nsol=64 0.02s 2026-07-22T18:03:31.491
ATTEMPT 2 W0 TRACK 19 2026-07-22T18:03:31.492
ATTEMPT 2 W0 TRACKED 19 nsol=64 0.02s 2026-07-22T18:03:31.515
ATTEMPT 2 W0 TRACK 20 2026-07-22T18:03:31.515
ATTEMPT 2 W0 TRACKED 20 nsol=64 0.02s 2026-07-22T18:03:31.538
ATTEMPT 2 W0 TRACK 21 2026-07-22T18:03:31.538
ATTEMPT 2 W0 TRACKED 21 nsol=64 0.08s 2026-07-22T18:03:31.614
ATTEMPT 2 W0 TRACK 22 2026-07-22T18:03:31.614
ATTEMPT 2 W0 TRACKED 22 nsol=64 0.06s 2026-07-22T18:03:31.670
ATTEMPT 2 W0 TRACK 23 2026-07-22T18:03:31.676
ATTEMPT 2 W0 TRACKED 23 nsol=64 0.06s 2026-07-22T18:03:31.734
ATTEMPT 2 W0 TRACK 24 2026-07-22T18:03:31.734
ATTEMPT 2 W0 TRACKED 24 nsol=64 0.05s 2026-07-22T18:03:31.783
ATTEMPT 2 W0 TRACK 25 2026-07-22T18:03:31.788
ATTEMPT 2 W0 TRACKED 25 nsol=64 0.05s 2026-07-22T18:03:31.836
ATTEMPT 2 W0 DONE ptrack seed=625826 nsol=64 1.09s 2026-07-22T18:03:31.836
ATTEMPT 3 W0 START ptrack6x2 seed=625827 2026-07-22T18:03:31.836
ATTEMPT 3 W0 SOLVE ptrack fresh 2026-07-22T18:03:31.995
ATTEMPT 3 W0 FRESH-DONE nsol=64 0.14s 2026-07-22T18:03:32.135
ATTEMPT 3 W0 TRACK 1 2026-07-22T18:03:32.140
ATTEMPT 3 W0 TRACKED 1 nsol=64 0.06s 2026-07-22T18:03:32.199
ATTEMPT 3 W0 TRACK 2 2026-07-22T18:03:32.199
ATTEMPT 3 W0 TRACKED 2 nsol=64 0.05s 2026-07-22T18:03:32.247
ATTEMPT 3 W0 TRACK 3 2026-07-22T18:03:32.247
ATTEMPT 3 W0 TRACKED 3 nsol=64 0.05s 2026-07-22T18:03:32.301
ATTEMPT 3 W0 TRACK 4 2026-07-22T18:03:32.308
ATTEMPT 3 W0 TRACKED 4 nsol=64 0.07s 2026-07-22T18:03:32.373
ATTEMPT 3 W0 TRACK 5 2026-07-22T18:03:32.374
ATTEMPT 3 W0 TRACKED 5 nsol=64 0.08s 2026-07-22T18:03:32.452
ATTEMPT 3 W0 TRACK 6 2026-07-22T18:03:32.456
ATTEMPT 3 W0 TRACKED 6 nsol=64 0.06s 2026-07-22T18:03:32.518
ATTEMPT 3 W0 TRACK 7 2026-07-22T18:03:32.524
ATTEMPT 3 W0 TRACKED 7 nsol=64 0.05s 2026-07-22T18:03:32.571
ATTEMPT 3 W0 TRACK 8 2026-07-22T18:03:32.576
ATTEMPT 3 W0 TRACKED 8 nsol=64 0.05s 2026-07-22T18:03:32.623
ATTEMPT 3 W0 TRACK 9 2026-07-22T18:03:32.632
ATTEMPT 3 W0 TRACKED 9 nsol=64 0.08s 2026-07-22T18:03:32.714
ATTEMPT 3 W0 TRACK 10 2026-07-22T18:03:32.714
ATTEMPT 3 W0 TRACKED 10 nsol=64 0.09s 2026-07-22T18:03:32.801
ATTEMPT 3 W0 TRACK 11 2026-07-22T18:03:32.801
ATTEMPT 3 W0 TRACKED 11 nsol=64 0.08s 2026-07-22T18:03:32.880
ATTEMPT 3 W0 TRACK 12 2026-07-22T18:03:32.888
ATTEMPT 3 W0 TRACKED 12 nsol=64 0.07s 2026-07-22T18:03:32.958
ATTEMPT 3 W0 TRACK 13 2026-07-22T18:03:32.958
ATTEMPT 3 W0 TRACKED 13 nsol=64 0.13s 2026-07-22T18:03:33.089
ATTEMPT 3 W0 TRACK 14 2026-07-22T18:03:33.089
ATTEMPT 3 W0 TRACKED 14 nsol=64 0.09s 2026-07-22T18:03:33.182
ATTEMPT 3 W0 TRACK 15 2026-07-22T18:03:33.182
ATTEMPT 3 W0 TRACKED 15 nsol=64 0.08s 2026-07-22T18:03:33.267
ATTEMPT 3 W0 TRACK 16 2026-07-22T18:03:33.276
ATTEMPT 3 W0 TRACKED 16 nsol=64 0.09s 2026-07-22T18:03:33.368
ATTEMPT 3 W0 TRACK 17 2026-07-22T18:03:33.369
ATTEMPT 3 W0 TRACKED 17 nsol=64 0.08s 2026-07-22T18:03:33.446
ATTEMPT 3 W0 TRACK 18 2026-07-22T18:03:33.452
ATTEMPT 3 W0 TRACKED 18 nsol=64 0.09s 2026-07-22T18:03:33.544
ATTEMPT 3 W0 TRACK 19 2026-07-22T18:03:33.544
ATTEMPT 3 W0 TRACKED 19 nsol=64 0.06s 2026-07-22T18:03:33.607
ATTEMPT 3 W0 TRACK 20 2026-07-22T18:03:33.616
ATTEMPT 3 W0 TRACKED 20 nsol=64 0.08s 2026-07-22T18:03:33.698
ATTEMPT 3 W0 TRACK 21 2026-07-22T18:03:33.704
ATTEMPT 3 W0 TRACKED 21 nsol=64 0.08s 2026-07-22T18:03:33.789
ATTEMPT 3 W0 TRACK 22 2026-07-22T18:03:33.789
ATTEMPT 3 W0 TRACKED 22 nsol=64 0.08s 2026-07-22T18:03:33.870
ATTEMPT 3 W0 TRACK 23 2026-07-22T18:03:33.876
ATTEMPT 3 W0 TRACKED 23 nsol=64 0.07s 2026-07-22T18:03:33.949
ATTEMPT 3 W0 TRACK 24 2026-07-22T18:03:33.949
ATTEMPT 3 W0 TRACKED 24 nsol=64 0.08s 2026-07-22T18:03:34.033
ATTEMPT 3 W0 TRACK 25 2026-07-22T18:03:34.033
ATTEMPT 3 W0 TRACKED 25 nsol=64 0.12s 2026-07-22T18:03:34.153
ATTEMPT 3 W0 DONE ptrack seed=625827 nsol=64 2.16s 2026-07-22T18:03:34.153
ATTEMPT 4 W0 START ptrack6x2 seed=625828 2026-07-22T18:03:34.153
ATTEMPT 4 W0 SOLVE ptrack fresh 2026-07-22T18:03:34.420
ATTEMPT 4 W0 FRESH-DONE nsol=64 0.25s 2026-07-22T18:03:34.687
ATTEMPT 4 W0 TRACK 1 2026-07-22T18:03:34.692
ATTEMPT 4 W0 TRACKED 1 nsol=64 0.08s 2026-07-22T18:03:34.772
ATTEMPT 4 W0 TRACK 2 2026-07-22T18:03:34.772
ATTEMPT 4 W0 TRACKED 2 nsol=64 0.08s 2026-07-22T18:03:34.854
ATTEMPT 4 W0 TRACK 3 2026-07-22T18:03:34.860
ATTEMPT 4 W0 TRACKED 3 nsol=64 0.07s 2026-07-22T18:03:34.928
ATTEMPT 4 W0 TRACK 4 2026-07-22T18:03:34.928
ATTEMPT 4 W0 TRACKED 4 nsol=64 0.07s 2026-07-22T18:03:34.994
ATTEMPT 4 W0 TRACK 5 2026-07-22T18:03:35.008
ATTEMPT 4 W0 TRACKED 5 nsol=64 0.02s 2026-07-22T18:03:35.032
ATTEMPT 4 W0 TRACK 6 2026-07-22T18:03:35.032
ATTEMPT 4 W0 TRACKED 6 nsol=64 0.02s 2026-07-22T18:03:35.054
ATTEMPT 4 W0 TRACK 7 2026-07-22T18:03:35.054
ATTEMPT 4 W0 TRACKED 7 nsol=64 0.03s 2026-07-22T18:03:35.083
ATTEMPT 4 W0 TRACK 8 2026-07-22T18:03:35.083
ATTEMPT 4 W0 TRACKED 8 nsol=64 0.03s 2026-07-22T18:03:35.111
ATTEMPT 4 W0 TRACK 9 2026-07-22T18:03:35.111
ATTEMPT 4 W0 TRACKED 9 nsol=64 0.02s 2026-07-22T18:03:35.135
ATTEMPT 4 W0 TRACK 10 2026-07-22T18:03:35.135
ATTEMPT 4 W0 TRACKED 10 nsol=64 0.10s 2026-07-22T18:03:35.233
ATTEMPT 4 W0 TRACK 11 2026-07-22T18:03:35.233
ATTEMPT 4 W0 TRACKED 11 nsol=64 0.10s 2026-07-22T18:03:35.331
ATTEMPT 4 W0 TRACK 12 2026-07-22T18:03:35.336
ATTEMPT 4 W0 TRACKED 12 nsol=64 0.07s 2026-07-22T18:03:35.406
ATTEMPT 4 W0 TRACK 13 2026-07-22T18:03:35.412
ATTEMPT 4 W0 TRACKED 13 nsol=64 0.10s 2026-07-22T18:03:35.513
ATTEMPT 4 W0 TRACK 14 2026-07-22T18:03:35.513
ATTEMPT 4 W0 TRACKED 14 nsol=64 0.09s 2026-07-22T18:03:35.606
ATTEMPT 4 W0 TRACK 15 2026-07-22T18:03:35.606
ATTEMPT 4 W0 TRACKED 15 nsol=64 0.10s 2026-07-22T18:03:35.701
ATTEMPT 4 W0 TRACK 16 2026-07-22T18:03:35.708
ATTEMPT 4 W0 TRACKED 16 nsol=64 0.10s 2026-07-22T18:03:35.812
ATTEMPT 4 W0 TRACK 17 2026-07-22T18:03:35.812
ATTEMPT 4 W0 TRACKED 17 nsol=64 0.03s 2026-07-22T18:03:35.841
ATTEMPT 4 W0 TRACK 18 2026-07-22T18:03:35.841
ATTEMPT 4 W0 TRACKED 18 nsol=64 0.03s 2026-07-22T18:03:35.869
ATTEMPT 4 W0 TRACK 19 2026-07-22T18:03:35.869
ATTEMPT 4 W0 TRACKED 19 nsol=64 0.06s 2026-07-22T18:03:35.931
ATTEMPT 4 W0 TRACK 20 2026-07-22T18:03:35.931
ATTEMPT 4 W0 TRACKED 20 nsol=64 0.11s 2026-07-22T18:03:36.042
ATTEMPT 4 W0 TRACK 21 2026-07-22T18:03:36.052
ATTEMPT 4 W0 TRACKED 21 nsol=64 0.09s 2026-07-22T18:03:36.146
ATTEMPT 4 W0 TRACK 22 2026-07-22T18:03:36.156
ATTEMPT 4 W0 TRACKED 22 nsol=64 0.07s 2026-07-22T18:03:36.228
ATTEMPT 4 W0 TRACK 23 2026-07-22T18:03:36.228
ATTEMPT 4 W0 TRACKED 23 nsol=64 0.06s 2026-07-22T18:03:36.286
ATTEMPT 4 W0 TRACK 24 2026-07-22T18:03:36.286
ATTEMPT 4 W0 TRACKED 24 nsol=64 0.04s 2026-07-22T18:03:36.325
ATTEMPT 4 W0 TRACK 25 2026-07-22T18:03:36.325
ATTEMPT 4 W0 TRACKED 25 nsol=64 0.03s 2026-07-22T18:03:36.358
ATTEMPT 4 W0 DONE ptrack seed=625828 nsol=64 1.93s 2026-07-22T18:03:36.358
ATTEMPT 5 W0 START ptrack6x2 seed=625829 2026-07-22T18:03:36.358
ATTEMPT 5 W0 SOLVE ptrack fresh 2026-07-22T18:03:36.424
ATTEMPT 5 W0 FRESH-DONE nsol=64 0.06s 2026-07-22T18:03:36.483
ATTEMPT 5 W0 TRACK 1 2026-07-22T18:03:36.483
ATTEMPT 5 W0 TRACKED 1 nsol=64 0.02s 2026-07-22T18:03:36.506
ATTEMPT 5 W0 TRACK 2 2026-07-22T18:03:36.506
ATTEMPT 5 W0 TRACKED 2 nsol=64 0.02s 2026-07-22T18:03:36.529
ATTEMPT 5 W0 TRACK 3 2026-07-22T18:03:36.529
ATTEMPT 5 W0 TRACKED 3 nsol=64 0.03s 2026-07-22T18:03:36.558
ATTEMPT 5 W0 TRACK 4 2026-07-22T18:03:36.559
ATTEMPT 5 W0 TRACKED 4 nsol=64 0.04s 2026-07-22T18:03:36.598
ATTEMPT 5 W0 TRACK 5 2026-07-22T18:03:36.598
ATTEMPT 5 W0 TRACKED 5 nsol=64 0.06s 2026-07-22T18:03:36.654
ATTEMPT 5 W0 TRACK 6 2026-07-22T18:03:36.654
ATTEMPT 5 W0 TRACKED 6 nsol=64 0.05s 2026-07-22T18:03:36.708
ATTEMPT 5 W0 TRACK 7 2026-07-22T18:03:36.708
ATTEMPT 5 W0 TRACKED 7 nsol=64 0.06s 2026-07-22T18:03:36.764
ATTEMPT 5 W0 TRACK 8 2026-07-22T18:03:36.764
ATTEMPT 5 W0 TRACKED 8 nsol=64 0.04s 2026-07-22T18:03:36.807
ATTEMPT 5 W0 TRACK 9 2026-07-22T18:03:36.820
ATTEMPT 5 W0 TRACKED 9 nsol=64 0.10s 2026-07-22T18:03:36.918
ATTEMPT 5 W0 TRACK 10 2026-07-22T18:03:36.924
ATTEMPT 5 W0 TRACKED 10 nsol=64 0.05s 2026-07-22T18:03:36.971
ATTEMPT 5 W0 TRACK 11 2026-07-22T18:03:36.976
ATTEMPT 5 W0 TRACKED 11 nsol=64 0.06s 2026-07-22T18:03:37.034
ATTEMPT 5 W0 TRACK 12 2026-07-22T18:03:37.048
ATTEMPT 5 W0 TRACKED 12 nsol=64 0.07s 2026-07-22T18:03:37.116
ATTEMPT 5 W0 TRACK 13 2026-07-22T18:03:37.116
ATTEMPT 5 W0 TRACKED 13 nsol=64 0.09s 2026-07-22T18:03:37.203
ATTEMPT 5 W0 TRACK 14 2026-07-22T18:03:37.208
ATTEMPT 5 W0 TRACKED 14 nsol=64 0.07s 2026-07-22T18:03:37.279
ATTEMPT 5 W0 TRACK 15 2026-07-22T18:03:37.292
ATTEMPT 5 W0 TRACKED 15 nsol=64 0.06s 2026-07-22T18:03:37.355
ATTEMPT 5 W0 TRACK 16 2026-07-22T18:03:37.364
ATTEMPT 5 W0 TRACKED 16 nsol=64 0.06s 2026-07-22T18:03:37.429
ATTEMPT 5 W0 TRACK 17 2026-07-22T18:03:37.432
ATTEMPT 5 W0 TRACKED 17 nsol=64 0.07s 2026-07-22T18:03:37.499
ATTEMPT 5 W0 TRACK 18 2026-07-22T18:03:37.499
ATTEMPT 5 W0 TRACKED 18 nsol=64 0.08s 2026-07-22T18:03:37.579
ATTEMPT 5 W0 TRACK 19 2026-07-22T18:03:37.588
ATTEMPT 5 W0 TRACKED 19 nsol=64 0.08s 2026-07-22T18:03:37.668
ATTEMPT 5 W0 TRACK 20 2026-07-22T18:03:37.676
ATTEMPT 5 W0 TRACKED 20 nsol=64 0.08s 2026-07-22T18:03:37.753
ATTEMPT 5 W0 TRACK 21 2026-07-22T18:03:37.753
ATTEMPT 5 W0 TRACKED 21 nsol=64 0.10s 2026-07-22T18:03:37.850
ATTEMPT 5 W0 TRACK 22 2026-07-22T18:03:37.856
ATTEMPT 5 W0 TRACKED 22 nsol=64 0.11s 2026-07-22T18:03:37.969
ATTEMPT 5 W0 TRACK 23 2026-07-22T18:03:37.969
ATTEMPT 5 W0 TRACKED 23 nsol=64 0.07s 2026-07-22T18:03:38.041
ATTEMPT 5 W0 TRACK 24 2026-07-22T18:03:38.041
ATTEMPT 5 W0 TRACKED 24 nsol=64 0.06s 2026-07-22T18:03:38.103
ATTEMPT 5 W0 TRACK 25 2026-07-22T18:03:38.108
ATTEMPT 5 W0 TRACKED 25 nsol=64 0.08s 2026-07-22T18:03:38.184
ATTEMPT 5 W0 DONE ptrack seed=625829 nsol=64 1.76s 2026-07-22T18:03:38.184
ATTEMPT 6 W0 START ptrack6x2 seed=625830 2026-07-22T18:03:38.184
ATTEMPT 6 W0 SOLVE ptrack fresh 2026-07-22T18:03:38.315
ATTEMPT 6 W0 FRESH-DONE nsol=64 0.09s 2026-07-22T18:03:38.402
ATTEMPT 6 W0 TRACK 1 2026-07-22T18:03:38.402
ATTEMPT 6 W0 TRACKED 1 nsol=64 0.05s 2026-07-22T18:03:38.451
ATTEMPT 6 W0 TRACK 2 2026-07-22T18:03:38.456
ATTEMPT 6 W0 TRACKED 2 nsol=64 0.04s 2026-07-22T18:03:38.499
ATTEMPT 6 W0 TRACK 3 2026-07-22T18:03:38.500
ATTEMPT 6 W0 TRACKED 3 nsol=64 0.08s 2026-07-22T18:03:38.576
ATTEMPT 6 W0 TRACK 4 2026-07-22T18:03:38.576
ATTEMPT 6 W0 TRACKED 4 nsol=64 0.03s 2026-07-22T18:03:38.605
ATTEMPT 6 W0 TRACK 5 2026-07-22T18:03:38.605
ATTEMPT 6 W0 TRACKED 5 nsol=64 0.02s 2026-07-22T18:03:38.625
ATTEMPT 6 W0 TRACK 6 2026-07-22T18:03:38.626
ATTEMPT 6 W0 TRACKED 6 nsol=64 0.03s 2026-07-22T18:03:38.655
ATTEMPT 6 W0 TRACK 7 2026-07-22T18:03:38.660
ATTEMPT 6 W0 TRACKED 7 nsol=64 0.03s 2026-07-22T18:03:38.685
ATTEMPT 6 W0 TRACK 8 2026-07-22T18:03:38.686
ATTEMPT 6 W0 TRACKED 8 nsol=64 0.03s 2026-07-22T18:03:38.713
ATTEMPT 6 W0 TRACK 9 2026-07-22T18:03:38.713
ATTEMPT 6 W0 TRACKED 9 nsol=64 0.03s 2026-07-22T18:03:38.745
ATTEMPT 6 W0 TRACK 10 2026-07-22T18:03:38.746
ATTEMPT 6 W0 TRACKED 10 nsol=64 0.03s 2026-07-22T18:03:38.780
ATTEMPT 6 W0 TRACK 11 2026-07-22T18:03:38.780
ATTEMPT 6 W0 TRACKED 11 nsol=64 0.03s 2026-07-22T18:03:38.811
ATTEMPT 6 W0 TRACK 12 2026-07-22T18:03:38.811
ATTEMPT 6 W0 TRACKED 12 nsol=64 0.02s 2026-07-22T18:03:38.835
ATTEMPT 6 W0 TRACK 13 2026-07-22T18:03:38.835
ATTEMPT 6 W0 TRACKED 13 nsol=64 0.03s 2026-07-22T18:03:38.861
ATTEMPT 6 W0 TRACK 14 2026-07-22T18:03:38.861
ATTEMPT 6 W0 TRACKED 14 nsol=64 0.03s 2026-07-22T18:03:38.892
ATTEMPT 6 W0 TRACK 15 2026-07-22T18:03:38.892
ATTEMPT 6 W0 TRACKED 15 nsol=64 0.04s 2026-07-22T18:03:38.930
ATTEMPT 6 W0 TRACK 16 2026-07-22T18:03:38.930
ATTEMPT 6 W0 TRACKED 16 nsol=64 0.03s 2026-07-22T18:03:38.956
ATTEMPT 6 W0 TRACK 17 2026-07-22T18:03:38.956
ATTEMPT 6 W0 TRACKED 17 nsol=64 0.02s 2026-07-22T18:03:38.980
ATTEMPT 6 W0 TRACK 18 2026-07-22T18:03:38.980
ATTEMPT 6 W0 TRACKED 18 nsol=64 0.04s 2026-07-22T18:03:39.020
ATTEMPT 6 W0 TRACK 19 2026-07-22T18:03:39.024
ATTEMPT 6 W0 TRACKED 19 nsol=64 0.04s 2026-07-22T18:03:39.066
ATTEMPT 6 W0 TRACK 20 2026-07-22T18:03:39.066
ATTEMPT 6 W0 TRACKED 20 nsol=64 0.05s 2026-07-22T18:03:39.120
ATTEMPT 6 W0 TRACK 21 2026-07-22T18:03:39.120
ATTEMPT 6 W0 TRACKED 21 nsol=64 0.07s 2026-07-22T18:03:39.188
ATTEMPT 6 W0 TRACK 22 2026-07-22T18:03:39.188
ATTEMPT 6 W0 TRACKED 22 nsol=64 0.04s 2026-07-22T18:03:39.232
ATTEMPT 6 W0 TRACK 23 2026-07-22T18:03:39.236
ATTEMPT 6 W0 TRACKED 23 nsol=64 0.08s 2026-07-22T18:03:39.313
ATTEMPT 6 W0 TRACK 24 2026-07-22T18:03:39.313
ATTEMPT 6 W0 TRACKED 24 nsol=64 0.07s 2026-07-22T18:03:39.385
ATTEMPT 6 W0 TRACK 25 2026-07-22T18:03:39.385
ATTEMPT 6 W0 TRACKED 25 nsol=64 0.06s 2026-07-22T18:03:39.449
ATTEMPT 6 W0 DONE ptrack seed=625830 nsol=64 1.13s 2026-07-22T18:03:39.449
ATTEMPT 7 W0 START ptrack6x2 seed=625831 2026-07-22T18:03:39.449
ATTEMPT 7 W0 SOLVE ptrack fresh 2026-07-22T18:03:39.686
ATTEMPT 7 W0 FRESH-DONE nsol=64 0.18s 2026-07-22T18:03:39.868
ATTEMPT 7 W0 TRACK 1 2026-07-22T18:03:39.868
ATTEMPT 7 W0 TRACKED 1 nsol=64 0.05s 2026-07-22T18:03:39.916
ATTEMPT 7 W0 TRACK 2 2026-07-22T18:03:39.916
ATTEMPT 7 W0 TRACKED 2 nsol=64 0.02s 2026-07-22T18:03:39.940
ATTEMPT 7 W0 TRACK 3 2026-07-22T18:03:39.940
ATTEMPT 7 W0 TRACKED 3 nsol=64 0.02s 2026-07-22T18:03:39.965
ATTEMPT 7 W0 TRACK 4 2026-07-22T18:03:39.965
ATTEMPT 7 W0 TRACKED 4 nsol=64 0.02s 2026-07-22T18:03:39.988
ATTEMPT 7 W0 TRACK 5 2026-07-22T18:03:39.988
ATTEMPT 7 W0 TRACKED 5 nsol=64 0.03s 2026-07-22T18:03:40.018
ATTEMPT 7 W0 TRACK 6 2026-07-22T18:03:40.018
ATTEMPT 7 W0 TRACKED 6 nsol=64 0.02s 2026-07-22T18:03:40.043
ATTEMPT 7 W0 TRACK 7 2026-07-22T18:03:40.043
ATTEMPT 7 W0 TRACKED 7 nsol=64 0.03s 2026-07-22T18:03:40.075
ATTEMPT 7 W0 TRACK 8 2026-07-22T18:03:40.075
ATTEMPT 7 W0 TRACKED 8 nsol=64 0.04s 2026-07-22T18:03:40.118
ATTEMPT 7 W0 TRACK 9 2026-07-22T18:03:40.118
ATTEMPT 7 W0 TRACKED 9 nsol=64 0.04s 2026-07-22T18:03:40.153
ATTEMPT 7 W0 TRACK 10 2026-07-22T18:03:40.153
ATTEMPT 7 W0 TRACKED 10 nsol=64 0.03s 2026-07-22T18:03:40.185
ATTEMPT 7 W0 TRACK 11 2026-07-22T18:03:40.185
ATTEMPT 7 W0 TRACKED 11 nsol=64 0.04s 2026-07-22T18:03:40.223
ATTEMPT 7 W0 TRACK 12 2026-07-22T18:03:40.223
ATTEMPT 7 W0 TRACKED 12 nsol=64 0.03s 2026-07-22T18:03:40.257
ATTEMPT 7 W0 TRACK 13 2026-07-22T18:03:40.257
ATTEMPT 7 W0 TRACKED 13 nsol=64 0.03s 2026-07-22T18:03:40.287
ATTEMPT 7 W0 TRACK 14 2026-07-22T18:03:40.287
ATTEMPT 7 W0 TRACKED 14 nsol=64 0.04s 2026-07-22T18:03:40.326
ATTEMPT 7 W0 TRACK 15 2026-07-22T18:03:40.326
ATTEMPT 7 W0 TRACKED 15 nsol=64 0.04s 2026-07-22T18:03:40.361
ATTEMPT 7 W0 TRACK 16 2026-07-22T18:03:40.361
ATTEMPT 7 W0 TRACKED 16 nsol=64 0.03s 2026-07-22T18:03:40.393
ATTEMPT 7 W0 TRACK 17 2026-07-22T18:03:40.393
ATTEMPT 7 W0 TRACKED 17 nsol=64 0.03s 2026-07-22T18:03:40.423
ATTEMPT 7 W0 TRACK 18 2026-07-22T18:03:40.428
ATTEMPT 7 W0 TRACKED 18 nsol=64 0.03s 2026-07-22T18:03:40.459
ATTEMPT 7 W0 TRACK 19 2026-07-22T18:03:40.464
ATTEMPT 7 W0 TRACKED 19 nsol=64 0.06s 2026-07-22T18:03:40.522
ATTEMPT 7 W0 TRACK 20 2026-07-22T18:03:40.532
ATTEMPT 7 W0 TRACKED 20 nsol=64 0.04s 2026-07-22T18:03:40.576
ATTEMPT 7 W0 TRACK 21 2026-07-22T18:03:40.576
┌ Warning: Ingored unsupported keyword arguments: gamma = -0.6082374900470638 + 0.7937550980631544im
└ @ HomotopyContinuation ~/.julia/packages/HomotopyContinuation/98yZ2/src/utils.jl:170
┌ Warning: Ingored unsupported keyword arguments: gamma = -0.3741044686065274 + 0.9273865680333243im
└ @ HomotopyContinuation ~/.julia/packages/HomotopyContinuation/98yZ2/src/utils.jl:170
┌ Warning: Ingored unsupported keyword arguments: gamma = -0.39382148346005724 - 0.9191869446229749im
└ @ HomotopyContinuation ~/.julia/packages/HomotopyContinuation/98yZ2/src/utils.jl:170
┌ Warning: Ingored unsupported keyword arguments: gamma = 0.3743868241807131 - 0.9272726168068804im
└ @ HomotopyContinuation ~/.julia/packages/HomotopyContinuation/98yZ2/src/utils.jl:170
┌ Warning: Ingored unsupported keyword arguments: gamma = 0.9855936050679717 - 0.1691308536285412im
└ @ HomotopyContinuation ~/.julia/packages/HomotopyContinuation/98yZ2/src/utils.jl:170
┌ Warning: Ingored unsupported keyword arguments: gamma = -0.7725873653549109 + 0.6349084681227345im
└ @ HomotopyContinuation ~/.julia/packages/HomotopyContinuation/98yZ2/src/utils.jl:170
┌ Warning: Ingored unsupported keyword arguments: gamma = 0.9896195674966224 + 0.14371190496196934im
└ @ HomotopyContinuation ~/.julia/packages/HomotopyContinuation/98yZ2/src/utils.jl:170
┌ Warning: Ingored unsupported keyword arguments: gamma = -0.8747616223930779 + 0.4845535099328352im
└ @ HomotopyContinuation ~/.julia/packages/HomotopyContinuation/98yZ2/src/utils.jl:170
┌ Warning: Ingored unsupported keyword arguments: gamma = 0.9983180276631745 + 0.057975129518693456im
└ @ HomotopyContinuation ~/.julia/packages/HomotopyContinuation/98yZ2/src/utils.jl:170
┌ Warning: Ingored unsupported keyword arguments: gamma = 0.39092813078308875 - 0.9204212060586393im
└ @ HomotopyContinuation ~/.julia/packages/HomotopyContinuation/98yZ2/src/utils.jl:170
┌ Warning: Ingored unsupported keyword arguments: gamma = 0.7439783165535652 - 0.6682037597156448im
└ @ HomotopyContinuation ~/.julia/packages/HomotopyContinuation/98yZ2/src/utils.jl:170
┌ Warning: Ingored unsupported keyword arguments: gamma = 0.6414770285024685 + 0.7671422435921798im
└ @ HomotopyContinuation ~/.julia/packages/HomotopyContinuation/98yZ2/src/utils.jl:170
┌ Warning: Ingored unsupported keyword arguments: gamma = 0.9890096382219384 + 0.14785105851535366im
└ @ HomotopyContinuation ~/.julia/packages/HomotopyContinuation/98yZ2/src/utils.jl:170
┌ Warning: Ingored unsupported keyword arguments: gamma = -0.9991158178096055 - 0.042042628398368434im
└ @ HomotopyContinuation ~/.julia/packages/HomotopyContinuation/98yZ2/src/utils.jl:170
┌ Warning: Ingored unsupported keyword arguments: gamma = 0.5931516001051471 - 0.8050907894720344im
└ @ HomotopyContinuation ~/.julia/packages/HomotopyContinuation/98yZ2/src/utils.jl:170
┌ Warning: Ingored unsupported keyword arguments: gamma = 0.780993896486044 + 0.6245386566510885im
└ @ HomotopyContinuation ~/.julia/packages/HomotopyContinuation/98yZ2/src/utils.jl:170
┌ Warning: Ingored unsupported keyword arguments: gamma = 0.26796342350088004 - 0.963429085955831im
└ @ HomotopyContinuation ~/.julia/packages/HomotopyContinuation/98yZ2/src/utils.jl:170
┌ Warning: Ingored unsupported keyword arguments: gamma = 0.2477488632638339 + 0.9688242878620861im
└ @ HomotopyContinuation ~/.julia/packages/HomotopyContinuation/98yZ2/src/utils.jl:170
┌ Warning: Ingored unsupported keyword arguments: gamma = -0.9944205554020229 - 0.10548819362342095im
└ @ HomotopyContinuation ~/.julia/packages/HomotopyContinuation/98yZ2/src/utils.jl:170
┌ Warning: Ingored unsupported keyword arguments: gamma = 0.9866307713858617 + 0.16297153418477558im
└ @ HomotopyContinuation ~/.julia/packages/HomotopyContinuation/98yZ2/src/utils.jl:170
┌ Warning: Ingored unsupported keyword arguments: gamma = 0.6591668577776107 + 0.7519967111680682im
└ @ HomotopyContinuation ~/.julia/packages/HomotopyContinuation/98yZ2/src/utils.jl:170
┌ Warning: Ingored unsupported keyword arguments: gamma = -0.2001613773000026 - 0.9797629422658146im
└ @ HomotopyContinuation ~/.julia/packages/HomotopyContinuation/98yZ2/src/utils.jl:170
┌ Warning: Ingored unsupported keyword arguments: gamma = 0.8375057497035292 - 0.5464285124456167im
└ @ HomotopyContinuation ~/.julia/packages/HomotopyContinuation/98yZ2/src/utils.jl:170
┌ Warning: Ingored unsupported keyword arguments: gamma = -0.5315148821006336 + 0.8470489537833983im
└ @ HomotopyContinuation ~/.julia/packages/HomotopyContinuation/98yZ2/src/utils.jl:170
┌ Warning: Ingored unsupported keyword arguments: gamma = -0.2636015108823132 + 0.9646316620661805im
└ @ HomotopyContinuation ~/.julia/packages/HomotopyContinuation/98yZ2/src/utils.jl:170
┌ Warning: Ingored unsupported keyword arguments: gamma = -0.8013780816849712 - 0.5981581481472233im
└ @ HomotopyContinuation ~/.julia/packages/HomotopyContinuation/98yZ2/src/utils.jl:170
┌ Warning: Ingored unsupported keyword arguments: gamma = -0.9998916601714635 - 0.014719644002305875im
└ @ HomotopyContinuation ~/.julia/packages/HomotopyContinuation/98yZ2/src/utils.jl:170
┌ Warning: Ingored unsupported keyword arguments: gamma = 0.05286190885147916 - 0.998601831859214im
└ @ HomotopyContinuation ~/.julia/packages/HomotopyContinuation/98yZ2/src/utils.jl:170
┌ Warning: Ingored unsupported keyword arguments: gamma = -0.6708811355952192 + 0.7415649006678169im
└ @ HomotopyContinuation ~/.julia/packages/HomotopyContinuation/98yZ2/src/utils.jl:170
┌ Warning: Ingored unsupported keyword arguments: gamma = -0.888254142519439 - 0.4593523465674864im
└ @ HomotopyContinuation ~/.julia/packages/HomotopyContinuation/98yZ2/src/utils.jl:170
┌ Warning: Ingored unsupported keyword arguments: gamma = 0.8350896907508399 - 0.5501138140436637im
└ @ HomotopyContinuation ~/.julia/packages/HomotopyContinuation/98yZ2/src/utils.jl:170
┌ Warning: Ingored unsupported keyword arguments: gamma = -0.49679335943831937 + 0.8678688599195092im
└ @ HomotopyContinuation ~/.julia/packages/HomotopyContinuation/98yZ2/src/utils.jl:170
┌ Warning: Ingored unsupported keyword arguments: gamma = 0.7962150914819823 + 0.6050136594295525im
└ @ HomotopyContinuation ~/.julia/packages/HomotopyContinuation/98yZ2/src/utils.jl:170
┌ Warning: Ingored unsupported keyword arguments: gamma = 0.7054960479866044 - 0.7087138535934534im
└ @ HomotopyContinuation ~/.julia/packages/HomotopyContinuation/98yZ2/src/utils.jl:170
┌ Warning: Ingored unsupported keyword arguments: gamma = 0.2971476913554246 + 0.9548315293925632im
└ @ HomotopyContinuation ~/.julia/packages/HomotopyContinuation/98yZ2/src/utils.jl:170
┌ Warning: Ingored unsupported keyword arguments: gamma = -0.832997389491678 + 0.5532769190017326im
└ @ HomotopyContinuation ~/.julia/packages/HomotopyContinuation/98yZ2/src/utils.jl:170
┌ Warning: Ingored unsupported keyword arguments: gamma = -0.7054618393336581 + 0.7087479052836573im
└ @ HomotopyContinuation ~/.julia/packages/HomotopyContinuation/98yZ2/src/utils.jl:170
┌ Warning: Ingored unsupported keyword arguments: gamma = 0.592589143813169 - 0.8055048768535019im
└ @ HomotopyContinuation ~/.julia/packages/HomotopyContinuation/98yZ2/src/utils.jl:170
┌ Warning: Ingored unsupported keyword arguments: gamma = 0.9517132307151491 + 0.30698847939578im
└ @ HomotopyContinuation ~/.julia/packages/HomotopyContinuation/98yZ2/src/utils.jl:170
┌ Warning: Ingored unsupported keyword arguments: gamma = -0.9411681170551228 + 0.33793871550758237im
└ @ HomotopyContinuation ~/.julia/packages/HomotopyContinuation/98yZ2/src/utils.jl:170
┌ Warning: Ingored unsupported keyword arguments: gamma = -0.6408601893041352 + 0.7676576175386186im
└ @ HomotopyContinuation ~/.julia/packages/HomotopyContinuation/98yZ2/src/utils.jl:170
┌ Warning: Ingored unsupported keyword arguments: gamma = -0.8147946516610789 + 0.5797496663427252im
└ @ HomotopyContinuation ~/.julia/packages/HomotopyContinuation/98yZ2/src/utils.jl:170
┌ Warning: Ingored unsupported keyword arguments: gamma = 0.02229594739511247 + 0.9997514144674937im
└ @ HomotopyContinuation ~/.julia/packages/HomotopyContinuation/98yZ2/src/utils.jl:170
┌ Warning: Ingored unsupported keyword arguments: gamma = 0.973256505216245 + 0.2297210809966325im
└ @ HomotopyContinuation ~/.julia/packages/HomotopyContinuation/98yZ2/src/utils.jl:170
┌ Warning: Ingored unsupported keyword arguments: gamma = 0.887566990423673 - 0.4606786705614484im
└ @ HomotopyContinuation ~/.julia/packages/HomotopyContinuation/98yZ2/src/utils.jl:170
┌ Warning: Ingored unsupported keyword arguments: gamma = -0.5138796322701866 + 0.8578622987040856im
└ @ HomotopyContinuation ~/.julia/packages/HomotopyContinuation/98yZ2/src/utils.jl:170
┌ Warning: Ingored unsupported keyword arguments: gamma = 0.1755760405735674 + 0.9844658724285514im
└ @ HomotopyContinuation ~/.julia/packages/HomotopyContinuation/98yZ2/src/utils.jl:170
┌ Warning: Ingored unsupported keyword arguments: gamma = -0.9619666240127359 + 0.2731670080473473im
└ @ HomotopyContinuation ~/.julia/packages/HomotopyContinuation/98yZ2/src/utils.jl:170
┌ Warning: Ingored unsupported keyword arguments: gamma = 0.9662309046655021 + 0.2576777810935304im
└ @ HomotopyContinuation ~/.julia/packages/HomotopyContinuation/98yZ2/src/utils.jl:170
┌ Warning: Ingored unsupported keyword arguments: gamma = -0.8508063874027937 - 0.5254792965994068im
└ @ HomotopyContinuation ~/.julia/packages/HomotopyContinuation/98yZ2/src/utils.jl:170
┌ Warning: Ingored unsupported keyword arguments: gamma = 0.02399685367285055 - 0.9997120340447062im
└ @ HomotopyContinuation ~/.julia/packages/HomotopyContinuation/98yZ2/src/utils.jl:170
┌ Warning: Ingored unsupported keyword arguments: gamma = -0.9856926943558144 + 0.16855240221834586im
└ @ HomotopyContinuation ~/.julia/packages/HomotopyContinuation/98yZ2/src/utils.jl:170
┌ Warning: Ingored unsupported keyword arguments: gamma = -0.939369246678497 + 0.34290730291825683im
└ @ HomotopyContinuation ~/.julia/packages/HomotopyContinuation/98yZ2/src/utils.jl:170
┌ Warning: Ingored unsupported keyword arguments: gamma = -0.5452641375945844 + 0.8382642902171332im
└ @ HomotopyContinuation ~/.julia/packages/HomotopyContinuation/98yZ2/src/utils.jl:170
┌ Warning: Ingored unsupported keyword arguments: gamma = -0.35497776688254057 + 0.9348747429570898im
└ @ HomotopyContinuation ~/.julia/packages/HomotopyContinuation/98yZ2/src/utils.jl:170
┌ Warning: Ingored unsupported keyword arguments: gamma = -0.4201628518992786 + 0.9074487191482861im
└ @ HomotopyContinuation ~/.julia/packages/HomotopyContinuation/98yZ2/src/utils.jl:170
┌ Warning: Ingored unsupported keyword arguments: gamma = -0.934515657938415 + 0.3559220210494589im
└ @ HomotopyContinuation ~/.julia/packages/HomotopyContinuation/98yZ2/src/utils.jl:170
┌ Warning: Ingored unsupported keyword arguments: gamma = -0.5706759967670767 - 0.8211753203268493im
└ @ HomotopyContinuation ~/.julia/packages/HomotopyContinuation/98yZ2/src/utils.jl:170
┌ Warning: Ingored unsupported keyword arguments: gamma = -0.40618482354507324 - 0.9137909438824932im
└ @ HomotopyContinuation ~/.julia/packages/HomotopyContinuation/98yZ2/src/utils.jl:170
┌ Warning: Ingored unsupported keyword arguments: gamma = 0.31538587859703265 + 0.9489635122498534im
└ @ HomotopyContinuation ~/.julia/packages/HomotopyContinuation/98yZ2/src/utils.jl:170
┌ Warning: Ingored unsupported keyword arguments: gamma = 0.7107295947021617 - 0.7034653105978297im
└ @ HomotopyContinuation ~/.julia/packages/HomotopyContinuation/98yZ2/src/utils.jl:170
┌ Warning: Ingored unsupported keyword arguments: gamma = -0.9805554106933452 - 0.19624241784080537im
└ @ HomotopyContinuation ~/.julia/packages/HomotopyContinuation/98yZ2/src/utils.jl:170
┌ Warning: Ingored unsupported keyword arguments: gamma = 0.5160655573300789 + 0.8565490882241339im
└ @ HomotopyContinuation ~/.julia/packages/HomotopyContinuation/98yZ2/src/utils.jl:170
┌ Warning: Ingored unsupported keyword arguments: gamma = 0.08551114157793346 - 0.9963372143336003im
└ @ HomotopyContinuation ~/.julia/packages/HomotopyContinuation/98yZ2/src/utils.jl:170
┌ Warning: Ingored unsupported keyword arguments: gamma = -0.07016855984136046 + 0.9975351488593218im
└ @ HomotopyContinuation ~/.julia/packages/HomotopyContinuation/98yZ2/src/utils.jl:170
┌ Warning: Ingored unsupported keyword arguments: gamma = 0.22881453752610428 - 0.9734700341647476im
└ @ HomotopyContinuation ~/.julia/packages/HomotopyContinuation/98yZ2/src/utils.jl:170
┌ Warning: Ingored unsupported keyword arguments: gamma = -0.604481164374714 - 0.7966194335541846im
└ @ HomotopyContinuation ~/.julia/packages/HomotopyContinuation/98yZ2/src/utils.jl:170
┌ Warning: Ingored unsupported keyword arguments: gamma = -0.056565899488904975 + 0.9983988676951768im
└ @ HomotopyContinuation ~/.julia/packages/HomotopyContinuation/98yZ2/src/utils.jl:170
┌ Warning: Ingored unsupported keyword arguments: gamma = 0.3685855017286978 + 0.929593851052923im
└ @ HomotopyContinuation ~/.julia/packages/HomotopyContinuation/98yZ2/src/utils.jl:170
┌ Warning: Ingored unsupported keyword arguments: gamma = -0.9944972038869084 + 0.10476312071106383im
└ @ HomotopyContinuation ~/.julia/packages/HomotopyContinuation/98yZ2/src/utils.jl:170
┌ Warning: Ingored unsupported keyword arguments: gamma = 0.6750793166439142 - 0.7377451567035773im
└ @ HomotopyContinuation ~/.julia/packages/HomotopyContinuation/98yZ2/src/utils.jl:170
┌ Warning: Ingored unsupported keyword arguments: gamma = 0.41281031028606163 - 0.9108170220859542im
└ @ HomotopyContinuation ~/.julia/packages/HomotopyContinuation/98yZ2/src/utils.jl:170
┌ Warning: Ingored unsupported keyword arguments: gamma = 0.9583731324777622 + 0.2855187190794353im
└ @ HomotopyContinuation ~/.julia/packages/HomotopyContinuation/98yZ2/src/utils.jl:170
┌ Warning: Ingored unsupported keyword arguments: gamma = 0.9504679291591116 - 0.31082264338363447im
└ @ HomotopyContinuation ~/.julia/packages/HomotopyContinuation/98yZ2/src/utils.jl:170
┌ Warning: Ingored unsupported keyword arguments: gamma = 0.28766959901711303 - 0.9577297122890849im
└ @ HomotopyContinuation ~/.julia/packages/HomotopyContinuation/98yZ2/src/utils.jl:170
┌ Warning: Ingored unsupported keyword arguments: gamma = -0.05610836558980417 - 0.998424684846504im
└ @ HomotopyContinuation ~/.julia/packages/HomotopyContinuation/98yZ2/src/utils.jl:170
┌ Warning: Ingored unsupported keyword arguments: gamma = -0.8708430659814483 - 0.4915611400752004im
└ @ HomotopyContinuation ~/.julia/packages/HomotopyContinuation/98yZ2/src/utils.jl:170
┌ Warning: Ingored unsupported keyword arguments: gamma = 0.16303548070892987 + 0.9866202065790098im
└ @ HomotopyContinuation ~/.julia/packages/HomotopyContinuation/98yZ2/src/utils.jl:170
┌ Warning: Ingored unsupported keyword arguments: gamma = -0.9999910420015194 - 0.004232719777566931im
└ @ HomotopyContinuation ~/.julia/packages/HomotopyContinuation/98yZ2/src/utils.jl:170
┌ Warning: Ingored unsupported keyword arguments: gamma = -0.11496510136330018 - 0.993369531175849im
└ @ HomotopyContinuation ~/.julia/packages/HomotopyContinuation/98yZ2/src/utils.jl:170
┌ Warning: Ingored unsupported keyword arguments: gamma = -0.28062424505453176 + 0.9598177082590079im
└ @ HomotopyContinuation ~/.julia/packages/HomotopyContinuation/98yZ2/src/utils.jl:170
┌ Warning: Ingored unsupported keyword arguments: gamma = 0.5305312021205174 + 0.8476654077975335im
└ @ HomotopyContinuation ~/.julia/packages/HomotopyContinuation/98yZ2/src/utils.jl:170
┌ Warning: Ingored unsupported keyword arguments: gamma = -0.08889543869527484 + 0.9960409635046014im
└ @ HomotopyContinuation ~/.julia/packages/HomotopyContinuation/98yZ2/src/utils.jl:170
┌ Warning: Ingored unsupported keyword arguments: gamma = -0.9668193305536431 - 0.2554611165477154im
└ @ HomotopyContinuation ~/.julia/packages/HomotopyContinuation/98yZ2/src/utils.jl:170
┌ Warning: Ingored unsupported keyword arguments: gamma = -0.9740343649826297 - 0.2264002116449657im
└ @ HomotopyContinuation ~/.julia/packages/HomotopyContinuation/98yZ2/src/utils.jl:170
┌ Warning: Ingored unsupported keyword arguments: gamma = 0.7257308693098812 + 0.6879787099400128im
└ @ HomotopyContinuation ~/.julia/packages/HomotopyContinuation/98yZ2/src/utils.jl:170
┌ Warning: Ingored unsupported keyword arguments: gamma = -0.7859171822999294 + 0.618331773860716im
└ @ HomotopyContinuation ~/.julia/packages/HomotopyContinuation/98yZ2/src/utils.jl:170
┌ Warning: Ingored unsupported keyword arguments: gamma = -0.06552027024204207 - 0.9978512385057252im
└ @ HomotopyContinuation ~/.julia/packages/HomotopyContinuation/98yZ2/src/utils.jl:170
┌ Warning: Ingored unsupported keyword arguments: gamma = -0.3929668327534975 - 0.9195526457771108im
└ @ HomotopyContinuation ~/.julia/packages/HomotopyContinuation/98yZ2/src/utils.jl:170
┌ Warning: Ingored unsupported keyword arguments: gamma = 0.46157056631444165 + 0.887103495829075im
└ @ HomotopyContinuation ~/.julia/packages/HomotopyContinuation/98yZ2/src/utils.jl:170
┌ Warning: Ingored unsupported keyword arguments: gamma = -0.957070918708044 + 0.28985385380108486im
└ @ HomotopyContinuation ~/.julia/packages/HomotopyContinuation/98yZ2/src/utils.jl:170
┌ Warning: Ingored unsupported keyword arguments: gamma = -0.4080966282724957 - 0.9129387394522266im
└ @ HomotopyContinuation ~/.julia/packages/HomotopyContinuation/98yZ2/src/utils.jl:170
┌ Warning: Ingored unsupported keyword arguments: gamma = 0.7208851441892064 - 0.6930545497197945im
└ @ HomotopyContinuation ~/.julia/packages/HomotopyContinuation/98yZ2/src/utils.jl:170
┌ Warning: Ingored unsupported keyword arguments: gamma = 0.987429386256104 + 0.1580607704583707im
└ @ HomotopyContinuation ~/.julia/packages/HomotopyContinuation/98yZ2/src/utils.jl:170
┌ Warning: Ingored unsupported keyword arguments: gamma = 0.5047356797778089 - 0.863273938885701im
└ @ HomotopyContinuation ~/.julia/packages/HomotopyContinuation/98yZ2/src/utils.jl:170
┌ Warning: Ingored unsupported keyword arguments: gamma = 0.9556445662274076 + 0.2945224321508128im
└ @ HomotopyContinuation ~/.julia/packages/HomotopyContinuation/98yZ2/src/utils.jl:170
┌ Warning: Ingored unsupported keyword arguments: gamma = 0.9984668800130194 - 0.05535241202573433im
└ @ HomotopyContinuation ~/.julia/packages/HomotopyContinuation/98yZ2/src/utils.jl:170
┌ Warning: Ingored unsupported keyword arguments: gamma = -0.8446403339750496 + 0.5353342004977046im
└ @ HomotopyContinuation ~/.julia/packages/HomotopyContinuation/98yZ2/src/utils.jl:170
┌ Warning: Ingored unsupported keyword arguments: gamma = 0.345556124287527 + 0.9383980844862073im
└ @ HomotopyContinuation ~/.julia/packages/HomotopyContinuation/98yZ2/src/utils.jl:170
┌ Warning: Ingored unsupported keyword arguments: gamma = -0.791377294494638 - 0.6113280443087385im
└ @ HomotopyContinuation ~/.julia/packages/HomotopyContinuation/98yZ2/src/utils.jl:170
┌ Warning: Ingored unsupported keyword arguments: gamma = 0.7223563369013016 + 0.6915210210387919im
└ @ HomotopyContinuation ~/.julia/packages/HomotopyContinuation/98yZ2/src/utils.jl:170
┌ Warning: Ingored unsupported keyword arguments: gamma = -0.808907206280441 - 0.5879363329711578im
└ @ HomotopyContinuation ~/.julia/packages/HomotopyContinuation/98yZ2/src/utils.jl:170
┌ Warning: Ingored unsupported keyword arguments: gamma = -0.33576894696238885 + 0.9419443795977385im
└ @ HomotopyContinuation ~/.julia/packages/HomotopyContinuation/98yZ2/src/utils.jl:170
┌ Warning: Ingored unsupported keyword arguments: gamma = 0.41247592254647647 - 0.9109685029239118im
└ @ HomotopyContinuation ~/.julia/packages/HomotopyContinuation/98yZ2/src/utils.jl:170
┌ Warning: Ingored unsupported keyword arguments: gamma = -0.43739018047492406 - 0.8992718332206971im
└ @ HomotopyContinuation ~/.julia/packages/HomotopyContinuation/98yZ2/src/utils.jl:170
┌ Warning: Ingored unsupported keyword arguments: gamma = -0.16664891100186396 - 0.9860162982739651im
└ @ HomotopyContinuation ~/.julia/packages/HomotopyContinuation/98yZ2/src/utils.jl:170
┌ Warning: Ingored unsupported keyword arguments: gamma = 0.8543232654920905 + 0.5197420110390646im
└ @ HomotopyContinuation ~/.julia/packages/HomotopyContinuation/98yZ2/src/utils.jl:170
┌ Warning: Ingored unsupported keyword arguments: gamma = -0.9805660539871137 + 0.19618922949066464im
└ @ HomotopyContinuation ~/.julia/packages/HomotopyContinuation/98yZ2/src/utils.jl:170
┌ Warning: Ingored unsupported keyword arguments: gamma = -0.7729109944433398 + 0.6345144558389568im
└ @ HomotopyContinuation ~/.julia/packages/HomotopyContinuation/98yZ2/src/utils.jl:170
┌ Warning: Ingored unsupported keyword arguments: gamma = 0.05496391533539608 - 0.9984883414497154im
└ @ HomotopyContinuation ~/.julia/packages/HomotopyContinuation/98yZ2/src/utils.jl:170
┌ Warning: Ingored unsupported keyword arguments: gamma = 0.9627762095982558 + 0.2702997784527677im
└ @ HomotopyContinuation ~/.julia/packages/HomotopyContinuation/98yZ2/src/utils.jl:170
┌ Warning: Ingored unsupported keyword arguments: gamma = -0.2621412696656638 - 0.9650295097757756im
└ @ HomotopyContinuation ~/.julia/packages/HomotopyContinuation/98yZ2/src/utils.jl:170
┌ Warning: Ingored unsupported keyword arguments: gamma = -0.5812674616956139 - 0.8137125647143086im
└ @ HomotopyContinuation ~/.julia/packages/HomotopyContinuation/98yZ2/src/utils.jl:170
┌ Warning: Ingored unsupported keyword arguments: gamma = -0.5385324100125459 + 0.8426047966669067im
└ @ HomotopyContinuation ~/.julia/packages/HomotopyContinuation/98yZ2/src/utils.jl:170
┌ Warning: Ingored unsupported keyword arguments: gamma = 0.9974388561039498 + 0.07152431987823568im
└ @ HomotopyContinuation ~/.julia/packages/HomotopyContinuation/98yZ2/src/utils.jl:170
┌ Warning: Ingored unsupported keyword arguments: gamma = -0.8368098127269569 - 0.5474936870173713im
└ @ HomotopyContinuation ~/.julia/packages/HomotopyContinuation/98yZ2/src/utils.jl:170
┌ Warning: Ingored unsupported keyword arguments: gamma = -0.5699608957488058 + 0.8216718185000742im
└ @ HomotopyContinuation ~/.julia/packages/HomotopyContinuation/98yZ2/src/utils.jl:170
┌ Warning: Ingored unsupported keyword arguments: gamma = 0.12110112774355061 + 0.9926401749169939im
└ @ HomotopyContinuation ~/.julia/packages/HomotopyContinuation/98yZ2/src/utils.jl:170
┌ Warning: Ingored unsupported keyword arguments: gamma = 0.8696720833523996 - 0.4936298891249361im
└ @ HomotopyContinuation ~/.julia/packages/HomotopyContinuation/98yZ2/src/utils.jl:170
┌ Warning: Ingored unsupported keyword arguments: gamma = 0.18959641237220526 + 0.9818621086566018im
└ @ HomotopyContinuation ~/.julia/packages/HomotopyContinuation/98yZ2/src/utils.jl:170
┌ Warning: Ingored unsupported keyword arguments: gamma = -0.5865547491858639 - 0.8099095790318251im
└ @ HomotopyContinuation ~/.julia/packages/HomotopyContinuation/98yZ2/src/utils.jl:170
┌ Warning: Ingored unsupported keyword arguments: gamma = -0.3956276437686815 - 0.918411001396456im
└ @ HomotopyContinuation ~/.julia/packages/HomotopyContinuation/98yZ2/src/utils.jl:170
┌ Warning: Ingored unsupported keyword arguments: gamma = 0.9262072256909311 - 0.3770148207669146im
└ @ HomotopyContinuation ~/.julia/packages/HomotopyContinuation/98yZ2/src/utils.jl:170
┌ Warning: Ingored unsupported keyword arguments: gamma = 0.24525438121605264 - 0.9694587605949678im
└ @ HomotopyContinuation ~/.julia/packages/HomotopyContinuation/98yZ2/src/utils.jl:170
┌ Warning: Ingored unsupported keyword arguments: gamma = -0.6911323366565001 - 0.7227282291620594im
└ @ HomotopyContinuation ~/.julia/packages/HomotopyContinuation/98yZ2/src/utils.jl:170
┌ Warning: Ingored unsupported keyword arguments: gamma = 0.9104995553405276 + 0.41351004791262513im
└ @ HomotopyContinuation ~/.julia/packages/HomotopyContinuation/98yZ2/src/utils.jl:170
┌ Warning: Ingored unsupported keyword arguments: gamma = 0.2861858205426305 - 0.9581741366371466im
└ @ HomotopyContinuation ~/.julia/packages/HomotopyContinuation/98yZ2/src/utils.jl:170
┌ Warning: Ingored unsupported keyword arguments: gamma = 0.9609599081513911 + 0.27668764866843965im
└ @ HomotopyContinuation ~/.julia/packages/HomotopyContinuation/98yZ2/src/utils.jl:170
┌ Warning: Ingored unsupported keyword arguments: gamma = 0.9647584050158647 + 0.2631372644671308im
└ @ HomotopyContinuation ~/.julia/packages/HomotopyContinuation/98yZ2/src/utils.jl:170
┌ Warning: Ingored unsupported keyword arguments: gamma = -0.6304593782646966 - 0.7762222441788771im
└ @ HomotopyContinuation ~/.julia/packages/HomotopyContinuation/98yZ2/src/utils.jl:170
┌ Warning: Ingored unsupported keyword arguments: gamma = 0.1784763362968771 + 0.9839442044049266im
└ @ HomotopyContinuation ~/.julia/packages/HomotopyContinuation/98yZ2/src/utils.jl:170
┌ Warning: Ingored unsupported keyword arguments: gamma = -0.6056833857077576 + 0.795705747294556im
└ @ HomotopyContinuation ~/.julia/packages/HomotopyContinuation/98yZ2/src/utils.jl:170
┌ Warning: Ingored unsupported keyword arguments: gamma = 0.9231039649658969 - 0.3845504776544171im
└ @ HomotopyContinuation ~/.julia/packages/HomotopyContinuation/98yZ2/src/utils.jl:170
┌ Warning: Ingored unsupported keyword arguments: gamma = -0.9027855695813939 - 0.4300909384718518im
└ @ HomotopyContinuation ~/.julia/packages/HomotopyContinuation/98yZ2/src/utils.jl:170
┌ Warning: Ingored unsupported keyword arguments: gamma = 0.9942206641756409 - 0.10735581458937099im
└ @ HomotopyContinuation ~/.julia/packages/HomotopyContinuation/98yZ2/src/utils.jl:170
┌ Warning: Ingored unsupported keyword arguments: gamma = 0.36831642056940256 + 0.9297004971166483im
└ @ HomotopyContinuation ~/.julia/packages/HomotopyContinuation/98yZ2/src/utils.jl:170
┌ Warning: Ingored unsupported keyword arguments: gamma = -0.9148317494398038 - 0.40383520180502835im
└ @ HomotopyContinuation ~/.julia/packages/HomotopyContinuation/98yZ2/src/utils.jl:170
┌ Warning: Ingored unsupported keyword arguments: gamma = 0.3675041570931193 - 0.930021878516455im
└ @ HomotopyContinuation ~/.julia/packages/HomotopyContinuation/98yZ2/src/utils.jl:170
┌ Warning: Ingored unsupported keyword arguments: gamma = -0.21277545496043423 - 0.9771011236133035im
└ @ HomotopyContinuation ~/.julia/packages/HomotopyContinuation/98yZ2/src/utils.jl:170
┌ Warning: Ingored unsupported keyword arguments: gamma = -0.848554805858191 - 0.5291074951793518im
└ @ HomotopyContinuation ~/.julia/packages/HomotopyContinuation/98yZ2/src/utils.jl:170
┌ Warning: Ingored unsupported keyword arguments: gamma = -0.2924157786430054 + 0.9562912801027754im
└ @ HomotopyContinuation ~/.julia/packages/HomotopyContinuation/98yZ2/src/utils.jl:170
┌ Warning: Ingored unsupported keyword arguments: gamma = 0.08840516135191047 - 0.9960845985388704im
└ @ HomotopyContinuation ~/.julia/packages/HomotopyContinuation/98yZ2/src/utils.jl:170
┌ Warning: Ingored unsupported keyword arguments: gamma = -0.25077197626930475 - 0.9680461848062764im
└ @ HomotopyContinuation ~/.julia/packages/HomotopyContinuation/98yZ2/src/utils.jl:170
┌ Warning: Ingored unsupported keyword arguments: gamma = 0.9996050668616658 + 0.02810178472062965im
└ @ HomotopyContinuation ~/.julia/packages/HomotopyContinuation/98yZ2/src/utils.jl:170
┌ Warning: Ingored unsupported keyword arguments: gamma = -0.9960788569802481 + 0.0884698291900826im
└ @ HomotopyContinuation ~/.julia/packages/HomotopyContinuation/98yZ2/src/utils.jl:170
┌ Warning: Ingored unsupported keyword arguments: gamma = 0.7789557088404236 + 0.6270789453210123im
└ @ HomotopyContinuation ~/.julia/packages/HomotopyContinuation/98yZ2/src/utils.jl:170
┌ Warning: Ingored unsupported keyword arguments: gamma = 0.7495712880256726 - 0.6619236241195309im
└ @ HomotopyContinuation ~/.julia/packages/HomotopyContinuation/98yZ2/src/utils.jl:170
┌ Warning: Ingored unsupported keyword arguments: gamma = -0.4912032609785178 - 0.8710449795527612im
└ @ HomotopyContinuation ~/.julia/packages/HomotopyContinuation/98yZ2/src/utils.jl:170
┌ Warning: Ingored unsupported keyword arguments: gamma = -0.8446481479247155 + 0.5353218715944155im
└ @ HomotopyContinuation ~/.julia/packages/HomotopyContinuation/98yZ2/src/utils.jl:170
┌ Warning: Ingored unsupported keyword arguments: gamma = -0.9959216175091667 - 0.09022267884476153im
└ @ HomotopyContinuation ~/.julia/packages/HomotopyContinuation/98yZ2/src/utils.jl:170
┌ Warning: Ingored unsupported keyword arguments: gamma = -0.7181495632210024 - 0.6958887876992152im
└ @ HomotopyContinuation ~/.julia/packages/HomotopyContinuation/98yZ2/src/utils.jl:170
┌ Warning: Ingored unsupported keyword arguments: gamma = -0.4622831773108985 + 0.8867323519390393im
└ @ HomotopyContinuation ~/.julia/packages/HomotopyContinuation/98yZ2/src/utils.jl:170
┌ Warning: Ingored unsupported keyword arguments: gamma = 0.8346812442239638 - 0.5507333479468404im
└ @ HomotopyContinuation ~/.julia/packages/HomotopyContinuation/98yZ2/src/utils.jl:170
┌ Warning: Ingored unsupported keyword arguments: gamma = 0.764612988132033 - 0.6444897038586446im
└ @ HomotopyContinuation ~/.julia/packages/HomotopyContinuation/98yZ2/src/utils.jl:170
┌ Warning: Ingored unsupported keyword arguments: gamma = 0.9746861340273856 + 0.2235775930963328im
└ @ HomotopyContinuation ~/.julia/packages/HomotopyContinuation/98yZ2/src/utils.jl:170
┌ Warning: Ingored unsupported keyword arguments: gamma = -0.503464955930006 - 0.864015646936094im
└ @ HomotopyContinuation ~/.julia/packages/HomotopyContinuation/98yZ2/src/utils.jl:170
┌ Warning: Ingored unsupported keyword arguments: gamma = -0.24485361481126372 - 0.969560058641989im
└ @ HomotopyContinuation ~/.julia/packages/HomotopyContinuation/98yZ2/src/utils.jl:170
┌ Warning: Ingored unsupported keyword arguments: gamma = 0.12670183487314596 + 0.9919408475507893im
└ @ HomotopyContinuation ~/.julia/packages/HomotopyContinuation/98yZ2/src/utils.jl:170
┌ Warning: Ingored unsupported keyword arguments: gamma = 0.020852520114865856 + 0.99978256256291im
└ @ HomotopyContinuation ~/.julia/packages/HomotopyContinuation/98yZ2/src/utils.jl:170
┌ Warning: Ingored unsupported keyword arguments: gamma = 0.5287860956835239 + 0.848755126648302im
└ @ HomotopyContinuation ~/.julia/packages/HomotopyContinuation/98yZ2/src/utils.jl:170
┌ Warning: Ingored unsupported keyword arguments: gamma = 0.6072109731260156 + 0.7945406434634777im
└ @ HomotopyContinuation ~/.julia/packages/HomotopyContinuation/98yZ2/src/utils.jl:170
┌ Warning: Ingored unsupported keyword arguments: gamma = -0.42613344332147635 + 0.904660316628834im
└ @ HomotopyContinuation ~/.julia/packages/HomotopyContinuation/98yZ2/src/utils.jl:170
┌ Warning: Ingored unsupported keyword arguments: gamma = 0.11511912041221391 + 0.9933516940719023im
└ @ HomotopyContinuation ~/.julia/packages/HomotopyContinuation/98yZ2/src/utils.jl:170
┌ Warning: Ingored unsupported keyword arguments: gamma = 0.07360361637004456 - 0.99728757520449im
└ @ HomotopyContinuation ~/.julia/packages/HomotopyContinuation/98yZ2/src/utils.jl:170
┌ Warning: Ingored unsupported keyword arguments: gamma = -0.8283516050471882 + 0.5602085490384336im
└ @ HomotopyContinuation ~/.julia/packages/HomotopyContinuation/98yZ2/src/utils.jl:170
┌ Warning: Ingored unsupported keyword arguments: gamma = -0.43826168686277894 - 0.8988474252219848im
└ @ HomotopyContinuation ~/.julia/packages/HomotopyContinuation/98yZ2/src/utils.jl:170
┌ Warning: Ingored unsupported keyword arguments: gamma = 0.7678121622943745 + 0.6406750217019835im
└ @ HomotopyContinuation ~/.julia/packages/HomotopyContinuation/98yZ2/src/utils.jl:170
┌ Warning: Ingored unsupported keyword arguments: gamma = 0.559939800587001 - 0.828533294272831im
└ @ HomotopyContinuation ~/.julia/packages/HomotopyContinuation/98yZ2/src/utils.jl:170
┌ Warning: Ingored unsupported keyword arguments: gamma = 0.5724753568814748 - 0.819921926626815im
└ @ HomotopyContinuation ~/.julia/packages/HomotopyContinuation/98yZ2/src/utils.jl:170
┌ Warning: Ingored unsupported keyword arguments: gamma = 0.5150900030483778 + 0.8571360969878833im
└ @ HomotopyContinuation ~/.julia/packages/HomotopyContinuation/98yZ2/src/utils.jl:170
ATTEMPT 7 W0 TRACKED 21 nsol=64 0.05s 2026-07-22T18:03:40.627
ATTEMPT 7 W0 TRACK 22 2026-07-22T18:03:40.632
ATTEMPT 7 W0 TRACKED 22 nsol=64 0.04s 2026-07-22T18:03:40.671
ATTEMPT 7 W0 TRACK 23 2026-07-22T18:03:40.671
ATTEMPT 7 W0 TRACKED 23 nsol=64 0.02s 2026-07-22T18:03:40.692
ATTEMPT 7 W0 TRACK 24 2026-07-22T18:03:40.692
ATTEMPT 7 W0 TRACKED 24 nsol=64 0.02s 2026-07-22T18:03:40.717
ATTEMPT 7 W0 TRACK 25 2026-07-22T18:03:40.717
ATTEMPT 7 W0 TRACKED 25 nsol=64 0.03s 2026-07-22T18:03:40.743
ATTEMPT 7 W0 DONE ptrack seed=625831 nsol=64 1.06s 2026-07-22T18:03:40.743
ATTEMPT 8 W0 START ptrack6x2 seed=625832 2026-07-22T18:03:40.743
ATTEMPT 8 W0 SOLVE ptrack fresh 2026-07-22T18:03:40.841
ATTEMPT 8 W0 FRESH-DONE nsol=64 0.21s 2026-07-22T18:03:41.054
ATTEMPT 8 W0 TRACK 1 2026-07-22T18:03:41.060
ATTEMPT 8 W0 TRACKED 1 nsol=64 0.09s 2026-07-22T18:03:41.152
ATTEMPT 8 W0 TRACK 2 2026-07-22T18:03:41.152
ATTEMPT 8 W0 TRACKED 2 nsol=64 0.07s 2026-07-22T18:03:41.225
ATTEMPT 8 W0 TRACK 3 2026-07-22T18:03:41.225
ATTEMPT 8 W0 TRACKED 3 nsol=64 0.07s 2026-07-22T18:03:41.292
ATTEMPT 8 W0 TRACK 4 2026-07-22T18:03:41.292
ATTEMPT 8 W0 TRACKED 4 nsol=64 0.07s 2026-07-22T18:03:41.362
ATTEMPT 8 W0 TRACK 5 2026-07-22T18:03:41.372
ATTEMPT 8 W0 TRACKED 5 nsol=64 0.09s 2026-07-22T18:03:41.458
ATTEMPT 8 W0 TRACK 6 2026-07-22T18:03:41.464
ATTEMPT 8 W0 TRACKED 6 nsol=64 0.09s 2026-07-22T18:03:41.549
ATTEMPT 8 W0 TRACK 7 2026-07-22T18:03:41.549
ATTEMPT 8 W0 TRACKED 7 nsol=64 0.07s 2026-07-22T18:03:41.620
ATTEMPT 8 W0 TRACK 8 2026-07-22T18:03:41.621
ATTEMPT 8 W0 TRACKED 8 nsol=64 0.08s 2026-07-22T18:03:41.698
ATTEMPT 8 W0 TRACK 9 2026-07-22T18:03:41.698
ATTEMPT 8 W0 TRACKED 9 nsol=64 0.05s 2026-07-22T18:03:41.743
ATTEMPT 8 W0 TRACK 10 2026-07-22T18:03:41.752
ATTEMPT 8 W0 TRACKED 10 nsol=64 0.05s 2026-07-22T18:03:41.798
ATTEMPT 8 W0 TRACK 11 2026-07-22T18:03:41.804
ATTEMPT 8 W0 TRACKED 11 nsol=64 0.04s 2026-07-22T18:03:41.847
ATTEMPT 8 W0 TRACK 12 2026-07-22T18:03:41.852
ATTEMPT 8 W0 TRACKED 12 nsol=64 0.08s 2026-07-22T18:03:41.934
ATTEMPT 8 W0 TRACK 13 2026-07-22T18:03:41.935
ATTEMPT 8 W0 TRACKED 13 nsol=64 0.12s 2026-07-22T18:03:42.050
ATTEMPT 8 W0 TRACK 14 2026-07-22T18:03:42.050
ATTEMPT 8 W0 TRACKED 14 nsol=64 0.05s 2026-07-22T18:03:42.100
ATTEMPT 8 W0 TRACK 15 2026-07-22T18:03:42.101
ATTEMPT 8 W0 TRACKED 15 nsol=64 0.06s 2026-07-22T18:03:42.157
ATTEMPT 8 W0 TRACK 16 2026-07-22T18:03:42.157
ATTEMPT 8 W0 TRACKED 16 nsol=64 0.05s 2026-07-22T18:03:42.209
ATTEMPT 8 W0 TRACK 17 2026-07-22T18:03:42.209
ATTEMPT 8 W0 TRACKED 17 nsol=64 0.05s 2026-07-22T18:03:42.259
ATTEMPT 8 W0 TRACK 18 2026-07-22T18:03:42.268
ATTEMPT 8 W0 TRACKED 18 nsol=64 0.06s 2026-07-22T18:03:42.331
ATTEMPT 8 W0 TRACK 19 2026-07-22T18:03:42.336
ATTEMPT 8 W0 TRACKED 19 nsol=64 0.06s 2026-07-22T18:03:42.397
ATTEMPT 8 W0 TRACK 20 2026-07-22T18:03:42.397
ATTEMPT 8 W0 TRACKED 20 nsol=64 0.07s 2026-07-22T18:03:42.465
ATTEMPT 8 W0 TRACK 21 2026-07-22T18:03:42.466
ATTEMPT 8 W0 TRACKED 21 nsol=64 0.05s 2026-07-22T18:03:42.520
ATTEMPT 8 W0 TRACK 22 2026-07-22T18:03:42.520
ATTEMPT 8 W0 TRACKED 22 nsol=64 0.05s 2026-07-22T18:03:42.569
ATTEMPT 8 W0 TRACK 23 2026-07-22T18:03:42.572
ATTEMPT 8 W0 TRACKED 23 nsol=64 0.05s 2026-07-22T18:03:42.621
ATTEMPT 8 W0 TRACK 24 2026-07-22T18:03:42.621
ATTEMPT 8 W0 TRACKED 24 nsol=64 0.05s 2026-07-22T18:03:42.669
ATTEMPT 8 W0 TRACK 25 2026-07-22T18:03:42.670
ATTEMPT 8 W0 TRACKED 25 nsol=64 0.03s 2026-07-22T18:03:42.703
ATTEMPT 8 W0 DONE ptrack seed=625832 nsol=64 1.86s 2026-07-22T18:03:42.703
ATTEMPT 9 W0 START ptrack6x2 seed=625833 2026-07-22T18:03:42.703
ATTEMPT 9 W0 SOLVE ptrack fresh 2026-07-22T18:03:42.778
ATTEMPT 9 W0 FRESH-DONE nsol=64 0.07s 2026-07-22T18:03:42.844
ATTEMPT 9 W0 TRACK 1 2026-07-22T18:03:42.844
ATTEMPT 9 W0 TRACKED 1 nsol=64 0.07s 2026-07-22T18:03:42.915
ATTEMPT 9 W0 TRACK 2 2026-07-22T18:03:42.920
ATTEMPT 9 W0 TRACKED 2 nsol=64 0.08s 2026-07-22T18:03:42.999
ATTEMPT 9 W0 TRACK 3 2026-07-22T18:03:43.004
ATTEMPT 9 W0 TRACKED 3 nsol=64 0.04s 2026-07-22T18:03:43.047
ATTEMPT 9 W0 TRACK 4 2026-07-22T18:03:43.049
ATTEMPT 9 W0 TRACKED 4 nsol=64 0.04s 2026-07-22T18:03:43.089
ATTEMPT 9 W0 TRACK 5 2026-07-22T18:03:43.096
ATTEMPT 9 W0 TRACKED 5 nsol=64 0.05s 2026-07-22T18:03:43.146
ATTEMPT 9 W0 TRACK 6 2026-07-22T18:03:43.146
ATTEMPT 9 W0 TRACKED 6 nsol=64 0.04s 2026-07-22T18:03:43.190
ATTEMPT 9 W0 TRACK 7 2026-07-22T18:03:43.196
ATTEMPT 9 W0 TRACKED 7 nsol=64 0.05s 2026-07-22T18:03:43.251
ATTEMPT 9 W0 TRACK 8 2026-07-22T18:03:43.252
ATTEMPT 9 W0 TRACKED 8 nsol=64 0.06s 2026-07-22T18:03:43.313
ATTEMPT 9 W0 TRACK 9 2026-07-22T18:03:43.313
ATTEMPT 9 W0 TRACKED 9 nsol=64 0.06s 2026-07-22T18:03:43.373
ATTEMPT 9 W0 TRACK 10 2026-07-22T18:03:43.376
ATTEMPT 9 W0 TRACKED 10 nsol=64 0.04s 2026-07-22T18:03:43.415
ATTEMPT 9 W0 TRACK 11 2026-07-22T18:03:43.415
ATTEMPT 9 W0 TRACKED 11 nsol=64 0.06s 2026-07-22T18:03:43.471
ATTEMPT 9 W0 TRACK 12 2026-07-22T18:03:43.471
ATTEMPT 9 W0 TRACKED 12 nsol=64 0.05s 2026-07-22T18:03:43.525
ATTEMPT 9 W0 TRACK 13 2026-07-22T18:03:43.525
ATTEMPT 9 W0 TRACKED 13 nsol=64 0.04s 2026-07-22T18:03:43.569
ATTEMPT 9 W0 TRACK 14 2026-07-22T18:03:43.569
ATTEMPT 9 W0 TRACKED 14 nsol=64 0.06s 2026-07-22T18:03:43.626
ATTEMPT 9 W0 TRACK 15 2026-07-22T18:03:43.626
ATTEMPT 9 W0 TRACKED 15 nsol=64 0.07s 2026-07-22T18:03:43.699
ATTEMPT 9 W0 TRACK 16 2026-07-22T18:03:43.699
ATTEMPT 9 W0 TRACKED 16 nsol=64 0.07s 2026-07-22T18:03:43.766
ATTEMPT 9 W0 TRACK 17 2026-07-22T18:03:43.767
ATTEMPT 9 W0 TRACKED 17 nsol=64 0.05s 2026-07-22T18:03:43.819
ATTEMPT 9 W0 TRACK 18 2026-07-22T18:03:43.824
ATTEMPT 9 W0 TRACKED 18 nsol=64 0.05s 2026-07-22T18:03:43.874
ATTEMPT 9 W0 TRACK 19 2026-07-22T18:03:43.880
ATTEMPT 9 W0 TRACKED 19 nsol=64 0.04s 2026-07-22T18:03:43.923
ATTEMPT 9 W0 TRACK 20 2026-07-22T18:03:43.932
ATTEMPT 9 W0 TRACKED 20 nsol=64 0.05s 2026-07-22T18:03:43.982
ATTEMPT 9 W0 TRACK 21 2026-07-22T18:03:43.987
ATTEMPT 9 W0 TRACKED 21 nsol=64 0.07s 2026-07-22T18:03:44.056
ATTEMPT 9 W0 TRACK 22 2026-07-22T18:03:44.056
ATTEMPT 9 W0 TRACKED 22 nsol=64 0.08s 2026-07-22T18:03:44.132
ATTEMPT 9 W0 TRACK 23 2026-07-22T18:03:44.132
ATTEMPT 9 W0 TRACKED 23 nsol=64 0.03s 2026-07-22T18:03:44.166
ATTEMPT 9 W0 TRACK 24 2026-07-22T18:03:44.166
ATTEMPT 9 W0 TRACKED 24 nsol=64 0.04s 2026-07-22T18:03:44.202
ATTEMPT 9 W0 TRACK 25 2026-07-22T18:03:44.202
ATTEMPT 9 W0 TRACKED 25 nsol=64 0.03s 2026-07-22T18:03:44.228
ATTEMPT 9 W0 DONE ptrack seed=625833 nsol=64 1.45s 2026-07-22T18:03:44.228
ATTEMPT 10 W0 START ptrack6x2 seed=625834 2026-07-22T18:03:44.228
ATTEMPT 10 W0 SOLVE ptrack fresh 2026-07-22T18:03:44.325
ATTEMPT 10 W0 FRESH-DONE nsol=64 0.11s 2026-07-22T18:03:44.438
ATTEMPT 10 W0 TRACK 1 2026-07-22T18:03:44.438
ATTEMPT 10 W0 TRACKED 1 nsol=64 0.02s 2026-07-22T18:03:44.460
ATTEMPT 10 W0 TRACK 2 2026-07-22T18:03:44.461
ATTEMPT 10 W0 TRACKED 2 nsol=64 0.03s 2026-07-22T18:03:44.489
ATTEMPT 10 W0 TRACK 3 2026-07-22T18:03:44.489
ATTEMPT 10 W0 TRACKED 3 nsol=64 0.03s 2026-07-22T18:03:44.517
ATTEMPT 10 W0 TRACK 4 2026-07-22T18:03:44.517
ATTEMPT 10 W0 TRACKED 4 nsol=64 0.03s 2026-07-22T18:03:44.547
ATTEMPT 10 W0 TRACK 5 2026-07-22T18:03:44.547
ATTEMPT 10 W0 TRACKED 5 nsol=64 0.03s 2026-07-22T18:03:44.575
ATTEMPT 10 W0 TRACK 6 2026-07-22T18:03:44.575
ATTEMPT 10 W0 TRACKED 6 nsol=64 0.03s 2026-07-22T18:03:44.601
ATTEMPT 10 W0 TRACK 7 2026-07-22T18:03:44.601
ATTEMPT 10 W0 TRACKED 7 nsol=64 0.04s 2026-07-22T18:03:44.638
ATTEMPT 10 W0 TRACK 8 2026-07-22T18:03:44.643
ATTEMPT 10 W0 TRACKED 8 nsol=64 0.05s 2026-07-22T18:03:44.697
ATTEMPT 10 W0 TRACK 9 2026-07-22T18:03:44.700
ATTEMPT 10 W0 TRACKED 9 nsol=64 0.05s 2026-07-22T18:03:44.752
ATTEMPT 10 W0 TRACK 10 2026-07-22T18:03:44.756
ATTEMPT 10 W0 TRACKED 10 nsol=64 0.05s 2026-07-22T18:03:44.802
ATTEMPT 10 W0 TRACK 11 2026-07-22T18:03:44.802
ATTEMPT 10 W0 TRACKED 11 nsol=64 0.03s 2026-07-22T18:03:44.827
ATTEMPT 10 W0 TRACK 12 2026-07-22T18:03:44.832
ATTEMPT 10 W0 TRACKED 12 nsol=64 0.06s 2026-07-22T18:03:44.891
ATTEMPT 10 W0 TRACK 13 2026-07-22T18:03:44.896
ATTEMPT 10 W0 TRACKED 13 nsol=64 0.04s 2026-07-22T18:03:44.937
ATTEMPT 10 W0 TRACK 14 2026-07-22T18:03:44.940
ATTEMPT 10 W0 TRACKED 14 nsol=64 0.05s 2026-07-22T18:03:44.991
ATTEMPT 10 W0 TRACK 15 2026-07-22T18:03:44.992
ATTEMPT 10 W0 TRACKED 15 nsol=64 0.11s 2026-07-22T18:03:45.098
ATTEMPT 10 W0 TRACK 16 2026-07-22T18:03:45.100
ATTEMPT 10 W0 TRACKED 16 nsol=64 0.06s 2026-07-22T18:03:45.157
ATTEMPT 10 W0 TRACK 17 2026-07-22T18:03:45.157
ATTEMPT 10 W0 TRACKED 17 nsol=64 0.05s 2026-07-22T18:03:45.212
ATTEMPT 10 W0 TRACK 18 2026-07-22T18:03:45.216
ATTEMPT 10 W0 TRACKED 18 nsol=64 0.04s 2026-07-22T18:03:45.259
ATTEMPT 10 W0 TRACK 19 2026-07-22T18:03:45.259
ATTEMPT 10 W0 TRACKED 19 nsol=64 0.06s 2026-07-22T18:03:45.316
ATTEMPT 10 W0 TRACK 20 2026-07-22T18:03:45.316
ATTEMPT 10 W0 TRACKED 20 nsol=64 0.07s 2026-07-22T18:03:45.384
ATTEMPT 10 W0 TRACK 21 2026-07-22T18:03:45.384
ATTEMPT 10 W0 TRACKED 21 nsol=64 0.05s 2026-07-22T18:03:45.434
ATTEMPT 10 W0 TRACK 22 2026-07-22T18:03:45.434
ATTEMPT 10 W0 TRACKED 22 nsol=64 0.06s 2026-07-22T18:03:45.495
ATTEMPT 10 W0 TRACK 23 2026-07-22T18:03:45.504
ATTEMPT 10 W0 TRACKED 23 nsol=64 0.07s 2026-07-22T18:03:45.577
ATTEMPT 10 W0 TRACK 24 2026-07-22T18:03:45.577
ATTEMPT 10 W0 TRACKED 24 nsol=64 0.05s 2026-07-22T18:03:45.625
ATTEMPT 10 W0 TRACK 25 2026-07-22T18:03:45.625
ATTEMPT 10 W0 TRACKED 25 nsol=64 0.04s 2026-07-22T18:03:45.662
ATTEMPT 10 W0 DONE ptrack seed=625834 nsol=64 1.34s 2026-07-22T18:03:45.662
ATTEMPT 11 W0 START ptrack6x2 seed=625835 2026-07-22T18:03:45.662
ATTEMPT 11 W0 SOLVE ptrack fresh 2026-07-22T18:03:45.740
ATTEMPT 11 W0 FRESH-DONE nsol=64 0.09s 2026-07-22T18:03:45.825
ATTEMPT 11 W0 TRACK 1 2026-07-22T18:03:45.825
ATTEMPT 11 W0 TRACKED 1 nsol=64 0.03s 2026-07-22T18:03:45.854
ATTEMPT 11 W0 TRACK 2 2026-07-22T18:03:45.854
ATTEMPT 11 W0 TRACKED 2 nsol=64 0.03s 2026-07-22T18:03:45.882
ATTEMPT 11 W0 TRACK 3 2026-07-22T18:03:45.882
ATTEMPT 11 W0 TRACKED 3 nsol=64 0.04s 2026-07-22T18:03:45.922
ATTEMPT 11 W0 TRACK 4 2026-07-22T18:03:45.922
ATTEMPT 11 W0 TRACKED 4 nsol=64 0.05s 2026-07-22T18:03:45.972
ATTEMPT 11 W0 TRACK 5 2026-07-22T18:03:45.972
ATTEMPT 11 W0 TRACKED 5 nsol=64 0.04s 2026-07-22T18:03:46.009
ATTEMPT 11 W0 TRACK 6 2026-07-22T18:03:46.009
ATTEMPT 11 W0 TRACKED 6 nsol=64 0.03s 2026-07-22T18:03:46.039
ATTEMPT 11 W0 TRACK 7 2026-07-22T18:03:46.039
ATTEMPT 11 W0 TRACKED 7 nsol=64 0.03s 2026-07-22T18:03:46.066
ATTEMPT 11 W0 TRACK 8 2026-07-22T18:03:46.066
ATTEMPT 11 W0 TRACKED 8 nsol=64 0.03s 2026-07-22T18:03:46.093
ATTEMPT 11 W0 TRACK 9 2026-07-22T18:03:46.094
ATTEMPT 11 W0 TRACKED 9 nsol=64 0.03s 2026-07-22T18:03:46.124
ATTEMPT 11 W0 TRACK 10 2026-07-22T18:03:46.124
ATTEMPT 11 W0 TRACKED 10 nsol=64 0.03s 2026-07-22T18:03:46.153
ATTEMPT 11 W0 TRACK 11 2026-07-22T18:03:46.153
ATTEMPT 11 W0 TRACKED 11 nsol=64 0.03s 2026-07-22T18:03:46.181
ATTEMPT 11 W0 TRACK 12 2026-07-22T18:03:46.181
ATTEMPT 11 W0 TRACKED 12 nsol=64 0.04s 2026-07-22T18:03:46.224
ATTEMPT 11 W0 TRACK 13 2026-07-22T18:03:46.224
ATTEMPT 11 W0 TRACKED 13 nsol=64 0.02s 2026-07-22T18:03:46.247
ATTEMPT 11 W0 TRACK 14 2026-07-22T18:03:46.248
ATTEMPT 11 W0 TRACKED 14 nsol=64 0.03s 2026-07-22T18:03:46.274
ATTEMPT 11 W0 TRACK 15 2026-07-22T18:03:46.288
ATTEMPT 11 W0 TRACKED 15 nsol=64 0.09s 2026-07-22T18:03:46.375
ATTEMPT 11 W0 TRACK 16 2026-07-22T18:03:46.375
ATTEMPT 11 W0 TRACKED 16 nsol=64 0.09s 2026-07-22T18:03:46.469
ATTEMPT 11 W0 TRACK 17 2026-07-22T18:03:46.469
ATTEMPT 11 W0 TRACKED 17 nsol=64 0.08s 2026-07-22T18:03:46.549
ATTEMPT 11 W0 TRACK 18 2026-07-22T18:03:46.549
ATTEMPT 11 W0 TRACKED 18 nsol=64 0.05s 2026-07-22T18:03:46.603
ATTEMPT 11 W0 TRACK 19 2026-07-22T18:03:46.603
ATTEMPT 11 W0 TRACKED 19 nsol=64 0.06s 2026-07-22T18:03:46.660
ATTEMPT 11 W0 TRACK 20 2026-07-22T18:03:46.661
ATTEMPT 11 W0 TRACKED 20 nsol=64 0.06s 2026-07-22T18:03:46.720
ATTEMPT 11 W0 TRACK 21 2026-07-22T18:03:46.720
ATTEMPT 11 W0 TRACKED 21 nsol=64 0.07s 2026-07-22T18:03:46.789
ATTEMPT 11 W0 TRACK 22 2026-07-22T18:03:46.790
ATTEMPT 11 W0 TRACKED 22 nsol=64 0.07s 2026-07-22T18:03:46.860
ATTEMPT 11 W0 TRACK 23 2026-07-22T18:03:46.860
ATTEMPT 11 W0 TRACKED 23 nsol=64 0.05s 2026-07-22T18:03:46.911
ATTEMPT 11 W0 TRACK 24 2026-07-22T18:03:46.916
ATTEMPT 11 W0 TRACKED 24 nsol=64 0.04s 2026-07-22T18:03:46.956
ATTEMPT 11 W0 TRACK 25 2026-07-22T18:03:46.960
ATTEMPT 11 W0 TRACKED 25 nsol=64 0.04s 2026-07-22T18:03:46.995
ATTEMPT 11 W0 DONE ptrack seed=625835 nsol=64 1.26s 2026-07-22T18:03:46.996
ATTEMPT 12 W0 START ptrack6x2 seed=625836 2026-07-22T18:03:46.996
ATTEMPT 12 W0 SOLVE ptrack fresh 2026-07-22T18:03:47.078
ATTEMPT 12 W0 FRESH-DONE nsol=64 0.15s 2026-07-22T18:03:47.235
ATTEMPT 12 W0 TRACK 1 2026-07-22T18:03:47.235
ATTEMPT 12 W0 TRACKED 1 nsol=64 0.06s 2026-07-22T18:03:47.293
ATTEMPT 12 W0 TRACK 2 2026-07-22T18:03:47.293
ATTEMPT 12 W0 TRACKED 2 nsol=64 0.05s 2026-07-22T18:03:47.342
ATTEMPT 12 W0 TRACK 3 2026-07-22T18:03:47.342
ATTEMPT 12 W0 TRACKED 3 nsol=64 0.05s 2026-07-22T18:03:47.390
ATTEMPT 12 W0 TRACK 4 2026-07-22T18:03:47.390
ATTEMPT 12 W0 TRACKED 4 nsol=64 0.05s 2026-07-22T18:03:47.439
ATTEMPT 12 W0 TRACK 5 2026-07-22T18:03:47.444
ATTEMPT 12 W0 TRACKED 5 nsol=64 0.04s 2026-07-22T18:03:47.487
ATTEMPT 12 W0 TRACK 6 2026-07-22T18:03:47.487
ATTEMPT 12 W0 TRACKED 6 nsol=64 0.03s 2026-07-22T18:03:47.519
ATTEMPT 12 W0 TRACK 7 2026-07-22T18:03:47.519
ATTEMPT 12 W0 TRACKED 7 nsol=64 0.04s 2026-07-22T18:03:47.557
ATTEMPT 12 W0 TRACK 8 2026-07-22T18:03:47.557
ATTEMPT 12 W0 TRACKED 8 nsol=64 0.06s 2026-07-22T18:03:47.613
ATTEMPT 12 W0 TRACK 9 2026-07-22T18:03:47.616
ATTEMPT 12 W0 TRACKED 9 nsol=64 0.06s 2026-07-22T18:03:47.672
ATTEMPT 12 W0 TRACK 10 2026-07-22T18:03:47.676
ATTEMPT 12 W0 TRACKED 10 nsol=64 0.06s 2026-07-22T18:03:47.738
ATTEMPT 12 W0 TRACK 11 2026-07-22T18:03:47.744
ATTEMPT 12 W0 TRACKED 11 nsol=64 0.04s 2026-07-22T18:03:47.788
ATTEMPT 12 W0 TRACK 12 2026-07-22T18:03:47.788
ATTEMPT 12 W0 TRACKED 12 nsol=64 0.07s 2026-07-22T18:03:47.860
ATTEMPT 12 W0 TRACK 13 2026-07-22T18:03:47.860
ATTEMPT 12 W0 TRACKED 13 nsol=64 0.10s 2026-07-22T18:03:47.961
ATTEMPT 12 W0 TRACK 14 2026-07-22T18:03:47.961
ATTEMPT 12 W0 TRACKED 14 nsol=64 0.04s 2026-07-22T18:03:47.997
ATTEMPT 12 W0 TRACK 15 2026-07-22T18:03:47.997
ATTEMPT 12 W0 TRACKED 15 nsol=64 0.02s 2026-07-22T18:03:48.019
ATTEMPT 12 W0 TRACK 16 2026-07-22T18:03:48.019
ATTEMPT 12 W0 TRACKED 16 nsol=64 0.03s 2026-07-22T18:03:48.045
ATTEMPT 12 W0 TRACK 17 2026-07-22T18:03:48.046
ATTEMPT 12 W0 TRACKED 17 nsol=64 0.05s 2026-07-22T18:03:48.094
ATTEMPT 12 W0 TRACK 18 2026-07-22T18:03:48.095
ATTEMPT 12 W0 TRACKED 18 nsol=64 0.05s 2026-07-22T18:03:48.149
ATTEMPT 12 W0 TRACK 19 2026-07-22T18:03:48.151
ATTEMPT 12 W0 TRACKED 19 nsol=64 0.05s 2026-07-22T18:03:48.202
ATTEMPT 12 W0 TRACK 20 2026-07-22T18:03:48.204
ATTEMPT 12 W0 TRACKED 20 nsol=64 0.06s 2026-07-22T18:03:48.262
ATTEMPT 12 W0 TRACK 21 2026-07-22T18:03:48.268
ATTEMPT 12 W0 TRACKED 21 nsol=64 0.06s 2026-07-22T18:03:48.330
ATTEMPT 12 W0 TRACK 22 2026-07-22T18:03:48.336
ATTEMPT 12 W0 TRACKED 22 nsol=64 0.05s 2026-07-22T18:03:48.385
ATTEMPT 12 W0 TRACK 23 2026-07-22T18:03:48.392
ATTEMPT 12 W0 TRACKED 23 nsol=64 0.05s 2026-07-22T18:03:48.437
ATTEMPT 12 W0 TRACK 24 2026-07-22T18:03:48.444
ATTEMPT 12 W0 TRACKED 24 nsol=64 0.05s 2026-07-22T18:03:48.494
ATTEMPT 12 W0 TRACK 25 2026-07-22T18:03:48.494
ATTEMPT 12 W0 TRACKED 25 nsol=64 0.05s 2026-07-22T18:03:48.542
ATTEMPT 12 W0 DONE ptrack seed=625836 nsol=64 1.46s 2026-07-22T18:03:48.543
HUNT2 complete 2026-07-22T18:03:48.546
┌ Warning: Ingored unsupported keyword arguments: gamma = 0.716201723817603 - 0.697893323367328im
└ @ HomotopyContinuation ~/.julia/packages/HomotopyContinuation/98yZ2/src/utils.jl:170
┌ Warning: Ingored unsupported keyword arguments: gamma = -0.8486796119169288 + 0.5289072851800504im
└ @ HomotopyContinuation ~/.julia/packages/HomotopyContinuation/98yZ2/src/utils.jl:170
┌ Warning: Ingored unsupported keyword arguments: gamma = 0.9031253487790126 - 0.42937699564926246im
└ @ HomotopyContinuation ~/.julia/packages/HomotopyContinuation/98yZ2/src/utils.jl:170
┌ Warning: Ingored unsupported keyword arguments: gamma = 0.972173369307258 - 0.2342625450424668im
└ @ HomotopyContinuation ~/.julia/packages/HomotopyContinuation/98yZ2/src/utils.jl:170
┌ Warning: Ingored unsupported keyword arguments: gamma = -0.6237105783565459 - 0.7816553680786329im
└ @ HomotopyContinuation ~/.julia/packages/HomotopyContinuation/98yZ2/src/utils.jl:170
┌ Warning: Ingored unsupported keyword arguments: gamma = 0.15859509051659254 + 0.9873437077654538im
└ @ HomotopyContinuation ~/.julia/packages/HomotopyContinuation/98yZ2/src/utils.jl:170
┌ Warning: Ingored unsupported keyword arguments: gamma = -0.20044163439985516 - 0.9797056451807935im
└ @ HomotopyContinuation ~/.julia/packages/HomotopyContinuation/98yZ2/src/utils.jl:170
┌ Warning: Ingored unsupported keyword arguments: gamma = -0.6316867612470511 + 0.7752237326509109im
└ @ HomotopyContinuation ~/.julia/packages/HomotopyContinuation/98yZ2/src/utils.jl:170
┌ Warning: Ingored unsupported keyword arguments: gamma = -0.8483673078367532 + 0.5294080760564762im
└ @ HomotopyContinuation ~/.julia/packages/HomotopyContinuation/98yZ2/src/utils.jl:170
┌ Warning: Ingored unsupported keyword arguments: gamma = -0.9195825383824434 + 0.39289687591288114im
└ @ HomotopyContinuation ~/.julia/packages/HomotopyContinuation/98yZ2/src/utils.jl:170
┌ Warning: Ingored unsupported keyword arguments: gamma = 0.6311251422834654 - 0.7756810264391385im
└ @ HomotopyContinuation ~/.julia/packages/HomotopyContinuation/98yZ2/src/utils.jl:170
┌ Warning: Ingored unsupported keyword arguments: gamma = -0.9428295380490694 - 0.3332753548976858im
└ @ HomotopyContinuation ~/.julia/packages/HomotopyContinuation/98yZ2/src/utils.jl:170
┌ Warning: Ingored unsupported keyword arguments: gamma = -0.9998936137735522 - 0.014586333839125002im
└ @ HomotopyContinuation ~/.julia/packages/HomotopyContinuation/98yZ2/src/utils.jl:170
┌ Warning: Ingored unsupported keyword arguments: gamma = 0.9708953918339921 + 0.23950394175361472im
└ @ HomotopyContinuation ~/.julia/packages/HomotopyContinuation/98yZ2/src/utils.jl:170
┌ Warning: Ingored unsupported keyword arguments: gamma = 0.6332621374337593 + 0.773937378146854im
└ @ HomotopyContinuation ~/.julia/packages/HomotopyContinuation/98yZ2/src/utils.jl:170
┌ Warning: Ingored unsupported keyword arguments: gamma = 0.26273403899906206 - 0.9648682939921072im
└ @ HomotopyContinuation ~/.julia/packages/HomotopyContinuation/98yZ2/src/utils.jl:170
┌ Warning: Ingored unsupported keyword arguments: gamma = 0.9850624092827331 - 0.17219770561217473im
└ @ HomotopyContinuation ~/.julia/packages/HomotopyContinuation/98yZ2/src/utils.jl:170
┌ Warning: Ingored unsupported keyword arguments: gamma = -0.27274424067349595 + 0.9620865757193778im
└ @ HomotopyContinuation ~/.julia/packages/HomotopyContinuation/98yZ2/src/utils.jl:170
┌ Warning: Ingored unsupported keyword arguments: gamma = -0.7394376864584209 - 0.6732250053622623im
└ @ HomotopyContinuation ~/.julia/packages/HomotopyContinuation/98yZ2/src/utils.jl:170
┌ Warning: Ingored unsupported keyword arguments: gamma = -0.5323594912309723 + 0.8465183826097933im
└ @ HomotopyContinuation ~/.julia/packages/HomotopyContinuation/98yZ2/src/utils.jl:170
┌ Warning: Ingored unsupported keyword arguments: gamma = 0.9980174113070414 + 0.06293843601482281im
└ @ HomotopyContinuation ~/.julia/packages/HomotopyContinuation/98yZ2/src/utils.jl:170
┌ Warning: Ingored unsupported keyword arguments: gamma = 0.7849225480084641 - 0.6195938941176716im
└ @ HomotopyContinuation ~/.julia/packages/HomotopyContinuation/98yZ2/src/utils.jl:170
┌ Warning: Ingored unsupported keyword arguments: gamma = -0.08410499272145884 + 0.9964568983148862im
└ @ HomotopyContinuation ~/.julia/packages/HomotopyContinuation/98yZ2/src/utils.jl:170
┌ Warning: Ingored unsupported keyword arguments: gamma = 0.6666906963376303 + 0.7453344990115818im
└ @ HomotopyContinuation ~/.julia/packages/HomotopyContinuation/98yZ2/src/utils.jl:170
┌ Warning: Ingored unsupported keyword arguments: gamma = 0.9195303051584006 + 0.3930191062725814im
└ @ HomotopyContinuation ~/.julia/packages/HomotopyContinuation/98yZ2/src/utils.jl:170
┌ Warning: Ingored unsupported keyword arguments: gamma = -0.14346366087613738 + 0.9896555855488396im
└ @ HomotopyContinuation ~/.julia/packages/HomotopyContinuation/98yZ2/src/utils.jl:170
┌ Warning: Ingored unsupported keyword arguments: gamma = 0.9832999867404328 - 0.1819921319075764im
└ @ HomotopyContinuation ~/.julia/packages/HomotopyContinuation/98yZ2/src/utils.jl:170
┌ Warning: Ingored unsupported keyword arguments: gamma = -0.9843589138274306 - 0.17617471092208728im
└ @ HomotopyContinuation ~/.julia/packages/HomotopyContinuation/98yZ2/src/utils.jl:170
┌ Warning: Ingored unsupported keyword arguments: gamma = 0.6361947756545615 - 0.7715284877629873im
└ @ HomotopyContinuation ~/.julia/packages/HomotopyContinuation/98yZ2/src/utils.jl:170
┌ Warning: Ingored unsupported keyword arguments: gamma = -0.2957830576886485 - 0.9552551401507106im
└ @ HomotopyContinuation ~/.julia/packages/HomotopyContinuation/98yZ2/src/utils.jl:170
┌ Warning: Ingored unsupported keyword arguments: gamma = -0.9997583887960582 - 0.02198099251420864im
└ @ HomotopyContinuation ~/.julia/packages/HomotopyContinuation/98yZ2/src/utils.jl:170
┌ Warning: Ingored unsupported keyword arguments: gamma = 0.9933777886503053 + 0.11489372922935936im
└ @ HomotopyContinuation ~/.julia/packages/HomotopyContinuation/98yZ2/src/utils.jl:170
┌ Warning: Ingored unsupported keyword arguments: gamma = -0.9839506136237676 - 0.17844099851046352im
└ @ HomotopyContinuation ~/.julia/packages/HomotopyContinuation/98yZ2/src/utils.jl:170
┌ Warning: Ingored unsupported keyword arguments: gamma = -0.9877164273557618 - 0.15625702906291924im
└ @ HomotopyContinuation ~/.julia/packages/HomotopyContinuation/98yZ2/src/utils.jl:170
┌ Warning: Ingored unsupported keyword arguments: gamma = 0.3509305246609237 - 0.93640149874998im
└ @ HomotopyContinuation ~/.julia/packages/HomotopyContinuation/98yZ2/src/utils.jl:170
┌ Warning: Ingored unsupported keyword arguments: gamma = -0.5799885617544234 - 0.8146246179891911im
└ @ HomotopyContinuation ~/.julia/packages/HomotopyContinuation/98yZ2/src/utils.jl:170
┌ Warning: Ingored unsupported keyword arguments: gamma = 0.5356676956156574 + 0.8444288720039193im
└ @ HomotopyContinuation ~/.julia/packages/HomotopyContinuation/98yZ2/src/utils.jl:170
┌ Warning: Ingored unsupported keyword arguments: gamma = 0.8209078515745853 - 0.5710606791079199im
└ @ HomotopyContinuation ~/.julia/packages/HomotopyContinuation/98yZ2/src/utils.jl:170
┌ Warning: Ingored unsupported keyword arguments: gamma = -0.9294682704379944 + 0.3689020659321432im
└ @ HomotopyContinuation ~/.julia/packages/HomotopyContinuation/98yZ2/src/utils.jl:170
┌ Warning: Ingored unsupported keyword arguments: gamma = -0.02995981267322315 - 0.9995511040585096im
└ @ HomotopyContinuation ~/.julia/packages/HomotopyContinuation/98yZ2/src/utils.jl:170
┌ Warning: Ingored unsupported keyword arguments: gamma = -0.7477708772510323 + 0.6639568624053988im
└ @ HomotopyContinuation ~/.julia/packages/HomotopyContinuation/98yZ2/src/utils.jl:170
┌ Warning: Ingored unsupported keyword arguments: gamma = 0.5177560469417947 + 0.8555283021941508im
└ @ HomotopyContinuation ~/.julia/packages/HomotopyContinuation/98yZ2/src/utils.jl:170
┌ Warning: Ingored unsupported keyword arguments: gamma = 0.179210788067578 - 0.9838107000029008im
└ @ HomotopyContinuation ~/.julia/packages/HomotopyContinuation/98yZ2/src/utils.jl:170
┌ Warning: Ingored unsupported keyword arguments: gamma = -0.14737499085274833 + 0.9890806903742244im
└ @ HomotopyContinuation ~/.julia/packages/HomotopyContinuation/98yZ2/src/utils.jl:170
┌ Warning: Ingored unsupported keyword arguments: gamma = -0.09085207411633929 - 0.9958643987153869im
└ @ HomotopyContinuation ~/.julia/packages/HomotopyContinuation/98yZ2/src/utils.jl:170
┌ Warning: Ingored unsupported keyword arguments: gamma = 0.9916511965655771 + 0.12894923167688577im
└ @ HomotopyContinuation ~/.julia/packages/HomotopyContinuation/98yZ2/src/utils.jl:170
┌ Warning: Ingored unsupported keyword arguments: gamma = 0.9080184285449101 + 0.41893022500510996im
└ @ HomotopyContinuation ~/.julia/packages/HomotopyContinuation/98yZ2/src/utils.jl:170
┌ Warning: Ingored unsupported keyword arguments: gamma = 0.18503168569123837 + 0.9827325553222803im
└ @ HomotopyContinuation ~/.julia/packages/HomotopyContinuation/98yZ2/src/utils.jl:170
┌ Warning: Ingored unsupported keyword arguments: gamma = -0.48403098016494817 - 0.8750508615163805im
└ @ HomotopyContinuation ~/.julia/packages/HomotopyContinuation/98yZ2/src/utils.jl:170
┌ Warning: Ingored unsupported keyword arguments: gamma = 0.9560946352280916 - 0.2930580974620263im
└ @ HomotopyContinuation ~/.julia/packages/HomotopyContinuation/98yZ2/src/utils.jl:170
┌ Warning: Ingored unsupported keyword arguments: gamma = -0.9998884374369091 + 0.014936956851256294im
└ @ HomotopyContinuation ~/.julia/packages/HomotopyContinuation/98yZ2/src/utils.jl:170
┌ Warning: Ingored unsupported keyword arguments: gamma = -0.8017538832466149 - 0.5976543404836725im
└ @ HomotopyContinuation ~/.julia/packages/HomotopyContinuation/98yZ2/src/utils.jl:170
┌ Warning: Ingored unsupported keyword arguments: gamma = -0.3506631830934754 + 0.9365016454992227im
└ @ HomotopyContinuation ~/.julia/packages/HomotopyContinuation/98yZ2/src/utils.jl:170
┌ Warning: Ingored unsupported keyword arguments: gamma = 0.061983981101089006 + 0.9980771443565171im
└ @ HomotopyContinuation ~/.julia/packages/HomotopyContinuation/98yZ2/src/utils.jl:170
┌ Warning: Ingored unsupported keyword arguments: gamma = 0.18338796604215343 + 0.9830406166130279im
└ @ HomotopyContinuation ~/.julia/packages/HomotopyContinuation/98yZ2/src/utils.jl:170
┌ Warning: Ingored unsupported keyword arguments: gamma = 0.9307655715105385 - 0.3656165353080474im
└ @ HomotopyContinuation ~/.julia/packages/HomotopyContinuation/98yZ2/src/utils.jl:170
┌ Warning: Ingored unsupported keyword arguments: gamma = 0.14295755048356087 + 0.9897288208189858im
└ @ HomotopyContinuation ~/.julia/packages/HomotopyContinuation/98yZ2/src/utils.jl:170
┌ Warning: Ingored unsupported keyword arguments: gamma = 0.12498982750855732 - 0.9921580232097007im
└ @ HomotopyContinuation ~/.julia/packages/HomotopyContinuation/98yZ2/src/utils.jl:170
┌ Warning: Ingored unsupported keyword arguments: gamma = -0.9636694682640427 - 0.2670976524338941im
└ @ HomotopyContinuation ~/.julia/packages/HomotopyContinuation/98yZ2/src/utils.jl:170
┌ Warning: Ingored unsupported keyword arguments: gamma = -0.6461445304960797 - 0.7632150717261817im
└ @ HomotopyContinuation ~/.julia/packages/HomotopyContinuation/98yZ2/src/utils.jl:170
┌ Warning: Ingored unsupported keyword arguments: gamma = 0.9176704162898693 + 0.3973424304883356im
└ @ HomotopyContinuation ~/.julia/packages/HomotopyContinuation/98yZ2/src/utils.jl:170
┌ Warning: Ingored unsupported keyword arguments: gamma = -0.9811939684120592 - 0.19302434134532123im
└ @ HomotopyContinuation ~/.julia/packages/HomotopyContinuation/98yZ2/src/utils.jl:170
┌ Warning: Ingored unsupported keyword arguments: gamma = 0.6838059392364657 - 0.7296639209012153im
└ @ HomotopyContinuation ~/.julia/packages/HomotopyContinuation/98yZ2/src/utils.jl:170
┌ Warning: Ingored unsupported keyword arguments: gamma = 0.3714146250534127 - 0.9284671110472534im
└ @ HomotopyContinuation ~/.julia/packages/HomotopyContinuation/98yZ2/src/utils.jl:170
┌ Warning: Ingored unsupported keyword arguments: gamma = -0.8024243180617975 + 0.5967538971662097im
└ @ HomotopyContinuation ~/.julia/packages/HomotopyContinuation/98yZ2/src/utils.jl:170
┌ Warning: Ingored unsupported keyword arguments: gamma = 0.4052102023703687 - 0.914223545909295im
└ @ HomotopyContinuation ~/.julia/packages/HomotopyContinuation/98yZ2/src/utils.jl:170
┌ Warning: Ingored unsupported keyword arguments: gamma = 0.6570468934322118 + 0.753849706394504im
└ @ HomotopyContinuation ~/.julia/packages/HomotopyContinuation/98yZ2/src/utils.jl:170
┌ Warning: Ingored unsupported keyword arguments: gamma = 0.9832431356229967 + 0.18229902975676346im
└ @ HomotopyContinuation ~/.julia/packages/HomotopyContinuation/98yZ2/src/utils.jl:170
┌ Warning: Ingored unsupported keyword arguments: gamma = 0.7847437897352325 - 0.6198202840114102im
└ @ HomotopyContinuation ~/.julia/packages/HomotopyContinuation/98yZ2/src/utils.jl:170
┌ Warning: Ingored unsupported keyword arguments: gamma = 0.9960728358251582 - 0.08853759501605842im
└ @ HomotopyContinuation ~/.julia/packages/HomotopyContinuation/98yZ2/src/utils.jl:170
┌ Warning: Ingored unsupported keyword arguments: gamma = 0.888941316963287 + 0.4580211075873872im
└ @ HomotopyContinuation ~/.julia/packages/HomotopyContinuation/98yZ2/src/utils.jl:170
┌ Warning: Ingored unsupported keyword arguments: gamma = 0.8631014998384932 + 0.5050304950956365im
└ @ HomotopyContinuation ~/.julia/packages/HomotopyContinuation/98yZ2/src/utils.jl:170
┌ Warning: Ingored unsupported keyword arguments: gamma = 0.17542651017327754 + 0.9844925289347933im
└ @ HomotopyContinuation ~/.julia/packages/HomotopyContinuation/98yZ2/src/utils.jl:170
┌ Warning: Ingored unsupported keyword arguments: gamma = 0.3537366916555413 + 0.9353450448773396im
└ @ HomotopyContinuation ~/.julia/packages/HomotopyContinuation/98yZ2/src/utils.jl:170
┌ Warning: Ingored unsupported keyword arguments: gamma = 0.3986303108407871 - 0.9171117027270873im
└ @ HomotopyContinuation ~/.julia/packages/HomotopyContinuation/98yZ2/src/utils.jl:170
┌ Warning: Ingored unsupported keyword arguments: gamma = -0.9403006553991876 + 0.34034493893087076im
└ @ HomotopyContinuation ~/.julia/packages/HomotopyContinuation/98yZ2/src/utils.jl:170
┌ Warning: Ingored unsupported keyword arguments: gamma = -0.3220011088664848 + 0.9467392914043201im
└ @ HomotopyContinuation ~/.julia/packages/HomotopyContinuation/98yZ2/src/utils.jl:170
┌ Warning: Ingored unsupported keyword arguments: gamma = -0.33662460567435626 - 0.9416389301927699im
└ @ HomotopyContinuation ~/.julia/packages/HomotopyContinuation/98yZ2/src/utils.jl:170
┌ Warning: Ingored unsupported keyword arguments: gamma = 0.9652835814623499 + 0.2612041488170102im
└ @ HomotopyContinuation ~/.julia/packages/HomotopyContinuation/98yZ2/src/utils.jl:170
┌ Warning: Ingored unsupported keyword arguments: gamma = -0.2959628201949625 - 0.9551994603548749im
└ @ HomotopyContinuation ~/.julia/packages/HomotopyContinuation/98yZ2/src/utils.jl:170
┌ Warning: Ingored unsupported keyword arguments: gamma = -0.7974800994157955 + 0.6033452502802794im
└ @ HomotopyContinuation ~/.julia/packages/HomotopyContinuation/98yZ2/src/utils.jl:170
┌ Warning: Ingored unsupported keyword arguments: gamma = -0.823527948593644 + 0.5672756983029895im
└ @ HomotopyContinuation ~/.julia/packages/HomotopyContinuation/98yZ2/src/utils.jl:170
┌ Warning: Ingored unsupported keyword arguments: gamma = 0.46887241456023554 - 0.8832659049598001im
└ @ HomotopyContinuation ~/.julia/packages/HomotopyContinuation/98yZ2/src/utils.jl:170
┌ Warning: Ingored unsupported keyword arguments: gamma = -0.9702951676692836 - 0.24192413603780202im
└ @ HomotopyContinuation ~/.julia/packages/HomotopyContinuation/98yZ2/src/utils.jl:170
┌ Warning: Ingored unsupported keyword arguments: gamma = 0.5724701490769123 + 0.8199255627286283im
└ @ HomotopyContinuation ~/.julia/packages/HomotopyContinuation/98yZ2/src/utils.jl:170
┌ Warning: Ingored unsupported keyword arguments: gamma = -0.8543192571361058 + 0.519748599696442im
└ @ HomotopyContinuation ~/.julia/packages/HomotopyContinuation/98yZ2/src/utils.jl:170
┌ Warning: Ingored unsupported keyword arguments: gamma = -0.9824868145278602 - 0.18633212089947856im
└ @ HomotopyContinuation ~/.julia/packages/HomotopyContinuation/98yZ2/src/utils.jl:170
┌ Warning: Ingored unsupported keyword arguments: gamma = 0.4272926636269446 - 0.9041133665700285im
└ @ HomotopyContinuation ~/.julia/packages/HomotopyContinuation/98yZ2/src/utils.jl:170
┌ Warning: Ingored unsupported keyword arguments: gamma = -0.6990286012899783 - 0.7150937103475156im
└ @ HomotopyContinuation ~/.julia/packages/HomotopyContinuation/98yZ2/src/utils.jl:170
┌ Warning: Ingored unsupported keyword arguments: gamma = -0.49809662260713566 - 0.8671215338966993im
└ @ HomotopyContinuation ~/.julia/packages/HomotopyContinuation/98yZ2/src/utils.jl:170
┌ Warning: Ingored unsupported keyword arguments: gamma = -0.936434789644 - 0.3508416804548705im
└ @ HomotopyContinuation ~/.julia/packages/HomotopyContinuation/98yZ2/src/utils.jl:170
┌ Warning: Ingored unsupported keyword arguments: gamma = 0.8995424710990264 + 0.436833312247426im
└ @ HomotopyContinuation ~/.julia/packages/HomotopyContinuation/98yZ2/src/utils.jl:170
┌ Warning: Ingored unsupported keyword arguments: gamma = -0.7166794055374426 + 0.6974027743553204im
└ @ HomotopyContinuation ~/.julia/packages/HomotopyContinuation/98yZ2/src/utils.jl:170
┌ Warning: Ingored unsupported keyword arguments: gamma = 0.4069510343876168 + 0.9134499743340347im
└ @ HomotopyContinuation ~/.julia/packages/HomotopyContinuation/98yZ2/src/utils.jl:170
┌ Warning: Ingored unsupported keyword arguments: gamma = -0.4624064288091414 + 0.8866680859239134im
└ @ HomotopyContinuation ~/.julia/packages/HomotopyContinuation/98yZ2/src/utils.jl:170
┌ Warning: Ingored unsupported keyword arguments: gamma = -0.9963417386450922 + 0.08545840996458248im
└ @ HomotopyContinuation ~/.julia/packages/HomotopyContinuation/98yZ2/src/utils.jl:170
┌ Warning: Ingored unsupported keyword arguments: gamma = -0.4181225611720012 - 0.908390622936502im
└ @ HomotopyContinuation ~/.julia/packages/HomotopyContinuation/98yZ2/src/utils.jl:170
┌ Warning: Ingored unsupported keyword arguments: gamma = 0.4696145711747839 + 0.8828715390929327im
└ @ HomotopyContinuation ~/.julia/packages/HomotopyContinuation/98yZ2/src/utils.jl:170
┌ Warning: Ingored unsupported keyword arguments: gamma = -0.19513043023101886 - 0.9807773015307081im
└ @ HomotopyContinuation ~/.julia/packages/HomotopyContinuation/98yZ2/src/utils.jl:170
┌ Warning: Ingored unsupported keyword arguments: gamma = 0.9877807282615454 - 0.1558500332854983im
└ @ HomotopyContinuation ~/.julia/packages/HomotopyContinuation/98yZ2/src/utils.jl:170
┌ Warning: Ingored unsupported keyword arguments: gamma = 0.9098973468577451 + 0.41483348247367424im
└ @ HomotopyContinuation ~/.julia/packages/HomotopyContinuation/98yZ2/src/utils.jl:170
┌ Warning: Ingored unsupported keyword arguments: gamma = -0.7392734324185986 - 0.6734053698330774im
└ @ HomotopyContinuation ~/.julia/packages/HomotopyContinuation/98yZ2/src/utils.jl:170
┌ Warning: Ingored unsupported keyword arguments: gamma = 0.8225169056677191 + 0.5687406613657938im
└ @ HomotopyContinuation ~/.julia/packages/HomotopyContinuation/98yZ2/src/utils.jl:170
┌ Warning: Ingored unsupported keyword arguments: gamma = 0.45537456386032404 - 0.8902999531556877im
└ @ HomotopyContinuation ~/.julia/packages/HomotopyContinuation/98yZ2/src/utils.jl:170
┌ Warning: Ingored unsupported keyword arguments: gamma = 0.34078341397158946 + 0.9401418322582334im
└ @ HomotopyContinuation ~/.julia/packages/HomotopyContinuation/98yZ2/src/utils.jl:170
┌ Warning: Ingored unsupported keyword arguments: gamma = 0.9948494005767821 + 0.1013640477290513im
└ @ HomotopyContinuation ~/.julia/packages/HomotopyContinuation/98yZ2/src/utils.jl:170
┌ Warning: Ingored unsupported keyword arguments: gamma = 0.6024723303756567 + 0.7981397691706168im
└ @ HomotopyContinuation ~/.julia/packages/HomotopyContinuation/98yZ2/src/utils.jl:170
┌ Warning: Ingored unsupported keyword arguments: gamma = -0.34614443805658884 + 0.9381812340920535im
└ @ HomotopyContinuation ~/.julia/packages/HomotopyContinuation/98yZ2/src/utils.jl:170
┌ Warning: Ingored unsupported keyword arguments: gamma = 0.07631226586030332 + 0.9970839674166195im
└ @ HomotopyContinuation ~/.julia/packages/HomotopyContinuation/98yZ2/src/utils.jl:170
┌ Warning: Ingored unsupported keyword arguments: gamma = -0.36011393007534476 - 0.9329083327774973im
└ @ HomotopyContinuation ~/.julia/packages/HomotopyContinuation/98yZ2/src/utils.jl:170
┌ Warning: Ingored unsupported keyword arguments: gamma = -0.9999994335224913 - 0.001064403446258321im
└ @ HomotopyContinuation ~/.julia/packages/HomotopyContinuation/98yZ2/src/utils.jl:170
┌ Warning: Ingored unsupported keyword arguments: gamma = 0.25237995704129856 - 0.9676282123232209im
└ @ HomotopyContinuation ~/.julia/packages/HomotopyContinuation/98yZ2/src/utils.jl:170
┌ Warning: Ingored unsupported keyword arguments: gamma = -0.7285246501686062 - 0.6850195866518781im
└ @ HomotopyContinuation ~/.julia/packages/HomotopyContinuation/98yZ2/src/utils.jl:170
┌ Warning: Ingored unsupported keyword arguments: gamma = -0.4361926214272068 + 0.899853319720754im
└ @ HomotopyContinuation ~/.julia/packages/HomotopyContinuation/98yZ2/src/utils.jl:170
┌ Warning: Ingored unsupported keyword arguments: gamma = 0.52590076781051 - 0.8505459319850492im
└ @ HomotopyContinuation ~/.julia/packages/HomotopyContinuation/98yZ2/src/utils.jl:170
┌ Warning: Ingored unsupported keyword arguments: gamma = 0.4334827357056082 + 0.9011618710560172im
└ @ HomotopyContinuation ~/.julia/packages/HomotopyContinuation/98yZ2/src/utils.jl:170
┌ Warning: Ingored unsupported keyword arguments: gamma = 0.8808566730369444 + 0.47338306007533226im
└ @ HomotopyContinuation ~/.julia/packages/HomotopyContinuation/98yZ2/src/utils.jl:170
┌ Warning: Ingored unsupported keyword arguments: gamma = 0.9993371453135982 - 0.036404257944206535im
└ @ HomotopyContinuation ~/.julia/packages/HomotopyContinuation/98yZ2/src/utils.jl:170
┌ Warning: Ingored unsupported keyword arguments: gamma = 0.9904059409482209 + 0.1381885383614329im
└ @ HomotopyContinuation ~/.julia/packages/HomotopyContinuation/98yZ2/src/utils.jl:170
┌ Warning: Ingored unsupported keyword arguments: gamma = -0.0997291078322324 - 0.9950146255462715im
└ @ HomotopyContinuation ~/.julia/packages/HomotopyContinuation/98yZ2/src/utils.jl:170
┌ Warning: Ingored unsupported keyword arguments: gamma = -0.42057500643778256 + 0.9072577715070063im
└ @ HomotopyContinuation ~/.julia/packages/HomotopyContinuation/98yZ2/src/utils.jl:170
┌ Warning: Ingored unsupported keyword arguments: gamma = -0.4027226573362617 + 0.9153220533058405im
└ @ HomotopyContinuation ~/.julia/packages/HomotopyContinuation/98yZ2/src/utils.jl:170
┌ Warning: Ingored unsupported keyword arguments: gamma = -0.6861021698557244 + 0.7275051975891765im
└ @ HomotopyContinuation ~/.julia/packages/HomotopyContinuation/98yZ2/src/utils.jl:170
┌ Warning: Ingored unsupported keyword arguments: gamma = -0.9319219580630019 + 0.36265888115420586im
└ @ HomotopyContinuation ~/.julia/packages/HomotopyContinuation/98yZ2/src/utils.jl:170
┌ Warning: Ingored unsupported keyword arguments: gamma = -0.9329163633564796 + 0.36009312542968785im
└ @ HomotopyContinuation ~/.julia/packages/HomotopyContinuation/98yZ2/src/utils.jl:170
┌ Warning: Ingored unsupported keyword arguments: gamma = 0.9222354614211583 - 0.3866287026299306im
└ @ HomotopyContinuation ~/.julia/packages/HomotopyContinuation/98yZ2/src/utils.jl:170
┌ Warning: Ingored unsupported keyword arguments: gamma = 0.028917175154739776 - 0.9995818110495359im
└ @ HomotopyContinuation ~/.julia/packages/HomotopyContinuation/98yZ2/src/utils.jl:170
┌ Warning: Ingored unsupported keyword arguments: gamma = -0.7020827132418309 + 0.7120954035569876im
└ @ HomotopyContinuation ~/.julia/packages/HomotopyContinuation/98yZ2/src/utils.jl:170
┌ Warning: Ingored unsupported keyword arguments: gamma = -0.9350933251564418 - 0.3544015706058156im
└ @ HomotopyContinuation ~/.julia/packages/HomotopyContinuation/98yZ2/src/utils.jl:170
┌ Warning: Ingored unsupported keyword arguments: gamma = 0.9996921442128177 + 0.02481162629048978im
└ @ HomotopyContinuation ~/.julia/packages/HomotopyContinuation/98yZ2/src/utils.jl:170
