HUNT2 start mode=seq hcthr=off nworkers=0 nthreads=8 ngcthreads=8 nsolves=40 seed_base=126056 shape=mix pid=1895018 julia=1.12.6 HC=2.20.0 2026-07-22T16:33:07.448
ATTEMPT 1 W0 START 8x2 seed=126057 2026-07-22T16:33:12.145
ATTEMPT 1 W0 SOLVE 8x2 2026-07-22T16:33:14.584
Computing mixed cells... 2    Time: 0:00:01[K
   mixed_volume: 8[K[A
[K[AComputing mixed cells... 60    Time: 0:00:01[K
   mixed_volume: 256[K
ATTEMPT 1 W0 DONE 8x2 seed=126057 nsol=256 138.43s 2026-07-22T16:35:37.024
ATTEMPT 2 W0 START 10x2 seed=126058 2026-07-22T16:35:37.283
ATTEMPT 2 W0 SOLVE 10x2 2026-07-22T16:35:37.360
ATTEMPT 2 W0 DONE 10x2 seed=126058 nsol=1024 69.08s 2026-07-22T16:36:46.441
ATTEMPT 3 W0 START 9x2 seed=126059 2026-07-22T16:36:46.441
ATTEMPT 3 W0 SOLVE 9x2 2026-07-22T16:36:46.577
ATTEMPT 3 W0 DONE 9x2 seed=126059 nsol=512 65.45s 2026-07-22T16:37:52.028
ATTEMPT 4 W0 START 7x3 seed=126060 2026-07-22T16:37:52.028
ATTEMPT 4 W0 SOLVE 7x3 2026-07-22T16:37:52.169
ATTEMPT 4 W0 DONE 7x3 seed=126060 nsol=2187 204.67s 2026-07-22T16:41:16.839
ATTEMPT 5 W0 START 11x2 seed=126061 2026-07-22T16:41:16.839
ATTEMPT 5 W0 SOLVE 11x2 2026-07-22T16:41:17.088
ATTEMPT 5 W0 DONE 11x2 seed=126061 nsol=2048 156.11s 2026-07-22T16:43:53.201
ATTEMPT 6 W0 START 6x3 seed=126062 2026-07-22T16:43:53.201
ATTEMPT 6 W0 SOLVE 6x3 2026-07-22T16:43:53.434
ATTEMPT 6 W0 DONE 6x3 seed=126062 nsol=729 105.68s 2026-07-22T16:45:39.117
ATTEMPT 7 W0 START 8x2 seed=126063 2026-07-22T16:45:39.118
ATTEMPT 7 W0 SOLVE 8x2 2026-07-22T16:45:39.158
ATTEMPT 7 W0 DONE 8x2 seed=126063 nsol=256 0.75s 2026-07-22T16:45:39.906
ATTEMPT 8 W0 START 10x2 seed=126064 2026-07-22T16:45:39.906
ATTEMPT 8 W0 SOLVE 10x2 2026-07-22T16:45:40.032
ATTEMPT 8 W0 DONE 10x2 seed=126064 nsol=1024 21.38s 2026-07-22T16:46:01.412
ATTEMPT 9 W0 START 9x2 seed=126065 2026-07-22T16:46:01.413
ATTEMPT 9 W0 SOLVE 9x2 2026-07-22T16:46:01.561
ATTEMPT 9 W0 DONE 9x2 seed=126065 nsol=512 5.39s 2026-07-22T16:46:06.948
ATTEMPT 10 W0 START 7x3 seed=126066 2026-07-22T16:46:06.948
ATTEMPT 10 W0 SOLVE 7x3 2026-07-22T16:46:07.034
ATTEMPT 10 W0 DONE 7x3 seed=126066 nsol=2187 30.67s 2026-07-22T16:46:37.704
ATTEMPT 11 W0 START 11x2 seed=126067 2026-07-22T16:46:37.704
ATTEMPT 11 W0 SOLVE 11x2 2026-07-22T16:46:37.826
ATTEMPT 11 W0 DONE 11x2 seed=126067 nsol=2048 58.55s 2026-07-22T16:47:36.373
ATTEMPT 12 W0 START 6x3 seed=126068 2026-07-22T16:47:36.373
ATTEMPT 12 W0 SOLVE 6x3 2026-07-22T16:47:36.484
ATTEMPT 12 W0 DONE 6x3 seed=126068 nsol=729 4.85s 2026-07-22T16:47:41.338
ATTEMPT 13 W0 START 8x2 seed=126069 2026-07-22T16:47:41.339
ATTEMPT 13 W0 SOLVE 8x2 2026-07-22T16:47:41.388
ATTEMPT 13 W0 DONE 8x2 seed=126069 nsol=256 1.07s 2026-07-22T16:47:42.457
ATTEMPT 14 W0 START 10x2 seed=126070 2026-07-22T16:47:42.457
ATTEMPT 14 W0 SOLVE 10x2 2026-07-22T16:47:42.548
ATTEMPT 14 W0 DONE 10x2 seed=126070 nsol=1024 29.55s 2026-07-22T16:48:12.100
ATTEMPT 15 W0 START 9x2 seed=126071 2026-07-22T16:48:12.106
ATTEMPT 15 W0 SOLVE 9x2 2026-07-22T16:48:12.291
ATTEMPT 15 W0 DONE 9x2 seed=126071 nsol=512 7.65s 2026-07-22T16:48:19.936
ATTEMPT 16 W0 START 7x3 seed=126072 2026-07-22T16:48:19.942
ATTEMPT 16 W0 SOLVE 7x3 2026-07-22T16:48:20.224
ATTEMPT 16 W0 DONE 7x3 seed=126072 nsol=2187 63.37s 2026-07-22T16:49:23.601
ATTEMPT 17 W0 START 11x2 seed=126073 2026-07-22T16:49:23.601
ATTEMPT 17 W0 SOLVE 11x2 2026-07-22T16:49:24.030
ATTEMPT 17 W0 DONE 11x2 seed=126073 nsol=2048 35.78s 2026-07-22T16:49:59.808
ATTEMPT 18 W0 START 6x3 seed=126074 2026-07-22T16:49:59.808
ATTEMPT 18 W0 SOLVE 6x3 2026-07-22T16:49:59.854
ATTEMPT 18 W0 DONE 6x3 seed=126074 nsol=729 2.77s 2026-07-22T16:50:02.620
ATTEMPT 19 W0 START 8x2 seed=126075 2026-07-22T16:50:02.620
ATTEMPT 19 W0 SOLVE 8x2 2026-07-22T16:50:02.649
ATTEMPT 19 W0 DONE 8x2 seed=126075 nsol=256 0.69s 2026-07-22T16:50:03.341
ATTEMPT 20 W0 START 10x2 seed=126076 2026-07-22T16:50:03.341
ATTEMPT 20 W0 SOLVE 10x2 2026-07-22T16:50:03.404
ATTEMPT 20 W0 DONE 10x2 seed=126076 nsol=1024 9.67s 2026-07-22T16:50:13.072
ATTEMPT 21 W0 START 9x2 seed=126077 2026-07-22T16:50:13.085
ATTEMPT 21 W0 SOLVE 9x2 2026-07-22T16:50:13.224
ATTEMPT 21 W0 DONE 9x2 seed=126077 nsol=512 3.26s 2026-07-22T16:50:16.490
ATTEMPT 22 W0 START 7x3 seed=126078 2026-07-22T16:50:16.490
ATTEMPT 22 W0 SOLVE 7x3 2026-07-22T16:50:16.689
ATTEMPT 22 W0 DONE 7x3 seed=126078 nsol=2187 23.59s 2026-07-22T16:50:40.278
ATTEMPT 23 W0 START 11x2 seed=126079 2026-07-22T16:50:40.278
ATTEMPT 23 W0 SOLVE 11x2 2026-07-22T16:50:40.518
Computing mixed cells... 101    Time: 0:00:00[K
   mixed_volume: 681[K[A
[K[AComputing mixed cells... 280    Time: 0:00:00[K
   mixed_volume: 2048[K
ATTEMPT 23 W0 DONE 11x2 seed=126079 nsol=2048 55.10s 2026-07-22T16:51:35.614
ATTEMPT 24 W0 START 6x3 seed=126080 2026-07-22T16:51:35.615
ATTEMPT 24 W0 SOLVE 6x3 2026-07-22T16:51:35.838
ATTEMPT 24 W0 DONE 6x3 seed=126080 nsol=729 10.79s 2026-07-22T16:51:46.633
ATTEMPT 25 W0 START 8x2 seed=126081 2026-07-22T16:51:46.633
ATTEMPT 25 W0 SOLVE 8x2 2026-07-22T16:51:46.715
ATTEMPT 25 W0 DONE 8x2 seed=126081 nsol=256 2.11s 2026-07-22T16:51:48.825
ATTEMPT 26 W0 START 10x2 seed=126082 2026-07-22T16:51:48.826
ATTEMPT 26 W0 SOLVE 10x2 2026-07-22T16:51:48.962
ATTEMPT 26 W0 DONE 10x2 seed=126082 nsol=1024 19.05s 2026-07-22T16:52:08.011
ATTEMPT 27 W0 START 9x2 seed=126083 2026-07-22T16:52:08.011
ATTEMPT 27 W0 SOLVE 9x2 2026-07-22T16:52:08.060
ATTEMPT 27 W0 DONE 9x2 seed=126083 nsol=512 3.46s 2026-07-22T16:52:11.517
ATTEMPT 28 W0 START 7x3 seed=126084 2026-07-22T16:52:11.517
ATTEMPT 28 W0 SOLVE 7x3 2026-07-22T16:52:11.673
ATTEMPT 28 W0 DONE 7x3 seed=126084 nsol=2187 32.53s 2026-07-22T16:52:44.203
ATTEMPT 29 W0 START 11x2 seed=126085 2026-07-22T16:52:44.203
ATTEMPT 29 W0 SOLVE 11x2 2026-07-22T16:52:53.490
ATTEMPT 29 W0 DONE 11x2 seed=126085 nsol=2048 39.32s 2026-07-22T16:53:32.806
ATTEMPT 30 W0 START 6x3 seed=126086 2026-07-22T16:53:32.814
ATTEMPT 30 W0 SOLVE 6x3 2026-07-22T16:53:32.946
ATTEMPT 30 W0 DONE 6x3 seed=126086 nsol=729 6.96s 2026-07-22T16:53:39.917
ATTEMPT 31 W0 START 8x2 seed=126087 2026-07-22T16:53:39.917
ATTEMPT 31 W0 SOLVE 8x2 2026-07-22T16:53:40.003
ATTEMPT 31 W0 DONE 8x2 seed=126087 nsol=256 1.61s 2026-07-22T16:53:41.612
ATTEMPT 32 W0 START 10x2 seed=126088 2026-07-22T16:53:41.618
ATTEMPT 32 W0 SOLVE 10x2 2026-07-22T16:53:41.778
ATTEMPT 32 W0 DONE 10x2 seed=126088 nsol=1024 25.75s 2026-07-22T16:54:07.540
ATTEMPT 33 W0 START 9x2 seed=126089 2026-07-22T16:54:07.544
ATTEMPT 33 W0 SOLVE 9x2 2026-07-22T16:54:07.591
ATTEMPT 33 W0 DONE 9x2 seed=126089 nsol=512 2.72s 2026-07-22T16:54:10.306
ATTEMPT 34 W0 START 7x3 seed=126090 2026-07-22T16:54:10.307
ATTEMPT 34 W0 SOLVE 7x3 2026-07-22T16:54:10.397
ATTEMPT 34 W0 DONE 7x3 seed=126090 nsol=2187 24.95s 2026-07-22T16:54:35.346
ATTEMPT 35 W0 START 11x2 seed=126091 2026-07-22T16:54:35.346
ATTEMPT 35 W0 SOLVE 11x2 2026-07-22T16:54:35.513
ATTEMPT 35 W0 DONE 11x2 seed=126091 nsol=2048 43.44s 2026-07-22T16:55:18.962
ATTEMPT 36 W0 START 6x3 seed=126092 2026-07-22T16:55:18.962
ATTEMPT 36 W0 SOLVE 6x3 2026-07-22T16:55:19.017
ATTEMPT 36 W0 DONE 6x3 seed=126092 nsol=729 4.09s 2026-07-22T16:55:23.103
ATTEMPT 37 W0 START 8x2 seed=126093 2026-07-22T16:55:23.103
ATTEMPT 37 W0 SOLVE 8x2 2026-07-22T16:55:23.245
ATTEMPT 37 W0 DONE 8x2 seed=126093 nsol=256 2.69s 2026-07-22T16:55:25.938
ATTEMPT 38 W0 START 10x2 seed=126094 2026-07-22T16:55:25.938
ATTEMPT 38 W0 SOLVE 10x2 2026-07-22T16:55:26.151
ATTEMPT 38 W0 DONE 10x2 seed=126094 nsol=1024 16.10s 2026-07-22T16:55:42.254
ATTEMPT 39 W0 START 9x2 seed=126095 2026-07-22T16:55:42.254
ATTEMPT 39 W0 SOLVE 9x2 2026-07-22T16:55:42.341
ATTEMPT 39 W0 DONE 9x2 seed=126095 nsol=512 4.38s 2026-07-22T16:55:46.717
ATTEMPT 40 W0 START 7x3 seed=126096 2026-07-22T16:55:46.717
ATTEMPT 40 W0 SOLVE 7x3 2026-07-22T16:55:46.823
ATTEMPT 40 W0 DONE 7x3 seed=126096 nsol=2187 47.41s 2026-07-22T16:56:34.235
HUNT2 complete 2026-07-22T16:56:34.254
