HUNT2 start mode=seq hcthr=off nworkers=0 nthreads=8 ngcthreads=8 nsolves=40 seed_base=203538 shape=mix pid=2069120 julia=1.12.6 HC=2.20.0 2026-07-22T16:57:03.622
ATTEMPT 1 W0 START 8x2 seed=203539 2026-07-22T16:57:08.750
ATTEMPT 1 W0 SOLVE 8x2 2026-07-22T16:57:10.924
Computing mixed cells... 2    Time: 0:00:01[K
   mixed_volume: 9[K[A
[K[AComputing mixed cells... 57    Time: 0:00:01[K
   mixed_volume: 256[K
ATTEMPT 1 W0 DONE 8x2 seed=203539 nsol=256 83.02s 2026-07-22T16:58:34.128
ATTEMPT 2 W0 START 10x2 seed=203540 2026-07-22T16:58:34.394
ATTEMPT 2 W0 SOLVE 10x2 2026-07-22T16:58:34.462
ATTEMPT 2 W0 DONE 10x2 seed=203540 nsol=1024 95.87s 2026-07-22T17:00:10.333
ATTEMPT 3 W0 START 9x2 seed=203541 2026-07-22T17:00:10.333
ATTEMPT 3 W0 SOLVE 9x2 2026-07-22T17:00:10.410
ATTEMPT 3 W0 DONE 9x2 seed=203541 nsol=512 70.71s 2026-07-22T17:01:21.119
ATTEMPT 4 W0 START 7x3 seed=203542 2026-07-22T17:01:21.120
ATTEMPT 4 W0 SOLVE 7x3 2026-07-22T17:01:21.247
ATTEMPT 4 W0 DONE 7x3 seed=203542 nsol=2187 198.38s 2026-07-22T17:04:39.626
ATTEMPT 5 W0 START 11x2 seed=203543 2026-07-22T17:04:39.632
ATTEMPT 5 W0 SOLVE 11x2 2026-07-22T17:04:40.037
Computing mixed cells... 334    Time: 0:00:00[K
   mixed_volume: 1993[K[A
[K[AComputing mixed cells... 346    Time: 0:00:00[K
   mixed_volume: 2048[K
ATTEMPT 5 W0 DONE 11x2 seed=203543 nsol=2048 201.26s 2026-07-22T17:08:01.302
ATTEMPT 6 W0 START 6x3 seed=203544 2026-07-22T17:08:01.303
ATTEMPT 6 W0 SOLVE 6x3 2026-07-22T17:08:01.584
ATTEMPT 6 W0 DONE 6x3 seed=203544 nsol=729 98.33s 2026-07-22T17:09:39.915
ATTEMPT 7 W0 START 8x2 seed=203545 2026-07-22T17:09:39.920
ATTEMPT 7 W0 SOLVE 8x2 2026-07-22T17:09:40.004
ATTEMPT 7 W0 DONE 8x2 seed=203545 nsol=256 1.62s 2026-07-22T17:09:41.630
ATTEMPT 8 W0 START 10x2 seed=203546 2026-07-22T17:09:41.630
ATTEMPT 8 W0 SOLVE 10x2 2026-07-22T17:09:41.694
ATTEMPT 8 W0 DONE 10x2 seed=203546 nsol=1024 12.28s 2026-07-22T17:09:53.981
ATTEMPT 9 W0 START 9x2 seed=203547 2026-07-22T17:09:53.981
ATTEMPT 9 W0 SOLVE 9x2 2026-07-22T17:09:54.044
ATTEMPT 9 W0 DONE 9x2 seed=203547 nsol=512 4.11s 2026-07-22T17:09:58.155
ATTEMPT 10 W0 START 7x3 seed=203548 2026-07-22T17:09:58.155
ATTEMPT 10 W0 SOLVE 7x3 2026-07-22T17:09:58.369
ATTEMPT 10 W0 DONE 7x3 seed=203548 nsol=2187 31.68s 2026-07-22T17:10:30.054
ATTEMPT 11 W0 START 11x2 seed=203549 2026-07-22T17:10:30.054
ATTEMPT 11 W0 SOLVE 11x2 2026-07-22T17:10:30.145
ATTEMPT 11 W0 DONE 11x2 seed=203549 nsol=2048 35.90s 2026-07-22T17:11:06.045
ATTEMPT 12 W0 START 6x3 seed=203550 2026-07-22T17:11:06.046
ATTEMPT 12 W0 SOLVE 6x3 2026-07-22T17:11:06.101
ATTEMPT 12 W0 DONE 6x3 seed=203550 nsol=729 2.68s 2026-07-22T17:11:08.776
ATTEMPT 13 W0 START 8x2 seed=203551 2026-07-22T17:11:08.778
ATTEMPT 13 W0 SOLVE 8x2 2026-07-22T17:11:08.807
ATTEMPT 13 W0 DONE 8x2 seed=203551 nsol=256 0.71s 2026-07-22T17:11:09.516
ATTEMPT 14 W0 START 10x2 seed=203552 2026-07-22T17:11:09.516
ATTEMPT 14 W0 SOLVE 10x2 2026-07-22T17:11:09.570
ATTEMPT 14 W0 DONE 10x2 seed=203552 nsol=1024 24.79s 2026-07-22T17:11:34.362
ATTEMPT 15 W0 START 9x2 seed=203553 2026-07-22T17:11:34.362
ATTEMPT 15 W0 SOLVE 9x2 2026-07-22T17:11:34.547
ATTEMPT 15 W0 DONE 9x2 seed=203553 nsol=512 5.58s 2026-07-22T17:11:40.130
ATTEMPT 16 W0 START 7x3 seed=203554 2026-07-22T17:11:40.130
ATTEMPT 16 W0 SOLVE 7x3 2026-07-22T17:11:40.372
ATTEMPT 16 W0 DONE 7x3 seed=203554 nsol=2187 29.34s 2026-07-22T17:12:09.714
ATTEMPT 17 W0 START 11x2 seed=203555 2026-07-22T17:12:09.714
ATTEMPT 17 W0 SOLVE 11x2 2026-07-22T17:12:09.974
ATTEMPT 17 W0 DONE 11x2 seed=203555 nsol=2048 45.18s 2026-07-22T17:12:55.154
ATTEMPT 18 W0 START 6x3 seed=203556 2026-07-22T17:12:55.157
ATTEMPT 18 W0 SOLVE 6x3 2026-07-22T17:12:55.264
ATTEMPT 18 W0 DONE 6x3 seed=203556 nsol=729 4.98s 2026-07-22T17:13:00.248
ATTEMPT 19 W0 START 8x2 seed=203557 2026-07-22T17:13:00.253
ATTEMPT 19 W0 SOLVE 8x2 2026-07-22T17:13:00.320
ATTEMPT 19 W0 DONE 8x2 seed=203557 nsol=256 1.10s 2026-07-22T17:13:01.422
ATTEMPT 20 W0 START 10x2 seed=203558 2026-07-22T17:13:01.422
ATTEMPT 20 W0 SOLVE 10x2 2026-07-22T17:13:01.481
ATTEMPT 20 W0 DONE 10x2 seed=203558 nsol=1024 18.35s 2026-07-22T17:13:19.830
ATTEMPT 21 W0 START 9x2 seed=203559 2026-07-22T17:13:19.830
ATTEMPT 21 W0 SOLVE 9x2 2026-07-22T17:13:19.878
ATTEMPT 21 W0 DONE 9x2 seed=203559 nsol=512 5.93s 2026-07-22T17:13:25.809
ATTEMPT 22 W0 START 7x3 seed=203560 2026-07-22T17:13:25.809
ATTEMPT 22 W0 SOLVE 7x3 2026-07-22T17:13:26.012
ATTEMPT 22 W0 DONE 7x3 seed=203560 nsol=2187 38.96s 2026-07-22T17:14:04.971
ATTEMPT 23 W0 START 11x2 seed=203561 2026-07-22T17:14:04.975
ATTEMPT 23 W0 SOLVE 11x2 2026-07-22T17:14:05.291
ATTEMPT 23 W0 DONE 11x2 seed=203561 nsol=2048 77.51s 2026-07-22T17:15:22.818
ATTEMPT 24 W0 START 6x3 seed=203562 2026-07-22T17:15:22.874
ATTEMPT 24 W0 SOLVE 6x3 2026-07-22T17:15:24.835
ATTEMPT 24 W0 DONE 6x3 seed=203562 nsol=729 10.79s 2026-07-22T17:15:35.627
ATTEMPT 25 W0 START 8x2 seed=203563 2026-07-22T17:15:35.632
ATTEMPT 25 W0 SOLVE 8x2 2026-07-22T17:15:36.022
ATTEMPT 25 W0 DONE 8x2 seed=203563 nsol=256 4.50s 2026-07-22T17:15:40.532
ATTEMPT 26 W0 START 10x2 seed=203564 2026-07-22T17:15:40.547
ATTEMPT 26 W0 SOLVE 10x2 2026-07-22T17:15:42.118
Computing mixed cells... 57    Time: 0:00:00[K
   mixed_volume: 844[K[A
[K[AComputing mixed cells... 78    Time: 0:00:00[K
   mixed_volume: 1024[K
ATTEMPT 26 W0 DONE 10x2 seed=203564 nsol=1024 27.83s 2026-07-22T17:16:09.955
ATTEMPT 27 W0 START 9x2 seed=203565 2026-07-22T17:16:09.956
ATTEMPT 27 W0 SOLVE 9x2 2026-07-22T17:16:10.186
ATTEMPT 27 W0 DONE 9x2 seed=203565 nsol=512 7.27s 2026-07-22T17:16:17.460
ATTEMPT 28 W0 START 7x3 seed=203566 2026-07-22T17:16:17.460
ATTEMPT 28 W0 SOLVE 7x3 2026-07-22T17:16:17.988
ATTEMPT 28 W0 DONE 7x3 seed=203566 nsol=2187 41.94s 2026-07-22T17:16:59.933
ATTEMPT 29 W0 START 11x2 seed=203567 2026-07-22T17:16:59.934
ATTEMPT 29 W0 SOLVE 11x2 2026-07-22T17:17:00.109
ATTEMPT 29 W0 DONE 11x2 seed=203567 nsol=2048 42.93s 2026-07-22T17:17:43.035
ATTEMPT 30 W0 START 6x3 seed=203568 2026-07-22T17:17:43.036
ATTEMPT 30 W0 SOLVE 6x3 2026-07-22T17:17:43.137
ATTEMPT 30 W0 DONE 6x3 seed=203568 nsol=729 3.76s 2026-07-22T17:17:46.894
ATTEMPT 31 W0 START 8x2 seed=203569 2026-07-22T17:17:46.900
ATTEMPT 31 W0 SOLVE 8x2 2026-07-22T17:17:46.967
ATTEMPT 31 W0 DONE 8x2 seed=203569 nsol=256 1.49s 2026-07-22T17:17:48.458
ATTEMPT 32 W0 START 10x2 seed=203570 2026-07-22T17:17:48.458
ATTEMPT 32 W0 SOLVE 10x2 2026-07-22T17:17:48.743
ATTEMPT 32 W0 DONE 10x2 seed=203570 nsol=1024 14.36s 2026-07-22T17:18:03.114
ATTEMPT 33 W0 START 9x2 seed=203571 2026-07-22T17:18:03.114
ATTEMPT 33 W0 SOLVE 9x2 2026-07-22T17:18:03.195
ATTEMPT 33 W0 DONE 9x2 seed=203571 nsol=512 4.35s 2026-07-22T17:18:07.541
ATTEMPT 34 W0 START 7x3 seed=203572 2026-07-22T17:18:07.541
ATTEMPT 34 W0 SOLVE 7x3 2026-07-22T17:18:07.827
ATTEMPT 34 W0 DONE 7x3 seed=203572 nsol=2187 29.97s 2026-07-22T17:18:37.793
ATTEMPT 35 W0 START 11x2 seed=203573 2026-07-22T17:18:37.793
ATTEMPT 35 W0 SOLVE 11x2 2026-07-22T17:18:38.061
ATTEMPT 35 W0 DONE 11x2 seed=203573 nsol=2048 43.36s 2026-07-22T17:19:21.419
ATTEMPT 36 W0 START 6x3 seed=203574 2026-07-22T17:19:21.420
ATTEMPT 36 W0 SOLVE 6x3 2026-07-22T17:19:21.515
ATTEMPT 36 W0 DONE 6x3 seed=203574 nsol=729 7.29s 2026-07-22T17:19:28.804
ATTEMPT 37 W0 START 8x2 seed=203575 2026-07-22T17:19:28.810
ATTEMPT 37 W0 SOLVE 8x2 2026-07-22T17:19:29.018
ATTEMPT 37 W0 DONE 8x2 seed=203575 nsol=256 4.21s 2026-07-22T17:19:33.231
ATTEMPT 38 W0 START 10x2 seed=203576 2026-07-22T17:19:33.234
ATTEMPT 38 W0 SOLVE 10x2 2026-07-22T17:19:33.511
ATTEMPT 38 W0 DONE 10x2 seed=203576 nsol=1024 17.36s 2026-07-22T17:19:50.874
ATTEMPT 39 W0 START 9x2 seed=203577 2026-07-22T17:19:50.875
ATTEMPT 39 W0 SOLVE 9x2 2026-07-22T17:19:50.990
ATTEMPT 39 W0 DONE 9x2 seed=203577 nsol=512 3.62s 2026-07-22T17:19:54.608
ATTEMPT 40 W0 START 7x3 seed=203578 2026-07-22T17:19:54.608
ATTEMPT 40 W0 SOLVE 7x3 2026-07-22T17:19:54.748
ATTEMPT 40 W0 DONE 7x3 seed=203578 nsol=2187 30.31s 2026-07-22T17:20:25.060
HUNT2 complete 2026-07-22T17:20:25.154
