HUNT2 start mode=seq hcthr=off nworkers=0 nthreads=8 ngcthreads=8 nsolves=40 seed_base=325929 shape=mix pid=2233787 julia=1.12.6 HC=2.20.0 2026-07-22T17:20:35.145
ATTEMPT 1 W0 START 8x2 seed=325930 2026-07-22T17:20:38.306
ATTEMPT 1 W0 SOLVE 8x2 2026-07-22T17:20:39.967
Computing mixed cells... 2    Time: 0:00:01[K
   mixed_volume: 13[K[A
[K[AComputing mixed cells... 54    Time: 0:00:01[K
   mixed_volume: 256[K
ATTEMPT 1 W0 DONE 8x2 seed=325930 nsol=256 177.59s 2026-07-22T17:23:38.181
ATTEMPT 2 W0 START 10x2 seed=325931 2026-07-22T17:23:39.322
ATTEMPT 2 W0 SOLVE 10x2 2026-07-22T17:23:39.537
ATTEMPT 2 W0 DONE 10x2 seed=325931 nsol=1024 97.02s 2026-07-22T17:25:16.558
ATTEMPT 3 W0 START 9x2 seed=325932 2026-07-22T17:25:16.558
ATTEMPT 3 W0 SOLVE 9x2 2026-07-22T17:25:16.653
ATTEMPT 3 W0 DONE 9x2 seed=325932 nsol=512 110.62s 2026-07-22T17:27:07.274
ATTEMPT 4 W0 START 7x3 seed=325933 2026-07-22T17:27:07.274
ATTEMPT 4 W0 SOLVE 7x3 2026-07-22T17:27:07.741
ATTEMPT 4 W0 DONE 7x3 seed=325933 nsol=2187 294.29s 2026-07-22T17:32:02.043
ATTEMPT 5 W0 START 11x2 seed=325934 2026-07-22T17:32:02.052
ATTEMPT 5 W0 SOLVE 11x2 2026-07-22T17:32:02.492
ATTEMPT 5 W0 DONE 11x2 seed=325934 nsol=2048 302.17s 2026-07-22T17:37:04.663
ATTEMPT 6 W0 START 6x3 seed=325935 2026-07-22T17:37:04.663
ATTEMPT 6 W0 SOLVE 6x3 2026-07-22T17:37:04.933
ATTEMPT 6 W0 DONE 6x3 seed=325935 nsol=729 134.99s 2026-07-22T17:39:19.928
ATTEMPT 7 W0 START 8x2 seed=325936 2026-07-22T17:39:19.928
ATTEMPT 7 W0 SOLVE 8x2 2026-07-22T17:39:20.031
ATTEMPT 7 W0 DONE 8x2 seed=325936 nsol=256 6.09s 2026-07-22T17:39:26.126
ATTEMPT 8 W0 START 10x2 seed=325937 2026-07-22T17:39:26.136
ATTEMPT 8 W0 SOLVE 10x2 2026-07-22T17:39:26.306
